# static_avoidance_node debug log started 20260817_151036
1786947041.805 [STATIC_AVOID] obs_id=- obs_dist=-m obs_s=- ego_s=12.62 side=- | left_clearance=- right_clearance=- candidate_valid=false rung=- | cache_used=false path_age=- path_points=0 planning_time_ms=0.2 | reason=no_static_obstacle_in_range | cache_reason=no_cache
1786947042.347 [STATIC_AVOID] obs_id=- obs_dist=-m obs_s=- ego_s=12.62 side=- | left_clearance=- right_clearance=- candidate_valid=false rung=- | cache_used=false path_age=- path_points=0 planning_time_ms=0.1 | reason=no_static_obstacle_in_range | cache_reason=no_cache
1786947042.868 [STATIC_AVOID] obs_id=- obs_dist=-m obs_s=- ego_s=12.62 side=- | left_clearance=- right_clearance=- candidate_valid=false rung=- | cache_used=false path_age=- path_points=0 planning_time_ms=0.1 | reason=no_static_obstacle_in_range | cache_reason=no_cache
1786947043.404 [STATIC_AVOID] obs_id=- obs_dist=-m obs_s=- ego_s=12.62 side=- | left_clearance=- right_clearance=- candidate_valid=false rung=- | cache_used=false path_age=- path_points=0 planning_time_ms=0.1 | reason=no_static_obstacle_in_range | cache_reason=no_cache
1786947043.906 [STATIC_AVOID] obs_id=- obs_dist=-m obs_s=- ego_s=14.19 side=- | left_clearance=- right_clearance=- candidate_valid=false rung=- | cache_used=false path_age=- path_points=0 planning_time_ms=0.1 | reason=no_static_obstacle_in_range | cache_reason=no_cache
1786947044.412 [STATIC_AVOID] obs_id=- obs_dist=-m obs_s=- ego_s=14.19 side=- | left_clearance=- right_clearance=- candidate_valid=false rung=- | cache_used=false path_age=- path_points=0 planning_time_ms=1.3 | reason=no_static_obstacle_in_range | cache_reason=no_cache
1786947044.951 [STATIC_AVOID] obs_id=- obs_dist=-m obs_s=- ego_s=14.19 side=- | left_clearance=- right_clearance=- candidate_valid=false rung=- | cache_used=false path_age=- path_points=0 planning_time_ms=0.1 | reason=no_static_obstacle_in_range | cache_reason=no_cache
1786947045.499 [STATIC_AVOID] obs_id=- obs_dist=-m obs_s=- ego_s=14.19 side=- | left_clearance=- right_clearance=- candidate_valid=false rung=- | cache_used=false path_age=- path_points=0 planning_time_ms=0.1 | reason=no_static_obstacle_in_range | cache_reason=no_cache
1786947046.008 [STATIC_AVOID] obs_id=- obs_dist=-m obs_s=- ego_s=14.19 side=- | left_clearance=- right_clearance=- candidate_valid=false rung=- | cache_used=false path_age=- path_points=0 planning_time_ms=0.1 | reason=no_static_obstacle_in_range | cache_reason=no_cache
1786947046.554 [STATIC_AVOID] obs_id=- obs_dist=-m obs_s=- ego_s=14.54 side=- | left_clearance=- right_clearance=- candidate_valid=false rung=- | cache_used=false path_age=- path_points=0 planning_time_ms=0.1 | reason=no_static_obstacle_in_range | cache_reason=no_cache
1786947047.098 [STATIC_AVOID] obs_id=- obs_dist=-m obs_s=- ego_s=16.04 side=- | left_clearance=- right_clearance=- candidate_valid=false rung=- | cache_used=false path_age=- path_points=0 planning_time_ms=0.1 | reason=no_static_obstacle_in_range | cache_reason=no_cache
1786947047.609 [STATIC_AVOID] obs_id=- obs_dist=-m obs_s=- ego_s=17.41 side=- | left_clearance=- right_clearance=- candidate_valid=false rung=- | cache_used=false path_age=- path_points=0 planning_time_ms=0.1 | reason=no_static_obstacle_in_range | cache_reason=no_cache
1786947048.151 [STATIC_AVOID] obs_id=- obs_dist=-m obs_s=- ego_s=19.05 side=- | left_clearance=- right_clearance=- candidate_valid=false rung=- | cache_used=false path_age=- path_points=0 planning_time_ms=0.1 | reason=no_static_obstacle_in_range | cache_reason=no_cache
1786947048.699 [STATIC_AVOID] obs_id=- obs_dist=-m obs_s=- ego_s=21.08 side=- | left_clearance=- right_clearance=- candidate_valid=false rung=- | cache_used=false path_age=- path_points=0 planning_time_ms=0.1 | reason=no_static_obstacle_in_range | cache_reason=no_cache
1786947049.221 [STATIC_AVOID] obs_id=- obs_dist=-m obs_s=- ego_s=23.47 side=- | left_clearance=- right_clearance=- candidate_valid=false rung=- | cache_used=false path_age=- path_points=0 planning_time_ms=0.1 | reason=no_static_obstacle_in_range | cache_reason=no_cache
1786947049.750 [STATIC_AVOID] obs_id=- obs_dist=-m obs_s=- ego_s=25.98 side=- | left_clearance=- right_clearance=- candidate_valid=false rung=- | cache_used=false path_age=- path_points=0 planning_time_ms=0.1 | reason=no_static_obstacle_in_range | cache_reason=no_cache
1786947050.254 [STATIC_AVOID] obs_id=- obs_dist=-m obs_s=- ego_s=27.89 side=- | left_clearance=- right_clearance=- candidate_valid=false rung=- | cache_used=false path_age=- path_points=0 planning_time_ms=0.3 | reason=no_static_obstacle_in_range | cache_reason=no_cache
1786947050.813 [STATIC_AVOID] obs_id=- obs_dist=-m obs_s=- ego_s=29.95 side=- | left_clearance=- right_clearance=- candidate_valid=false rung=- | cache_used=false path_age=- path_points=0 planning_time_ms=0.4 | reason=no_static_obstacle_in_range | cache_reason=no_cache
1786947051.346 [STATIC_AVOID] obs_id=- obs_dist=-m obs_s=- ego_s=31.04 side=- | left_clearance=- right_clearance=- candidate_valid=false rung=- | cache_used=false path_age=- path_points=0 planning_time_ms=0.1 | reason=no_static_obstacle_in_range | cache_reason=no_cache
1786947051.847 [STATIC_AVOID] obs_id=- obs_dist=-m obs_s=- ego_s=31.04 side=- | left_clearance=- right_clearance=- candidate_valid=false rung=- | cache_used=false path_age=- path_points=0 planning_time_ms=0.2 | reason=no_static_obstacle_in_range | cache_reason=no_cache
1786947052.347 [STATIC_AVOID] obs_id=- obs_dist=-m obs_s=- ego_s=31.04 side=- | left_clearance=- right_clearance=- candidate_valid=false rung=- | cache_used=false path_age=- path_points=0 planning_time_ms=0.2 | reason=no_static_obstacle_in_range | cache_reason=no_cache
1786947052.848 [STATIC_AVOID] obs_id=- obs_dist=-m obs_s=- ego_s=31.04 side=- | left_clearance=- right_clearance=- candidate_valid=false rung=- | cache_used=false path_age=- path_points=0 planning_time_ms=0.2 | reason=no_static_obstacle_in_range | cache_reason=no_cache
1786947053.397 [STATIC_AVOID] obs_id=- obs_dist=-m obs_s=- ego_s=31.04 side=- | left_clearance=- right_clearance=- candidate_valid=false rung=- | cache_used=false path_age=- path_points=0 planning_time_ms=0.7 | reason=no_static_obstacle_in_range | cache_reason=no_cache
1786947053.898 [STATIC_AVOID] obs_id=- obs_dist=-m obs_s=- ego_s=31.04 side=- | left_clearance=- right_clearance=- candidate_valid=false rung=- | cache_used=false path_age=- path_points=0 planning_time_ms=0.2 | reason=no_static_obstacle_in_range | cache_reason=no_cache
1786947054.414 [STATIC_AVOID] obs_id=- obs_dist=-m obs_s=- ego_s=31.04 side=- | left_clearance=- right_clearance=- candidate_valid=false rung=- | cache_used=false path_age=- path_points=0 planning_time_ms=0.2 | reason=no_static_obstacle_in_range | cache_reason=no_cache
1786947054.947 [STATIC_AVOID] obs_id=- obs_dist=-m obs_s=- ego_s=31.22 side=- | left_clearance=- right_clearance=- candidate_valid=false rung=- | cache_used=false path_age=- path_points=0 planning_time_ms=0.2 | reason=no_static_obstacle_in_range | cache_reason=no_cache
1786947055.499 [STATIC_AVOID] obs_id=- obs_dist=-m obs_s=- ego_s=31.22 side=- | left_clearance=- right_clearance=- candidate_valid=false rung=- | cache_used=false path_age=- path_points=0 planning_time_ms=0.2 | reason=no_static_obstacle_in_range | cache_reason=no_cache
1786947056.048 [STATIC_AVOID] obs_id=- obs_dist=-m obs_s=- ego_s=31.22 side=- | left_clearance=- right_clearance=- candidate_valid=false rung=- | cache_used=false path_age=- path_points=0 planning_time_ms=0.2 | reason=no_static_obstacle_in_range | cache_reason=no_cache
1786947056.598 [STATIC_AVOID] obs_id=- obs_dist=-m obs_s=- ego_s=31.22 side=- | left_clearance=- right_clearance=- candidate_valid=false rung=- | cache_used=false path_age=- path_points=0 planning_time_ms=0.5 | reason=no_static_obstacle_in_range | cache_reason=no_cache
1786947057.099 [STATIC_AVOID] obs_id=- obs_dist=-m obs_s=- ego_s=31.22 side=- | left_clearance=- right_clearance=- candidate_valid=false rung=- | cache_used=false path_age=- path_points=0 planning_time_ms=0.5 | reason=no_static_obstacle_in_range | cache_reason=no_cache
1786947057.646 [STATIC_AVOID] obs_id=- obs_dist=-m obs_s=- ego_s=31.22 side=- | left_clearance=- right_clearance=- candidate_valid=false rung=- | cache_used=false path_age=- path_points=0 planning_time_ms=0.1 | reason=no_static_obstacle_in_range | cache_reason=no_cache
1786947058.147 [STATIC_AVOID] obs_id=- obs_dist=-m obs_s=- ego_s=31.22 side=- | left_clearance=- right_clearance=- candidate_valid=false rung=- | cache_used=false path_age=- path_points=0 planning_time_ms=0.2 | reason=no_static_obstacle_in_range | cache_reason=no_cache
1786947058.700 [STATIC_AVOID] obs_id=- obs_dist=-m obs_s=- ego_s=31.22 side=- | left_clearance=- right_clearance=- candidate_valid=false rung=- | cache_used=false path_age=- path_points=0 planning_time_ms=0.2 | reason=no_static_obstacle_in_range | cache_reason=no_cache
1786947059.247 [STATIC_AVOID] obs_id=- obs_dist=-m obs_s=- ego_s=31.22 side=- | left_clearance=- right_clearance=- candidate_valid=false rung=- | cache_used=false path_age=- path_points=0 planning_time_ms=0.2 | reason=no_static_obstacle_in_range | cache_reason=no_cache
1786947059.797 [STATIC_AVOID] obs_id=- obs_dist=-m obs_s=- ego_s=31.22 side=- | left_clearance=- right_clearance=- candidate_valid=false rung=- | cache_used=false path_age=- path_points=0 planning_time_ms=0.2 | reason=no_static_obstacle_in_range | cache_reason=no_cache
1786947060.299 [STATIC_AVOID] obs_id=- obs_dist=-m obs_s=- ego_s=31.22 side=- | left_clearance=- right_clearance=- candidate_valid=false rung=- | cache_used=false path_age=- path_points=0 planning_time_ms=0.4 | reason=no_static_obstacle_in_range | cache_reason=no_cache
1786947060.802 [STATIC_AVOID] obs_id=- obs_dist=-m obs_s=- ego_s=30.86 side=- | left_clearance=- right_clearance=- candidate_valid=false rung=- | cache_used=false path_age=- path_points=0 planning_time_ms=0.1 | reason=no_static_obstacle_in_range | cache_reason=no_cache
1786947061.301 [STATIC_AVOID] obs_id=- obs_dist=-m obs_s=- ego_s=30.84 side=- | left_clearance=- right_clearance=- candidate_valid=false rung=- | cache_used=false path_age=- path_points=0 planning_time_ms=0.1 | reason=no_static_obstacle_in_range | cache_reason=no_cache
1786947061.846 [STATIC_AVOID] obs_id=- obs_dist=-m obs_s=- ego_s=30.84 side=- | left_clearance=- right_clearance=- candidate_valid=false rung=- | cache_used=false path_age=- path_points=0 planning_time_ms=0.1 | reason=no_static_obstacle_in_range | cache_reason=no_cache
1786947062.350 [STATIC_AVOID] obs_id=- obs_dist=-m obs_s=- ego_s=30.84 side=- | left_clearance=- right_clearance=- candidate_valid=false rung=- | cache_used=false path_age=- path_points=0 planning_time_ms=0.1 | reason=no_static_obstacle_in_range | cache_reason=no_cache
1786947062.897 [STATIC_AVOID] obs_id=- obs_dist=-m obs_s=- ego_s=30.84 side=- | left_clearance=- right_clearance=- candidate_valid=false rung=- | cache_used=false path_age=- path_points=0 planning_time_ms=0.2 | reason=no_static_obstacle_in_range | cache_reason=no_cache
1786947063.448 [STATIC_AVOID] obs_id=- obs_dist=-m obs_s=- ego_s=30.84 side=- | left_clearance=- right_clearance=- candidate_valid=false rung=- | cache_used=false path_age=- path_points=0 planning_time_ms=0.1 | reason=no_static_obstacle_in_range | cache_reason=no_cache
1786947063.948 [STATIC_AVOID] obs_id=- obs_dist=-m obs_s=- ego_s=30.84 side=- | left_clearance=- right_clearance=- candidate_valid=false rung=- | cache_used=false path_age=- path_points=0 planning_time_ms=0.2 | reason=no_static_obstacle_in_range | cache_reason=no_cache
1786947064.497 [STATIC_AVOID] obs_id=- obs_dist=-m obs_s=- ego_s=30.84 side=- | left_clearance=- right_clearance=- candidate_valid=false rung=- | cache_used=false path_age=- path_points=0 planning_time_ms=0.2 | reason=no_static_obstacle_in_range | cache_reason=no_cache
1786947065.001 [STATIC_AVOID] obs_id=- obs_dist=-m obs_s=- ego_s=30.84 side=- | left_clearance=- right_clearance=- candidate_valid=false rung=- | cache_used=false path_age=- path_points=0 planning_time_ms=0.1 | reason=no_static_obstacle_in_range | cache_reason=no_cache
1786947065.547 [STATIC_AVOID] obs_id=- obs_dist=-m obs_s=- ego_s=30.87 side=- | left_clearance=- right_clearance=- candidate_valid=false rung=- | cache_used=false path_age=- path_points=0 planning_time_ms=0.2 | reason=no_static_obstacle_in_range | cache_reason=no_cache
1786947066.064 [STATIC_AVOID] obs_id=- obs_dist=-m obs_s=- ego_s=30.87 side=- | left_clearance=- right_clearance=- candidate_valid=false rung=- | cache_used=false path_age=- path_points=0 planning_time_ms=0.1 | reason=no_static_obstacle_in_range | cache_reason=no_cache
1786947066.604 [STATIC_AVOID] obs_id=- obs_dist=-m obs_s=- ego_s=26.67 side=- | left_clearance=- right_clearance=- candidate_valid=false rung=- | cache_used=false path_age=- path_points=0 planning_time_ms=0.1 | reason=no_static_obstacle_in_range | cache_reason=no_cache
1786947067.106 [STATIC_AVOID] obs_id=- obs_dist=-m obs_s=- ego_s=26.62 side=- | left_clearance=- right_clearance=- candidate_valid=false rung=- | cache_used=false path_age=- path_points=0 planning_time_ms=2.8 | reason=no_static_obstacle_in_range | cache_reason=no_cache
1786947067.657 [STATIC_AVOID] obs_id=- obs_dist=-m obs_s=- ego_s=26.62 side=- | left_clearance=- right_clearance=- candidate_valid=false rung=- | cache_used=false path_age=- path_points=0 planning_time_ms=0.1 | reason=no_static_obstacle_in_range | cache_reason=no_cache
1786947068.204 [STATIC_AVOID] obs_id=- obs_dist=-m obs_s=- ego_s=26.59 side=- | left_clearance=- right_clearance=- candidate_valid=false rung=- | cache_used=false path_age=- path_points=0 planning_time_ms=0.2 | reason=no_static_obstacle_in_range | cache_reason=no_cache
1786947068.747 [STATIC_AVOID] obs_id=- obs_dist=-m obs_s=- ego_s=26.59 side=- | left_clearance=- right_clearance=- candidate_valid=false rung=- | cache_used=false path_age=- path_points=0 planning_time_ms=0.2 | reason=no_static_obstacle_in_range | cache_reason=no_cache
1786947069.247 [STATIC_AVOID] obs_id=- obs_dist=-m obs_s=- ego_s=26.59 side=- | left_clearance=- right_clearance=- candidate_valid=false rung=- | cache_used=false path_age=- path_points=0 planning_time_ms=0.2 | reason=no_static_obstacle_in_range | cache_reason=no_cache
1786947069.750 [STATIC_AVOID] obs_id=4 obs_dist=1.86m obs_s=28.45 ego_s=26.58 side=RIGHT | left_clearance=-0.10 right_clearance=0.43 candidate_valid=true rung=0 | cache_used=false path_age=0.000 path_points=81 planning_time_ms=3.2
1786947070.301 [STATIC_AVOID] obs_id=4 obs_dist=1.86m obs_s=28.45 ego_s=26.58 side=RIGHT | left_clearance=-0.10 right_clearance=0.43 candidate_valid=true rung=0 | cache_used=false path_age=0.000 path_points=81 planning_time_ms=4.8
1786947070.802 [STATIC_AVOID] obs_id=4 obs_dist=1.86m obs_s=28.45 ego_s=26.58 side=RIGHT | left_clearance=-0.10 right_clearance=0.43 candidate_valid=true rung=0 | cache_used=false path_age=0.000 path_points=81 planning_time_ms=5.3
1786947071.323 [STATIC_AVOID] obs_id=4 obs_dist=1.86m obs_s=28.45 ego_s=26.58 side=RIGHT | left_clearance=-0.10 right_clearance=0.43 candidate_valid=true rung=0 | cache_used=false path_age=0.000 path_points=81 planning_time_ms=9.0
1786947071.852 [STATIC_AVOID] obs_id=4 obs_dist=1.82m obs_s=28.44 ego_s=26.62 side=RIGHT | left_clearance=-0.10 right_clearance=0.43 candidate_valid=false rung=- | cache_used=false path_age=- path_points=0 planning_time_ms=3.8 | reason=obstacle_clearance | cache_reason=no_cache
1786947072.397 [STATIC_AVOID] obs_id=- obs_dist=-m obs_s=- ego_s=25.85 side=- | left_clearance=- right_clearance=- candidate_valid=false rung=- | cache_used=false path_age=- path_points=0 planning_time_ms=0.7 | reason=no_static_obstacle_in_range | cache_reason=no_cache
1786947072.946 [STATIC_AVOID] obs_id=- obs_dist=-m obs_s=- ego_s=24.77 side=- | left_clearance=- right_clearance=- candidate_valid=false rung=- | cache_used=false path_age=- path_points=0 planning_time_ms=0.1 | reason=no_static_obstacle_in_range | cache_reason=no_cache
1786947073.450 [STATIC_AVOID] obs_id=- obs_dist=-m obs_s=- ego_s=24.75 side=- | left_clearance=- right_clearance=- candidate_valid=false rung=- | cache_used=false path_age=- path_points=0 planning_time_ms=0.1 | reason=no_static_obstacle_in_range | cache_reason=no_cache
1786947073.957 [STATIC_AVOID] obs_id=- obs_dist=-m obs_s=- ego_s=24.68 side=- | left_clearance=- right_clearance=- candidate_valid=false rung=- | cache_used=false path_age=- path_points=0 planning_time_ms=0.1 | reason=no_static_obstacle_in_range | cache_reason=no_cache
1786947074.505 [STATIC_AVOID] obs_id=- obs_dist=-m obs_s=- ego_s=24.67 side=- | left_clearance=- right_clearance=- candidate_valid=false rung=- | cache_used=false path_age=- path_points=0 planning_time_ms=0.2 | reason=no_static_obstacle_in_range | cache_reason=no_cache
1786947075.016 [STATIC_AVOID] obs_id=- obs_dist=-m obs_s=- ego_s=24.54 side=- | left_clearance=- right_clearance=- candidate_valid=false rung=- | cache_used=false path_age=- path_points=0 planning_time_ms=0.2 | reason=no_static_obstacle_in_range | cache_reason=no_cache
1786947075.551 [STATIC_AVOID] obs_id=- obs_dist=-m obs_s=- ego_s=24.51 side=- | left_clearance=- right_clearance=- candidate_valid=false rung=- | cache_used=false path_age=- path_points=0 planning_time_ms=0.1 | reason=no_static_obstacle_in_range | cache_reason=no_cache
1786947076.067 [STATIC_AVOID] obs_id=- obs_dist=-m obs_s=- ego_s=24.46 side=- | left_clearance=- right_clearance=- candidate_valid=false rung=- | cache_used=false path_age=- path_points=0 planning_time_ms=0.1 | reason=no_static_obstacle_in_range | cache_reason=no_cache
1786947076.599 [STATIC_AVOID] obs_id=- obs_dist=-m obs_s=- ego_s=24.11 side=- | left_clearance=- right_clearance=- candidate_valid=false rung=- | cache_used=false path_age=- path_points=0 planning_time_ms=0.1 | reason=no_static_obstacle_in_range | cache_reason=no_cache
1786947077.146 [STATIC_AVOID] obs_id=- obs_dist=-m obs_s=- ego_s=24.12 side=- | left_clearance=- right_clearance=- candidate_valid=false rung=- | cache_used=false path_age=- path_points=0 planning_time_ms=0.1 | reason=no_static_obstacle_in_range | cache_reason=no_cache
1786947077.655 [STATIC_AVOID] obs_id=- obs_dist=-m obs_s=- ego_s=24.11 side=- | left_clearance=- right_clearance=- candidate_valid=false rung=- | cache_used=false path_age=- path_points=0 planning_time_ms=0.1 | reason=no_static_obstacle_in_range | cache_reason=no_cache
1786947078.201 [STATIC_AVOID] obs_id=- obs_dist=-m obs_s=- ego_s=24.07 side=- | left_clearance=- right_clearance=- candidate_valid=false rung=- | cache_used=false path_age=- path_points=0 planning_time_ms=0.1 | reason=no_static_obstacle_in_range | cache_reason=no_cache
1786947078.747 [STATIC_AVOID] obs_id=- obs_dist=-m obs_s=- ego_s=24.08 side=- | left_clearance=- right_clearance=- candidate_valid=false rung=- | cache_used=false path_age=- path_points=0 planning_time_ms=0.2 | reason=no_static_obstacle_in_range | cache_reason=no_cache
1786947079.302 [STATIC_AVOID] obs_id=- obs_dist=-m obs_s=- ego_s=24.07 side=- | left_clearance=- right_clearance=- candidate_valid=false rung=- | cache_used=false path_age=- path_points=0 planning_time_ms=0.2 | reason=no_static_obstacle_in_range | cache_reason=no_cache
1786947079.847 [STATIC_AVOID] obs_id=- obs_dist=-m obs_s=- ego_s=24.07 side=- | left_clearance=- right_clearance=- candidate_valid=false rung=- | cache_used=false path_age=- path_points=0 planning_time_ms=0.2 | reason=no_static_obstacle_in_range | cache_reason=no_cache
1786947080.347 [STATIC_AVOID] obs_id=- obs_dist=-m obs_s=- ego_s=24.07 side=- | left_clearance=- right_clearance=- candidate_valid=false rung=- | cache_used=false path_age=- path_points=0 planning_time_ms=0.2 | reason=no_static_obstacle_in_range | cache_reason=no_cache
1786947080.850 [STATIC_AVOID] obs_id=- obs_dist=-m obs_s=- ego_s=24.07 side=- | left_clearance=- right_clearance=- candidate_valid=false rung=- | cache_used=false path_age=- path_points=0 planning_time_ms=4.1 | reason=no_static_obstacle_in_range | cache_reason=no_cache
1786947081.396 [STATIC_AVOID] obs_id=- obs_dist=-m obs_s=- ego_s=34.47 side=- | left_clearance=- right_clearance=- candidate_valid=false rung=- | cache_used=false path_age=- path_points=0 planning_time_ms=0.1 | reason=no_static_obstacle_in_range | cache_reason=no_cache
1786947081.897 [STATIC_AVOID] obs_id=- obs_dist=-m obs_s=- ego_s=34.47 side=- | left_clearance=- right_clearance=- candidate_valid=false rung=- | cache_used=false path_age=- path_points=0 planning_time_ms=0.1 | reason=no_static_obstacle_in_range | cache_reason=no_cache
1786947082.400 [STATIC_AVOID] obs_id=- obs_dist=-m obs_s=- ego_s=34.47 side=- | left_clearance=- right_clearance=- candidate_valid=false rung=- | cache_used=false path_age=- path_points=0 planning_time_ms=0.2 | reason=no_static_obstacle_in_range | cache_reason=no_cache
1786947082.947 [STATIC_AVOID] obs_id=- obs_dist=-m obs_s=- ego_s=34.47 side=- | left_clearance=- right_clearance=- candidate_valid=false rung=- | cache_used=false path_age=- path_points=0 planning_time_ms=0.2 | reason=no_static_obstacle_in_range | cache_reason=no_cache
1786947083.497 [STATIC_AVOID] obs_id=- obs_dist=-m obs_s=- ego_s=34.47 side=- | left_clearance=- right_clearance=- candidate_valid=false rung=- | cache_used=false path_age=- path_points=0 planning_time_ms=0.3 | reason=no_static_obstacle_in_range | cache_reason=no_cache
1786947083.998 [STATIC_AVOID] obs_id=- obs_dist=-m obs_s=- ego_s=34.47 side=- | left_clearance=- right_clearance=- candidate_valid=false rung=- | cache_used=false path_age=- path_points=0 planning_time_ms=0.5 | reason=no_static_obstacle_in_range | cache_reason=no_cache
1786947084.498 [STATIC_AVOID] obs_id=- obs_dist=-m obs_s=- ego_s=34.47 side=- | left_clearance=- right_clearance=- candidate_valid=false rung=- | cache_used=false path_age=- path_points=0 planning_time_ms=0.2 | reason=no_static_obstacle_in_range | cache_reason=no_cache
1786947085.047 [STATIC_AVOID] obs_id=- obs_dist=-m obs_s=- ego_s=34.47 side=- | left_clearance=- right_clearance=- candidate_valid=false rung=- | cache_used=false path_age=- path_points=0 planning_time_ms=0.2 | reason=no_static_obstacle_in_range | cache_reason=no_cache
1786947085.596 [STATIC_AVOID] obs_id=- obs_dist=-m obs_s=- ego_s=34.47 side=- | left_clearance=- right_clearance=- candidate_valid=false rung=- | cache_used=false path_age=- path_points=0 planning_time_ms=0.1 | reason=no_static_obstacle_in_range | cache_reason=no_cache
1786947086.099 [STATIC_AVOID] obs_id=- obs_dist=-m obs_s=- ego_s=34.47 side=- | left_clearance=- right_clearance=- candidate_valid=false rung=- | cache_used=false path_age=- path_points=0 planning_time_ms=0.2 | reason=no_static_obstacle_in_range | cache_reason=no_cache
1786947086.648 [STATIC_AVOID] obs_id=- obs_dist=-m obs_s=- ego_s=34.47 side=- | left_clearance=- right_clearance=- candidate_valid=false rung=- | cache_used=false path_age=- path_points=0 planning_time_ms=0.2 | reason=no_static_obstacle_in_range | cache_reason=no_cache
1786947087.198 [STATIC_AVOID] obs_id=- obs_dist=-m obs_s=- ego_s=34.47 side=- | left_clearance=- right_clearance=- candidate_valid=false rung=- | cache_used=false path_age=- path_points=0 planning_time_ms=0.2 | reason=no_static_obstacle_in_range | cache_reason=no_cache
1786947087.717 [STATIC_AVOID] obs_id=- obs_dist=-m obs_s=- ego_s=34.47 side=- | left_clearance=- right_clearance=- candidate_valid=false rung=- | cache_used=false path_age=- path_points=0 planning_time_ms=0.1 | reason=no_static_obstacle_in_range | cache_reason=no_cache
1786947088.247 [STATIC_AVOID] obs_id=- obs_dist=-m obs_s=- ego_s=34.47 side=- | left_clearance=- right_clearance=- candidate_valid=false rung=- | cache_used=false path_age=- path_points=0 planning_time_ms=0.2 | reason=no_static_obstacle_in_range | cache_reason=no_cache
1786947088.797 [STATIC_AVOID] obs_id=- obs_dist=-m obs_s=- ego_s=0.13 side=- | left_clearance=- right_clearance=- candidate_valid=false rung=- | cache_used=false path_age=- path_points=0 planning_time_ms=0.1 | reason=no_static_obstacle_in_range | cache_reason=no_cache
1786947089.303 [STATIC_AVOID] obs_id=- obs_dist=-m obs_s=- ego_s=0.13 side=- | left_clearance=- right_clearance=- candidate_valid=false rung=- | cache_used=false path_age=- path_points=0 planning_time_ms=0.1 | reason=no_static_obstacle_in_range | cache_reason=no_cache
1786947089.847 [STATIC_AVOID] obs_id=- obs_dist=-m obs_s=- ego_s=0.13 side=- | left_clearance=- right_clearance=- candidate_valid=false rung=- | cache_used=false path_age=- path_points=0 planning_time_ms=0.1 | reason=no_static_obstacle_in_range | cache_reason=no_cache
1786947090.348 [STATIC_AVOID] obs_id=- obs_dist=-m obs_s=- ego_s=0.13 side=- | left_clearance=- right_clearance=- candidate_valid=false rung=- | cache_used=false path_age=- path_points=0 planning_time_ms=0.1 | reason=no_static_obstacle_in_range | cache_reason=no_cache
1786947090.897 [STATIC_AVOID] obs_id=- obs_dist=-m obs_s=- ego_s=0.13 side=- | left_clearance=- right_clearance=- candidate_valid=false rung=- | cache_used=false path_age=- path_points=0 planning_time_ms=0.9 | reason=no_static_obstacle_in_range | cache_reason=no_cache
1786947091.403 [STATIC_AVOID] obs_id=- obs_dist=-m obs_s=- ego_s=0.13 side=- | left_clearance=- right_clearance=- candidate_valid=false rung=- | cache_used=false path_age=- path_points=0 planning_time_ms=0.1 | reason=no_static_obstacle_in_range | cache_reason=no_cache
1786947091.947 [STATIC_AVOID] obs_id=- obs_dist=-m obs_s=- ego_s=0.13 side=- | left_clearance=- right_clearance=- candidate_valid=false rung=- | cache_used=false path_age=- path_points=0 planning_time_ms=0.2 | reason=no_static_obstacle_in_range | cache_reason=no_cache
1786947092.500 [STATIC_AVOID] obs_id=- obs_dist=-m obs_s=- ego_s=0.18 side=- | left_clearance=- right_clearance=- candidate_valid=false rung=- | cache_used=false path_age=- path_points=0 planning_time_ms=0.1 | reason=no_static_obstacle_in_range | cache_reason=no_cache
1786947093.003 [STATIC_AVOID] obs_id=- obs_dist=-m obs_s=- ego_s=0.18 side=- | left_clearance=- right_clearance=- candidate_valid=false rung=- | cache_used=false path_age=- path_points=0 planning_time_ms=0.2 | reason=no_static_obstacle_in_range | cache_reason=no_cache
1786947093.546 [STATIC_AVOID] obs_id=- obs_dist=-m obs_s=- ego_s=0.19 side=- | left_clearance=- right_clearance=- candidate_valid=false rung=- | cache_used=false path_age=- path_points=0 planning_time_ms=0.1 | reason=no_static_obstacle_in_range | cache_reason=no_cache
1786947094.046 [STATIC_AVOID] obs_id=- obs_dist=-m obs_s=- ego_s=0.19 side=- | left_clearance=- right_clearance=- candidate_valid=false rung=- | cache_used=false path_age=- path_points=0 planning_time_ms=0.1 | reason=no_static_obstacle_in_range | cache_reason=no_cache
1786947094.597 [STATIC_AVOID] obs_id=- obs_dist=-m obs_s=- ego_s=0.19 side=- | left_clearance=- right_clearance=- candidate_valid=false rung=- | cache_used=false path_age=- path_points=0 planning_time_ms=0.1 | reason=no_static_obstacle_in_range | cache_reason=no_cache
1786947095.098 [STATIC_AVOID] obs_id=- obs_dist=-m obs_s=- ego_s=0.19 side=- | left_clearance=- right_clearance=- candidate_valid=false rung=- | cache_used=false path_age=- path_points=0 planning_time_ms=0.4 | reason=no_static_obstacle_in_range | cache_reason=no_cache
1786947095.602 [STATIC_AVOID] obs_id=- obs_dist=-m obs_s=- ego_s=0.19 side=- | left_clearance=- right_clearance=- candidate_valid=false rung=- | cache_used=false path_age=- path_points=0 planning_time_ms=0.1 | reason=no_static_obstacle_in_range | cache_reason=no_cache
1786947096.123 [STATIC_AVOID] obs_id=- obs_dist=-m obs_s=- ego_s=0.19 side=- | left_clearance=- right_clearance=- candidate_valid=false rung=- | cache_used=false path_age=- path_points=0 planning_time_ms=0.2 | reason=no_static_obstacle_in_range | cache_reason=no_cache
1786947096.654 [STATIC_AVOID] obs_id=- obs_dist=-m obs_s=- ego_s=0.19 side=- | left_clearance=- right_clearance=- candidate_valid=false rung=- | cache_used=false path_age=- path_points=0 planning_time_ms=0.1 | reason=no_static_obstacle_in_range | cache_reason=no_cache
1786947097.201 [STATIC_AVOID] obs_id=- obs_dist=-m obs_s=- ego_s=0.19 side=- | left_clearance=- right_clearance=- candidate_valid=false rung=- | cache_used=false path_age=- path_points=0 planning_time_ms=0.1 | reason=no_static_obstacle_in_range | cache_reason=no_cache
1786947097.749 [STATIC_AVOID] obs_id=- obs_dist=-m obs_s=- ego_s=0.19 side=- | left_clearance=- right_clearance=- candidate_valid=false rung=- | cache_used=false path_age=- path_points=0 planning_time_ms=0.1 | reason=no_static_obstacle_in_range | cache_reason=no_cache
1786947098.250 [STATIC_AVOID] obs_id=- obs_dist=-m obs_s=- ego_s=0.19 side=- | left_clearance=- right_clearance=- candidate_valid=false rung=- | cache_used=false path_age=- path_points=0 planning_time_ms=0.1 | reason=no_static_obstacle_in_range | cache_reason=no_cache
1786947098.751 [STATIC_AVOID] obs_id=- obs_dist=-m obs_s=- ego_s=0.20 side=- | left_clearance=- right_clearance=- candidate_valid=false rung=- | cache_used=false path_age=- path_points=0 planning_time_ms=0.1 | reason=no_static_obstacle_in_range | cache_reason=no_cache
1786947099.251 [STATIC_AVOID] obs_id=- obs_dist=-m obs_s=- ego_s=0.20 side=- | left_clearance=- right_clearance=- candidate_valid=false rung=- | cache_used=false path_age=- path_points=0 planning_time_ms=0.1 | reason=no_static_obstacle_in_range | cache_reason=no_cache
1786947099.810 [STATIC_AVOID] obs_id=- obs_dist=-m obs_s=- ego_s=0.20 side=- | left_clearance=- right_clearance=- candidate_valid=false rung=- | cache_used=false path_age=- path_points=0 planning_time_ms=0.1 | reason=no_static_obstacle_in_range | cache_reason=no_cache
1786947100.359 [STATIC_AVOID] obs_id=- obs_dist=-m obs_s=- ego_s=0.19 side=- | left_clearance=- right_clearance=- candidate_valid=false rung=- | cache_used=false path_age=- path_points=0 planning_time_ms=0.1 | reason=no_static_obstacle_in_range | cache_reason=no_cache
1786947100.862 [STATIC_AVOID] obs_id=- obs_dist=-m obs_s=- ego_s=0.20 side=- | left_clearance=- right_clearance=- candidate_valid=false rung=- | cache_used=false path_age=- path_points=0 planning_time_ms=0.2 | reason=no_static_obstacle_in_range | cache_reason=no_cache
1786947101.408 [STATIC_AVOID] obs_id=- obs_dist=-m obs_s=- ego_s=0.20 side=- | left_clearance=- right_clearance=- candidate_valid=false rung=- | cache_used=false path_age=- path_points=0 planning_time_ms=0.3 | reason=no_static_obstacle_in_range | cache_reason=no_cache
1786947101.952 [STATIC_AVOID] obs_id=- obs_dist=-m obs_s=- ego_s=0.19 side=- | left_clearance=- right_clearance=- candidate_valid=false rung=- | cache_used=false path_age=- path_points=0 planning_time_ms=0.1 | reason=no_static_obstacle_in_range | cache_reason=no_cache
1786947102.511 [STATIC_AVOID] obs_id=- obs_dist=-m obs_s=- ego_s=0.20 side=- | left_clearance=- right_clearance=- candidate_valid=false rung=- | cache_used=false path_age=- path_points=0 planning_time_ms=1.3 | reason=no_static_obstacle_in_range | cache_reason=no_cache
1786947103.047 [STATIC_AVOID] obs_id=- obs_dist=-m obs_s=- ego_s=0.20 side=- | left_clearance=- right_clearance=- candidate_valid=false rung=- | cache_used=false path_age=- path_points=0 planning_time_ms=0.2 | reason=no_static_obstacle_in_range | cache_reason=no_cache
1786947103.598 [STATIC_AVOID] obs_id=- obs_dist=-m obs_s=- ego_s=0.20 side=- | left_clearance=- right_clearance=- candidate_valid=false rung=- | cache_used=false path_age=- path_points=0 planning_time_ms=0.4 | reason=no_static_obstacle_in_range | cache_reason=no_cache
1786947104.102 [STATIC_AVOID] obs_id=- obs_dist=-m obs_s=- ego_s=0.20 side=- | left_clearance=- right_clearance=- candidate_valid=false rung=- | cache_used=false path_age=- path_points=0 planning_time_ms=0.1 | reason=no_static_obstacle_in_range | cache_reason=no_cache
1786947104.607 [STATIC_AVOID] obs_id=- obs_dist=-m obs_s=- ego_s=0.20 side=- | left_clearance=- right_clearance=- candidate_valid=false rung=- | cache_used=false path_age=- path_points=0 planning_time_ms=0.2 | reason=no_static_obstacle_in_range | cache_reason=no_cache
1786947105.154 [STATIC_AVOID] obs_id=- obs_dist=-m obs_s=- ego_s=0.20 side=- | left_clearance=- right_clearance=- candidate_valid=false rung=- | cache_used=false path_age=- path_points=0 planning_time_ms=0.1 | reason=no_static_obstacle_in_range | cache_reason=no_cache
1786947105.697 [STATIC_AVOID] obs_id=- obs_dist=-m obs_s=- ego_s=0.20 side=- | left_clearance=- right_clearance=- candidate_valid=false rung=- | cache_used=false path_age=- path_points=0 planning_time_ms=0.2 | reason=no_static_obstacle_in_range | cache_reason=no_cache
1786947106.209 [STATIC_AVOID] obs_id=- obs_dist=-m obs_s=- ego_s=0.20 side=- | left_clearance=- right_clearance=- candidate_valid=false rung=- | cache_used=false path_age=- path_points=0 planning_time_ms=6.4 | reason=no_static_obstacle_in_range | cache_reason=no_cache
1786947106.718 [STATIC_AVOID] obs_id=- obs_dist=-m obs_s=- ego_s=0.20 side=- | left_clearance=- right_clearance=- candidate_valid=false rung=- | cache_used=false path_age=- path_points=0 planning_time_ms=0.2 | reason=no_static_obstacle_in_range | cache_reason=no_cache
1786947107.249 [STATIC_AVOID] obs_id=- obs_dist=-m obs_s=- ego_s=0.20 side=- | left_clearance=- right_clearance=- candidate_valid=false rung=- | cache_used=false path_age=- path_points=0 planning_time_ms=0.1 | reason=no_static_obstacle_in_range | cache_reason=no_cache
1786947107.814 [STATIC_AVOID] obs_id=- obs_dist=-m obs_s=- ego_s=0.20 side=- | left_clearance=- right_clearance=- candidate_valid=false rung=- | cache_used=false path_age=- path_points=0 planning_time_ms=0.1 | reason=no_static_obstacle_in_range | cache_reason=no_cache
1786947108.358 [STATIC_AVOID] obs_id=- obs_dist=-m obs_s=- ego_s=0.20 side=- | left_clearance=- right_clearance=- candidate_valid=false rung=- | cache_used=false path_age=- path_points=0 planning_time_ms=0.1 | reason=no_static_obstacle_in_range | cache_reason=no_cache
1786947108.897 [STATIC_AVOID] obs_id=- obs_dist=-m obs_s=- ego_s=0.20 side=- | left_clearance=- right_clearance=- candidate_valid=false rung=- | cache_used=false path_age=- path_points=0 planning_time_ms=0.4 | reason=no_static_obstacle_in_range | cache_reason=no_cache
1786947109.398 [STATIC_AVOID] obs_id=- obs_dist=-m obs_s=- ego_s=0.20 side=- | left_clearance=- right_clearance=- candidate_valid=false rung=- | cache_used=false path_age=- path_points=0 planning_time_ms=0.5 | reason=no_static_obstacle_in_range | cache_reason=no_cache
1786947109.899 [STATIC_AVOID] obs_id=- obs_dist=-m obs_s=- ego_s=0.20 side=- | left_clearance=- right_clearance=- candidate_valid=false rung=- | cache_used=false path_age=- path_points=0 planning_time_ms=0.1 | reason=no_static_obstacle_in_range | cache_reason=no_cache
1786947110.447 [STATIC_AVOID] obs_id=- obs_dist=-m obs_s=- ego_s=0.20 side=- | left_clearance=- right_clearance=- candidate_valid=false rung=- | cache_used=false path_age=- path_points=0 planning_time_ms=0.2 | reason=no_static_obstacle_in_range | cache_reason=no_cache
1786947110.947 [STATIC_AVOID] obs_id=- obs_dist=-m obs_s=- ego_s=0.20 side=- | left_clearance=- right_clearance=- candidate_valid=false rung=- | cache_used=false path_age=- path_points=0 planning_time_ms=0.2 | reason=no_static_obstacle_in_range | cache_reason=no_cache
1786947111.496 [STATIC_AVOID] obs_id=- obs_dist=-m obs_s=- ego_s=0.20 side=- | left_clearance=- right_clearance=- candidate_valid=false rung=- | cache_used=false path_age=- path_points=0 planning_time_ms=0.2 | reason=no_static_obstacle_in_range | cache_reason=no_cache
1786947111.998 [STATIC_AVOID] obs_id=- obs_dist=-m obs_s=- ego_s=0.20 side=- | left_clearance=- right_clearance=- candidate_valid=false rung=- | cache_used=false path_age=- path_points=0 planning_time_ms=0.2 | reason=no_static_obstacle_in_range | cache_reason=no_cache
1786947112.547 [STATIC_AVOID] obs_id=- obs_dist=-m obs_s=- ego_s=0.20 side=- | left_clearance=- right_clearance=- candidate_valid=false rung=- | cache_used=false path_age=- path_points=0 planning_time_ms=0.2 | reason=no_static_obstacle_in_range | cache_reason=no_cache
1786947113.047 [STATIC_AVOID] obs_id=- obs_dist=-m obs_s=- ego_s=0.20 side=- | left_clearance=- right_clearance=- candidate_valid=false rung=- | cache_used=false path_age=- path_points=0 planning_time_ms=0.2 | reason=no_static_obstacle_in_range | cache_reason=no_cache
1786947113.596 [STATIC_AVOID] obs_id=- obs_dist=-m obs_s=- ego_s=0.20 side=- | left_clearance=- right_clearance=- candidate_valid=false rung=- | cache_used=false path_age=- path_points=0 planning_time_ms=0.3 | reason=no_static_obstacle_in_range | cache_reason=no_cache
1786947114.097 [STATIC_AVOID] obs_id=- obs_dist=-m obs_s=- ego_s=0.20 side=- | left_clearance=- right_clearance=- candidate_valid=false rung=- | cache_used=false path_age=- path_points=0 planning_time_ms=0.2 | reason=no_static_obstacle_in_range | cache_reason=no_cache
1786947114.598 [STATIC_AVOID] obs_id=- obs_dist=-m obs_s=- ego_s=0.20 side=- | left_clearance=- right_clearance=- candidate_valid=false rung=- | cache_used=false path_age=- path_points=0 planning_time_ms=0.3 | reason=no_static_obstacle_in_range | cache_reason=no_cache
1786947115.147 [STATIC_AVOID] obs_id=- obs_dist=-m obs_s=- ego_s=0.49 side=- | left_clearance=- right_clearance=- candidate_valid=false rung=- | cache_used=false path_age=- path_points=0 planning_time_ms=0.2 | reason=no_static_obstacle_in_range | cache_reason=no_cache
1786947115.658 [STATIC_AVOID] obs_id=22 obs_dist=3.28m obs_s=3.82 ego_s=0.54 side=LEFT | left_clearance=0.78 right_clearance=-0.07 candidate_valid=true rung=0 | cache_used=false path_age=0.000 path_points=88 planning_time_ms=5.4
1786947116.199 [STATIC_AVOID] obs_id=- obs_dist=-m obs_s=- ego_s=34.43 side=- | left_clearance=- right_clearance=- candidate_valid=false rung=- | cache_used=false path_age=- path_points=0 planning_time_ms=0.2 | reason=no_static_obstacle_in_range | cache_reason=no_cache
1786947116.706 [STATIC_AVOID] obs_id=- obs_dist=-m obs_s=- ego_s=1.37 side=- | left_clearance=- right_clearance=- candidate_valid=false rung=- | cache_used=false path_age=- path_points=0 planning_time_ms=0.1 | reason=no_static_obstacle_in_range | cache_reason=no_cache
1786947117.246 [STATIC_AVOID] obs_id=- obs_dist=-m obs_s=- ego_s=34.29 side=- | left_clearance=- right_clearance=- candidate_valid=false rung=- | cache_used=false path_age=- path_points=0 planning_time_ms=0.1 | reason=no_static_obstacle_in_range | cache_reason=no_cache
1786947117.797 [STATIC_AVOID] obs_id=- obs_dist=-m obs_s=- ego_s=34.03 side=- | left_clearance=- right_clearance=- candidate_valid=false rung=- | cache_used=false path_age=- path_points=0 planning_time_ms=0.1 | reason=no_static_obstacle_in_range | cache_reason=no_cache
1786947118.299 [STATIC_AVOID] obs_id=- obs_dist=-m obs_s=- ego_s=34.20 side=- | left_clearance=- right_clearance=- candidate_valid=false rung=- | cache_used=false path_age=- path_points=0 planning_time_ms=0.1 | reason=no_static_obstacle_in_range | cache_reason=no_cache
1786947118.848 [STATIC_AVOID] obs_id=- obs_dist=-m obs_s=- ego_s=34.46 side=- | left_clearance=- right_clearance=- candidate_valid=false rung=- | cache_used=false path_age=- path_points=0 planning_time_ms=0.1 | reason=no_static_obstacle_in_range | cache_reason=no_cache
1786947119.401 [STATIC_AVOID] obs_id=- obs_dist=-m obs_s=- ego_s=34.39 side=- | left_clearance=- right_clearance=- candidate_valid=false rung=- | cache_used=false path_age=- path_points=0 planning_time_ms=0.3 | reason=no_static_obstacle_in_range | cache_reason=no_cache
1786947119.947 [STATIC_AVOID] obs_id=- obs_dist=-m obs_s=- ego_s=34.37 side=- | left_clearance=- right_clearance=- candidate_valid=false rung=- | cache_used=false path_age=- path_points=0 planning_time_ms=0.1 | reason=no_static_obstacle_in_range | cache_reason=no_cache
1786947120.496 [STATIC_AVOID] obs_id=- obs_dist=-m obs_s=- ego_s=0.62 side=- | left_clearance=- right_clearance=- candidate_valid=false rung=- | cache_used=false path_age=- path_points=0 planning_time_ms=0.1 | reason=no_static_obstacle_in_range | cache_reason=no_cache
1786947120.998 [STATIC_AVOID] obs_id=- obs_dist=-m obs_s=- ego_s=0.87 side=- | left_clearance=- right_clearance=- candidate_valid=false rung=- | cache_used=false path_age=- path_points=0 planning_time_ms=0.1 | reason=no_static_obstacle_in_range | cache_reason=no_cache
1786947121.500 [STATIC_AVOID] obs_id=- obs_dist=-m obs_s=- ego_s=34.00 side=- | left_clearance=- right_clearance=- candidate_valid=false rung=- | cache_used=false path_age=- path_points=0 planning_time_ms=0.1 | reason=no_static_obstacle_in_range | cache_reason=no_cache
1786947122.021 [STATIC_AVOID] obs_id=- obs_dist=-m obs_s=- ego_s=1.04 side=- | left_clearance=- right_clearance=- candidate_valid=false rung=- | cache_used=false path_age=- path_points=0 planning_time_ms=0.1 | reason=no_static_obstacle_in_range | cache_reason=no_cache
1786947122.549 [STATIC_AVOID] obs_id=- obs_dist=-m obs_s=- ego_s=1.09 side=- | left_clearance=- right_clearance=- candidate_valid=false rung=- | cache_used=false path_age=- path_points=0 planning_time_ms=0.4 | reason=no_static_obstacle_in_range | cache_reason=no_cache
1786947123.096 [STATIC_AVOID] obs_id=- obs_dist=-m obs_s=- ego_s=0.49 side=- | left_clearance=- right_clearance=- candidate_valid=false rung=- | cache_used=false path_age=- path_points=0 planning_time_ms=0.1 | reason=no_static_obstacle_in_range | cache_reason=no_cache
1786947123.601 [STATIC_AVOID] obs_id=- obs_dist=-m obs_s=- ego_s=0.58 side=- | left_clearance=- right_clearance=- candidate_valid=false rung=- | cache_used=false path_age=- path_points=0 planning_time_ms=1.7 | reason=no_static_obstacle_in_range | cache_reason=no_cache
1786947124.153 [STATIC_AVOID] obs_id=- obs_dist=-m obs_s=- ego_s=0.58 side=- | left_clearance=- right_clearance=- candidate_valid=false rung=- | cache_used=false path_age=- path_points=0 planning_time_ms=3.0 | reason=no_static_obstacle_in_range | cache_reason=no_cache
1786947124.699 [STATIC_AVOID] obs_id=- obs_dist=-m obs_s=- ego_s=0.58 side=- | left_clearance=- right_clearance=- candidate_valid=false rung=- | cache_used=false path_age=- path_points=0 planning_time_ms=3.1 | reason=no_static_obstacle_in_range | cache_reason=no_cache
1786947125.201 [STATIC_AVOID] obs_id=- obs_dist=-m obs_s=- ego_s=0.58 side=- | left_clearance=- right_clearance=- candidate_valid=false rung=- | cache_used=false path_age=- path_points=0 planning_time_ms=0.1 | reason=no_static_obstacle_in_range | cache_reason=no_cache
1786947125.707 [STATIC_AVOID] obs_id=- obs_dist=-m obs_s=- ego_s=0.58 side=- | left_clearance=- right_clearance=- candidate_valid=false rung=- | cache_used=false path_age=- path_points=0 planning_time_ms=0.1 | reason=no_static_obstacle_in_range | cache_reason=no_cache
1786947126.255 [STATIC_AVOID] obs_id=- obs_dist=-m obs_s=- ego_s=0.58 side=- | left_clearance=- right_clearance=- candidate_valid=false rung=- | cache_used=false path_age=- path_points=0 planning_time_ms=0.1 | reason=no_static_obstacle_in_range | cache_reason=no_cache
1786947126.764 [STATIC_AVOID] obs_id=- obs_dist=-m obs_s=- ego_s=0.58 side=- | left_clearance=- right_clearance=- candidate_valid=false rung=- | cache_used=false path_age=- path_points=0 planning_time_ms=5.8 | reason=no_static_obstacle_in_range | cache_reason=no_cache
1786947127.304 [STATIC_AVOID] obs_id=- obs_dist=-m obs_s=- ego_s=0.58 side=- | left_clearance=- right_clearance=- candidate_valid=false rung=- | cache_used=false path_age=- path_points=0 planning_time_ms=0.1 | reason=no_static_obstacle_in_range | cache_reason=no_cache
1786947127.816 [STATIC_AVOID] obs_id=- obs_dist=-m obs_s=- ego_s=0.58 side=- | left_clearance=- right_clearance=- candidate_valid=false rung=- | cache_used=false path_age=- path_points=0 planning_time_ms=0.1 | reason=no_static_obstacle_in_range | cache_reason=no_cache
1786947128.347 [STATIC_AVOID] obs_id=- obs_dist=-m obs_s=- ego_s=0.58 side=- | left_clearance=- right_clearance=- candidate_valid=false rung=- | cache_used=false path_age=- path_points=0 planning_time_ms=0.1 | reason=no_static_obstacle_in_range | cache_reason=no_cache
1786947128.853 [STATIC_AVOID] obs_id=- obs_dist=-m obs_s=- ego_s=0.58 side=- | left_clearance=- right_clearance=- candidate_valid=false rung=- | cache_used=false path_age=- path_points=0 planning_time_ms=0.1 | reason=no_static_obstacle_in_range | cache_reason=no_cache
1786947129.404 [STATIC_AVOID] obs_id=34 obs_dist=1.12m obs_s=8.65 ego_s=7.53 side=LEFT | left_clearance=0.72 right_clearance=-0.19 candidate_valid=true rung=0 | cache_used=false path_age=0.000 path_points=81 planning_time_ms=4.0
1786947129.911 [STATIC_AVOID] obs_id=34 obs_dist=1.16m obs_s=8.71 ego_s=7.55 side=LEFT | left_clearance=0.72 right_clearance=-0.20 candidate_valid=false rung=- | cache_used=false path_age=- path_points=0 planning_time_ms=3.6 | reason=obstacle_clearance | cache_reason=no_cache
1786947130.425 [STATIC_AVOID] obs_id=34 obs_dist=1.18m obs_s=8.73 ego_s=7.55 side=LEFT | left_clearance=0.72 right_clearance=-0.21 candidate_valid=false rung=- | cache_used=false path_age=- path_points=0 planning_time_ms=8.9 | reason=obstacle_clearance | cache_reason=no_cache
1786947130.954 [STATIC_AVOID] obs_id=34 obs_dist=1.19m obs_s=8.74 ego_s=7.55 side=LEFT | left_clearance=0.72 right_clearance=-0.22 candidate_valid=true rung=0 | cache_used=false path_age=0.000 path_points=81 planning_time_ms=5.3
1786947131.524 [STATIC_AVOID] obs_id=34 obs_dist=1.19m obs_s=8.75 ego_s=7.55 side=LEFT | left_clearance=0.72 right_clearance=-0.22 candidate_valid=true rung=0 | cache_used=false path_age=0.000 path_points=81 planning_time_ms=12.0
1786947132.064 [STATIC_AVOID] obs_id=34 obs_dist=1.19m obs_s=8.75 ego_s=7.55 side=LEFT | left_clearance=0.73 right_clearance=-0.22 candidate_valid=true rung=0 | cache_used=false path_age=0.000 path_points=81 planning_time_ms=9.0
1786947132.606 [STATIC_AVOID] obs_id=34 obs_dist=1.18m obs_s=8.75 ego_s=7.57 side=LEFT | left_clearance=0.73 right_clearance=-0.21 candidate_valid=false rung=- | cache_used=true path_age=0.045 path_points=81 planning_time_ms=8.0 | reason=obstacle_clearance
1786947133.125 [STATIC_AVOID] obs_id=- obs_dist=-m obs_s=- ego_s=8.02 side=- | left_clearance=- right_clearance=- candidate_valid=false rung=- | cache_used=false path_age=- path_points=0 planning_time_ms=0.1 | reason=no_static_obstacle_in_range | cache_reason=obstacle_gone
1786947133.655 [STATIC_AVOID] obs_id=- obs_dist=-m obs_s=- ego_s=9.26 side=- | left_clearance=- right_clearance=- candidate_valid=false rung=- | cache_used=false path_age=- path_points=0 planning_time_ms=0.1 | reason=no_static_obstacle_in_range | cache_reason=no_cache
1786947134.209 [STATIC_AVOID] obs_id=- obs_dist=-m obs_s=- ego_s=10.71 side=- | left_clearance=- right_clearance=- candidate_valid=false rung=- | cache_used=false path_age=- path_points=0 planning_time_ms=0.1 | reason=no_static_obstacle_in_range | cache_reason=no_cache
1786947134.749 [STATIC_AVOID] obs_id=- obs_dist=-m obs_s=- ego_s=12.05 side=- | left_clearance=- right_clearance=- candidate_valid=false rung=- | cache_used=false path_age=- path_points=0 planning_time_ms=0.1 | reason=no_static_obstacle_in_range | cache_reason=no_cache
1786947135.311 [STATIC_AVOID] obs_id=- obs_dist=-m obs_s=- ego_s=13.93 side=- | left_clearance=- right_clearance=- candidate_valid=false rung=- | cache_used=false path_age=- path_points=0 planning_time_ms=0.1 | reason=no_static_obstacle_in_range | cache_reason=no_cache
1786947135.813 [STATIC_AVOID] obs_id=- obs_dist=-m obs_s=- ego_s=15.60 side=- | left_clearance=- right_clearance=- candidate_valid=false rung=- | cache_used=false path_age=- path_points=0 planning_time_ms=0.1 | reason=no_static_obstacle_in_range | cache_reason=no_cache
1786947136.355 [STATIC_AVOID] obs_id=- obs_dist=-m obs_s=- ego_s=16.92 side=- | left_clearance=- right_clearance=- candidate_valid=false rung=- | cache_used=false path_age=- path_points=0 planning_time_ms=1.7 | reason=no_static_obstacle_in_range | cache_reason=no_cache
1786947136.897 [STATIC_AVOID] obs_id=- obs_dist=-m obs_s=- ego_s=18.61 side=- | left_clearance=- right_clearance=- candidate_valid=false rung=- | cache_used=false path_age=- path_points=0 planning_time_ms=0.1 | reason=no_static_obstacle_in_range | cache_reason=no_cache
1786947137.409 [STATIC_AVOID] obs_id=- obs_dist=-m obs_s=- ego_s=20.10 side=- | left_clearance=- right_clearance=- candidate_valid=false rung=- | cache_used=false path_age=- path_points=0 planning_time_ms=0.1 | reason=no_static_obstacle_in_range | cache_reason=no_cache
1786947137.947 [STATIC_AVOID] obs_id=- obs_dist=-m obs_s=- ego_s=21.88 side=- | left_clearance=- right_clearance=- candidate_valid=false rung=- | cache_used=false path_age=- path_points=0 planning_time_ms=0.2 | reason=no_static_obstacle_in_range | cache_reason=no_cache
1786947138.496 [STATIC_AVOID] obs_id=- obs_dist=-m obs_s=- ego_s=24.06 side=- | left_clearance=- right_clearance=- candidate_valid=false rung=- | cache_used=false path_age=- path_points=0 planning_time_ms=0.1 | reason=no_static_obstacle_in_range | cache_reason=no_cache
1786947138.997 [STATIC_AVOID] obs_id=- obs_dist=-m obs_s=- ego_s=24.06 side=- | left_clearance=- right_clearance=- candidate_valid=false rung=- | cache_used=false path_age=- path_points=0 planning_time_ms=0.4 | reason=no_static_obstacle_in_range | cache_reason=no_cache
1786947139.498 [STATIC_AVOID] obs_id=- obs_dist=-m obs_s=- ego_s=24.06 side=- | left_clearance=- right_clearance=- candidate_valid=false rung=- | cache_used=false path_age=- path_points=0 planning_time_ms=0.4 | reason=no_static_obstacle_in_range | cache_reason=no_cache
1786947139.998 [STATIC_AVOID] obs_id=- obs_dist=-m obs_s=- ego_s=24.06 side=- | left_clearance=- right_clearance=- candidate_valid=false rung=- | cache_used=false path_age=- path_points=0 planning_time_ms=0.5 | reason=no_static_obstacle_in_range | cache_reason=no_cache
1786947140.547 [STATIC_AVOID] obs_id=- obs_dist=-m obs_s=- ego_s=24.06 side=- | left_clearance=- right_clearance=- candidate_valid=false rung=- | cache_used=false path_age=- path_points=0 planning_time_ms=0.2 | reason=no_static_obstacle_in_range | cache_reason=no_cache
1786947141.051 [STATIC_AVOID] obs_id=- obs_dist=-m obs_s=- ego_s=25.12 side=- | left_clearance=- right_clearance=- candidate_valid=false rung=- | cache_used=false path_age=- path_points=0 planning_time_ms=0.1 | reason=no_static_obstacle_in_range | cache_reason=no_cache
1786947141.596 [STATIC_AVOID] obs_id=- obs_dist=-m obs_s=- ego_s=25.46 side=- | left_clearance=- right_clearance=- candidate_valid=false rung=- | cache_used=false path_age=- path_points=0 planning_time_ms=0.1 | reason=no_static_obstacle_in_range | cache_reason=no_cache
1786947142.097 [STATIC_AVOID] obs_id=- obs_dist=-m obs_s=- ego_s=25.80 side=- | left_clearance=- right_clearance=- candidate_valid=false rung=- | cache_used=false path_age=- path_points=0 planning_time_ms=0.1 | reason=no_static_obstacle_in_range | cache_reason=no_cache
1786947142.599 [STATIC_AVOID] obs_id=- obs_dist=-m obs_s=- ego_s=25.80 side=- | left_clearance=- right_clearance=- candidate_valid=false rung=- | cache_used=false path_age=- path_points=0 planning_time_ms=0.3 | reason=no_static_obstacle_in_range | cache_reason=no_cache
1786947143.099 [STATIC_AVOID] obs_id=- obs_dist=-m obs_s=- ego_s=25.80 side=- | left_clearance=- right_clearance=- candidate_valid=false rung=- | cache_used=false path_age=- path_points=0 planning_time_ms=0.2 | reason=no_static_obstacle_in_range | cache_reason=no_cache
1786947143.646 [STATIC_AVOID] obs_id=- obs_dist=-m obs_s=- ego_s=25.80 side=- | left_clearance=- right_clearance=- candidate_valid=false rung=- | cache_used=false path_age=- path_points=0 planning_time_ms=0.1 | reason=no_static_obstacle_in_range | cache_reason=no_cache
1786947144.148 [STATIC_AVOID] obs_id=- obs_dist=-m obs_s=- ego_s=25.80 side=- | left_clearance=- right_clearance=- candidate_valid=false rung=- | cache_used=false path_age=- path_points=0 planning_time_ms=0.2 | reason=no_static_obstacle_in_range | cache_reason=no_cache
1786947144.700 [STATIC_AVOID] obs_id=- obs_dist=-m obs_s=- ego_s=25.80 side=- | left_clearance=- right_clearance=- candidate_valid=false rung=- | cache_used=false path_age=- path_points=0 planning_time_ms=0.2 | reason=no_static_obstacle_in_range | cache_reason=no_cache
1786947145.247 [STATIC_AVOID] obs_id=- obs_dist=-m obs_s=- ego_s=25.80 side=- | left_clearance=- right_clearance=- candidate_valid=false rung=- | cache_used=false path_age=- path_points=0 planning_time_ms=0.1 | reason=no_static_obstacle_in_range | cache_reason=no_cache
1786947145.801 [STATIC_AVOID] obs_id=- obs_dist=-m obs_s=- ego_s=25.80 side=- | left_clearance=- right_clearance=- candidate_valid=false rung=- | cache_used=false path_age=- path_points=0 planning_time_ms=0.1 | reason=no_static_obstacle_in_range | cache_reason=no_cache
1786947146.306 [STATIC_AVOID] obs_id=- obs_dist=-m obs_s=- ego_s=26.01 side=- | left_clearance=- right_clearance=- candidate_valid=false rung=- | cache_used=false path_age=- path_points=0 planning_time_ms=0.1 | reason=no_static_obstacle_in_range | cache_reason=no_cache
1786947146.846 [STATIC_AVOID] obs_id=- obs_dist=-m obs_s=- ego_s=25.13 side=- | left_clearance=- right_clearance=- candidate_valid=false rung=- | cache_used=false path_age=- path_points=0 planning_time_ms=0.1 | reason=no_static_obstacle_in_range | cache_reason=no_cache
1786947147.348 [STATIC_AVOID] obs_id=- obs_dist=-m obs_s=- ego_s=31.56 side=- | left_clearance=- right_clearance=- candidate_valid=false rung=- | cache_used=false path_age=- path_points=0 planning_time_ms=0.1 | reason=no_static_obstacle_in_range | cache_reason=no_cache
1786947147.861 [STATIC_AVOID] obs_id=- obs_dist=-m obs_s=- ego_s=32.32 side=- | left_clearance=- right_clearance=- candidate_valid=false rung=- | cache_used=false path_age=- path_points=0 planning_time_ms=0.1 | reason=no_static_obstacle_in_range | cache_reason=no_cache
1786947148.419 [STATIC_AVOID] obs_id=- obs_dist=-m obs_s=- ego_s=31.43 side=- | left_clearance=- right_clearance=- candidate_valid=false rung=- | cache_used=false path_age=- path_points=0 planning_time_ms=0.3 | reason=no_static_obstacle_in_range | cache_reason=no_cache
1786947148.947 [STATIC_AVOID] obs_id=- obs_dist=-m obs_s=- ego_s=31.23 side=- | left_clearance=- right_clearance=- candidate_valid=false rung=- | cache_used=false path_age=- path_points=0 planning_time_ms=0.1 | reason=no_static_obstacle_in_range | cache_reason=no_cache
1786947149.512 [STATIC_AVOID] obs_id=- obs_dist=-m obs_s=- ego_s=28.70 side=- | left_clearance=- right_clearance=- candidate_valid=false rung=- | cache_used=false path_age=- path_points=0 planning_time_ms=0.1 | reason=no_static_obstacle_in_range | cache_reason=no_cache
1786947150.016 [STATIC_AVOID] obs_id=- obs_dist=-m obs_s=- ego_s=28.25 side=- | left_clearance=- right_clearance=- candidate_valid=false rung=- | cache_used=false path_age=- path_points=0 planning_time_ms=0.1 | reason=no_static_obstacle_in_range | cache_reason=no_cache
1786947150.556 [STATIC_AVOID] obs_id=41 obs_dist=-0.63m obs_s=26.96 ego_s=27.59 side=- | left_clearance=- right_clearance=- candidate_valid=false rung=- | cache_used=false path_age=- path_points=0 planning_time_ms=0.2 | reason=raceline_already_clear | cache_reason=no_cache
1786947151.108 [STATIC_AVOID] obs_id=41 obs_dist=-0.72m obs_s=27.07 ego_s=27.79 side=- | left_clearance=- right_clearance=- candidate_valid=false rung=- | cache_used=false path_age=- path_points=0 planning_time_ms=4.5 | reason=raceline_already_clear | cache_reason=no_cache
1786947151.652 [STATIC_AVOID] obs_id=41 obs_dist=-1.00m obs_s=27.13 ego_s=28.12 side=- | left_clearance=- right_clearance=- candidate_valid=false rung=- | cache_used=true path_age=0.064 path_points=81 planning_time_ms=0.2 | reason=raceline_already_clear
1786947152.207 [STATIC_AVOID] obs_id=- obs_dist=-m obs_s=- ego_s=28.56 side=- | left_clearance=- right_clearance=- candidate_valid=false rung=- | cache_used=false path_age=- path_points=0 planning_time_ms=0.2 | reason=no_static_obstacle_in_range | cache_reason=no_cache
1786947152.746 [STATIC_AVOID] obs_id=42 obs_dist=1.98m obs_s=30.78 ego_s=28.80 side=- | left_clearance=- right_clearance=- candidate_valid=false rung=- | cache_used=false path_age=- path_points=0 planning_time_ms=0.1 | reason=raceline_already_clear | cache_reason=no_cache
1786947153.310 [STATIC_AVOID] obs_id=43 obs_dist=-0.49m obs_s=28.38 ego_s=28.87 side=RIGHT | left_clearance=-0.06 right_clearance=0.68 candidate_valid=false rung=- | cache_used=false path_age=- path_points=0 planning_time_ms=9.8 | reason=map_occupied | cache_reason=cache_expired
1786947153.846 [STATIC_AVOID] obs_id=- obs_dist=-m obs_s=- ego_s=28.98 side=- | left_clearance=- right_clearance=- candidate_valid=false rung=- | cache_used=false path_age=- path_points=0 planning_time_ms=0.1 | reason=no_static_obstacle_in_range | cache_reason=no_cache
1786947154.346 [STATIC_AVOID] obs_id=- obs_dist=-m obs_s=- ego_s=29.00 side=- | left_clearance=- right_clearance=- candidate_valid=false rung=- | cache_used=false path_age=- path_points=0 planning_time_ms=0.1 | reason=no_static_obstacle_in_range | cache_reason=no_cache
1786947154.849 [STATIC_AVOID] obs_id=- obs_dist=-m obs_s=- ego_s=28.96 side=- | left_clearance=- right_clearance=- candidate_valid=false rung=- | cache_used=false path_age=- path_points=0 planning_time_ms=0.1 | reason=no_static_obstacle_in_range | cache_reason=no_cache
1786947155.358 [STATIC_AVOID] obs_id=- obs_dist=-m obs_s=- ego_s=28.99 side=- | left_clearance=- right_clearance=- candidate_valid=false rung=- | cache_used=false path_age=- path_points=0 planning_time_ms=0.1 | reason=no_static_obstacle_in_range | cache_reason=no_cache
1786947155.898 [STATIC_AVOID] obs_id=- obs_dist=-m obs_s=- ego_s=29.01 side=- | left_clearance=- right_clearance=- candidate_valid=false rung=- | cache_used=false path_age=- path_points=0 planning_time_ms=0.1 | reason=no_static_obstacle_in_range | cache_reason=no_cache
1786947156.447 [STATIC_AVOID] obs_id=- obs_dist=-m obs_s=- ego_s=29.00 side=- | left_clearance=- right_clearance=- candidate_valid=false rung=- | cache_used=false path_age=- path_points=0 planning_time_ms=0.1 | reason=no_static_obstacle_in_range | cache_reason=no_cache
1786947156.962 [STATIC_AVOID] obs_id=- obs_dist=-m obs_s=- ego_s=29.00 side=- | left_clearance=- right_clearance=- candidate_valid=false rung=- | cache_used=false path_age=- path_points=0 planning_time_ms=0.1 | reason=no_static_obstacle_in_range | cache_reason=no_cache
1786947157.500 [STATIC_AVOID] obs_id=- obs_dist=-m obs_s=- ego_s=29.00 side=- | left_clearance=- right_clearance=- candidate_valid=false rung=- | cache_used=false path_age=- path_points=0 planning_time_ms=0.1 | reason=no_static_obstacle_in_range | cache_reason=no_cache
1786947158.046 [STATIC_AVOID] obs_id=- obs_dist=-m obs_s=- ego_s=28.98 side=- | left_clearance=- right_clearance=- candidate_valid=false rung=- | cache_used=false path_age=- path_points=0 planning_time_ms=0.1 | reason=no_static_obstacle_in_range | cache_reason=no_cache
1786947158.547 [STATIC_AVOID] obs_id=- obs_dist=-m obs_s=- ego_s=28.97 side=- | left_clearance=- right_clearance=- candidate_valid=false rung=- | cache_used=false path_age=- path_points=0 planning_time_ms=0.2 | reason=no_static_obstacle_in_range | cache_reason=no_cache
