# state_machine debug log started 20260815_154036  map='0815test1'
1786776042.074 [OBSTACLES] cur_s=16.11 cur_d=-0.28 vs=0.00 n=2 [id=1 static=1 gap=11.89m d=0.26 size=0.36; id=2 static=1 gap=11.57m d=-0.45 size=0.30]
1786776042.079 [STATIC_OT] state=GB_TRACK path_exists=0 path_locked=0 path_ttl_ok=0 path_safe=0 on_spline=0 speed=0.00 raw_wpnts=0 raw_age=-s decision=TRAILING reason=NO_STATIC_PATH
1786776042.079 [STATE_CHANGE] None -> TRAILING src=GB_TRACK s=16.11 d=-0.28 vs=0.00
1786776042.306 [STATIC_OT] state=TRAILING path_exists=0 path_locked=0 path_ttl_ok=0 path_safe=0 on_spline=0 speed=0.00 raw_wpnts=0 raw_age=-s decision=TRAILING reason=NO_STATIC_PATH
1786776042.529 [STATIC_OT] state=TRAILING path_exists=0 path_locked=0 path_ttl_ok=0 path_safe=0 on_spline=0 speed=0.00 raw_wpnts=0 raw_age=-s decision=TRAILING reason=NO_STATIC_PATH
1786776042.627 [OBSTACLES] cur_s=16.11 cur_d=-0.28 vs=0.00 n=0 [none]
1786776042.628 [STATE_CHANGE] TRAILING -> LOSTLINE src=GB_TRACK s=16.11 d=-0.28 vs=0.00
1786776042.670 [STATE_CHANGE] LOSTLINE -> GB_TRACK src=GB_TRACK s=16.11 d=-0.28 vs=0.00
1786776043.145 [OBSTACLES] cur_s=16.11 cur_d=-0.28 vs=0.00 n=0 [none]
1786776043.247 [STATIC_OT] state=GB_TRACK path_exists=0 path_locked=0 path_ttl_ok=0 path_safe=0 on_spline=0 speed=0.00 raw_wpnts=0 raw_age=-s decision=TRAILING reason=NO_STATIC_PATH
1786776043.248 [STATE_CHANGE] GB_TRACK -> TRAILING src=GB_TRACK s=16.11 d=-0.28 vs=0.00
1786776043.535 [STATIC_OT] state=TRAILING path_exists=0 path_locked=0 path_ttl_ok=0 path_safe=0 on_spline=0 speed=0.00 raw_wpnts=0 raw_age=-s decision=TRAILING reason=NO_STATIC_PATH
1786776043.702 [OBSTACLES] cur_s=16.11 cur_d=-0.28 vs=0.00 n=2 [id=3 static=1 gap=11.94m d=0.26 size=0.31; id=4 static=1 gap=11.51m d=-0.43 size=0.40]
1786776043.756 [STATE_CHANGE] TRAILING -> LOSTLINE src=GB_TRACK s=16.11 d=-0.28 vs=0.00
1786776043.830 [STATE_CHANGE] LOSTLINE -> GB_TRACK src=GB_TRACK s=16.11 d=-0.28 vs=0.00
1786776044.243 [OBSTACLES] cur_s=16.11 cur_d=-0.28 vs=0.00 n=0 [none]
1786776044.751 [OBSTACLES] cur_s=16.11 cur_d=-0.28 vs=0.00 n=0 [none]
1786776045.314 [OBSTACLES] cur_s=16.11 cur_d=-0.28 vs=0.00 n=0 [none]
1786776045.623 [STATIC_OT] state=GB_TRACK path_exists=0 path_locked=0 path_ttl_ok=0 path_safe=0 on_spline=0 speed=0.00 raw_wpnts=0 raw_age=-s decision=TRAILING reason=NO_STATIC_PATH
1786776045.624 [STATE_CHANGE] GB_TRACK -> TRAILING src=GB_TRACK s=16.11 d=-0.28 vs=0.00
1786776045.835 [OBSTACLES] cur_s=16.11 cur_d=-0.28 vs=0.00 n=1 [id=9 static=1 gap=12.00m d=0.24 size=0.24]
1786776045.843 [STATIC_OT] state=TRAILING path_exists=0 path_locked=0 path_ttl_ok=0 path_safe=0 on_spline=0 speed=0.00 raw_wpnts=0 raw_age=-s decision=TRAILING reason=NO_STATIC_PATH
1786776045.905 [STATE_CHANGE] TRAILING -> RECOVERY src=RECOVERY s=16.11 d=-0.28 vs=0.00
1786776046.377 [OBSTACLES] cur_s=16.11 cur_d=-0.28 vs=0.00 n=0 [none]
1786776046.589 [STATIC_OT] state=RECOVERY path_exists=0 path_locked=0 path_ttl_ok=0 path_safe=0 on_spline=0 speed=0.00 raw_wpnts=0 raw_age=-s decision=TRAILING reason=NO_STATIC_PATH
1786776046.601 [STATE_CHANGE] RECOVERY -> TRAILING src=RECOVERY s=16.11 d=-0.28 vs=0.00
1786776046.805 [STATIC_OT] state=TRAILING path_exists=0 path_locked=0 path_ttl_ok=0 path_safe=0 on_spline=0 speed=0.00 raw_wpnts=0 raw_age=-s decision=TRAILING reason=NO_STATIC_PATH
1786776046.895 [OBSTACLES] cur_s=16.14 cur_d=-0.25 vs=0.00 n=2 [id=12 static=1 gap=11.86m d=0.24 size=0.33; id=13 static=1 gap=11.55m d=-0.43 size=0.30]
1786776047.043 [STATIC_OT] state=TRAILING path_exists=0 path_locked=0 path_ttl_ok=0 path_safe=0 on_spline=0 speed=0.00 raw_wpnts=0 raw_age=-s decision=TRAILING reason=NO_STATIC_PATH
1786776047.220 [STATE_CHANGE] TRAILING -> RECOVERY src=RECOVERY s=16.14 d=-0.24 vs=0.00
1786776047.401 [OBSTACLES] cur_s=16.14 cur_d=-0.25 vs=0.00 n=0 [none]
1786776047.929 [OBSTACLES] cur_s=16.14 cur_d=-0.25 vs=0.00 n=0 [none]
1786776048.432 [OBSTACLES] cur_s=16.14 cur_d=-0.25 vs=0.00 n=0 [none]
1786776049.001 [OBSTACLES] cur_s=16.14 cur_d=-0.25 vs=0.00 n=0 [none]
1786776049.108 [STATIC_OT] state=RECOVERY path_exists=0 path_locked=0 path_ttl_ok=0 path_safe=0 on_spline=0 speed=0.00 raw_wpnts=0 raw_age=-s decision=TRAILING reason=NO_STATIC_PATH
1786776049.115 [STATE_CHANGE] RECOVERY -> TRAILING src=RECOVERY s=16.14 d=-0.25 vs=0.00
1786776049.321 [STATIC_OT] state=TRAILING path_exists=0 path_locked=0 path_ttl_ok=0 path_safe=0 on_spline=0 speed=0.00 raw_wpnts=0 raw_age=-s decision=TRAILING reason=NO_STATIC_PATH
1786776049.523 [OBSTACLES] cur_s=16.14 cur_d=-0.25 vs=0.00 n=2 [id=14 static=1 gap=11.84m d=0.24 size=0.31; id=16 static=1 gap=11.52m d=-0.46 size=0.31]
1786776049.525 [STATIC_OT] state=TRAILING path_exists=0 path_locked=0 path_ttl_ok=0 path_safe=0 on_spline=0 speed=0.00 raw_wpnts=0 raw_age=-s decision=TRAILING reason=NO_STATIC_PATH
1786776049.733 [STATIC_OT] state=TRAILING path_exists=0 path_locked=0 path_ttl_ok=0 path_safe=0 on_spline=0 speed=0.00 raw_wpnts=0 raw_age=-s decision=TRAILING reason=NO_STATIC_PATH
1786776049.973 [STATIC_OT] state=TRAILING path_exists=0 path_locked=0 path_ttl_ok=0 path_safe=0 on_spline=0 speed=0.00 raw_wpnts=0 raw_age=-s decision=TRAILING reason=NO_STATIC_PATH
1786776050.039 [OBSTACLES] cur_s=16.14 cur_d=-0.24 vs=0.00 n=2 [id=14 static=1 gap=11.84m d=0.25 size=0.29; id=16 static=1 gap=11.50m d=-0.46 size=0.34]
1786776050.255 [STATIC_OT] state=TRAILING path_exists=0 path_locked=0 path_ttl_ok=0 path_safe=0 on_spline=0 speed=0.00 raw_wpnts=0 raw_age=-s decision=TRAILING reason=NO_STATIC_PATH
1786776050.477 [STATIC_OT] state=TRAILING path_exists=0 path_locked=0 path_ttl_ok=0 path_safe=0 on_spline=0 speed=0.00 raw_wpnts=0 raw_age=-s decision=TRAILING reason=NO_STATIC_PATH
1786776050.561 [OBSTACLES] cur_s=16.14 cur_d=-0.25 vs=0.00 n=1 [id=14 static=1 gap=11.81m d=0.24 size=0.34]
1786776050.821 [STATIC_OT] state=TRAILING path_exists=0 path_locked=0 path_ttl_ok=0 path_safe=0 on_spline=0 speed=0.00 raw_wpnts=0 raw_age=-s decision=TRAILING reason=NO_STATIC_PATH
1786776051.077 [OBSTACLES] cur_s=16.14 cur_d=-0.25 vs=0.00 n=1 [id=14 static=1 gap=11.85m d=0.24 size=0.27]
1786776051.099 [STATIC_OT] state=TRAILING path_exists=0 path_locked=0 path_ttl_ok=0 path_safe=0 on_spline=0 speed=0.00 raw_wpnts=0 raw_age=-s decision=TRAILING reason=NO_STATIC_PATH
1786776051.405 [STATIC_OT] state=TRAILING path_exists=0 path_locked=0 path_ttl_ok=0 path_safe=0 on_spline=0 speed=0.00 raw_wpnts=0 raw_age=-s decision=TRAILING reason=NO_STATIC_PATH
1786776051.635 [OBSTACLES] cur_s=16.14 cur_d=-0.25 vs=0.00 n=2 [id=14 static=1 gap=11.87m d=0.24 size=0.24; id=18 static=1 gap=11.49m d=-0.45 size=0.31]
1786776051.644 [STATIC_OT] state=TRAILING path_exists=0 path_locked=0 path_ttl_ok=0 path_safe=0 on_spline=0 speed=0.00 raw_wpnts=0 raw_age=-s decision=TRAILING reason=NO_STATIC_PATH
1786776051.865 [STATIC_OT] state=TRAILING path_exists=0 path_locked=0 path_ttl_ok=0 path_safe=0 on_spline=0 speed=0.00 raw_wpnts=0 raw_age=-s decision=TRAILING reason=NO_STATIC_PATH
1786776052.110 [STATIC_OT] state=TRAILING path_exists=0 path_locked=0 path_ttl_ok=0 path_safe=0 on_spline=0 speed=0.00 raw_wpnts=0 raw_age=-s decision=TRAILING reason=NO_STATIC_PATH
1786776052.174 [OBSTACLES] cur_s=16.14 cur_d=-0.25 vs=0.00 n=2 [id=14 static=1 gap=11.87m d=0.24 size=0.23; id=18 static=1 gap=11.49m d=-0.45 size=0.31]
1786776052.338 [STATIC_OT] state=TRAILING path_exists=0 path_locked=0 path_ttl_ok=0 path_safe=0 on_spline=0 speed=0.00 raw_wpnts=0 raw_age=-s decision=TRAILING reason=NO_STATIC_PATH
1786776052.527 [STATE_CHANGE] TRAILING -> RECOVERY src=RECOVERY s=16.14 d=-0.24 vs=0.00
1786776052.698 [OBSTACLES] cur_s=16.14 cur_d=-0.25 vs=0.00 n=0 [none]
1786776053.218 [OBSTACLES] cur_s=16.14 cur_d=-0.25 vs=0.00 n=0 [none]
1786776053.645 [STATIC_OT] state=RECOVERY path_exists=0 path_locked=0 path_ttl_ok=0 path_safe=0 on_spline=0 speed=0.00 raw_wpnts=0 raw_age=-s decision=TRAILING reason=NO_STATIC_PATH
1786776053.667 [STATE_CHANGE] RECOVERY -> TRAILING src=RECOVERY s=16.14 d=-0.25 vs=0.00
1786776053.769 [OBSTACLES] cur_s=16.14 cur_d=-0.25 vs=0.00 n=2 [id=21 static=1 gap=11.85m d=0.25 size=0.33; id=22 static=1 gap=11.49m d=-0.44 size=0.32]
1786776053.874 [STATE_CHANGE] TRAILING -> RECOVERY src=RECOVERY s=16.14 d=-0.25 vs=0.00
1786776054.356 [OBSTACLES] cur_s=16.14 cur_d=-0.25 vs=0.00 n=0 [none]
1786776054.542 [STATIC_OT] state=RECOVERY path_exists=0 path_locked=0 path_ttl_ok=0 path_safe=0 on_spline=0 speed=0.00 raw_wpnts=0 raw_age=-s decision=TRAILING reason=NO_STATIC_PATH
1786776054.549 [STATE_CHANGE] RECOVERY -> TRAILING src=RECOVERY s=16.14 d=-0.25 vs=0.00
1786776054.787 [STATIC_OT] state=TRAILING path_exists=0 path_locked=0 path_ttl_ok=0 path_safe=0 on_spline=0 speed=0.00 raw_wpnts=0 raw_age=-s decision=TRAILING reason=NO_STATIC_PATH
1786776054.879 [OBSTACLES] cur_s=16.14 cur_d=-0.25 vs=0.00 n=2 [id=23 static=1 gap=11.85m d=0.21 size=0.26; id=24 static=1 gap=11.48m d=-0.46 size=0.32]
1786776055.067 [STATIC_OT] state=TRAILING path_exists=0 path_locked=0 path_ttl_ok=0 path_safe=0 on_spline=0 speed=0.00 raw_wpnts=0 raw_age=-s decision=TRAILING reason=NO_STATIC_PATH
1786776055.362 [STATIC_OT] state=TRAILING path_exists=0 path_locked=0 path_ttl_ok=0 path_safe=0 on_spline=0 speed=0.00 raw_wpnts=0 raw_age=-s decision=TRAILING reason=NO_STATIC_PATH
1786776055.428 [OBSTACLES] cur_s=16.14 cur_d=-0.25 vs=0.00 n=1 [id=23 static=1 gap=11.85m d=0.22 size=0.27]
1786776055.741 [STATIC_OT] state=TRAILING path_exists=0 path_locked=0 path_ttl_ok=0 path_safe=0 on_spline=0 speed=0.00 raw_wpnts=0 raw_age=-s decision=TRAILING reason=NO_STATIC_PATH
1786776055.935 [OBSTACLES] cur_s=16.14 cur_d=-0.25 vs=0.00 n=2 [id=23 static=1 gap=11.83m d=0.23 size=0.33; id=25 static=1 gap=11.51m d=-0.44 size=0.28]
1786776055.943 [STATIC_OT] state=TRAILING path_exists=0 path_locked=0 path_ttl_ok=0 path_safe=0 on_spline=0 speed=0.00 raw_wpnts=0 raw_age=-s decision=TRAILING reason=NO_STATIC_PATH
1786776056.181 [STATIC_OT] state=TRAILING path_exists=0 path_locked=0 path_ttl_ok=0 path_safe=0 on_spline=0 speed=0.00 raw_wpnts=0 raw_age=-s decision=TRAILING reason=NO_STATIC_PATH
1786776056.450 [OBSTACLES] cur_s=16.14 cur_d=-0.25 vs=0.00 n=2 [id=23 static=1 gap=11.88m d=0.23 size=0.24; id=25 static=1 gap=11.52m d=-0.44 size=0.26]
1786776056.459 [STATIC_OT] state=TRAILING path_exists=0 path_locked=0 path_ttl_ok=0 path_safe=0 on_spline=0 speed=0.00 raw_wpnts=0 raw_age=-s decision=TRAILING reason=NO_STATIC_PATH
1786776056.660 [STATIC_OT] state=TRAILING path_exists=0 path_locked=0 path_ttl_ok=0 path_safe=0 on_spline=0 speed=0.00 raw_wpnts=0 raw_age=-s decision=TRAILING reason=NO_STATIC_PATH
1786776056.873 [STATIC_OT] state=TRAILING path_exists=0 path_locked=0 path_ttl_ok=0 path_safe=0 on_spline=0 speed=0.00 raw_wpnts=0 raw_age=-s decision=TRAILING reason=NO_STATIC_PATH
1786776057.003 [OBSTACLES] cur_s=16.14 cur_d=-0.24 vs=0.00 n=2 [id=23 static=1 gap=11.81m d=0.23 size=0.37; id=25 static=1 gap=11.51m d=-0.45 size=0.30]
1786776057.103 [STATE_CHANGE] TRAILING -> RECOVERY src=RECOVERY s=16.14 d=-0.25 vs=0.00
1786776057.197 [STATE_CHANGE] RECOVERY -> LOSTLINE src=GB_TRACK s=16.14 d=-0.25 vs=0.00
1786776057.284 [STATE_CHANGE] LOSTLINE -> GB_TRACK src=GB_TRACK s=16.14 d=-0.24 vs=0.00
1786776057.506 [OBSTACLES] cur_s=16.14 cur_d=-0.25 vs=0.00 n=0 [none]
1786776057.740 [STATIC_OT] state=GB_TRACK path_exists=0 path_locked=0 path_ttl_ok=0 path_safe=0 on_spline=0 speed=0.00 raw_wpnts=0 raw_age=-s decision=TRAILING reason=NO_STATIC_PATH
1786776057.740 [STATE_CHANGE] GB_TRACK -> TRAILING src=GB_TRACK s=16.14 d=-0.25 vs=0.00
1786776057.962 [STATIC_OT] state=TRAILING path_exists=0 path_locked=0 path_ttl_ok=0 path_safe=0 on_spline=0 speed=0.00 raw_wpnts=0 raw_age=-s decision=TRAILING reason=NO_STATIC_PATH
1786776058.053 [OBSTACLES] cur_s=16.14 cur_d=-0.25 vs=0.00 n=2 [id=26 static=1 gap=11.90m d=0.24 size=0.23; id=27 static=1 gap=11.53m d=-0.46 size=0.28]
1786776058.189 [STATIC_OT] state=TRAILING path_exists=0 path_locked=0 path_ttl_ok=0 path_safe=0 on_spline=0 speed=0.00 raw_wpnts=0 raw_age=-s decision=TRAILING reason=NO_STATIC_PATH
1786776058.431 [STATIC_OT] state=TRAILING path_exists=0 path_locked=0 path_ttl_ok=0 path_safe=0 on_spline=0 speed=0.00 raw_wpnts=0 raw_age=-s decision=TRAILING reason=NO_STATIC_PATH
1786776058.562 [OBSTACLES] cur_s=16.14 cur_d=-0.25 vs=0.00 n=1 [id=26 static=1 gap=11.83m d=0.24 size=0.31]
1786776058.653 [STATIC_OT] state=TRAILING path_exists=0 path_locked=0 path_ttl_ok=0 path_safe=0 on_spline=0 speed=0.00 raw_wpnts=0 raw_age=-s decision=TRAILING reason=NO_STATIC_PATH
1786776058.867 [STATIC_OT] state=TRAILING path_exists=0 path_locked=0 path_ttl_ok=0 path_safe=0 on_spline=0 speed=0.00 raw_wpnts=0 raw_age=-s decision=TRAILING reason=NO_STATIC_PATH
1786776059.090 [OBSTACLES] cur_s=16.14 cur_d=-0.25 vs=0.00 n=1 [id=26 static=1 gap=11.85m d=0.24 size=0.28]
1786776059.100 [STATIC_OT] state=TRAILING path_exists=0 path_locked=0 path_ttl_ok=0 path_safe=0 on_spline=0 speed=0.00 raw_wpnts=0 raw_age=-s decision=TRAILING reason=NO_STATIC_PATH
1786776059.315 [STATIC_OT] state=TRAILING path_exists=0 path_locked=0 path_ttl_ok=0 path_safe=0 on_spline=0 speed=0.00 raw_wpnts=0 raw_age=-s decision=TRAILING reason=NO_STATIC_PATH
1786776059.531 [STATIC_OT] state=TRAILING path_exists=0 path_locked=0 path_ttl_ok=0 path_safe=0 on_spline=0 speed=0.00 raw_wpnts=0 raw_age=-s decision=TRAILING reason=NO_STATIC_PATH
1786776059.607 [OBSTACLES] cur_s=16.14 cur_d=-0.25 vs=0.00 n=2 [id=26 static=1 gap=11.84m d=0.24 size=0.33; id=29 static=1 gap=11.51m d=-0.43 size=0.31]
1786776059.785 [STATIC_OT] state=TRAILING path_exists=0 path_locked=0 path_ttl_ok=0 path_safe=0 on_spline=0 speed=0.00 raw_wpnts=0 raw_age=-s decision=TRAILING reason=NO_STATIC_PATH
1786776060.057 [STATIC_OT] state=TRAILING path_exists=0 path_locked=0 path_ttl_ok=0 path_safe=0 on_spline=0 speed=0.00 raw_wpnts=0 raw_age=-s decision=TRAILING reason=NO_STATIC_PATH
1786776060.138 [OBSTACLES] cur_s=16.14 cur_d=-0.24 vs=0.00 n=2 [id=26 static=1 gap=11.88m d=0.24 size=0.26; id=29 static=1 gap=11.49m d=-0.44 size=0.34]
1786776060.318 [STATIC_OT] state=TRAILING path_exists=0 path_locked=0 path_ttl_ok=0 path_safe=0 on_spline=0 speed=0.00 raw_wpnts=0 raw_age=-s decision=TRAILING reason=NO_STATIC_PATH
1786776060.517 [STATE_CHANGE] TRAILING -> RECOVERY src=RECOVERY s=16.14 d=-0.25 vs=0.00
1786776060.661 [OBSTACLES] cur_s=16.14 cur_d=-0.25 vs=0.00 n=0 [none]
1786776061.198 [OBSTACLES] cur_s=16.14 cur_d=-0.25 vs=0.00 n=0 [none]
1786776061.292 [STATIC_OT] state=RECOVERY path_exists=0 path_locked=0 path_ttl_ok=0 path_safe=0 on_spline=0 speed=0.00 raw_wpnts=0 raw_age=-s decision=TRAILING reason=NO_STATIC_PATH
1786776061.294 [STATE_CHANGE] RECOVERY -> TRAILING src=RECOVERY s=16.14 d=-0.25 vs=0.00
1786776061.529 [STATIC_OT] state=TRAILING path_exists=0 path_locked=0 path_ttl_ok=0 path_safe=0 on_spline=0 speed=0.00 raw_wpnts=0 raw_age=-s decision=TRAILING reason=NO_STATIC_PATH
1786776061.569 [STATE_CHANGE] TRAILING -> RECOVERY src=RECOVERY s=16.14 d=-0.25 vs=0.00
1786776061.712 [OBSTACLES] cur_s=16.14 cur_d=-0.25 vs=0.00 n=0 [none]
1786776062.019 [STATIC_OT] state=RECOVERY path_exists=0 path_locked=0 path_ttl_ok=0 path_safe=0 on_spline=0 speed=0.00 raw_wpnts=0 raw_age=-s decision=TRAILING reason=NO_STATIC_PATH
1786776062.022 [STATE_CHANGE] RECOVERY -> TRAILING src=RECOVERY s=16.14 d=-0.25 vs=0.00
1786776062.212 [OBSTACLES] cur_s=16.14 cur_d=-0.25 vs=0.00 n=2 [id=32 static=1 gap=11.89m d=0.26 size=0.26; id=33 static=1 gap=11.50m d=-0.44 size=0.30]
1786776062.258 [STATIC_OT] state=TRAILING path_exists=0 path_locked=0 path_ttl_ok=0 path_safe=0 on_spline=0 speed=0.00 raw_wpnts=0 raw_age=-s decision=TRAILING reason=NO_STATIC_PATH
1786776062.532 [STATIC_OT] state=TRAILING path_exists=0 path_locked=0 path_ttl_ok=0 path_safe=0 on_spline=0 speed=0.00 raw_wpnts=0 raw_age=-s decision=TRAILING reason=NO_STATIC_PATH
1786776062.738 [OBSTACLES] cur_s=16.14 cur_d=-0.24 vs=0.00 n=2 [id=32 static=1 gap=11.85m d=0.25 size=0.34; id=33 static=1 gap=11.47m d=-0.45 size=0.36]
1786776062.750 [STATIC_OT] state=TRAILING path_exists=0 path_locked=0 path_ttl_ok=0 path_safe=0 on_spline=0 speed=0.00 raw_wpnts=0 raw_age=-s decision=TRAILING reason=NO_STATIC_PATH
1786776062.986 [STATIC_OT] state=TRAILING path_exists=0 path_locked=0 path_ttl_ok=0 path_safe=0 on_spline=0 speed=0.00 raw_wpnts=0 raw_age=-s decision=TRAILING reason=NO_STATIC_PATH
1786776063.251 [OBSTACLES] cur_s=16.14 cur_d=-0.25 vs=0.00 n=2 [id=32 static=1 gap=11.87m d=0.25 size=0.28; id=33 static=1 gap=11.50m d=-0.45 size=0.31]
1786776063.259 [STATIC_OT] state=TRAILING path_exists=0 path_locked=0 path_ttl_ok=0 path_safe=0 on_spline=0 speed=0.00 raw_wpnts=0 raw_age=-s decision=TRAILING reason=NO_STATIC_PATH
1786776063.536 [STATIC_OT] state=TRAILING path_exists=0 path_locked=0 path_ttl_ok=0 path_safe=0 on_spline=0 speed=0.00 raw_wpnts=0 raw_age=-s decision=TRAILING reason=NO_STATIC_PATH
1786776063.760 [OBSTACLES] cur_s=16.14 cur_d=-0.25 vs=0.00 n=2 [id=32 static=1 gap=11.85m d=0.25 size=0.30; id=33 static=1 gap=11.49m d=-0.45 size=0.33]
1786776063.771 [STATIC_OT] state=TRAILING path_exists=0 path_locked=0 path_ttl_ok=0 path_safe=0 on_spline=0 speed=0.00 raw_wpnts=0 raw_age=-s decision=TRAILING reason=NO_STATIC_PATH
1786776064.079 [STATIC_OT] state=TRAILING path_exists=0 path_locked=0 path_ttl_ok=0 path_safe=0 on_spline=0 speed=0.00 raw_wpnts=0 raw_age=-s decision=TRAILING reason=NO_STATIC_PATH
1786776064.275 [OBSTACLES] cur_s=16.14 cur_d=-0.25 vs=0.00 n=2 [id=32 static=1 gap=11.87m d=0.25 size=0.28; id=33 static=1 gap=11.46m d=-0.45 size=0.39]
1786776064.405 [STATIC_OT] state=TRAILING path_exists=0 path_locked=0 path_ttl_ok=0 path_safe=0 on_spline=0 speed=0.00 raw_wpnts=0 raw_age=-s decision=TRAILING reason=NO_STATIC_PATH
1786776064.631 [STATIC_OT] state=TRAILING path_exists=0 path_locked=0 path_ttl_ok=0 path_safe=0 on_spline=0 speed=0.00 raw_wpnts=0 raw_age=-s decision=TRAILING reason=NO_STATIC_PATH
1786776064.871 [OBSTACLES] cur_s=16.14 cur_d=-0.25 vs=0.00 n=2 [id=32 static=1 gap=11.82m d=0.25 size=0.36; id=33 static=1 gap=11.49m d=-0.45 size=0.33]
1786776064.880 [STATIC_OT] state=TRAILING path_exists=0 path_locked=0 path_ttl_ok=0 path_safe=0 on_spline=0 speed=0.00 raw_wpnts=0 raw_age=-s decision=TRAILING reason=NO_STATIC_PATH
1786776065.185 [STATIC_OT] state=TRAILING path_exists=0 path_locked=0 path_ttl_ok=0 path_safe=0 on_spline=0 speed=0.00 raw_wpnts=0 raw_age=-s decision=TRAILING reason=NO_STATIC_PATH
1786776065.324 [STATE_CHANGE] TRAILING -> RECOVERY src=RECOVERY s=16.14 d=-0.25 vs=0.00
1786776065.408 [OBSTACLES] cur_s=16.14 cur_d=-0.25 vs=0.00 n=0 [none]
1786776065.860 [STATIC_OT] state=RECOVERY path_exists=0 path_locked=0 path_ttl_ok=0 path_safe=0 on_spline=0 speed=0.00 raw_wpnts=0 raw_age=-s decision=TRAILING reason=NO_STATIC_PATH
1786776065.866 [STATE_CHANGE] RECOVERY -> TRAILING src=RECOVERY s=16.14 d=-0.25 vs=0.00
1786776065.973 [OBSTACLES] cur_s=16.14 cur_d=-0.24 vs=0.00 n=2 [id=34 static=1 gap=11.78m d=0.25 size=0.37; id=35 static=1 gap=11.49m d=-0.46 size=0.32]
1786776066.065 [STATIC_OT] state=TRAILING path_exists=0 path_locked=0 path_ttl_ok=0 path_safe=0 on_spline=0 speed=0.00 raw_wpnts=0 raw_age=-s decision=TRAILING reason=NO_STATIC_PATH
1786776066.144 [STATE_CHANGE] TRAILING -> RECOVERY src=RECOVERY s=16.14 d=-0.25 vs=0.00
1786776066.528 [OBSTACLES] cur_s=16.14 cur_d=-0.25 vs=0.00 n=0 [none]
1786776066.951 [STATIC_OT] state=RECOVERY path_exists=0 path_locked=0 path_ttl_ok=0 path_safe=0 on_spline=0 speed=0.00 raw_wpnts=0 raw_age=-s decision=TRAILING reason=NO_STATIC_PATH
1786776066.958 [STATE_CHANGE] RECOVERY -> TRAILING src=RECOVERY s=16.14 d=-0.25 vs=0.00
1786776067.049 [OBSTACLES] cur_s=16.14 cur_d=-0.25 vs=0.00 n=2 [id=36 static=1 gap=11.90m d=0.23 size=0.20; id=37 static=1 gap=11.47m d=-0.46 size=0.34]
1786776067.201 [STATIC_OT] state=TRAILING path_exists=0 path_locked=0 path_ttl_ok=0 path_safe=0 on_spline=0 speed=0.00 raw_wpnts=0 raw_age=-s decision=TRAILING reason=NO_STATIC_PATH
1786776067.423 [STATIC_OT] state=TRAILING path_exists=0 path_locked=0 path_ttl_ok=0 path_safe=0 on_spline=0 speed=0.00 raw_wpnts=0 raw_age=-s decision=TRAILING reason=NO_STATIC_PATH
1786776067.566 [OBSTACLES] cur_s=16.14 cur_d=-0.25 vs=0.00 n=2 [id=36 static=1 gap=11.87m d=0.23 size=0.26; id=37 static=1 gap=11.51m d=-0.45 size=0.28]
1786776067.636 [STATIC_OT] state=TRAILING path_exists=0 path_locked=0 path_ttl_ok=0 path_safe=0 on_spline=0 speed=0.00 raw_wpnts=0 raw_age=-s decision=TRAILING reason=NO_STATIC_PATH
1786776067.852 [STATIC_OT] state=TRAILING path_exists=0 path_locked=0 path_ttl_ok=0 path_safe=0 on_spline=0 speed=0.00 raw_wpnts=0 raw_age=-s decision=TRAILING reason=NO_STATIC_PATH
1786776068.055 [STATIC_OT] state=TRAILING path_exists=0 path_locked=0 path_ttl_ok=0 path_safe=0 on_spline=0 speed=0.00 raw_wpnts=0 raw_age=-s decision=TRAILING reason=NO_STATIC_PATH
1786776068.087 [OBSTACLES] cur_s=16.14 cur_d=-0.25 vs=0.00 n=2 [id=36 static=1 gap=11.86m d=0.23 size=0.27; id=37 static=1 gap=11.51m d=-0.45 size=0.29]
1786776068.267 [STATIC_OT] state=TRAILING path_exists=0 path_locked=0 path_ttl_ok=0 path_safe=0 on_spline=0 speed=0.00 raw_wpnts=0 raw_age=-s decision=TRAILING reason=NO_STATIC_PATH
1786776068.509 [STATIC_OT] state=TRAILING path_exists=0 path_locked=0 path_ttl_ok=0 path_safe=0 on_spline=0 speed=0.00 raw_wpnts=0 raw_age=-s decision=TRAILING reason=NO_STATIC_PATH
1786776068.616 [OBSTACLES] cur_s=16.14 cur_d=-0.25 vs=0.00 n=2 [id=36 static=1 gap=11.85m d=0.24 size=0.29; id=37 static=1 gap=11.52m d=-0.45 size=0.29]
1786776068.708 [STATE_CHANGE] TRAILING -> RECOVERY src=RECOVERY s=16.14 d=-0.25 vs=0.00
1786776068.749 [STATE_CHANGE] RECOVERY -> LOSTLINE src=GB_TRACK s=16.14 d=-0.25 vs=0.00
1786776068.815 [STATE_CHANGE] LOSTLINE -> GB_TRACK src=GB_TRACK s=16.14 d=-0.24 vs=0.00
1786776069.144 [OBSTACLES] cur_s=16.14 cur_d=-0.25 vs=0.00 n=0 [none]
1786776069.650 [OBSTACLES] cur_s=16.14 cur_d=-0.25 vs=0.00 n=0 [none]
1786776069.870 [STATIC_OT] state=GB_TRACK path_exists=0 path_locked=0 path_ttl_ok=0 path_safe=0 on_spline=0 speed=0.00 raw_wpnts=0 raw_age=-s decision=TRAILING reason=NO_STATIC_PATH
1786776069.871 [STATE_CHANGE] GB_TRACK -> TRAILING src=GB_TRACK s=16.14 d=-0.25 vs=0.00
1786776070.144 [STATIC_OT] state=TRAILING path_exists=0 path_locked=0 path_ttl_ok=0 path_safe=0 on_spline=0 speed=0.00 raw_wpnts=0 raw_age=-s decision=TRAILING reason=NO_STATIC_PATH
1786776070.274 [OBSTACLES] cur_s=16.14 cur_d=-0.25 vs=0.00 n=2 [id=38 static=1 gap=11.90m d=0.24 size=0.22; id=40 static=1 gap=11.41m d=-0.45 size=0.43]
1786776070.406 [STATIC_OT] state=TRAILING path_exists=0 path_locked=0 path_ttl_ok=0 path_safe=0 on_spline=0 speed=0.00 raw_wpnts=0 raw_age=-s decision=TRAILING reason=NO_STATIC_PATH
1786776070.670 [STATIC_OT] state=TRAILING path_exists=0 path_locked=0 path_ttl_ok=0 path_safe=0 on_spline=0 speed=0.00 raw_wpnts=0 raw_age=-s decision=TRAILING reason=NO_STATIC_PATH
1786776070.821 [OBSTACLES] cur_s=16.14 cur_d=-0.25 vs=0.00 n=2 [id=38 static=1 gap=11.87m d=0.23 size=0.28; id=40 static=1 gap=11.47m d=-0.45 size=0.34]
1786776070.951 [STATE_CHANGE] TRAILING -> LOSTLINE src=GB_TRACK s=16.14 d=-0.25 vs=0.00
1786776071.009 [STATE_CHANGE] LOSTLINE -> GB_TRACK src=GB_TRACK s=16.14 d=-0.25 vs=0.00
1786776071.351 [OBSTACLES] cur_s=16.14 cur_d=-0.25 vs=0.00 n=0 [none]
1786776071.914 [OBSTACLES] cur_s=16.14 cur_d=-0.25 vs=0.00 n=0 [none]
1786776072.138 [STATIC_OT] state=GB_TRACK path_exists=0 path_locked=0 path_ttl_ok=0 path_safe=0 on_spline=0 speed=0.00 raw_wpnts=0 raw_age=-s decision=TRAILING reason=NO_STATIC_PATH
1786776072.141 [STATE_CHANGE] GB_TRACK -> TRAILING src=GB_TRACK s=16.14 d=-0.25 vs=0.00
1786776072.368 [STATIC_OT] state=TRAILING path_exists=0 path_locked=0 path_ttl_ok=0 path_safe=0 on_spline=0 speed=0.00 raw_wpnts=0 raw_age=-s decision=TRAILING reason=NO_STATIC_PATH
1786776072.476 [OBSTACLES] cur_s=16.14 cur_d=-0.25 vs=0.00 n=2 [id=43 static=1 gap=11.87m d=0.23 size=0.29; id=44 static=1 gap=11.49m d=-0.45 size=0.35]
1786776072.579 [STATIC_OT] state=TRAILING path_exists=0 path_locked=0 path_ttl_ok=0 path_safe=0 on_spline=0 speed=0.00 raw_wpnts=0 raw_age=-s decision=TRAILING reason=NO_STATIC_PATH
1786776072.846 [STATIC_OT] state=TRAILING path_exists=0 path_locked=0 path_ttl_ok=0 path_safe=0 on_spline=0 speed=0.00 raw_wpnts=0 raw_age=-s decision=TRAILING reason=NO_STATIC_PATH
1786776073.079 [OBSTACLES] cur_s=16.14 cur_d=-0.25 vs=0.00 n=0 [none]
1786776073.080 [STATE_CHANGE] TRAILING -> LOSTLINE src=GB_TRACK s=16.14 d=-0.25 vs=0.00
1786776073.184 [STATE_CHANGE] LOSTLINE -> GB_TRACK src=GB_TRACK s=16.14 d=-0.25 vs=0.00
1786776073.605 [STATIC_OT] state=GB_TRACK path_exists=0 path_locked=0 path_ttl_ok=0 path_safe=0 on_spline=0 speed=0.00 raw_wpnts=0 raw_age=-s decision=TRAILING reason=NO_STATIC_PATH
1786776073.605 [STATE_CHANGE] GB_TRACK -> TRAILING src=GB_TRACK s=16.14 d=-0.25 vs=0.00
1786776073.669 [OBSTACLES] cur_s=16.14 cur_d=-0.25 vs=0.00 n=2 [id=45 static=1 gap=11.86m d=0.23 size=0.28; id=46 static=1 gap=11.48m d=-0.46 size=0.33]
1786776073.833 [STATIC_OT] state=TRAILING path_exists=0 path_locked=0 path_ttl_ok=0 path_safe=0 on_spline=0 speed=0.00 raw_wpnts=0 raw_age=-s decision=TRAILING reason=NO_STATIC_PATH
1786776074.041 [STATIC_OT] state=TRAILING path_exists=0 path_locked=0 path_ttl_ok=0 path_safe=0 on_spline=0 speed=0.00 raw_wpnts=0 raw_age=-s decision=TRAILING reason=NO_STATIC_PATH
1786776074.297 [OBSTACLES] cur_s=16.14 cur_d=-0.25 vs=0.00 n=2 [id=45 static=1 gap=11.87m d=0.23 size=0.25; id=46 static=1 gap=11.52m d=-0.45 size=0.27]
1786776074.301 [STATIC_OT] state=TRAILING path_exists=0 path_locked=0 path_ttl_ok=0 path_safe=0 on_spline=0 speed=0.00 raw_wpnts=0 raw_age=-s decision=TRAILING reason=NO_STATIC_PATH
1786776074.560 [STATIC_OT] state=TRAILING path_exists=0 path_locked=0 path_ttl_ok=0 path_safe=0 on_spline=0 speed=0.00 raw_wpnts=0 raw_age=-s decision=TRAILING reason=NO_STATIC_PATH
1786776074.769 [STATIC_OT] state=TRAILING path_exists=0 path_locked=0 path_ttl_ok=0 path_safe=0 on_spline=0 speed=0.00 raw_wpnts=0 raw_age=-s decision=TRAILING reason=NO_STATIC_PATH
1786776074.989 [OBSTACLES] cur_s=16.14 cur_d=-0.25 vs=0.00 n=1 [id=45 static=1 gap=11.85m d=0.23 size=0.31]
1786776074.995 [STATIC_OT] state=TRAILING path_exists=0 path_locked=0 path_ttl_ok=0 path_safe=0 on_spline=0 speed=0.00 raw_wpnts=0 raw_age=-s decision=TRAILING reason=NO_STATIC_PATH
1786776075.233 [STATIC_OT] state=TRAILING path_exists=0 path_locked=0 path_ttl_ok=0 path_safe=0 on_spline=0 speed=0.00 raw_wpnts=0 raw_age=-s decision=TRAILING reason=NO_STATIC_PATH
1786776075.436 [STATIC_OT] state=TRAILING path_exists=0 path_locked=0 path_ttl_ok=0 path_safe=0 on_spline=0 speed=0.00 raw_wpnts=0 raw_age=-s decision=TRAILING reason=NO_STATIC_PATH
1786776075.577 [OBSTACLES] cur_s=16.14 cur_d=-0.25 vs=0.00 n=2 [id=45 static=1 gap=11.87m d=0.23 size=0.28; id=47 static=1 gap=11.54m d=-0.46 size=0.25]
1786776075.711 [STATIC_OT] state=TRAILING path_exists=0 path_locked=0 path_ttl_ok=0 path_safe=0 on_spline=0 speed=0.00 raw_wpnts=0 raw_age=-s decision=TRAILING reason=NO_STATIC_PATH
1786776075.972 [STATIC_OT] state=TRAILING path_exists=0 path_locked=0 path_ttl_ok=0 path_safe=0 on_spline=0 speed=0.00 raw_wpnts=0 raw_age=-s decision=TRAILING reason=NO_STATIC_PATH
1786776076.017 [STATE_CHANGE] TRAILING -> RECOVERY src=RECOVERY s=16.14 d=-0.25 vs=0.00
1786776076.110 [OBSTACLES] cur_s=16.14 cur_d=-0.25 vs=0.00 n=0 [none]
1786776076.638 [OBSTACLES] cur_s=16.14 cur_d=-0.25 vs=0.00 n=0 [none]
1786776077.018 [STATIC_OT] state=RECOVERY path_exists=0 path_locked=0 path_ttl_ok=0 path_safe=0 on_spline=0 speed=0.00 raw_wpnts=0 raw_age=-s decision=TRAILING reason=NO_STATIC_PATH
1786776077.022 [STATE_CHANGE] RECOVERY -> TRAILING src=RECOVERY s=16.14 d=-0.25 vs=0.00
1786776077.190 [OBSTACLES] cur_s=16.14 cur_d=-0.25 vs=0.00 n=2 [id=48 static=1 gap=11.86m d=0.23 size=0.28; id=49 static=1 gap=11.50m d=-0.44 size=0.31]
1786776077.223 [STATIC_OT] state=TRAILING path_exists=0 path_locked=0 path_ttl_ok=0 path_safe=0 on_spline=0 speed=0.00 raw_wpnts=0 raw_age=-s decision=TRAILING reason=NO_STATIC_PATH
1786776077.500 [STATIC_OT] state=TRAILING path_exists=0 path_locked=0 path_ttl_ok=0 path_safe=0 on_spline=0 speed=0.00 raw_wpnts=0 raw_age=-s decision=TRAILING reason=NO_STATIC_PATH
1786776077.716 [OBSTACLES] cur_s=16.14 cur_d=-0.25 vs=0.00 n=2 [id=48 static=1 gap=11.83m d=0.23 size=0.29; id=49 static=1 gap=11.50m d=-0.45 size=0.31]
1786776077.719 [STATIC_OT] state=TRAILING path_exists=0 path_locked=0 path_ttl_ok=0 path_safe=0 on_spline=0 speed=0.00 raw_wpnts=0 raw_age=-s decision=TRAILING reason=NO_STATIC_PATH
1786776077.946 [STATIC_OT] state=TRAILING path_exists=0 path_locked=0 path_ttl_ok=0 path_safe=0 on_spline=0 speed=0.00 raw_wpnts=0 raw_age=-s decision=TRAILING reason=NO_STATIC_PATH
1786776078.184 [STATIC_OT] state=TRAILING path_exists=0 path_locked=0 path_ttl_ok=0 path_safe=0 on_spline=0 speed=0.00 raw_wpnts=0 raw_age=-s decision=TRAILING reason=NO_STATIC_PATH
1786776078.266 [OBSTACLES] cur_s=16.14 cur_d=-0.24 vs=0.00 n=2 [id=48 static=1 gap=11.79m d=0.24 size=0.37; id=49 static=1 gap=11.49m d=-0.45 size=0.32]
1786776078.437 [STATIC_OT] state=TRAILING path_exists=0 path_locked=0 path_ttl_ok=0 path_safe=0 on_spline=0 speed=0.00 raw_wpnts=0 raw_age=-s decision=TRAILING reason=NO_STATIC_PATH
1786776078.682 [STATIC_OT] state=TRAILING path_exists=0 path_locked=0 path_ttl_ok=0 path_safe=0 on_spline=0 speed=0.00 raw_wpnts=0 raw_age=-s decision=TRAILING reason=NO_STATIC_PATH
1786776078.780 [OBSTACLES] cur_s=16.14 cur_d=-0.25 vs=0.00 n=2 [id=48 static=1 gap=11.77m d=0.24 size=0.41; id=49 static=1 gap=11.49m d=-0.46 size=0.33]
1786776079.012 [STATIC_OT] state=TRAILING path_exists=0 path_locked=0 path_ttl_ok=0 path_safe=0 on_spline=0 speed=0.00 raw_wpnts=0 raw_age=-s decision=TRAILING reason=NO_STATIC_PATH
1786776079.243 [STATIC_OT] state=TRAILING path_exists=0 path_locked=0 path_ttl_ok=0 path_safe=0 on_spline=0 speed=0.00 raw_wpnts=0 raw_age=-s decision=TRAILING reason=NO_STATIC_PATH
1786776079.344 [OBSTACLES] cur_s=16.14 cur_d=-0.25 vs=0.00 n=1 [id=48 static=1 gap=11.81m d=0.24 size=0.34]
1786776079.499 [STATIC_OT] state=TRAILING path_exists=0 path_locked=0 path_ttl_ok=0 path_safe=0 on_spline=0 speed=0.00 raw_wpnts=0 raw_age=-s decision=TRAILING reason=NO_STATIC_PATH
1786776079.700 [STATIC_OT] state=TRAILING path_exists=0 path_locked=0 path_ttl_ok=0 path_safe=0 on_spline=0 speed=0.00 raw_wpnts=0 raw_age=-s decision=TRAILING reason=NO_STATIC_PATH
1786776079.847 [OBSTACLES] cur_s=16.14 cur_d=-0.25 vs=0.00 n=2 [id=48 static=1 gap=11.85m d=0.24 size=0.27; id=50 static=1 gap=11.48m d=-0.45 size=0.34]
1786776079.908 [STATIC_OT] state=TRAILING path_exists=0 path_locked=0 path_ttl_ok=0 path_safe=0 on_spline=0 speed=0.00 raw_wpnts=0 raw_age=-s decision=TRAILING reason=NO_STATIC_PATH
1786776080.162 [STATIC_OT] state=TRAILING path_exists=0 path_locked=0 path_ttl_ok=0 path_safe=0 on_spline=0 speed=0.00 raw_wpnts=0 raw_age=-s decision=TRAILING reason=NO_STATIC_PATH
1786776080.358 [OBSTACLES] cur_s=16.14 cur_d=-0.25 vs=0.00 n=2 [id=48 static=1 gap=11.88m d=0.24 size=0.21; id=50 static=1 gap=11.49m d=-0.46 size=0.33]
1786776080.374 [STATIC_OT] state=TRAILING path_exists=0 path_locked=0 path_ttl_ok=0 path_safe=0 on_spline=0 speed=0.00 raw_wpnts=0 raw_age=-s decision=TRAILING reason=NO_STATIC_PATH
1786776080.610 [STATIC_OT] state=TRAILING path_exists=0 path_locked=0 path_ttl_ok=0 path_safe=0 on_spline=0 speed=0.00 raw_wpnts=0 raw_age=-s decision=TRAILING reason=NO_STATIC_PATH
1786776080.847 [STATIC_OT] state=TRAILING path_exists=0 path_locked=0 path_ttl_ok=0 path_safe=0 on_spline=0 speed=0.00 raw_wpnts=0 raw_age=-s decision=TRAILING reason=NO_STATIC_PATH
1786776080.898 [OBSTACLES] cur_s=16.14 cur_d=-0.25 vs=0.00 n=2 [id=48 static=1 gap=11.82m d=0.24 size=0.33; id=50 static=1 gap=11.51m d=-0.46 size=0.28]
1786776081.055 [STATIC_OT] state=TRAILING path_exists=0 path_locked=0 path_ttl_ok=0 path_safe=0 on_spline=0 speed=0.00 raw_wpnts=0 raw_age=-s decision=TRAILING reason=NO_STATIC_PATH
1786776081.235 [STATE_CHANGE] TRAILING -> RECOVERY src=RECOVERY s=16.14 d=-0.25 vs=0.00
1786776081.407 [OBSTACLES] cur_s=16.14 cur_d=-0.25 vs=0.00 n=0 [none]
1786776081.966 [OBSTACLES] cur_s=16.14 cur_d=-0.25 vs=0.00 n=0 [none]
1786776082.302 [STATIC_OT] state=RECOVERY path_exists=0 path_locked=0 path_ttl_ok=0 path_safe=0 on_spline=0 speed=0.00 raw_wpnts=0 raw_age=-s decision=TRAILING reason=NO_STATIC_PATH
1786776082.310 [STATE_CHANGE] RECOVERY -> TRAILING src=RECOVERY s=16.14 d=-0.25 vs=0.00
1786776082.490 [OBSTACLES] cur_s=16.14 cur_d=-0.25 vs=0.00 n=2 [id=53 static=1 gap=11.85m d=0.21 size=0.35; id=54 static=1 gap=11.49m d=-0.44 size=0.30]
1786776082.534 [STATIC_OT] state=TRAILING path_exists=0 path_locked=0 path_ttl_ok=0 path_safe=0 on_spline=0 speed=0.00 raw_wpnts=0 raw_age=-s decision=TRAILING reason=NO_STATIC_PATH
1786776082.735 [STATIC_OT] state=TRAILING path_exists=0 path_locked=0 path_ttl_ok=0 path_safe=0 on_spline=0 speed=0.00 raw_wpnts=0 raw_age=-s decision=TRAILING reason=NO_STATIC_PATH
1786776082.792 [STATE_CHANGE] TRAILING -> RECOVERY src=RECOVERY s=16.14 d=-0.25 vs=0.00
1786776083.059 [OBSTACLES] cur_s=16.14 cur_d=-0.25 vs=0.00 n=0 [none]
1786776083.593 [OBSTACLES] cur_s=16.14 cur_d=-0.25 vs=0.00 n=0 [none]
1786776083.802 [STATE_CHANGE] RECOVERY -> LOSTLINE src=GB_TRACK s=16.14 d=-0.25 vs=0.00
1786776083.887 [STATE_CHANGE] LOSTLINE -> GB_TRACK src=GB_TRACK s=16.14 d=-0.25 vs=0.00
1786776084.125 [OBSTACLES] cur_s=16.14 cur_d=-0.25 vs=0.00 n=0 [none]
1786776084.457 [STATIC_OT] state=GB_TRACK path_exists=0 path_locked=0 path_ttl_ok=0 path_safe=0 on_spline=0 speed=0.00 raw_wpnts=0 raw_age=-s decision=TRAILING reason=NO_STATIC_PATH
1786776084.459 [STATE_CHANGE] GB_TRACK -> TRAILING src=GB_TRACK s=16.14 d=-0.25 vs=0.00
1786776084.645 [OBSTACLES] cur_s=16.14 cur_d=-0.25 vs=0.00 n=2 [id=59 static=1 gap=11.83m d=0.23 size=0.32; id=60 static=1 gap=11.48m d=-0.46 size=0.32]
1786776084.669 [STATIC_OT] state=TRAILING path_exists=0 path_locked=0 path_ttl_ok=0 path_safe=0 on_spline=0 speed=0.00 raw_wpnts=0 raw_age=-s decision=TRAILING reason=NO_STATIC_PATH
1786776084.899 [STATIC_OT] state=TRAILING path_exists=0 path_locked=0 path_ttl_ok=0 path_safe=0 on_spline=0 speed=0.00 raw_wpnts=0 raw_age=-s decision=TRAILING reason=NO_STATIC_PATH
1786776085.162 [OBSTACLES] cur_s=16.14 cur_d=-0.25 vs=0.00 n=2 [id=59 static=1 gap=11.91m d=0.24 size=0.21; id=60 static=1 gap=11.50m d=-0.46 size=0.31]
1786776085.166 [STATIC_OT] state=TRAILING path_exists=0 path_locked=0 path_ttl_ok=0 path_safe=0 on_spline=0 speed=0.00 raw_wpnts=0 raw_age=-s decision=TRAILING reason=NO_STATIC_PATH
1786776085.367 [STATIC_OT] state=TRAILING path_exists=0 path_locked=0 path_ttl_ok=0 path_safe=0 on_spline=0 speed=0.00 raw_wpnts=0 raw_age=-s decision=TRAILING reason=NO_STATIC_PATH
1786776085.597 [STATIC_OT] state=TRAILING path_exists=0 path_locked=0 path_ttl_ok=0 path_safe=0 on_spline=0 speed=0.00 raw_wpnts=0 raw_age=-s decision=TRAILING reason=NO_STATIC_PATH
1786776085.675 [OBSTACLES] cur_s=16.14 cur_d=-0.25 vs=0.00 n=2 [id=59 static=1 gap=11.90m d=0.24 size=0.24; id=60 static=1 gap=11.52m d=-0.46 size=0.28]
1786776085.793 [STATE_CHANGE] TRAILING -> RECOVERY src=RECOVERY s=16.14 d=-0.25 vs=0.00
1786776086.207 [OBSTACLES] cur_s=16.15 cur_d=-0.25 vs=0.00 n=0 [none]
1786776086.765 [OBSTACLES] cur_s=16.14 cur_d=-0.25 vs=0.00 n=0 [none]
1786776087.338 [OBSTACLES] cur_s=16.14 cur_d=-0.25 vs=0.00 n=0 [none]
1786776087.672 [STATIC_OT] state=RECOVERY path_exists=0 path_locked=0 path_ttl_ok=0 path_safe=0 on_spline=0 speed=0.00 raw_wpnts=0 raw_age=-s decision=TRAILING reason=NO_STATIC_PATH
1786776087.687 [STATE_CHANGE] RECOVERY -> TRAILING src=RECOVERY s=16.14 d=-0.25 vs=0.00
1786776087.847 [OBSTACLES] cur_s=16.14 cur_d=-0.25 vs=0.00 n=2 [id=64 static=1 gap=11.84m d=0.24 size=0.34; id=65 static=1 gap=11.46m d=-0.43 size=0.36]
1786776087.918 [STATIC_OT] state=TRAILING path_exists=0 path_locked=0 path_ttl_ok=0 path_safe=0 on_spline=0 speed=0.00 raw_wpnts=0 raw_age=-s decision=TRAILING reason=NO_STATIC_PATH
1786776088.144 [STATIC_OT] state=TRAILING path_exists=0 path_locked=0 path_ttl_ok=0 path_safe=0 on_spline=0 speed=0.00 raw_wpnts=0 raw_age=-s decision=TRAILING reason=NO_STATIC_PATH
1786776088.351 [STATIC_OT] state=TRAILING path_exists=0 path_locked=0 path_ttl_ok=0 path_safe=0 on_spline=0 speed=0.00 raw_wpnts=0 raw_age=-s decision=TRAILING reason=NO_STATIC_PATH
1786776088.428 [OBSTACLES] cur_s=16.14 cur_d=-0.25 vs=0.00 n=2 [id=64 static=1 gap=11.85m d=0.24 size=0.32; id=65 static=1 gap=11.48m d=-0.44 size=0.34]
1786776088.607 [STATIC_OT] state=TRAILING path_exists=0 path_locked=0 path_ttl_ok=0 path_safe=0 on_spline=0 speed=0.00 raw_wpnts=0 raw_age=-s decision=TRAILING reason=NO_STATIC_PATH
1786776088.822 [STATIC_OT] state=TRAILING path_exists=0 path_locked=0 path_ttl_ok=0 path_safe=0 on_spline=0 speed=0.00 raw_wpnts=0 raw_age=-s decision=TRAILING reason=NO_STATIC_PATH
1786776088.993 [OBSTACLES] cur_s=16.14 cur_d=-0.25 vs=0.00 n=2 [id=64 static=1 gap=11.85m d=0.24 size=0.30; id=65 static=1 gap=11.48m d=-0.44 size=0.34]
1786776089.187 [STATE_CHANGE] TRAILING -> RECOVERY src=RECOVERY s=16.14 d=-0.25 vs=0.00
1786776089.521 [OBSTACLES] cur_s=5.02 cur_d=-0.45 vs=0.00 n=0 [none]
1786776090.113 [OBSTACLES] cur_s=5.02 cur_d=-0.47 vs=0.00 n=0 [none]
1786776090.326 [STATIC_OT] state=RECOVERY path_exists=0 path_locked=0 path_ttl_ok=0 path_safe=0 on_spline=0 speed=0.00 raw_wpnts=0 raw_age=-s decision=TRAILING reason=NO_STATIC_PATH
1786776090.327 [STATE_CHANGE] RECOVERY -> TRAILING src=RECOVERY s=5.02 d=-0.47 vs=0.00
1786776090.619 [OBSTACLES] cur_s=5.02 cur_d=-0.47 vs=0.00 n=1 [id=68 static=1 gap=11.48m d=-0.24 size=0.18]
1786776090.636 [STATIC_OT] state=TRAILING path_exists=0 path_locked=0 path_ttl_ok=0 path_safe=0 on_spline=0 speed=0.00 raw_wpnts=0 raw_age=-s decision=TRAILING reason=NO_STATIC_PATH
1786776090.738 [STATE_CHANGE] TRAILING -> RECOVERY src=RECOVERY s=5.02 d=-0.47 vs=0.00
1786776090.831 [STATE_CHANGE] RECOVERY -> TRAILING src=RECOVERY s=5.02 d=-0.47 vs=0.00
1786776090.937 [STATIC_OT] state=TRAILING path_exists=0 path_locked=0 path_ttl_ok=0 path_safe=0 on_spline=0 speed=0.00 raw_wpnts=0 raw_age=-s decision=TRAILING reason=NO_STATIC_PATH
1786776091.157 [OBSTACLES] cur_s=5.02 cur_d=-0.47 vs=0.00 n=1 [id=69 static=1 gap=11.87m d=0.31 size=0.29]
1786776091.166 [STATIC_OT] state=TRAILING path_exists=0 path_locked=0 path_ttl_ok=0 path_safe=0 on_spline=0 speed=0.00 raw_wpnts=0 raw_age=-s decision=TRAILING reason=NO_STATIC_PATH
1786776091.370 [STATIC_OT] state=TRAILING path_exists=0 path_locked=0 path_ttl_ok=0 path_safe=0 on_spline=0 speed=0.00 raw_wpnts=0 raw_age=-s decision=TRAILING reason=NO_STATIC_PATH
1786776091.633 [STATIC_OT] state=TRAILING path_exists=0 path_locked=0 path_ttl_ok=0 path_safe=0 on_spline=0 speed=0.00 raw_wpnts=0 raw_age=-s decision=TRAILING reason=NO_STATIC_PATH
1786776091.746 [OBSTACLES] cur_s=5.02 cur_d=-0.47 vs=0.00 n=0 [none]
1786776091.747 [STATE_CHANGE] TRAILING -> RECOVERY src=RECOVERY s=5.02 d=-0.47 vs=0.00
1786776092.258 [OBSTACLES] cur_s=5.02 cur_d=-0.48 vs=0.00 n=0 [none]
1786776092.778 [OBSTACLES] cur_s=5.02 cur_d=-0.47 vs=0.00 n=0 [none]
1786776093.300 [OBSTACLES] cur_s=5.02 cur_d=-0.48 vs=0.00 n=0 [none]
1786776093.853 [OBSTACLES] cur_s=5.02 cur_d=-0.47 vs=0.00 n=0 [none]
1786776094.381 [OBSTACLES] cur_s=5.02 cur_d=-0.48 vs=0.00 n=0 [none]
1786776094.572 [STATIC_OT] state=RECOVERY path_exists=0 path_locked=0 path_ttl_ok=0 path_safe=0 on_spline=0 speed=0.00 raw_wpnts=0 raw_age=-s decision=TRAILING reason=NO_STATIC_PATH
1786776094.572 [STATE_CHANGE] RECOVERY -> TRAILING src=RECOVERY s=5.02 d=-0.47 vs=0.00
1786776094.780 [STATIC_OT] state=TRAILING path_exists=0 path_locked=0 path_ttl_ok=0 path_safe=0 on_spline=0 speed=0.00 raw_wpnts=0 raw_age=-s decision=TRAILING reason=NO_STATIC_PATH
1786776094.985 [OBSTACLES] cur_s=5.02 cur_d=-0.47 vs=0.00 n=1 [id=78 static=1 gap=11.89m d=0.28 size=0.18]
1786776094.997 [STATIC_OT] state=TRAILING path_exists=0 path_locked=0 path_ttl_ok=0 path_safe=0 on_spline=0 speed=0.00 raw_wpnts=0 raw_age=-s decision=TRAILING reason=NO_STATIC_PATH
1786776095.322 [STATIC_OT] state=TRAILING path_exists=0 path_locked=0 path_ttl_ok=0 path_safe=0 on_spline=0 speed=0.00 raw_wpnts=0 raw_age=-s decision=TRAILING reason=NO_STATIC_PATH
1786776095.486 [OBSTACLES] cur_s=5.02 cur_d=-0.47 vs=0.00 n=1 [id=78 static=1 gap=11.81m d=0.29 size=0.31]
1786776095.532 [STATIC_OT] state=TRAILING path_exists=0 path_locked=0 path_ttl_ok=0 path_safe=0 on_spline=0 speed=0.00 raw_wpnts=0 raw_age=-s decision=TRAILING reason=NO_STATIC_PATH
1786776095.739 [STATIC_OT] state=TRAILING path_exists=0 path_locked=0 path_ttl_ok=0 path_safe=0 on_spline=0 speed=0.00 raw_wpnts=0 raw_age=-s decision=TRAILING reason=NO_STATIC_PATH
1786776095.989 [OBSTACLES] cur_s=5.02 cur_d=-0.48 vs=0.00 n=1 [id=78 static=1 gap=11.82m d=0.29 size=0.29]
1786776095.996 [STATIC_OT] state=TRAILING path_exists=0 path_locked=0 path_ttl_ok=0 path_safe=0 on_spline=0 speed=0.00 raw_wpnts=0 raw_age=-s decision=TRAILING reason=NO_STATIC_PATH
1786776096.212 [STATIC_OT] state=TRAILING path_exists=0 path_locked=0 path_ttl_ok=0 path_safe=0 on_spline=0 speed=0.00 raw_wpnts=0 raw_age=-s decision=TRAILING reason=NO_STATIC_PATH
1786776096.528 [OBSTACLES] cur_s=5.02 cur_d=-0.47 vs=0.00 n=1 [id=78 static=1 gap=11.84m d=0.29 size=0.24]
1786776096.531 [STATIC_OT] state=TRAILING path_exists=0 path_locked=0 path_ttl_ok=0 path_safe=0 on_spline=0 speed=0.00 raw_wpnts=0 raw_age=-s decision=TRAILING reason=NO_STATIC_PATH
1786776096.759 [STATE_CHANGE] TRAILING -> RECOVERY src=RECOVERY s=5.02 d=-0.47 vs=0.00
1786776096.850 [STATE_CHANGE] RECOVERY -> LOSTLINE src=GB_TRACK s=5.02 d=-0.47 vs=0.00
1786776096.875 [STATE_CHANGE] LOSTLINE -> RECOVERY src=RECOVERY s=5.02 d=-0.47 vs=0.00
1786776097.039 [OBSTACLES] cur_s=5.02 cur_d=-0.47 vs=0.00 n=0 [none]
1786776097.577 [OBSTACLES] cur_s=5.02 cur_d=-0.47 vs=0.00 n=0 [none]
1786776097.660 [STATIC_OT] state=RECOVERY path_exists=0 path_locked=0 path_ttl_ok=0 path_safe=0 on_spline=0 speed=0.00 raw_wpnts=0 raw_age=-s decision=TRAILING reason=NO_STATIC_PATH
1786776097.661 [STATE_CHANGE] RECOVERY -> TRAILING src=RECOVERY s=5.02 d=-0.47 vs=0.00
1786776097.903 [STATIC_OT] state=TRAILING path_exists=0 path_locked=0 path_ttl_ok=0 path_safe=0 on_spline=0 speed=0.00 raw_wpnts=0 raw_age=-s decision=TRAILING reason=NO_STATIC_PATH
1786776098.113 [OBSTACLES] cur_s=5.02 cur_d=-0.47 vs=0.00 n=1 [id=81 static=1 gap=11.87m d=0.30 size=0.25]
1786776098.129 [STATIC_OT] state=TRAILING path_exists=0 path_locked=0 path_ttl_ok=0 path_safe=0 on_spline=0 speed=0.00 raw_wpnts=0 raw_age=-s decision=TRAILING reason=NO_STATIC_PATH
1786776098.175 [STATE_CHANGE] TRAILING -> RECOVERY src=RECOVERY s=5.02 d=-0.47 vs=0.00
1786776098.688 [OBSTACLES] cur_s=5.02 cur_d=-0.48 vs=0.00 n=0 [none]
1786776098.951 [STATIC_OT] state=RECOVERY path_exists=0 path_locked=0 path_ttl_ok=0 path_safe=0 on_spline=0 speed=0.00 raw_wpnts=0 raw_age=-s decision=TRAILING reason=NO_STATIC_PATH
1786776098.952 [STATE_CHANGE] RECOVERY -> TRAILING src=RECOVERY s=5.02 d=-0.48 vs=0.00
1786776099.177 [STATIC_OT] state=TRAILING path_exists=0 path_locked=0 path_ttl_ok=0 path_safe=0 on_spline=0 speed=0.00 raw_wpnts=0 raw_age=-s decision=TRAILING reason=NO_STATIC_PATH
1786776099.279 [OBSTACLES] cur_s=5.02 cur_d=-0.47 vs=0.00 n=1 [id=83 static=1 gap=11.88m d=0.28 size=0.23]
1786776099.390 [STATIC_OT] state=TRAILING path_exists=0 path_locked=0 path_ttl_ok=0 path_safe=0 on_spline=0 speed=0.00 raw_wpnts=0 raw_age=-s decision=TRAILING reason=NO_STATIC_PATH
1786776099.470 [STATE_CHANGE] TRAILING -> RECOVERY src=RECOVERY s=5.03 d=-0.47 vs=0.00
1786776099.788 [OBSTACLES] cur_s=5.02 cur_d=-0.47 vs=0.00 n=0 [none]
1786776100.137 [STATIC_OT] state=RECOVERY path_exists=0 path_locked=0 path_ttl_ok=0 path_safe=0 on_spline=0 speed=0.00 raw_wpnts=0 raw_age=-s decision=TRAILING reason=NO_STATIC_PATH
1786776100.138 [STATE_CHANGE] RECOVERY -> TRAILING src=RECOVERY s=5.02 d=-0.47 vs=0.00
1786776100.374 [OBSTACLES] cur_s=5.02 cur_d=-0.47 vs=0.00 n=1 [id=86 static=1 gap=11.84m d=0.31 size=0.27]
1786776100.379 [STATIC_OT] state=TRAILING path_exists=0 path_locked=0 path_ttl_ok=0 path_safe=0 on_spline=0 speed=0.00 raw_wpnts=0 raw_age=-s decision=TRAILING reason=NO_STATIC_PATH
1786776100.576 [STATE_CHANGE] TRAILING -> RECOVERY src=RECOVERY s=5.02 d=-0.47 vs=0.00
1786776100.956 [OBSTACLES] cur_s=5.02 cur_d=-0.47 vs=0.00 n=0 [none]
1786776101.469 [OBSTACLES] cur_s=5.02 cur_d=-0.47 vs=0.00 n=0 [none]
1786776101.920 [STATIC_OT] state=RECOVERY path_exists=0 path_locked=0 path_ttl_ok=0 path_safe=0 on_spline=0 speed=0.00 raw_wpnts=0 raw_age=-s decision=TRAILING reason=NO_STATIC_PATH
1786776101.921 [STATE_CHANGE] RECOVERY -> TRAILING src=RECOVERY s=5.02 d=-0.47 vs=0.00
1786776102.008 [OBSTACLES] cur_s=5.02 cur_d=-0.47 vs=0.00 n=1 [id=89 static=1 gap=11.79m d=0.31 size=0.33]
1786776102.201 [STATIC_OT] state=TRAILING path_exists=0 path_locked=0 path_ttl_ok=0 path_safe=0 on_spline=0 speed=0.00 raw_wpnts=0 raw_age=-s decision=TRAILING reason=NO_STATIC_PATH
1786776102.458 [STATIC_OT] state=TRAILING path_exists=0 path_locked=0 path_ttl_ok=0 path_safe=0 on_spline=0 speed=0.00 raw_wpnts=0 raw_age=-s decision=TRAILING reason=NO_STATIC_PATH
1786776102.547 [OBSTACLES] cur_s=5.02 cur_d=-0.47 vs=0.00 n=0 [none]
1786776102.550 [STATE_CHANGE] TRAILING -> RECOVERY src=RECOVERY s=5.02 d=-0.47 vs=0.00
1786776103.093 [OBSTACLES] cur_s=5.02 cur_d=-0.47 vs=0.00 n=0 [none]
1786776103.314 [STATIC_OT] state=RECOVERY path_exists=0 path_locked=0 path_ttl_ok=0 path_safe=0 on_spline=0 speed=0.00 raw_wpnts=0 raw_age=-s decision=TRAILING reason=NO_STATIC_PATH
1786776103.316 [STATE_CHANGE] RECOVERY -> TRAILING src=RECOVERY s=5.02 d=-0.47 vs=0.00
1786776103.565 [STATIC_OT] state=TRAILING path_exists=0 path_locked=0 path_ttl_ok=0 path_safe=0 on_spline=0 speed=0.00 raw_wpnts=0 raw_age=-s decision=TRAILING reason=NO_STATIC_PATH
1786776103.687 [OBSTACLES] cur_s=5.17 cur_d=-0.56 vs=0.00 n=1 [id=91 static=1 gap=11.66m d=0.29 size=0.32]
1786776103.784 [STATE_CHANGE] TRAILING -> RECOVERY src=RECOVERY s=5.20 d=-0.56 vs=0.00
1786776104.234 [OBSTACLES] cur_s=5.20 cur_d=-0.56 vs=0.00 n=0 [none]
1786776104.737 [OBSTACLES] cur_s=5.19 cur_d=-0.56 vs=0.00 n=0 [none]
1786776105.263 [OBSTACLES] cur_s=5.20 cur_d=-0.56 vs=0.00 n=0 [none]
1786776105.776 [OBSTACLES] cur_s=5.19 cur_d=-0.56 vs=0.00 n=0 [none]
1786776106.279 [OBSTACLES] cur_s=5.20 cur_d=-0.56 vs=0.00 n=0 [none]
1786776106.796 [OBSTACLES] cur_s=5.20 cur_d=-0.56 vs=0.00 n=0 [none]
1786776106.797 [STATE_CHANGE] RECOVERY -> LOSTLINE src=GB_TRACK s=5.20 d=-0.56 vs=0.00
1786776106.965 [STATE_CHANGE] LOSTLINE -> RECOVERY src=RECOVERY s=5.20 d=-0.56 vs=0.00
1786776107.357 [OBSTACLES] cur_s=5.19 cur_d=-0.57 vs=0.00 n=0 [none]
1786776107.909 [OBSTACLES] cur_s=5.19 cur_d=-0.56 vs=0.00 n=0 [none]
1786776108.446 [OBSTACLES] cur_s=5.22 cur_d=-0.53 vs=0.00 n=0 [none]
1786776109.002 [OBSTACLES] cur_s=5.39 cur_d=-0.43 vs=0.42 n=0 [none]
1786776109.534 [OBSTACLES] cur_s=5.65 cur_d=-0.19 vs=0.47 n=0 [none]
1786776109.790 [STATE_CHANGE] RECOVERY -> GB_TRACK src=GB_TRACK s=5.72 d=-0.04 vs=0.41
1786776110.040 [OBSTACLES] cur_s=5.97 cur_d=0.12 vs=0.28 n=0 [none]
1786776110.567 [OBSTACLES] cur_s=5.97 cur_d=0.24 vs=0.00 n=0 [none]
1786776111.111 [OBSTACLES] cur_s=5.98 cur_d=0.24 vs=0.00 n=0 [none]
1786776111.700 [OBSTACLES] cur_s=5.98 cur_d=0.24 vs=0.00 n=0 [none]
1786776112.233 [OBSTACLES] cur_s=5.97 cur_d=0.23 vs=-0.13 n=0 [none]
1786776112.753 [OBSTACLES] cur_s=5.61 cur_d=-0.27 vs=-0.86 n=0 [none]
1786776112.806 [STATE_CHANGE] GB_TRACK -> LOSTLINE src=GB_TRACK s=5.54 d=-0.33 vs=-0.80
1786776113.088 [STATE_CHANGE] LOSTLINE -> RECOVERY src=RECOVERY s=5.34 d=-0.41 vs=-0.34
1786776113.301 [OBSTACLES] cur_s=5.33 cur_d=-0.43 vs=0.00 n=0 [none]
1786776113.836 [OBSTACLES] cur_s=5.34 cur_d=-0.43 vs=0.05 n=0 [none]
1786776114.386 [OBSTACLES] cur_s=5.84 cur_d=-0.17 vs=1.00 n=0 [none]
1786776114.523 [STATE_CHANGE] RECOVERY -> GB_TRACK src=GB_TRACK s=6.05 d=0.01 vs=0.58
1786776114.896 [OBSTACLES] cur_s=6.04 cur_d=0.15 vs=0.00 n=0 [none]
1786776115.401 [OBSTACLES] cur_s=6.03 cur_d=0.15 vs=0.00 n=0 [none]
1786776115.943 [OBSTACLES] cur_s=6.03 cur_d=0.15 vs=0.00 n=0 [none]
1786776116.468 [OBSTACLES] cur_s=6.01 cur_d=0.04 vs=0.00 n=0 [none]
1786776116.996 [OBSTACLES] cur_s=5.95 cur_d=-0.03 vs=-0.21 n=0 [none]
1786776117.518 [OBSTACLES] cur_s=5.91 cur_d=-0.12 vs=0.00 n=0 [none]
1786776118.034 [OBSTACLES] cur_s=5.91 cur_d=-0.12 vs=0.00 n=0 [none]
1786776118.571 [OBSTACLES] cur_s=5.91 cur_d=-0.12 vs=0.00 n=0 [none]
1786776119.088 [OBSTACLES] cur_s=5.92 cur_d=-0.12 vs=0.00 n=0 [none]
1786776119.676 [OBSTACLES] cur_s=5.92 cur_d=-0.12 vs=0.00 n=0 [none]
1786776120.215 [OBSTACLES] cur_s=5.92 cur_d=-0.13 vs=0.04 n=0 [none]
1786776120.749 [OBSTACLES] cur_s=6.89 cur_d=-0.01 vs=2.92 n=0 [none]
1786776121.303 [OBSTACLES] cur_s=8.44 cur_d=-0.22 vs=3.42 n=0 [none]
1786776121.973 [OBSTACLES] cur_s=10.66 cur_d=0.10 vs=3.38 n=0 [none]
1786776122.506 [OBSTACLES] cur_s=12.04 cur_d=0.06 vs=2.89 n=0 [none]
1786776122.914 [STATE_CHANGE] GB_TRACK -> LOSTLINE src=GB_TRACK s=13.26 d=0.30 vs=2.88
1786776123.074 [OBSTACLES] cur_s=13.83 cur_d=0.31 vs=2.87 n=0 [none]
1786776123.196 [STATE_CHANGE] LOSTLINE -> GB_TRACK src=GB_TRACK s=14.16 d=0.27 vs=2.81
1786776123.586 [OBSTACLES] cur_s=15.63 cur_d=0.10 vs=2.38 n=0 [none]
1786776124.154 [OBSTACLES] cur_s=16.85 cur_d=0.22 vs=2.74 n=0 [none]
1786776124.717 [OBSTACLES] cur_s=18.74 cur_d=0.14 vs=3.33 n=0 [none]
1786776125.281 [OBSTACLES] cur_s=20.68 cur_d=-0.04 vs=3.42 n=0 [none]
1786776125.797 [OBSTACLES] cur_s=22.43 cur_d=0.11 vs=3.14 n=0 [none]
1786776126.335 [OBSTACLES] cur_s=1.46 cur_d=-0.06 vs=2.58 n=0 [none]
1786776126.799 [STATE_CHANGE] GB_TRACK -> LOSTLINE src=GB_TRACK s=2.69 d=0.29 vs=2.65
1786776126.940 [OBSTACLES] cur_s=3.11 cur_d=0.37 vs=2.70 n=0 [none]
1786776127.232 [STATE_CHANGE] LOSTLINE -> GB_TRACK src=GB_TRACK s=3.97 d=0.24 vs=2.14
1786776127.453 [OBSTACLES] cur_s=4.47 cur_d=-0.02 vs=2.06 n=0 [none]
1786776128.039 [OBSTACLES] cur_s=5.76 cur_d=0.01 vs=2.66 n=0 [none]
1786776128.541 [OBSTACLES] cur_s=7.44 cur_d=0.11 vs=3.31 n=0 [none]
1786776128.651 [STATIC_OT] state=GB_TRACK path_exists=0 path_locked=0 path_ttl_ok=0 path_safe=0 on_spline=0 speed=3.27 raw_wpnts=0 raw_age=-s decision=TRAILING reason=NO_STATIC_PATH
1786776128.654 [STATE_CHANGE] GB_TRACK -> TRAILING src=GB_TRACK s=7.72 d=0.01 vs=3.27
1786776128.912 [STATIC_OT] state=TRAILING path_exists=0 path_locked=0 path_ttl_ok=0 path_safe=0 on_spline=0 speed=3.38 raw_wpnts=0 raw_age=-s decision=TRAILING reason=NO_STATIC_PATH
1786776129.058 [OBSTACLES] cur_s=8.84 cur_d=-0.25 vs=3.13 n=1 [id=97 static=0 gap=2.92m d=-0.05 size=0.37]
1786776129.153 [STATE_CHANGE] TRAILING -> LOSTLINE src=GB_TRACK s=9.06 d=-0.23 vs=2.92
1786776129.245 [STATIC_OT] state=GB_TRACK path_exists=0 path_locked=0 path_ttl_ok=0 path_safe=0 on_spline=0 speed=2.62 raw_wpnts=114 raw_age=0.65s decision=TRAILING reason=NO_STATIC_PATH
1786776129.247 [STATE_CHANGE] LOSTLINE -> TRAILING src=GB_TRACK s=9.38 d=-0.15 vs=2.62
1786776129.468 [STATIC_OT] state=TRAILING path_exists=0 path_locked=0 path_ttl_ok=0 path_safe=0 on_spline=0 speed=2.39 raw_wpnts=102 raw_age=0.52s decision=TRAILING reason=NO_STATIC_PATH
1786776129.608 [OBSTACLES] cur_s=10.31 cur_d=0.07 vs=2.13 n=1 [id=97 static=0 gap=1.55m d=-0.08 size=0.36]
1786776129.694 [STATIC_OT] state=TRAILING path_exists=0 path_locked=0 path_ttl_ok=0 path_safe=0 on_spline=0 speed=2.06 raw_wpnts=0 raw_age=-s decision=TRAILING reason=NO_STATIC_PATH
1786776129.951 [STATIC_OT] state=TRAILING path_exists=0 path_locked=0 path_ttl_ok=0 path_safe=0 on_spline=0 speed=1.30 raw_wpnts=0 raw_age=-s decision=TRAILING reason=NO_STATIC_PATH
1786776130.167 [OBSTACLES] cur_s=11.18 cur_d=0.02 vs=0.74 n=1 [id=97 static=1 gap=0.66m d=-0.06 size=0.35]
1786776130.171 [STATIC_OT] state=TRAILING path_exists=0 path_locked=0 path_ttl_ok=0 path_safe=0 on_spline=0 speed=0.74 raw_wpnts=0 raw_age=-s decision=TRAILING reason=NO_STATIC_PATH
1786776130.443 [STATIC_OT] state=TRAILING path_exists=0 path_locked=0 path_ttl_ok=0 path_safe=0 on_spline=0 speed=0.40 raw_wpnts=76 raw_age=0.67s decision=TRAILING reason=NO_STATIC_PATH
1786776130.661 [STATIC_OT] state=TRAILING path_exists=0 path_locked=0 path_ttl_ok=0 path_safe=0 on_spline=0 speed=0.00 raw_wpnts=76 raw_age=0.70s decision=TRAILING reason=NO_STATIC_PATH
1786776130.782 [OBSTACLES] cur_s=11.29 cur_d=0.06 vs=0.00 n=1 [id=97 static=1 gap=0.53m d=-0.07 size=0.36]
1786776130.871 [STATIC_OT] state=TRAILING path_exists=0 path_locked=0 path_ttl_ok=0 path_safe=0 on_spline=0 speed=0.07 raw_wpnts=76 raw_age=0.72s decision=TRAILING reason=NO_STATIC_PATH
1786776131.160 [STATIC_OT] state=TRAILING path_exists=0 path_locked=0 path_ttl_ok=0 path_safe=0 on_spline=0 speed=0.00 raw_wpnts=76 raw_age=0.61s decision=TRAILING reason=NO_STATIC_PATH
1786776131.295 [OBSTACLES] cur_s=11.32 cur_d=0.06 vs=0.19 n=1 [id=97 static=1 gap=0.50m d=-0.07 size=0.35]
1786776131.393 [STATIC_OT] state=TRAILING path_exists=0 path_locked=0 path_ttl_ok=0 path_safe=0 on_spline=0 speed=0.15 raw_wpnts=76 raw_age=0.63s decision=TRAILING reason=NO_STATIC_PATH
1786776131.604 [STATIC_OT] state=TRAILING path_exists=0 path_locked=0 path_ttl_ok=0 path_safe=0 on_spline=0 speed=0.15 raw_wpnts=76 raw_age=0.60s decision=TRAILING reason=NO_STATIC_PATH
1786776131.857 [OBSTACLES] cur_s=11.37 cur_d=0.12 vs=0.42 n=1 [id=97 static=1 gap=0.44m d=-0.08 size=0.37]
1786776131.863 [STATIC_OT] state=TRAILING path_exists=0 path_locked=0 path_ttl_ok=0 path_safe=0 on_spline=0 speed=0.42 raw_wpnts=76 raw_age=0.43s decision=TRAILING reason=NO_STATIC_PATH
1786776132.073 [STATIC_OT] state=TRAILING path_exists=0 path_locked=0 path_ttl_ok=0 path_safe=0 on_spline=0 speed=0.00 raw_wpnts=76 raw_age=0.52s decision=TRAILING reason=NO_STATIC_PATH
1786776132.356 [STATE_CHANGE] TRAILING -> RECOVERY src=RECOVERY s=11.51 d=0.11 vs=0.06
1786776132.426 [OBSTACLES] cur_s=11.52 cur_d=0.11 vs=0.00 n=0 [none]
1786776132.937 [OBSTACLES] cur_s=11.63 cur_d=0.11 vs=0.73 n=0 [none]
1786776133.320 [STATE_CHANGE] RECOVERY -> GB_TRACK src=GB_TRACK s=12.07 d=0.05 vs=1.90
1786776133.555 [OBSTACLES] cur_s=12.59 cur_d=0.12 vs=2.10 n=0 [none]
1786776134.101 [OBSTACLES] cur_s=14.03 cur_d=0.19 vs=2.83 n=0 [none]
1786776134.671 [OBSTACLES] cur_s=16.10 cur_d=0.20 vs=2.43 n=0 [none]
1786776135.206 [OBSTACLES] cur_s=17.35 cur_d=0.23 vs=3.19 n=0 [none]
1786776135.296 [STATE_CHANGE] GB_TRACK -> RECOVERY src=RECOVERY s=17.68 d=0.29 vs=3.30
1786776135.789 [OBSTACLES] cur_s=19.43 cur_d=0.05 vs=3.27 n=0 [none]
1786776135.800 [STATE_CHANGE] RECOVERY -> GB_TRACK src=GB_TRACK s=19.43 d=0.05 vs=3.27
1786776136.302 [OBSTACLES] cur_s=21.08 cur_d=-0.06 vs=3.37 n=0 [none]
1786776136.824 [OBSTACLES] cur_s=0.35 cur_d=0.15 vs=2.83 n=0 [none]
1786776137.346 [OBSTACLES] cur_s=1.54 cur_d=-0.20 vs=2.41 n=0 [none]
1786776137.850 [OBSTACLES] cur_s=2.73 cur_d=0.17 vs=2.55 n=0 [none]
1786776137.993 [STATE_CHANGE] GB_TRACK -> RECOVERY src=RECOVERY s=3.17 d=0.32 vs=2.54
1786776138.366 [OBSTACLES] cur_s=4.28 cur_d=-0.03 vs=1.99 n=0 [none]
1786776138.373 [STATE_CHANGE] RECOVERY -> GB_TRACK src=GB_TRACK s=4.28 d=-0.03 vs=1.99
1786776138.763 [STATE_CHANGE] GB_TRACK -> LOSTLINE src=GB_TRACK s=4.92 d=-0.29 vs=2.14
1786776138.879 [OBSTACLES] cur_s=5.05 cur_d=-0.33 vs=2.31 n=0 [none]
1786776138.880 [STATE_CHANGE] LOSTLINE -> RECOVERY src=RECOVERY s=5.05 d=-0.33 vs=2.31
1786776139.341 [STATIC_OT] state=RECOVERY path_exists=0 path_locked=0 path_ttl_ok=0 path_safe=0 on_spline=0 speed=2.69 raw_wpnts=0 raw_age=-s decision=TRAILING reason=NO_STATIC_PATH
1786776139.344 [STATE_CHANGE] RECOVERY -> TRAILING src=GB_TRACK s=6.06 d=0.01 vs=2.69
1786776139.420 [OBSTACLES] cur_s=6.28 cur_d=0.15 vs=2.74 n=1 [id=100 static=1 gap=5.75m d=-0.47 size=0.38]
1786776139.545 [STATIC_OT] state=TRAILING path_exists=0 path_locked=0 path_ttl_ok=0 path_safe=0 on_spline=0 speed=3.12 raw_wpnts=0 raw_age=-s decision=TRAILING reason=NO_STATIC_PATH
1786776139.667 [STATE_CHANGE] TRAILING -> RECOVERY src=RECOVERY s=6.83 d=0.30 vs=2.98
1786776139.778 [STATIC_OT] state=RECOVERY path_exists=0 path_locked=0 path_ttl_ok=0 path_safe=0 on_spline=0 speed=2.58 raw_wpnts=0 raw_age=-s decision=TRAILING reason=NO_STATIC_PATH
1786776139.782 [STATE_CHANGE] RECOVERY -> TRAILING src=RECOVERY s=7.33 d=0.30 vs=2.58
1786776139.921 [OBSTACLES] cur_s=7.84 cur_d=0.05 vs=2.23 n=1 [id=100 static=0 gap=4.38m d=-0.02 size=0.37]
1786776140.005 [STATIC_OT] state=TRAILING path_exists=0 path_locked=0 path_ttl_ok=0 path_safe=0 on_spline=0 speed=2.10 raw_wpnts=122 raw_age=0.66s decision=TRAILING reason=NO_STATIC_PATH
1786776140.179 [STATE_CHANGE] TRAILING -> LOSTLINE src=GB_TRACK s=8.29 d=-0.13 vs=1.98
1786776140.259 [STATIC_OT] state=GB_TRACK path_exists=0 path_locked=0 path_ttl_ok=0 path_safe=0 on_spline=0 speed=1.81 raw_wpnts=121 raw_age=0.69s decision=TRAILING reason=NO_STATIC_PATH
1786776140.260 [STATE_CHANGE] LOSTLINE -> TRAILING src=GB_TRACK s=8.45 d=-0.14 vs=1.81
1786776140.469 [OBSTACLES] cur_s=8.67 cur_d=-0.10 vs=1.47 n=1 [id=100 static=0 gap=3.40m d=-0.37 size=0.36]
1786776140.475 [STATIC_OT] state=TRAILING path_exists=0 path_locked=0 path_ttl_ok=0 path_safe=0 on_spline=0 speed=1.47 raw_wpnts=116 raw_age=0.75s decision=TRAILING reason=NO_STATIC_PATH
1786776140.686 [STATIC_OT] state=TRAILING path_exists=0 path_locked=0 path_ttl_ok=0 path_safe=0 on_spline=0 speed=1.20 raw_wpnts=0 raw_age=-s decision=TRAILING reason=NO_STATIC_PATH
1786776140.961 [STATIC_OT] state=TRAILING path_exists=0 path_locked=0 path_ttl_ok=0 path_safe=0 on_spline=0 speed=0.62 raw_wpnts=0 raw_age=-s decision=TRAILING reason=NO_STATIC_PATH
1786776141.047 [OBSTACLES] cur_s=9.23 cur_d=0.04 vs=0.49 n=1 [id=100 static=1 gap=2.89m d=-0.26 size=0.38]
1786776141.222 [STATIC_OT] state=TRAILING path_exists=0 path_locked=0 path_ttl_ok=0 path_safe=0 on_spline=0 speed=0.00 raw_wpnts=88 raw_age=0.57s decision=TRAILING reason=NO_STATIC_PATH
1786776141.469 [STATIC_OT] state=TRAILING path_exists=0 path_locked=0 path_ttl_ok=0 path_safe=0 on_spline=0 speed=0.10 raw_wpnts=87 raw_age=0.66s decision=TRAILING reason=NO_STATIC_PATH
1786776141.561 [OBSTACLES] cur_s=9.30 cur_d=0.03 vs=0.06 n=1 [id=100 static=1 gap=2.83m d=-0.25 size=0.36]
1786776141.706 [STATIC_OT] state=TRAILING path_exists=0 path_locked=0 path_ttl_ok=0 path_safe=0 on_spline=0 speed=0.28 raw_wpnts=87 raw_age=0.74s decision=TRAILING reason=NO_STATIC_PATH
1786776141.988 [STATIC_OT] state=TRAILING path_exists=0 path_locked=0 path_ttl_ok=0 path_safe=0 on_spline=0 speed=0.00 raw_wpnts=86 raw_age=0.69s decision=TRAILING reason=NO_STATIC_PATH
1786776142.094 [OBSTACLES] cur_s=9.37 cur_d=0.03 vs=0.06 n=1 [id=100 static=1 gap=2.76m d=-0.26 size=0.35]
1786776142.240 [STATIC_OT] state=TRAILING path_exists=0 path_locked=0 path_ttl_ok=0 path_safe=0 on_spline=0 speed=0.15 raw_wpnts=86 raw_age=0.72s decision=TRAILING reason=NO_STATIC_PATH
1786776142.614 [STATIC_OT] state=TRAILING path_exists=0 path_locked=0 path_ttl_ok=0 path_safe=0 on_spline=0 speed=0.09 raw_wpnts=85 raw_age=0.62s decision=TRAILING reason=NO_STATIC_PATH
1786776142.747 [OBSTACLES] cur_s=9.46 cur_d=0.03 vs=0.07 n=1 [id=100 static=1 gap=2.65m d=-0.26 size=0.38]
1786776142.901 [STATIC_OT] state=TRAILING path_exists=0 path_locked=0 path_ttl_ok=0 path_safe=0 on_spline=0 speed=0.00 raw_wpnts=85 raw_age=0.70s decision=TRAILING reason=NO_STATIC_PATH
1786776143.131 [STATIC_OT] state=TRAILING path_exists=0 path_locked=0 path_ttl_ok=0 path_safe=0 on_spline=0 speed=0.00 raw_wpnts=85 raw_age=0.78s decision=TRAILING reason=NO_STATIC_PATH
1786776143.277 [OBSTACLES] cur_s=9.56 cur_d=0.02 vs=0.10 n=1 [id=100 static=1 gap=2.56m d=-0.26 size=0.36]
1786776143.529 [STATIC_OT] state=TRAILING path_exists=0 path_locked=0 path_ttl_ok=0 path_safe=0 on_spline=0 speed=0.06 raw_wpnts=84 raw_age=0.71s decision=TRAILING reason=NO_STATIC_PATH
1786776143.777 [OBSTACLES] cur_s=9.58 cur_d=0.02 vs=0.06 n=1 [id=100 static=1 gap=2.55m d=-0.26 size=0.36]
1786776143.789 [STATIC_OT] state=TRAILING path_exists=0 path_locked=0 path_ttl_ok=0 path_safe=0 on_spline=0 speed=0.06 raw_wpnts=83 raw_age=0.55s decision=TRAILING reason=NO_STATIC_PATH
1786776144.022 [STATIC_OT] state=TRAILING path_exists=0 path_locked=0 path_ttl_ok=0 path_safe=0 on_spline=0 speed=0.00 raw_wpnts=83 raw_age=0.62s decision=TRAILING reason=NO_STATIC_PATH
1786776144.334 [OBSTACLES] cur_s=9.66 cur_d=0.02 vs=0.00 n=1 [id=100 static=1 gap=2.46m d=-0.26 size=0.36]
1786776144.343 [STATIC_OT] state=TRAILING path_exists=0 path_locked=0 path_ttl_ok=0 path_safe=0 on_spline=0 speed=0.00 raw_wpnts=83 raw_age=0.73s decision=TRAILING reason=NO_STATIC_PATH
1786776144.601 [STATIC_OT] state=TRAILING path_exists=0 path_locked=0 path_ttl_ok=0 path_safe=0 on_spline=0 speed=0.00 raw_wpnts=83 raw_age=0.77s decision=TRAILING reason=NO_STATIC_PATH
1786776144.842 [OBSTACLES] cur_s=9.69 cur_d=0.02 vs=0.00 n=1 [id=100 static=1 gap=2.43m d=-0.26 size=0.36]
1786776144.846 [STATIC_OT] state=TRAILING path_exists=0 path_locked=0 path_ttl_ok=0 path_safe=0 on_spline=0 speed=0.00 raw_wpnts=82 raw_age=0.75s decision=TRAILING reason=NO_STATIC_PATH
1786776145.153 [STATIC_OT] state=TRAILING path_exists=0 path_locked=0 path_ttl_ok=0 path_safe=0 on_spline=0 speed=0.19 raw_wpnts=82 raw_age=0.78s decision=TRAILING reason=NO_STATIC_PATH
1786776145.420 [OBSTACLES] cur_s=9.75 cur_d=0.02 vs=0.00 n=1 [id=100 static=1 gap=2.37m d=-0.26 size=0.35]
1786776145.425 [STATIC_OT] state=TRAILING path_exists=0 path_locked=0 path_ttl_ok=0 path_safe=0 on_spline=0 speed=0.00 raw_wpnts=82 raw_age=0.62s decision=TRAILING reason=NO_STATIC_PATH
1786776145.649 [STATIC_OT] state=TRAILING path_exists=0 path_locked=0 path_ttl_ok=0 path_safe=0 on_spline=0 speed=0.00 raw_wpnts=81 raw_age=0.68s decision=TRAILING reason=NO_STATIC_PATH
1786776145.862 [STATIC_OT] state=TRAILING path_exists=0 path_locked=0 path_ttl_ok=0 path_safe=0 on_spline=0 speed=0.00 raw_wpnts=81 raw_age=0.55s decision=TRAILING reason=NO_STATIC_PATH
1786776145.981 [OBSTACLES] cur_s=9.83 cur_d=0.01 vs=0.10 n=1 [id=100 static=1 gap=2.29m d=-0.26 size=0.35]
1786776146.064 [STATIC_OT] state=TRAILING path_exists=0 path_locked=0 path_ttl_ok=0 path_safe=0 on_spline=0 speed=0.00 raw_wpnts=81 raw_age=0.52s decision=TRAILING reason=NO_STATIC_PATH
1786776146.325 [STATIC_OT] state=TRAILING path_exists=0 path_locked=0 path_ttl_ok=0 path_safe=0 on_spline=0 speed=0.00 raw_wpnts=80 raw_age=0.55s decision=TRAILING reason=NO_STATIC_PATH
1786776146.495 [OBSTACLES] cur_s=9.92 cur_d=0.01 vs=0.06 n=1 [id=100 static=1 gap=2.21m d=-0.26 size=0.34]
1786776146.601 [STATIC_OT] state=TRAILING path_exists=0 path_locked=0 path_ttl_ok=0 path_safe=0 on_spline=0 speed=0.00 raw_wpnts=80 raw_age=0.68s decision=TRAILING reason=NO_STATIC_PATH
1786776146.821 [STATIC_OT] state=TRAILING path_exists=0 path_locked=0 path_ttl_ok=0 path_safe=0 on_spline=0 speed=0.00 raw_wpnts=80 raw_age=0.69s decision=TRAILING reason=NO_STATIC_PATH
1786776147.002 [OBSTACLES] cur_s=10.02 cur_d=0.01 vs=0.28 n=1 [id=100 static=1 gap=2.09m d=-0.26 size=0.38]
1786776147.116 [STATIC_OT] state=TRAILING path_exists=0 path_locked=0 path_ttl_ok=0 path_safe=0 on_spline=0 speed=0.00 raw_wpnts=79 raw_age=0.51s decision=TRAILING reason=NO_STATIC_PATH
1786776147.335 [STATIC_OT] state=TRAILING path_exists=0 path_locked=0 path_ttl_ok=0 path_safe=0 on_spline=0 speed=0.14 raw_wpnts=79 raw_age=0.54s decision=TRAILING reason=NO_STATIC_PATH
1786776147.506 [OBSTACLES] cur_s=10.05 cur_d=0.02 vs=0.00 n=1 [id=100 static=1 gap=2.07m d=-0.26 size=0.36]
1786776147.573 [STATIC_OT] state=TRAILING path_exists=0 path_locked=0 path_ttl_ok=0 path_safe=0 on_spline=0 speed=0.08 raw_wpnts=78 raw_age=0.56s decision=TRAILING reason=NO_STATIC_PATH
1786776147.796 [STATIC_OT] state=TRAILING path_exists=0 path_locked=0 path_ttl_ok=0 path_safe=0 on_spline=0 speed=0.00 raw_wpnts=78 raw_age=0.50s decision=TRAILING reason=NO_STATIC_PATH
1786776148.040 [OBSTACLES] cur_s=10.09 cur_d=0.02 vs=0.00 n=1 [id=100 static=1 gap=2.02m d=-0.26 size=0.37]
1786776148.046 [STATIC_OT] state=TRAILING path_exists=0 path_locked=0 path_ttl_ok=0 path_safe=0 on_spline=0 speed=0.00 raw_wpnts=78 raw_age=0.49s decision=TRAILING reason=NO_STATIC_PATH
1786776148.246 [STATIC_OT] state=TRAILING path_exists=0 path_locked=0 path_ttl_ok=0 path_safe=0 on_spline=0 speed=0.00 raw_wpnts=78 raw_age=0.54s decision=TRAILING reason=NO_STATIC_PATH
1786776148.527 [STATIC_OT] state=TRAILING path_exists=0 path_locked=0 path_ttl_ok=0 path_safe=0 on_spline=0 speed=0.10 raw_wpnts=78 raw_age=0.62s decision=TRAILING reason=NO_STATIC_PATH
1786776148.617 [OBSTACLES] cur_s=10.13 cur_d=0.03 vs=0.00 n=1 [id=100 static=1 gap=1.99m d=-0.26 size=0.36]
1786776148.747 [STATIC_OT] state=TRAILING path_exists=0 path_locked=0 path_ttl_ok=0 path_safe=0 on_spline=0 speed=0.15 raw_wpnts=77 raw_age=0.63s decision=TRAILING reason=NO_STATIC_PATH
1786776148.974 [STATIC_OT] state=TRAILING path_exists=0 path_locked=0 path_ttl_ok=0 path_safe=0 on_spline=0 speed=0.19 raw_wpnts=77 raw_age=0.56s decision=TRAILING reason=NO_STATIC_PATH
1786776149.200 [OBSTACLES] cur_s=10.21 cur_d=0.02 vs=0.00 n=1 [id=100 static=1 gap=1.90m d=-0.26 size=0.36]
1786776149.209 [STATIC_OT] state=TRAILING path_exists=0 path_locked=0 path_ttl_ok=0 path_safe=0 on_spline=0 speed=0.00 raw_wpnts=77 raw_age=0.58s decision=TRAILING reason=NO_STATIC_PATH
1786776149.492 [STATIC_OT] state=TRAILING path_exists=0 path_locked=0 path_ttl_ok=0 path_safe=0 on_spline=0 speed=0.00 raw_wpnts=77 raw_age=0.59s decision=TRAILING reason=NO_STATIC_PATH
1786776149.703 [OBSTACLES] cur_s=10.28 cur_d=0.03 vs=0.00 n=1 [id=100 static=1 gap=1.83m d=-0.26 size=0.36]
1786776149.719 [STATIC_OT] state=TRAILING path_exists=0 path_locked=0 path_ttl_ok=0 path_safe=0 on_spline=0 speed=0.00 raw_wpnts=76 raw_age=0.53s decision=TRAILING reason=NO_STATIC_PATH
1786776150.079 [STATIC_OT] state=TRAILING path_exists=0 path_locked=0 path_ttl_ok=0 path_safe=0 on_spline=0 speed=0.18 raw_wpnts=76 raw_age=0.49s decision=TRAILING reason=NO_STATIC_PATH
1786776150.291 [OBSTACLES] cur_s=10.33 cur_d=0.03 vs=0.00 n=1 [id=100 static=1 gap=1.78m d=-0.26 size=0.36]
1786776150.302 [STATIC_OT] state=TRAILING path_exists=0 path_locked=0 path_ttl_ok=0 path_safe=0 on_spline=0 speed=0.00 raw_wpnts=76 raw_age=0.53s decision=TRAILING reason=NO_STATIC_PATH
1786776150.561 [STATIC_OT] state=TRAILING path_exists=0 path_locked=0 path_ttl_ok=0 path_safe=0 on_spline=0 speed=0.00 raw_wpnts=76 raw_age=0.55s decision=TRAILING reason=NO_STATIC_PATH
1786776150.843 [OBSTACLES] cur_s=10.43 cur_d=0.03 vs=0.09 n=1 [id=100 static=1 gap=1.68m d=-0.26 size=0.37]
1786776150.846 [STATIC_OT] state=TRAILING path_exists=0 path_locked=0 path_ttl_ok=0 path_safe=0 on_spline=0 speed=0.09 raw_wpnts=76 raw_age=0.64s decision=TRAILING reason=NO_STATIC_PATH
1786776151.123 [STATIC_OT] state=TRAILING path_exists=0 path_locked=0 path_ttl_ok=0 path_safe=0 on_spline=0 speed=0.00 raw_wpnts=76 raw_age=0.57s decision=TRAILING reason=NO_STATIC_PATH
1786776151.343 [STATIC_OT] state=TRAILING path_exists=0 path_locked=0 path_ttl_ok=0 path_safe=0 on_spline=0 speed=0.13 raw_wpnts=76 raw_age=0.51s decision=TRAILING reason=NO_STATIC_PATH
1786776151.420 [OBSTACLES] cur_s=10.47 cur_d=0.04 vs=0.09 n=1 [id=100 static=1 gap=1.65m d=-0.26 size=0.35]
1786776151.564 [STATIC_OT] state=TRAILING path_exists=0 path_locked=0 path_ttl_ok=0 path_safe=0 on_spline=0 speed=0.00 raw_wpnts=76 raw_age=0.56s decision=TRAILING reason=NO_STATIC_PATH
1786776151.807 [STATIC_OT] state=TRAILING path_exists=0 path_locked=0 path_ttl_ok=0 path_safe=0 on_spline=0 speed=0.00 raw_wpnts=76 raw_age=0.54s decision=TRAILING reason=NO_STATIC_PATH
1786776151.952 [OBSTACLES] cur_s=10.55 cur_d=0.04 vs=0.30 n=1 [id=100 static=1 gap=1.55m d=-0.26 size=0.37]
1786776152.036 [STATIC_OT] state=TRAILING path_exists=0 path_locked=0 path_ttl_ok=0 path_safe=0 on_spline=0 speed=0.00 raw_wpnts=76 raw_age=0.49s decision=TRAILING reason=NO_STATIC_PATH
1786776152.289 [STATIC_OT] state=TRAILING path_exists=0 path_locked=0 path_ttl_ok=0 path_safe=0 on_spline=0 speed=0.00 raw_wpnts=76 raw_age=0.40s decision=TRAILING reason=NO_STATIC_PATH
1786776152.500 [OBSTACLES] cur_s=10.67 cur_d=0.02 vs=0.00 n=1 [id=100 static=1 gap=1.45m d=-0.26 size=0.36]
1786776152.523 [STATIC_OT] state=TRAILING path_exists=0 path_locked=0 path_ttl_ok=0 path_safe=0 on_spline=0 speed=0.00 raw_wpnts=76 raw_age=0.52s decision=TRAILING reason=NO_STATIC_PATH
1786776152.812 [STATIC_OT] state=TRAILING path_exists=0 path_locked=0 path_ttl_ok=0 path_safe=0 on_spline=0 speed=0.07 raw_wpnts=76 raw_age=0.58s decision=TRAILING reason=NO_STATIC_PATH
1786776153.064 [OBSTACLES] cur_s=10.75 cur_d=0.02 vs=0.18 n=1 [id=100 static=1 gap=1.35m d=-0.26 size=0.38]
1786776153.074 [STATIC_OT] state=TRAILING path_exists=0 path_locked=0 path_ttl_ok=0 path_safe=0 on_spline=0 speed=0.18 raw_wpnts=76 raw_age=0.63s decision=TRAILING reason=NO_STATIC_PATH
1786776153.309 [STATIC_OT] state=TRAILING path_exists=0 path_locked=0 path_ttl_ok=0 path_safe=0 on_spline=0 speed=0.00 raw_wpnts=76 raw_age=0.72s decision=TRAILING reason=NO_STATIC_PATH
1786776153.577 [OBSTACLES] cur_s=10.79 cur_d=0.02 vs=0.00 n=1 [id=100 static=1 gap=1.32m d=-0.26 size=0.35]
1786776153.590 [STATIC_OT] state=TRAILING path_exists=0 path_locked=0 path_ttl_ok=0 path_safe=0 on_spline=0 speed=0.00 raw_wpnts=76 raw_age=0.72s decision=TRAILING reason=NO_STATIC_PATH
1786776153.816 [STATIC_OT] state=TRAILING path_exists=0 path_locked=0 path_ttl_ok=0 path_safe=0 on_spline=0 speed=0.00 raw_wpnts=76 raw_age=0.68s decision=TRAILING reason=NO_STATIC_PATH
1786776154.039 [STATIC_OT] state=TRAILING path_exists=0 path_locked=0 path_ttl_ok=0 path_safe=0 on_spline=0 speed=0.10 raw_wpnts=76 raw_age=0.53s decision=TRAILING reason=NO_STATIC_PATH
1786776154.126 [OBSTACLES] cur_s=10.83 cur_d=0.02 vs=0.00 n=1 [id=100 static=1 gap=1.28m d=-0.26 size=0.36]
1786776154.292 [STATIC_OT] state=TRAILING path_exists=0 path_locked=0 path_ttl_ok=0 path_safe=0 on_spline=0 speed=0.18 raw_wpnts=76 raw_age=0.51s decision=TRAILING reason=NO_STATIC_PATH
1786776154.560 [STATIC_OT] state=TRAILING path_exists=0 path_locked=0 path_ttl_ok=0 path_safe=0 on_spline=0 speed=0.00 raw_wpnts=76 raw_age=0.55s decision=TRAILING reason=NO_STATIC_PATH
1786776154.675 [OBSTACLES] cur_s=10.92 cur_d=0.01 vs=0.00 n=1 [id=100 static=1 gap=1.18m d=-0.26 size=0.39]
1786776154.841 [STATIC_OT] state=TRAILING path_exists=0 path_locked=0 path_ttl_ok=0 path_safe=0 on_spline=0 speed=0.00 raw_wpnts=76 raw_age=0.58s decision=TRAILING reason=NO_STATIC_PATH
1786776155.091 [STATIC_OT] state=TRAILING path_exists=0 path_locked=0 path_ttl_ok=0 path_safe=0 on_spline=0 speed=0.00 raw_wpnts=76 raw_age=0.58s decision=TRAILING reason=NO_STATIC_PATH
1786776155.209 [OBSTACLES] cur_s=10.95 cur_d=0.03 vs=0.09 n=1 [id=100 static=1 gap=1.14m d=-0.26 size=0.39]
1786776155.327 [STATIC_OT] state=TRAILING path_exists=0 path_locked=0 path_ttl_ok=0 path_safe=0 on_spline=0 speed=0.00 raw_wpnts=76 raw_age=0.57s decision=TRAILING reason=NO_STATIC_PATH
1786776155.600 [STATIC_OT] state=TRAILING path_exists=0 path_locked=0 path_ttl_ok=0 path_safe=0 on_spline=0 speed=0.00 raw_wpnts=76 raw_age=0.65s decision=TRAILING reason=NO_STATIC_PATH
1786776155.757 [OBSTACLES] cur_s=11.03 cur_d=0.04 vs=0.00 n=1 [id=100 static=1 gap=1.07m d=-0.26 size=0.36]
1786776155.834 [STATIC_OT] state=TRAILING path_exists=0 path_locked=0 path_ttl_ok=0 path_safe=0 on_spline=0 speed=0.00 raw_wpnts=76 raw_age=0.48s decision=TRAILING reason=NO_STATIC_PATH
1786776156.090 [STATIC_OT] state=TRAILING path_exists=0 path_locked=0 path_ttl_ok=0 path_safe=0 on_spline=0 speed=0.00 raw_wpnts=76 raw_age=0.47s decision=TRAILING reason=NO_STATIC_PATH
1786776156.287 [OBSTACLES] cur_s=11.12 cur_d=0.03 vs=0.13 n=1 [id=100 static=1 gap=0.98m d=-0.26 size=0.39]
1786776156.299 [STATIC_OT] state=TRAILING path_exists=0 path_locked=0 path_ttl_ok=0 path_safe=0 on_spline=0 speed=0.13 raw_wpnts=76 raw_age=0.58s decision=TRAILING reason=NO_STATIC_PATH
1786776156.541 [STATIC_OT] state=TRAILING path_exists=0 path_locked=0 path_ttl_ok=0 path_safe=0 on_spline=0 speed=0.00 raw_wpnts=76 raw_age=0.53s decision=TRAILING reason=NO_STATIC_PATH
1786776156.768 [STATIC_OT] state=TRAILING path_exists=0 path_locked=0 path_ttl_ok=0 path_safe=0 on_spline=0 speed=0.00 raw_wpnts=76 raw_age=0.51s decision=TRAILING reason=NO_STATIC_PATH
1786776156.861 [OBSTACLES] cur_s=11.14 cur_d=0.05 vs=0.18 n=1 [id=100 static=1 gap=0.97m d=-0.26 size=0.35]
1786776156.988 [STATIC_OT] state=TRAILING path_exists=0 path_locked=0 path_ttl_ok=0 path_safe=0 on_spline=0 speed=0.18 raw_wpnts=76 raw_age=0.52s decision=TRAILING reason=NO_STATIC_PATH
1786776157.313 [STATIC_OT] state=TRAILING path_exists=0 path_locked=0 path_ttl_ok=0 path_safe=0 on_spline=0 speed=0.29 raw_wpnts=76 raw_age=0.56s decision=TRAILING reason=NO_STATIC_PATH
1786776157.449 [OBSTACLES] cur_s=11.28 cur_d=0.11 vs=0.00 n=1 [id=100 static=1 gap=0.82m d=-0.26 size=0.39]
1786776157.562 [STATIC_OT] state=TRAILING path_exists=0 path_locked=0 path_ttl_ok=0 path_safe=0 on_spline=0 speed=0.00 raw_wpnts=76 raw_age=0.51s decision=TRAILING reason=NO_STATIC_PATH
1786776157.762 [STATIC_OT] state=TRAILING path_exists=0 path_locked=0 path_ttl_ok=0 path_safe=0 on_spline=0 speed=0.00 raw_wpnts=76 raw_age=0.53s decision=TRAILING reason=NO_STATIC_PATH
1786776157.993 [OBSTACLES] cur_s=11.29 cur_d=0.11 vs=0.00 n=1 [id=100 static=1 gap=0.78m d=-0.26 size=0.43]
1786776157.998 [STATIC_OT] state=TRAILING path_exists=0 path_locked=0 path_ttl_ok=0 path_safe=0 on_spline=0 speed=0.00 raw_wpnts=76 raw_age=0.54s decision=TRAILING reason=NO_STATIC_PATH
1786776158.291 [STATIC_OT] state=TRAILING path_exists=0 path_locked=0 path_ttl_ok=0 path_safe=0 on_spline=0 speed=0.07 raw_wpnts=76 raw_age=0.61s decision=TRAILING reason=NO_STATIC_PATH
1786776158.494 [STATIC_OT] state=TRAILING path_exists=0 path_locked=0 path_ttl_ok=0 path_safe=0 on_spline=0 speed=0.00 raw_wpnts=76 raw_age=0.61s decision=TRAILING reason=NO_STATIC_PATH
1786776158.607 [OBSTACLES] cur_s=11.38 cur_d=0.12 vs=0.11 n=1 [id=100 static=1 gap=0.70m d=-0.26 size=0.40]
1786776158.726 [STATIC_OT] state=TRAILING path_exists=0 path_locked=0 path_ttl_ok=0 path_safe=0 on_spline=0 speed=0.20 raw_wpnts=76 raw_age=0.61s decision=TRAILING reason=NO_STATIC_PATH
1786776158.976 [STATIC_OT] state=TRAILING path_exists=0 path_locked=0 path_ttl_ok=0 path_safe=0 on_spline=0 speed=0.12 raw_wpnts=76 raw_age=0.59s decision=TRAILING reason=NO_STATIC_PATH
1786776159.186 [OBSTACLES] cur_s=11.44 cur_d=0.11 vs=0.10 n=1 [id=100 static=1 gap=0.65m d=-0.26 size=0.37]
1786776159.196 [STATIC_OT] state=TRAILING path_exists=0 path_locked=0 path_ttl_ok=0 path_safe=0 on_spline=0 speed=0.10 raw_wpnts=76 raw_age=0.62s decision=TRAILING reason=NO_STATIC_PATH
1786776159.420 [STATIC_OT] state=TRAILING path_exists=0 path_locked=0 path_ttl_ok=0 path_safe=0 on_spline=0 speed=0.00 raw_wpnts=76 raw_age=0.53s decision=TRAILING reason=NO_STATIC_PATH
1786776159.671 [STATIC_OT] state=TRAILING path_exists=0 path_locked=0 path_ttl_ok=0 path_safe=0 on_spline=0 speed=0.00 raw_wpnts=76 raw_age=0.51s decision=TRAILING reason=NO_STATIC_PATH
1786776159.714 [OBSTACLES] cur_s=11.50 cur_d=0.12 vs=0.00 n=1 [id=100 static=1 gap=0.58m d=-0.26 size=0.40]
1786776159.910 [STATIC_OT] state=TRAILING path_exists=0 path_locked=0 path_ttl_ok=0 path_safe=0 on_spline=0 speed=0.00 raw_wpnts=76 raw_age=0.50s decision=TRAILING reason=NO_STATIC_PATH
1786776160.141 [STATIC_OT] state=TRAILING path_exists=0 path_locked=0 path_ttl_ok=0 path_safe=0 on_spline=0 speed=0.00 raw_wpnts=76 raw_age=0.48s decision=TRAILING reason=NO_STATIC_PATH
1786776160.247 [OBSTACLES] cur_s=11.56 cur_d=0.12 vs=0.00 n=1 [id=100 static=1 gap=0.54m d=-0.26 size=0.34]
1786776160.359 [STATIC_OT] state=TRAILING path_exists=0 path_locked=0 path_ttl_ok=0 path_safe=0 on_spline=0 speed=0.00 raw_wpnts=76 raw_age=0.50s decision=TRAILING reason=NO_STATIC_PATH
1786776160.663 [STATE_CHANGE] TRAILING -> RECOVERY src=RECOVERY s=11.60 d=0.12 vs=0.00
1786776160.784 [OBSTACLES] cur_s=11.62 cur_d=0.12 vs=0.00 n=0 [none]
1786776161.344 [OBSTACLES] cur_s=12.13 cur_d=0.05 vs=1.86 n=0 [none]
1786776161.347 [STATE_CHANGE] RECOVERY -> GB_TRACK src=GB_TRACK s=12.13 d=0.05 vs=1.86
1786776161.859 [OBSTACLES] cur_s=13.17 cur_d=0.12 vs=2.76 n=0 [none]
1786776162.472 [OBSTACLES] cur_s=14.98 cur_d=0.23 vs=2.61 n=0 [none]
1786776162.974 [OBSTACLES] cur_s=16.29 cur_d=0.02 vs=2.22 n=0 [none]
1786776163.490 [OBSTACLES] cur_s=17.88 cur_d=0.26 vs=3.37 n=0 [none]
1786776164.110 [OBSTACLES] cur_s=20.16 cur_d=-0.14 vs=3.42 n=0 [none]
1786776164.708 [OBSTACLES] cur_s=22.05 cur_d=0.13 vs=3.30 n=0 [none]
1786776165.267 [OBSTACLES] cur_s=1.25 cur_d=-0.15 vs=2.27 n=0 [none]
1786776165.815 [OBSTACLES] cur_s=2.50 cur_d=0.07 vs=2.71 n=0 [none]
1786776166.105 [STATE_CHANGE] GB_TRACK -> LOSTLINE src=GB_TRACK s=3.16 d=0.29 vs=2.60
1786776166.318 [OBSTACLES] cur_s=3.95 cur_d=0.32 vs=2.48 n=0 [none]
1786776166.385 [STATE_CHANGE] LOSTLINE -> GB_TRACK src=GB_TRACK s=4.03 d=0.29 vs=2.43
1786776166.896 [OBSTACLES] cur_s=5.05 cur_d=-0.33 vs=2.05 n=0 [none]
1786776166.897 [STATE_CHANGE] GB_TRACK -> LOSTLINE src=GB_TRACK s=5.05 d=-0.33 vs=2.05
1786776167.267 [STATE_CHANGE] LOSTLINE -> GB_TRACK src=GB_TRACK s=5.53 d=-0.29 vs=2.48
1786776167.433 [OBSTACLES] cur_s=5.86 cur_d=-0.19 vs=2.51 n=0 [none]
1786776167.554 [STATIC_OT] state=GB_TRACK path_exists=0 path_locked=0 path_ttl_ok=0 path_safe=0 on_spline=0 speed=2.59 raw_wpnts=0 raw_age=-s decision=TRAILING reason=NO_STATIC_PATH
1786776167.554 [STATE_CHANGE] GB_TRACK -> TRAILING src=GB_TRACK s=6.14 d=-0.03 vs=2.59
1786776167.857 [STATIC_OT] state=TRAILING path_exists=0 path_locked=0 path_ttl_ok=0 path_safe=0 on_spline=0 speed=3.13 raw_wpnts=0 raw_age=-s decision=TRAILING reason=NO_STATIC_PATH
1786776168.127 [OBSTACLES] cur_s=8.04 cur_d=-0.05 vs=2.39 n=1 [id=104 static=1 gap=4.03m d=-0.34 size=0.37]
1786776168.131 [STATIC_OT] state=TRAILING path_exists=0 path_locked=0 path_ttl_ok=0 path_safe=0 on_spline=0 speed=2.39 raw_wpnts=0 raw_age=-s decision=TRAILING reason=NO_STATIC_PATH
1786776168.365 [STATIC_OT] state=TRAILING path_exists=0 path_locked=0 path_ttl_ok=0 path_safe=0 on_spline=0 speed=1.93 raw_wpnts=0 raw_age=-s decision=TRAILING reason=NO_STATIC_PATH
1786776168.642 [OBSTACLES] cur_s=8.91 cur_d=-0.10 vs=1.26 n=1 [id=104 static=1 gap=3.18m d=-0.28 size=0.35]
1786776168.648 [STATIC_OT] state=TRAILING path_exists=0 path_locked=0 path_ttl_ok=0 path_safe=0 on_spline=0 speed=1.26 raw_wpnts=122 raw_age=1.04s decision=TRAILING reason=NO_STATIC_PATH
1786776168.970 [STATIC_OT] state=TRAILING path_exists=0 path_locked=0 path_ttl_ok=0 path_safe=0 on_spline=0 speed=0.49 raw_wpnts=106 raw_age=0.94s decision=TRAILING reason=NO_STATIC_PATH
1786776169.192 [OBSTACLES] cur_s=9.22 cur_d=0.00 vs=0.00 n=1 [id=104 static=1 gap=2.87m d=-0.29 size=0.37]
1786776169.231 [STATIC_OT] state=TRAILING path_exists=0 path_locked=0 path_ttl_ok=0 path_safe=0 on_spline=0 speed=0.00 raw_wpnts=96 raw_age=0.90s decision=TRAILING reason=NO_STATIC_PATH
1786776169.441 [STATIC_OT] state=TRAILING path_exists=0 path_locked=0 path_ttl_ok=0 path_safe=0 on_spline=0 speed=0.32 raw_wpnts=87 raw_age=0.57s decision=TRAILING reason=NO_STATIC_PATH
1786776169.659 [STATIC_OT] state=TRAILING path_exists=0 path_locked=0 path_ttl_ok=0 path_safe=0 on_spline=0 speed=0.45 raw_wpnts=86 raw_age=0.46s decision=TRAILING reason=NO_STATIC_PATH
1786776169.710 [OBSTACLES] cur_s=9.38 cur_d=0.00 vs=0.15 n=1 [id=104 static=1 gap=2.73m d=-0.29 size=0.36]
1786776169.874 [STATIC_OT] state=TRAILING path_exists=0 path_locked=0 path_ttl_ok=0 path_safe=0 on_spline=0 speed=0.00 raw_wpnts=86 raw_age=0.52s decision=TRAILING reason=NO_STATIC_PATH
1786776170.102 [STATIC_OT] state=TRAILING path_exists=0 path_locked=0 path_ttl_ok=0 path_safe=0 on_spline=0 speed=0.00 raw_wpnts=85 raw_age=0.60s decision=TRAILING reason=NO_STATIC_PATH
1786776170.299 [OBSTACLES] cur_s=9.48 cur_d=0.00 vs=0.00 n=1 [id=104 static=1 gap=2.63m d=-0.28 size=0.35]
1786776170.306 [STATIC_OT] state=TRAILING path_exists=0 path_locked=0 path_ttl_ok=0 path_safe=0 on_spline=0 speed=0.00 raw_wpnts=85 raw_age=0.65s decision=TRAILING reason=NO_STATIC_PATH
1786776170.570 [STATIC_OT] state=TRAILING path_exists=0 path_locked=0 path_ttl_ok=0 path_safe=0 on_spline=0 speed=0.00 raw_wpnts=84 raw_age=0.68s decision=TRAILING reason=NO_STATIC_PATH
1786776170.831 [OBSTACLES] cur_s=9.61 cur_d=0.00 vs=0.00 n=1 [id=104 static=1 gap=2.50m d=-0.28 size=0.35]
1786776170.839 [STATIC_OT] state=TRAILING path_exists=0 path_locked=0 path_ttl_ok=0 path_safe=0 on_spline=0 speed=0.00 raw_wpnts=84 raw_age=0.79s decision=TRAILING reason=NO_STATIC_PATH
1786776171.061 [STATIC_OT] state=TRAILING path_exists=0 path_locked=0 path_ttl_ok=0 path_safe=0 on_spline=0 speed=0.00 raw_wpnts=83 raw_age=0.50s decision=TRAILING reason=NO_STATIC_PATH
1786776171.291 [STATIC_OT] state=TRAILING path_exists=0 path_locked=0 path_ttl_ok=0 path_safe=0 on_spline=0 speed=0.00 raw_wpnts=82 raw_age=0.54s decision=TRAILING reason=NO_STATIC_PATH
1786776171.370 [OBSTACLES] cur_s=9.65 cur_d=0.00 vs=0.18 n=1 [id=104 static=1 gap=2.44m d=-0.27 size=0.39]
1786776171.621 [STATIC_OT] state=TRAILING path_exists=0 path_locked=0 path_ttl_ok=0 path_safe=0 on_spline=0 speed=0.22 raw_wpnts=82 raw_age=0.72s decision=TRAILING reason=NO_STATIC_PATH
1786776171.833 [STATIC_OT] state=TRAILING path_exists=0 path_locked=0 path_ttl_ok=0 path_safe=0 on_spline=0 speed=0.00 raw_wpnts=82 raw_age=0.70s decision=TRAILING reason=NO_STATIC_PATH
1786776171.905 [OBSTACLES] cur_s=9.69 cur_d=0.00 vs=0.00 n=1 [id=104 static=1 gap=2.42m d=-0.27 size=0.36]
1786776172.069 [STATIC_OT] state=TRAILING path_exists=0 path_locked=0 path_ttl_ok=0 path_safe=0 on_spline=0 speed=0.00 raw_wpnts=82 raw_age=0.65s decision=TRAILING reason=NO_STATIC_PATH
1786776172.328 [STATIC_OT] state=TRAILING path_exists=0 path_locked=0 path_ttl_ok=0 path_safe=0 on_spline=0 speed=0.09 raw_wpnts=82 raw_age=0.60s decision=TRAILING reason=NO_STATIC_PATH
1786776172.425 [OBSTACLES] cur_s=9.79 cur_d=0.01 vs=0.00 n=1 [id=104 static=1 gap=2.32m d=-0.27 size=0.36]
1786776172.597 [STATIC_OT] state=TRAILING path_exists=0 path_locked=0 path_ttl_ok=0 path_safe=0 on_spline=0 speed=0.00 raw_wpnts=81 raw_age=0.62s decision=TRAILING reason=NO_STATIC_PATH
1786776172.851 [STATIC_OT] state=TRAILING path_exists=0 path_locked=0 path_ttl_ok=0 path_safe=0 on_spline=0 speed=0.00 raw_wpnts=81 raw_age=0.54s decision=TRAILING reason=NO_STATIC_PATH
1786776173.052 [OBSTACLES] cur_s=9.84 cur_d=0.01 vs=0.00 n=1 [id=104 static=1 gap=2.27m d=-0.27 size=0.38]
1786776173.067 [STATIC_OT] state=TRAILING path_exists=0 path_locked=0 path_ttl_ok=0 path_safe=0 on_spline=0 speed=0.00 raw_wpnts=80 raw_age=0.60s decision=TRAILING reason=NO_STATIC_PATH
1786776173.278 [STATIC_OT] state=TRAILING path_exists=0 path_locked=0 path_ttl_ok=0 path_safe=0 on_spline=0 speed=0.00 raw_wpnts=80 raw_age=0.62s decision=TRAILING reason=NO_STATIC_PATH
1786776173.603 [OBSTACLES] cur_s=9.94 cur_d=0.00 vs=0.00 n=1 [id=104 static=1 gap=2.17m d=-0.27 size=0.36]
1786776173.608 [STATIC_OT] state=TRAILING path_exists=0 path_locked=0 path_ttl_ok=0 path_safe=0 on_spline=0 speed=0.00 raw_wpnts=80 raw_age=0.61s decision=TRAILING reason=NO_STATIC_PATH
1786776173.896 [STATIC_OT] state=TRAILING path_exists=0 path_locked=0 path_ttl_ok=0 path_safe=0 on_spline=0 speed=0.07 raw_wpnts=79 raw_age=0.57s decision=TRAILING reason=NO_STATIC_PATH
1786776174.167 [OBSTACLES] cur_s=9.98 cur_d=0.01 vs=0.00 n=1 [id=104 static=1 gap=2.14m d=-0.27 size=0.35]
1786776174.174 [STATIC_OT] state=TRAILING path_exists=0 path_locked=0 path_ttl_ok=0 path_safe=0 on_spline=0 speed=0.00 raw_wpnts=79 raw_age=0.52s decision=TRAILING reason=NO_STATIC_PATH
1786776174.452 [STATIC_OT] state=TRAILING path_exists=0 path_locked=0 path_ttl_ok=0 path_safe=0 on_spline=0 speed=0.07 raw_wpnts=79 raw_age=0.59s decision=TRAILING reason=NO_STATIC_PATH
1786776174.736 [OBSTACLES] cur_s=10.03 cur_d=0.01 vs=0.00 n=1 [id=104 static=1 gap=2.08m d=-0.27 size=0.36]
1786776174.744 [STATIC_OT] state=TRAILING path_exists=0 path_locked=0 path_ttl_ok=0 path_safe=0 on_spline=0 speed=0.00 raw_wpnts=79 raw_age=0.58s decision=TRAILING reason=NO_STATIC_PATH
1786776174.999 [STATIC_OT] state=TRAILING path_exists=0 path_locked=0 path_ttl_ok=0 path_safe=0 on_spline=0 speed=0.00 raw_wpnts=78 raw_age=0.54s decision=TRAILING reason=NO_STATIC_PATH
1786776175.226 [STATIC_OT] state=TRAILING path_exists=0 path_locked=0 path_ttl_ok=0 path_safe=0 on_spline=0 speed=0.00 raw_wpnts=78 raw_age=0.49s decision=TRAILING reason=NO_STATIC_PATH
1786776175.338 [OBSTACLES] cur_s=10.10 cur_d=0.01 vs=0.27 n=1 [id=104 static=1 gap=2.01m d=-0.27 size=0.35]
1786776175.433 [STATIC_OT] state=TRAILING path_exists=0 path_locked=0 path_ttl_ok=0 path_safe=0 on_spline=0 speed=0.00 raw_wpnts=78 raw_age=0.50s decision=TRAILING reason=NO_STATIC_PATH
1786776175.766 [STATIC_OT] state=TRAILING path_exists=0 path_locked=0 path_ttl_ok=0 path_safe=0 on_spline=0 speed=0.00 raw_wpnts=78 raw_age=0.57s decision=TRAILING reason=NO_STATIC_PATH
1786776176.006 [OBSTACLES] cur_s=10.17 cur_d=0.01 vs=0.05 n=1 [id=104 static=1 gap=1.95m d=-0.27 size=0.35]
1786776176.011 [STATIC_OT] state=TRAILING path_exists=0 path_locked=0 path_ttl_ok=0 path_safe=0 on_spline=0 speed=0.05 raw_wpnts=77 raw_age=0.56s decision=TRAILING reason=NO_STATIC_PATH
1786776176.227 [STATIC_OT] state=TRAILING path_exists=0 path_locked=0 path_ttl_ok=0 path_safe=0 on_spline=0 speed=0.15 raw_wpnts=77 raw_age=0.55s decision=TRAILING reason=NO_STATIC_PATH
1786776176.443 [STATIC_OT] state=TRAILING path_exists=0 path_locked=0 path_ttl_ok=0 path_safe=0 on_spline=0 speed=0.11 raw_wpnts=77 raw_age=0.50s decision=TRAILING reason=NO_STATIC_PATH
1786776176.507 [OBSTACLES] cur_s=10.23 cur_d=0.02 vs=0.08 n=1 [id=104 static=1 gap=1.86m d=-0.27 size=0.42]
1786776176.728 [STATIC_OT] state=TRAILING path_exists=0 path_locked=0 path_ttl_ok=0 path_safe=0 on_spline=0 speed=0.29 raw_wpnts=76 raw_age=0.49s decision=TRAILING reason=NO_STATIC_PATH
1786776176.854 [STATE_CHANGE] TRAILING -> GB_TRACK src=GB_TRACK s=10.33 d=0.02 vs=0.31
1786776177.047 [OBSTACLES] cur_s=10.35 cur_d=0.03 vs=0.24 n=0 [none]
1786776177.410 [STATIC_OT] state=GB_TRACK path_exists=0 path_locked=0 path_ttl_ok=0 path_safe=0 on_spline=0 speed=1.62 raw_wpnts=0 raw_age=-s decision=TRAILING reason=NO_STATIC_PATH
1786776177.411 [STATE_CHANGE] GB_TRACK -> TRAILING src=GB_TRACK s=10.64 d=0.03 vs=1.62
1786776177.602 [OBSTACLES] cur_s=10.92 cur_d=0.02 vs=2.25 n=1 [id=107 static=1 gap=1.18m d=-0.09 size=0.44]
1786776177.636 [STATIC_OT] state=TRAILING path_exists=0 path_locked=0 path_ttl_ok=0 path_safe=0 on_spline=0 speed=2.37 raw_wpnts=0 raw_age=-s decision=TRAILING reason=NO_STATIC_PATH
1786776177.840 [STATIC_OT] state=TRAILING path_exists=0 path_locked=0 path_ttl_ok=0 path_safe=0 on_spline=0 speed=2.29 raw_wpnts=76 raw_age=0.44s decision=TRAILING reason=NO_STATIC_PATH
1786776178.049 [STATIC_OT] state=TRAILING path_exists=0 path_locked=0 path_ttl_ok=0 path_safe=0 on_spline=0 speed=1.81 raw_wpnts=76 raw_age=0.43s decision=TRAILING reason=NO_STATIC_PATH
1786776178.159 [OBSTACLES] cur_s=12.11 cur_d=0.11 vs=1.37 n=0 [none]
1786776178.159 [STATE_CHANGE] TRAILING -> RECOVERY src=RECOVERY s=12.11 d=0.11 vs=1.37
1786776178.670 [OBSTACLES] cur_s=12.66 cur_d=0.18 vs=1.76 n=0 [none]
1786776179.189 [OBSTACLES] cur_s=13.82 cur_d=0.21 vs=2.69 n=0 [none]
1786776179.704 [OBSTACLES] cur_s=15.63 cur_d=0.16 vs=2.50 n=0 [none]
1786776180.222 [OBSTACLES] cur_s=17.00 cur_d=0.17 vs=2.80 n=0 [none]
1786776180.838 [OBSTACLES] cur_s=18.87 cur_d=0.24 vs=3.25 n=0 [none]
1786776181.376 [OBSTACLES] cur_s=20.63 cur_d=-0.18 vs=3.39 n=0 [none]
1786776181.377 [STATE_CHANGE] RECOVERY -> LOSTLINE src=GB_TRACK s=20.63 d=-0.18 vs=3.39
1786776181.491 [STATE_CHANGE] LOSTLINE -> GB_TRACK src=GB_TRACK s=21.15 d=-0.05 vs=3.34
1786776181.907 [OBSTACLES] cur_s=0.04 cur_d=0.14 vs=3.08 n=0 [none]
1786776182.408 [OBSTACLES] cur_s=1.36 cur_d=-0.11 vs=2.42 n=0 [none]
1786776182.956 [OBSTACLES] cur_s=2.78 cur_d=0.29 vs=2.68 n=0 [none]
1786776183.048 [STATE_CHANGE] GB_TRACK -> LOSTLINE src=GB_TRACK s=2.95 d=0.33 vs=2.72
1786776183.348 [STATE_CHANGE] LOSTLINE -> GB_TRACK src=GB_TRACK s=3.83 d=0.25 vs=2.52
1786776183.459 [OBSTACLES] cur_s=4.19 cur_d=0.12 vs=2.32 n=0 [none]
1786776184.004 [OBSTACLES] cur_s=5.37 cur_d=0.03 vs=2.64 n=0 [none]
1786776184.559 [OBSTACLES] cur_s=7.19 cur_d=0.21 vs=3.36 n=1 [id=109 static=1 gap=5.24m d=-0.60 size=0.40]
1786776184.834 [STATIC_OT] state=GB_TRACK path_exists=0 path_locked=0 path_ttl_ok=0 path_safe=0 on_spline=0 speed=3.30 raw_wpnts=0 raw_age=-s decision=TRAILING reason=NO_STATIC_PATH
1786776184.837 [STATE_CHANGE] GB_TRACK -> TRAILING src=GB_TRACK s=8.19 d=-0.17 vs=3.30
1786776184.912 [STATE_CHANGE] TRAILING -> LOSTLINE src=GB_TRACK s=8.46 d=-0.24 vs=3.37
1786776185.036 [STATIC_OT] state=GB_TRACK path_exists=0 path_locked=0 path_ttl_ok=0 path_safe=0 on_spline=0 speed=3.34 raw_wpnts=0 raw_age=-s decision=TRAILING reason=NO_STATIC_PATH
1786776185.037 [STATE_CHANGE] LOSTLINE -> TRAILING src=GB_TRACK s=8.78 d=-0.27 vs=3.34
1786776185.097 [OBSTACLES] cur_s=8.94 cur_d=-0.26 vs=3.19 n=1 [id=109 static=0 gap=3.69m d=-0.43 size=0.37]
1786776185.267 [STATIC_OT] state=TRAILING path_exists=0 path_locked=0 path_ttl_ok=0 path_safe=0 on_spline=0 speed=3.07 raw_wpnts=0 raw_age=-s decision=TRAILING reason=NO_STATIC_PATH
1786776185.481 [STATIC_OT] state=TRAILING path_exists=0 path_locked=0 path_ttl_ok=0 path_safe=0 on_spline=0 speed=2.91 raw_wpnts=0 raw_age=-s decision=TRAILING reason=NO_STATIC_PATH
1786776185.576 [STATE_CHANGE] TRAILING -> RECOVERY src=RECOVERY s=10.40 d=0.19 vs=2.77
1786776185.646 [OBSTACLES] cur_s=10.55 cur_d=0.24 vs=2.67 n=0 [none]
1786776186.226 [OBSTACLES] cur_s=12.03 cur_d=-0.09 vs=2.53 n=0 [none]
1786776186.741 [OBSTACLES] cur_s=13.15 cur_d=0.08 vs=2.56 n=0 [none]
1786776187.275 [OBSTACLES] cur_s=14.79 cur_d=0.20 vs=2.27 n=0 [none]
1786776187.445 [STATE_CHANGE] RECOVERY -> GB_TRACK src=GB_TRACK s=15.15 d=0.02 vs=2.07
1786776187.801 [OBSTACLES] cur_s=15.90 cur_d=-0.05 vs=2.18 n=1 [id=112 static=1 gap=0.08m d=-0.52 size=0.32]
1786776188.367 [OBSTACLES] cur_s=17.29 cur_d=0.23 vs=3.00 n=0 [none]
1786776188.546 [STATE_CHANGE] GB_TRACK -> RECOVERY src=RECOVERY s=17.98 d=0.32 vs=3.37
1786776188.908 [OBSTACLES] cur_s=19.14 cur_d=-0.01 vs=3.30 n=0 [none]
1786776188.911 [STATE_CHANGE] RECOVERY -> GB_TRACK src=GB_TRACK s=19.14 d=-0.01 vs=3.30
1786776189.499 [OBSTACLES] cur_s=20.93 cur_d=-0.05 vs=3.37 n=0 [none]
1786776190.001 [OBSTACLES] cur_s=0.45 cur_d=0.04 vs=2.71 n=0 [none]
1786776190.598 [OBSTACLES] cur_s=1.68 cur_d=0.00 vs=2.62 n=0 [none]
1786776191.002 [STATE_CHANGE] GB_TRACK -> LOSTLINE src=GB_TRACK s=2.98 d=0.39 vs=2.71
1786776191.121 [OBSTACLES] cur_s=3.25 cur_d=0.42 vs=2.70 n=0 [none]
1786776191.335 [STATE_CHANGE] LOSTLINE -> GB_TRACK src=GB_TRACK s=3.88 d=0.27 vs=2.33
1786776191.706 [OBSTACLES] cur_s=4.67 cur_d=-0.18 vs=1.98 n=0 [none]
1786776192.255 [OBSTACLES] cur_s=5.73 cur_d=-0.12 vs=2.55 n=0 [none]
1786776192.401 [STATIC_OT] state=GB_TRACK path_exists=0 path_locked=0 path_ttl_ok=0 path_safe=0 on_spline=0 speed=2.68 raw_wpnts=0 raw_age=-s decision=TRAILING reason=NO_STATIC_PATH
1786776192.401 [STATE_CHANGE] GB_TRACK -> TRAILING src=GB_TRACK s=6.01 d=0.03 vs=2.68
1786776192.612 [STATIC_OT] state=TRAILING path_exists=0 path_locked=0 path_ttl_ok=0 path_safe=0 on_spline=0 speed=3.26 raw_wpnts=0 raw_age=-s decision=TRAILING reason=NO_STATIC_PATH
1786776192.713 [STATE_CHANGE] TRAILING -> RECOVERY src=RECOVERY s=7.04 d=0.25 vs=3.09
1786776192.777 [OBSTACLES] cur_s=7.26 cur_d=0.25 vs=3.09 n=1 [id=113 static=1 gap=5.23m d=-0.49 size=0.38]
1786776192.878 [STATIC_OT] state=RECOVERY path_exists=0 path_locked=0 path_ttl_ok=0 path_safe=0 on_spline=0 speed=2.83 raw_wpnts=0 raw_age=-s decision=TRAILING reason=NO_STATIC_PATH
1786776192.886 [STATE_CHANGE] RECOVERY -> TRAILING src=RECOVERY s=7.44 d=0.21 vs=2.83
1786776193.196 [STATIC_OT] state=TRAILING path_exists=0 path_locked=0 path_ttl_ok=0 path_safe=0 on_spline=0 speed=3.11 raw_wpnts=126 raw_age=0.54s decision=TRAILING reason=NO_STATIC_PATH
1786776193.286 [OBSTACLES] cur_s=8.56 cur_d=-0.23 vs=2.99 n=1 [id=113 static=1 gap=3.98m d=-0.42 size=0.39]
1786776193.430 [STATIC_OT] state=TRAILING path_exists=0 path_locked=0 path_ttl_ok=0 path_safe=0 on_spline=0 speed=2.85 raw_wpnts=120 raw_age=0.67s decision=TRAILING reason=NO_STATIC_PATH
1786776193.756 [STATE_CHANGE] TRAILING -> GB_TRACK src=GB_TRACK s=9.69 d=0.03 vs=1.84
1786776193.808 [OBSTACLES] cur_s=9.79 cur_d=0.06 vs=1.77 n=0 [none]
1786776194.397 [OBSTACLES] cur_s=10.60 cur_d=-0.02 vs=2.36 n=0 [none]
1786776194.925 [OBSTACLES] cur_s=12.29 cur_d=0.20 vs=2.85 n=0 [none]
1786776195.459 [OBSTACLES] cur_s=14.16 cur_d=0.10 vs=2.80 n=0 [none]
1786776196.159 [OBSTACLES] cur_s=16.27 cur_d=0.15 vs=2.08 n=0 [none]
1786776196.665 [OBSTACLES] cur_s=17.61 cur_d=0.09 vs=3.15 n=0 [none]
1786776197.260 [OBSTACLES] cur_s=19.27 cur_d=0.13 vs=3.26 n=0 [none]
1786776197.850 [OBSTACLES] cur_s=21.37 cur_d=-0.18 vs=3.26 n=0 [none]
1786776198.404 [OBSTACLES] cur_s=0.52 cur_d=0.16 vs=2.57 n=0 [none]
1786776198.871 [STATE_CHANGE] GB_TRACK -> LOSTLINE src=GB_TRACK s=1.37 d=-0.31 vs=2.14
1786776198.927 [OBSTACLES] cur_s=1.45 cur_d=-0.33 vs=2.16 n=0 [none]
1786776198.966 [STATE_CHANGE] LOSTLINE -> RECOVERY src=RECOVERY s=1.55 d=-0.34 vs=2.26
1786776199.433 [OBSTACLES] cur_s=2.56 cur_d=-0.06 vs=2.72 n=0 [none]
1786776199.477 [STATE_CHANGE] RECOVERY -> GB_TRACK src=GB_TRACK s=2.61 d=-0.05 vs=2.71
1786776199.769 [STATE_CHANGE] GB_TRACK -> LOSTLINE src=GB_TRACK s=3.53 d=0.30 vs=2.58
1786776199.838 [STATE_CHANGE] LOSTLINE -> GB_TRACK src=GB_TRACK s=3.97 d=0.22 vs=2.40
1786776199.939 [OBSTACLES] cur_s=4.14 cur_d=0.13 vs=2.11 n=0 [none]
1786776200.452 [OBSTACLES] cur_s=5.07 cur_d=-0.20 vs=2.26 n=0 [none]
1786776200.941 [STATIC_OT] state=GB_TRACK path_exists=0 path_locked=0 path_ttl_ok=0 path_safe=0 on_spline=0 speed=2.55 raw_wpnts=0 raw_age=-s decision=TRAILING reason=NO_STATIC_PATH
1786776200.954 [STATE_CHANGE] GB_TRACK -> TRAILING src=GB_TRACK s=5.90 d=0.04 vs=2.55
1786776201.047 [OBSTACLES] cur_s=6.49 cur_d=0.21 vs=3.05 n=1 [id=116 static=1 gap=5.81m d=0.10 size=0.22]
1786776201.142 [STATIC_OT] state=TRAILING path_exists=0 path_locked=0 path_ttl_ok=0 path_safe=0 on_spline=0 speed=3.29 raw_wpnts=0 raw_age=-s decision=TRAILING reason=NO_STATIC_PATH
1786776201.353 [STATIC_OT] state=TRAILING path_exists=0 path_locked=0 path_ttl_ok=0 path_safe=0 on_spline=0 speed=2.78 raw_wpnts=0 raw_age=-s decision=TRAILING reason=NO_STATIC_PATH
1786776201.473 [STATE_CHANGE] TRAILING -> GB_TRACK src=GB_TRACK s=7.69 d=-0.04 vs=2.34
1786776201.600 [OBSTACLES] cur_s=7.95 cur_d=-0.15 vs=2.11 n=0 [none]
1786776202.186 [OBSTACLES] cur_s=9.36 cur_d=0.12 vs=3.26 n=1 [id=117 static=1 gap=3.07m d=0.21 size=0.31]
1786776202.197 [STATIC_OT] state=GB_TRACK path_exists=0 path_locked=0 path_ttl_ok=0 path_safe=0 on_spline=0 speed=3.26 raw_wpnts=0 raw_age=-s decision=TRAILING reason=NO_STATIC_PATH
1786776202.198 [STATE_CHANGE] GB_TRACK -> TRAILING src=GB_TRACK s=9.36 d=0.12 vs=3.26
1786776202.402 [STATIC_OT] state=TRAILING path_exists=0 path_locked=0 path_ttl_ok=0 path_safe=0 on_spline=0 speed=3.38 raw_wpnts=105 raw_age=0.53s decision=TRAILING reason=NO_STATIC_PATH
1786776202.563 [STATE_CHANGE] TRAILING -> LOSTLINE src=GB_TRACK s=10.42 d=0.17 vs=3.19
1786776202.645 [STATE_CHANGE] LOSTLINE -> GB_TRACK src=GB_TRACK s=10.81 d=0.09 vs=3.01
1786776202.799 [OBSTACLES] cur_s=11.31 cur_d=-0.03 vs=2.62 n=0 [none]
1786776203.334 [OBSTACLES] cur_s=12.56 cur_d=0.21 vs=2.39 n=0 [none]
1786776203.874 [OBSTACLES] cur_s=14.19 cur_d=-0.05 vs=2.27 n=0 [none]
1786776204.421 [OBSTACLES] cur_s=15.61 cur_d=-0.27 vs=2.39 n=0 [none]
1786776204.984 [OBSTACLES] cur_s=16.71 cur_d=0.35 vs=2.29 n=0 [none]
1786776204.985 [STATE_CHANGE] GB_TRACK -> LOSTLINE src=GB_TRACK s=16.71 d=0.35 vs=2.29
1786776205.349 [STATE_CHANGE] LOSTLINE -> GB_TRACK src=GB_TRACK s=17.89 d=0.28 vs=3.14
1786776205.539 [OBSTACLES] cur_s=18.62 cur_d=-0.05 vs=3.30 n=0 [none]
1786776206.043 [OBSTACLES] cur_s=20.12 cur_d=-0.09 vs=3.39 n=0 [none]
1786776206.629 [OBSTACLES] cur_s=21.96 cur_d=0.03 vs=3.24 n=0 [none]
1786776207.145 [OBSTACLES] cur_s=1.08 cur_d=0.06 vs=2.54 n=0 [none]
1786776207.410 [STATE_CHANGE] GB_TRACK -> LOSTLINE src=GB_TRACK s=1.95 d=0.30 vs=2.60
1786776207.476 [STATE_CHANGE] LOSTLINE -> RECOVERY src=RECOVERY s=2.09 d=0.32 vs=2.62
1786776207.671 [OBSTACLES] cur_s=2.64 cur_d=0.26 vs=2.80 n=0 [none]
1786776208.180 [OBSTACLES] cur_s=3.95 cur_d=0.10 vs=2.46 n=0 [none]
1786776208.803 [OBSTACLES] cur_s=5.57 cur_d=0.28 vs=2.83 n=0 [none]
1786776209.328 [OBSTACLES] cur_s=7.54 cur_d=0.18 vs=3.35 n=0 [none]
1786776209.437 [STATE_CHANGE] RECOVERY -> GB_TRACK src=GB_TRACK s=8.03 d=0.04 vs=3.33
1786776209.881 [OBSTACLES] cur_s=9.35 cur_d=-0.13 vs=3.43 n=0 [none]
1786776210.439 [OBSTACLES] cur_s=11.03 cur_d=0.22 vs=3.05 n=0 [none]
1786776210.968 [OBSTACLES] cur_s=12.75 cur_d=-0.06 vs=2.64 n=0 [none]
1786776211.365 [STATIC_OT] state=GB_TRACK path_exists=0 path_locked=0 path_ttl_ok=0 path_safe=0 on_spline=0 speed=1.92 raw_wpnts=99 raw_age=0.61s decision=TRAILING reason=NO_STATIC_PATH
1786776211.365 [STATE_CHANGE] GB_TRACK -> TRAILING src=GB_TRACK s=13.47 d=0.02 vs=1.92
1786776211.531 [OBSTACLES] cur_s=13.73 cur_d=0.01 vs=1.53 n=1 [id=122 static=1 gap=2.01m d=-0.33 size=0.37]
1786776211.584 [STATIC_OT] state=TRAILING path_exists=0 path_locked=0 path_ttl_ok=0 path_safe=0 on_spline=0 speed=1.48 raw_wpnts=90 raw_age=0.47s decision=TRAILING reason=NO_STATIC_PATH
1786776211.794 [STATIC_OT] state=TRAILING path_exists=0 path_locked=0 path_ttl_ok=0 path_safe=0 on_spline=0 speed=1.00 raw_wpnts=80 raw_age=0.49s decision=TRAILING reason=NO_STATIC_PATH
1786776212.001 [STATIC_OT] state=TRAILING path_exists=0 path_locked=0 path_ttl_ok=0 path_safe=0 on_spline=0 speed=0.59 raw_wpnts=78 raw_age=0.53s decision=TRAILING reason=NO_STATIC_PATH
1786776212.037 [OBSTACLES] cur_s=14.14 cur_d=-0.09 vs=0.44 n=1 [id=122 static=1 gap=1.56m d=-0.27 size=0.42]
1786776212.214 [STATIC_OT] state=TRAILING path_exists=0 path_locked=0 path_ttl_ok=0 path_safe=0 on_spline=0 speed=0.30 raw_wpnts=76 raw_age=0.46s decision=TRAILING reason=NO_STATIC_PATH
