# static_avoidance_node debug log started 20260815_191222
1786788747.925 [STATIC_AVOID] obs_id=- obs_dist=-m obs_s=- ego_s=4.56 side=- | left_clearance=- right_clearance=- candidate_valid=false rung=- | cache_used=false path_age=- path_points=0 planning_time_ms=0.2 | reason=no_static_obstacle_in_range | cache_reason=no_cache
1786788748.434 [STATIC_AVOID] obs_id=- obs_dist=-m obs_s=- ego_s=4.43 side=- | left_clearance=- right_clearance=- candidate_valid=false rung=- | cache_used=false path_age=- path_points=0 planning_time_ms=0.1 | reason=no_static_obstacle_in_range | cache_reason=no_cache
1786788748.976 [STATIC_AVOID] obs_id=- obs_dist=-m obs_s=- ego_s=3.60 side=- | left_clearance=- right_clearance=- candidate_valid=false rung=- | cache_used=false path_age=- path_points=0 planning_time_ms=0.5 | reason=no_static_obstacle_in_range | cache_reason=no_cache
1786788749.491 [STATIC_AVOID] obs_id=- obs_dist=-m obs_s=- ego_s=3.08 side=- | left_clearance=- right_clearance=- candidate_valid=false rung=- | cache_used=false path_age=- path_points=0 planning_time_ms=0.1 | reason=no_static_obstacle_in_range | cache_reason=no_cache
1786788750.037 [STATIC_AVOID] obs_id=- obs_dist=-m obs_s=- ego_s=2.49 side=- | left_clearance=- right_clearance=- candidate_valid=false rung=- | cache_used=false path_age=- path_points=0 planning_time_ms=0.1 | reason=no_static_obstacle_in_range | cache_reason=no_cache
1786788750.574 [STATIC_AVOID] obs_id=- obs_dist=-m obs_s=- ego_s=2.13 side=- | left_clearance=- right_clearance=- candidate_valid=false rung=- | cache_used=false path_age=- path_points=0 planning_time_ms=0.1 | reason=no_static_obstacle_in_range | cache_reason=no_cache
1786788751.078 [STATIC_AVOID] obs_id=- obs_dist=-m obs_s=- ego_s=2.10 side=- | left_clearance=- right_clearance=- candidate_valid=false rung=- | cache_used=false path_age=- path_points=0 planning_time_ms=2.3 | reason=no_static_obstacle_in_range | cache_reason=no_cache
1786788751.582 [STATIC_AVOID] obs_id=- obs_dist=-m obs_s=- ego_s=2.70 side=- | left_clearance=- right_clearance=- candidate_valid=false rung=- | cache_used=false path_age=- path_points=0 planning_time_ms=0.2 | reason=no_static_obstacle_in_range | cache_reason=no_cache
1786788752.093 [STATIC_AVOID] obs_id=- obs_dist=-m obs_s=- ego_s=4.03 side=- | left_clearance=- right_clearance=- candidate_valid=false rung=- | cache_used=false path_age=- path_points=0 planning_time_ms=0.1 | reason=no_static_obstacle_in_range | cache_reason=no_cache
1786788752.636 [STATIC_AVOID] obs_id=- obs_dist=-m obs_s=- ego_s=5.88 side=- | left_clearance=- right_clearance=- candidate_valid=false rung=- | cache_used=false path_age=- path_points=0 planning_time_ms=0.1 | reason=no_static_obstacle_in_range | cache_reason=no_cache
1786788753.143 [STATIC_AVOID] obs_id=- obs_dist=-m obs_s=- ego_s=7.72 side=- | left_clearance=- right_clearance=- candidate_valid=false rung=- | cache_used=false path_age=- path_points=0 planning_time_ms=0.1 | reason=no_static_obstacle_in_range | cache_reason=no_cache
1786788753.674 [STATIC_AVOID] obs_id=- obs_dist=-m obs_s=- ego_s=9.61 side=- | left_clearance=- right_clearance=- candidate_valid=false rung=- | cache_used=false path_age=- path_points=0 planning_time_ms=0.1 | reason=no_static_obstacle_in_range | cache_reason=no_cache
1786788754.198 [STATIC_AVOID] obs_id=- obs_dist=-m obs_s=- ego_s=11.01 side=- | left_clearance=- right_clearance=- candidate_valid=false rung=- | cache_used=false path_age=- path_points=0 planning_time_ms=0.1 | reason=no_static_obstacle_in_range | cache_reason=no_cache
1786788754.728 [STATIC_AVOID] obs_id=- obs_dist=-m obs_s=- ego_s=12.56 side=- | left_clearance=- right_clearance=- candidate_valid=false rung=- | cache_used=false path_age=- path_points=0 planning_time_ms=0.1 | reason=no_static_obstacle_in_range | cache_reason=no_cache
1786788755.237 [STATIC_AVOID] obs_id=- obs_dist=-m obs_s=- ego_s=14.19 side=- | left_clearance=- right_clearance=- candidate_valid=false rung=- | cache_used=false path_age=- path_points=0 planning_time_ms=0.1 | reason=no_static_obstacle_in_range | cache_reason=no_cache
1786788755.780 [STATIC_AVOID] obs_id=- obs_dist=-m obs_s=- ego_s=15.87 side=- | left_clearance=- right_clearance=- candidate_valid=false rung=- | cache_used=false path_age=- path_points=0 planning_time_ms=0.1 | reason=no_static_obstacle_in_range | cache_reason=no_cache
1786788756.284 [STATIC_AVOID] obs_id=- obs_dist=-m obs_s=- ego_s=17.20 side=- | left_clearance=- right_clearance=- candidate_valid=false rung=- | cache_used=false path_age=- path_points=0 planning_time_ms=0.1 | reason=no_static_obstacle_in_range | cache_reason=no_cache
1786788756.841 [STATIC_AVOID] obs_id=- obs_dist=-m obs_s=- ego_s=18.83 side=- | left_clearance=- right_clearance=- candidate_valid=false rung=- | cache_used=false path_age=- path_points=0 planning_time_ms=0.2 | reason=no_static_obstacle_in_range | cache_reason=no_cache
1786788757.397 [STATIC_AVOID] obs_id=- obs_dist=-m obs_s=- ego_s=19.86 side=- | left_clearance=- right_clearance=- candidate_valid=false rung=- | cache_used=false path_age=- path_points=0 planning_time_ms=2.5 | reason=no_static_obstacle_in_range | cache_reason=no_cache
1786788757.930 [STATIC_AVOID] obs_id=- obs_dist=-m obs_s=- ego_s=20.73 side=- | left_clearance=- right_clearance=- candidate_valid=false rung=- | cache_used=false path_age=- path_points=0 planning_time_ms=0.1 | reason=no_static_obstacle_in_range | cache_reason=no_cache
1786788758.439 [STATIC_AVOID] obs_id=- obs_dist=-m obs_s=- ego_s=21.77 side=- | left_clearance=- right_clearance=- candidate_valid=false rung=- | cache_used=false path_age=- path_points=0 planning_time_ms=0.1 | reason=no_static_obstacle_in_range | cache_reason=no_cache
1786788758.980 [STATIC_AVOID] obs_id=- obs_dist=-m obs_s=- ego_s=23.37 side=- | left_clearance=- right_clearance=- candidate_valid=false rung=- | cache_used=false path_age=- path_points=0 planning_time_ms=0.1 | reason=no_static_obstacle_in_range | cache_reason=no_cache
1786788759.483 [STATIC_AVOID] obs_id=- obs_dist=-m obs_s=- ego_s=25.08 side=- | left_clearance=- right_clearance=- candidate_valid=false rung=- | cache_used=false path_age=- path_points=0 planning_time_ms=0.1 | reason=no_static_obstacle_in_range | cache_reason=no_cache
1786788760.032 [STATIC_AVOID] obs_id=- obs_dist=-m obs_s=- ego_s=27.08 side=- | left_clearance=- right_clearance=- candidate_valid=false rung=- | cache_used=false path_age=- path_points=0 planning_time_ms=0.1 | reason=no_static_obstacle_in_range | cache_reason=no_cache
1786788760.540 [STATIC_AVOID] obs_id=- obs_dist=-m obs_s=- ego_s=29.19 side=- | left_clearance=- right_clearance=- candidate_valid=false rung=- | cache_used=false path_age=- path_points=0 planning_time_ms=0.1 | reason=no_static_obstacle_in_range | cache_reason=no_cache
1786788761.087 [STATIC_AVOID] obs_id=- obs_dist=-m obs_s=- ego_s=31.07 side=- | left_clearance=- right_clearance=- candidate_valid=false rung=- | cache_used=false path_age=- path_points=0 planning_time_ms=0.1 | reason=no_static_obstacle_in_range | cache_reason=no_cache
1786788761.627 [STATIC_AVOID] obs_id=- obs_dist=-m obs_s=- ego_s=33.02 side=- | left_clearance=- right_clearance=- candidate_valid=false rung=- | cache_used=false path_age=- path_points=0 planning_time_ms=0.1 | reason=no_static_obstacle_in_range | cache_reason=no_cache
1786788762.176 [STATIC_AVOID] obs_id=- obs_dist=-m obs_s=- ego_s=0.43 side=- | left_clearance=- right_clearance=- candidate_valid=false rung=- | cache_used=false path_age=- path_points=0 planning_time_ms=0.1 | reason=no_static_obstacle_in_range | cache_reason=no_cache
1786788762.679 [STATIC_AVOID] obs_id=- obs_dist=-m obs_s=- ego_s=2.13 side=- | left_clearance=- right_clearance=- candidate_valid=false rung=- | cache_used=false path_age=- path_points=0 planning_time_ms=0.1 | reason=no_static_obstacle_in_range | cache_reason=no_cache
1786788763.182 [STATIC_AVOID] obs_id=- obs_dist=-m obs_s=- ego_s=3.74 side=- | left_clearance=- right_clearance=- candidate_valid=false rung=- | cache_used=false path_age=- path_points=0 planning_time_ms=0.1 | reason=no_static_obstacle_in_range | cache_reason=no_cache
1786788763.685 [STATIC_AVOID] obs_id=- obs_dist=-m obs_s=- ego_s=5.31 side=- | left_clearance=- right_clearance=- candidate_valid=false rung=- | cache_used=false path_age=- path_points=0 planning_time_ms=0.1 | reason=no_static_obstacle_in_range | cache_reason=no_cache
1786788764.238 [STATIC_AVOID] obs_id=- obs_dist=-m obs_s=- ego_s=7.18 side=- | left_clearance=- right_clearance=- candidate_valid=false rung=- | cache_used=false path_age=- path_points=0 planning_time_ms=0.1 | reason=no_static_obstacle_in_range | cache_reason=no_cache
1786788764.788 [STATIC_AVOID] obs_id=- obs_dist=-m obs_s=- ego_s=9.11 side=- | left_clearance=- right_clearance=- candidate_valid=false rung=- | cache_used=false path_age=- path_points=0 planning_time_ms=2.1 | reason=no_static_obstacle_in_range | cache_reason=no_cache
1786788765.344 [STATIC_AVOID] obs_id=- obs_dist=-m obs_s=- ego_s=10.75 side=- | left_clearance=- right_clearance=- candidate_valid=false rung=- | cache_used=false path_age=- path_points=0 planning_time_ms=0.1 | reason=no_static_obstacle_in_range | cache_reason=no_cache
1786788765.877 [STATIC_AVOID] obs_id=- obs_dist=-m obs_s=- ego_s=12.02 side=- | left_clearance=- right_clearance=- candidate_valid=false rung=- | cache_used=false path_age=- path_points=0 planning_time_ms=0.1 | reason=no_static_obstacle_in_range | cache_reason=no_cache
1786788766.390 [STATIC_AVOID] obs_id=- obs_dist=-m obs_s=- ego_s=13.33 side=- | left_clearance=- right_clearance=- candidate_valid=false rung=- | cache_used=false path_age=- path_points=0 planning_time_ms=0.4 | reason=no_static_obstacle_in_range | cache_reason=no_cache
1786788766.927 [STATIC_AVOID] obs_id=- obs_dist=-m obs_s=- ego_s=15.39 side=- | left_clearance=- right_clearance=- candidate_valid=false rung=- | cache_used=false path_age=- path_points=0 planning_time_ms=0.1 | reason=no_static_obstacle_in_range | cache_reason=no_cache
1786788767.439 [STATIC_AVOID] obs_id=- obs_dist=-m obs_s=- ego_s=16.65 side=- | left_clearance=- right_clearance=- candidate_valid=false rung=- | cache_used=false path_age=- path_points=0 planning_time_ms=1.2 | reason=no_static_obstacle_in_range | cache_reason=no_cache
1786788767.981 [STATIC_AVOID] obs_id=- obs_dist=-m obs_s=- ego_s=18.01 side=- | left_clearance=- right_clearance=- candidate_valid=false rung=- | cache_used=false path_age=- path_points=0 planning_time_ms=0.1 | reason=no_static_obstacle_in_range | cache_reason=no_cache
1786788768.486 [STATIC_AVOID] obs_id=- obs_dist=-m obs_s=- ego_s=19.70 side=- | left_clearance=- right_clearance=- candidate_valid=false rung=- | cache_used=false path_age=- path_points=0 planning_time_ms=0.1 | reason=no_static_obstacle_in_range | cache_reason=no_cache
1786788769.027 [STATIC_AVOID] obs_id=- obs_dist=-m obs_s=- ego_s=20.95 side=- | left_clearance=- right_clearance=- candidate_valid=false rung=- | cache_used=false path_age=- path_points=0 planning_time_ms=0.1 | reason=no_static_obstacle_in_range | cache_reason=no_cache
1786788769.533 [STATIC_AVOID] obs_id=- obs_dist=-m obs_s=- ego_s=22.57 side=- | left_clearance=- right_clearance=- candidate_valid=false rung=- | cache_used=false path_age=- path_points=0 planning_time_ms=0.4 | reason=no_static_obstacle_in_range | cache_reason=no_cache
1786788770.086 [STATIC_AVOID] obs_id=- obs_dist=-m obs_s=- ego_s=24.30 side=- | left_clearance=- right_clearance=- candidate_valid=false rung=- | cache_used=false path_age=- path_points=0 planning_time_ms=0.1 | reason=no_static_obstacle_in_range | cache_reason=no_cache
1786788770.639 [STATIC_AVOID] obs_id=- obs_dist=-m obs_s=- ego_s=26.15 side=- | left_clearance=- right_clearance=- candidate_valid=false rung=- | cache_used=false path_age=- path_points=0 planning_time_ms=0.1 | reason=no_static_obstacle_in_range | cache_reason=no_cache
1786788771.177 [STATIC_AVOID] obs_id=- obs_dist=-m obs_s=- ego_s=28.13 side=- | left_clearance=- right_clearance=- candidate_valid=false rung=- | cache_used=false path_age=- path_points=0 planning_time_ms=0.1 | reason=no_static_obstacle_in_range | cache_reason=no_cache
1786788771.682 [STATIC_AVOID] obs_id=- obs_dist=-m obs_s=- ego_s=29.78 side=- | left_clearance=- right_clearance=- candidate_valid=false rung=- | cache_used=false path_age=- path_points=0 planning_time_ms=0.1 | reason=no_static_obstacle_in_range | cache_reason=no_cache
1786788772.225 [STATIC_AVOID] obs_id=- obs_dist=-m obs_s=- ego_s=31.94 side=- | left_clearance=- right_clearance=- candidate_valid=false rung=- | cache_used=false path_age=- path_points=0 planning_time_ms=0.1 | reason=no_static_obstacle_in_range | cache_reason=no_cache
1786788772.777 [STATIC_AVOID] obs_id=- obs_dist=-m obs_s=- ego_s=34.03 side=- | left_clearance=- right_clearance=- candidate_valid=false rung=- | cache_used=false path_age=- path_points=0 planning_time_ms=0.1 | reason=no_static_obstacle_in_range | cache_reason=no_cache
1786788773.278 [STATIC_AVOID] obs_id=- obs_dist=-m obs_s=- ego_s=1.19 side=- | left_clearance=- right_clearance=- candidate_valid=false rung=- | cache_used=false path_age=- path_points=0 planning_time_ms=0.1 | reason=no_static_obstacle_in_range | cache_reason=no_cache
1786788773.823 [STATIC_AVOID] obs_id=- obs_dist=-m obs_s=- ego_s=2.75 side=- | left_clearance=- right_clearance=- candidate_valid=false rung=- | cache_used=false path_age=- path_points=0 planning_time_ms=0.1 | reason=no_static_obstacle_in_range | cache_reason=no_cache
1786788774.332 [STATIC_AVOID] obs_id=- obs_dist=-m obs_s=- ego_s=4.42 side=- | left_clearance=- right_clearance=- candidate_valid=false rung=- | cache_used=false path_age=- path_points=0 planning_time_ms=0.1 | reason=no_static_obstacle_in_range | cache_reason=no_cache
1786788774.835 [STATIC_AVOID] obs_id=- obs_dist=-m obs_s=- ego_s=6.17 side=- | left_clearance=- right_clearance=- candidate_valid=false rung=- | cache_used=false path_age=- path_points=0 planning_time_ms=0.1 | reason=no_static_obstacle_in_range | cache_reason=no_cache
1786788775.383 [STATIC_AVOID] obs_id=- obs_dist=-m obs_s=- ego_s=8.15 side=- | left_clearance=- right_clearance=- candidate_valid=false rung=- | cache_used=false path_age=- path_points=0 planning_time_ms=0.3 | reason=no_static_obstacle_in_range | cache_reason=no_cache
1786788775.891 [STATIC_AVOID] obs_id=- obs_dist=-m obs_s=- ego_s=9.71 side=- | left_clearance=- right_clearance=- candidate_valid=false rung=- | cache_used=false path_age=- path_points=0 planning_time_ms=1.8 | reason=no_static_obstacle_in_range | cache_reason=no_cache
1786788776.432 [STATIC_AVOID] obs_id=- obs_dist=-m obs_s=- ego_s=11.29 side=- | left_clearance=- right_clearance=- candidate_valid=false rung=- | cache_used=false path_age=- path_points=0 planning_time_ms=2.7 | reason=no_static_obstacle_in_range | cache_reason=no_cache
1786788776.983 [STATIC_AVOID] obs_id=- obs_dist=-m obs_s=- ego_s=12.71 side=- | left_clearance=- right_clearance=- candidate_valid=false rung=- | cache_used=false path_age=- path_points=0 planning_time_ms=0.1 | reason=no_static_obstacle_in_range | cache_reason=no_cache
1786788777.530 [STATIC_AVOID] obs_id=- obs_dist=-m obs_s=- ego_s=14.49 side=- | left_clearance=- right_clearance=- candidate_valid=false rung=- | cache_used=false path_age=- path_points=0 planning_time_ms=0.1 | reason=no_static_obstacle_in_range | cache_reason=no_cache
1786788778.079 [STATIC_AVOID] obs_id=- obs_dist=-m obs_s=- ego_s=16.16 side=- | left_clearance=- right_clearance=- candidate_valid=false rung=- | cache_used=false path_age=- path_points=0 planning_time_ms=0.1 | reason=no_static_obstacle_in_range | cache_reason=no_cache
1786788778.625 [STATIC_AVOID] obs_id=- obs_dist=-m obs_s=- ego_s=17.54 side=- | left_clearance=- right_clearance=- candidate_valid=false rung=- | cache_used=false path_age=- path_points=0 planning_time_ms=0.1 | reason=no_static_obstacle_in_range | cache_reason=no_cache
1786788779.154 [STATIC_AVOID] obs_id=- obs_dist=-m obs_s=- ego_s=19.18 side=- | left_clearance=- right_clearance=- candidate_valid=false rung=- | cache_used=false path_age=- path_points=0 planning_time_ms=0.1 | reason=no_static_obstacle_in_range | cache_reason=no_cache
1786788779.679 [STATIC_AVOID] obs_id=- obs_dist=-m obs_s=- ego_s=20.57 side=- | left_clearance=- right_clearance=- candidate_valid=false rung=- | cache_used=false path_age=- path_points=0 planning_time_ms=0.1 | reason=no_static_obstacle_in_range | cache_reason=no_cache
1786788780.182 [STATIC_AVOID] obs_id=- obs_dist=-m obs_s=- ego_s=21.57 side=- | left_clearance=- right_clearance=- candidate_valid=false rung=- | cache_used=false path_age=- path_points=0 planning_time_ms=0.1 | reason=no_static_obstacle_in_range | cache_reason=no_cache
1786788780.689 [STATIC_AVOID] obs_id=- obs_dist=-m obs_s=- ego_s=23.27 side=- | left_clearance=- right_clearance=- candidate_valid=false rung=- | cache_used=false path_age=- path_points=0 planning_time_ms=0.1 | reason=no_static_obstacle_in_range | cache_reason=no_cache
1786788781.191 [STATIC_AVOID] obs_id=- obs_dist=-m obs_s=- ego_s=25.29 side=- | left_clearance=- right_clearance=- candidate_valid=false rung=- | cache_used=false path_age=- path_points=0 planning_time_ms=0.1 | reason=no_static_obstacle_in_range | cache_reason=no_cache
1786788781.724 [STATIC_AVOID] obs_id=- obs_dist=-m obs_s=- ego_s=26.99 side=- | left_clearance=- right_clearance=- candidate_valid=false rung=- | cache_used=false path_age=- path_points=0 planning_time_ms=0.1 | reason=no_static_obstacle_in_range | cache_reason=no_cache
1786788782.244 [STATIC_AVOID] obs_id=- obs_dist=-m obs_s=- ego_s=28.67 side=- | left_clearance=- right_clearance=- candidate_valid=false rung=- | cache_used=false path_age=- path_points=0 planning_time_ms=0.1 | reason=no_static_obstacle_in_range | cache_reason=no_cache
1786788782.780 [STATIC_AVOID] obs_id=- obs_dist=-m obs_s=- ego_s=30.40 side=- | left_clearance=- right_clearance=- candidate_valid=false rung=- | cache_used=false path_age=- path_points=0 planning_time_ms=0.1 | reason=no_static_obstacle_in_range | cache_reason=no_cache
1786788783.282 [STATIC_AVOID] obs_id=- obs_dist=-m obs_s=- ego_s=32.49 side=- | left_clearance=- right_clearance=- candidate_valid=false rung=- | cache_used=false path_age=- path_points=0 planning_time_ms=0.2 | reason=no_static_obstacle_in_range | cache_reason=no_cache
1786788783.834 [STATIC_AVOID] obs_id=- obs_dist=-m obs_s=- ego_s=34.52 side=- | left_clearance=- right_clearance=- candidate_valid=false rung=- | cache_used=false path_age=- path_points=0 planning_time_ms=0.1 | reason=no_static_obstacle_in_range | cache_reason=no_cache
1786788784.381 [STATIC_AVOID] obs_id=- obs_dist=-m obs_s=- ego_s=1.50 side=- | left_clearance=- right_clearance=- candidate_valid=false rung=- | cache_used=false path_age=- path_points=0 planning_time_ms=0.1 | reason=no_static_obstacle_in_range | cache_reason=no_cache
1786788784.948 [STATIC_AVOID] obs_id=5 obs_dist=5.94m obs_s=8.81 ego_s=2.87 side=LEFT | left_clearance=0.39 right_clearance=-0.06 candidate_valid=true rung=0 | cache_used=false path_age=0.000 path_points=117 planning_time_ms=15.5
1786788785.454 [STATIC_AVOID] obs_id=5 obs_dist=5.22m obs_s=8.77 ego_s=3.55 side=LEFT | left_clearance=0.50 right_clearance=-0.04 candidate_valid=true rung=0 | cache_used=false path_age=0.000 path_points=108 planning_time_ms=21.9
1786788785.974 [STATIC_AVOID] obs_id=5 obs_dist=4.33m obs_s=8.74 ego_s=4.41 side=LEFT | left_clearance=0.50 right_clearance=-0.02 candidate_valid=true rung=0 | cache_used=false path_age=0.000 path_points=99 planning_time_ms=12.9
1786788786.520 [STATIC_AVOID] obs_id=5 obs_dist=3.24m obs_s=8.71 ego_s=5.47 side=LEFT | left_clearance=0.13 right_clearance=-0.02 candidate_valid=true rung=0 | cache_used=false path_age=0.000 path_points=96 planning_time_ms=9.9
1786788787.021 [STATIC_AVOID] obs_id=5 obs_dist=2.00m obs_s=8.69 ego_s=6.69 side=LEFT | left_clearance=0.15 right_clearance=0.01 candidate_valid=true rung=0 | cache_used=false path_age=0.000 path_points=85 planning_time_ms=11.3
1786788787.536 [STATIC_AVOID] obs_id=5 obs_dist=0.18m obs_s=8.68 ego_s=8.50 side=LEFT | left_clearance=0.09 right_clearance=-0.08 candidate_valid=true rung=0 | cache_used=false path_age=0.000 path_points=81 planning_time_ms=16.1
1786788788.170 [STATIC_AVOID] obs_id=- obs_dist=-m obs_s=- ego_s=9.96 side=- | left_clearance=- right_clearance=- candidate_valid=false rung=- | cache_used=false path_age=- path_points=0 planning_time_ms=0.2 | reason=no_static_obstacle_in_range | cache_reason=obstacle_gone
1786788788.682 [STATIC_AVOID] obs_id=- obs_dist=-m obs_s=- ego_s=11.42 side=- | left_clearance=- right_clearance=- candidate_valid=false rung=- | cache_used=false path_age=- path_points=0 planning_time_ms=0.1 | reason=no_static_obstacle_in_range | cache_reason=no_cache
1786788789.183 [STATIC_AVOID] obs_id=- obs_dist=-m obs_s=- ego_s=12.86 side=- | left_clearance=- right_clearance=- candidate_valid=false rung=- | cache_used=false path_age=- path_points=0 planning_time_ms=0.1 | reason=no_static_obstacle_in_range | cache_reason=no_cache
1786788789.688 [STATIC_AVOID] obs_id=- obs_dist=-m obs_s=- ego_s=14.42 side=- | left_clearance=- right_clearance=- candidate_valid=false rung=- | cache_used=false path_age=- path_points=0 planning_time_ms=0.1 | reason=no_static_obstacle_in_range | cache_reason=no_cache
1786788790.229 [STATIC_AVOID] obs_id=- obs_dist=-m obs_s=- ego_s=15.98 side=- | left_clearance=- right_clearance=- candidate_valid=false rung=- | cache_used=false path_age=- path_points=0 planning_time_ms=0.1 | reason=no_static_obstacle_in_range | cache_reason=no_cache
1786788790.742 [STATIC_AVOID] obs_id=- obs_dist=-m obs_s=- ego_s=16.93 side=- | left_clearance=- right_clearance=- candidate_valid=false rung=- | cache_used=false path_age=- path_points=0 planning_time_ms=0.2 | reason=no_static_obstacle_in_range | cache_reason=no_cache
1786788791.279 [STATIC_AVOID] obs_id=- obs_dist=-m obs_s=- ego_s=18.90 side=- | left_clearance=- right_clearance=- candidate_valid=false rung=- | cache_used=false path_age=- path_points=0 planning_time_ms=0.1 | reason=no_static_obstacle_in_range | cache_reason=no_cache
1786788791.789 [STATIC_AVOID] obs_id=- obs_dist=-m obs_s=- ego_s=20.14 side=- | left_clearance=- right_clearance=- candidate_valid=false rung=- | cache_used=false path_age=- path_points=0 planning_time_ms=0.1 | reason=no_static_obstacle_in_range | cache_reason=no_cache
1786788792.339 [STATIC_AVOID] obs_id=- obs_dist=-m obs_s=- ego_s=21.49 side=- | left_clearance=- right_clearance=- candidate_valid=false rung=- | cache_used=false path_age=- path_points=0 planning_time_ms=0.2 | reason=no_static_obstacle_in_range | cache_reason=no_cache
1786788792.888 [STATIC_AVOID] obs_id=- obs_dist=-m obs_s=- ego_s=23.21 side=- | left_clearance=- right_clearance=- candidate_valid=false rung=- | cache_used=false path_age=- path_points=0 planning_time_ms=0.1 | reason=no_static_obstacle_in_range | cache_reason=no_cache
1786788793.445 [STATIC_AVOID] obs_id=- obs_dist=-m obs_s=- ego_s=24.90 side=- | left_clearance=- right_clearance=- candidate_valid=false rung=- | cache_used=false path_age=- path_points=0 planning_time_ms=0.1 | reason=no_static_obstacle_in_range | cache_reason=no_cache
1786788793.993 [STATIC_AVOID] obs_id=- obs_dist=-m obs_s=- ego_s=26.52 side=- | left_clearance=- right_clearance=- candidate_valid=false rung=- | cache_used=false path_age=- path_points=0 planning_time_ms=0.1 | reason=no_static_obstacle_in_range | cache_reason=no_cache
1786788794.525 [STATIC_AVOID] obs_id=- obs_dist=-m obs_s=- ego_s=28.63 side=- | left_clearance=- right_clearance=- candidate_valid=false rung=- | cache_used=false path_age=- path_points=0 planning_time_ms=0.1 | reason=no_static_obstacle_in_range | cache_reason=no_cache
1786788795.031 [STATIC_AVOID] obs_id=- obs_dist=-m obs_s=- ego_s=30.12 side=- | left_clearance=- right_clearance=- candidate_valid=false rung=- | cache_used=false path_age=- path_points=0 planning_time_ms=0.1 | reason=no_static_obstacle_in_range | cache_reason=no_cache
1786788795.538 [STATIC_AVOID] obs_id=- obs_dist=-m obs_s=- ego_s=31.99 side=- | left_clearance=- right_clearance=- candidate_valid=false rung=- | cache_used=false path_age=- path_points=0 planning_time_ms=1.1 | reason=no_static_obstacle_in_range | cache_reason=no_cache
1786788796.049 [STATIC_AVOID] obs_id=- obs_dist=-m obs_s=- ego_s=33.92 side=- | left_clearance=- right_clearance=- candidate_valid=false rung=- | cache_used=false path_age=- path_points=0 planning_time_ms=0.4 | reason=no_static_obstacle_in_range | cache_reason=no_cache
1786788796.584 [STATIC_AVOID] obs_id=- obs_dist=-m obs_s=- ego_s=1.13 side=- | left_clearance=- right_clearance=- candidate_valid=false rung=- | cache_used=false path_age=- path_points=0 planning_time_ms=0.1 | reason=no_static_obstacle_in_range | cache_reason=no_cache
1786788797.090 [STATIC_AVOID] obs_id=- obs_dist=-m obs_s=- ego_s=2.71 side=- | left_clearance=- right_clearance=- candidate_valid=false rung=- | cache_used=false path_age=- path_points=0 planning_time_ms=0.1 | reason=no_static_obstacle_in_range | cache_reason=no_cache
1786788797.620 [STATIC_AVOID] obs_id=7 obs_dist=5.38m obs_s=8.99 ego_s=3.61 side=LEFT | left_clearance=0.31 right_clearance=-0.02 candidate_valid=false rung=- | cache_used=true path_age=0.195 path_points=112 planning_time_ms=19.0 | reason=obstacle_clearance
1786788798.129 [STATIC_AVOID] obs_id=7 obs_dist=4.87m obs_s=8.95 ego_s=4.08 side=LEFT | left_clearance=0.36 right_clearance=-0.03 candidate_valid=false rung=- | cache_used=true path_age=0.085 path_points=105 planning_time_ms=4.7 | reason=obstacle_clearance
1786788798.715 [STATIC_AVOID] obs_id=7 obs_dist=3.67m obs_s=8.61 ego_s=4.94 side=LEFT | left_clearance=0.48 right_clearance=0.04 candidate_valid=true rung=2 | cache_used=false path_age=0.000 path_points=98 planning_time_ms=44.3
1786788799.262 [STATIC_AVOID] obs_id=7 obs_dist=3.14m obs_s=8.60 ego_s=5.45 side=LEFT | left_clearance=0.49 right_clearance=0.03 candidate_valid=true rung=0 | cache_used=false path_age=0.000 path_points=87 planning_time_ms=12.4
1786788799.801 [STATIC_AVOID] obs_id=7 obs_dist=3.10m obs_s=8.58 ego_s=5.49 side=LEFT | left_clearance=0.55 right_clearance=0.05 candidate_valid=true rung=0 | cache_used=false path_age=0.000 path_points=86 planning_time_ms=14.3
