# state_machine debug log started 20260815_213233  map='0815test3'
1786797160.688 [OBSTACLES] cur_s=4.74 cur_d=-0.02 vs=0.00 n=1 [id=1 static=1 gap=2.59m d=0.29 size=0.26]
1786797160.696 [STATIC_OT_TRANSITION] first_valid_path_to_overtake_ms=0.4
1786797160.698 [STATIC_OT] state=GB_TRACK path_exists=1 path_locked=0 path_ttl_ok=1 path_safe=1 on_spline=1 speed=0.00 raw_wpnts=83 raw_age=0.25s decision=OVERTAKE
1786797160.698 [STATE_CHANGE] None -> OVERTAKE src=OVERTAKE s=4.74 d=-0.02 vs=0.00
1786797161.237 [OBSTACLES] cur_s=4.75 cur_d=-0.02 vs=0.00 n=1 [id=1 static=1 gap=2.59m d=0.29 size=0.26]
1786797161.785 [OBSTACLES] cur_s=4.74 cur_d=-0.02 vs=0.00 n=1 [id=1 static=1 gap=2.59m d=0.29 size=0.26]
1786797162.316 [OBSTACLES] cur_s=4.74 cur_d=-0.02 vs=0.00 n=1 [id=1 static=1 gap=2.59m d=0.29 size=0.26]
1786797162.838 [OBSTACLES] cur_s=4.75 cur_d=-0.02 vs=0.00 n=1 [id=1 static=1 gap=2.58m d=0.29 size=0.26]
1786797163.467 [OBSTACLES] cur_s=4.75 cur_d=-0.02 vs=0.00 n=1 [id=1 static=1 gap=2.58m d=0.29 size=0.26]
1786797163.997 [OBSTACLES] cur_s=4.75 cur_d=-0.02 vs=0.00 n=1 [id=1 static=1 gap=2.59m d=0.29 size=0.26]
1786797164.579 [OBSTACLES] cur_s=4.77 cur_d=-0.02 vs=0.15 n=1 [id=1 static=1 gap=2.56m d=0.29 size=0.26]
1786797165.175 [OBSTACLES] cur_s=5.48 cur_d=0.07 vs=1.92 n=1 [id=1 static=1 gap=1.85m d=0.29 size=0.27]
1786797165.682 [OBSTACLES] cur_s=6.54 cur_d=0.49 vs=2.24 n=1 [id=1 static=1 gap=0.79m d=0.29 size=0.26]
1786797166.222 [OBSTACLES] cur_s=7.54 cur_d=0.38 vs=1.98 n=0 [none]
1786797166.733 [OBSTACLES] cur_s=8.52 cur_d=-0.00 vs=1.78 n=0 [none]
1786797167.291 [OBSTACLES] cur_s=9.80 cur_d=0.10 vs=2.91 n=0 [none]
1786797167.806 [OBSTACLES] cur_s=11.16 cur_d=0.12 vs=2.47 n=0 [none]
1786797168.334 [OBSTACLES] cur_s=12.57 cur_d=0.30 vs=2.94 n=0 [none]
1786797168.340 [STATE_CHANGE] OVERTAKE -> LOSTLINE src=GB_TRACK s=12.57 d=0.30 vs=2.94
1786797168.453 [STATE_CHANGE] LOSTLINE -> GB_TRACK src=GB_TRACK s=13.26 d=0.27 vs=3.35
1786797168.844 [OBSTACLES] cur_s=14.68 cur_d=-0.03 vs=3.18 n=0 [none]
1786797169.506 [OBSTACLES] cur_s=16.37 cur_d=0.22 vs=2.27 n=0 [none]
1786797169.714 [STATIC_OT] state=GB_TRACK path_exists=0 path_locked=0 path_ttl_ok=0 path_safe=0 on_spline=0 speed=2.42 raw_wpnts=0 raw_age=-s decision=TRAILING reason=NO_STATIC_PATH
1786797169.714 [STATE_CHANGE] GB_TRACK -> TRAILING src=GB_TRACK s=16.75 d=0.25 vs=2.42
1786797169.945 [STATIC_OT] state=TRAILING path_exists=0 path_locked=0 path_ttl_ok=0 path_safe=0 on_spline=0 speed=2.79 raw_wpnts=0 raw_age=-s decision=TRAILING reason=NO_STATIC_PATH
1786797170.026 [OBSTACLES] cur_s=17.59 cur_d=0.21 vs=2.60 n=1 [id=3 static=1 gap=4.37m d=0.18 size=0.29]
1786797170.249 [STATIC_OT] state=TRAILING path_exists=1 path_locked=0 path_ttl_ok=1 path_safe=1 on_spline=1 speed=2.43 raw_wpnts=116 raw_age=0.72s decision=OVERTAKE
1786797170.249 [STATE_CHANGE] TRAILING -> OVERTAKE src=OVERTAKE s=18.04 d=0.16 vs=2.43
1786797170.531 [OBSTACLES] cur_s=18.80 cur_d=0.19 vs=1.81 n=1 [id=3 static=1 gap=3.11m d=0.18 size=0.31]
1786797171.033 [OBSTACLES] cur_s=20.06 cur_d=0.10 vs=2.15 n=1 [id=3 static=1 gap=1.91m d=0.16 size=0.29]
1786797171.534 [OBSTACLES] cur_s=20.99 cur_d=-0.26 vs=3.15 n=1 [id=3 static=1 gap=1.00m d=0.18 size=0.29]
1786797172.081 [OBSTACLES] cur_s=22.91 cur_d=-0.09 vs=3.30 n=0 [none]
1786797172.583 [OBSTACLES] cur_s=24.65 cur_d=-0.15 vs=3.44 n=0 [none]
1786797173.181 [OBSTACLES] cur_s=26.44 cur_d=0.17 vs=3.42 n=0 [none]
1786797173.515 [STATE_CHANGE] OVERTAKE -> LOSTLINE src=GB_TRACK s=27.66 d=0.16 vs=3.41
1786797173.597 [STATE_CHANGE] LOSTLINE -> GB_TRACK src=GB_TRACK s=28.11 d=0.11 vs=3.41
1786797173.725 [OBSTACLES] cur_s=28.52 cur_d=0.09 vs=3.41 n=0 [none]
1786797174.278 [OBSTACLES] cur_s=30.23 cur_d=0.20 vs=3.38 n=0 [none]
1786797174.591 [STATE_CHANGE] GB_TRACK -> LOSTLINE src=GB_TRACK s=31.21 d=0.30 vs=3.44
1786797174.750 [STATE_CHANGE] LOSTLINE -> GB_TRACK src=GB_TRACK s=31.82 d=0.29 vs=3.42
1786797174.807 [OBSTACLES] cur_s=32.07 cur_d=0.26 vs=3.39 n=0 [none]
1786797175.388 [OBSTACLES] cur_s=34.06 cur_d=0.22 vs=3.34 n=1 [id=4 static=1 gap=8.36m d=0.16 size=0.30]
1786797175.405 [STATIC_OT] state=GB_TRACK path_exists=0 path_locked=0 path_ttl_ok=0 path_safe=0 on_spline=0 speed=3.34 raw_wpnts=0 raw_age=-s decision=TRAILING reason=NO_STATIC_PATH
1786797175.405 [STATE_CHANGE] GB_TRACK -> TRAILING src=GB_TRACK s=34.06 d=0.22 vs=3.34
1786797175.639 [STATIC_OT] state=TRAILING path_exists=0 path_locked=0 path_ttl_ok=0 path_safe=0 on_spline=0 speed=3.40 raw_wpnts=0 raw_age=-s decision=TRAILING reason=NO_STATIC_PATH
1786797175.899 [OBSTACLES] cur_s=1.20 cur_d=0.32 vs=3.04 n=1 [id=4 static=1 gap=6.59m d=0.16 size=0.36]
1786797175.908 [STATIC_OT] state=TRAILING path_exists=0 path_locked=0 path_ttl_ok=0 path_safe=0 on_spline=0 speed=3.04 raw_wpnts=0 raw_age=-s decision=TRAILING reason=NO_STATIC_PATH
1786797176.159 [STATIC_OT] state=TRAILING path_exists=0 path_locked=0 path_ttl_ok=0 path_safe=0 on_spline=0 speed=2.49 raw_wpnts=0 raw_age=-s decision=TRAILING reason=NO_STATIC_PATH
1786797176.381 [STATIC_OT] state=TRAILING path_exists=0 path_locked=0 path_ttl_ok=0 path_safe=0 on_spline=0 speed=2.07 raw_wpnts=0 raw_age=-s decision=TRAILING reason=NO_STATIC_PATH
1786797176.424 [OBSTACLES] cur_s=2.28 cur_d=0.17 vs=1.88 n=1 [id=4 static=1 gap=5.44m d=0.21 size=0.28]
1786797176.603 [STATIC_OT] state=TRAILING path_exists=0 path_locked=0 path_ttl_ok=0 path_safe=0 on_spline=0 speed=1.62 raw_wpnts=0 raw_age=-s decision=TRAILING reason=NO_STATIC_PATH
1786797176.751 [STATE_CHANGE] TRAILING -> OVERTAKE src=OVERTAKE s=2.84 d=0.08 vs=1.60
1786797177.008 [OBSTACLES] cur_s=3.25 cur_d=0.06 vs=1.50 n=1 [id=4 static=1 gap=4.43m d=0.23 size=0.28]
1786797177.534 [OBSTACLES] cur_s=4.38 cur_d=0.07 vs=3.14 n=1 [id=4 static=1 gap=3.30m d=0.24 size=0.25]
1786797178.112 [OBSTACLES] cur_s=6.29 cur_d=-0.04 vs=3.25 n=1 [id=4 static=1 gap=1.37m d=0.25 size=0.25]
1786797178.822 [OBSTACLES] cur_s=8.56 cur_d=-0.12 vs=3.22 n=0 [none]
1786797179.348 [OBSTACLES] cur_s=10.16 cur_d=0.11 vs=2.91 n=0 [none]
1786797179.896 [OBSTACLES] cur_s=11.33 cur_d=-0.35 vs=1.15 n=0 [none]
1786797180.165 [STATE_CHANGE] OVERTAKE -> LOSTLINE src=GB_TRACK s=11.50 d=-0.53 vs=0.63
1786797180.423 [OBSTACLES] cur_s=11.55 cur_d=-0.61 vs=0.32 n=0 [none]
1786797180.490 [STATE_CHANGE] LOSTLINE -> RECOVERY src=RECOVERY s=11.56 d=-0.63 vs=0.26
1786797180.969 [OBSTACLES] cur_s=11.58 cur_d=-0.65 vs=0.00 n=0 [none]
1786797181.476 [OBSTACLES] cur_s=11.57 cur_d=-0.64 vs=0.00 n=0 [none]
1786797182.042 [OBSTACLES] cur_s=11.57 cur_d=-0.64 vs=0.00 n=0 [none]
1786797182.576 [OBSTACLES] cur_s=11.57 cur_d=-0.64 vs=0.00 n=0 [none]
1786797183.118 [OBSTACLES] cur_s=11.57 cur_d=-0.64 vs=-0.09 n=0 [none]
1786797183.655 [OBSTACLES] cur_s=11.24 cur_d=-0.26 vs=-1.28 n=0 [none]
1786797183.656 [STATE_CHANGE] RECOVERY -> LOSTLINE src=GB_TRACK s=11.24 d=-0.26 vs=-1.28
1786797183.705 [STATE_CHANGE] LOSTLINE -> GB_TRACK src=GB_TRACK s=11.20 d=-0.23 vs=-1.33
1786797184.169 [OBSTACLES] cur_s=10.58 cur_d=0.04 vs=-1.78 n=0 [none]
1786797184.679 [OBSTACLES] cur_s=9.67 cur_d=0.03 vs=-1.41 n=0 [none]
1786797185.230 [OBSTACLES] cur_s=9.26 cur_d=-0.04 vs=-0.30 n=0 [none]
1786797185.752 [OBSTACLES] cur_s=9.24 cur_d=-0.04 vs=0.00 n=0 [none]
1786797186.285 [OBSTACLES] cur_s=9.24 cur_d=-0.04 vs=0.00 n=0 [none]
1786797186.824 [OBSTACLES] cur_s=9.25 cur_d=-0.04 vs=0.00 n=0 [none]
1786797187.386 [OBSTACLES] cur_s=9.24 cur_d=-0.04 vs=0.00 n=0 [none]
1786797187.916 [OBSTACLES] cur_s=9.24 cur_d=-0.04 vs=0.00 n=0 [none]
1786797188.435 [OBSTACLES] cur_s=9.24 cur_d=-0.04 vs=0.00 n=0 [none]
1786797188.981 [OBSTACLES] cur_s=9.25 cur_d=-0.04 vs=0.00 n=0 [none]
1786797189.487 [OBSTACLES] cur_s=9.24 cur_d=-0.04 vs=0.00 n=0 [none]
1786797190.018 [OBSTACLES] cur_s=9.24 cur_d=-0.04 vs=0.00 n=0 [none]
1786797190.570 [OBSTACLES] cur_s=9.24 cur_d=-0.04 vs=0.00 n=0 [none]
1786797191.115 [OBSTACLES] cur_s=9.24 cur_d=-0.04 vs=0.00 n=0 [none]
1786797191.635 [OBSTACLES] cur_s=9.25 cur_d=-0.04 vs=0.00 n=0 [none]
1786797192.153 [OBSTACLES] cur_s=9.24 cur_d=-0.04 vs=0.00 n=0 [none]
1786797192.677 [OBSTACLES] cur_s=9.25 cur_d=-0.04 vs=0.00 n=0 [none]
1786797193.225 [OBSTACLES] cur_s=9.24 cur_d=-0.04 vs=0.00 n=0 [none]
1786797193.740 [OBSTACLES] cur_s=9.24 cur_d=-0.04 vs=0.00 n=0 [none]
1786797194.276 [OBSTACLES] cur_s=9.25 cur_d=-0.04 vs=0.00 n=0 [none]
1786797194.820 [OBSTACLES] cur_s=9.24 cur_d=-0.04 vs=0.00 n=0 [none]
1786797195.370 [OBSTACLES] cur_s=9.25 cur_d=-0.04 vs=0.00 n=0 [none]
1786797195.891 [OBSTACLES] cur_s=9.24 cur_d=-0.04 vs=0.00 n=0 [none]
1786797196.398 [OBSTACLES] cur_s=9.25 cur_d=-0.04 vs=0.00 n=0 [none]
1786797196.946 [OBSTACLES] cur_s=9.24 cur_d=-0.04 vs=0.00 n=0 [none]
1786797197.481 [OBSTACLES] cur_s=9.25 cur_d=-0.04 vs=0.00 n=0 [none]
1786797198.006 [OBSTACLES] cur_s=9.25 cur_d=-0.04 vs=0.00 n=0 [none]
1786797198.528 [OBSTACLES] cur_s=9.24 cur_d=-0.04 vs=0.00 n=0 [none]
1786797199.084 [OBSTACLES] cur_s=9.24 cur_d=-0.04 vs=0.00 n=0 [none]
1786797199.623 [OBSTACLES] cur_s=9.24 cur_d=-0.04 vs=0.00 n=0 [none]
1786797200.182 [OBSTACLES] cur_s=9.25 cur_d=-0.04 vs=0.00 n=0 [none]
1786797200.725 [OBSTACLES] cur_s=9.24 cur_d=-0.04 vs=0.00 n=0 [none]
1786797201.280 [OBSTACLES] cur_s=9.25 cur_d=-0.04 vs=0.00 n=0 [none]
1786797201.800 [OBSTACLES] cur_s=9.25 cur_d=-0.04 vs=0.00 n=0 [none]
1786797202.369 [OBSTACLES] cur_s=9.25 cur_d=-0.04 vs=0.00 n=0 [none]
1786797202.903 [OBSTACLES] cur_s=9.25 cur_d=-0.04 vs=0.00 n=0 [none]
1786797203.422 [OBSTACLES] cur_s=9.24 cur_d=-0.04 vs=0.00 n=0 [none]
1786797203.989 [OBSTACLES] cur_s=9.25 cur_d=-0.04 vs=0.00 n=0 [none]
1786797204.539 [OBSTACLES] cur_s=9.24 cur_d=-0.04 vs=0.00 n=0 [none]
1786797205.064 [OBSTACLES] cur_s=9.25 cur_d=-0.04 vs=0.00 n=0 [none]
1786797205.635 [OBSTACLES] cur_s=9.25 cur_d=-0.04 vs=0.00 n=0 [none]
1786797206.213 [OBSTACLES] cur_s=9.25 cur_d=-0.04 vs=0.00 n=0 [none]
1786797206.838 [OBSTACLES] cur_s=9.25 cur_d=-0.04 vs=0.00 n=0 [none]
1786797207.450 [OBSTACLES] cur_s=9.24 cur_d=-0.04 vs=0.00 n=0 [none]
1786797208.004 [OBSTACLES] cur_s=9.25 cur_d=-0.04 vs=0.00 n=0 [none]
1786797208.507 [OBSTACLES] cur_s=9.25 cur_d=-0.04 vs=0.00 n=0 [none]
1786797209.009 [OBSTACLES] cur_s=9.25 cur_d=-0.04 vs=0.00 n=0 [none]
1786797209.542 [OBSTACLES] cur_s=9.25 cur_d=-0.04 vs=0.00 n=0 [none]
1786797210.078 [OBSTACLES] cur_s=9.25 cur_d=-0.04 vs=0.00 n=0 [none]
1786797210.614 [OBSTACLES] cur_s=9.25 cur_d=-0.04 vs=0.00 n=0 [none]
1786797211.130 [OBSTACLES] cur_s=9.24 cur_d=-0.04 vs=0.00 n=0 [none]
1786797211.644 [OBSTACLES] cur_s=9.25 cur_d=-0.04 vs=0.00 n=0 [none]
1786797212.152 [OBSTACLES] cur_s=9.24 cur_d=-0.04 vs=0.00 n=0 [none]
1786797212.652 [OBSTACLES] cur_s=9.24 cur_d=-0.04 vs=0.00 n=0 [none]
1786797213.167 [OBSTACLES] cur_s=9.25 cur_d=-0.04 vs=0.00 n=0 [none]
1786797213.684 [OBSTACLES] cur_s=9.24 cur_d=-0.04 vs=0.00 n=0 [none]
1786797214.207 [OBSTACLES] cur_s=9.25 cur_d=-0.04 vs=0.00 n=0 [none]
1786797214.768 [OBSTACLES] cur_s=9.24 cur_d=-0.04 vs=0.00 n=0 [none]
1786797215.333 [OBSTACLES] cur_s=9.25 cur_d=-0.04 vs=0.00 n=0 [none]
1786797215.843 [OBSTACLES] cur_s=9.24 cur_d=-0.04 vs=0.00 n=0 [none]
1786797216.375 [OBSTACLES] cur_s=9.24 cur_d=-0.04 vs=0.00 n=0 [none]
1786797216.893 [OBSTACLES] cur_s=9.25 cur_d=-0.04 vs=0.00 n=0 [none]
1786797217.426 [OBSTACLES] cur_s=9.24 cur_d=-0.04 vs=0.00 n=0 [none]
1786797217.938 [OBSTACLES] cur_s=9.25 cur_d=-0.04 vs=0.00 n=0 [none]
1786797218.441 [OBSTACLES] cur_s=9.24 cur_d=-0.04 vs=0.00 n=0 [none]
1786797218.964 [OBSTACLES] cur_s=9.24 cur_d=-0.04 vs=0.00 n=0 [none]
1786797219.520 [OBSTACLES] cur_s=9.24 cur_d=-0.04 vs=0.00 n=0 [none]
1786797220.040 [OBSTACLES] cur_s=9.25 cur_d=-0.04 vs=0.00 n=0 [none]
1786797220.553 [OBSTACLES] cur_s=9.24 cur_d=-0.04 vs=0.00 n=0 [none]
1786797221.109 [OBSTACLES] cur_s=9.25 cur_d=-0.04 vs=0.00 n=0 [none]
1786797221.617 [OBSTACLES] cur_s=9.25 cur_d=-0.04 vs=0.00 n=0 [none]
1786797222.125 [OBSTACLES] cur_s=9.24 cur_d=-0.04 vs=0.00 n=0 [none]
1786797222.676 [OBSTACLES] cur_s=9.25 cur_d=-0.04 vs=0.00 n=0 [none]
1786797223.229 [OBSTACLES] cur_s=9.24 cur_d=-0.04 vs=0.00 n=0 [none]
1786797223.800 [OBSTACLES] cur_s=9.25 cur_d=-0.04 vs=0.00 n=0 [none]
1786797224.423 [OBSTACLES] cur_s=9.25 cur_d=-0.04 vs=0.00 n=0 [none]
1786797224.933 [OBSTACLES] cur_s=9.25 cur_d=-0.04 vs=0.00 n=0 [none]
1786797225.447 [OBSTACLES] cur_s=9.25 cur_d=-0.04 vs=0.00 n=0 [none]
1786797225.965 [OBSTACLES] cur_s=9.25 cur_d=-0.04 vs=0.00 n=0 [none]
1786797226.559 [OBSTACLES] cur_s=9.25 cur_d=-0.04 vs=0.00 n=0 [none]
1786797227.071 [OBSTACLES] cur_s=9.25 cur_d=-0.04 vs=0.00 n=0 [none]
1786797227.576 [OBSTACLES] cur_s=9.25 cur_d=-0.04 vs=0.00 n=0 [none]
1786797228.126 [OBSTACLES] cur_s=9.25 cur_d=-0.04 vs=0.00 n=0 [none]
1786797228.628 [OBSTACLES] cur_s=9.25 cur_d=-0.04 vs=0.00 n=0 [none]
1786797229.138 [OBSTACLES] cur_s=9.25 cur_d=-0.04 vs=0.00 n=0 [none]
1786797229.693 [OBSTACLES] cur_s=9.25 cur_d=-0.04 vs=0.00 n=0 [none]
1786797230.201 [OBSTACLES] cur_s=9.24 cur_d=-0.04 vs=0.00 n=0 [none]
1786797230.326 [STATIC_OT] state=GB_TRACK path_exists=0 path_locked=0 path_ttl_ok=0 path_safe=0 on_spline=0 speed=0.00 raw_wpnts=0 raw_age=-s decision=TRAILING reason=NO_STATIC_PATH
1786797230.326 [STATE_CHANGE] GB_TRACK -> TRAILING src=GB_TRACK s=9.24 d=-0.04 vs=0.00
1786797230.533 [STATIC_OT] state=TRAILING path_exists=0 path_locked=0 path_ttl_ok=0 path_safe=0 on_spline=0 speed=0.00 raw_wpnts=0 raw_age=-s decision=TRAILING reason=NO_STATIC_PATH
1786797230.757 [OBSTACLES] cur_s=9.24 cur_d=-0.04 vs=0.00 n=1 [id=6 static=1 gap=2.62m d=0.01 size=0.42]
1786797230.774 [STATIC_OT] state=TRAILING path_exists=1 path_locked=0 path_ttl_ok=1 path_safe=0 on_spline=1 speed=0.00 raw_wpnts=85 raw_age=0.65s decision=TRAILING reason=PATH_BLOCKED blocked_obs_id=6 gap=2.83m free_dist=0.083m branch=static/geom
1786797230.885 [STATE_CHANGE] TRAILING -> OVERTAKE src=OVERTAKE s=9.25 d=-0.04 vs=0.00
1786797231.036 [STATIC_OT] state=OVERTAKE path_exists=1 path_locked=1 path_ttl_ok=1 path_safe=0 on_spline=1 speed=0.00 raw_wpnts=85 raw_age=0.73s decision=TRAILING reason=PATH_BLOCKED blocked_obs_id=7 gap=2.19m free_dist=-0.036m branch=static/geom
1786797231.041 [STATE_CHANGE] OVERTAKE -> TRAILING src=GB_TRACK s=9.25 d=-0.04 vs=0.00
1786797231.263 [OBSTACLES] cur_s=9.25 cur_d=-0.04 vs=0.00 n=2 [id=6 static=1 gap=2.70m d=-0.00 size=0.17; id=7 static=1 gap=2.02m d=-0.24 size=0.34]
1786797231.279 [STATIC_OT] state=TRAILING path_exists=1 path_locked=0 path_ttl_ok=1 path_safe=0 on_spline=1 speed=0.00 raw_wpnts=84 raw_age=0.69s decision=TRAILING reason=PATH_BLOCKED blocked_obs_id=7 gap=2.18m free_dist=-0.073m branch=static/geom
1786797231.503 [STATIC_OT] state=TRAILING path_exists=1 path_locked=0 path_ttl_ok=0 path_safe=0 on_spline=1 speed=0.00 raw_wpnts=0 raw_age=-s decision=TRAILING reason=NO_STATIC_PATH
1786797231.786 [OBSTACLES] cur_s=9.25 cur_d=-0.04 vs=0.00 n=1 [id=7 static=1 gap=2.06m d=-0.26 size=0.18]
1786797231.801 [STATIC_OT] state=TRAILING path_exists=1 path_locked=0 path_ttl_ok=1 path_safe=1 on_spline=1 speed=0.00 raw_wpnts=83 raw_age=0.58s decision=OVERTAKE
1786797231.801 [STATE_CHANGE] TRAILING -> OVERTAKE src=OVERTAKE s=9.25 d=-0.04 vs=0.00
1786797232.304 [OBSTACLES] cur_s=9.25 cur_d=-0.04 vs=0.00 n=0 [none]
1786797232.805 [OBSTACLES] cur_s=9.25 cur_d=-0.04 vs=0.00 n=0 [none]
1786797233.343 [OBSTACLES] cur_s=9.24 cur_d=-0.04 vs=0.00 n=0 [none]
1786797233.861 [OBSTACLES] cur_s=9.25 cur_d=-0.04 vs=0.00 n=0 [none]
1786797234.369 [OBSTACLES] cur_s=9.25 cur_d=-0.04 vs=0.00 n=0 [none]
1786797234.883 [OBSTACLES] cur_s=9.25 cur_d=-0.04 vs=0.00 n=0 [none]
1786797235.391 [OBSTACLES] cur_s=9.25 cur_d=-0.04 vs=0.00 n=0 [none]
1786797235.939 [OBSTACLES] cur_s=9.25 cur_d=-0.04 vs=0.00 n=0 [none]
1786797236.462 [OBSTACLES] cur_s=9.25 cur_d=-0.04 vs=0.00 n=0 [none]
1786797237.000 [OBSTACLES] cur_s=9.24 cur_d=-0.04 vs=0.00 n=0 [none]
1786797237.509 [OBSTACLES] cur_s=9.24 cur_d=-0.04 vs=0.00 n=0 [none]
1786797238.026 [OBSTACLES] cur_s=9.25 cur_d=-0.04 vs=0.00 n=0 [none]
1786797238.542 [OBSTACLES] cur_s=9.25 cur_d=-0.04 vs=0.00 n=0 [none]
1786797239.060 [OBSTACLES] cur_s=9.25 cur_d=-0.04 vs=0.00 n=0 [none]
1786797239.596 [OBSTACLES] cur_s=9.24 cur_d=-0.04 vs=0.00 n=0 [none]
1786797240.135 [OBSTACLES] cur_s=9.24 cur_d=-0.04 vs=0.00 n=0 [none]
1786797240.661 [OBSTACLES] cur_s=9.25 cur_d=-0.04 vs=0.00 n=0 [none]
1786797241.164 [OBSTACLES] cur_s=9.25 cur_d=-0.04 vs=0.00 n=0 [none]
1786797241.263 [STATE_CHANGE] OVERTAKE -> GB_TRACK src=GB_TRACK s=9.25 d=-0.04 vs=0.00
1786797241.682 [OBSTACLES] cur_s=9.25 cur_d=-0.04 vs=0.00 n=0 [none]
1786797242.201 [OBSTACLES] cur_s=9.25 cur_d=-0.04 vs=0.00 n=0 [none]
1786797242.778 [OBSTACLES] cur_s=9.24 cur_d=-0.04 vs=0.00 n=0 [none]
1786797243.386 [OBSTACLES] cur_s=9.25 cur_d=-0.04 vs=0.00 n=0 [none]
1786797243.928 [OBSTACLES] cur_s=9.25 cur_d=-0.04 vs=0.00 n=0 [none]
1786797244.463 [OBSTACLES] cur_s=9.25 cur_d=-0.04 vs=0.00 n=0 [none]
1786797245.001 [OBSTACLES] cur_s=9.25 cur_d=-0.04 vs=0.00 n=0 [none]
1786797245.543 [OBSTACLES] cur_s=9.25 cur_d=-0.04 vs=0.00 n=0 [none]
1786797246.058 [OBSTACLES] cur_s=9.25 cur_d=-0.04 vs=0.00 n=0 [none]
1786797246.653 [OBSTACLES] cur_s=9.25 cur_d=-0.04 vs=0.00 n=0 [none]
1786797247.174 [OBSTACLES] cur_s=9.24 cur_d=-0.04 vs=0.00 n=0 [none]
1786797247.707 [OBSTACLES] cur_s=9.24 cur_d=-0.04 vs=0.00 n=0 [none]
1786797248.261 [OBSTACLES] cur_s=9.24 cur_d=-0.04 vs=0.00 n=0 [none]
1786797248.856 [OBSTACLES] cur_s=9.25 cur_d=-0.04 vs=0.00 n=0 [none]
1786797249.367 [OBSTACLES] cur_s=9.25 cur_d=-0.04 vs=0.00 n=1 [id=8 static=1 gap=3.19m d=-0.61 size=0.30]
1786797249.966 [OBSTACLES] cur_s=9.25 cur_d=-0.04 vs=0.00 n=1 [id=8 static=1 gap=3.21m d=-0.59 size=0.23]
1786797250.475 [OBSTACLES] cur_s=9.25 cur_d=-0.04 vs=0.00 n=1 [id=8 static=0 gap=2.65m d=-0.55 size=0.44]
1786797250.560 [STATIC_OT] state=GB_TRACK path_exists=0 path_locked=0 path_ttl_ok=0 path_safe=0 on_spline=0 speed=0.00 raw_wpnts=0 raw_age=-s decision=TRAILING reason=NO_STATIC_PATH
1786797250.560 [STATE_CHANGE] GB_TRACK -> TRAILING src=GB_TRACK s=9.25 d=-0.04 vs=0.00
1786797250.646 [STATE_CHANGE] TRAILING -> GB_TRACK src=GB_TRACK s=9.25 d=-0.04 vs=0.00
1786797251.038 [OBSTACLES] cur_s=9.25 cur_d=-0.04 vs=0.00 n=1 [id=8 static=0 gap=2.41m d=-1.11 size=0.33]
1786797251.564 [OBSTACLES] cur_s=9.24 cur_d=-0.04 vs=0.00 n=0 [none]
1786797252.202 [OBSTACLES] cur_s=9.25 cur_d=-0.04 vs=0.00 n=0 [none]
1786797252.767 [OBSTACLES] cur_s=9.24 cur_d=-0.04 vs=0.00 n=0 [none]
1786797253.318 [OBSTACLES] cur_s=9.25 cur_d=-0.04 vs=0.00 n=0 [none]
1786797253.904 [OBSTACLES] cur_s=9.24 cur_d=-0.04 vs=0.00 n=0 [none]
1786797254.417 [OBSTACLES] cur_s=9.24 cur_d=-0.04 vs=0.00 n=0 [none]
1786797254.921 [OBSTACLES] cur_s=9.25 cur_d=-0.04 vs=0.00 n=0 [none]
1786797255.450 [OBSTACLES] cur_s=9.25 cur_d=-0.04 vs=0.00 n=0 [none]
