# static_avoidance_node debug log started 20260815_163525
1786779329.703 [STATIC_AVOID] obs_id=- obs_dist=-m obs_s=- ego_s=17.10 side=- | left_clearance=- right_clearance=- candidate_valid=false rung=- | cache_used=false path_age=- path_points=0 planning_time_ms=0.1 | reason=no_static_obstacle_in_range | cache_reason=no_cache
1786779330.224 [STATIC_AVOID] obs_id=1 obs_dist=3.34m obs_s=20.45 ego_s=17.11 side=RIGHT | left_clearance=-0.12 right_clearance=0.36 candidate_valid=true rung=0 | cache_used=false path_age=0.000 path_points=89 planning_time_ms=27.9
1786779330.734 [STATIC_AVOID] obs_id=1 obs_dist=3.34m obs_s=20.45 ego_s=17.12 side=RIGHT | left_clearance=-0.13 right_clearance=0.36 candidate_valid=true rung=0 | cache_used=false path_age=0.000 path_points=89 planning_time_ms=3.4
1786779331.254 [STATIC_AVOID] obs_id=1 obs_dist=3.34m obs_s=20.46 ego_s=17.12 side=RIGHT | left_clearance=-0.13 right_clearance=0.36 candidate_valid=true rung=0 | cache_used=false path_age=0.000 path_points=89 planning_time_ms=12.5
1786779331.804 [STATIC_AVOID] obs_id=1 obs_dist=3.35m obs_s=20.46 ego_s=17.11 side=RIGHT | left_clearance=-0.13 right_clearance=0.36 candidate_valid=true rung=0 | cache_used=false path_age=0.000 path_points=89 planning_time_ms=5.8
1786779332.311 [STATIC_AVOID] obs_id=1 obs_dist=3.35m obs_s=20.46 ego_s=17.11 side=RIGHT | left_clearance=-0.13 right_clearance=0.36 candidate_valid=true rung=2 | cache_used=false path_age=0.000 path_points=95 planning_time_ms=21.9
1786779332.836 [STATIC_AVOID] obs_id=1 obs_dist=3.38m obs_s=20.45 ego_s=17.07 side=RIGHT | left_clearance=-0.12 right_clearance=0.35 candidate_valid=true rung=0 | cache_used=false path_age=0.000 path_points=89 planning_time_ms=13.4
1786779333.361 [STATIC_AVOID] obs_id=1 obs_dist=3.38m obs_s=20.44 ego_s=17.06 side=RIGHT | left_clearance=-0.13 right_clearance=0.34 candidate_valid=true rung=0 | cache_used=false path_age=0.000 path_points=89 planning_time_ms=17.6
1786779333.912 [STATIC_AVOID] obs_id=1 obs_dist=3.37m obs_s=20.44 ego_s=17.07 side=RIGHT | left_clearance=-0.12 right_clearance=0.35 candidate_valid=true rung=2 | cache_used=false path_age=0.000 path_points=95 planning_time_ms=20.7
1786779334.440 [STATIC_AVOID] obs_id=1 obs_dist=3.37m obs_s=20.44 ego_s=17.07 side=RIGHT | left_clearance=-0.12 right_clearance=0.35 candidate_valid=true rung=2 | cache_used=false path_age=0.000 path_points=95 planning_time_ms=19.0
1786779334.965 [STATIC_AVOID] obs_id=1 obs_dist=3.37m obs_s=20.43 ego_s=17.07 side=RIGHT | left_clearance=-0.12 right_clearance=0.36 candidate_valid=true rung=2 | cache_used=false path_age=0.000 path_points=95 planning_time_ms=8.9
1786779335.502 [STATIC_AVOID] obs_id=1 obs_dist=3.32m obs_s=20.44 ego_s=17.12 side=RIGHT | left_clearance=-0.12 right_clearance=0.36 candidate_valid=true rung=0 | cache_used=false path_age=0.000 path_points=89 planning_time_ms=7.8
1786779336.060 [STATIC_AVOID] obs_id=1 obs_dist=3.32m obs_s=20.44 ego_s=17.12 side=RIGHT | left_clearance=-0.12 right_clearance=0.36 candidate_valid=true rung=0 | cache_used=false path_age=0.000 path_points=89 planning_time_ms=11.6
1786779336.575 [STATIC_AVOID] obs_id=1 obs_dist=3.32m obs_s=20.44 ego_s=17.12 side=RIGHT | left_clearance=-0.12 right_clearance=0.36 candidate_valid=true rung=0 | cache_used=false path_age=0.000 path_points=89 planning_time_ms=10.6
1786779337.109 [STATIC_AVOID] obs_id=1 obs_dist=3.33m obs_s=20.44 ego_s=17.12 side=RIGHT | left_clearance=-0.13 right_clearance=0.36 candidate_valid=true rung=0 | cache_used=false path_age=0.000 path_points=89 planning_time_ms=6.1
1786779337.614 [STATIC_AVOID] obs_id=1 obs_dist=3.33m obs_s=20.44 ego_s=17.12 side=RIGHT | left_clearance=-0.13 right_clearance=0.36 candidate_valid=true rung=0 | cache_used=false path_age=0.000 path_points=89 planning_time_ms=8.0
1786779338.166 [STATIC_AVOID] obs_id=1 obs_dist=3.33m obs_s=20.44 ego_s=17.11 side=RIGHT | left_clearance=-0.13 right_clearance=0.36 candidate_valid=true rung=0 | cache_used=false path_age=0.000 path_points=89 planning_time_ms=13.5
1786779338.673 [STATIC_AVOID] obs_id=1 obs_dist=3.38m obs_s=20.45 ego_s=17.06 side=RIGHT | left_clearance=-0.13 right_clearance=0.36 candidate_valid=true rung=0 | cache_used=false path_age=0.000 path_points=89 planning_time_ms=4.0
1786779339.205 [STATIC_AVOID] obs_id=1 obs_dist=3.38m obs_s=20.44 ego_s=17.07 side=RIGHT | left_clearance=-0.13 right_clearance=0.36 candidate_valid=true rung=0 | cache_used=false path_age=0.000 path_points=89 planning_time_ms=13.5
1786779339.807 [STATIC_AVOID] obs_id=1 obs_dist=3.38m obs_s=20.44 ego_s=17.07 side=RIGHT | left_clearance=-0.13 right_clearance=0.36 candidate_valid=true rung=0 | cache_used=false path_age=0.000 path_points=89 planning_time_ms=9.6
1786779340.347 [STATIC_AVOID] obs_id=1 obs_dist=3.38m obs_s=20.44 ego_s=17.06 side=RIGHT | left_clearance=-0.13 right_clearance=0.36 candidate_valid=true rung=0 | cache_used=false path_age=0.000 path_points=89 planning_time_ms=19.6
1786779340.887 [STATIC_AVOID] obs_id=1 obs_dist=3.37m obs_s=20.44 ego_s=17.06 side=RIGHT | left_clearance=-0.13 right_clearance=0.36 candidate_valid=true rung=0 | cache_used=false path_age=0.000 path_points=89 planning_time_ms=6.5
1786779341.404 [STATIC_AVOID] obs_id=1 obs_dist=3.38m obs_s=20.44 ego_s=17.06 side=RIGHT | left_clearance=-0.13 right_clearance=0.36 candidate_valid=true rung=0 | cache_used=false path_age=0.000 path_points=89 planning_time_ms=9.8
1786779341.943 [STATIC_AVOID] obs_id=1 obs_dist=3.36m obs_s=20.44 ego_s=17.07 side=RIGHT | left_clearance=-0.13 right_clearance=0.36 candidate_valid=true rung=2 | cache_used=false path_age=0.000 path_points=95 planning_time_ms=15.8
1786779342.509 [STATIC_AVOID] obs_id=1 obs_dist=3.37m obs_s=20.44 ego_s=17.07 side=RIGHT | left_clearance=-0.13 right_clearance=0.35 candidate_valid=true rung=2 | cache_used=false path_age=0.000 path_points=95 planning_time_ms=23.3
1786779343.026 [STATIC_AVOID] obs_id=1 obs_dist=3.36m obs_s=20.44 ego_s=17.07 side=RIGHT | left_clearance=-0.13 right_clearance=0.36 candidate_valid=true rung=2 | cache_used=false path_age=0.000 path_points=95 planning_time_ms=19.6
1786779343.555 [STATIC_AVOID] obs_id=2 obs_dist=0.73m obs_s=17.80 ego_s=17.07 side=LEFT | left_clearance=0.23 right_clearance=-0.09 candidate_valid=false rung=- | cache_used=false path_age=- path_points=0 planning_time_ms=3.8 | reason=obstacle_clearance | cache_reason=no_cache
1786779344.090 [STATIC_AVOID] obs_id=1 obs_dist=3.37m obs_s=20.43 ego_s=17.06 side=RIGHT | left_clearance=-0.13 right_clearance=0.36 candidate_valid=true rung=0 | cache_used=false path_age=0.000 path_points=89 planning_time_ms=26.0
1786779344.617 [STATIC_AVOID] obs_id=1 obs_dist=3.31m obs_s=20.43 ego_s=17.12 side=RIGHT | left_clearance=-0.13 right_clearance=0.36 candidate_valid=true rung=0 | cache_used=false path_age=0.000 path_points=89 planning_time_ms=6.8
1786779345.283 [STATIC_AVOID] obs_id=1 obs_dist=3.30m obs_s=20.44 ego_s=17.14 side=RIGHT | left_clearance=-0.13 right_clearance=0.36 candidate_valid=true rung=0 | cache_used=false path_age=0.000 path_points=88 planning_time_ms=9.5
1786779345.804 [STATIC_AVOID] obs_id=1 obs_dist=3.31m obs_s=20.44 ego_s=17.13 side=RIGHT | left_clearance=-0.13 right_clearance=0.36 candidate_valid=true rung=0 | cache_used=false path_age=0.000 path_points=89 planning_time_ms=15.3
1786779346.306 [STATIC_AVOID] obs_id=1 obs_dist=3.31m obs_s=20.44 ego_s=17.13 side=RIGHT | left_clearance=-0.13 right_clearance=0.36 candidate_valid=true rung=0 | cache_used=false path_age=0.000 path_points=89 planning_time_ms=3.1
1786779346.849 [STATIC_AVOID] obs_id=1 obs_dist=3.31m obs_s=20.44 ego_s=17.13 side=RIGHT | left_clearance=-0.13 right_clearance=0.36 candidate_valid=true rung=0 | cache_used=false path_age=0.000 path_points=89 planning_time_ms=13.5
1786779347.404 [STATIC_AVOID] obs_id=1 obs_dist=3.31m obs_s=20.44 ego_s=17.13 side=RIGHT | left_clearance=-0.13 right_clearance=0.36 candidate_valid=true rung=0 | cache_used=false path_age=0.000 path_points=89 planning_time_ms=10.2
1786779347.934 [STATIC_AVOID] obs_id=1 obs_dist=3.31m obs_s=20.44 ego_s=17.13 side=RIGHT | left_clearance=-0.13 right_clearance=0.36 candidate_valid=true rung=0 | cache_used=false path_age=0.000 path_points=89 planning_time_ms=12.1
1786779348.460 [STATIC_AVOID] obs_id=1 obs_dist=3.31m obs_s=20.44 ego_s=17.13 side=RIGHT | left_clearance=-0.13 right_clearance=0.36 candidate_valid=true rung=0 | cache_used=false path_age=0.000 path_points=89 planning_time_ms=10.1
1786779348.965 [STATIC_AVOID] obs_id=1 obs_dist=3.31m obs_s=20.44 ego_s=17.13 side=RIGHT | left_clearance=-0.13 right_clearance=0.36 candidate_valid=true rung=0 | cache_used=false path_age=0.000 path_points=89 planning_time_ms=9.2
1786779349.472 [STATIC_AVOID] obs_id=1 obs_dist=3.31m obs_s=20.44 ego_s=17.14 side=RIGHT | left_clearance=-0.13 right_clearance=0.36 candidate_valid=true rung=0 | cache_used=false path_age=0.000 path_points=89 planning_time_ms=13.1
1786779350.032 [STATIC_AVOID] obs_id=1 obs_dist=3.31m obs_s=20.45 ego_s=17.13 side=RIGHT | left_clearance=-0.13 right_clearance=0.36 candidate_valid=true rung=0 | cache_used=false path_age=0.000 path_points=89 planning_time_ms=15.7
1786779350.560 [STATIC_AVOID] obs_id=1 obs_dist=3.32m obs_s=20.45 ego_s=17.13 side=RIGHT | left_clearance=-0.13 right_clearance=0.36 candidate_valid=true rung=0 | cache_used=false path_age=0.000 path_points=89 planning_time_ms=18.2
1786779351.110 [STATIC_AVOID] obs_id=1 obs_dist=3.32m obs_s=20.45 ego_s=17.13 side=RIGHT | left_clearance=-0.13 right_clearance=0.36 candidate_valid=true rung=0 | cache_used=false path_age=0.000 path_points=89 planning_time_ms=8.9
1786779351.645 [STATIC_AVOID] obs_id=1 obs_dist=3.31m obs_s=20.45 ego_s=17.14 side=RIGHT | left_clearance=-0.13 right_clearance=0.36 candidate_valid=true rung=0 | cache_used=false path_age=0.000 path_points=89 planning_time_ms=5.8
1786779352.191 [STATIC_AVOID] obs_id=1 obs_dist=3.32m obs_s=20.45 ego_s=17.13 side=RIGHT | left_clearance=-0.13 right_clearance=0.36 candidate_valid=true rung=0 | cache_used=false path_age=0.000 path_points=89 planning_time_ms=10.3
1786779352.746 [STATIC_AVOID] obs_id=1 obs_dist=3.31m obs_s=20.45 ego_s=17.14 side=RIGHT | left_clearance=-0.13 right_clearance=0.36 candidate_valid=true rung=0 | cache_used=false path_age=0.000 path_points=89 planning_time_ms=14.2
1786779353.253 [STATIC_AVOID] obs_id=1 obs_dist=3.32m obs_s=20.45 ego_s=17.13 side=RIGHT | left_clearance=-0.13 right_clearance=0.36 candidate_valid=true rung=0 | cache_used=false path_age=0.000 path_points=89 planning_time_ms=16.3
1786779353.806 [STATIC_AVOID] obs_id=1 obs_dist=3.32m obs_s=20.45 ego_s=17.13 side=RIGHT | left_clearance=-0.13 right_clearance=0.36 candidate_valid=true rung=0 | cache_used=false path_age=0.000 path_points=89 planning_time_ms=11.6
1786779354.309 [STATIC_AVOID] obs_id=1 obs_dist=3.32m obs_s=20.45 ego_s=17.13 side=RIGHT | left_clearance=-0.13 right_clearance=0.36 candidate_valid=true rung=0 | cache_used=false path_age=0.000 path_points=89 planning_time_ms=8.8
1786779354.822 [STATIC_AVOID] obs_id=1 obs_dist=3.31m obs_s=20.45 ego_s=17.14 side=RIGHT | left_clearance=-0.13 right_clearance=0.36 candidate_valid=true rung=0 | cache_used=false path_age=0.000 path_points=89 planning_time_ms=5.4
1786779355.345 [STATIC_AVOID] obs_id=1 obs_dist=3.32m obs_s=20.45 ego_s=17.14 side=RIGHT | left_clearance=-0.13 right_clearance=0.36 candidate_valid=true rung=0 | cache_used=false path_age=0.000 path_points=89 planning_time_ms=8.4
1786779355.916 [STATIC_AVOID] obs_id=1 obs_dist=3.30m obs_s=20.45 ego_s=17.16 side=RIGHT | left_clearance=-0.13 right_clearance=0.36 candidate_valid=true rung=0 | cache_used=false path_age=0.000 path_points=88 planning_time_ms=13.8
1786779356.423 [STATIC_AVOID] obs_id=1 obs_dist=3.31m obs_s=20.46 ego_s=17.15 side=RIGHT | left_clearance=-0.13 right_clearance=0.36 candidate_valid=true rung=0 | cache_used=false path_age=0.000 path_points=89 planning_time_ms=8.8
1786779356.956 [STATIC_AVOID] obs_id=1 obs_dist=3.31m obs_s=20.46 ego_s=17.15 side=RIGHT | left_clearance=-0.13 right_clearance=0.36 candidate_valid=true rung=0 | cache_used=false path_age=0.000 path_points=89 planning_time_ms=12.4
1786779357.503 [STATIC_AVOID] obs_id=1 obs_dist=3.31m obs_s=20.46 ego_s=17.15 side=RIGHT | left_clearance=-0.13 right_clearance=0.36 candidate_valid=true rung=0 | cache_used=false path_age=0.000 path_points=89 planning_time_ms=6.4
1786779358.038 [STATIC_AVOID] obs_id=1 obs_dist=3.32m obs_s=20.46 ego_s=17.14 side=RIGHT | left_clearance=-0.13 right_clearance=0.36 candidate_valid=true rung=0 | cache_used=false path_age=0.000 path_points=89 planning_time_ms=12.9
1786779358.601 [STATIC_AVOID] obs_id=1 obs_dist=3.30m obs_s=20.46 ego_s=17.16 side=RIGHT | left_clearance=-0.13 right_clearance=0.36 candidate_valid=true rung=0 | cache_used=false path_age=0.000 path_points=89 planning_time_ms=25.7
1786779359.133 [STATIC_AVOID] obs_id=1 obs_dist=3.30m obs_s=20.46 ego_s=17.15 side=RIGHT | left_clearance=-0.13 right_clearance=0.36 candidate_valid=true rung=0 | cache_used=false path_age=0.000 path_points=89 planning_time_ms=3.7
1786779359.682 [STATIC_AVOID] obs_id=1 obs_dist=3.31m obs_s=20.46 ego_s=17.15 side=RIGHT | left_clearance=-0.13 right_clearance=0.36 candidate_valid=true rung=0 | cache_used=false path_age=0.000 path_points=89 planning_time_ms=10.4
1786779360.203 [STATIC_AVOID] obs_id=1 obs_dist=3.31m obs_s=20.46 ego_s=17.15 side=RIGHT | left_clearance=-0.13 right_clearance=0.36 candidate_valid=true rung=0 | cache_used=false path_age=0.000 path_points=89 planning_time_ms=3.5
1786779360.703 [STATIC_AVOID] obs_id=1 obs_dist=3.31m obs_s=20.46 ego_s=17.15 side=RIGHT | left_clearance=-0.14 right_clearance=0.35 candidate_valid=true rung=0 | cache_used=false path_age=0.000 path_points=89 planning_time_ms=19.6
1786779361.244 [STATIC_AVOID] obs_id=1 obs_dist=3.31m obs_s=20.46 ego_s=17.15 side=RIGHT | left_clearance=-0.13 right_clearance=0.36 candidate_valid=true rung=0 | cache_used=false path_age=0.000 path_points=89 planning_time_ms=10.3
1786779361.798 [STATIC_AVOID] obs_id=1 obs_dist=3.31m obs_s=20.46 ego_s=17.15 side=RIGHT | left_clearance=-0.13 right_clearance=0.36 candidate_valid=true rung=0 | cache_used=false path_age=0.000 path_points=89 planning_time_ms=13.6
1786779362.322 [STATIC_AVOID] obs_id=1 obs_dist=3.30m obs_s=20.46 ego_s=17.16 side=RIGHT | left_clearance=-0.13 right_clearance=0.36 candidate_valid=true rung=0 | cache_used=false path_age=0.000 path_points=89 planning_time_ms=4.4
1786779362.870 [STATIC_AVOID] obs_id=1 obs_dist=3.31m obs_s=20.46 ego_s=17.15 side=RIGHT | left_clearance=-0.13 right_clearance=0.36 candidate_valid=true rung=0 | cache_used=false path_age=0.000 path_points=89 planning_time_ms=13.2
1786779363.439 [STATIC_AVOID] obs_id=1 obs_dist=3.31m obs_s=20.46 ego_s=17.15 side=RIGHT | left_clearance=-0.13 right_clearance=0.36 candidate_valid=true rung=0 | cache_used=false path_age=0.000 path_points=89 planning_time_ms=75.1
1786779363.950 [STATIC_AVOID] obs_id=1 obs_dist=3.32m obs_s=20.46 ego_s=17.15 side=RIGHT | left_clearance=-0.13 right_clearance=0.36 candidate_valid=true rung=0 | cache_used=false path_age=0.000 path_points=89 planning_time_ms=3.2
1786779364.451 [STATIC_AVOID] obs_id=1 obs_dist=3.32m obs_s=20.46 ego_s=17.15 side=RIGHT | left_clearance=-0.13 right_clearance=0.36 candidate_valid=true rung=0 | cache_used=false path_age=0.000 path_points=89 planning_time_ms=3.2
1786779364.951 [STATIC_AVOID] obs_id=1 obs_dist=3.32m obs_s=20.46 ego_s=17.15 side=RIGHT | left_clearance=-0.13 right_clearance=0.36 candidate_valid=true rung=0 | cache_used=false path_age=0.000 path_points=89 planning_time_ms=3.5
1786779365.455 [STATIC_AVOID] obs_id=1 obs_dist=3.31m obs_s=20.47 ego_s=17.16 side=RIGHT | left_clearance=-0.13 right_clearance=0.36 candidate_valid=true rung=0 | cache_used=false path_age=0.000 path_points=89 planning_time_ms=3.2
1786779365.976 [STATIC_AVOID] obs_id=1 obs_dist=3.31m obs_s=20.47 ego_s=17.16 side=RIGHT | left_clearance=-0.13 right_clearance=0.36 candidate_valid=true rung=0 | cache_used=false path_age=0.000 path_points=89 planning_time_ms=6.2
1786779366.541 [STATIC_AVOID] obs_id=1 obs_dist=3.31m obs_s=20.47 ego_s=17.15 side=RIGHT | left_clearance=-0.13 right_clearance=0.36 candidate_valid=true rung=0 | cache_used=false path_age=0.000 path_points=89 planning_time_ms=12.5
1786779367.282 [STATIC_AVOID] obs_id=1 obs_dist=3.31m obs_s=20.47 ego_s=17.15 side=RIGHT | left_clearance=-0.13 right_clearance=0.36 candidate_valid=true rung=0 | cache_used=false path_age=0.000 path_points=89 planning_time_ms=18.4
1786779367.802 [STATIC_AVOID] obs_id=1 obs_dist=3.31m obs_s=20.47 ego_s=17.15 side=RIGHT | left_clearance=-0.13 right_clearance=0.36 candidate_valid=true rung=0 | cache_used=false path_age=0.000 path_points=89 planning_time_ms=8.6
1786779368.327 [STATIC_AVOID] obs_id=1 obs_dist=3.33m obs_s=20.47 ego_s=17.14 side=RIGHT | left_clearance=-0.13 right_clearance=0.36 candidate_valid=true rung=0 | cache_used=false path_age=0.000 path_points=89 planning_time_ms=7.1
1786779368.852 [STATIC_AVOID] obs_id=1 obs_dist=3.31m obs_s=20.47 ego_s=17.16 side=RIGHT | left_clearance=-0.13 right_clearance=0.36 candidate_valid=true rung=0 | cache_used=false path_age=0.000 path_points=89 planning_time_ms=9.7
1786779369.423 [STATIC_AVOID] obs_id=1 obs_dist=3.32m obs_s=20.47 ego_s=17.15 side=RIGHT | left_clearance=-0.13 right_clearance=0.36 candidate_valid=true rung=0 | cache_used=false path_age=0.000 path_points=89 planning_time_ms=19.9
1786779369.971 [STATIC_AVOID] obs_id=1 obs_dist=3.21m obs_s=20.47 ego_s=17.26 side=RIGHT | left_clearance=-0.13 right_clearance=0.37 candidate_valid=true rung=0 | cache_used=false path_age=0.000 path_points=88 planning_time_ms=11.6
1786779370.548 [STATIC_AVOID] obs_id=1 obs_dist=1.26m obs_s=20.47 ego_s=19.21 side=RIGHT | left_clearance=-0.18 right_clearance=0.36 candidate_valid=true rung=2 | cache_used=false path_age=0.000 path_points=91 planning_time_ms=16.9
1786779371.097 [STATIC_AVOID] obs_id=1 obs_dist=-0.48m obs_s=20.47 ego_s=20.95 side=RIGHT | left_clearance=-0.27 right_clearance=0.38 candidate_valid=true rung=0 | cache_used=false path_age=0.000 path_points=76 planning_time_ms=11.0
1786779371.619 [STATIC_AVOID] obs_id=- obs_dist=-m obs_s=- ego_s=0.14 side=- | left_clearance=- right_clearance=- candidate_valid=false rung=- | cache_used=false path_age=- path_points=0 planning_time_ms=0.1 | reason=no_static_obstacle_in_range | cache_reason=no_cache
1786779372.154 [STATIC_AVOID] obs_id=- obs_dist=-m obs_s=- ego_s=1.60 side=- | left_clearance=- right_clearance=- candidate_valid=false rung=- | cache_used=false path_age=- path_points=0 planning_time_ms=0.1 | reason=no_static_obstacle_in_range | cache_reason=no_cache
1786779372.699 [STATIC_AVOID] obs_id=- obs_dist=-m obs_s=- ego_s=3.70 side=- | left_clearance=- right_clearance=- candidate_valid=false rung=- | cache_used=false path_age=- path_points=0 planning_time_ms=0.1 | reason=no_static_obstacle_in_range | cache_reason=no_cache
1786779373.246 [STATIC_AVOID] obs_id=- obs_dist=-m obs_s=- ego_s=4.76 side=- | left_clearance=- right_clearance=- candidate_valid=false rung=- | cache_used=false path_age=- path_points=0 planning_time_ms=0.2 | reason=no_static_obstacle_in_range | cache_reason=no_cache
1786779373.766 [STATIC_AVOID] obs_id=4 obs_dist=2.91m obs_s=8.53 ego_s=5.62 side=RIGHT | left_clearance=-0.21 right_clearance=0.35 candidate_valid=true rung=0 | cache_used=false path_age=0.000 path_points=91 planning_time_ms=12.8
1786779374.290 [STATIC_AVOID] obs_id=4 obs_dist=1.47m obs_s=8.46 ego_s=6.99 side=RIGHT | left_clearance=-0.21 right_clearance=0.38 candidate_valid=true rung=0 | cache_used=false path_age=0.000 path_points=77 planning_time_ms=13.8
1786779374.858 [STATIC_AVOID] obs_id=3 obs_dist=2.89m obs_s=10.89 ego_s=8.00 side=LEFT | left_clearance=0.20 right_clearance=-0.13 candidate_valid=true rung=0 | cache_used=false path_age=0.000 path_points=84 planning_time_ms=14.2
1786779375.358 [STATIC_AVOID] obs_id=- obs_dist=-m obs_s=- ego_s=8.10 side=- | left_clearance=- right_clearance=- candidate_valid=false rung=- | cache_used=false path_age=- path_points=0 planning_time_ms=0.1 | reason=no_static_obstacle_in_range | cache_reason=no_cache
1786779375.916 [STATIC_AVOID] obs_id=3 obs_dist=2.07m obs_s=10.37 ego_s=8.30 side=LEFT | left_clearance=0.31 right_clearance=-0.15 candidate_valid=true rung=2 | cache_used=false path_age=0.000 path_points=82 planning_time_ms=29.3
1786779376.422 [STATIC_AVOID] obs_id=3 obs_dist=0.94m obs_s=10.24 ego_s=9.30 side=LEFT | left_clearance=0.20 right_clearance=-0.15 candidate_valid=false rung=- | cache_used=false path_age=- path_points=0 planning_time_ms=17.9 | reason=obstacle_clearance | cache_reason=cache_collision
1786779376.957 [STATIC_AVOID] obs_id=- obs_dist=-m obs_s=- ego_s=11.18 side=- | left_clearance=- right_clearance=- candidate_valid=false rung=- | cache_used=false path_age=- path_points=0 planning_time_ms=0.1 | reason=no_static_obstacle_in_range | cache_reason=no_cache
1786779377.461 [STATIC_AVOID] obs_id=- obs_dist=-m obs_s=- ego_s=12.23 side=- | left_clearance=- right_clearance=- candidate_valid=false rung=- | cache_used=false path_age=- path_points=0 planning_time_ms=0.3 | reason=no_static_obstacle_in_range | cache_reason=no_cache
1786779377.969 [STATIC_AVOID] obs_id=- obs_dist=-m obs_s=- ego_s=13.51 side=- | left_clearance=- right_clearance=- candidate_valid=false rung=- | cache_used=false path_age=- path_points=0 planning_time_ms=3.7 | reason=no_static_obstacle_in_range | cache_reason=no_cache
1786779378.513 [STATIC_AVOID] obs_id=- obs_dist=-m obs_s=- ego_s=14.62 side=- | left_clearance=- right_clearance=- candidate_valid=false rung=- | cache_used=false path_age=- path_points=0 planning_time_ms=0.1 | reason=no_static_obstacle_in_range | cache_reason=no_cache
1786779379.056 [STATIC_AVOID] obs_id=- obs_dist=-m obs_s=- ego_s=14.73 side=- | left_clearance=- right_clearance=- candidate_valid=false rung=- | cache_used=false path_age=- path_points=0 planning_time_ms=0.1 | reason=no_static_obstacle_in_range | cache_reason=no_cache
1786779379.560 [STATIC_AVOID] obs_id=- obs_dist=-m obs_s=- ego_s=15.65 side=- | left_clearance=- right_clearance=- candidate_valid=false rung=- | cache_used=false path_age=- path_points=0 planning_time_ms=0.1 | reason=no_static_obstacle_in_range | cache_reason=no_cache
1786779380.074 [STATIC_AVOID] obs_id=11 obs_dist=3.66m obs_s=20.13 ego_s=16.47 side=- | left_clearance=-0.06 right_clearance=0.29 candidate_valid=false rung=- | cache_used=false path_age=- path_points=0 planning_time_ms=9.6 | reason=obstacle_clearance | cache_reason=no_cache
1786779380.618 [STATIC_AVOID] obs_id=11 obs_dist=2.72m obs_s=20.18 ego_s=17.47 side=RIGHT | left_clearance=-0.04 right_clearance=0.28 candidate_valid=true rung=0 | cache_used=false path_age=0.000 path_points=83 planning_time_ms=13.3
1786779381.140 [STATIC_AVOID] obs_id=11 obs_dist=2.48m obs_s=20.28 ego_s=17.81 side=RIGHT | left_clearance=-0.08 right_clearance=0.32 candidate_valid=false rung=- | cache_used=false path_age=- path_points=0 planning_time_ms=5.1 | reason=obstacle_clearance | cache_reason=cache_collision
1786779381.664 [STATIC_AVOID] obs_id=11 obs_dist=1.79m obs_s=20.29 ego_s=18.50 side=RIGHT | left_clearance=-0.14 right_clearance=0.34 candidate_valid=true rung=0 | cache_used=false path_age=0.000 path_points=82 planning_time_ms=5.6
1786779382.196 [STATIC_AVOID] obs_id=11 obs_dist=0.20m obs_s=20.27 ego_s=20.07 side=RIGHT | left_clearance=-0.23 right_clearance=0.31 candidate_valid=true rung=0 | cache_used=false path_age=0.000 path_points=76 planning_time_ms=11.5
1786779382.709 [STATIC_AVOID] obs_id=- obs_dist=-m obs_s=- ego_s=22.36 side=- | left_clearance=- right_clearance=- candidate_valid=false rung=- | cache_used=false path_age=- path_points=0 planning_time_ms=0.2 | reason=no_static_obstacle_in_range | cache_reason=no_cache
1786779383.249 [STATIC_AVOID] obs_id=- obs_dist=-m obs_s=- ego_s=1.34 side=- | left_clearance=- right_clearance=- candidate_valid=false rung=- | cache_used=false path_age=- path_points=0 planning_time_ms=0.1 | reason=no_static_obstacle_in_range | cache_reason=no_cache
1786779383.756 [STATIC_AVOID] obs_id=- obs_dist=-m obs_s=- ego_s=2.83 side=- | left_clearance=- right_clearance=- candidate_valid=false rung=- | cache_used=false path_age=- path_points=0 planning_time_ms=0.1 | reason=no_static_obstacle_in_range | cache_reason=no_cache
1786779384.304 [STATIC_AVOID] obs_id=- obs_dist=-m obs_s=- ego_s=4.45 side=- | left_clearance=- right_clearance=- candidate_valid=false rung=- | cache_used=false path_age=- path_points=0 planning_time_ms=0.1 | reason=no_static_obstacle_in_range | cache_reason=no_cache
1786779384.818 [STATIC_AVOID] obs_id=13 obs_dist=3.30m obs_s=8.56 ego_s=5.26 side=RIGHT | left_clearance=-0.16 right_clearance=0.29 candidate_valid=true rung=0 | cache_used=false path_age=0.000 path_points=94 planning_time_ms=14.7
1786779385.357 [STATIC_AVOID] obs_id=13 obs_dist=2.09m obs_s=8.39 ego_s=6.30 side=RIGHT | left_clearance=-0.19 right_clearance=0.33 candidate_valid=true rung=0 | cache_used=false path_age=0.000 path_points=84 planning_time_ms=11.9
1786779385.893 [STATIC_AVOID] obs_id=12 obs_dist=3.36m obs_s=10.83 ego_s=7.47 side=LEFT | left_clearance=0.25 right_clearance=-0.16 candidate_valid=true rung=2 | cache_used=false path_age=0.000 path_points=95 planning_time_ms=23.8
1786779386.408 [STATIC_AVOID] obs_id=12 obs_dist=2.77m obs_s=10.76 ego_s=7.98 side=LEFT | left_clearance=0.29 right_clearance=-0.16 candidate_valid=true rung=2 | cache_used=false path_age=0.000 path_points=89 planning_time_ms=6.7
1786779386.962 [STATIC_AVOID] obs_id=12 obs_dist=1.53m obs_s=10.70 ego_s=9.17 side=LEFT | left_clearance=0.25 right_clearance=-0.18 candidate_valid=true rung=0 | cache_used=false path_age=0.000 path_points=81 planning_time_ms=13.6
1786779387.493 [STATIC_AVOID] obs_id=12 obs_dist=0.39m obs_s=10.70 ego_s=10.31 side=LEFT | left_clearance=0.23 right_clearance=-0.20 candidate_valid=true rung=0 | cache_used=false path_age=0.000 path_points=76 planning_time_ms=24.4
1786779387.998 [STATIC_AVOID] obs_id=- obs_dist=-m obs_s=- ego_s=12.30 side=- | left_clearance=- right_clearance=- candidate_valid=false rung=- | cache_used=false path_age=- path_points=0 planning_time_ms=0.1 | reason=no_static_obstacle_in_range | cache_reason=no_cache
1786779388.501 [STATIC_AVOID] obs_id=- obs_dist=-m obs_s=- ego_s=12.80 side=- | left_clearance=- right_clearance=- candidate_valid=false rung=- | cache_used=false path_age=- path_points=0 planning_time_ms=0.1 | reason=no_static_obstacle_in_range | cache_reason=no_cache
1786779389.047 [STATIC_AVOID] obs_id=- obs_dist=-m obs_s=- ego_s=14.01 side=- | left_clearance=- right_clearance=- candidate_valid=false rung=- | cache_used=false path_age=- path_points=0 planning_time_ms=0.1 | reason=no_static_obstacle_in_range | cache_reason=no_cache
1786779389.597 [STATIC_AVOID] obs_id=- obs_dist=-m obs_s=- ego_s=14.39 side=- | left_clearance=- right_clearance=- candidate_valid=false rung=- | cache_used=false path_age=- path_points=0 planning_time_ms=0.1 | reason=no_static_obstacle_in_range | cache_reason=no_cache
1786779390.108 [STATIC_AVOID] obs_id=- obs_dist=-m obs_s=- ego_s=13.47 side=- | left_clearance=- right_clearance=- candidate_valid=false rung=- | cache_used=false path_age=- path_points=0 planning_time_ms=0.1 | reason=no_static_obstacle_in_range | cache_reason=no_cache
1786779390.631 [STATIC_AVOID] obs_id=- obs_dist=-m obs_s=- ego_s=13.81 side=- | left_clearance=- right_clearance=- candidate_valid=false rung=- | cache_used=false path_age=- path_points=0 planning_time_ms=0.2 | reason=no_static_obstacle_in_range | cache_reason=no_cache
1786779391.138 [STATIC_AVOID] obs_id=19 obs_dist=4.19m obs_s=18.07 ego_s=13.88 side=- | left_clearance=-0.09 right_clearance=0.21 candidate_valid=false rung=- | cache_used=false path_age=- path_points=0 planning_time_ms=31.0 | reason=map_occupied | cache_reason=no_cache
1786779391.655 [STATIC_AVOID] obs_id=- obs_dist=-m obs_s=- ego_s=13.95 side=- | left_clearance=- right_clearance=- candidate_valid=false rung=- | cache_used=false path_age=- path_points=0 planning_time_ms=0.1 | reason=no_static_obstacle_in_range | cache_reason=no_cache
1786779392.220 [STATIC_AVOID] obs_id=- obs_dist=-m obs_s=- ego_s=13.96 side=- | left_clearance=- right_clearance=- candidate_valid=false rung=- | cache_used=false path_age=- path_points=0 planning_time_ms=0.1 | reason=no_static_obstacle_in_range | cache_reason=no_cache
1786779392.753 [STATIC_AVOID] obs_id=- obs_dist=-m obs_s=- ego_s=13.96 side=- | left_clearance=- right_clearance=- candidate_valid=false rung=- | cache_used=false path_age=- path_points=0 planning_time_ms=0.1 | reason=no_static_obstacle_in_range | cache_reason=no_cache
1786779393.261 [STATIC_AVOID] obs_id=- obs_dist=-m obs_s=- ego_s=13.96 side=- | left_clearance=- right_clearance=- candidate_valid=false rung=- | cache_used=false path_age=- path_points=0 planning_time_ms=0.3 | reason=no_static_obstacle_in_range | cache_reason=no_cache
1786779393.804 [STATIC_AVOID] obs_id=- obs_dist=-m obs_s=- ego_s=13.94 side=- | left_clearance=- right_clearance=- candidate_valid=false rung=- | cache_used=false path_age=- path_points=0 planning_time_ms=0.1 | reason=no_static_obstacle_in_range | cache_reason=no_cache
1786779394.348 [STATIC_AVOID] obs_id=- obs_dist=-m obs_s=- ego_s=13.94 side=- | left_clearance=- right_clearance=- candidate_valid=false rung=- | cache_used=false path_age=- path_points=0 planning_time_ms=0.1 | reason=no_static_obstacle_in_range | cache_reason=no_cache
1786779394.848 [STATIC_AVOID] obs_id=- obs_dist=-m obs_s=- ego_s=13.93 side=- | left_clearance=- right_clearance=- candidate_valid=false rung=- | cache_used=false path_age=- path_points=0 planning_time_ms=0.3 | reason=no_static_obstacle_in_range | cache_reason=no_cache
1786779395.397 [STATIC_AVOID] obs_id=- obs_dist=-m obs_s=- ego_s=13.93 side=- | left_clearance=- right_clearance=- candidate_valid=false rung=- | cache_used=false path_age=- path_points=0 planning_time_ms=0.1 | reason=no_static_obstacle_in_range | cache_reason=no_cache
1786779395.897 [STATIC_AVOID] obs_id=- obs_dist=-m obs_s=- ego_s=13.94 side=- | left_clearance=- right_clearance=- candidate_valid=false rung=- | cache_used=false path_age=- path_points=0 planning_time_ms=0.1 | reason=no_static_obstacle_in_range | cache_reason=no_cache
1786779396.455 [STATIC_AVOID] obs_id=- obs_dist=-m obs_s=- ego_s=13.94 side=- | left_clearance=- right_clearance=- candidate_valid=false rung=- | cache_used=false path_age=- path_points=0 planning_time_ms=1.4 | reason=no_static_obstacle_in_range | cache_reason=no_cache
1786779397.002 [STATIC_AVOID] obs_id=- obs_dist=-m obs_s=- ego_s=13.94 side=- | left_clearance=- right_clearance=- candidate_valid=false rung=- | cache_used=false path_age=- path_points=0 planning_time_ms=0.1 | reason=no_static_obstacle_in_range | cache_reason=no_cache
1786779397.547 [STATIC_AVOID] obs_id=- obs_dist=-m obs_s=- ego_s=13.94 side=- | left_clearance=- right_clearance=- candidate_valid=false rung=- | cache_used=false path_age=- path_points=0 planning_time_ms=0.1 | reason=no_static_obstacle_in_range | cache_reason=no_cache
1786779398.048 [STATIC_AVOID] obs_id=- obs_dist=-m obs_s=- ego_s=13.93 side=- | left_clearance=- right_clearance=- candidate_valid=false rung=- | cache_used=false path_age=- path_points=0 planning_time_ms=0.1 | reason=no_static_obstacle_in_range | cache_reason=no_cache
1786779398.556 [STATIC_AVOID] obs_id=- obs_dist=-m obs_s=- ego_s=13.93 side=- | left_clearance=- right_clearance=- candidate_valid=false rung=- | cache_used=false path_age=- path_points=0 planning_time_ms=3.1 | reason=no_static_obstacle_in_range | cache_reason=no_cache
1786779399.099 [STATIC_AVOID] obs_id=- obs_dist=-m obs_s=- ego_s=13.93 side=- | left_clearance=- right_clearance=- candidate_valid=false rung=- | cache_used=false path_age=- path_points=0 planning_time_ms=0.1 | reason=no_static_obstacle_in_range | cache_reason=no_cache
1786779399.656 [STATIC_AVOID] obs_id=- obs_dist=-m obs_s=- ego_s=13.93 side=- | left_clearance=- right_clearance=- candidate_valid=false rung=- | cache_used=false path_age=- path_points=0 planning_time_ms=0.1 | reason=no_static_obstacle_in_range | cache_reason=no_cache
1786779400.203 [STATIC_AVOID] obs_id=- obs_dist=-m obs_s=- ego_s=13.93 side=- | left_clearance=- right_clearance=- candidate_valid=false rung=- | cache_used=false path_age=- path_points=0 planning_time_ms=0.1 | reason=no_static_obstacle_in_range | cache_reason=no_cache
1786779400.762 [STATIC_AVOID] obs_id=- obs_dist=-m obs_s=- ego_s=13.93 side=- | left_clearance=- right_clearance=- candidate_valid=false rung=- | cache_used=false path_age=- path_points=0 planning_time_ms=0.3 | reason=no_static_obstacle_in_range | cache_reason=no_cache
1786779401.299 [STATIC_AVOID] obs_id=- obs_dist=-m obs_s=- ego_s=13.93 side=- | left_clearance=- right_clearance=- candidate_valid=false rung=- | cache_used=false path_age=- path_points=0 planning_time_ms=0.1 | reason=no_static_obstacle_in_range | cache_reason=no_cache
1786779401.809 [STATIC_AVOID] obs_id=- obs_dist=-m obs_s=- ego_s=13.93 side=- | left_clearance=- right_clearance=- candidate_valid=false rung=- | cache_used=false path_age=- path_points=0 planning_time_ms=0.2 | reason=no_static_obstacle_in_range | cache_reason=no_cache
1786779402.338 [STATIC_AVOID] obs_id=- obs_dist=-m obs_s=- ego_s=13.92 side=- | left_clearance=- right_clearance=- candidate_valid=false rung=- | cache_used=false path_age=- path_points=0 planning_time_ms=0.1 | reason=no_static_obstacle_in_range | cache_reason=no_cache
1786779402.853 [STATIC_AVOID] obs_id=- obs_dist=-m obs_s=- ego_s=13.87 side=- | left_clearance=- right_clearance=- candidate_valid=false rung=- | cache_used=false path_age=- path_points=0 planning_time_ms=2.7 | reason=no_static_obstacle_in_range | cache_reason=no_cache
1786779403.412 [STATIC_AVOID] obs_id=21 obs_dist=3.98m obs_s=17.14 ego_s=13.16 side=RIGHT | left_clearance=-0.11 right_clearance=0.27 candidate_valid=true rung=2 | cache_used=false path_age=0.000 path_points=101 planning_time_ms=22.2
1786779403.938 [STATIC_AVOID] obs_id=26 obs_dist=-0.24m obs_s=12.73 ego_s=12.96 side=RIGHT | left_clearance=-0.11 right_clearance=0.28 candidate_valid=true rung=0 | cache_used=false path_age=0.000 path_points=76 planning_time_ms=31.4
1786779404.454 [STATIC_AVOID] obs_id=- obs_dist=-m obs_s=- ego_s=12.78 side=- | left_clearance=- right_clearance=- candidate_valid=false rung=- | cache_used=false path_age=- path_points=0 planning_time_ms=0.1 | reason=no_static_obstacle_in_range | cache_reason=no_cache
1786779404.965 [STATIC_AVOID] obs_id=28 obs_dist=2.90m obs_s=15.60 ego_s=12.70 side=RIGHT | left_clearance=-0.17 right_clearance=0.26 candidate_valid=true rung=0 | cache_used=false path_age=0.000 path_points=84 planning_time_ms=5.5
1786779405.549 [STATIC_AVOID] obs_id=28 obs_dist=2.89m obs_s=15.58 ego_s=12.69 side=RIGHT | left_clearance=-0.19 right_clearance=0.29 candidate_valid=false rung=- | cache_used=false path_age=- path_points=0 planning_time_ms=17.7 | reason=obstacle_clearance | cache_reason=cache_expired
1786779406.074 [STATIC_AVOID] obs_id=28 obs_dist=2.87m obs_s=15.57 ego_s=12.70 side=RIGHT | left_clearance=-0.20 right_clearance=0.30 candidate_valid=false rung=- | cache_used=false path_age=- path_points=0 planning_time_ms=16.6 | reason=obstacle_clearance | cache_reason=no_cache
1786779406.602 [STATIC_AVOID] obs_id=28 obs_dist=2.87m obs_s=15.56 ego_s=12.69 side=RIGHT | left_clearance=-0.21 right_clearance=0.30 candidate_valid=false rung=- | cache_used=false path_age=- path_points=0 planning_time_ms=3.2 | reason=obstacle_clearance | cache_reason=no_cache
1786779407.147 [STATIC_AVOID] obs_id=28 obs_dist=3.11m obs_s=15.56 ego_s=12.45 side=RIGHT | left_clearance=-0.21 right_clearance=0.30 candidate_valid=false rung=- | cache_used=true path_age=0.093 path_points=86 planning_time_ms=16.0 | reason=map_occupied
1786779407.676 [STATIC_AVOID] obs_id=- obs_dist=-m obs_s=- ego_s=12.26 side=- | left_clearance=- right_clearance=- candidate_valid=false rung=- | cache_used=false path_age=- path_points=0 planning_time_ms=0.3 | reason=no_static_obstacle_in_range | cache_reason=no_cache
1786779408.203 [STATIC_AVOID] obs_id=- obs_dist=-m obs_s=- ego_s=12.25 side=- | left_clearance=- right_clearance=- candidate_valid=false rung=- | cache_used=false path_age=- path_points=0 planning_time_ms=0.1 | reason=no_static_obstacle_in_range | cache_reason=no_cache
1786779408.722 [STATIC_AVOID] obs_id=29 obs_dist=2.00m obs_s=14.27 ego_s=12.28 side=- | left_clearance=-0.36 right_clearance=0.53 candidate_valid=false rung=- | cache_used=false path_age=- path_points=0 planning_time_ms=15.7 | reason=obstacle_clearance | cache_reason=no_cache
1786779409.274 [STATIC_AVOID] obs_id=29 obs_dist=2.03m obs_s=14.31 ego_s=12.27 side=- | left_clearance=-0.36 right_clearance=0.53 candidate_valid=false rung=- | cache_used=false path_age=- path_points=0 planning_time_ms=16.3 | reason=map_occupied | cache_reason=no_cache
1786779409.814 [STATIC_AVOID] obs_id=29 obs_dist=2.04m obs_s=14.31 ego_s=12.27 side=- | left_clearance=-0.36 right_clearance=0.53 candidate_valid=false rung=- | cache_used=false path_age=- path_points=0 planning_time_ms=13.7 | reason=map_occupied | cache_reason=no_cache
1786779410.359 [STATIC_AVOID] obs_id=29 obs_dist=2.04m obs_s=14.32 ego_s=12.28 side=- | left_clearance=-0.36 right_clearance=0.53 candidate_valid=false rung=- | cache_used=false path_age=- path_points=0 planning_time_ms=10.8 | reason=map_occupied | cache_reason=no_cache
