# state_machine debug log started 20260816_192026  map='0815test3'
1786875633.265 [OBSTACLES] cur_s=7.93 cur_d=0.26 vs=0.00 n=0 [none]
1786875633.270 [STATE_CHANGE] None -> GB_TRACK src=GB_TRACK s=7.93 d=0.26 vs=0.00
1786875633.787 [OBSTACLES] cur_s=7.94 cur_d=0.25 vs=0.00 n=0 [none]
1786875634.296 [OBSTACLES] cur_s=7.94 cur_d=0.25 vs=0.00 n=0 [none]
1786875634.798 [OBSTACLES] cur_s=7.96 cur_d=0.25 vs=0.00 n=0 [none]
1786875635.308 [OBSTACLES] cur_s=7.95 cur_d=0.25 vs=0.00 n=0 [none]
1786875635.818 [OBSTACLES] cur_s=7.94 cur_d=0.25 vs=0.00 n=0 [none]
1786875636.327 [OBSTACLES] cur_s=7.93 cur_d=0.26 vs=0.00 n=0 [none]
1786875636.843 [OBSTACLES] cur_s=7.93 cur_d=0.26 vs=0.00 n=0 [none]
1786875637.354 [OBSTACLES] cur_s=7.94 cur_d=0.26 vs=0.00 n=0 [none]
1786875637.875 [OBSTACLES] cur_s=7.95 cur_d=0.25 vs=0.00 n=0 [none]
1786875638.389 [OBSTACLES] cur_s=7.96 cur_d=0.26 vs=0.00 n=0 [none]
1786875638.919 [OBSTACLES] cur_s=7.94 cur_d=0.26 vs=0.00 n=0 [none]
1786875639.431 [OBSTACLES] cur_s=7.95 cur_d=0.25 vs=0.00 n=0 [none]
1786875639.952 [OBSTACLES] cur_s=7.94 cur_d=0.26 vs=0.00 n=0 [none]
1786875640.468 [OBSTACLES] cur_s=7.95 cur_d=0.25 vs=0.00 n=0 [none]
1786875640.975 [OBSTACLES] cur_s=7.93 cur_d=0.26 vs=0.00 n=0 [none]
1786875641.487 [OBSTACLES] cur_s=7.93 cur_d=0.26 vs=0.00 n=0 [none]
1786875642.017 [OBSTACLES] cur_s=7.93 cur_d=0.26 vs=0.00 n=0 [none]
1786875642.522 [OBSTACLES] cur_s=7.93 cur_d=0.26 vs=0.00 n=0 [none]
1786875643.032 [OBSTACLES] cur_s=7.94 cur_d=0.27 vs=0.00 n=0 [none]
1786875643.551 [OBSTACLES] cur_s=7.93 cur_d=0.26 vs=0.00 n=0 [none]
1786875644.074 [OBSTACLES] cur_s=7.94 cur_d=0.25 vs=0.00 n=0 [none]
1786875644.579 [OBSTACLES] cur_s=7.92 cur_d=0.26 vs=0.00 n=0 [none]
1786875645.093 [OBSTACLES] cur_s=7.92 cur_d=0.26 vs=0.00 n=0 [none]
1786875645.599 [OBSTACLES] cur_s=7.93 cur_d=0.26 vs=0.00 n=0 [none]
1786875646.124 [OBSTACLES] cur_s=7.93 cur_d=0.26 vs=0.00 n=0 [none]
1786875646.631 [OBSTACLES] cur_s=7.93 cur_d=0.26 vs=0.00 n=0 [none]
1786875647.162 [OBSTACLES] cur_s=7.93 cur_d=0.26 vs=0.00 n=0 [none]
1786875647.662 [OBSTACLES] cur_s=7.94 cur_d=0.26 vs=0.00 n=0 [none]
1786875648.205 [OBSTACLES] cur_s=7.92 cur_d=0.26 vs=0.00 n=0 [none]
1786875648.749 [OBSTACLES] cur_s=7.93 cur_d=0.26 vs=0.00 n=0 [none]
1786875649.259 [OBSTACLES] cur_s=7.95 cur_d=0.25 vs=0.00 n=0 [none]
1786875649.801 [OBSTACLES] cur_s=7.94 cur_d=0.26 vs=0.00 n=0 [none]
1786875650.323 [OBSTACLES] cur_s=7.95 cur_d=0.25 vs=0.00 n=0 [none]
1786875650.825 [OBSTACLES] cur_s=7.94 cur_d=0.26 vs=0.00 n=0 [none]
1786875651.329 [OBSTACLES] cur_s=7.93 cur_d=0.26 vs=0.00 n=0 [none]
1786875651.863 [OBSTACLES] cur_s=7.94 cur_d=0.26 vs=0.00 n=0 [none]
1786875652.380 [OBSTACLES] cur_s=7.93 cur_d=0.26 vs=0.00 n=0 [none]
1786875652.886 [OBSTACLES] cur_s=7.95 cur_d=0.25 vs=0.00 n=0 [none]
1786875653.390 [OBSTACLES] cur_s=7.94 cur_d=0.26 vs=0.00 n=0 [none]
1786875653.897 [OBSTACLES] cur_s=7.92 cur_d=0.26 vs=0.00 n=0 [none]
1786875654.415 [OBSTACLES] cur_s=7.93 cur_d=0.26 vs=0.00 n=0 [none]
1786875654.922 [OBSTACLES] cur_s=7.93 cur_d=0.26 vs=0.00 n=0 [none]
1786875655.428 [OBSTACLES] cur_s=7.92 cur_d=0.26 vs=0.00 n=0 [none]
1786875655.944 [OBSTACLES] cur_s=7.94 cur_d=0.26 vs=0.00 n=0 [none]
1786875656.445 [OBSTACLES] cur_s=7.96 cur_d=0.25 vs=0.00 n=0 [none]
1786875656.959 [OBSTACLES] cur_s=7.94 cur_d=0.25 vs=0.00 n=0 [none]
1786875657.485 [OBSTACLES] cur_s=7.93 cur_d=0.26 vs=0.00 n=0 [none]
1786875658.019 [OBSTACLES] cur_s=7.93 cur_d=0.26 vs=0.00 n=0 [none]
1786875658.539 [OBSTACLES] cur_s=7.93 cur_d=0.26 vs=0.00 n=0 [none]
1786875659.048 [OBSTACLES] cur_s=7.93 cur_d=0.26 vs=0.00 n=0 [none]
1786875659.597 [OBSTACLES] cur_s=7.94 cur_d=0.26 vs=0.00 n=0 [none]
1786875660.124 [OBSTACLES] cur_s=7.94 cur_d=0.26 vs=0.00 n=0 [none]
1786875660.651 [OBSTACLES] cur_s=7.93 cur_d=0.26 vs=0.00 n=0 [none]
1786875661.154 [OBSTACLES] cur_s=7.93 cur_d=0.26 vs=0.00 n=0 [none]
1786875661.695 [OBSTACLES] cur_s=7.93 cur_d=0.26 vs=0.00 n=0 [none]
1786875662.264 [OBSTACLES] cur_s=7.92 cur_d=0.27 vs=0.00 n=0 [none]
1786875662.790 [OBSTACLES] cur_s=7.95 cur_d=0.26 vs=0.00 n=0 [none]
1786875663.294 [OBSTACLES] cur_s=7.95 cur_d=0.26 vs=0.00 n=0 [none]
1786875663.823 [OBSTACLES] cur_s=7.96 cur_d=0.25 vs=0.00 n=0 [none]
1786875664.329 [OBSTACLES] cur_s=7.93 cur_d=0.26 vs=0.00 n=0 [none]
1786875664.849 [OBSTACLES] cur_s=7.93 cur_d=0.26 vs=0.00 n=0 [none]
1786875665.353 [OBSTACLES] cur_s=7.93 cur_d=0.26 vs=0.00 n=0 [none]
1786875665.864 [OBSTACLES] cur_s=7.93 cur_d=0.26 vs=0.00 n=0 [none]
1786875666.383 [OBSTACLES] cur_s=7.93 cur_d=0.26 vs=0.00 n=0 [none]
1786875666.898 [OBSTACLES] cur_s=7.93 cur_d=0.26 vs=0.00 n=0 [none]
1786875667.409 [OBSTACLES] cur_s=7.93 cur_d=0.26 vs=0.00 n=0 [none]
1786875667.912 [OBSTACLES] cur_s=7.92 cur_d=0.26 vs=0.00 n=0 [none]
1786875668.422 [OBSTACLES] cur_s=7.94 cur_d=0.27 vs=0.00 n=0 [none]
1786875668.936 [OBSTACLES] cur_s=7.95 cur_d=0.25 vs=0.00 n=0 [none]
1786875669.452 [OBSTACLES] cur_s=7.94 cur_d=0.26 vs=0.00 n=0 [none]
1786875669.976 [OBSTACLES] cur_s=7.93 cur_d=0.27 vs=0.00 n=0 [none]
1786875670.506 [OBSTACLES] cur_s=7.93 cur_d=0.26 vs=0.00 n=0 [none]
1786875671.013 [OBSTACLES] cur_s=7.93 cur_d=0.26 vs=0.00 n=0 [none]
1786875671.537 [OBSTACLES] cur_s=7.93 cur_d=0.26 vs=0.00 n=0 [none]
1786875672.114 [OBSTACLES] cur_s=7.93 cur_d=0.26 vs=0.00 n=0 [none]
1786875672.658 [OBSTACLES] cur_s=7.93 cur_d=0.26 vs=0.00 n=0 [none]
1786875673.166 [OBSTACLES] cur_s=7.93 cur_d=0.26 vs=0.00 n=0 [none]
1786875673.713 [OBSTACLES] cur_s=7.92 cur_d=0.26 vs=0.00 n=0 [none]
1786875674.217 [OBSTACLES] cur_s=7.92 cur_d=0.26 vs=0.00 n=0 [none]
1786875674.739 [OBSTACLES] cur_s=7.94 cur_d=0.26 vs=0.00 n=0 [none]
1786875675.245 [OBSTACLES] cur_s=7.93 cur_d=0.26 vs=0.00 n=0 [none]
1786875675.792 [OBSTACLES] cur_s=7.93 cur_d=0.26 vs=0.00 n=0 [none]
1786875676.295 [OBSTACLES] cur_s=7.93 cur_d=0.26 vs=0.00 n=0 [none]
1786875676.801 [OBSTACLES] cur_s=7.93 cur_d=0.27 vs=0.00 n=0 [none]
1786875677.306 [OBSTACLES] cur_s=7.94 cur_d=0.26 vs=0.00 n=0 [none]
1786875677.834 [OBSTACLES] cur_s=7.93 cur_d=0.27 vs=0.00 n=0 [none]
1786875678.344 [OBSTACLES] cur_s=7.93 cur_d=0.27 vs=0.00 n=0 [none]
1786875678.875 [OBSTACLES] cur_s=7.92 cur_d=0.26 vs=0.00 n=0 [none]
1786875679.383 [OBSTACLES] cur_s=7.92 cur_d=0.27 vs=0.00 n=0 [none]
1786875679.905 [OBSTACLES] cur_s=7.93 cur_d=0.26 vs=0.00 n=0 [none]
1786875680.418 [OBSTACLES] cur_s=7.93 cur_d=0.27 vs=0.00 n=0 [none]
1786875680.928 [OBSTACLES] cur_s=7.93 cur_d=0.27 vs=0.00 n=0 [none]
1786875681.436 [OBSTACLES] cur_s=7.93 cur_d=0.27 vs=0.00 n=0 [none]
1786875681.962 [OBSTACLES] cur_s=7.93 cur_d=0.26 vs=0.00 n=0 [none]
1786875682.498 [OBSTACLES] cur_s=7.93 cur_d=0.26 vs=0.00 n=0 [none]
1786875683.021 [OBSTACLES] cur_s=7.93 cur_d=0.26 vs=0.00 n=0 [none]
1786875683.595 [OBSTACLES] cur_s=7.92 cur_d=0.26 vs=0.00 n=0 [none]
1786875684.124 [OBSTACLES] cur_s=7.92 cur_d=0.27 vs=0.00 n=0 [none]
1786875684.638 [OBSTACLES] cur_s=7.93 cur_d=0.26 vs=0.00 n=0 [none]
1786875685.148 [OBSTACLES] cur_s=7.94 cur_d=0.25 vs=0.00 n=0 [none]
1786875685.702 [OBSTACLES] cur_s=7.94 cur_d=0.26 vs=0.00 n=0 [none]
1786875686.204 [OBSTACLES] cur_s=7.95 cur_d=0.26 vs=0.00 n=0 [none]
1786875686.710 [OBSTACLES] cur_s=7.93 cur_d=0.26 vs=0.00 n=0 [none]
1786875687.217 [OBSTACLES] cur_s=7.93 cur_d=0.26 vs=0.00 n=0 [none]
1786875687.747 [OBSTACLES] cur_s=7.93 cur_d=0.26 vs=0.00 n=0 [none]
1786875688.288 [OBSTACLES] cur_s=7.95 cur_d=0.26 vs=0.00 n=0 [none]
1786875688.818 [OBSTACLES] cur_s=7.94 cur_d=0.27 vs=0.00 n=0 [none]
1786875689.346 [OBSTACLES] cur_s=7.93 cur_d=0.26 vs=0.00 n=0 [none]
1786875689.875 [OBSTACLES] cur_s=7.93 cur_d=0.26 vs=0.00 n=0 [none]
1786875690.391 [OBSTACLES] cur_s=7.94 cur_d=0.26 vs=0.00 n=0 [none]
1786875690.894 [OBSTACLES] cur_s=7.97 cur_d=0.25 vs=0.00 n=0 [none]
1786875691.417 [OBSTACLES] cur_s=7.99 cur_d=0.25 vs=0.00 n=0 [none]
1786875691.958 [OBSTACLES] cur_s=8.01 cur_d=0.25 vs=0.00 n=0 [none]
1786875692.467 [OBSTACLES] cur_s=8.01 cur_d=0.25 vs=0.00 n=0 [none]
1786875693.003 [OBSTACLES] cur_s=8.00 cur_d=0.25 vs=0.00 n=0 [none]
1786875693.527 [OBSTACLES] cur_s=8.00 cur_d=0.26 vs=0.00 n=0 [none]
1786875694.035 [OBSTACLES] cur_s=8.01 cur_d=0.26 vs=0.00 n=0 [none]
1786875694.575 [OBSTACLES] cur_s=8.01 cur_d=0.25 vs=0.00 n=0 [none]
1786875695.085 [OBSTACLES] cur_s=7.99 cur_d=0.25 vs=0.00 n=0 [none]
1786875695.600 [OBSTACLES] cur_s=8.00 cur_d=0.25 vs=0.00 n=0 [none]
1786875696.130 [OBSTACLES] cur_s=8.01 cur_d=0.26 vs=0.00 n=0 [none]
1786875696.639 [OBSTACLES] cur_s=8.01 cur_d=0.26 vs=0.00 n=0 [none]
1786875697.150 [OBSTACLES] cur_s=8.00 cur_d=0.25 vs=0.00 n=0 [none]
1786875697.655 [OBSTACLES] cur_s=8.04 cur_d=0.26 vs=0.00 n=0 [none]
1786875698.223 [OBSTACLES] cur_s=8.05 cur_d=0.25 vs=0.00 n=0 [none]
1786875698.733 [OBSTACLES] cur_s=8.06 cur_d=0.25 vs=0.00 n=0 [none]
1786875699.261 [OBSTACLES] cur_s=8.06 cur_d=0.25 vs=0.00 n=0 [none]
1786875699.796 [OBSTACLES] cur_s=8.07 cur_d=0.25 vs=0.00 n=0 [none]
1786875700.352 [OBSTACLES] cur_s=8.06 cur_d=0.25 vs=0.00 n=0 [none]
1786875700.880 [OBSTACLES] cur_s=8.06 cur_d=0.25 vs=0.00 n=0 [none]
1786875701.427 [OBSTACLES] cur_s=8.06 cur_d=0.25 vs=0.00 n=0 [none]
1786875701.940 [OBSTACLES] cur_s=8.07 cur_d=0.25 vs=0.00 n=0 [none]
1786875702.474 [OBSTACLES] cur_s=8.06 cur_d=0.25 vs=0.00 n=0 [none]
1786875702.982 [OBSTACLES] cur_s=8.07 cur_d=0.25 vs=0.00 n=0 [none]
1786875703.501 [OBSTACLES] cur_s=8.06 cur_d=0.24 vs=0.00 n=0 [none]
1786875704.106 [OBSTACLES] cur_s=8.06 cur_d=0.25 vs=0.00 n=0 [none]
1786875704.612 [OBSTACLES] cur_s=8.05 cur_d=0.25 vs=0.00 n=0 [none]
1786875705.138 [OBSTACLES] cur_s=8.06 cur_d=0.25 vs=0.00 n=0 [none]
1786875705.667 [OBSTACLES] cur_s=8.07 cur_d=0.24 vs=0.00 n=0 [none]
1786875706.197 [OBSTACLES] cur_s=8.06 cur_d=0.25 vs=0.00 n=0 [none]
1786875706.770 [OBSTACLES] cur_s=8.06 cur_d=0.25 vs=0.00 n=0 [none]
1786875707.286 [OBSTACLES] cur_s=8.06 cur_d=0.24 vs=0.00 n=0 [none]
1786875707.816 [OBSTACLES] cur_s=8.05 cur_d=0.26 vs=0.00 n=0 [none]
1786875708.351 [OBSTACLES] cur_s=8.06 cur_d=0.25 vs=0.00 n=0 [none]
1786875708.900 [OBSTACLES] cur_s=8.06 cur_d=0.25 vs=0.00 n=0 [none]
1786875709.410 [OBSTACLES] cur_s=8.06 cur_d=0.25 vs=0.00 n=0 [none]
1786875709.940 [OBSTACLES] cur_s=8.06 cur_d=0.24 vs=0.00 n=0 [none]
1786875710.685 [OBSTACLES] cur_s=8.05 cur_d=0.25 vs=0.00 n=0 [none]
1786875711.185 [OBSTACLES] cur_s=8.06 cur_d=0.25 vs=0.00 n=0 [none]
1786875711.712 [OBSTACLES] cur_s=8.06 cur_d=0.24 vs=0.00 n=0 [none]
1786875712.241 [OBSTACLES] cur_s=8.06 cur_d=0.24 vs=0.00 n=0 [none]
1786875712.767 [OBSTACLES] cur_s=8.06 cur_d=0.25 vs=0.00 n=0 [none]
1786875713.296 [OBSTACLES] cur_s=8.05 cur_d=0.26 vs=0.00 n=0 [none]
1786875713.810 [OBSTACLES] cur_s=8.06 cur_d=0.25 vs=0.00 n=0 [none]
1786875714.330 [OBSTACLES] cur_s=8.07 cur_d=0.24 vs=0.00 n=0 [none]
1786875714.832 [OBSTACLES] cur_s=8.06 cur_d=0.25 vs=0.00 n=0 [none]
1786875715.357 [OBSTACLES] cur_s=8.07 cur_d=0.25 vs=0.00 n=0 [none]
1786875715.883 [OBSTACLES] cur_s=8.06 cur_d=0.25 vs=0.00 n=0 [none]
1786875716.405 [OBSTACLES] cur_s=8.07 cur_d=0.25 vs=0.00 n=0 [none]
1786875716.923 [OBSTACLES] cur_s=8.06 cur_d=0.24 vs=0.00 n=0 [none]
1786875717.438 [OBSTACLES] cur_s=8.06 cur_d=0.25 vs=0.00 n=0 [none]
1786875717.970 [OBSTACLES] cur_s=8.06 cur_d=0.25 vs=0.00 n=0 [none]
1786875718.514 [OBSTACLES] cur_s=8.06 cur_d=0.24 vs=0.00 n=0 [none]
1786875719.071 [OBSTACLES] cur_s=8.06 cur_d=0.25 vs=0.00 n=0 [none]
1786875719.587 [OBSTACLES] cur_s=8.06 cur_d=0.25 vs=0.00 n=0 [none]
1786875720.113 [OBSTACLES] cur_s=8.06 cur_d=0.26 vs=0.00 n=0 [none]
1786875720.662 [OBSTACLES] cur_s=8.06 cur_d=0.25 vs=0.00 n=0 [none]
1786875721.206 [OBSTACLES] cur_s=8.06 cur_d=0.25 vs=0.00 n=0 [none]
1786875721.715 [OBSTACLES] cur_s=8.05 cur_d=0.25 vs=0.00 n=0 [none]
1786875722.219 [OBSTACLES] cur_s=8.06 cur_d=0.24 vs=0.00 n=0 [none]
1786875722.792 [OBSTACLES] cur_s=8.06 cur_d=0.25 vs=0.00 n=0 [none]
1786875723.295 [OBSTACLES] cur_s=8.06 cur_d=0.25 vs=0.00 n=0 [none]
1786875723.803 [OBSTACLES] cur_s=8.06 cur_d=0.25 vs=0.00 n=0 [none]
1786875724.316 [OBSTACLES] cur_s=8.07 cur_d=0.24 vs=0.00 n=0 [none]
1786875724.839 [OBSTACLES] cur_s=8.06 cur_d=0.25 vs=0.00 n=0 [none]
1786875725.375 [OBSTACLES] cur_s=8.05 cur_d=0.25 vs=0.00 n=0 [none]
1786875725.926 [OBSTACLES] cur_s=8.06 cur_d=0.24 vs=0.00 n=0 [none]
1786875726.619 [OBSTACLES] cur_s=8.06 cur_d=0.24 vs=0.00 n=0 [none]
1786875727.123 [OBSTACLES] cur_s=8.06 cur_d=0.25 vs=0.00 n=0 [none]
1786875727.635 [OBSTACLES] cur_s=8.06 cur_d=0.25 vs=0.00 n=0 [none]
1786875728.163 [OBSTACLES] cur_s=8.07 cur_d=0.24 vs=0.00 n=0 [none]
1786875728.686 [OBSTACLES] cur_s=8.06 cur_d=0.25 vs=0.00 n=0 [none]
1786875729.228 [OBSTACLES] cur_s=8.06 cur_d=0.25 vs=0.00 n=0 [none]
1786875729.742 [OBSTACLES] cur_s=8.06 cur_d=0.24 vs=0.00 n=0 [none]
1786875730.253 [OBSTACLES] cur_s=8.07 cur_d=0.25 vs=0.00 n=0 [none]
1786875730.792 [OBSTACLES] cur_s=8.06 cur_d=0.25 vs=0.00 n=0 [none]
1786875731.295 [OBSTACLES] cur_s=8.06 cur_d=0.24 vs=0.00 n=0 [none]
1786875731.804 [OBSTACLES] cur_s=8.06 cur_d=0.25 vs=0.00 n=0 [none]
1786875732.306 [OBSTACLES] cur_s=8.06 cur_d=0.24 vs=0.00 n=0 [none]
1786875732.817 [OBSTACLES] cur_s=8.06 cur_d=0.25 vs=0.00 n=0 [none]
1786875733.341 [OBSTACLES] cur_s=8.06 cur_d=0.25 vs=0.00 n=0 [none]
1786875733.854 [OBSTACLES] cur_s=8.05 cur_d=0.25 vs=0.00 n=0 [none]
1786875734.375 [OBSTACLES] cur_s=8.07 cur_d=0.25 vs=0.00 n=0 [none]
1786875734.909 [OBSTACLES] cur_s=8.06 cur_d=0.24 vs=0.00 n=0 [none]
1786875735.456 [OBSTACLES] cur_s=8.06 cur_d=0.25 vs=0.00 n=0 [none]
1786875736.004 [OBSTACLES] cur_s=8.06 cur_d=0.24 vs=0.00 n=0 [none]
1786875736.511 [OBSTACLES] cur_s=8.06 cur_d=0.25 vs=0.00 n=0 [none]
1786875737.020 [OBSTACLES] cur_s=8.06 cur_d=0.25 vs=0.00 n=0 [none]
1786875737.538 [OBSTACLES] cur_s=8.05 cur_d=0.25 vs=0.00 n=0 [none]
1786875738.081 [OBSTACLES] cur_s=8.06 cur_d=0.25 vs=0.00 n=0 [none]
1786875738.596 [OBSTACLES] cur_s=8.06 cur_d=0.25 vs=0.00 n=0 [none]
1786875739.103 [OBSTACLES] cur_s=8.06 cur_d=0.25 vs=0.00 n=0 [none]
1786875739.610 [OBSTACLES] cur_s=8.06 cur_d=0.24 vs=0.00 n=0 [none]
1786875740.141 [OBSTACLES] cur_s=8.06 cur_d=0.25 vs=0.00 n=0 [none]
1786875740.662 [OBSTACLES] cur_s=8.06 cur_d=0.25 vs=0.00 n=0 [none]
1786875741.217 [OBSTACLES] cur_s=8.06 cur_d=0.25 vs=0.00 n=0 [none]
1786875741.732 [OBSTACLES] cur_s=8.04 cur_d=0.25 vs=0.00 n=0 [none]
1786875742.239 [OBSTACLES] cur_s=8.06 cur_d=0.25 vs=0.00 n=0 [none]
1786875742.740 [OBSTACLES] cur_s=8.06 cur_d=0.24 vs=0.00 n=0 [none]
1786875743.257 [OBSTACLES] cur_s=8.07 cur_d=0.24 vs=0.00 n=0 [none]
1786875743.781 [OBSTACLES] cur_s=8.06 cur_d=0.25 vs=0.00 n=0 [none]
1786875744.311 [OBSTACLES] cur_s=8.06 cur_d=0.25 vs=0.00 n=0 [none]
1786875744.818 [OBSTACLES] cur_s=8.06 cur_d=0.25 vs=0.00 n=0 [none]
1786875745.329 [OBSTACLES] cur_s=8.06 cur_d=0.25 vs=0.00 n=0 [none]
1786875745.850 [OBSTACLES] cur_s=8.06 cur_d=0.24 vs=0.00 n=0 [none]
1786875746.387 [OBSTACLES] cur_s=8.06 cur_d=0.25 vs=0.00 n=0 [none]
1786875746.902 [OBSTACLES] cur_s=8.06 cur_d=0.25 vs=0.00 n=0 [none]
1786875747.433 [OBSTACLES] cur_s=8.06 cur_d=0.25 vs=0.00 n=0 [none]
1786875747.948 [OBSTACLES] cur_s=8.07 cur_d=0.25 vs=0.00 n=0 [none]
1786875748.474 [OBSTACLES] cur_s=8.07 cur_d=0.24 vs=0.00 n=0 [none]
1786875748.979 [OBSTACLES] cur_s=8.06 cur_d=0.24 vs=0.00 n=0 [none]
1786875749.534 [OBSTACLES] cur_s=8.07 cur_d=0.25 vs=0.00 n=0 [none]
1786875750.094 [OBSTACLES] cur_s=8.07 cur_d=0.25 vs=0.00 n=0 [none]
1786875750.606 [OBSTACLES] cur_s=8.06 cur_d=0.25 vs=0.00 n=0 [none]
1786875751.124 [OBSTACLES] cur_s=8.07 cur_d=0.25 vs=0.00 n=0 [none]
1786875751.662 [OBSTACLES] cur_s=8.06 cur_d=0.24 vs=0.00 n=0 [none]
1786875752.189 [OBSTACLES] cur_s=8.06 cur_d=0.25 vs=0.00 n=0 [none]
1786875752.689 [OBSTACLES] cur_s=8.06 cur_d=0.25 vs=0.00 n=0 [none]
1786875753.250 [OBSTACLES] cur_s=8.06 cur_d=0.25 vs=0.00 n=0 [none]
1786875753.871 [OBSTACLES] cur_s=8.06 cur_d=0.25 vs=0.00 n=0 [none]
1786875754.392 [OBSTACLES] cur_s=16.59 cur_d=-1.28 vs=0.00 n=0 [none]
1786875754.393 [STATE_CHANGE] GB_TRACK -> LOSTLINE src=GB_TRACK s=16.59 d=-1.28 vs=0.00
1786875754.895 [OBSTACLES] cur_s=16.52 cur_d=-1.38 vs=0.00 n=0 [none]
1786875755.411 [OBSTACLES] cur_s=16.51 cur_d=-1.39 vs=0.00 n=0 [none]
1786875755.938 [OBSTACLES] cur_s=16.52 cur_d=-1.38 vs=0.00 n=0 [none]
1786875756.629 [OBSTACLES] cur_s=16.51 cur_d=-1.38 vs=0.00 n=0 [none]
1786875757.145 [OBSTACLES] cur_s=16.52 cur_d=-1.38 vs=0.00 n=0 [none]
1786875757.656 [OBSTACLES] cur_s=16.52 cur_d=-1.38 vs=0.00 n=0 [none]
1786875758.177 [OBSTACLES] cur_s=16.52 cur_d=-1.38 vs=0.00 n=0 [none]
1786875758.690 [OBSTACLES] cur_s=16.52 cur_d=-1.39 vs=0.00 n=0 [none]
1786875759.214 [OBSTACLES] cur_s=16.52 cur_d=-1.39 vs=0.00 n=0 [none]
1786875759.750 [OBSTACLES] cur_s=16.52 cur_d=-1.39 vs=0.00 n=0 [none]
1786875760.265 [OBSTACLES] cur_s=16.52 cur_d=-1.39 vs=0.00 n=0 [none]
1786875760.777 [OBSTACLES] cur_s=16.57 cur_d=-1.30 vs=0.71 n=0 [none]
1786875761.291 [OBSTACLES] cur_s=17.00 cur_d=-0.57 vs=1.46 n=0 [none]
1786875761.564 [STATE_CHANGE] LOSTLINE -> GB_TRACK src=GB_TRACK s=17.40 d=-0.28 vs=2.02
1786875761.822 [OBSTACLES] cur_s=17.83 cur_d=-0.19 vs=2.56 n=0 [none]
1786875762.360 [OBSTACLES] cur_s=19.79 cur_d=-0.05 vs=4.46 n=0 [none]
1786875762.878 [OBSTACLES] cur_s=22.20 cur_d=0.03 vs=4.91 n=0 [none]
1786875763.404 [OBSTACLES] cur_s=24.90 cur_d=-0.22 vs=4.74 n=0 [none]
1786875763.988 [OBSTACLES] cur_s=26.89 cur_d=0.19 vs=3.66 n=0 [none]
1786875764.115 [STATE_CHANGE] GB_TRACK -> LOSTLINE src=GB_TRACK s=27.43 d=0.30 vs=3.66
1786875764.172 [STATE_CHANGE] LOSTLINE -> GB_TRACK src=GB_TRACK s=27.58 d=0.29 vs=3.62
1786875764.510 [OBSTACLES] cur_s=28.81 cur_d=0.06 vs=3.45 n=0 [none]
1786875765.027 [OBSTACLES] cur_s=30.20 cur_d=-0.19 vs=3.54 n=0 [none]
1786875765.700 [OBSTACLES] cur_s=32.64 cur_d=0.00 vs=3.26 n=0 [none]
1786875766.584 [OBSTACLES] cur_s=34.51 cur_d=0.27 vs=3.45 n=0 [none]
1786875767.329 [OBSTACLES] cur_s=1.39 cur_d=0.21 vs=3.33 n=0 [none]
1786875767.881 [OBSTACLES] cur_s=4.41 cur_d=-0.05 vs=4.74 n=0 [none]
1786875768.391 [OBSTACLES] cur_s=6.09 cur_d=0.33 vs=4.83 n=0 [none]
1786875768.391 [STATE_CHANGE] GB_TRACK -> LOSTLINE src=GB_TRACK s=6.09 d=0.33 vs=4.83
1786875768.884 [STATE_CHANGE] LOSTLINE -> GB_TRACK src=GB_TRACK s=10.75 d=0.01 vs=2.26
1786875768.912 [OBSTACLES] cur_s=10.79 cur_d=-0.04 vs=2.28 n=0 [none]
1786875769.095 [STATE_CHANGE] GB_TRACK -> LOSTLINE src=GB_TRACK s=11.07 d=-0.40 vs=1.96
1786875769.452 [OBSTACLES] cur_s=11.55 cur_d=-0.96 vs=1.80 n=0 [none]
1786875769.972 [OBSTACLES] cur_s=12.10 cur_d=-1.03 vs=1.80 n=0 [none]
1786875770.511 [OBSTACLES] cur_s=12.69 cur_d=-0.30 vs=1.60 n=0 [none]
1786875770.589 [STATE_CHANGE] LOSTLINE -> GB_TRACK src=GB_TRACK s=12.82 d=-0.23 vs=2.05
1786875771.034 [OBSTACLES] cur_s=14.30 cur_d=-0.25 vs=3.33 n=0 [none]
1786875771.540 [OBSTACLES] cur_s=15.46 cur_d=0.10 vs=2.59 n=0 [none]
1786875772.053 [OBSTACLES] cur_s=16.59 cur_d=0.27 vs=2.51 n=0 [none]
1786875772.119 [STATE_CHANGE] GB_TRACK -> LOSTLINE src=GB_TRACK s=17.30 d=0.32 vs=2.71
1786875772.247 [STATE_CHANGE] LOSTLINE -> GB_TRACK src=GB_TRACK s=17.58 d=0.27 vs=2.77
1786875772.601 [OBSTACLES] cur_s=19.06 cur_d=0.19 vs=3.79 n=0 [none]
1786875773.113 [OBSTACLES] cur_s=20.98 cur_d=0.28 vs=4.83 n=0 [none]
1786875773.658 [OBSTACLES] cur_s=23.79 cur_d=-0.22 vs=4.92 n=0 [none]
1786875773.846 [STATIC_OT] state=GB_TRACK path_exists=0 path_locked=0 path_ttl_ok=0 path_safe=0 on_spline=0 speed=4.94 raw_wpnts=0 raw_age=-s decision=TRAILING reason=NO_STATIC_PATH
1786875773.846 [STATE_CHANGE] GB_TRACK -> TRAILING src=GB_TRACK s=24.37 d=-0.24 vs=4.94
1786875774.128 [STATIC_OT] state=TRAILING path_exists=0 path_locked=0 path_ttl_ok=0 path_safe=0 on_spline=0 speed=4.35 raw_wpnts=0 raw_age=-s decision=TRAILING reason=NO_STATIC_PATH
1786875774.200 [OBSTACLES] cur_s=25.89 cur_d=-0.14 vs=3.94 n=1 [id=3 static=1 gap=3.23m d=0.18 size=0.32]
1786875774.358 [STATIC_OT_TRANSITION] first_valid_path_to_overtake_ms=0.1
1786875774.359 [STATIC_OT] state=TRAILING path_exists=1 path_locked=0 path_ttl_ok=1 path_safe=1 on_spline=1 speed=3.52 raw_wpnts=136 raw_age=0.72s decision=OVERTAKE
1786875774.360 [STATE_CHANGE] TRAILING -> OVERTAKE src=OVERTAKE s=26.30 d=-0.03 vs=3.52
1786875774.712 [OBSTACLES] cur_s=27.43 cur_d=0.09 vs=3.00 n=1 [id=3 static=1 gap=1.75m d=0.19 size=0.21]
1786875775.218 [OBSTACLES] cur_s=28.73 cur_d=-0.00 vs=2.82 n=0 [none]
1786875775.792 [OBSTACLES] cur_s=30.49 cur_d=-0.06 vs=3.50 n=0 [none]
1786875776.302 [OBSTACLES] cur_s=32.12 cur_d=0.07 vs=3.51 n=0 [none]
1786875776.850 [OBSTACLES] cur_s=0.03 cur_d=0.40 vs=3.35 n=0 [none]
1786875777.365 [OBSTACLES] cur_s=2.08 cur_d=0.21 vs=4.51 n=0 [none]
1786875777.401 [STATE_CHANGE] OVERTAKE -> LOSTLINE src=GB_TRACK s=2.37 d=0.21 vs=4.73
1786875777.437 [STATE_CHANGE] LOSTLINE -> GB_TRACK src=GB_TRACK s=2.44 d=0.21 vs=4.73
1786875777.915 [OBSTACLES] cur_s=3.82 cur_d=0.11 vs=4.94 n=0 [none]
1786875778.895 [OBSTACLES] cur_s=7.88 cur_d=-0.01 vs=4.61 n=0 [none]
1786875779.621 [OBSTACLES] cur_s=10.92 cur_d=-0.06 vs=2.41 n=0 [none]
1786875780.125 [OBSTACLES] cur_s=11.84 cur_d=-0.10 vs=2.44 n=0 [none]
1786875780.626 [OBSTACLES] cur_s=13.29 cur_d=0.18 vs=3.61 n=0 [none]
1786875781.128 [OBSTACLES] cur_s=15.26 cur_d=0.02 vs=2.71 n=0 [none]
1786875781.674 [OBSTACLES] cur_s=16.52 cur_d=-0.22 vs=2.46 n=0 [none]
1786875782.212 [OBSTACLES] cur_s=17.95 cur_d=0.09 vs=2.98 n=0 [none]
1786875782.840 [OBSTACLES] cur_s=20.65 cur_d=0.30 vs=4.80 n=0 [none]
1786875782.840 [STATE_CHANGE] GB_TRACK -> LOSTLINE src=GB_TRACK s=20.65 d=0.30 vs=4.80
1786875782.944 [STATE_CHANGE] LOSTLINE -> GB_TRACK src=GB_TRACK s=21.04 d=0.27 vs=4.84
1786875783.280 [STATIC_OT] state=GB_TRACK path_exists=0 path_locked=0 path_ttl_ok=0 path_safe=0 on_spline=0 speed=4.89 raw_wpnts=0 raw_age=-s decision=TRAILING reason=NO_STATIC_PATH
1786875783.280 [STATE_CHANGE] GB_TRACK -> TRAILING src=GB_TRACK s=22.87 d=-0.02 vs=4.89
1786875783.356 [OBSTACLES] cur_s=23.09 cur_d=-0.05 vs=4.90 n=1 [id=4 static=1 gap=6.11m d=0.19 size=0.44]
1786875783.591 [STATIC_OT] state=TRAILING path_exists=1 path_locked=0 path_ttl_ok=1 path_safe=1 on_spline=1 speed=4.94 raw_wpnts=139 raw_age=0.26s decision=OVERTAKE
1786875783.591 [STATE_CHANGE] TRAILING -> OVERTAKE src=OVERTAKE s=24.08 d=-0.13 vs=4.94
1786875783.890 [OBSTACLES] cur_s=26.02 cur_d=-0.04 vs=4.11 n=0 [none]
1786875784.409 [OBSTACLES] cur_s=27.60 cur_d=0.01 vs=3.34 n=0 [none]
1786875784.937 [OBSTACLES] cur_s=28.59 cur_d=-0.33 vs=2.82 n=0 [none]
1786875785.402 [STATE_CHANGE] OVERTAKE -> LOSTLINE src=GB_TRACK s=28.39 d=0.08 vs=0.72
1786875785.430 [STATE_CHANGE] LOSTLINE -> GB_TRACK src=GB_TRACK s=28.32 d=0.20 vs=0.72
1786875785.463 [OBSTACLES] cur_s=28.30 cur_d=0.29 vs=0.71 n=0 [none]
1786875785.464 [STATE_CHANGE] GB_TRACK -> LOSTLINE src=GB_TRACK s=28.30 d=0.29 vs=0.71
1786875785.489 [STATIC_OT] state=GB_TRACK path_exists=0 path_locked=0 path_ttl_ok=0 path_safe=0 on_spline=0 speed=0.71 raw_wpnts=0 raw_age=-s decision=TRAILING reason=NO_STATIC_PATH
1786875785.492 [STATE_CHANGE] LOSTLINE -> TRAILING src=GB_TRACK s=28.30 d=0.36 vs=0.71
1786875785.703 [STATIC_OT] state=TRAILING path_exists=0 path_locked=0 path_ttl_ok=0 path_safe=0 on_spline=0 speed=0.00 raw_wpnts=0 raw_age=-s decision=TRAILING reason=NO_STATIC_PATH
1786875785.888 [STATE_CHANGE] TRAILING -> LOSTLINE src=GB_TRACK s=28.58 d=0.36 vs=0.00
1786875786.019 [OBSTACLES] cur_s=28.56 cur_d=0.35 vs=0.00 n=0 [none]
1786875786.526 [OBSTACLES] cur_s=28.56 cur_d=0.35 vs=0.00 n=0 [none]
1786875787.037 [OBSTACLES] cur_s=28.56 cur_d=0.35 vs=0.00 n=0 [none]
1786875787.582 [OBSTACLES] cur_s=28.53 cur_d=0.31 vs=-0.59 n=0 [none]
1786875787.631 [STATE_CHANGE] LOSTLINE -> GB_TRACK src=GB_TRACK s=28.48 d=0.25 vs=-0.76
1786875788.136 [OBSTACLES] cur_s=28.23 cur_d=-0.08 vs=-0.27 n=0 [none]
1786875788.680 [OBSTACLES] cur_s=28.22 cur_d=-0.09 vs=0.00 n=0 [none]
1786875789.200 [OBSTACLES] cur_s=28.00 cur_d=-0.14 vs=-1.63 n=0 [none]
1786875789.715 [OBSTACLES] cur_s=27.55 cur_d=-0.26 vs=-0.66 n=0 [none]
1786875791.613 [OBSTACLES] cur_s=27.42 cur_d=-0.15 vs=0.00 n=0 [none]
1786875792.151 [OBSTACLES] cur_s=27.42 cur_d=-0.15 vs=0.04 n=0 [none]
1786875792.875 [OBSTACLES] cur_s=27.46 cur_d=-0.17 vs=0.93 n=0 [none]
1786875792.954 [STATIC_OT] state=GB_TRACK path_exists=0 path_locked=0 path_ttl_ok=0 path_safe=0 on_spline=0 speed=1.53 raw_wpnts=0 raw_age=-s decision=TRAILING reason=NO_STATIC_PATH
1786875792.954 [STATE_CHANGE] GB_TRACK -> TRAILING src=GB_TRACK s=27.51 d=-0.21 vs=1.53
1786875793.178 [STATIC_OT] state=TRAILING path_exists=0 path_locked=0 path_ttl_ok=0 path_safe=0 on_spline=0 speed=1.16 raw_wpnts=0 raw_age=-s decision=TRAILING reason=NO_STATIC_PATH
1786875793.278 [STATE_CHANGE] TRAILING -> OVERTAKE src=OVERTAKE s=27.46 d=-0.17 vs=1.20
1786875793.402 [OBSTACLES] cur_s=27.69 cur_d=-0.32 vs=0.34 n=1 [id=6 static=1 gap=0.98m d=0.28 size=0.25]
1786875793.939 [OBSTACLES] cur_s=27.76 cur_d=-0.15 vs=0.33 n=0 [none]
1786875794.599 [OBSTACLES] cur_s=28.38 cur_d=-0.67 vs=0.00 n=0 [none]
1786875795.107 [OBSTACLES] cur_s=28.36 cur_d=-0.66 vs=0.00 n=0 [none]
1786875795.650 [OBSTACLES] cur_s=28.36 cur_d=-0.66 vs=0.00 n=0 [none]
1786875796.179 [OBSTACLES] cur_s=28.16 cur_d=-0.54 vs=-0.89 n=0 [none]
1786875796.685 [OBSTACLES] cur_s=27.92 cur_d=-0.18 vs=-0.13 n=0 [none]
1786875797.203 [OBSTACLES] cur_s=27.90 cur_d=-0.08 vs=-0.11 n=0 [none]
1786875797.410 [STATE_CHANGE] OVERTAKE -> LOSTLINE src=GB_TRACK s=27.90 d=0.20 vs=0.35
1786875797.457 [STATE_CHANGE] LOSTLINE -> GB_TRACK src=GB_TRACK s=27.92 d=0.25 vs=0.48
1786875797.525 [STATE_CHANGE] GB_TRACK -> LOSTLINE src=GB_TRACK s=27.82 d=0.43 vs=0.52
1786875797.763 [OBSTACLES] cur_s=28.02 cur_d=0.90 vs=0.37 n=0 [none]
1786875797.991 [STATIC_OT] state=GB_TRACK path_exists=0 path_locked=0 path_ttl_ok=0 path_safe=0 on_spline=0 speed=0.08 raw_wpnts=0 raw_age=-s decision=TRAILING reason=NO_STATIC_PATH
1786875797.997 [STATE_CHANGE] LOSTLINE -> TRAILING src=GB_TRACK s=27.77 d=1.26 vs=0.08
1786875798.225 [STATIC_OT] state=TRAILING path_exists=0 path_locked=0 path_ttl_ok=0 path_safe=0 on_spline=0 speed=0.00 raw_wpnts=0 raw_age=-s decision=TRAILING reason=NO_STATIC_PATH
1786875798.383 [OBSTACLES] cur_s=27.75 cur_d=1.30 vs=0.00 n=0 [none]
1786875798.383 [STATE_CHANGE] TRAILING -> LOSTLINE src=GB_TRACK s=27.75 d=1.30 vs=0.00
1786875798.895 [OBSTACLES] cur_s=27.78 cur_d=1.30 vs=0.00 n=0 [none]
1786875799.400 [OBSTACLES] cur_s=27.79 cur_d=1.30 vs=0.00 n=0 [none]
1786875799.903 [OBSTACLES] cur_s=27.80 cur_d=1.30 vs=0.00 n=0 [none]
1786875800.419 [OBSTACLES] cur_s=27.80 cur_d=1.30 vs=0.00 n=0 [none]
1786875800.938 [OBSTACLES] cur_s=27.79 cur_d=1.30 vs=0.00 n=0 [none]
1786875801.458 [OBSTACLES] cur_s=27.80 cur_d=1.31 vs=0.00 n=0 [none]
1786875801.966 [OBSTACLES] cur_s=27.80 cur_d=1.31 vs=0.00 n=0 [none]
1786875802.480 [OBSTACLES] cur_s=27.79 cur_d=1.31 vs=0.00 n=0 [none]
1786875802.985 [OBSTACLES] cur_s=27.79 cur_d=1.31 vs=0.00 n=0 [none]
1786875803.516 [OBSTACLES] cur_s=27.79 cur_d=1.31 vs=0.00 n=0 [none]
1786875804.040 [OBSTACLES] cur_s=27.79 cur_d=1.31 vs=0.00 n=0 [none]
1786875804.738 [OBSTACLES] cur_s=27.79 cur_d=1.31 vs=0.00 n=0 [none]
1786875805.239 [OBSTACLES] cur_s=27.79 cur_d=1.31 vs=0.00 n=0 [none]
1786875805.759 [OBSTACLES] cur_s=27.80 cur_d=1.31 vs=0.00 n=0 [none]
1786875806.289 [OBSTACLES] cur_s=27.80 cur_d=1.31 vs=0.00 n=0 [none]
1786875806.837 [OBSTACLES] cur_s=27.79 cur_d=1.30 vs=0.00 n=0 [none]
1786875807.391 [OBSTACLES] cur_s=27.80 cur_d=1.30 vs=0.00 n=0 [none]
1786875807.980 [OBSTACLES] cur_s=27.79 cur_d=1.30 vs=0.00 n=0 [none]
1786875808.508 [OBSTACLES] cur_s=27.80 cur_d=1.30 vs=0.00 n=0 [none]
1786875809.012 [OBSTACLES] cur_s=27.73 cur_d=1.36 vs=0.00 n=0 [none]
1786875809.586 [OBSTACLES] cur_s=27.69 cur_d=1.39 vs=0.00 n=0 [none]
1786875810.144 [OBSTACLES] cur_s=27.67 cur_d=1.42 vs=0.00 n=0 [none]
1786875810.678 [OBSTACLES] cur_s=27.67 cur_d=1.42 vs=0.00 n=0 [none]
1786875811.196 [OBSTACLES] cur_s=27.67 cur_d=1.42 vs=0.00 n=0 [none]
1786875811.706 [OBSTACLES] cur_s=27.67 cur_d=1.42 vs=0.00 n=0 [none]
1786875812.259 [OBSTACLES] cur_s=27.67 cur_d=1.42 vs=0.00 n=0 [none]
1786875812.793 [OBSTACLES] cur_s=27.66 cur_d=1.42 vs=0.00 n=0 [none]
1786875813.308 [OBSTACLES] cur_s=27.67 cur_d=1.42 vs=0.00 n=0 [none]
1786875813.849 [OBSTACLES] cur_s=27.67 cur_d=1.42 vs=0.00 n=0 [none]
1786875814.387 [OBSTACLES] cur_s=27.67 cur_d=1.42 vs=0.00 n=0 [none]
1786875814.930 [OBSTACLES] cur_s=27.67 cur_d=1.42 vs=0.00 n=0 [none]
1786875815.482 [OBSTACLES] cur_s=27.67 cur_d=1.42 vs=0.00 n=0 [none]
1786875815.999 [OBSTACLES] cur_s=27.66 cur_d=1.42 vs=0.00 n=0 [none]
1786875816.508 [OBSTACLES] cur_s=27.67 cur_d=1.42 vs=0.00 n=0 [none]
1786875817.032 [OBSTACLES] cur_s=27.67 cur_d=1.42 vs=0.00 n=0 [none]
1786875817.552 [OBSTACLES] cur_s=27.67 cur_d=1.42 vs=0.00 n=0 [none]
1786875818.082 [OBSTACLES] cur_s=27.66 cur_d=1.42 vs=0.00 n=0 [none]
1786875818.600 [OBSTACLES] cur_s=27.67 cur_d=1.42 vs=0.00 n=0 [none]
1786875819.107 [OBSTACLES] cur_s=27.66 cur_d=1.42 vs=0.00 n=0 [none]
1786875819.615 [OBSTACLES] cur_s=27.67 cur_d=1.42 vs=0.00 n=0 [none]
1786875820.896 [OBSTACLES] cur_s=27.67 cur_d=1.41 vs=0.00 n=0 [none]
1786875822.653 [OBSTACLES] cur_s=27.67 cur_d=1.42 vs=0.00 n=0 [none]
1786875823.158 [OBSTACLES] cur_s=27.21 cur_d=-1.03 vs=0.00 n=0 [none]
1786875823.659 [OBSTACLES] cur_s=28.27 cur_d=-2.21 vs=0.00 n=0 [none]
1786875824.208 [OBSTACLES] cur_s=28.26 cur_d=-2.16 vs=0.00 n=0 [none]
1786875824.746 [OBSTACLES] cur_s=28.27 cur_d=-2.16 vs=0.00 n=0 [none]
1786875825.269 [OBSTACLES] cur_s=28.27 cur_d=-2.16 vs=0.00 n=0 [none]
1786875825.783 [OBSTACLES] cur_s=28.26 cur_d=-2.16 vs=0.00 n=0 [none]
1786875826.318 [OBSTACLES] cur_s=28.27 cur_d=-2.16 vs=0.00 n=0 [none]
1786875826.847 [OBSTACLES] cur_s=28.27 cur_d=-2.16 vs=0.00 n=0 [none]
1786875827.367 [OBSTACLES] cur_s=28.27 cur_d=-2.16 vs=0.00 n=0 [none]
1786875827.926 [OBSTACLES] cur_s=28.27 cur_d=-2.16 vs=0.00 n=0 [none]
1786875828.434 [OBSTACLES] cur_s=28.27 cur_d=-2.16 vs=0.00 n=0 [none]
1786875828.961 [OBSTACLES] cur_s=28.30 cur_d=-2.16 vs=0.00 n=0 [none]
1786875829.495 [OBSTACLES] cur_s=28.30 cur_d=-2.15 vs=0.00 n=0 [none]
1786875829.853 [STATE_CHANGE] LOSTLINE -> GB_TRACK src=GB_TRACK s=27.83 d=0.06 vs=0.00
1786875830.025 [OBSTACLES] cur_s=27.83 cur_d=0.24 vs=0.00 n=0 [none]
1786875830.531 [OBSTACLES] cur_s=27.83 cur_d=0.24 vs=0.00 n=0 [none]
1786875831.054 [OBSTACLES] cur_s=27.83 cur_d=0.24 vs=0.00 n=0 [none]
1786875831.584 [OBSTACLES] cur_s=27.83 cur_d=0.24 vs=0.00 n=0 [none]
1786875832.101 [OBSTACLES] cur_s=27.83 cur_d=0.24 vs=0.00 n=0 [none]
1786875832.606 [OBSTACLES] cur_s=27.83 cur_d=0.24 vs=0.00 n=0 [none]
1786875833.528 [OBSTACLES] cur_s=27.83 cur_d=0.24 vs=0.00 n=0 [none]
1786875834.044 [OBSTACLES] cur_s=27.83 cur_d=0.25 vs=0.00 n=0 [none]
1786875834.565 [OBSTACLES] cur_s=27.87 cur_d=0.21 vs=0.53 n=0 [none]
1786875835.066 [OBSTACLES] cur_s=28.65 cur_d=0.08 vs=3.00 n=0 [none]
1786875835.502 [STATE_CHANGE] GB_TRACK -> LOSTLINE src=GB_TRACK s=29.80 d=0.30 vs=3.01
1786875835.602 [OBSTACLES] cur_s=30.38 cur_d=0.34 vs=3.33 n=0 [none]
1786875835.707 [STATE_CHANGE] LOSTLINE -> GB_TRACK src=GB_TRACK s=30.62 d=0.29 vs=3.40
1786875836.162 [OBSTACLES] cur_s=32.04 cur_d=-0.17 vs=3.05 n=0 [none]
1786875837.130 [OBSTACLES] cur_s=33.83 cur_d=0.02 vs=3.20 n=2 [id=10 static=1 gap=11.49m d=-0.09 size=0.34; id=11 static=1 gap=10.77m d=0.60 size=0.35]
1786875837.160 [STATIC_OT] state=GB_TRACK path_exists=0 path_locked=0 path_ttl_ok=0 path_safe=0 on_spline=0 speed=3.20 raw_wpnts=0 raw_age=-s decision=TRAILING reason=NO_STATIC_PATH
1786875837.160 [STATE_CHANGE] GB_TRACK -> TRAILING src=GB_TRACK s=33.83 d=0.02 vs=3.20
1786875837.945 [OBSTACLES] cur_s=0.82 cur_d=-0.08 vs=3.44 n=0 [none]
1786875837.945 [STATE_CHANGE] TRAILING -> LOSTLINE src=GB_TRACK s=0.82 d=-0.08 vs=3.44
1786875838.023 [STATE_CHANGE] LOSTLINE -> GB_TRACK src=GB_TRACK s=1.09 d=-0.08 vs=3.32
1786875838.445 [OBSTACLES] cur_s=1.21 cur_d=-0.09 vs=3.27 n=1 [id=12 static=1 gap=10.38m d=-0.96 size=0.20]
1786875838.876 [STATE_CHANGE] GB_TRACK -> LOSTLINE src=GB_TRACK s=4.03 d=-0.29 vs=4.51
1786875838.963 [OBSTACLES] cur_s=5.14 cur_d=-0.27 vs=4.78 n=0 [none]
1786875838.964 [STATE_CHANGE] LOSTLINE -> GB_TRACK src=GB_TRACK s=5.14 d=-0.27 vs=4.78
1786875839.006 [STATE_CHANGE] GB_TRACK -> LOSTLINE src=GB_TRACK s=4.98 d=-0.30 vs=4.79
1786875839.063 [STATE_CHANGE] LOSTLINE -> GB_TRACK src=GB_TRACK s=5.29 d=-0.21 vs=4.75
1786875839.440 [STATE_CHANGE] GB_TRACK -> LOSTLINE src=GB_TRACK s=7.72 d=0.31 vs=4.62
1786875839.477 [OBSTACLES] cur_s=8.77 cur_d=0.58 vs=4.21 n=0 [none]
1786875839.958 [STATE_CHANGE] LOSTLINE -> GB_TRACK src=GB_TRACK s=10.85 d=0.20 vs=1.12
1786875840.021 [OBSTACLES] cur_s=10.93 cur_d=0.08 vs=1.01 n=0 [none]
1786875840.364 [STATE_CHANGE] GB_TRACK -> LOSTLINE src=GB_TRACK s=11.36 d=-0.45 vs=1.31
1786875840.526 [OBSTACLES] cur_s=11.57 cur_d=-0.60 vs=1.68 n=0 [none]
1786875841.034 [OBSTACLES] cur_s=12.24 cur_d=-0.55 vs=1.87 n=0 [none]
1786875841.359 [STATE_CHANGE] LOSTLINE -> GB_TRACK src=GB_TRACK s=12.61 d=-0.26 vs=1.95
1786875841.555 [OBSTACLES] cur_s=12.90 cur_d=-0.15 vs=2.47 n=0 [none]
1786875842.069 [OBSTACLES] cur_s=14.42 cur_d=-0.01 vs=3.31 n=0 [none]
1786875842.588 [OBSTACLES] cur_s=15.87 cur_d=-0.23 vs=1.85 n=0 [none]
1786875842.745 [STATE_CHANGE] GB_TRACK -> LOSTLINE src=GB_TRACK s=16.08 d=-0.32 vs=1.97
1786875843.024 [STATE_CHANGE] LOSTLINE -> GB_TRACK src=GB_TRACK s=16.82 d=-0.23 vs=2.42
1786875843.094 [OBSTACLES] cur_s=17.05 cur_d=-0.16 vs=2.59 n=0 [none]
1786875843.596 [OBSTACLES] cur_s=18.96 cur_d=0.16 vs=3.57 n=0 [none]
1786875844.097 [OBSTACLES] cur_s=20.71 cur_d=0.17 vs=4.76 n=0 [none]
1786875844.386 [STATIC_OT] state=GB_TRACK path_exists=0 path_locked=0 path_ttl_ok=0 path_safe=0 on_spline=0 speed=4.89 raw_wpnts=0 raw_age=-s decision=TRAILING reason=NO_STATIC_PATH
1786875844.387 [STATE_CHANGE] GB_TRACK -> TRAILING src=GB_TRACK s=22.13 d=-0.06 vs=4.89
1786875844.638 [OBSTACLES] cur_s=23.76 cur_d=-0.25 vs=4.69 n=1 [id=14 static=1 gap=5.41m d=0.12 size=0.35]
1786875844.640 [STATIC_OT] state=TRAILING path_exists=0 path_locked=0 path_ttl_ok=0 path_safe=0 on_spline=0 speed=4.69 raw_wpnts=0 raw_age=-s decision=TRAILING reason=NO_STATIC_PATH
1786875844.879 [STATIC_OT] state=TRAILING path_exists=0 path_locked=0 path_ttl_ok=0 path_safe=0 on_spline=0 speed=4.06 raw_wpnts=0 raw_age=-s decision=TRAILING reason=NO_STATIC_PATH
1786875844.983 [STATE_CHANGE] TRAILING -> GB_TRACK src=GB_TRACK s=25.34 d=-0.03 vs=3.69
1786875845.148 [OBSTACLES] cur_s=25.94 cur_d=0.07 vs=3.37 n=0 [none]
1786875845.679 [OBSTACLES] cur_s=27.35 cur_d=0.09 vs=3.70 n=0 [none]
1786875846.049 [STATE_CHANGE] GB_TRACK -> LOSTLINE src=GB_TRACK s=28.20 d=0.33 vs=3.27
1786875846.232 [OBSTACLES] cur_s=28.05 cur_d=0.58 vs=2.30 n=0 [none]
1786875846.767 [OBSTACLES] cur_s=27.98 cur_d=0.63 vs=0.18 n=0 [none]
1786875847.308 [OBSTACLES] cur_s=27.99 cur_d=0.56 vs=0.00 n=0 [none]
1786875847.831 [OBSTACLES] cur_s=27.99 cur_d=0.55 vs=0.00 n=0 [none]
1786875848.335 [OBSTACLES] cur_s=27.99 cur_d=0.55 vs=0.00 n=0 [none]
1786875848.848 [OBSTACLES] cur_s=27.98 cur_d=0.56 vs=0.00 n=0 [none]
1786875849.367 [OBSTACLES] cur_s=27.98 cur_d=0.55 vs=0.00 n=0 [none]
1786875849.869 [OBSTACLES] cur_s=27.98 cur_d=0.56 vs=0.00 n=0 [none]
1786875850.377 [OBSTACLES] cur_s=27.98 cur_d=0.56 vs=0.00 n=0 [none]
1786875851.027 [OBSTACLES] cur_s=27.97 cur_d=0.48 vs=-0.03 n=0 [none]
1786875851.349 [STATE_CHANGE] LOSTLINE -> GB_TRACK src=GB_TRACK s=27.79 d=0.27 vs=-1.69
1786875851.570 [OBSTACLES] cur_s=27.62 cur_d=0.12 vs=-1.96 n=0 [none]
1786875851.968 [STATE_CHANGE] GB_TRACK -> LOSTLINE src=GB_TRACK s=27.37 d=0.42 vs=-0.52
1786875852.091 [OBSTACLES] cur_s=27.39 cur_d=0.59 vs=-0.31 n=0 [none]
1786875852.655 [OBSTACLES] cur_s=27.39 cur_d=0.65 vs=0.00 n=0 [none]
1786875853.158 [OBSTACLES] cur_s=27.38 cur_d=0.65 vs=0.00 n=0 [none]
1786875853.681 [OBSTACLES] cur_s=27.38 cur_d=0.65 vs=0.00 n=0 [none]
1786875854.327 [OBSTACLES] cur_s=27.39 cur_d=0.65 vs=0.07 n=0 [none]
1786875854.763 [STATE_CHANGE] LOSTLINE -> GB_TRACK src=GB_TRACK s=27.91 d=0.29 vs=0.62
1786875854.843 [OBSTACLES] cur_s=27.97 cur_d=0.24 vs=0.58 n=0 [none]
1786875855.358 [OBSTACLES] cur_s=28.09 cur_d=0.21 vs=0.00 n=0 [none]
1786875855.886 [OBSTACLES] cur_s=28.08 cur_d=0.22 vs=0.00 n=0 [none]
1786875856.431 [OBSTACLES] cur_s=28.08 cur_d=0.22 vs=0.00 n=0 [none]
1786875856.959 [OBSTACLES] cur_s=28.09 cur_d=0.22 vs=0.00 n=0 [none]
1786875857.482 [OBSTACLES] cur_s=28.09 cur_d=0.22 vs=0.00 n=0 [none]
1786875858.019 [OBSTACLES] cur_s=28.09 cur_d=0.22 vs=0.00 n=0 [none]
1786875858.525 [OBSTACLES] cur_s=28.09 cur_d=0.21 vs=0.00 n=0 [none]
1786875859.105 [OBSTACLES] cur_s=28.09 cur_d=0.21 vs=0.00 n=0 [none]
1786875859.621 [OBSTACLES] cur_s=28.09 cur_d=0.21 vs=0.00 n=0 [none]
1786875860.251 [OBSTACLES] cur_s=28.08 cur_d=0.21 vs=0.00 n=0 [none]
1786875860.794 [OBSTACLES] cur_s=28.08 cur_d=0.21 vs=0.00 n=0 [none]
1786875861.299 [OBSTACLES] cur_s=28.08 cur_d=0.21 vs=0.00 n=0 [none]
1786875861.811 [OBSTACLES] cur_s=28.09 cur_d=0.21 vs=0.00 n=0 [none]
1786875862.332 [OBSTACLES] cur_s=27.95 cur_d=0.29 vs=-0.75 n=0 [none]
1786875862.357 [STATE_CHANGE] GB_TRACK -> LOSTLINE src=GB_TRACK s=27.94 d=0.29 vs=-0.75
1786875862.880 [OBSTACLES] cur_s=27.50 cur_d=0.48 vs=-0.94 n=0 [none]
1786875863.388 [OBSTACLES] cur_s=26.84 cur_d=0.66 vs=-0.98 n=0 [none]
1786875863.923 [OBSTACLES] cur_s=26.26 cur_d=0.70 vs=-0.98 n=0 [none]
1786875864.541 [OBSTACLES] cur_s=25.62 cur_d=0.64 vs=-0.96 n=0 [none]
1786875865.109 [OBSTACLES] cur_s=25.15 cur_d=0.53 vs=-0.98 n=0 [none]
1786875865.612 [OBSTACLES] cur_s=24.51 cur_d=0.45 vs=-1.34 n=0 [none]
1786875866.125 [OBSTACLES] cur_s=23.73 cur_d=0.38 vs=-1.85 n=0 [none]
1786875866.673 [OBSTACLES] cur_s=22.53 cur_d=0.34 vs=-2.21 n=0 [none]
1786875866.793 [STATE_CHANGE] LOSTLINE -> GB_TRACK src=GB_TRACK s=22.33 d=0.28 vs=-2.18
1786875867.197 [OBSTACLES] cur_s=21.37 cur_d=0.07 vs=-2.15 n=0 [none]
1786875867.752 [OBSTACLES] cur_s=20.73 cur_d=-0.02 vs=-1.83 n=0 [none]
1786875868.286 [OBSTACLES] cur_s=19.04 cur_d=-0.20 vs=-2.27 n=0 [none]
1786875868.809 [OBSTACLES] cur_s=18.20 cur_d=-0.32 vs=-1.07 n=0 [none]
1786875868.810 [STATE_CHANGE] GB_TRACK -> LOSTLINE src=GB_TRACK s=18.20 d=-0.32 vs=-1.07
1786875869.339 [OBSTACLES] cur_s=18.13 cur_d=-0.36 vs=0.00 n=0 [none]
1786875869.669 [STATIC_OT] state=GB_TRACK path_exists=0 path_locked=0 path_ttl_ok=0 path_safe=0 on_spline=0 speed=0.00 raw_wpnts=0 raw_age=-s decision=TRAILING reason=NO_STATIC_PATH
1786875869.670 [STATE_CHANGE] LOSTLINE -> TRAILING src=GB_TRACK s=18.27 d=-0.34 vs=0.00
1786875869.844 [OBSTACLES] cur_s=18.26 cur_d=-0.34 vs=0.00 n=1 [id=17 static=0 gap=2.25m d=0.71 size=0.44]
1786875869.934 [STATIC_OT] state=TRAILING path_exists=0 path_locked=0 path_ttl_ok=0 path_safe=0 on_spline=0 speed=0.00 raw_wpnts=0 raw_age=-s decision=TRAILING reason=NO_STATIC_PATH
1786875870.134 [STATIC_OT] state=TRAILING path_exists=0 path_locked=0 path_ttl_ok=0 path_safe=0 on_spline=0 speed=0.00 raw_wpnts=0 raw_age=-s decision=TRAILING reason=NO_STATIC_PATH
1786875870.353 [OBSTACLES] cur_s=18.63 cur_d=-0.29 vs=0.00 n=1 [id=17 static=0 gap=2.41m d=0.66 size=0.44]
1786875870.355 [STATIC_OT] state=TRAILING path_exists=0 path_locked=0 path_ttl_ok=0 path_safe=0 on_spline=0 speed=0.00 raw_wpnts=0 raw_age=-s decision=TRAILING reason=NO_STATIC_PATH
1786875870.596 [STATE_CHANGE] TRAILING -> LOSTLINE src=GB_TRACK s=18.65 d=-0.30 vs=0.00
1786875870.757 [STATIC_OT] state=GB_TRACK path_exists=0 path_locked=0 path_ttl_ok=0 path_safe=0 on_spline=0 speed=0.00 raw_wpnts=0 raw_age=-s decision=TRAILING reason=NO_STATIC_PATH
1786875870.758 [STATE_CHANGE] LOSTLINE -> TRAILING src=GB_TRACK s=18.73 d=-0.29 vs=0.00
1786875870.888 [OBSTACLES] cur_s=18.93 cur_d=-0.28 vs=0.00 n=1 [id=18 static=1 gap=2.35m d=0.68 size=0.44]
1786875871.028 [STATIC_OT] state=TRAILING path_exists=0 path_locked=0 path_ttl_ok=0 path_safe=0 on_spline=0 speed=0.00 raw_wpnts=0 raw_age=-s decision=TRAILING reason=NO_STATIC_PATH
1786875871.254 [STATIC_OT] state=TRAILING path_exists=0 path_locked=0 path_ttl_ok=0 path_safe=0 on_spline=0 speed=0.00 raw_wpnts=0 raw_age=-s decision=TRAILING reason=NO_STATIC_PATH
1786875871.405 [OBSTACLES] cur_s=19.06 cur_d=-0.29 vs=0.00 n=0 [none]
1786875871.406 [STATE_CHANGE] TRAILING -> LOSTLINE src=GB_TRACK s=19.06 d=-0.29 vs=0.00
1786875871.424 [STATE_CHANGE] LOSTLINE -> GB_TRACK src=GB_TRACK s=19.06 d=-0.29 vs=0.00
1786875871.919 [OBSTACLES] cur_s=19.07 cur_d=-0.28 vs=0.00 n=1 [id=18 static=1 gap=2.49m d=0.72 size=0.40]
1786875872.425 [OBSTACLES] cur_s=19.16 cur_d=-0.28 vs=0.00 n=1 [id=18 static=1 gap=2.47m d=0.69 size=0.44]
1786875872.944 [OBSTACLES] cur_s=19.16 cur_d=-0.28 vs=0.00 n=1 [id=18 static=1 gap=2.47m d=0.71 size=0.42]
1786875873.486 [OBSTACLES] cur_s=19.16 cur_d=-0.28 vs=0.00 n=1 [id=18 static=1 gap=2.42m d=0.73 size=0.43]
1786875873.991 [OBSTACLES] cur_s=19.16 cur_d=-0.28 vs=0.00 n=1 [id=18 static=1 gap=2.43m d=0.72 size=0.43]
1786875874.508 [OBSTACLES] cur_s=19.14 cur_d=-0.28 vs=0.00 n=1 [id=18 static=1 gap=2.44m d=0.72 size=0.44]
1786875875.040 [OBSTACLES] cur_s=19.16 cur_d=-0.28 vs=0.00 n=1 [id=18 static=1 gap=2.45m d=0.71 size=0.40]
1786875875.551 [OBSTACLES] cur_s=19.37 cur_d=-0.24 vs=1.27 n=1 [id=18 static=1 gap=2.24m d=0.71 size=0.37]
1786875876.055 [OBSTACLES] cur_s=19.97 cur_d=-0.21 vs=1.70 n=1 [id=18 static=1 gap=1.73m d=0.71 size=0.16]
1786875876.657 [OBSTACLES] cur_s=21.15 cur_d=-0.27 vs=2.12 n=0 [none]
1786875876.719 [STATE_CHANGE] GB_TRACK -> LOSTLINE src=GB_TRACK s=21.30 d=-0.29 vs=2.25
1786875877.177 [OBSTACLES] cur_s=22.69 cur_d=-0.30 vs=2.65 n=0 [none]
1786875877.367 [STATE_CHANGE] LOSTLINE -> GB_TRACK src=GB_TRACK s=23.25 d=-0.29 vs=2.75
1786875877.720 [OBSTACLES] cur_s=24.30 cur_d=-0.22 vs=2.84 n=0 [none]
1786875877.880 [STATIC_OT] state=GB_TRACK path_exists=0 path_locked=0 path_ttl_ok=0 path_safe=0 on_spline=0 speed=2.85 raw_wpnts=0 raw_age=-s decision=TRAILING reason=NO_STATIC_PATH
1786875877.881 [STATE_CHANGE] GB_TRACK -> TRAILING src=GB_TRACK s=24.89 d=-0.15 vs=2.85
1786875877.963 [STATE_CHANGE] TRAILING -> OVERTAKE src=OVERTAKE s=25.00 d=-0.15 vs=2.86
1786875878.059 [STATE_CHANGE] OVERTAKE -> TRAILING src=GB_TRACK s=25.00 d=-0.15 vs=2.85
1786875878.153 [STATIC_OT] state=TRAILING path_exists=1 path_locked=0 path_ttl_ok=1 path_safe=0 on_spline=1 speed=2.86 raw_wpnts=117 raw_age=0.33s decision=TRAILING reason=PATH_BLOCKED blocked_obs_id=20 gap=5.13m free_dist=0.084m branch=static/geom
1786875878.256 [OBSTACLES] cur_s=25.21 cur_d=-0.14 vs=2.86 n=1 [id=20 static=1 gap=4.75m d=0.10 size=0.41]
1786875878.265 [STATE_CHANGE] TRAILING -> OVERTAKE src=OVERTAKE s=25.21 d=-0.14 vs=2.86
1786875878.762 [OBSTACLES] cur_s=26.56 cur_d=-0.31 vs=2.78 n=1 [id=20 static=1 gap=3.41m d=0.22 size=0.33]
1786875879.332 [OBSTACLES] cur_s=27.61 cur_d=-0.55 vs=2.80 n=1 [id=20 static=1 gap=2.32m d=0.29 size=0.41]
1786875879.812 [STATE_CHANGE] OVERTAKE -> LOSTLINE src=GB_TRACK s=28.58 d=-0.79 vs=2.43
1786875879.841 [OBSTACLES] cur_s=28.63 cur_d=-0.82 vs=2.34 n=0 [none]
1786875880.353 [OBSTACLES] cur_s=29.20 cur_d=-1.42 vs=1.06 n=0 [none]
1786875880.884 [OBSTACLES] cur_s=29.36 cur_d=-1.62 vs=0.00 n=0 [none]
1786875881.399 [OBSTACLES] cur_s=29.06 cur_d=-1.30 vs=-1.36 n=0 [none]
1786875881.937 [OBSTACLES] cur_s=28.60 cur_d=-0.92 vs=-1.12 n=0 [none]
1786875882.471 [OBSTACLES] cur_s=28.14 cur_d=-0.35 vs=-0.91 n=0 [none]
1786875882.632 [STATE_CHANGE] LOSTLINE -> GB_TRACK src=GB_TRACK s=28.05 d=-0.25 vs=-0.98
1786875883.018 [OBSTACLES] cur_s=27.72 cur_d=0.02 vs=-1.13 n=0 [none]
1786875883.539 [OBSTACLES] cur_s=27.15 cur_d=0.23 vs=-1.27 n=0 [none]
1786875883.628 [STATE_CHANGE] GB_TRACK -> LOSTLINE src=GB_TRACK s=26.93 d=0.29 vs=-1.36
1786875884.072 [OBSTACLES] cur_s=26.29 cur_d=0.42 vs=-1.63 n=0 [none]
1786875884.839 [OBSTACLES] cur_s=24.85 cur_d=0.43 vs=-2.01 n=0 [none]
1786875885.264 [STATE_CHANGE] LOSTLINE -> GB_TRACK src=GB_TRACK s=23.83 d=0.26 vs=-2.16
1786875885.341 [OBSTACLES] cur_s=23.63 cur_d=0.22 vs=-2.16 n=0 [none]
1786875885.850 [OBSTACLES] cur_s=22.66 cur_d=0.11 vs=-2.18 n=0 [none]
1786875886.351 [OBSTACLES] cur_s=21.32 cur_d=0.01 vs=-2.18 n=0 [none]
1786875886.853 [OBSTACLES] cur_s=20.56 cur_d=0.01 vs=-2.17 n=0 [none]
1786875887.359 [OBSTACLES] cur_s=19.65 cur_d=0.20 vs=-2.15 n=1 [id=21 static=1 gap=0.91m d=0.80 size=0.33]
1786875887.903 [OBSTACLES] cur_s=18.34 cur_d=0.18 vs=-2.10 n=0 [none]
1786875888.405 [OBSTACLES] cur_s=17.38 cur_d=-0.24 vs=-1.77 n=0 [none]
1786875888.467 [STATIC_OT] state=GB_TRACK path_exists=0 path_locked=0 path_ttl_ok=0 path_safe=0 on_spline=0 speed=-1.76 raw_wpnts=0 raw_age=-s decision=TRAILING reason=NO_STATIC_PATH
1786875888.467 [STATE_CHANGE] GB_TRACK -> TRAILING src=GB_TRACK s=17.33 d=-0.29 vs=-1.76
1786875888.754 [STATIC_OT] state=TRAILING path_exists=0 path_locked=0 path_ttl_ok=0 path_safe=0 on_spline=0 speed=-1.62 raw_wpnts=0 raw_age=-s decision=TRAILING reason=NO_STATIC_PATH
1786875888.909 [OBSTACLES] cur_s=16.80 cur_d=-0.85 vs=-1.11 n=1 [id=21 static=1 gap=3.89m d=0.81 size=0.34]
1786875888.974 [STATIC_OT] state=TRAILING path_exists=0 path_locked=0 path_ttl_ok=0 path_safe=0 on_spline=0 speed=-1.01 raw_wpnts=0 raw_age=-s decision=TRAILING reason=NO_STATIC_PATH
1786875889.227 [STATIC_OT] state=TRAILING path_exists=0 path_locked=0 path_ttl_ok=0 path_safe=0 on_spline=0 speed=-0.59 raw_wpnts=0 raw_age=-s decision=TRAILING reason=NO_STATIC_PATH
1786875889.420 [OBSTACLES] cur_s=16.61 cur_d=-1.17 vs=-0.24 n=1 [id=21 static=1 gap=4.12m d=0.82 size=0.34]
1786875889.451 [STATIC_OT] state=TRAILING path_exists=0 path_locked=0 path_ttl_ok=0 path_safe=0 on_spline=0 speed=-0.24 raw_wpnts=0 raw_age=-s decision=TRAILING reason=NO_STATIC_PATH
1786875889.660 [STATIC_OT] state=TRAILING path_exists=0 path_locked=0 path_ttl_ok=0 path_safe=0 on_spline=0 speed=0.00 raw_wpnts=0 raw_age=-s decision=TRAILING reason=NO_STATIC_PATH
1786875889.875 [STATIC_OT] state=TRAILING path_exists=0 path_locked=0 path_ttl_ok=0 path_safe=0 on_spline=0 speed=0.00 raw_wpnts=0 raw_age=-s decision=TRAILING reason=NO_STATIC_PATH
1786875889.977 [OBSTACLES] cur_s=16.60 cur_d=-1.18 vs=0.00 n=1 [id=21 static=1 gap=4.16m d=0.82 size=0.32]
1786875890.144 [STATIC_OT] state=TRAILING path_exists=0 path_locked=0 path_ttl_ok=0 path_safe=0 on_spline=0 speed=0.00 raw_wpnts=0 raw_age=-s decision=TRAILING reason=NO_STATIC_PATH
1786875890.380 [STATIC_OT] state=TRAILING path_exists=0 path_locked=0 path_ttl_ok=0 path_safe=0 on_spline=0 speed=0.00 raw_wpnts=0 raw_age=-s decision=TRAILING reason=NO_STATIC_PATH
1786875890.530 [OBSTACLES] cur_s=16.61 cur_d=-1.17 vs=0.06 n=1 [id=21 static=1 gap=4.16m d=0.82 size=0.34]
1786875890.594 [STATIC_OT] state=TRAILING path_exists=0 path_locked=0 path_ttl_ok=0 path_safe=0 on_spline=0 speed=0.19 raw_wpnts=0 raw_age=-s decision=TRAILING reason=NO_STATIC_PATH
1786875890.831 [STATIC_OT] state=TRAILING path_exists=0 path_locked=0 path_ttl_ok=0 path_safe=0 on_spline=0 speed=0.71 raw_wpnts=0 raw_age=-s decision=TRAILING reason=NO_STATIC_PATH
1786875891.051 [OBSTACLES] cur_s=16.80 cur_d=-0.86 vs=0.87 n=1 [id=21 static=1 gap=3.94m d=0.82 size=0.40]
1786875891.057 [STATIC_OT] state=TRAILING path_exists=0 path_locked=0 path_ttl_ok=0 path_safe=0 on_spline=0 speed=0.87 raw_wpnts=0 raw_age=-s decision=TRAILING reason=NO_STATIC_PATH
1786875891.310 [STATIC_OT] state=TRAILING path_exists=0 path_locked=0 path_ttl_ok=0 path_safe=0 on_spline=0 speed=1.53 raw_wpnts=0 raw_age=-s decision=TRAILING reason=NO_STATIC_PATH
1786875891.532 [STATIC_OT] state=TRAILING path_exists=0 path_locked=0 path_ttl_ok=0 path_safe=0 on_spline=0 speed=1.72 raw_wpnts=0 raw_age=-s decision=TRAILING reason=NO_STATIC_PATH
1786875891.579 [OBSTACLES] cur_s=17.34 cur_d=-0.41 vs=1.78 n=1 [id=21 static=1 gap=3.43m d=0.82 size=0.35]
1786875891.779 [STATIC_OT] state=TRAILING path_exists=0 path_locked=0 path_ttl_ok=0 path_safe=0 on_spline=0 speed=1.89 raw_wpnts=0 raw_age=-s decision=TRAILING reason=NO_STATIC_PATH
1786875891.990 [STATIC_OT] state=TRAILING path_exists=0 path_locked=0 path_ttl_ok=0 path_safe=0 on_spline=0 speed=1.99 raw_wpnts=0 raw_age=-s decision=TRAILING reason=NO_STATIC_PATH
1786875892.080 [OBSTACLES] cur_s=18.16 cur_d=-0.12 vs=2.00 n=1 [id=21 static=1 gap=2.59m d=0.83 size=0.38]
1786875892.218 [STATIC_OT] state=TRAILING path_exists=0 path_locked=0 path_ttl_ok=0 path_safe=0 on_spline=0 speed=2.04 raw_wpnts=0 raw_age=-s decision=TRAILING reason=NO_STATIC_PATH
1786875892.479 [STATIC_OT] state=TRAILING path_exists=0 path_locked=0 path_ttl_ok=0 path_safe=0 on_spline=0 speed=2.52 raw_wpnts=0 raw_age=-s decision=TRAILING reason=NO_STATIC_PATH
1786875892.611 [OBSTACLES] cur_s=19.17 cur_d=-0.14 vs=2.61 n=1 [id=21 static=1 gap=1.58m d=0.82 size=0.40]
1786875892.679 [STATIC_OT] state=TRAILING path_exists=0 path_locked=0 path_ttl_ok=0 path_safe=0 on_spline=0 speed=2.64 raw_wpnts=0 raw_age=-s decision=TRAILING reason=NO_STATIC_PATH
1786875892.896 [STATIC_OT] state=TRAILING path_exists=0 path_locked=0 path_ttl_ok=0 path_safe=0 on_spline=0 speed=2.70 raw_wpnts=0 raw_age=-s decision=TRAILING reason=NO_STATIC_PATH
1786875893.155 [OBSTACLES] cur_s=20.68 cur_d=-0.01 vs=2.89 n=1 [id=21 static=1 gap=0.12m d=0.83 size=0.29]
1786875893.164 [STATE_CHANGE] TRAILING -> GB_TRACK src=GB_TRACK s=20.68 d=-0.01 vs=2.89
1786875893.590 [STATE_CHANGE] GB_TRACK -> LOSTLINE src=GB_TRACK s=21.85 d=0.38 vs=3.52
1786875893.665 [OBSTACLES] cur_s=22.08 cur_d=0.49 vs=3.58 n=0 [none]
1786875894.203 [OBSTACLES] cur_s=23.95 cur_d=1.25 vs=3.70 n=0 [none]
1786875894.721 [OBSTACLES] cur_s=25.74 cur_d=1.32 vs=0.62 n=0 [none]
1786875895.274 [OBSTACLES] cur_s=26.01 cur_d=1.33 vs=0.00 n=0 [none]
1786875895.795 [OBSTACLES] cur_s=25.68 cur_d=0.84 vs=-1.46 n=0 [none]
1786875896.331 [OBSTACLES] cur_s=25.31 cur_d=0.66 vs=0.00 n=0 [none]
1786875896.849 [OBSTACLES] cur_s=25.37 cur_d=0.62 vs=0.67 n=0 [none]
1786875897.358 [OBSTACLES] cur_s=25.96 cur_d=0.33 vs=1.07 n=0 [none]
1786875897.495 [STATE_CHANGE] LOSTLINE -> GB_TRACK src=GB_TRACK s=26.03 d=0.29 vs=1.10
1786875897.904 [OBSTACLES] cur_s=26.57 cur_d=0.10 vs=1.45 n=0 [none]
1786875898.356 [STATE_CHANGE] GB_TRACK -> LOSTLINE src=GB_TRACK s=27.25 d=0.31 vs=1.21
1786875898.431 [OBSTACLES] cur_s=27.34 cur_d=0.36 vs=1.08 n=0 [none]
1786875898.938 [OBSTACLES] cur_s=27.64 cur_d=0.46 vs=0.00 n=0 [none]
1786875899.458 [OBSTACLES] cur_s=27.58 cur_d=0.44 vs=-0.53 n=0 [none]
1786875899.968 [OBSTACLES] cur_s=27.18 cur_d=0.31 vs=-0.32 n=0 [none]
1786875900.522 [OBSTACLES] cur_s=27.16 cur_d=0.31 vs=0.00 n=0 [none]
1786875901.051 [OBSTACLES] cur_s=27.10 cur_d=0.32 vs=0.00 n=0 [none]
1786875901.599 [OBSTACLES] cur_s=26.15 cur_d=0.44 vs=-2.66 n=0 [none]
1786875902.112 [OBSTACLES] cur_s=24.70 cur_d=0.33 vs=-2.16 n=0 [none]
1786875902.271 [STATE_CHANGE] LOSTLINE -> GB_TRACK src=GB_TRACK s=24.43 d=0.28 vs=-1.76
1786875902.671 [OBSTACLES] cur_s=23.91 cur_d=0.15 vs=-1.16 n=0 [none]
1786875903.190 [OBSTACLES] cur_s=23.29 cur_d=0.16 vs=-1.27 n=0 [none]
1786875905.245 [OBSTACLES] cur_s=22.57 cur_d=0.29 vs=-1.36 n=0 [none]
1786875905.296 [STATE_CHANGE] GB_TRACK -> LOSTLINE src=GB_TRACK s=22.53 d=0.29 vs=-1.36
1786875905.759 [OBSTACLES] cur_s=20.78 cur_d=0.52 vs=-3.03 n=0 [none]
1786875906.278 [OBSTACLES] cur_s=20.74 cur_d=0.52 vs=-2.67 n=0 [none]
1786875906.788 [OBSTACLES] cur_s=19.08 cur_d=0.41 vs=-1.28 n=0 [none]
1786875907.320 [OBSTACLES] cur_s=18.78 cur_d=0.37 vs=0.00 n=0 [none]
1786875907.967 [OBSTACLES] cur_s=18.99 cur_d=0.38 vs=0.45 n=0 [none]
1786875908.505 [OBSTACLES] cur_s=19.87 cur_d=0.40 vs=3.02 n=0 [none]
1786875908.989 [STATE_CHANGE] LOSTLINE -> GB_TRACK src=GB_TRACK s=21.70 d=0.28 vs=3.88
1786875909.046 [OBSTACLES] cur_s=21.89 cur_d=0.25 vs=3.89 n=0 [none]
1786875909.374 [STATIC_OT] state=GB_TRACK path_exists=0 path_locked=0 path_ttl_ok=0 path_safe=0 on_spline=0 speed=3.92 raw_wpnts=0 raw_age=-s decision=TRAILING reason=NO_STATIC_PATH
1786875909.375 [STATE_CHANGE] GB_TRACK -> TRAILING src=GB_TRACK s=23.01 d=0.11 vs=3.92
1786875909.558 [OBSTACLES] cur_s=23.47 cur_d=0.08 vs=3.93 n=1 [id=25 static=1 gap=5.59m d=0.15 size=0.41]
1786875909.617 [STATIC_OT] state=TRAILING path_exists=1 path_locked=0 path_ttl_ok=1 path_safe=1 on_spline=1 speed=3.93 raw_wpnts=131 raw_age=0.24s decision=OVERTAKE
1786875909.617 [STATE_CHANGE] TRAILING -> OVERTAKE src=OVERTAKE s=23.92 d=0.09 vs=3.93
1786875909.822 [STATIC_OT] state=OVERTAKE path_exists=1 path_locked=1 path_ttl_ok=1 path_safe=1 on_spline=1 speed=3.93 raw_wpnts=130 raw_age=0.28s decision=OVERTAKE
1786875909.941 [STATE_CHANGE] OVERTAKE -> TRAILING src=GB_TRACK s=25.21 d=0.02 vs=3.92
1786875910.039 [STATIC_OT] state=TRAILING path_exists=1 path_locked=0 path_ttl_ok=1 path_safe=1 on_spline=1 speed=3.91 raw_wpnts=116 raw_age=0.24s decision=OVERTAKE
1786875910.040 [STATE_CHANGE] TRAILING -> OVERTAKE src=OVERTAKE s=25.36 d=-0.00 vs=3.91
1786875910.089 [OBSTACLES] cur_s=25.51 cur_d=-0.02 vs=3.90 n=1 [id=25 static=1 gap=3.60m d=0.14 size=0.35]
1786875910.600 [OBSTACLES] cur_s=27.26 cur_d=-0.60 vs=3.33 n=2 [id=25 static=1 gap=1.82m d=0.15 size=0.44; id=26 static=1 gap=3.09m d=-1.18 size=0.31]
1786875910.681 [STATE_CHANGE] OVERTAKE -> LOSTLINE src=GB_TRACK s=27.57 d=-0.80 vs=3.02
1786875911.152 [OBSTACLES] cur_s=28.04 cur_d=-1.15 vs=2.02 n=0 [none]
1786875911.870 [OBSTACLES] cur_s=28.47 cur_d=-1.22 vs=0.32 n=0 [none]
1786875912.372 [OBSTACLES] cur_s=28.43 cur_d=-1.20 vs=0.00 n=0 [none]
1786875912.889 [OBSTACLES] cur_s=28.43 cur_d=-1.20 vs=0.00 n=0 [none]
1786875913.404 [OBSTACLES] cur_s=28.43 cur_d=-1.20 vs=0.00 n=0 [none]
1786875913.931 [OBSTACLES] cur_s=28.43 cur_d=-1.19 vs=0.00 n=0 [none]
1786875918.445 [OBSTACLES] cur_s=28.43 cur_d=-1.20 vs=0.00 n=0 [none]
1786875928.319 [OBSTACLES] cur_s=28.43 cur_d=-1.20 vs=0.00 n=0 [none]
1786875938.184 [OBSTACLES] cur_s=28.43 cur_d=-1.20 vs=0.00 n=0 [none]
1786875941.642 [OBSTACLES] cur_s=28.43 cur_d=-1.20 vs=0.00 n=0 [none]
1786875942.149 [OBSTACLES] cur_s=28.43 cur_d=-1.20 vs=0.00 n=0 [none]
