# state_machine debug log started 20260815_163525  map='0815test1'
1786779331.242 [OBSTACLES] cur_s=0.00 cur_d=0.00 vs=0.00 n=0 [none]
1786779331.243 [STATE_CHANGE] None -> GB_TRACK src=GB_TRACK s=0.00 d=0.00 vs=0.00
1786779331.356 [STATIC_OT_TRANSITION] first_valid_path_to_overtake_ms=0.0
1786779331.357 [STATIC_OT] state=GB_TRACK path_exists=1 path_locked=0 path_ttl_ok=1 path_safe=1 on_spline=1 speed=0.00 raw_wpnts=89 raw_age=0.26s decision=OVERTAKE
1786779331.358 [STATE_CHANGE] GB_TRACK -> OVERTAKE src=OVERTAKE s=17.12 d=0.06 vs=0.00
1786779331.773 [OBSTACLES] cur_s=17.11 cur_d=0.06 vs=0.00 n=1 [id=1 static=1 gap=3.19m d=0.32 size=0.31]
1786779332.320 [OBSTACLES] cur_s=17.11 cur_d=0.06 vs=0.00 n=1 [id=1 static=1 gap=3.20m d=0.32 size=0.31]
1786779332.869 [OBSTACLES] cur_s=17.06 cur_d=0.06 vs=0.00 n=1 [id=1 static=1 gap=3.23m d=0.31 size=0.31]
1786779333.449 [OBSTACLES] cur_s=17.07 cur_d=0.07 vs=0.00 n=1 [id=1 static=1 gap=3.21m d=0.31 size=0.33]
1786779334.017 [OBSTACLES] cur_s=17.07 cur_d=0.06 vs=0.00 n=1 [id=1 static=1 gap=3.21m d=0.32 size=0.31]
1786779334.588 [OBSTACLES] cur_s=17.07 cur_d=0.06 vs=0.00 n=1 [id=1 static=1 gap=3.21m d=0.32 size=0.31]
1786779335.107 [OBSTACLES] cur_s=17.07 cur_d=0.06 vs=0.00 n=1 [id=1 static=1 gap=3.21m d=0.32 size=0.31]
1786779335.817 [OBSTACLES] cur_s=17.12 cur_d=0.07 vs=0.00 n=1 [id=1 static=1 gap=3.16m d=0.32 size=0.31]
1786779336.328 [OBSTACLES] cur_s=17.12 cur_d=0.07 vs=0.00 n=1 [id=1 static=1 gap=3.16m d=0.32 size=0.31]
1786779336.869 [OBSTACLES] cur_s=17.12 cur_d=0.07 vs=0.00 n=1 [id=1 static=1 gap=3.16m d=0.32 size=0.32]
1786779337.421 [OBSTACLES] cur_s=17.11 cur_d=0.06 vs=0.00 n=1 [id=1 static=1 gap=3.17m d=0.32 size=0.31]
1786779337.961 [OBSTACLES] cur_s=17.11 cur_d=0.07 vs=0.00 n=1 [id=1 static=1 gap=3.17m d=0.32 size=0.31]
1786779338.603 [OBSTACLES] cur_s=17.11 cur_d=0.07 vs=0.00 n=1 [id=1 static=1 gap=3.18m d=0.32 size=0.31]
1786779339.222 [OBSTACLES] cur_s=17.07 cur_d=0.08 vs=0.00 n=1 [id=1 static=1 gap=3.22m d=0.32 size=0.31]
1786779339.743 [OBSTACLES] cur_s=17.07 cur_d=0.08 vs=0.00 n=1 [id=1 static=1 gap=3.22m d=0.32 size=0.31]
1786779340.304 [OBSTACLES] cur_s=17.06 cur_d=0.07 vs=0.00 n=1 [id=1 static=1 gap=3.22m d=0.32 size=0.31]
1786779340.859 [OBSTACLES] cur_s=17.06 cur_d=0.07 vs=0.00 n=1 [id=1 static=1 gap=3.22m d=0.32 size=0.31]
1786779341.386 [OBSTACLES] cur_s=17.06 cur_d=0.07 vs=0.00 n=1 [id=1 static=1 gap=3.22m d=0.32 size=0.31]
1786779341.974 [OBSTACLES] cur_s=17.07 cur_d=0.07 vs=0.00 n=1 [id=1 static=1 gap=3.21m d=0.32 size=0.31]
1786779342.504 [OBSTACLES] cur_s=17.07 cur_d=0.08 vs=0.00 n=1 [id=1 static=1 gap=3.20m d=0.32 size=0.32]
1786779343.097 [OBSTACLES] cur_s=17.07 cur_d=0.07 vs=0.00 n=2 [id=1 static=1 gap=3.21m d=0.32 size=0.31; id=2 static=1 gap=0.65m d=-0.22 size=0.22]
1786779343.118 [STATIC_OT] state=OVERTAKE path_exists=1 path_locked=1 path_ttl_ok=1 path_safe=0 on_spline=1 speed=0.00 raw_wpnts=95 raw_age=0.77s decision=TRAILING reason=PATH_BLOCKED blocked_obs_id=2 gap=0.76m free_dist=0.036m branch=static/geom
1786779343.123 [STATE_CHANGE] OVERTAKE -> TRAILING src=GB_TRACK s=17.07 d=0.07 vs=0.00
1786779343.422 [STATIC_OT] state=TRAILING path_exists=1 path_locked=0 path_ttl_ok=1 path_safe=0 on_spline=1 speed=0.00 raw_wpnts=95 raw_age=0.70s decision=TRAILING reason=PATH_BLOCKED blocked_obs_id=2 gap=0.75m free_dist=0.008m branch=static/geom
1786779343.735 [OBSTACLES] cur_s=17.06 cur_d=0.07 vs=0.00 n=2 [id=1 static=1 gap=3.22m d=0.32 size=0.31; id=2 static=1 gap=0.63m d=-0.16 size=0.22]
1786779343.746 [STATIC_OT] state=TRAILING path_exists=1 path_locked=0 path_ttl_ok=1 path_safe=0 on_spline=1 speed=0.00 raw_wpnts=76 raw_age=0.54s decision=TRAILING reason=PATH_BLOCKED blocked_obs_id=1 gap=3.38m free_dist=0.022m branch=static/geom
1786779343.984 [STATIC_OT] state=TRAILING path_exists=1 path_locked=0 path_ttl_ok=0 path_safe=0 on_spline=1 speed=0.00 raw_wpnts=0 raw_age=-s decision=TRAILING reason=NO_STATIC_PATH
1786779344.296 [OBSTACLES] cur_s=17.08 cur_d=0.08 vs=0.00 n=1 [id=1 static=1 gap=3.20m d=0.32 size=0.31]
1786779344.302 [STATIC_OT] state=TRAILING path_exists=1 path_locked=0 path_ttl_ok=0 path_safe=0 on_spline=1 speed=0.00 raw_wpnts=0 raw_age=-s decision=TRAILING reason=NO_STATIC_PATH
1786779344.567 [STATIC_OT] state=TRAILING path_exists=1 path_locked=0 path_ttl_ok=0 path_safe=0 on_spline=1 speed=0.00 raw_wpnts=0 raw_age=-s decision=TRAILING reason=NO_STATIC_PATH
1786779344.783 [STATIC_OT] state=TRAILING path_exists=1 path_locked=0 path_ttl_ok=0 path_safe=0 on_spline=1 speed=0.00 raw_wpnts=0 raw_age=-s decision=TRAILING reason=NO_STATIC_PATH
1786779344.896 [OBSTACLES] cur_s=17.13 cur_d=0.08 vs=0.00 n=1 [id=1 static=1 gap=3.15m d=0.32 size=0.31]
1786779344.902 [STATE_CHANGE] TRAILING -> OVERTAKE src=OVERTAKE s=17.13 d=0.08 vs=0.00
1786779345.456 [OBSTACLES] cur_s=17.13 cur_d=0.08 vs=0.00 n=1 [id=1 static=1 gap=3.15m d=0.32 size=0.32]
1786779346.067 [OBSTACLES] cur_s=17.13 cur_d=0.08 vs=0.00 n=1 [id=1 static=1 gap=3.15m d=0.32 size=0.31]
1786779346.595 [OBSTACLES] cur_s=17.13 cur_d=0.08 vs=0.00 n=1 [id=1 static=1 gap=3.15m d=0.32 size=0.31]
1786779347.166 [OBSTACLES] cur_s=17.13 cur_d=0.08 vs=0.00 n=1 [id=1 static=1 gap=3.16m d=0.32 size=0.31]
1786779347.761 [OBSTACLES] cur_s=17.13 cur_d=0.08 vs=0.00 n=1 [id=1 static=1 gap=3.16m d=0.32 size=0.31]
1786779348.297 [OBSTACLES] cur_s=17.13 cur_d=0.08 vs=0.00 n=1 [id=1 static=1 gap=3.16m d=0.32 size=0.31]
1786779348.808 [OBSTACLES] cur_s=17.13 cur_d=0.08 vs=0.00 n=1 [id=1 static=1 gap=3.16m d=0.32 size=0.31]
1786779349.337 [OBSTACLES] cur_s=17.14 cur_d=0.08 vs=0.00 n=1 [id=1 static=1 gap=3.15m d=0.32 size=0.31]
1786779349.924 [OBSTACLES] cur_s=17.14 cur_d=0.08 vs=0.00 n=1 [id=1 static=1 gap=3.16m d=0.32 size=0.31]
1786779350.485 [OBSTACLES] cur_s=17.13 cur_d=0.08 vs=0.00 n=1 [id=1 static=1 gap=3.16m d=0.32 size=0.31]
1786779351.201 [OBSTACLES] cur_s=17.13 cur_d=0.08 vs=0.00 n=1 [id=1 static=1 gap=3.16m d=0.32 size=0.31]
1786779351.795 [OBSTACLES] cur_s=17.14 cur_d=0.08 vs=0.00 n=1 [id=1 static=1 gap=3.16m d=0.32 size=0.31]
1786779352.310 [OBSTACLES] cur_s=17.13 cur_d=0.08 vs=0.00 n=1 [id=1 static=1 gap=3.16m d=0.32 size=0.31]
1786779352.862 [OBSTACLES] cur_s=17.13 cur_d=0.08 vs=0.00 n=1 [id=1 static=1 gap=3.16m d=0.32 size=0.31]
1786779353.395 [OBSTACLES] cur_s=17.13 cur_d=0.08 vs=0.00 n=1 [id=1 static=1 gap=3.16m d=0.32 size=0.31]
1786779354.004 [OBSTACLES] cur_s=17.13 cur_d=0.08 vs=0.00 n=1 [id=1 static=1 gap=3.16m d=0.32 size=0.31]
1786779354.575 [OBSTACLES] cur_s=17.14 cur_d=0.08 vs=0.00 n=1 [id=1 static=1 gap=3.16m d=0.32 size=0.31]
1786779355.133 [OBSTACLES] cur_s=17.14 cur_d=0.08 vs=0.00 n=1 [id=1 static=1 gap=3.16m d=0.32 size=0.31]
1786779355.677 [OBSTACLES] cur_s=17.15 cur_d=0.08 vs=0.00 n=1 [id=1 static=1 gap=3.14m d=0.32 size=0.31]
1786779356.299 [OBSTACLES] cur_s=17.15 cur_d=0.08 vs=0.00 n=1 [id=1 static=1 gap=3.15m d=0.32 size=0.31]
1786779356.815 [OBSTACLES] cur_s=17.14 cur_d=0.08 vs=0.00 n=1 [id=1 static=1 gap=3.16m d=0.32 size=0.31]
1786779357.320 [OBSTACLES] cur_s=17.14 cur_d=0.08 vs=0.00 n=1 [id=1 static=1 gap=3.16m d=0.32 size=0.31]
1786779357.835 [OBSTACLES] cur_s=17.15 cur_d=0.08 vs=0.00 n=1 [id=1 static=1 gap=3.15m d=0.32 size=0.32]
1786779358.367 [OBSTACLES] cur_s=17.16 cur_d=0.08 vs=0.00 n=1 [id=1 static=1 gap=3.15m d=0.32 size=0.31]
1786779358.959 [OBSTACLES] cur_s=17.15 cur_d=0.08 vs=0.00 n=1 [id=1 static=1 gap=3.15m d=0.32 size=0.31]
1786779359.512 [OBSTACLES] cur_s=17.15 cur_d=0.08 vs=0.00 n=1 [id=1 static=1 gap=3.14m d=0.32 size=0.32]
1786779360.055 [OBSTACLES] cur_s=17.15 cur_d=0.08 vs=0.00 n=1 [id=1 static=1 gap=3.16m d=0.32 size=0.31]
1786779360.631 [OBSTACLES] cur_s=17.15 cur_d=0.08 vs=0.00 n=1 [id=1 static=1 gap=3.15m d=0.32 size=0.31]
1786779361.199 [OBSTACLES] cur_s=17.15 cur_d=0.08 vs=0.00 n=1 [id=1 static=1 gap=3.15m d=0.32 size=0.31]
1786779361.915 [OBSTACLES] cur_s=17.15 cur_d=0.08 vs=0.00 n=1 [id=1 static=1 gap=3.15m d=0.32 size=0.31]
1786779362.506 [OBSTACLES] cur_s=17.16 cur_d=0.08 vs=0.00 n=1 [id=1 static=1 gap=3.15m d=0.32 size=0.31]
1786779363.029 [OBSTACLES] cur_s=17.16 cur_d=0.08 vs=0.00 n=1 [id=1 static=1 gap=3.15m d=0.32 size=0.31]
1786779363.537 [OBSTACLES] cur_s=17.15 cur_d=0.08 vs=0.00 n=1 [id=1 static=1 gap=3.16m d=0.32 size=0.31]
1786779364.135 [OBSTACLES] cur_s=17.15 cur_d=0.08 vs=0.00 n=1 [id=1 static=1 gap=3.16m d=0.32 size=0.31]
1786779364.703 [OBSTACLES] cur_s=17.15 cur_d=0.08 vs=0.00 n=1 [id=1 static=1 gap=3.16m d=0.32 size=0.31]
1786779365.272 [OBSTACLES] cur_s=17.15 cur_d=0.08 vs=0.00 n=1 [id=1 static=1 gap=3.16m d=0.32 size=0.31]
1786779365.815 [OBSTACLES] cur_s=17.16 cur_d=0.08 vs=0.00 n=1 [id=1 static=1 gap=3.16m d=0.32 size=0.31]
1786779366.367 [OBSTACLES] cur_s=17.15 cur_d=0.08 vs=0.00 n=1 [id=1 static=1 gap=3.16m d=0.32 size=0.31]
1786779366.929 [OBSTACLES] cur_s=17.15 cur_d=0.08 vs=0.00 n=1 [id=1 static=1 gap=3.16m d=0.32 size=0.31]
1786779367.530 [OBSTACLES] cur_s=17.15 cur_d=0.08 vs=0.00 n=1 [id=1 static=1 gap=3.17m d=0.32 size=0.31]
1786779368.181 [OBSTACLES] cur_s=17.15 cur_d=0.08 vs=0.00 n=1 [id=1 static=1 gap=3.17m d=0.32 size=0.31]
1786779368.709 [OBSTACLES] cur_s=17.14 cur_d=0.08 vs=0.00 n=1 [id=1 static=1 gap=3.17m d=0.32 size=0.31]
1786779369.255 [OBSTACLES] cur_s=17.15 cur_d=0.08 vs=0.00 n=1 [id=1 static=1 gap=3.16m d=0.32 size=0.31]
1786779369.815 [OBSTACLES] cur_s=17.19 cur_d=0.08 vs=0.31 n=1 [id=1 static=1 gap=3.11m d=0.32 size=0.32]
1786779370.322 [OBSTACLES] cur_s=18.36 cur_d=0.03 vs=3.23 n=1 [id=1 static=1 gap=1.96m d=0.32 size=0.30]
1786779370.859 [OBSTACLES] cur_s=19.94 cur_d=-0.17 vs=3.43 n=1 [id=1 static=1 gap=0.36m d=0.32 size=0.33]
1786779371.396 [OBSTACLES] cur_s=21.85 cur_d=-0.04 vs=3.19 n=0 [none]
1786779371.934 [OBSTACLES] cur_s=0.93 cur_d=-0.03 vs=2.65 n=0 [none]
1786779372.439 [OBSTACLES] cur_s=2.52 cur_d=0.32 vs=2.85 n=0 [none]
1786779372.572 [STATE_CHANGE] OVERTAKE -> LOSTLINE src=GB_TRACK s=2.99 d=0.36 vs=2.91
1786779372.829 [STATE_CHANGE] LOSTLINE -> GB_TRACK src=GB_TRACK s=3.86 d=0.21 vs=2.58
1786779372.976 [OBSTACLES] cur_s=4.25 cur_d=0.07 vs=2.33 n=0 [none]
1786779373.581 [OBSTACLES] cur_s=5.34 cur_d=-0.02 vs=2.65 n=0 [none]
1786779373.755 [STATIC_OT] state=GB_TRACK path_exists=0 path_locked=0 path_ttl_ok=0 path_safe=0 on_spline=0 speed=2.55 raw_wpnts=0 raw_age=-s decision=TRAILING reason=NO_STATIC_PATH
1786779373.757 [STATE_CHANGE] GB_TRACK -> TRAILING src=GB_TRACK s=5.53 d=0.06 vs=2.55
1786779373.969 [STATIC_OT] state=TRAILING path_exists=0 path_locked=0 path_ttl_ok=0 path_safe=0 on_spline=0 speed=3.03 raw_wpnts=0 raw_age=-s decision=TRAILING reason=NO_STATIC_PATH
1786779374.087 [OBSTACLES] cur_s=6.57 cur_d=0.31 vs=3.06 n=2 [id=3 static=1 gap=4.34m d=-0.24 size=0.35; id=4 static=1 gap=1.73m d=0.35 size=0.32]
1786779374.279 [STATIC_OT] state=TRAILING path_exists=1 path_locked=0 path_ttl_ok=1 path_safe=0 on_spline=1 speed=2.84 raw_wpnts=121 raw_age=0.77s decision=TRAILING reason=PATH_BLOCKED blocked_obs_id=4 gap=1.6m free_dist=0.068m branch=static/geom
1786779374.604 [STATIC_OT] state=TRAILING path_exists=1 path_locked=0 path_ttl_ok=1 path_safe=0 on_spline=1 speed=2.14 raw_wpnts=89 raw_age=0.75s decision=TRAILING reason=PATH_BLOCKED blocked_obs_id=3 gap=3.52m free_dist=-0.159m branch=static/geom
1786779374.775 [OBSTACLES] cur_s=7.87 cur_d=-0.07 vs=1.62 n=1 [id=3 static=1 gap=2.88m d=-0.15 size=0.34]
1786779374.932 [STATIC_OT] state=TRAILING path_exists=1 path_locked=0 path_ttl_ok=1 path_safe=0 on_spline=1 speed=1.13 raw_wpnts=87 raw_age=0.90s decision=TRAILING reason=PATH_BLOCKED blocked_obs_id=3 gap=2.87m free_dist=-0.175m branch=static/geom
1786779375.167 [STATIC_OT] state=TRAILING path_exists=1 path_locked=0 path_ttl_ok=1 path_safe=0 on_spline=1 speed=0.61 raw_wpnts=76 raw_age=0.79s decision=TRAILING reason=PATH_BLOCKED blocked_obs_id=3 gap=2.74m free_dist=-0.166m branch=static/geom
1786779375.316 [OBSTACLES] cur_s=8.11 cur_d=-0.00 vs=0.32 n=0 [none]
1786779375.318 [STATE_CHANGE] TRAILING -> GB_TRACK src=GB_TRACK s=8.11 d=-0.00 vs=0.32
1786779375.461 [STATIC_OT] state=GB_TRACK path_exists=1 path_locked=0 path_ttl_ok=1 path_safe=1 on_spline=1 speed=0.00 raw_wpnts=85 raw_age=0.69s decision=OVERTAKE
1786779375.461 [STATE_CHANGE] GB_TRACK -> OVERTAKE src=OVERTAKE s=8.09 d=-0.00 vs=0.00
1786779375.846 [OBSTACLES] cur_s=8.24 cur_d=-0.01 vs=1.53 n=1 [id=3 static=1 gap=1.97m d=-0.17 size=0.34]
1786779376.413 [OBSTACLES] cur_s=9.23 cur_d=0.04 vs=2.89 n=1 [id=3 static=1 gap=0.87m d=-0.16 size=0.31]
1786779376.940 [OBSTACLES] cur_s=10.99 cur_d=0.31 vs=2.60 n=0 [none]
1786779377.510 [OBSTACLES] cur_s=12.23 cur_d=-0.11 vs=2.17 n=0 [none]
1786779377.999 [STATE_CHANGE] OVERTAKE -> LOSTLINE src=GB_TRACK s=13.48 d=-0.52 vs=1.99
1786779378.095 [OBSTACLES] cur_s=13.63 cur_d=-0.58 vs=2.14 n=0 [none]
1786779378.710 [OBSTACLES] cur_s=14.67 cur_d=-0.67 vs=2.03 n=0 [none]
1786779379.160 [STATE_CHANGE] LOSTLINE -> GB_TRACK src=GB_TRACK s=14.73 d=-0.19 vs=1.00
1786779379.212 [OBSTACLES] cur_s=14.78 cur_d=-0.10 vs=1.20 n=1 [id=10 static=0 gap=18.98m d=-0.41 size=0.35]
1786779379.219 [STATIC_OT] state=GB_TRACK path_exists=0 path_locked=0 path_ttl_ok=0 path_safe=0 on_spline=0 speed=1.20 raw_wpnts=0 raw_age=-s decision=TRAILING reason=NO_STATIC_PATH
1786779379.219 [STATE_CHANGE] GB_TRACK -> TRAILING src=GB_TRACK s=14.78 d=-0.10 vs=1.20
1786779379.524 [STATIC_OT] state=TRAILING path_exists=0 path_locked=0 path_ttl_ok=0 path_safe=0 on_spline=0 speed=2.06 raw_wpnts=0 raw_age=-s decision=TRAILING reason=NO_STATIC_PATH
1786779379.684 [STATE_CHANGE] TRAILING -> LOSTLINE src=GB_TRACK s=15.64 d=-0.23 vs=2.13
1786779379.775 [OBSTACLES] cur_s=15.66 cur_d=-0.25 vs=2.12 n=0 [none]
1786779379.775 [STATE_CHANGE] LOSTLINE -> GB_TRACK src=GB_TRACK s=15.66 d=-0.25 vs=2.12
1786779379.830 [STATE_CHANGE] GB_TRACK -> LOSTLINE src=GB_TRACK s=15.82 d=-0.38 vs=2.22
1786779379.896 [STATIC_OT] state=GB_TRACK path_exists=0 path_locked=0 path_ttl_ok=0 path_safe=0 on_spline=0 speed=2.15 raw_wpnts=0 raw_age=-s decision=TRAILING reason=NO_STATIC_PATH
1786779379.899 [STATE_CHANGE] LOSTLINE -> TRAILING src=GB_TRACK s=15.94 d=-0.42 vs=2.15
1786779380.142 [STATIC_OT] state=TRAILING path_exists=0 path_locked=0 path_ttl_ok=0 path_safe=0 on_spline=0 speed=2.46 raw_wpnts=0 raw_age=-s decision=TRAILING reason=NO_STATIC_PATH
1786779380.280 [OBSTACLES] cur_s=16.72 cur_d=-0.11 vs=2.07 n=1 [id=11 static=1 gap=3.27m d=0.26 size=0.30]
1786779380.355 [STATIC_OT] state=TRAILING path_exists=0 path_locked=0 path_ttl_ok=0 path_safe=0 on_spline=0 speed=1.94 raw_wpnts=0 raw_age=-s decision=TRAILING reason=NO_STATIC_PATH
1786779380.797 [OBSTACLES] cur_s=17.67 cur_d=0.11 vs=0.94 n=1 [id=11 static=1 gap=2.41m d=0.25 size=0.30]
1786779380.799 [STATIC_OT] state=TRAILING path_exists=1 path_locked=0 path_ttl_ok=1 path_safe=1 on_spline=1 speed=0.94 raw_wpnts=94 raw_age=0.70s decision=OVERTAKE
1786779380.802 [STATE_CHANGE] TRAILING -> OVERTAKE src=OVERTAKE s=17.67 d=0.11 vs=0.94
1786779381.334 [OBSTACLES] cur_s=17.91 cur_d=0.02 vs=1.00 n=1 [id=11 static=1 gap=2.23m d=0.28 size=0.30]
1786779381.902 [OBSTACLES] cur_s=19.19 cur_d=-0.26 vs=3.37 n=1 [id=11 static=1 gap=0.95m d=0.31 size=0.31]
1786779382.521 [OBSTACLES] cur_s=21.43 cur_d=-0.05 vs=3.43 n=0 [none]
1786779383.078 [OBSTACLES] cur_s=0.76 cur_d=-0.08 vs=2.73 n=0 [none]
1786779383.649 [OBSTACLES] cur_s=2.36 cur_d=0.33 vs=2.75 n=0 [none]
1786779383.854 [STATE_CHANGE] OVERTAKE -> LOSTLINE src=GB_TRACK s=3.09 d=0.28 vs=2.84
1786779383.971 [STATE_CHANGE] LOSTLINE -> GB_TRACK src=GB_TRACK s=3.40 d=0.19 vs=2.68
1786779384.217 [OBSTACLES] cur_s=4.07 cur_d=-0.04 vs=2.34 n=0 [none]
1786779384.729 [OBSTACLES] cur_s=5.15 cur_d=-0.02 vs=2.54 n=0 [none]
1786779384.987 [STATIC_OT] state=GB_TRACK path_exists=0 path_locked=0 path_ttl_ok=0 path_safe=0 on_spline=0 speed=2.61 raw_wpnts=0 raw_age=-s decision=TRAILING reason=NO_STATIC_PATH
1786779384.987 [STATE_CHANGE] GB_TRACK -> TRAILING src=GB_TRACK s=5.57 d=0.18 vs=2.61
1786779385.290 [OBSTACLES] cur_s=6.01 cur_d=0.34 vs=2.98 n=2 [id=12 static=1 gap=4.81m d=-0.29 size=0.36; id=13 static=1 gap=2.23m d=0.29 size=0.33]
1786779385.299 [STATIC_OT] state=TRAILING path_exists=0 path_locked=0 path_ttl_ok=0 path_safe=0 on_spline=0 speed=2.98 raw_wpnts=0 raw_age=-s decision=TRAILING reason=NO_STATIC_PATH
1786779385.552 [STATIC_OT] state=TRAILING path_exists=1 path_locked=0 path_ttl_ok=1 path_safe=0 on_spline=1 speed=2.47 raw_wpnts=94 raw_age=0.74s decision=TRAILING reason=PATH_BLOCKED blocked_obs_id=12 gap=4.17m free_dist=-0.103m branch=static/geom
1786779385.766 [STATIC_OT] state=TRAILING path_exists=1 path_locked=0 path_ttl_ok=1 path_safe=0 on_spline=1 speed=2.07 raw_wpnts=90 raw_age=0.59s decision=TRAILING reason=PATH_BLOCKED blocked_obs_id=12 gap=3.65m free_dist=-0.128m branch=static/geom
1786779385.856 [OBSTACLES] cur_s=7.45 cur_d=-0.02 vs=1.77 n=1 [id=12 static=1 gap=3.23m d=-0.18 size=0.34]
1786779385.996 [STATIC_OT] state=TRAILING path_exists=1 path_locked=0 path_ttl_ok=1 path_safe=0 on_spline=1 speed=1.59 raw_wpnts=81 raw_age=0.57s decision=TRAILING reason=PATH_BLOCKED blocked_obs_id=12 gap=3.28m free_dist=-0.125m branch=static/geom
1786779386.127 [STATE_CHANGE] TRAILING -> OVERTAKE src=OVERTAKE s=7.68 d=0.01 vs=1.25
1786779386.402 [OBSTACLES] cur_s=7.90 cur_d=0.04 vs=0.57 n=1 [id=12 static=1 gap=2.75m d=-0.20 size=0.29]
1786779387.086 [OBSTACLES] cur_s=9.13 cur_d=0.09 vs=3.18 n=1 [id=12 static=1 gap=1.43m d=-0.21 size=0.31]
1786779387.648 [OBSTACLES] cur_s=10.98 cur_d=0.04 vs=3.21 n=0 [none]
1786779388.191 [OBSTACLES] cur_s=12.23 cur_d=-0.05 vs=2.32 n=0 [none]
1786779388.760 [OBSTACLES] cur_s=13.05 cur_d=0.06 vs=2.15 n=0 [none]
1786779389.263 [OBSTACLES] cur_s=14.04 cur_d=-0.00 vs=2.50 n=0 [none]
1786779389.782 [OBSTACLES] cur_s=14.39 cur_d=-0.15 vs=2.04 n=0 [none]
1786779389.922 [STATE_CHANGE] OVERTAKE -> LOSTLINE src=GB_TRACK s=13.69 d=-0.39 vs=2.28
1786779390.313 [OBSTACLES] cur_s=13.65 cur_d=-0.22 vs=1.53 n=0 [none]
1786779390.315 [STATE_CHANGE] LOSTLINE -> GB_TRACK src=GB_TRACK s=13.65 d=-0.22 vs=1.53
1786779390.664 [STATE_CHANGE] GB_TRACK -> LOSTLINE src=GB_TRACK s=13.83 d=0.32 vs=0.66
1786779390.813 [OBSTACLES] cur_s=13.72 cur_d=0.82 vs=-0.12 n=0 [none]
1786779391.049 [STATIC_OT] state=GB_TRACK path_exists=0 path_locked=0 path_ttl_ok=0 path_safe=0 on_spline=0 speed=-0.11 raw_wpnts=0 raw_age=-s decision=TRAILING reason=NO_STATIC_PATH
1786779391.050 [STATE_CHANGE] LOSTLINE -> TRAILING src=GB_TRACK s=13.87 d=0.81 vs=-0.11
1786779391.218 [STATE_CHANGE] TRAILING -> OVERTAKE src=OVERTAKE s=13.92 d=0.75 vs=-0.10
1786779391.331 [OBSTACLES] cur_s=13.93 cur_d=0.74 vs=-0.10 n=1 [id=19 static=1 gap=4.01m d=0.15 size=0.26]
1786779391.838 [OBSTACLES] cur_s=13.96 cur_d=0.73 vs=-0.00 n=0 [none]
1786779392.343 [OBSTACLES] cur_s=13.95 cur_d=0.73 vs=-0.01 n=0 [none]
1786779392.879 [OBSTACLES] cur_s=13.95 cur_d=0.74 vs=-0.02 n=0 [none]
1786779393.384 [OBSTACLES] cur_s=13.96 cur_d=0.74 vs=-0.00 n=0 [none]
1786779393.913 [OBSTACLES] cur_s=13.95 cur_d=0.71 vs=-0.00 n=0 [none]
1786779394.725 [OBSTACLES] cur_s=13.94 cur_d=0.70 vs=-0.00 n=0 [none]
1786779395.327 [OBSTACLES] cur_s=13.93 cur_d=0.70 vs=-0.00 n=0 [none]
1786779395.837 [OBSTACLES] cur_s=13.94 cur_d=0.69 vs=-0.00 n=0 [none]
1786779396.357 [OBSTACLES] cur_s=13.94 cur_d=0.70 vs=-0.00 n=0 [none]
1786779396.997 [OBSTACLES] cur_s=13.94 cur_d=0.70 vs=-0.00 n=0 [none]
1786779397.703 [OBSTACLES] cur_s=13.93 cur_d=0.70 vs=-0.00 n=0 [none]
1786779398.224 [OBSTACLES] cur_s=13.93 cur_d=0.70 vs=-0.00 n=0 [none]
1786779398.815 [OBSTACLES] cur_s=13.93 cur_d=0.70 vs=-0.00 n=0 [none]
1786779399.331 [OBSTACLES] cur_s=13.93 cur_d=0.70 vs=-0.00 n=0 [none]
1786779399.846 [OBSTACLES] cur_s=13.93 cur_d=0.70 vs=-0.00 n=0 [none]
1786779400.378 [OBSTACLES] cur_s=13.94 cur_d=0.70 vs=-0.00 n=0 [none]
1786779400.879 [OBSTACLES] cur_s=13.93 cur_d=0.70 vs=-0.00 n=0 [none]
1786779401.241 [STATE_CHANGE] OVERTAKE -> LOSTLINE src=GB_TRACK s=13.94 d=0.70 vs=-0.00
1786779401.430 [OBSTACLES] cur_s=13.93 cur_d=0.70 vs=-0.00 n=0 [none]
1786779401.953 [OBSTACLES] cur_s=13.93 cur_d=0.70 vs=-0.00 n=0 [none]
1786779402.461 [OBSTACLES] cur_s=13.92 cur_d=0.68 vs=-0.00 n=0 [none]
1786779402.967 [OBSTACLES] cur_s=13.73 cur_d=0.59 vs=-0.00 n=0 [none]
1786779403.196 [STATE_CHANGE] LOSTLINE -> GB_TRACK src=GB_TRACK s=13.24 d=0.28 vs=0.00
1786779403.271 [STATIC_OT] state=GB_TRACK path_exists=1 path_locked=0 path_ttl_ok=1 path_safe=0 on_spline=1 speed=0.00 raw_wpnts=95 raw_age=0.17s decision=TRAILING reason=PATH_BLOCKED blocked_obs_id=21 gap=3.9m free_dist=0.094m branch=static/geom
1786779403.271 [STATE_CHANGE] GB_TRACK -> TRAILING src=GB_TRACK s=13.24 d=0.28 vs=0.00
1786779403.376 [STATE_CHANGE] TRAILING -> OVERTAKE src=OVERTAKE s=13.16 d=0.18 vs=0.00
1786779403.515 [OBSTACLES] cur_s=13.03 cur_d=0.13 vs=0.00 n=1 [id=21 static=1 gap=4.01m d=0.19 size=0.21]
1786779404.071 [OBSTACLES] cur_s=13.01 cur_d=-0.03 vs=0.00 n=1 [id=27 static=1 gap=2.75m d=-0.01 size=0.30]
1786779404.083 [STATIC_OT] state=OVERTAKE path_exists=1 path_locked=1 path_ttl_ok=1 path_safe=0 on_spline=1 speed=0.00 raw_wpnts=76 raw_age=0.30s decision=TRAILING reason=PATH_BLOCKED blocked_obs_id=27 gap=2.9m free_dist=-0.283m branch=static/geom
1786779404.084 [STATE_CHANGE] OVERTAKE -> TRAILING src=GB_TRACK s=13.01 d=-0.03 vs=0.00
1786779404.336 [STATIC_OT] state=TRAILING path_exists=1 path_locked=0 path_ttl_ok=1 path_safe=0 on_spline=1 speed=0.00 raw_wpnts=76 raw_age=0.33s decision=TRAILING reason=PATH_BLOCKED blocked_obs_id=27 gap=2.98m free_dist=-0.276m branch=static/geom
1786779404.532 [STATE_CHANGE] TRAILING -> LOSTLINE src=GB_TRACK s=12.78 d=-0.28 vs=0.00
1786779404.650 [OBSTACLES] cur_s=12.70 cur_d=-0.38 vs=0.00 n=1 [id=28 static=1 gap=2.84m d=0.15 size=0.30]
1786779404.670 [STATIC_OT] state=GB_TRACK path_exists=1 path_locked=0 path_ttl_ok=1 path_safe=0 on_spline=1 speed=0.00 raw_wpnts=76 raw_age=0.41s decision=TRAILING reason=PATH_BLOCKED blocked_obs_id=28 gap=2.99m free_dist=-0.144m branch=static/geom
1786779404.677 [STATE_CHANGE] LOSTLINE -> TRAILING src=GB_TRACK s=12.70 d=-0.38 vs=0.00
1786779404.887 [STATIC_OT] state=TRAILING path_exists=1 path_locked=0 path_ttl_ok=0 path_safe=0 on_spline=1 speed=0.00 raw_wpnts=0 raw_age=-s decision=TRAILING reason=NO_STATIC_PATH
1786779405.034 [STATE_CHANGE] TRAILING -> OVERTAKE src=OVERTAKE s=12.70 d=-0.37 vs=0.00
1786779405.156 [OBSTACLES] cur_s=12.69 cur_d=-0.38 vs=0.00 n=1 [id=28 static=1 gap=2.75m d=0.22 size=0.30]
1786779405.685 [OBSTACLES] cur_s=12.70 cur_d=-0.38 vs=0.00 n=1 [id=28 static=1 gap=2.73m d=0.23 size=0.30]
1786779406.395 [OBSTACLES] cur_s=12.69 cur_d=-0.37 vs=0.00 n=1 [id=28 static=1 gap=2.73m d=0.24 size=0.30]
1786779406.907 [OBSTACLES] cur_s=12.68 cur_d=-0.39 vs=0.00 n=1 [id=28 static=1 gap=2.73m d=0.24 size=0.30]
1786779407.078 [STATIC_OT] state=OVERTAKE path_exists=1 path_locked=1 path_ttl_ok=0 path_safe=0 on_spline=0 speed=0.00 raw_wpnts=0 raw_age=-s decision=TRAILING reason=NO_STATIC_PATH
1786779407.084 [STATE_CHANGE] OVERTAKE -> TRAILING src=GB_TRACK s=12.70 d=-0.37 vs=0.00
1786779407.415 [STATIC_OT] state=TRAILING path_exists=1 path_locked=0 path_ttl_ok=1 path_safe=1 on_spline=0 speed=0.00 raw_wpnts=86 raw_age=0.35s decision=OVERTAKE
1786779407.415 [STATE_CHANGE] TRAILING -> OVERTAKE src=OVERTAKE s=12.28 d=-1.19 vs=0.00
1786779407.618 [OBSTACLES] cur_s=12.29 cur_d=-1.19 vs=0.00 n=2 [id=29 static=0 gap=1.92m d=0.43 size=0.30; id=28 static=1 gap=3.12m d=0.24 size=0.30]
1786779407.647 [STATIC_OT] state=OVERTAKE path_exists=1 path_locked=1 path_ttl_ok=1 path_safe=1 on_spline=0 speed=0.00 raw_wpnts=86 raw_age=0.57s decision=OVERTAKE
1786779407.788 [STATE_CHANGE] OVERTAKE -> TRAILING src=GB_TRACK s=12.26 d=-1.29 vs=0.00
1786779407.859 [STATIC_OT] state=TRAILING path_exists=0 path_locked=0 path_ttl_ok=0 path_safe=0 on_spline=0 speed=0.00 raw_wpnts=0 raw_age=-s decision=TRAILING reason=NO_STATIC_PATH
1786779408.088 [STATIC_OT] state=TRAILING path_exists=0 path_locked=0 path_ttl_ok=0 path_safe=0 on_spline=0 speed=0.00 raw_wpnts=0 raw_age=-s decision=TRAILING reason=NO_STATIC_PATH
1786779408.119 [OBSTACLES] cur_s=12.22 cur_d=-1.30 vs=0.00 n=2 [id=29 static=0 gap=1.79m d=0.36 size=0.30; id=30 static=1 gap=0.20m d=-0.78 size=0.40]
1786779408.354 [STATIC_OT] state=TRAILING path_exists=0 path_locked=0 path_ttl_ok=0 path_safe=0 on_spline=0 speed=0.00 raw_wpnts=0 raw_age=-s decision=TRAILING reason=NO_STATIC_PATH
1786779408.422 [STATE_CHANGE] TRAILING -> LOSTLINE src=GB_TRACK s=12.23 d=-1.29 vs=0.00
1786779408.494 [STATE_CHANGE] LOSTLINE -> TRAILING src=GB_TRACK s=12.26 d=-1.25 vs=0.00
1786779408.568 [STATIC_OT] state=TRAILING path_exists=0 path_locked=0 path_ttl_ok=0 path_safe=0 on_spline=0 speed=0.00 raw_wpnts=0 raw_age=-s decision=TRAILING reason=NO_STATIC_PATH
1786779408.632 [OBSTACLES] cur_s=12.28 cur_d=-1.19 vs=0.00 n=1 [id=29 static=1 gap=1.78m d=0.40 size=0.30]
1786779408.817 [STATIC_OT] state=TRAILING path_exists=0 path_locked=0 path_ttl_ok=0 path_safe=0 on_spline=0 speed=0.00 raw_wpnts=0 raw_age=-s decision=TRAILING reason=NO_STATIC_PATH
1786779409.058 [STATIC_OT] state=TRAILING path_exists=0 path_locked=0 path_ttl_ok=0 path_safe=0 on_spline=0 speed=0.00 raw_wpnts=0 raw_age=-s decision=TRAILING reason=NO_STATIC_PATH
1786779409.171 [OBSTACLES] cur_s=12.28 cur_d=-1.19 vs=0.00 n=1 [id=29 static=1 gap=1.87m d=0.41 size=0.30]
1786779409.473 [STATIC_OT] state=TRAILING path_exists=0 path_locked=0 path_ttl_ok=0 path_safe=0 on_spline=0 speed=0.00 raw_wpnts=0 raw_age=-s decision=TRAILING reason=NO_STATIC_PATH
1786779409.675 [STATIC_OT] state=TRAILING path_exists=0 path_locked=0 path_ttl_ok=0 path_safe=0 on_spline=0 speed=0.00 raw_wpnts=0 raw_age=-s decision=TRAILING reason=NO_STATIC_PATH
1786779409.724 [OBSTACLES] cur_s=12.27 cur_d=-1.20 vs=0.00 n=1 [id=29 static=1 gap=1.89m d=0.41 size=0.30]
1786779409.897 [STATIC_OT] state=TRAILING path_exists=0 path_locked=0 path_ttl_ok=0 path_safe=0 on_spline=0 speed=0.00 raw_wpnts=0 raw_age=-s decision=TRAILING reason=NO_STATIC_PATH
1786779410.150 [STATIC_OT] state=TRAILING path_exists=0 path_locked=0 path_ttl_ok=0 path_safe=0 on_spline=0 speed=0.00 raw_wpnts=0 raw_age=-s decision=TRAILING reason=NO_STATIC_PATH
1786779410.237 [OBSTACLES] cur_s=12.27 cur_d=-1.19 vs=0.00 n=1 [id=29 static=1 gap=1.89m d=0.41 size=0.30]
1786779410.384 [STATIC_OT] state=TRAILING path_exists=0 path_locked=0 path_ttl_ok=0 path_safe=0 on_spline=0 speed=0.00 raw_wpnts=0 raw_age=-s decision=TRAILING reason=NO_STATIC_PATH
