# static_avoidance_node debug log started 20260815_213233
1786797158.369 [STATIC_AVOID] obs_id=- obs_dist=-m obs_s=- ego_s=4.75 side=- | left_clearance=- right_clearance=- candidate_valid=false rung=- | cache_used=false path_age=- path_points=0 planning_time_ms=0.1 | reason=no_static_obstacle_in_range | cache_reason=no_cache
1786797158.886 [STATIC_AVOID] obs_id=1 obs_dist=2.72m obs_s=7.46 ego_s=4.74 side=LEFT | left_clearance=0.45 right_clearance=0.35 candidate_valid=true rung=0 | cache_used=false path_age=0.000 path_points=83 planning_time_ms=4.9
1786797159.417 [STATIC_AVOID] obs_id=1 obs_dist=2.72m obs_s=7.46 ego_s=4.74 side=LEFT | left_clearance=0.45 right_clearance=0.35 candidate_valid=true rung=0 | cache_used=false path_age=0.000 path_points=83 planning_time_ms=3.7
1786797159.921 [STATIC_AVOID] obs_id=1 obs_dist=2.72m obs_s=7.46 ego_s=4.74 side=LEFT | left_clearance=0.45 right_clearance=0.35 candidate_valid=true rung=0 | cache_used=false path_age=0.000 path_points=83 planning_time_ms=5.1
1786797160.454 [STATIC_AVOID] obs_id=1 obs_dist=2.72m obs_s=7.46 ego_s=4.74 side=LEFT | left_clearance=0.45 right_clearance=0.35 candidate_valid=true rung=0 | cache_used=false path_age=0.000 path_points=83 planning_time_ms=13.6
1786797161.171 [STATIC_AVOID] obs_id=1 obs_dist=2.72m obs_s=7.46 ego_s=4.74 side=LEFT | left_clearance=0.45 right_clearance=0.35 candidate_valid=true rung=0 | cache_used=false path_age=0.000 path_points=83 planning_time_ms=11.5
1786797161.718 [STATIC_AVOID] obs_id=1 obs_dist=2.72m obs_s=7.46 ego_s=4.74 side=LEFT | left_clearance=0.45 right_clearance=0.35 candidate_valid=true rung=0 | cache_used=false path_age=0.000 path_points=83 planning_time_ms=16.5
1786797162.276 [STATIC_AVOID] obs_id=1 obs_dist=2.72m obs_s=7.46 ego_s=4.74 side=LEFT | left_clearance=0.45 right_clearance=0.35 candidate_valid=true rung=0 | cache_used=false path_age=0.000 path_points=83 planning_time_ms=13.6
1786797162.781 [STATIC_AVOID] obs_id=1 obs_dist=2.71m obs_s=7.46 ego_s=4.75 side=LEFT | left_clearance=0.45 right_clearance=0.35 candidate_valid=true rung=0 | cache_used=false path_age=0.000 path_points=83 planning_time_ms=13.9
1786797163.302 [STATIC_AVOID] obs_id=1 obs_dist=2.72m obs_s=7.46 ego_s=4.75 side=LEFT | left_clearance=0.45 right_clearance=0.35 candidate_valid=true rung=0 | cache_used=false path_age=0.000 path_points=83 planning_time_ms=6.5
1786797163.855 [STATIC_AVOID] obs_id=1 obs_dist=2.72m obs_s=7.46 ego_s=4.75 side=LEFT | left_clearance=0.45 right_clearance=0.35 candidate_valid=true rung=0 | cache_used=false path_age=0.000 path_points=83 planning_time_ms=3.5
1786797164.365 [STATIC_AVOID] obs_id=1 obs_dist=2.71m obs_s=7.46 ego_s=4.75 side=LEFT | left_clearance=0.45 right_clearance=0.35 candidate_valid=true rung=0 | cache_used=false path_age=0.000 path_points=83 planning_time_ms=3.3
1786797164.897 [STATIC_AVOID] obs_id=1 obs_dist=2.56m obs_s=7.46 ego_s=4.90 side=LEFT | left_clearance=0.44 right_clearance=0.34 candidate_valid=true rung=2 | cache_used=false path_age=0.000 path_points=87 planning_time_ms=16.0
1786797165.454 [STATIC_AVOID] obs_id=1 obs_dist=1.47m obs_s=7.46 ego_s=5.99 side=RIGHT | left_clearance=0.42 right_clearance=0.34 candidate_valid=true rung=1 | cache_used=false path_age=0.000 path_points=81 planning_time_ms=22.5
1786797166.003 [STATIC_AVOID] obs_id=1 obs_dist=0.09m obs_s=7.46 ego_s=7.37 side=LEFT | left_clearance=0.41 right_clearance=0.33 candidate_valid=true rung=1 | cache_used=false path_age=0.000 path_points=81 planning_time_ms=7.3
1786797166.519 [STATIC_AVOID] obs_id=2 obs_dist=-0.65m obs_s=7.40 ego_s=8.05 side=LEFT | left_clearance=0.68 right_clearance=-0.01 candidate_valid=true rung=0 | cache_used=false path_age=0.000 path_points=81 planning_time_ms=13.5
1786797167.021 [STATIC_AVOID] obs_id=- obs_dist=-m obs_s=- ego_s=9.16 side=- | left_clearance=- right_clearance=- candidate_valid=false rung=- | cache_used=false path_age=- path_points=0 planning_time_ms=0.1 | reason=no_static_obstacle_in_range | cache_reason=no_cache
1786797167.577 [STATIC_AVOID] obs_id=- obs_dist=-m obs_s=- ego_s=10.76 side=- | left_clearance=- right_clearance=- candidate_valid=false rung=- | cache_used=false path_age=- path_points=0 planning_time_ms=4.0 | reason=no_static_obstacle_in_range | cache_reason=no_cache
1786797168.120 [STATIC_AVOID] obs_id=- obs_dist=-m obs_s=- ego_s=12.31 side=- | left_clearance=- right_clearance=- candidate_valid=false rung=- | cache_used=false path_age=- path_points=0 planning_time_ms=0.2 | reason=no_static_obstacle_in_range | cache_reason=no_cache
1786797168.664 [STATIC_AVOID] obs_id=- obs_dist=-m obs_s=- ego_s=14.22 side=- | left_clearance=- right_clearance=- candidate_valid=false rung=- | cache_used=false path_age=- path_points=0 planning_time_ms=0.1 | reason=no_static_obstacle_in_range | cache_reason=no_cache
1786797169.218 [STATIC_AVOID] obs_id=- obs_dist=-m obs_s=- ego_s=15.80 side=- | left_clearance=- right_clearance=- candidate_valid=false rung=- | cache_used=false path_age=- path_points=0 planning_time_ms=0.4 | reason=no_static_obstacle_in_range | cache_reason=no_cache
1786797169.741 [STATIC_AVOID] obs_id=3 obs_dist=5.35m obs_s=22.18 ego_s=16.83 side=LEFT | left_clearance=0.51 right_clearance=0.19 candidate_valid=true rung=0 | cache_used=false path_age=0.000 path_points=114 planning_time_ms=7.4
1786797170.307 [STATIC_AVOID] obs_id=3 obs_dist=3.88m obs_s=22.06 ego_s=18.18 side=RIGHT | left_clearance=0.45 right_clearance=0.28 candidate_valid=true rung=1 | cache_used=false path_age=0.000 path_points=98 planning_time_ms=29.2
1786797170.821 [STATIC_AVOID] obs_id=3 obs_dist=2.65m obs_s=22.10 ego_s=19.45 side=LEFT | left_clearance=0.50 right_clearance=0.22 candidate_valid=true rung=0 | cache_used=false path_age=0.000 path_points=83 planning_time_ms=11.5
1786797171.364 [STATIC_AVOID] obs_id=3 obs_dist=1.18m obs_s=22.14 ego_s=20.96 side=LEFT | left_clearance=0.44 right_clearance=0.18 candidate_valid=true rung=0 | cache_used=false path_age=0.000 path_points=81 planning_time_ms=3.0
1786797171.867 [STATIC_AVOID] obs_id=3 obs_dist=-0.17m obs_s=22.14 ego_s=22.31 side=LEFT | left_clearance=0.44 right_clearance=0.18 candidate_valid=true rung=0 | cache_used=false path_age=0.000 path_points=81 planning_time_ms=5.0
1786797172.412 [STATIC_AVOID] obs_id=- obs_dist=-m obs_s=- ego_s=24.37 side=- | left_clearance=- right_clearance=- candidate_valid=false rung=- | cache_used=false path_age=- path_points=0 planning_time_ms=0.1 | reason=no_static_obstacle_in_range | cache_reason=no_cache
1786797172.915 [STATIC_AVOID] obs_id=- obs_dist=-m obs_s=- ego_s=25.71 side=- | left_clearance=- right_clearance=- candidate_valid=false rung=- | cache_used=false path_age=- path_points=0 planning_time_ms=0.2 | reason=no_static_obstacle_in_range | cache_reason=no_cache
1786797173.429 [STATIC_AVOID] obs_id=- obs_dist=-m obs_s=- ego_s=27.21 side=- | left_clearance=- right_clearance=- candidate_valid=false rung=- | cache_used=false path_age=- path_points=0 planning_time_ms=6.6 | reason=no_static_obstacle_in_range | cache_reason=no_cache
1786797173.930 [STATIC_AVOID] obs_id=- obs_dist=-m obs_s=- ego_s=29.25 side=- | left_clearance=- right_clearance=- candidate_valid=false rung=- | cache_used=false path_age=- path_points=0 planning_time_ms=0.1 | reason=no_static_obstacle_in_range | cache_reason=no_cache
1786797174.470 [STATIC_AVOID] obs_id=- obs_dist=-m obs_s=- ego_s=30.96 side=- | left_clearance=- right_clearance=- candidate_valid=false rung=- | cache_used=false path_age=- path_points=0 planning_time_ms=0.1 | reason=no_static_obstacle_in_range | cache_reason=no_cache
1786797175.015 [STATIC_AVOID] obs_id=- obs_dist=-m obs_s=- ego_s=33.01 side=- | left_clearance=- right_clearance=- candidate_valid=false rung=- | cache_used=false path_age=- path_points=0 planning_time_ms=0.1 | reason=no_static_obstacle_in_range | cache_reason=no_cache
1786797175.563 [STATIC_AVOID] obs_id=- obs_dist=-m obs_s=- ego_s=0.39 side=- | left_clearance=- right_clearance=- candidate_valid=false rung=- | cache_used=false path_age=- path_points=0 planning_time_ms=0.1 | reason=no_static_obstacle_in_range | cache_reason=no_cache
1786797176.063 [STATIC_AVOID] obs_id=- obs_dist=-m obs_s=- ego_s=1.76 side=- | left_clearance=- right_clearance=- candidate_valid=false rung=- | cache_used=false path_age=- path_points=0 planning_time_ms=0.1 | reason=no_static_obstacle_in_range | cache_reason=no_cache
1786797176.627 [STATIC_AVOID] obs_id=4 obs_dist=5.19m obs_s=7.84 ego_s=2.65 side=RIGHT | left_clearance=0.44 right_clearance=0.24 candidate_valid=true rung=1 | cache_used=false path_age=0.000 path_points=107 planning_time_ms=22.0
1786797177.158 [STATIC_AVOID] obs_id=4 obs_dist=4.32m obs_s=7.81 ego_s=3.49 side=LEFT | left_clearance=0.44 right_clearance=0.27 candidate_valid=true rung=0 | cache_used=false path_age=0.000 path_points=99 planning_time_ms=8.6
1786797177.699 [STATIC_AVOID] obs_id=4 obs_dist=2.82m obs_s=7.80 ego_s=4.98 side=RIGHT | left_clearance=0.24 right_clearance=0.29 candidate_valid=true rung=0 | cache_used=false path_age=0.000 path_points=93 planning_time_ms=6.4
1786797178.258 [STATIC_AVOID] obs_id=4 obs_dist=1.02m obs_s=7.78 ego_s=6.76 side=RIGHT | left_clearance=0.15 right_clearance=0.32 candidate_valid=true rung=0 | cache_used=false path_age=0.000 path_points=81 planning_time_ms=13.0
1786797178.811 [STATIC_AVOID] obs_id=4 obs_dist=-0.73m obs_s=7.77 ego_s=8.50 side=RIGHT | left_clearance=-0.24 right_clearance=0.26 candidate_valid=true rung=0 | cache_used=false path_age=0.000 path_points=81 planning_time_ms=24.3
1786797179.338 [STATIC_AVOID] obs_id=- obs_dist=-m obs_s=- ego_s=10.28 side=- | left_clearance=- right_clearance=- candidate_valid=false rung=- | cache_used=false path_age=- path_points=0 planning_time_ms=0.1 | reason=no_static_obstacle_in_range | cache_reason=no_cache
1786797179.869 [STATIC_AVOID] obs_id=- obs_dist=-m obs_s=- ego_s=11.30 side=- | left_clearance=- right_clearance=- candidate_valid=false rung=- | cache_used=false path_age=- path_points=0 planning_time_ms=0.1 | reason=no_static_obstacle_in_range | cache_reason=no_cache
1786797180.378 [STATIC_AVOID] obs_id=- obs_dist=-m obs_s=- ego_s=11.56 side=- | left_clearance=- right_clearance=- candidate_valid=false rung=- | cache_used=false path_age=- path_points=0 planning_time_ms=0.1 | reason=no_static_obstacle_in_range | cache_reason=no_cache
1786797180.916 [STATIC_AVOID] obs_id=- obs_dist=-m obs_s=- ego_s=11.58 side=- | left_clearance=- right_clearance=- candidate_valid=false rung=- | cache_used=false path_age=- path_points=0 planning_time_ms=0.1 | reason=no_static_obstacle_in_range | cache_reason=no_cache
1786797181.416 [STATIC_AVOID] obs_id=- obs_dist=-m obs_s=- ego_s=11.57 side=- | left_clearance=- right_clearance=- candidate_valid=false rung=- | cache_used=false path_age=- path_points=0 planning_time_ms=0.1 | reason=no_static_obstacle_in_range | cache_reason=no_cache
1786797181.963 [STATIC_AVOID] obs_id=- obs_dist=-m obs_s=- ego_s=11.57 side=- | left_clearance=- right_clearance=- candidate_valid=false rung=- | cache_used=false path_age=- path_points=0 planning_time_ms=0.1 | reason=no_static_obstacle_in_range | cache_reason=no_cache
1786797182.474 [STATIC_AVOID] obs_id=- obs_dist=-m obs_s=- ego_s=11.58 side=- | left_clearance=- right_clearance=- candidate_valid=false rung=- | cache_used=false path_age=- path_points=0 planning_time_ms=0.1 | reason=no_static_obstacle_in_range | cache_reason=no_cache
1786797183.019 [STATIC_AVOID] obs_id=- obs_dist=-m obs_s=- ego_s=11.57 side=- | left_clearance=- right_clearance=- candidate_valid=false rung=- | cache_used=false path_age=- path_points=0 planning_time_ms=0.3 | reason=no_static_obstacle_in_range | cache_reason=no_cache
1786797183.563 [STATIC_AVOID] obs_id=- obs_dist=-m obs_s=- ego_s=11.32 side=- | left_clearance=- right_clearance=- candidate_valid=false rung=- | cache_used=false path_age=- path_points=0 planning_time_ms=0.4 | reason=no_static_obstacle_in_range | cache_reason=no_cache
1786797184.063 [STATIC_AVOID] obs_id=- obs_dist=-m obs_s=- ego_s=10.68 side=- | left_clearance=- right_clearance=- candidate_valid=false rung=- | cache_used=false path_age=- path_points=0 planning_time_ms=0.1 | reason=no_static_obstacle_in_range | cache_reason=no_cache
1786797184.575 [STATIC_AVOID] obs_id=- obs_dist=-m obs_s=- ego_s=9.74 side=- | left_clearance=- right_clearance=- candidate_valid=false rung=- | cache_used=false path_age=- path_points=0 planning_time_ms=0.1 | reason=no_static_obstacle_in_range | cache_reason=no_cache
1786797185.111 [STATIC_AVOID] obs_id=- obs_dist=-m obs_s=- ego_s=9.28 side=- | left_clearance=- right_clearance=- candidate_valid=false rung=- | cache_used=false path_age=- path_points=0 planning_time_ms=0.1 | reason=no_static_obstacle_in_range | cache_reason=no_cache
1786797185.611 [STATIC_AVOID] obs_id=- obs_dist=-m obs_s=- ego_s=9.24 side=- | left_clearance=- right_clearance=- candidate_valid=false rung=- | cache_used=false path_age=- path_points=0 planning_time_ms=0.2 | reason=no_static_obstacle_in_range | cache_reason=no_cache
1786797186.119 [STATIC_AVOID] obs_id=- obs_dist=-m obs_s=- ego_s=9.24 side=- | left_clearance=- right_clearance=- candidate_valid=false rung=- | cache_used=false path_age=- path_points=0 planning_time_ms=0.1 | reason=no_static_obstacle_in_range | cache_reason=no_cache
1786797186.673 [STATIC_AVOID] obs_id=- obs_dist=-m obs_s=- ego_s=9.24 side=- | left_clearance=- right_clearance=- candidate_valid=false rung=- | cache_used=false path_age=- path_points=0 planning_time_ms=0.1 | reason=no_static_obstacle_in_range | cache_reason=no_cache
1786797187.211 [STATIC_AVOID] obs_id=- obs_dist=-m obs_s=- ego_s=9.24 side=- | left_clearance=- right_clearance=- candidate_valid=false rung=- | cache_used=false path_age=- path_points=0 planning_time_ms=0.1 | reason=no_static_obstacle_in_range | cache_reason=no_cache
1786797187.724 [STATIC_AVOID] obs_id=- obs_dist=-m obs_s=- ego_s=9.24 side=- | left_clearance=- right_clearance=- candidate_valid=false rung=- | cache_used=false path_age=- path_points=0 planning_time_ms=0.1 | reason=no_static_obstacle_in_range | cache_reason=no_cache
1786797188.227 [STATIC_AVOID] obs_id=- obs_dist=-m obs_s=- ego_s=9.25 side=- | left_clearance=- right_clearance=- candidate_valid=false rung=- | cache_used=false path_age=- path_points=0 planning_time_ms=0.1 | reason=no_static_obstacle_in_range | cache_reason=no_cache
1786797188.763 [STATIC_AVOID] obs_id=- obs_dist=-m obs_s=- ego_s=9.24 side=- | left_clearance=- right_clearance=- candidate_valid=false rung=- | cache_used=false path_age=- path_points=0 planning_time_ms=0.1 | reason=no_static_obstacle_in_range | cache_reason=no_cache
1786797189.271 [STATIC_AVOID] obs_id=- obs_dist=-m obs_s=- ego_s=9.24 side=- | left_clearance=- right_clearance=- candidate_valid=false rung=- | cache_used=false path_age=- path_points=0 planning_time_ms=0.1 | reason=no_static_obstacle_in_range | cache_reason=no_cache
1786797189.815 [STATIC_AVOID] obs_id=- obs_dist=-m obs_s=- ego_s=9.24 side=- | left_clearance=- right_clearance=- candidate_valid=false rung=- | cache_used=false path_age=- path_points=0 planning_time_ms=0.1 | reason=no_static_obstacle_in_range | cache_reason=no_cache
1786797190.327 [STATIC_AVOID] obs_id=- obs_dist=-m obs_s=- ego_s=9.25 side=- | left_clearance=- right_clearance=- candidate_valid=false rung=- | cache_used=false path_age=- path_points=0 planning_time_ms=0.1 | reason=no_static_obstacle_in_range | cache_reason=no_cache
1786797190.870 [STATIC_AVOID] obs_id=- obs_dist=-m obs_s=- ego_s=9.24 side=- | left_clearance=- right_clearance=- candidate_valid=false rung=- | cache_used=false path_age=- path_points=0 planning_time_ms=0.1 | reason=no_static_obstacle_in_range | cache_reason=no_cache
1786797191.418 [STATIC_AVOID] obs_id=- obs_dist=-m obs_s=- ego_s=9.25 side=- | left_clearance=- right_clearance=- candidate_valid=false rung=- | cache_used=false path_age=- path_points=0 planning_time_ms=0.1 | reason=no_static_obstacle_in_range | cache_reason=no_cache
1786797191.980 [STATIC_AVOID] obs_id=- obs_dist=-m obs_s=- ego_s=9.25 side=- | left_clearance=- right_clearance=- candidate_valid=false rung=- | cache_used=false path_age=- path_points=0 planning_time_ms=0.1 | reason=no_static_obstacle_in_range | cache_reason=no_cache
1786797192.512 [STATIC_AVOID] obs_id=- obs_dist=-m obs_s=- ego_s=9.25 side=- | left_clearance=- right_clearance=- candidate_valid=false rung=- | cache_used=false path_age=- path_points=0 planning_time_ms=0.1 | reason=no_static_obstacle_in_range | cache_reason=no_cache
1786797193.017 [STATIC_AVOID] obs_id=- obs_dist=-m obs_s=- ego_s=9.25 side=- | left_clearance=- right_clearance=- candidate_valid=false rung=- | cache_used=false path_age=- path_points=0 planning_time_ms=0.1 | reason=no_static_obstacle_in_range | cache_reason=no_cache
1786797193.566 [STATIC_AVOID] obs_id=- obs_dist=-m obs_s=- ego_s=9.24 side=- | left_clearance=- right_clearance=- candidate_valid=false rung=- | cache_used=false path_age=- path_points=0 planning_time_ms=0.1 | reason=no_static_obstacle_in_range | cache_reason=no_cache
1786797194.123 [STATIC_AVOID] obs_id=- obs_dist=-m obs_s=- ego_s=9.24 side=- | left_clearance=- right_clearance=- candidate_valid=false rung=- | cache_used=false path_age=- path_points=0 planning_time_ms=0.1 | reason=no_static_obstacle_in_range | cache_reason=no_cache
1786797194.629 [STATIC_AVOID] obs_id=- obs_dist=-m obs_s=- ego_s=9.24 side=- | left_clearance=- right_clearance=- candidate_valid=false rung=- | cache_used=false path_age=- path_points=0 planning_time_ms=0.1 | reason=no_static_obstacle_in_range | cache_reason=no_cache
1786797195.164 [STATIC_AVOID] obs_id=- obs_dist=-m obs_s=- ego_s=9.25 side=- | left_clearance=- right_clearance=- candidate_valid=false rung=- | cache_used=false path_age=- path_points=0 planning_time_ms=1.3 | reason=no_static_obstacle_in_range | cache_reason=no_cache
1786797195.679 [STATIC_AVOID] obs_id=- obs_dist=-m obs_s=- ego_s=9.24 side=- | left_clearance=- right_clearance=- candidate_valid=false rung=- | cache_used=false path_age=- path_points=0 planning_time_ms=0.1 | reason=no_static_obstacle_in_range | cache_reason=no_cache
1786797196.219 [STATIC_AVOID] obs_id=- obs_dist=-m obs_s=- ego_s=9.25 side=- | left_clearance=- right_clearance=- candidate_valid=false rung=- | cache_used=false path_age=- path_points=0 planning_time_ms=0.1 | reason=no_static_obstacle_in_range | cache_reason=no_cache
1786797196.723 [STATIC_AVOID] obs_id=- obs_dist=-m obs_s=- ego_s=9.25 side=- | left_clearance=- right_clearance=- candidate_valid=false rung=- | cache_used=false path_age=- path_points=0 planning_time_ms=0.1 | reason=no_static_obstacle_in_range | cache_reason=no_cache
1786797197.227 [STATIC_AVOID] obs_id=- obs_dist=-m obs_s=- ego_s=9.25 side=- | left_clearance=- right_clearance=- candidate_valid=false rung=- | cache_used=false path_age=- path_points=0 planning_time_ms=0.1 | reason=no_static_obstacle_in_range | cache_reason=no_cache
1786797197.768 [STATIC_AVOID] obs_id=- obs_dist=-m obs_s=- ego_s=9.25 side=- | left_clearance=- right_clearance=- candidate_valid=false rung=- | cache_used=false path_age=- path_points=0 planning_time_ms=0.1 | reason=no_static_obstacle_in_range | cache_reason=no_cache
1786797198.318 [STATIC_AVOID] obs_id=- obs_dist=-m obs_s=- ego_s=9.25 side=- | left_clearance=- right_clearance=- candidate_valid=false rung=- | cache_used=false path_age=- path_points=0 planning_time_ms=0.3 | reason=no_static_obstacle_in_range | cache_reason=no_cache
1786797198.868 [STATIC_AVOID] obs_id=- obs_dist=-m obs_s=- ego_s=9.24 side=- | left_clearance=- right_clearance=- candidate_valid=false rung=- | cache_used=false path_age=- path_points=0 planning_time_ms=0.1 | reason=no_static_obstacle_in_range | cache_reason=no_cache
1786797199.381 [STATIC_AVOID] obs_id=- obs_dist=-m obs_s=- ego_s=9.24 side=- | left_clearance=- right_clearance=- candidate_valid=false rung=- | cache_used=false path_age=- path_points=0 planning_time_ms=0.1 | reason=no_static_obstacle_in_range | cache_reason=no_cache
1786797199.925 [STATIC_AVOID] obs_id=- obs_dist=-m obs_s=- ego_s=9.25 side=- | left_clearance=- right_clearance=- candidate_valid=false rung=- | cache_used=false path_age=- path_points=0 planning_time_ms=0.1 | reason=no_static_obstacle_in_range | cache_reason=no_cache
1786797200.472 [STATIC_AVOID] obs_id=- obs_dist=-m obs_s=- ego_s=9.25 side=- | left_clearance=- right_clearance=- candidate_valid=false rung=- | cache_used=false path_age=- path_points=0 planning_time_ms=0.1 | reason=no_static_obstacle_in_range | cache_reason=no_cache
1786797201.021 [STATIC_AVOID] obs_id=- obs_dist=-m obs_s=- ego_s=9.25 side=- | left_clearance=- right_clearance=- candidate_valid=false rung=- | cache_used=false path_age=- path_points=0 planning_time_ms=0.1 | reason=no_static_obstacle_in_range | cache_reason=no_cache
1786797201.566 [STATIC_AVOID] obs_id=- obs_dist=-m obs_s=- ego_s=9.24 side=- | left_clearance=- right_clearance=- candidate_valid=false rung=- | cache_used=false path_age=- path_points=0 planning_time_ms=0.1 | reason=no_static_obstacle_in_range | cache_reason=no_cache
1786797202.119 [STATIC_AVOID] obs_id=- obs_dist=-m obs_s=- ego_s=9.24 side=- | left_clearance=- right_clearance=- candidate_valid=false rung=- | cache_used=false path_age=- path_points=0 planning_time_ms=0.1 | reason=no_static_obstacle_in_range | cache_reason=no_cache
1786797202.664 [STATIC_AVOID] obs_id=- obs_dist=-m obs_s=- ego_s=9.25 side=- | left_clearance=- right_clearance=- candidate_valid=false rung=- | cache_used=false path_age=- path_points=0 planning_time_ms=0.1 | reason=no_static_obstacle_in_range | cache_reason=no_cache
1786797203.168 [STATIC_AVOID] obs_id=- obs_dist=-m obs_s=- ego_s=9.24 side=- | left_clearance=- right_clearance=- candidate_valid=false rung=- | cache_used=false path_age=- path_points=0 planning_time_ms=0.1 | reason=no_static_obstacle_in_range | cache_reason=no_cache
1786797203.716 [STATIC_AVOID] obs_id=- obs_dist=-m obs_s=- ego_s=9.25 side=- | left_clearance=- right_clearance=- candidate_valid=false rung=- | cache_used=false path_age=- path_points=0 planning_time_ms=0.1 | reason=no_static_obstacle_in_range | cache_reason=no_cache
1786797204.221 [STATIC_AVOID] obs_id=- obs_dist=-m obs_s=- ego_s=9.24 side=- | left_clearance=- right_clearance=- candidate_valid=false rung=- | cache_used=false path_age=- path_points=0 planning_time_ms=0.1 | reason=no_static_obstacle_in_range | cache_reason=no_cache
1786797204.723 [STATIC_AVOID] obs_id=- obs_dist=-m obs_s=- ego_s=9.25 side=- | left_clearance=- right_clearance=- candidate_valid=false rung=- | cache_used=false path_age=- path_points=0 planning_time_ms=0.1 | reason=no_static_obstacle_in_range | cache_reason=no_cache
1786797205.261 [STATIC_AVOID] obs_id=- obs_dist=-m obs_s=- ego_s=9.25 side=- | left_clearance=- right_clearance=- candidate_valid=false rung=- | cache_used=false path_age=- path_points=0 planning_time_ms=0.1 | reason=no_static_obstacle_in_range | cache_reason=no_cache
1786797205.771 [STATIC_AVOID] obs_id=- obs_dist=-m obs_s=- ego_s=9.25 side=- | left_clearance=- right_clearance=- candidate_valid=false rung=- | cache_used=false path_age=- path_points=0 planning_time_ms=0.1 | reason=no_static_obstacle_in_range | cache_reason=no_cache
1786797206.326 [STATIC_AVOID] obs_id=- obs_dist=-m obs_s=- ego_s=9.25 side=- | left_clearance=- right_clearance=- candidate_valid=false rung=- | cache_used=false path_age=- path_points=0 planning_time_ms=0.1 | reason=no_static_obstacle_in_range | cache_reason=no_cache
1786797206.862 [STATIC_AVOID] obs_id=- obs_dist=-m obs_s=- ego_s=9.25 side=- | left_clearance=- right_clearance=- candidate_valid=false rung=- | cache_used=false path_age=- path_points=0 planning_time_ms=0.1 | reason=no_static_obstacle_in_range | cache_reason=no_cache
1786797207.371 [STATIC_AVOID] obs_id=- obs_dist=-m obs_s=- ego_s=9.24 side=- | left_clearance=- right_clearance=- candidate_valid=false rung=- | cache_used=false path_age=- path_points=0 planning_time_ms=0.1 | reason=no_static_obstacle_in_range | cache_reason=no_cache
1786797207.874 [STATIC_AVOID] obs_id=- obs_dist=-m obs_s=- ego_s=9.25 side=- | left_clearance=- right_clearance=- candidate_valid=false rung=- | cache_used=false path_age=- path_points=0 planning_time_ms=0.1 | reason=no_static_obstacle_in_range | cache_reason=no_cache
1786797208.423 [STATIC_AVOID] obs_id=- obs_dist=-m obs_s=- ego_s=9.25 side=- | left_clearance=- right_clearance=- candidate_valid=false rung=- | cache_used=false path_age=- path_points=0 planning_time_ms=0.1 | reason=no_static_obstacle_in_range | cache_reason=no_cache
1786797208.923 [STATIC_AVOID] obs_id=- obs_dist=-m obs_s=- ego_s=9.25 side=- | left_clearance=- right_clearance=- candidate_valid=false rung=- | cache_used=false path_age=- path_points=0 planning_time_ms=0.1 | reason=no_static_obstacle_in_range | cache_reason=no_cache
1786797209.466 [STATIC_AVOID] obs_id=- obs_dist=-m obs_s=- ego_s=9.25 side=- | left_clearance=- right_clearance=- candidate_valid=false rung=- | cache_used=false path_age=- path_points=0 planning_time_ms=0.1 | reason=no_static_obstacle_in_range | cache_reason=no_cache
1786797210.011 [STATIC_AVOID] obs_id=- obs_dist=-m obs_s=- ego_s=9.25 side=- | left_clearance=- right_clearance=- candidate_valid=false rung=- | cache_used=false path_age=- path_points=0 planning_time_ms=0.1 | reason=no_static_obstacle_in_range | cache_reason=no_cache
1786797210.518 [STATIC_AVOID] obs_id=- obs_dist=-m obs_s=- ego_s=9.25 side=- | left_clearance=- right_clearance=- candidate_valid=false rung=- | cache_used=false path_age=- path_points=0 planning_time_ms=0.1 | reason=no_static_obstacle_in_range | cache_reason=no_cache
1786797211.075 [STATIC_AVOID] obs_id=- obs_dist=-m obs_s=- ego_s=9.24 side=- | left_clearance=- right_clearance=- candidate_valid=false rung=- | cache_used=false path_age=- path_points=0 planning_time_ms=0.1 | reason=no_static_obstacle_in_range | cache_reason=no_cache
1786797211.621 [STATIC_AVOID] obs_id=- obs_dist=-m obs_s=- ego_s=9.24 side=- | left_clearance=- right_clearance=- candidate_valid=false rung=- | cache_used=false path_age=- path_points=0 planning_time_ms=0.1 | reason=no_static_obstacle_in_range | cache_reason=no_cache
1786797212.173 [STATIC_AVOID] obs_id=- obs_dist=-m obs_s=- ego_s=9.25 side=- | left_clearance=- right_clearance=- candidate_valid=false rung=- | cache_used=false path_age=- path_points=0 planning_time_ms=0.1 | reason=no_static_obstacle_in_range | cache_reason=no_cache
1786797212.676 [STATIC_AVOID] obs_id=- obs_dist=-m obs_s=- ego_s=9.24 side=- | left_clearance=- right_clearance=- candidate_valid=false rung=- | cache_used=false path_age=- path_points=0 planning_time_ms=0.1 | reason=no_static_obstacle_in_range | cache_reason=no_cache
1786797213.222 [STATIC_AVOID] obs_id=- obs_dist=-m obs_s=- ego_s=9.24 side=- | left_clearance=- right_clearance=- candidate_valid=false rung=- | cache_used=false path_age=- path_points=0 planning_time_ms=0.1 | reason=no_static_obstacle_in_range | cache_reason=no_cache
1786797213.775 [STATIC_AVOID] obs_id=- obs_dist=-m obs_s=- ego_s=9.24 side=- | left_clearance=- right_clearance=- candidate_valid=false rung=- | cache_used=false path_age=- path_points=0 planning_time_ms=0.1 | reason=no_static_obstacle_in_range | cache_reason=no_cache
1786797214.315 [STATIC_AVOID] obs_id=- obs_dist=-m obs_s=- ego_s=9.24 side=- | left_clearance=- right_clearance=- candidate_valid=false rung=- | cache_used=false path_age=- path_points=0 planning_time_ms=0.1 | reason=no_static_obstacle_in_range | cache_reason=no_cache
1786797214.817 [STATIC_AVOID] obs_id=- obs_dist=-m obs_s=- ego_s=9.24 side=- | left_clearance=- right_clearance=- candidate_valid=false rung=- | cache_used=false path_age=- path_points=0 planning_time_ms=0.1 | reason=no_static_obstacle_in_range | cache_reason=no_cache
1786797215.364 [STATIC_AVOID] obs_id=- obs_dist=-m obs_s=- ego_s=9.25 side=- | left_clearance=- right_clearance=- candidate_valid=false rung=- | cache_used=false path_age=- path_points=0 planning_time_ms=0.1 | reason=no_static_obstacle_in_range | cache_reason=no_cache
1786797215.867 [STATIC_AVOID] obs_id=- obs_dist=-m obs_s=- ego_s=9.24 side=- | left_clearance=- right_clearance=- candidate_valid=false rung=- | cache_used=false path_age=- path_points=0 planning_time_ms=0.1 | reason=no_static_obstacle_in_range | cache_reason=no_cache
1786797216.368 [STATIC_AVOID] obs_id=- obs_dist=-m obs_s=- ego_s=9.25 side=- | left_clearance=- right_clearance=- candidate_valid=false rung=- | cache_used=false path_age=- path_points=0 planning_time_ms=0.1 | reason=no_static_obstacle_in_range | cache_reason=no_cache
1786797216.913 [STATIC_AVOID] obs_id=- obs_dist=-m obs_s=- ego_s=9.24 side=- | left_clearance=- right_clearance=- candidate_valid=false rung=- | cache_used=false path_age=- path_points=0 planning_time_ms=0.1 | reason=no_static_obstacle_in_range | cache_reason=no_cache
1786797217.415 [STATIC_AVOID] obs_id=- obs_dist=-m obs_s=- ego_s=9.24 side=- | left_clearance=- right_clearance=- candidate_valid=false rung=- | cache_used=false path_age=- path_points=0 planning_time_ms=0.1 | reason=no_static_obstacle_in_range | cache_reason=no_cache
1786797217.918 [STATIC_AVOID] obs_id=- obs_dist=-m obs_s=- ego_s=9.25 side=- | left_clearance=- right_clearance=- candidate_valid=false rung=- | cache_used=false path_age=- path_points=0 planning_time_ms=0.1 | reason=no_static_obstacle_in_range | cache_reason=no_cache
1786797218.418 [STATIC_AVOID] obs_id=- obs_dist=-m obs_s=- ego_s=9.24 side=- | left_clearance=- right_clearance=- candidate_valid=false rung=- | cache_used=false path_age=- path_points=0 planning_time_ms=0.1 | reason=no_static_obstacle_in_range | cache_reason=no_cache
1786797218.977 [STATIC_AVOID] obs_id=- obs_dist=-m obs_s=- ego_s=9.25 side=- | left_clearance=- right_clearance=- candidate_valid=false rung=- | cache_used=false path_age=- path_points=0 planning_time_ms=0.1 | reason=no_static_obstacle_in_range | cache_reason=no_cache
1786797219.518 [STATIC_AVOID] obs_id=- obs_dist=-m obs_s=- ego_s=9.24 side=- | left_clearance=- right_clearance=- candidate_valid=false rung=- | cache_used=false path_age=- path_points=0 planning_time_ms=0.1 | reason=no_static_obstacle_in_range | cache_reason=no_cache
1786797220.024 [STATIC_AVOID] obs_id=- obs_dist=-m obs_s=- ego_s=9.25 side=- | left_clearance=- right_clearance=- candidate_valid=false rung=- | cache_used=false path_age=- path_points=0 planning_time_ms=0.1 | reason=no_static_obstacle_in_range | cache_reason=no_cache
1786797220.563 [STATIC_AVOID] obs_id=- obs_dist=-m obs_s=- ego_s=9.25 side=- | left_clearance=- right_clearance=- candidate_valid=false rung=- | cache_used=false path_age=- path_points=0 planning_time_ms=0.1 | reason=no_static_obstacle_in_range | cache_reason=no_cache
1786797221.122 [STATIC_AVOID] obs_id=- obs_dist=-m obs_s=- ego_s=9.25 side=- | left_clearance=- right_clearance=- candidate_valid=false rung=- | cache_used=false path_age=- path_points=0 planning_time_ms=0.1 | reason=no_static_obstacle_in_range | cache_reason=no_cache
1786797221.666 [STATIC_AVOID] obs_id=- obs_dist=-m obs_s=- ego_s=9.25 side=- | left_clearance=- right_clearance=- candidate_valid=false rung=- | cache_used=false path_age=- path_points=0 planning_time_ms=0.1 | reason=no_static_obstacle_in_range | cache_reason=no_cache
1786797222.168 [STATIC_AVOID] obs_id=- obs_dist=-m obs_s=- ego_s=9.25 side=- | left_clearance=- right_clearance=- candidate_valid=false rung=- | cache_used=false path_age=- path_points=0 planning_time_ms=0.1 | reason=no_static_obstacle_in_range | cache_reason=no_cache
1786797222.717 [STATIC_AVOID] obs_id=- obs_dist=-m obs_s=- ego_s=9.25 side=- | left_clearance=- right_clearance=- candidate_valid=false rung=- | cache_used=false path_age=- path_points=0 planning_time_ms=0.1 | reason=no_static_obstacle_in_range | cache_reason=no_cache
1786797223.266 [STATIC_AVOID] obs_id=- obs_dist=-m obs_s=- ego_s=9.24 side=- | left_clearance=- right_clearance=- candidate_valid=false rung=- | cache_used=false path_age=- path_points=0 planning_time_ms=0.4 | reason=no_static_obstacle_in_range | cache_reason=no_cache
1786797223.769 [STATIC_AVOID] obs_id=- obs_dist=-m obs_s=- ego_s=9.24 side=- | left_clearance=- right_clearance=- candidate_valid=false rung=- | cache_used=false path_age=- path_points=0 planning_time_ms=0.1 | reason=no_static_obstacle_in_range | cache_reason=no_cache
1786797224.322 [STATIC_AVOID] obs_id=- obs_dist=-m obs_s=- ego_s=9.25 side=- | left_clearance=- right_clearance=- candidate_valid=false rung=- | cache_used=false path_age=- path_points=0 planning_time_ms=0.1 | reason=no_static_obstacle_in_range | cache_reason=no_cache
1786797224.822 [STATIC_AVOID] obs_id=- obs_dist=-m obs_s=- ego_s=9.25 side=- | left_clearance=- right_clearance=- candidate_valid=false rung=- | cache_used=false path_age=- path_points=0 planning_time_ms=1.4 | reason=no_static_obstacle_in_range | cache_reason=no_cache
1786797225.369 [STATIC_AVOID] obs_id=- obs_dist=-m obs_s=- ego_s=9.24 side=- | left_clearance=- right_clearance=- candidate_valid=false rung=- | cache_used=false path_age=- path_points=0 planning_time_ms=0.1 | reason=no_static_obstacle_in_range | cache_reason=no_cache
1786797225.875 [STATIC_AVOID] obs_id=- obs_dist=-m obs_s=- ego_s=9.25 side=- | left_clearance=- right_clearance=- candidate_valid=false rung=- | cache_used=false path_age=- path_points=0 planning_time_ms=0.1 | reason=no_static_obstacle_in_range | cache_reason=no_cache
1786797226.376 [STATIC_AVOID] obs_id=- obs_dist=-m obs_s=- ego_s=9.25 side=- | left_clearance=- right_clearance=- candidate_valid=false rung=- | cache_used=false path_age=- path_points=0 planning_time_ms=0.1 | reason=no_static_obstacle_in_range | cache_reason=no_cache
1786797226.876 [STATIC_AVOID] obs_id=- obs_dist=-m obs_s=- ego_s=9.25 side=- | left_clearance=- right_clearance=- candidate_valid=false rung=- | cache_used=false path_age=- path_points=0 planning_time_ms=0.1 | reason=no_static_obstacle_in_range | cache_reason=no_cache
1786797227.425 [STATIC_AVOID] obs_id=- obs_dist=-m obs_s=- ego_s=9.25 side=- | left_clearance=- right_clearance=- candidate_valid=false rung=- | cache_used=false path_age=- path_points=0 planning_time_ms=0.1 | reason=no_static_obstacle_in_range | cache_reason=no_cache
1786797227.963 [STATIC_AVOID] obs_id=- obs_dist=-m obs_s=- ego_s=9.25 side=- | left_clearance=- right_clearance=- candidate_valid=false rung=- | cache_used=false path_age=- path_points=0 planning_time_ms=0.1 | reason=no_static_obstacle_in_range | cache_reason=no_cache
1786797228.464 [STATIC_AVOID] obs_id=- obs_dist=-m obs_s=- ego_s=9.25 side=- | left_clearance=- right_clearance=- candidate_valid=false rung=- | cache_used=false path_age=- path_points=0 planning_time_ms=0.1 | reason=no_static_obstacle_in_range | cache_reason=no_cache
1786797228.964 [STATIC_AVOID] obs_id=- obs_dist=-m obs_s=- ego_s=9.25 side=- | left_clearance=- right_clearance=- candidate_valid=false rung=- | cache_used=false path_age=- path_points=0 planning_time_ms=0.1 | reason=no_static_obstacle_in_range | cache_reason=no_cache
1786797229.472 [STATIC_AVOID] obs_id=- obs_dist=-m obs_s=- ego_s=9.25 side=- | left_clearance=- right_clearance=- candidate_valid=false rung=- | cache_used=false path_age=- path_points=0 planning_time_ms=0.1 | reason=no_static_obstacle_in_range | cache_reason=no_cache
1786797229.977 [STATIC_AVOID] obs_id=- obs_dist=-m obs_s=- ego_s=9.25 side=- | left_clearance=- right_clearance=- candidate_valid=false rung=- | cache_used=false path_age=- path_points=0 planning_time_ms=0.1 | reason=no_static_obstacle_in_range | cache_reason=no_cache
1786797230.498 [STATIC_AVOID] obs_id=6 obs_dist=2.86m obs_s=12.10 ego_s=9.25 side=RIGHT | left_clearance=-0.01 right_clearance=-0.03 candidate_valid=false rung=- | cache_used=false path_age=- path_points=0 planning_time_ms=12.6 | reason=track_too_narrow | cache_reason=cache_collision
1786797231.021 [STATIC_AVOID] obs_id=6 obs_dist=2.78m obs_s=12.03 ego_s=9.25 side=RIGHT | left_clearance=0.11 right_clearance=0.10 candidate_valid=false rung=- | cache_used=false path_age=- path_points=0 planning_time_ms=8.9 | reason=track_too_narrow | cache_reason=no_cache
1786797231.588 [STATIC_AVOID] obs_id=7 obs_dist=2.17m obs_s=11.42 ego_s=9.25 side=LEFT | left_clearance=0.31 right_clearance=-0.10 candidate_valid=false rung=- | cache_used=true path_age=0.249 path_points=83 planning_time_ms=15.7 | reason=obstacle_clearance
1786797232.114 [STATIC_AVOID] obs_id=- obs_dist=-m obs_s=- ego_s=9.24 side=- | left_clearance=- right_clearance=- candidate_valid=false rung=- | cache_used=false path_age=- path_points=0 planning_time_ms=1.0 | reason=no_static_obstacle_in_range | cache_reason=no_cache
1786797232.615 [STATIC_AVOID] obs_id=- obs_dist=-m obs_s=- ego_s=9.25 side=- | left_clearance=- right_clearance=- candidate_valid=false rung=- | cache_used=false path_age=- path_points=0 planning_time_ms=0.3 | reason=no_static_obstacle_in_range | cache_reason=no_cache
1786797233.163 [STATIC_AVOID] obs_id=- obs_dist=-m obs_s=- ego_s=9.25 side=- | left_clearance=- right_clearance=- candidate_valid=false rung=- | cache_used=false path_age=- path_points=0 planning_time_ms=0.1 | reason=no_static_obstacle_in_range | cache_reason=no_cache
1786797233.714 [STATIC_AVOID] obs_id=- obs_dist=-m obs_s=- ego_s=9.25 side=- | left_clearance=- right_clearance=- candidate_valid=false rung=- | cache_used=false path_age=- path_points=0 planning_time_ms=0.1 | reason=no_static_obstacle_in_range | cache_reason=no_cache
1786797234.224 [STATIC_AVOID] obs_id=- obs_dist=-m obs_s=- ego_s=9.25 side=- | left_clearance=- right_clearance=- candidate_valid=false rung=- | cache_used=false path_age=- path_points=0 planning_time_ms=0.1 | reason=no_static_obstacle_in_range | cache_reason=no_cache
1786797234.780 [STATIC_AVOID] obs_id=- obs_dist=-m obs_s=- ego_s=9.25 side=- | left_clearance=- right_clearance=- candidate_valid=false rung=- | cache_used=false path_age=- path_points=0 planning_time_ms=0.1 | reason=no_static_obstacle_in_range | cache_reason=no_cache
1786797235.317 [STATIC_AVOID] obs_id=- obs_dist=-m obs_s=- ego_s=9.25 side=- | left_clearance=- right_clearance=- candidate_valid=false rung=- | cache_used=false path_age=- path_points=0 planning_time_ms=2.1 | reason=no_static_obstacle_in_range | cache_reason=no_cache
1786797235.864 [STATIC_AVOID] obs_id=- obs_dist=-m obs_s=- ego_s=9.25 side=- | left_clearance=- right_clearance=- candidate_valid=false rung=- | cache_used=false path_age=- path_points=0 planning_time_ms=0.1 | reason=no_static_obstacle_in_range | cache_reason=no_cache
1786797236.412 [STATIC_AVOID] obs_id=- obs_dist=-m obs_s=- ego_s=9.25 side=- | left_clearance=- right_clearance=- candidate_valid=false rung=- | cache_used=false path_age=- path_points=0 planning_time_ms=0.1 | reason=no_static_obstacle_in_range | cache_reason=no_cache
1786797236.918 [STATIC_AVOID] obs_id=- obs_dist=-m obs_s=- ego_s=9.24 side=- | left_clearance=- right_clearance=- candidate_valid=false rung=- | cache_used=false path_age=- path_points=0 planning_time_ms=0.1 | reason=no_static_obstacle_in_range | cache_reason=no_cache
1786797237.468 [STATIC_AVOID] obs_id=- obs_dist=-m obs_s=- ego_s=9.24 side=- | left_clearance=- right_clearance=- candidate_valid=false rung=- | cache_used=false path_age=- path_points=0 planning_time_ms=0.1 | reason=no_static_obstacle_in_range | cache_reason=no_cache
1786797238.013 [STATIC_AVOID] obs_id=- obs_dist=-m obs_s=- ego_s=9.25 side=- | left_clearance=- right_clearance=- candidate_valid=false rung=- | cache_used=false path_age=- path_points=0 planning_time_ms=0.1 | reason=no_static_obstacle_in_range | cache_reason=no_cache
1786797238.567 [STATIC_AVOID] obs_id=- obs_dist=-m obs_s=- ego_s=9.25 side=- | left_clearance=- right_clearance=- candidate_valid=false rung=- | cache_used=false path_age=- path_points=0 planning_time_ms=0.1 | reason=no_static_obstacle_in_range | cache_reason=no_cache
1786797239.120 [STATIC_AVOID] obs_id=- obs_dist=-m obs_s=- ego_s=9.25 side=- | left_clearance=- right_clearance=- candidate_valid=false rung=- | cache_used=false path_age=- path_points=0 planning_time_ms=0.1 | reason=no_static_obstacle_in_range | cache_reason=no_cache
1786797239.666 [STATIC_AVOID] obs_id=- obs_dist=-m obs_s=- ego_s=9.25 side=- | left_clearance=- right_clearance=- candidate_valid=false rung=- | cache_used=false path_age=- path_points=0 planning_time_ms=0.1 | reason=no_static_obstacle_in_range | cache_reason=no_cache
1786797240.166 [STATIC_AVOID] obs_id=- obs_dist=-m obs_s=- ego_s=9.25 side=- | left_clearance=- right_clearance=- candidate_valid=false rung=- | cache_used=false path_age=- path_points=0 planning_time_ms=0.1 | reason=no_static_obstacle_in_range | cache_reason=no_cache
1786797240.669 [STATIC_AVOID] obs_id=- obs_dist=-m obs_s=- ego_s=9.24 side=- | left_clearance=- right_clearance=- candidate_valid=false rung=- | cache_used=false path_age=- path_points=0 planning_time_ms=0.1 | reason=no_static_obstacle_in_range | cache_reason=no_cache
1786797241.217 [STATIC_AVOID] obs_id=- obs_dist=-m obs_s=- ego_s=9.25 side=- | left_clearance=- right_clearance=- candidate_valid=false rung=- | cache_used=false path_age=- path_points=0 planning_time_ms=0.1 | reason=no_static_obstacle_in_range | cache_reason=no_cache
1786797241.719 [STATIC_AVOID] obs_id=- obs_dist=-m obs_s=- ego_s=9.25 side=- | left_clearance=- right_clearance=- candidate_valid=false rung=- | cache_used=false path_age=- path_points=0 planning_time_ms=0.1 | reason=no_static_obstacle_in_range | cache_reason=no_cache
1786797242.239 [STATIC_AVOID] obs_id=- obs_dist=-m obs_s=- ego_s=9.25 side=- | left_clearance=- right_clearance=- candidate_valid=false rung=- | cache_used=false path_age=- path_points=0 planning_time_ms=0.2 | reason=no_static_obstacle_in_range | cache_reason=no_cache
1786797242.768 [STATIC_AVOID] obs_id=- obs_dist=-m obs_s=- ego_s=9.25 side=- | left_clearance=- right_clearance=- candidate_valid=false rung=- | cache_used=false path_age=- path_points=0 planning_time_ms=0.5 | reason=no_static_obstacle_in_range | cache_reason=no_cache
1786797243.276 [STATIC_AVOID] obs_id=- obs_dist=-m obs_s=- ego_s=9.25 side=- | left_clearance=- right_clearance=- candidate_valid=false rung=- | cache_used=false path_age=- path_points=0 planning_time_ms=13.1 | reason=no_static_obstacle_in_range | cache_reason=no_cache
1786797243.818 [STATIC_AVOID] obs_id=- obs_dist=-m obs_s=- ego_s=9.25 side=- | left_clearance=- right_clearance=- candidate_valid=false rung=- | cache_used=false path_age=- path_points=0 planning_time_ms=0.2 | reason=no_static_obstacle_in_range | cache_reason=no_cache
1786797244.368 [STATIC_AVOID] obs_id=- obs_dist=-m obs_s=- ego_s=9.24 side=- | left_clearance=- right_clearance=- candidate_valid=false rung=- | cache_used=false path_age=- path_points=0 planning_time_ms=0.1 | reason=no_static_obstacle_in_range | cache_reason=no_cache
1786797244.927 [STATIC_AVOID] obs_id=- obs_dist=-m obs_s=- ego_s=9.25 side=- | left_clearance=- right_clearance=- candidate_valid=false rung=- | cache_used=false path_age=- path_points=0 planning_time_ms=0.1 | reason=no_static_obstacle_in_range | cache_reason=no_cache
1786797245.465 [STATIC_AVOID] obs_id=- obs_dist=-m obs_s=- ego_s=9.25 side=- | left_clearance=- right_clearance=- candidate_valid=false rung=- | cache_used=false path_age=- path_points=0 planning_time_ms=0.1 | reason=no_static_obstacle_in_range | cache_reason=no_cache
1786797246.016 [STATIC_AVOID] obs_id=- obs_dist=-m obs_s=- ego_s=9.25 side=- | left_clearance=- right_clearance=- candidate_valid=false rung=- | cache_used=false path_age=- path_points=0 planning_time_ms=0.1 | reason=no_static_obstacle_in_range | cache_reason=no_cache
1786797246.564 [STATIC_AVOID] obs_id=- obs_dist=-m obs_s=- ego_s=9.25 side=- | left_clearance=- right_clearance=- candidate_valid=false rung=- | cache_used=false path_age=- path_points=0 planning_time_ms=0.1 | reason=no_static_obstacle_in_range | cache_reason=no_cache
1786797247.112 [STATIC_AVOID] obs_id=- obs_dist=-m obs_s=- ego_s=9.25 side=- | left_clearance=- right_clearance=- candidate_valid=false rung=- | cache_used=false path_age=- path_points=0 planning_time_ms=0.1 | reason=no_static_obstacle_in_range | cache_reason=no_cache
1786797247.622 [STATIC_AVOID] obs_id=- obs_dist=-m obs_s=- ego_s=9.24 side=- | left_clearance=- right_clearance=- candidate_valid=false rung=- | cache_used=false path_age=- path_points=0 planning_time_ms=0.1 | reason=no_static_obstacle_in_range | cache_reason=no_cache
1786797248.180 [STATIC_AVOID] obs_id=- obs_dist=-m obs_s=- ego_s=9.24 side=- | left_clearance=- right_clearance=- candidate_valid=false rung=- | cache_used=false path_age=- path_points=0 planning_time_ms=0.2 | reason=no_static_obstacle_in_range | cache_reason=no_cache
1786797248.717 [STATIC_AVOID] obs_id=- obs_dist=-m obs_s=- ego_s=9.25 side=- | left_clearance=- right_clearance=- candidate_valid=false rung=- | cache_used=false path_age=- path_points=0 planning_time_ms=0.1 | reason=no_static_obstacle_in_range | cache_reason=no_cache
1786797249.261 [STATIC_AVOID] obs_id=8 obs_dist=3.35m obs_s=12.59 ego_s=9.24 side=- | left_clearance=- right_clearance=- candidate_valid=false rung=- | cache_used=false path_age=- path_points=0 planning_time_ms=0.2 | reason=raceline_already_clear | cache_reason=no_cache
1786797249.762 [STATIC_AVOID] obs_id=8 obs_dist=3.33m obs_s=12.58 ego_s=9.24 side=- | left_clearance=- right_clearance=- candidate_valid=false rung=- | cache_used=false path_age=- path_points=0 planning_time_ms=0.2 | reason=raceline_already_clear | cache_reason=no_cache
1786797250.312 [STATIC_AVOID] obs_id=- obs_dist=-m obs_s=- ego_s=9.24 side=- | left_clearance=- right_clearance=- candidate_valid=false rung=- | cache_used=false path_age=- path_points=0 planning_time_ms=0.2 | reason=no_static_obstacle_in_range | cache_reason=no_cache
1786797250.815 [STATIC_AVOID] obs_id=- obs_dist=-m obs_s=- ego_s=9.25 side=- | left_clearance=- right_clearance=- candidate_valid=false rung=- | cache_used=false path_age=- path_points=0 planning_time_ms=0.1 | reason=no_static_obstacle_in_range | cache_reason=no_cache
1786797251.370 [STATIC_AVOID] obs_id=- obs_dist=-m obs_s=- ego_s=9.25 side=- | left_clearance=- right_clearance=- candidate_valid=false rung=- | cache_used=false path_age=- path_points=0 planning_time_ms=0.1 | reason=no_static_obstacle_in_range | cache_reason=no_cache
1786797251.916 [STATIC_AVOID] obs_id=- obs_dist=-m obs_s=- ego_s=9.25 side=- | left_clearance=- right_clearance=- candidate_valid=false rung=- | cache_used=false path_age=- path_points=0 planning_time_ms=0.1 | reason=no_static_obstacle_in_range | cache_reason=no_cache
1786797252.419 [STATIC_AVOID] obs_id=- obs_dist=-m obs_s=- ego_s=9.25 side=- | left_clearance=- right_clearance=- candidate_valid=false rung=- | cache_used=false path_age=- path_points=0 planning_time_ms=6.9 | reason=no_static_obstacle_in_range | cache_reason=no_cache
1786797252.963 [STATIC_AVOID] obs_id=- obs_dist=-m obs_s=- ego_s=9.24 side=- | left_clearance=- right_clearance=- candidate_valid=false rung=- | cache_used=false path_age=- path_points=0 planning_time_ms=0.1 | reason=no_static_obstacle_in_range | cache_reason=no_cache
1786797253.469 [STATIC_AVOID] obs_id=- obs_dist=-m obs_s=- ego_s=9.25 side=- | left_clearance=- right_clearance=- candidate_valid=false rung=- | cache_used=false path_age=- path_points=0 planning_time_ms=0.1 | reason=no_static_obstacle_in_range | cache_reason=no_cache
1786797254.029 [STATIC_AVOID] obs_id=- obs_dist=-m obs_s=- ego_s=9.25 side=- | left_clearance=- right_clearance=- candidate_valid=false rung=- | cache_used=false path_age=- path_points=0 planning_time_ms=0.4 | reason=no_static_obstacle_in_range | cache_reason=no_cache
1786797254.562 [STATIC_AVOID] obs_id=- obs_dist=-m obs_s=- ego_s=9.25 side=- | left_clearance=- right_clearance=- candidate_valid=false rung=- | cache_used=false path_age=- path_points=0 planning_time_ms=0.1 | reason=no_static_obstacle_in_range | cache_reason=no_cache
1786797255.072 [STATIC_AVOID] obs_id=- obs_dist=-m obs_s=- ego_s=9.25 side=- | left_clearance=- right_clearance=- candidate_valid=false rung=- | cache_used=false path_age=- path_points=0 planning_time_ms=4.9 | reason=no_static_obstacle_in_range | cache_reason=no_cache
