# static_avoidance_node debug log started 20260816_215025
1786884629.821 [STATIC_AVOID] obs_id=- obs_dist=-m obs_s=- ego_s=7.89 side=- | left_clearance=- right_clearance=- candidate_valid=false rung=- | cache_used=false path_age=- path_points=0 planning_time_ms=0.1 | reason=no_static_obstacle_in_range | cache_reason=no_cache
1786884630.375 [STATIC_AVOID] obs_id=- obs_dist=-m obs_s=- ego_s=7.89 side=- | left_clearance=- right_clearance=- candidate_valid=false rung=- | cache_used=false path_age=- path_points=0 planning_time_ms=0.1 | reason=no_static_obstacle_in_range | cache_reason=no_cache
1786884630.923 [STATIC_AVOID] obs_id=- obs_dist=-m obs_s=- ego_s=7.89 side=- | left_clearance=- right_clearance=- candidate_valid=false rung=- | cache_used=false path_age=- path_points=0 planning_time_ms=0.1 | reason=no_static_obstacle_in_range | cache_reason=no_cache
1786884631.470 [STATIC_AVOID] obs_id=- obs_dist=-m obs_s=- ego_s=16.35 side=- | left_clearance=- right_clearance=- candidate_valid=false rung=- | cache_used=false path_age=- path_points=0 planning_time_ms=0.7 | reason=no_static_obstacle_in_range | cache_reason=no_cache
1786884631.974 [STATIC_AVOID] obs_id=- obs_dist=-m obs_s=- ego_s=16.35 side=- | left_clearance=- right_clearance=- candidate_valid=false rung=- | cache_used=false path_age=- path_points=0 planning_time_ms=0.1 | reason=no_static_obstacle_in_range | cache_reason=no_cache
1786884632.491 [STATIC_AVOID] obs_id=3 obs_dist=5.94m obs_s=22.29 ego_s=16.34 side=- | left_clearance=0.35 right_clearance=0.32 candidate_valid=false rung=- | cache_used=false path_age=- path_points=0 planning_time_ms=10.7 | reason=track_too_narrow | cache_reason=no_cache
1786884633.033 [STATIC_AVOID] obs_id=3 obs_dist=5.96m obs_s=22.30 ego_s=16.35 side=- | left_clearance=0.34 right_clearance=0.31 candidate_valid=false rung=- | cache_used=false path_age=- path_points=0 planning_time_ms=12.3 | reason=map_occupied | cache_reason=no_cache
1786884633.533 [STATIC_AVOID] obs_id=3 obs_dist=5.95m obs_s=22.30 ego_s=16.35 side=- | left_clearance=0.36 right_clearance=0.32 candidate_valid=false rung=- | cache_used=false path_age=- path_points=0 planning_time_ms=6.5 | reason=map_occupied | cache_reason=no_cache
1786884634.038 [STATIC_AVOID] obs_id=3 obs_dist=5.95m obs_s=22.30 ego_s=16.35 side=- | left_clearance=0.36 right_clearance=0.33 candidate_valid=false rung=- | cache_used=false path_age=- path_points=0 planning_time_ms=16.0 | reason=map_occupied | cache_reason=no_cache
1786884634.572 [STATIC_AVOID] obs_id=3 obs_dist=5.95m obs_s=22.30 ego_s=16.35 side=- | left_clearance=0.37 right_clearance=0.32 candidate_valid=false rung=- | cache_used=false path_age=- path_points=0 planning_time_ms=3.6 | reason=track_too_narrow | cache_reason=no_cache
1786884635.082 [STATIC_AVOID] obs_id=3 obs_dist=5.95m obs_s=22.30 ego_s=16.35 side=- | left_clearance=0.36 right_clearance=0.31 candidate_valid=false rung=- | cache_used=false path_age=- path_points=0 planning_time_ms=11.6 | reason=map_occupied | cache_reason=no_cache
1786884635.612 [STATIC_AVOID] obs_id=3 obs_dist=5.95m obs_s=22.30 ego_s=16.35 side=- | left_clearance=0.36 right_clearance=0.31 candidate_valid=false rung=- | cache_used=false path_age=- path_points=0 planning_time_ms=28.9 | reason=map_occupied | cache_reason=no_cache
1786884636.143 [STATIC_AVOID] obs_id=3 obs_dist=5.95m obs_s=22.30 ego_s=16.35 side=- | left_clearance=0.36 right_clearance=0.32 candidate_valid=false rung=- | cache_used=false path_age=- path_points=0 planning_time_ms=3.4 | reason=track_too_narrow | cache_reason=no_cache
1786884636.693 [STATIC_AVOID] obs_id=3 obs_dist=5.95m obs_s=22.30 ego_s=16.35 side=- | left_clearance=0.39 right_clearance=0.35 candidate_valid=false rung=- | cache_used=false path_age=- path_points=0 planning_time_ms=3.3 | reason=track_too_narrow | cache_reason=no_cache
1786884637.238 [STATIC_AVOID] obs_id=3 obs_dist=5.95m obs_s=22.30 ego_s=16.35 side=- | left_clearance=0.37 right_clearance=0.33 candidate_valid=false rung=- | cache_used=false path_age=- path_points=0 planning_time_ms=6.9 | reason=track_too_narrow | cache_reason=no_cache
1786884637.777 [STATIC_AVOID] obs_id=3 obs_dist=5.95m obs_s=22.30 ego_s=16.35 side=- | left_clearance=0.35 right_clearance=0.31 candidate_valid=false rung=- | cache_used=false path_age=- path_points=0 planning_time_ms=6.5 | reason=track_too_narrow | cache_reason=no_cache
1786884638.285 [STATIC_AVOID] obs_id=3 obs_dist=5.95m obs_s=22.30 ego_s=16.35 side=- | left_clearance=0.36 right_clearance=0.32 candidate_valid=false rung=- | cache_used=false path_age=- path_points=0 planning_time_ms=7.6 | reason=track_too_narrow | cache_reason=no_cache
1786884638.793 [STATIC_AVOID] obs_id=3 obs_dist=5.95m obs_s=22.30 ego_s=16.35 side=- | left_clearance=0.38 right_clearance=0.35 candidate_valid=false rung=- | cache_used=false path_age=- path_points=0 planning_time_ms=12.5 | reason=map_occupied | cache_reason=no_cache
1786884639.337 [STATIC_AVOID] obs_id=3 obs_dist=5.95m obs_s=22.30 ego_s=16.35 side=- | left_clearance=0.36 right_clearance=0.33 candidate_valid=false rung=- | cache_used=false path_age=- path_points=0 planning_time_ms=11.1 | reason=track_too_narrow | cache_reason=no_cache
1786884639.840 [STATIC_AVOID] obs_id=3 obs_dist=5.95m obs_s=22.30 ego_s=16.35 side=- | left_clearance=0.38 right_clearance=0.34 candidate_valid=false rung=- | cache_used=false path_age=- path_points=0 planning_time_ms=7.4 | reason=track_too_narrow | cache_reason=no_cache
1786884640.388 [STATIC_AVOID] obs_id=3 obs_dist=5.95m obs_s=22.30 ego_s=16.35 side=- | left_clearance=0.36 right_clearance=0.32 candidate_valid=false rung=- | cache_used=false path_age=- path_points=0 planning_time_ms=11.8 | reason=map_occupied | cache_reason=no_cache
1786884640.929 [STATIC_AVOID] obs_id=3 obs_dist=5.96m obs_s=22.30 ego_s=16.34 side=- | left_clearance=0.37 right_clearance=0.34 candidate_valid=false rung=- | cache_used=false path_age=- path_points=0 planning_time_ms=11.5 | reason=map_occupied | cache_reason=no_cache
1786884641.433 [STATIC_AVOID] obs_id=3 obs_dist=5.96m obs_s=22.30 ego_s=16.34 side=- | left_clearance=0.39 right_clearance=0.36 candidate_valid=false rung=- | cache_used=false path_age=- path_points=0 planning_time_ms=9.3 | reason=map_occupied | cache_reason=no_cache
1786884641.941 [STATIC_AVOID] obs_id=3 obs_dist=5.96m obs_s=22.29 ego_s=16.33 side=- | left_clearance=0.38 right_clearance=0.35 candidate_valid=false rung=- | cache_used=false path_age=- path_points=0 planning_time_ms=18.1 | reason=map_occupied | cache_reason=no_cache
1786884642.445 [STATIC_AVOID] obs_id=3 obs_dist=5.94m obs_s=22.29 ego_s=16.35 side=- | left_clearance=0.36 right_clearance=0.33 candidate_valid=false rung=- | cache_used=false path_age=- path_points=0 planning_time_ms=14.1 | reason=track_too_narrow | cache_reason=no_cache
1786884642.986 [STATIC_AVOID] obs_id=3 obs_dist=5.94m obs_s=22.29 ego_s=16.35 side=- | left_clearance=0.35 right_clearance=0.32 candidate_valid=false rung=- | cache_used=false path_age=- path_points=0 planning_time_ms=17.7 | reason=track_too_narrow | cache_reason=no_cache
1786884643.525 [STATIC_AVOID] obs_id=3 obs_dist=5.94m obs_s=22.29 ego_s=16.35 side=- | left_clearance=0.38 right_clearance=0.35 candidate_valid=false rung=- | cache_used=false path_age=- path_points=0 planning_time_ms=7.9 | reason=track_too_narrow | cache_reason=no_cache
1786884644.037 [STATIC_AVOID] obs_id=3 obs_dist=5.94m obs_s=22.29 ego_s=16.35 side=- | left_clearance=0.38 right_clearance=0.35 candidate_valid=false rung=- | cache_used=false path_age=- path_points=0 planning_time_ms=18.1 | reason=track_too_narrow | cache_reason=no_cache
1786884644.585 [STATIC_AVOID] obs_id=3 obs_dist=5.94m obs_s=22.29 ego_s=16.35 side=- | left_clearance=0.35 right_clearance=0.32 candidate_valid=false rung=- | cache_used=false path_age=- path_points=0 planning_time_ms=14.7 | reason=track_too_narrow | cache_reason=no_cache
1786884645.086 [STATIC_AVOID] obs_id=3 obs_dist=5.94m obs_s=22.29 ego_s=16.35 side=- | left_clearance=0.35 right_clearance=0.32 candidate_valid=false rung=- | cache_used=false path_age=- path_points=0 planning_time_ms=14.4 | reason=track_too_narrow | cache_reason=no_cache
1786884645.636 [STATIC_AVOID] obs_id=3 obs_dist=5.94m obs_s=22.29 ego_s=16.35 side=- | left_clearance=0.36 right_clearance=0.33 candidate_valid=false rung=- | cache_used=false path_age=- path_points=0 planning_time_ms=9.5 | reason=track_too_narrow | cache_reason=no_cache
1786884646.181 [STATIC_AVOID] obs_id=3 obs_dist=5.94m obs_s=22.29 ego_s=16.35 side=- | left_clearance=0.36 right_clearance=0.34 candidate_valid=false rung=- | cache_used=false path_age=- path_points=0 planning_time_ms=7.1 | reason=track_too_narrow | cache_reason=no_cache
1786884646.734 [STATIC_AVOID] obs_id=3 obs_dist=5.94m obs_s=22.29 ego_s=16.35 side=- | left_clearance=0.36 right_clearance=0.33 candidate_valid=false rung=- | cache_used=false path_age=- path_points=0 planning_time_ms=4.3 | reason=track_too_narrow | cache_reason=no_cache
1786884647.250 [STATIC_AVOID] obs_id=3 obs_dist=5.94m obs_s=22.29 ego_s=16.35 side=- | left_clearance=0.37 right_clearance=0.34 candidate_valid=false rung=- | cache_used=false path_age=- path_points=0 planning_time_ms=11.8 | reason=track_too_narrow | cache_reason=no_cache
1786884647.753 [STATIC_AVOID] obs_id=3 obs_dist=5.94m obs_s=22.29 ego_s=16.35 side=- | left_clearance=0.36 right_clearance=0.33 candidate_valid=false rung=- | cache_used=false path_age=- path_points=0 planning_time_ms=22.6 | reason=track_too_narrow | cache_reason=no_cache
1786884648.281 [STATIC_AVOID] obs_id=3 obs_dist=5.94m obs_s=22.29 ego_s=16.35 side=- | left_clearance=0.38 right_clearance=0.35 candidate_valid=false rung=- | cache_used=false path_age=- path_points=0 planning_time_ms=10.0 | reason=track_too_narrow | cache_reason=no_cache
1786884648.787 [STATIC_AVOID] obs_id=3 obs_dist=5.94m obs_s=22.29 ego_s=16.35 side=- | left_clearance=0.35 right_clearance=0.32 candidate_valid=false rung=- | cache_used=false path_age=- path_points=0 planning_time_ms=3.6 | reason=track_too_narrow | cache_reason=no_cache
1786884649.329 [STATIC_AVOID] obs_id=3 obs_dist=5.94m obs_s=22.29 ego_s=16.35 side=- | left_clearance=0.37 right_clearance=0.34 candidate_valid=false rung=- | cache_used=false path_age=- path_points=0 planning_time_ms=7.9 | reason=track_too_narrow | cache_reason=no_cache
1786884649.884 [STATIC_AVOID] obs_id=3 obs_dist=5.94m obs_s=22.29 ego_s=16.35 side=- | left_clearance=0.35 right_clearance=0.32 candidate_valid=false rung=- | cache_used=false path_age=- path_points=0 planning_time_ms=7.4 | reason=track_too_narrow | cache_reason=no_cache
1786884650.435 [STATIC_AVOID] obs_id=3 obs_dist=5.94m obs_s=22.29 ego_s=16.35 side=- | left_clearance=0.35 right_clearance=0.31 candidate_valid=false rung=- | cache_used=false path_age=- path_points=0 planning_time_ms=15.5 | reason=track_too_narrow | cache_reason=no_cache
1786884650.943 [STATIC_AVOID] obs_id=3 obs_dist=5.94m obs_s=22.29 ego_s=16.35 side=- | left_clearance=0.37 right_clearance=0.33 candidate_valid=false rung=- | cache_used=false path_age=- path_points=0 planning_time_ms=15.8 | reason=track_too_narrow | cache_reason=no_cache
1786884651.488 [STATIC_AVOID] obs_id=3 obs_dist=5.94m obs_s=22.29 ego_s=16.35 side=- | left_clearance=0.37 right_clearance=0.34 candidate_valid=false rung=- | cache_used=false path_age=- path_points=0 planning_time_ms=15.8 | reason=track_too_narrow | cache_reason=no_cache
1786884652.030 [STATIC_AVOID] obs_id=3 obs_dist=5.94m obs_s=22.29 ego_s=16.35 side=- | left_clearance=0.35 right_clearance=0.32 candidate_valid=false rung=- | cache_used=false path_age=- path_points=0 planning_time_ms=11.5 | reason=track_too_narrow | cache_reason=no_cache
1786884652.543 [STATIC_AVOID] obs_id=3 obs_dist=5.94m obs_s=22.29 ego_s=16.35 side=- | left_clearance=0.36 right_clearance=0.32 candidate_valid=false rung=- | cache_used=false path_age=- path_points=0 planning_time_ms=17.1 | reason=track_too_narrow | cache_reason=no_cache
1786884653.085 [STATIC_AVOID] obs_id=3 obs_dist=5.94m obs_s=22.29 ego_s=16.35 side=- | left_clearance=0.38 right_clearance=0.34 candidate_valid=false rung=- | cache_used=false path_age=- path_points=0 planning_time_ms=14.5 | reason=track_too_narrow | cache_reason=no_cache
1786884653.611 [STATIC_AVOID] obs_id=3 obs_dist=5.94m obs_s=22.29 ego_s=16.35 side=- | left_clearance=0.36 right_clearance=0.32 candidate_valid=false rung=- | cache_used=false path_age=- path_points=0 planning_time_ms=18.1 | reason=track_too_narrow | cache_reason=no_cache
1786884654.148 [STATIC_AVOID] obs_id=3 obs_dist=5.94m obs_s=22.29 ego_s=16.35 side=- | left_clearance=0.37 right_clearance=0.33 candidate_valid=false rung=- | cache_used=false path_age=- path_points=0 planning_time_ms=23.5 | reason=track_too_narrow | cache_reason=no_cache
1786884654.685 [STATIC_AVOID] obs_id=3 obs_dist=5.94m obs_s=22.29 ego_s=16.35 side=- | left_clearance=0.36 right_clearance=0.32 candidate_valid=false rung=- | cache_used=false path_age=- path_points=0 planning_time_ms=7.9 | reason=track_too_narrow | cache_reason=no_cache
1786884655.264 [STATIC_AVOID] obs_id=3 obs_dist=5.94m obs_s=22.29 ego_s=16.35 side=- | left_clearance=0.34 right_clearance=0.30 candidate_valid=false rung=- | cache_used=false path_age=- path_points=0 planning_time_ms=3.3 | reason=track_too_narrow | cache_reason=no_cache
1786884655.813 [STATIC_AVOID] obs_id=3 obs_dist=5.94m obs_s=22.29 ego_s=16.35 side=- | left_clearance=0.39 right_clearance=0.35 candidate_valid=false rung=- | cache_used=false path_age=- path_points=0 planning_time_ms=17.9 | reason=track_too_narrow | cache_reason=no_cache
1786884656.332 [STATIC_AVOID] obs_id=3 obs_dist=5.94m obs_s=22.29 ego_s=16.35 side=- | left_clearance=0.36 right_clearance=0.32 candidate_valid=false rung=- | cache_used=false path_age=- path_points=0 planning_time_ms=9.3 | reason=track_too_narrow | cache_reason=no_cache
1786884656.875 [STATIC_AVOID] obs_id=3 obs_dist=5.95m obs_s=22.29 ego_s=16.35 side=- | left_clearance=0.38 right_clearance=0.34 candidate_valid=false rung=- | cache_used=false path_age=- path_points=0 planning_time_ms=4.9 | reason=track_too_narrow | cache_reason=no_cache
1786884657.377 [STATIC_AVOID] obs_id=3 obs_dist=5.94m obs_s=22.29 ego_s=16.35 side=- | left_clearance=0.36 right_clearance=0.31 candidate_valid=false rung=- | cache_used=false path_age=- path_points=0 planning_time_ms=9.9 | reason=track_too_narrow | cache_reason=no_cache
1786884657.920 [STATIC_AVOID] obs_id=3 obs_dist=5.94m obs_s=22.29 ego_s=16.35 side=- | left_clearance=0.37 right_clearance=0.33 candidate_valid=false rung=- | cache_used=false path_age=- path_points=0 planning_time_ms=3.4 | reason=track_too_narrow | cache_reason=no_cache
1786884658.424 [STATIC_AVOID] obs_id=3 obs_dist=5.94m obs_s=22.29 ego_s=16.35 side=- | left_clearance=0.38 right_clearance=0.34 candidate_valid=false rung=- | cache_used=false path_age=- path_points=0 planning_time_ms=4.3 | reason=track_too_narrow | cache_reason=no_cache
1786884658.928 [STATIC_AVOID] obs_id=3 obs_dist=5.94m obs_s=22.29 ego_s=16.35 side=- | left_clearance=0.37 right_clearance=0.33 candidate_valid=false rung=- | cache_used=false path_age=- path_points=0 planning_time_ms=10.8 | reason=track_too_narrow | cache_reason=no_cache
1786884659.490 [STATIC_AVOID] obs_id=3 obs_dist=5.94m obs_s=22.29 ego_s=16.35 side=- | left_clearance=0.35 right_clearance=0.30 candidate_valid=false rung=- | cache_used=false path_age=- path_points=0 planning_time_ms=21.8 | reason=track_too_narrow | cache_reason=no_cache
1786884660.033 [STATIC_AVOID] obs_id=3 obs_dist=5.94m obs_s=22.29 ego_s=16.35 side=- | left_clearance=0.36 right_clearance=0.32 candidate_valid=false rung=- | cache_used=false path_age=- path_points=0 planning_time_ms=8.1 | reason=track_too_narrow | cache_reason=no_cache
1786884660.542 [STATIC_AVOID] obs_id=3 obs_dist=5.94m obs_s=22.29 ego_s=16.35 side=- | left_clearance=0.36 right_clearance=0.32 candidate_valid=false rung=- | cache_used=false path_age=- path_points=0 planning_time_ms=17.5 | reason=track_too_narrow | cache_reason=no_cache
1786884661.094 [STATIC_AVOID] obs_id=3 obs_dist=5.94m obs_s=22.29 ego_s=16.35 side=- | left_clearance=0.37 right_clearance=0.32 candidate_valid=false rung=- | cache_used=false path_age=- path_points=0 planning_time_ms=17.5 | reason=track_too_narrow | cache_reason=no_cache
1786884661.649 [STATIC_AVOID] obs_id=3 obs_dist=5.94m obs_s=22.29 ego_s=16.35 side=- | left_clearance=0.36 right_clearance=0.32 candidate_valid=false rung=- | cache_used=false path_age=- path_points=0 planning_time_ms=15.9 | reason=track_too_narrow | cache_reason=no_cache
1786884662.182 [STATIC_AVOID] obs_id=3 obs_dist=5.94m obs_s=22.29 ego_s=16.35 side=- | left_clearance=0.36 right_clearance=0.32 candidate_valid=false rung=- | cache_used=false path_age=- path_points=0 planning_time_ms=12.1 | reason=track_too_narrow | cache_reason=no_cache
1786884662.746 [STATIC_AVOID] obs_id=3 obs_dist=5.94m obs_s=22.29 ego_s=16.35 side=- | left_clearance=0.36 right_clearance=0.32 candidate_valid=false rung=- | cache_used=false path_age=- path_points=0 planning_time_ms=14.3 | reason=track_too_narrow | cache_reason=no_cache
1786884663.260 [STATIC_AVOID] obs_id=3 obs_dist=5.94m obs_s=22.29 ego_s=16.35 side=- | left_clearance=0.36 right_clearance=0.32 candidate_valid=false rung=- | cache_used=false path_age=- path_points=0 planning_time_ms=9.1 | reason=track_too_narrow | cache_reason=no_cache
1786884663.778 [STATIC_AVOID] obs_id=3 obs_dist=5.94m obs_s=22.29 ego_s=16.35 side=- | left_clearance=0.38 right_clearance=0.34 candidate_valid=false rung=- | cache_used=false path_age=- path_points=0 planning_time_ms=7.0 | reason=track_too_narrow | cache_reason=no_cache
1786884664.323 [STATIC_AVOID] obs_id=3 obs_dist=5.94m obs_s=22.29 ego_s=16.35 side=- | left_clearance=0.37 right_clearance=0.33 candidate_valid=false rung=- | cache_used=false path_age=- path_points=0 planning_time_ms=5.1 | reason=track_too_narrow | cache_reason=no_cache
1786884664.824 [STATIC_AVOID] obs_id=3 obs_dist=5.94m obs_s=22.29 ego_s=16.35 side=- | left_clearance=0.36 right_clearance=0.32 candidate_valid=false rung=- | cache_used=false path_age=- path_points=0 planning_time_ms=3.3 | reason=track_too_narrow | cache_reason=no_cache
1786884665.334 [STATIC_AVOID] obs_id=3 obs_dist=5.94m obs_s=22.29 ego_s=16.35 side=- | left_clearance=0.37 right_clearance=0.33 candidate_valid=false rung=- | cache_used=false path_age=- path_points=0 planning_time_ms=13.4 | reason=track_too_narrow | cache_reason=no_cache
1786884665.874 [STATIC_AVOID] obs_id=3 obs_dist=5.94m obs_s=22.29 ego_s=16.35 side=- | left_clearance=0.39 right_clearance=0.34 candidate_valid=false rung=- | cache_used=false path_age=- path_points=0 planning_time_ms=7.8 | reason=track_too_narrow | cache_reason=no_cache
1786884666.398 [STATIC_AVOID] obs_id=3 obs_dist=5.94m obs_s=22.29 ego_s=16.35 side=- | left_clearance=0.36 right_clearance=0.31 candidate_valid=false rung=- | cache_used=false path_age=- path_points=0 planning_time_ms=18.4 | reason=track_too_narrow | cache_reason=no_cache
1786884666.947 [STATIC_AVOID] obs_id=3 obs_dist=5.94m obs_s=22.29 ego_s=16.35 side=- | left_clearance=0.35 right_clearance=0.31 candidate_valid=false rung=- | cache_used=false path_age=- path_points=0 planning_time_ms=15.2 | reason=track_too_narrow | cache_reason=no_cache
1786884667.473 [STATIC_AVOID] obs_id=3 obs_dist=5.94m obs_s=22.29 ego_s=16.35 side=- | left_clearance=0.36 right_clearance=0.31 candidate_valid=false rung=- | cache_used=false path_age=- path_points=0 planning_time_ms=3.4 | reason=track_too_narrow | cache_reason=no_cache
1786884667.985 [STATIC_AVOID] obs_id=3 obs_dist=5.94m obs_s=22.29 ego_s=16.35 side=- | left_clearance=0.36 right_clearance=0.31 candidate_valid=false rung=- | cache_used=false path_age=- path_points=0 planning_time_ms=10.7 | reason=track_too_narrow | cache_reason=no_cache
1786884668.526 [STATIC_AVOID] obs_id=3 obs_dist=5.94m obs_s=22.29 ego_s=16.35 side=- | left_clearance=0.37 right_clearance=0.32 candidate_valid=false rung=- | cache_used=false path_age=- path_points=0 planning_time_ms=5.4 | reason=track_too_narrow | cache_reason=no_cache
1786884669.029 [STATIC_AVOID] obs_id=3 obs_dist=5.94m obs_s=22.29 ego_s=16.35 side=- | left_clearance=0.36 right_clearance=0.32 candidate_valid=false rung=- | cache_used=false path_age=- path_points=0 planning_time_ms=5.8 | reason=track_too_narrow | cache_reason=no_cache
1786884669.606 [STATIC_AVOID] obs_id=3 obs_dist=5.94m obs_s=22.29 ego_s=16.35 side=- | left_clearance=0.36 right_clearance=0.31 candidate_valid=false rung=- | cache_used=false path_age=- path_points=0 planning_time_ms=24.7 | reason=track_too_narrow | cache_reason=no_cache
1786884670.142 [STATIC_AVOID] obs_id=3 obs_dist=5.94m obs_s=22.29 ego_s=16.35 side=- | left_clearance=0.39 right_clearance=0.34 candidate_valid=false rung=- | cache_used=false path_age=- path_points=0 planning_time_ms=13.5 | reason=track_too_narrow | cache_reason=no_cache
1786884670.648 [STATIC_AVOID] obs_id=3 obs_dist=5.94m obs_s=22.29 ego_s=16.35 side=- | left_clearance=0.36 right_clearance=0.31 candidate_valid=false rung=- | cache_used=false path_age=- path_points=0 planning_time_ms=12.3 | reason=track_too_narrow | cache_reason=no_cache
1786884671.180 [STATIC_AVOID] obs_id=3 obs_dist=5.94m obs_s=22.29 ego_s=16.35 side=- | left_clearance=0.37 right_clearance=0.32 candidate_valid=false rung=- | cache_used=false path_age=- path_points=0 planning_time_ms=11.0 | reason=track_too_narrow | cache_reason=no_cache
1786884671.695 [STATIC_AVOID] obs_id=3 obs_dist=5.94m obs_s=22.29 ego_s=16.35 side=- | left_clearance=0.37 right_clearance=0.32 candidate_valid=false rung=- | cache_used=false path_age=- path_points=0 planning_time_ms=16.8 | reason=track_too_narrow | cache_reason=no_cache
1786884672.238 [STATIC_AVOID] obs_id=3 obs_dist=5.94m obs_s=22.29 ego_s=16.35 side=- | left_clearance=0.36 right_clearance=0.31 candidate_valid=false rung=- | cache_used=false path_age=- path_points=0 planning_time_ms=10.6 | reason=track_too_narrow | cache_reason=no_cache
1786884672.741 [STATIC_AVOID] obs_id=3 obs_dist=5.94m obs_s=22.29 ego_s=16.35 side=- | left_clearance=0.39 right_clearance=0.34 candidate_valid=false rung=- | cache_used=false path_age=- path_points=0 planning_time_ms=3.3 | reason=track_too_narrow | cache_reason=no_cache
1786884673.314 [STATIC_AVOID] obs_id=3 obs_dist=5.94m obs_s=22.29 ego_s=16.35 side=- | left_clearance=0.37 right_clearance=0.32 candidate_valid=false rung=- | cache_used=false path_age=- path_points=0 planning_time_ms=23.7 | reason=track_too_narrow | cache_reason=no_cache
1786884673.833 [STATIC_AVOID] obs_id=3 obs_dist=5.94m obs_s=22.29 ego_s=16.35 side=- | left_clearance=0.39 right_clearance=0.34 candidate_valid=false rung=- | cache_used=false path_age=- path_points=0 planning_time_ms=13.6 | reason=track_too_narrow | cache_reason=no_cache
1786884674.374 [STATIC_AVOID] obs_id=3 obs_dist=5.94m obs_s=22.29 ego_s=16.35 side=- | left_clearance=0.36 right_clearance=0.31 candidate_valid=false rung=- | cache_used=false path_age=- path_points=0 planning_time_ms=3.7 | reason=track_too_narrow | cache_reason=no_cache
1786884674.890 [STATIC_AVOID] obs_id=3 obs_dist=5.94m obs_s=22.29 ego_s=16.35 side=- | left_clearance=0.37 right_clearance=0.32 candidate_valid=false rung=- | cache_used=false path_age=- path_points=0 planning_time_ms=9.2 | reason=track_too_narrow | cache_reason=no_cache
1786884675.438 [STATIC_AVOID] obs_id=3 obs_dist=5.94m obs_s=22.29 ego_s=16.35 side=- | left_clearance=0.39 right_clearance=0.34 candidate_valid=false rung=- | cache_used=false path_age=- path_points=0 planning_time_ms=20.5 | reason=track_too_narrow | cache_reason=no_cache
1786884675.944 [STATIC_AVOID] obs_id=3 obs_dist=5.94m obs_s=22.29 ego_s=16.35 side=- | left_clearance=0.37 right_clearance=0.32 candidate_valid=false rung=- | cache_used=false path_age=- path_points=0 planning_time_ms=12.6 | reason=track_too_narrow | cache_reason=no_cache
1786884676.489 [STATIC_AVOID] obs_id=3 obs_dist=5.94m obs_s=22.29 ego_s=16.35 side=- | left_clearance=0.37 right_clearance=0.32 candidate_valid=false rung=- | cache_used=false path_age=- path_points=0 planning_time_ms=16.2 | reason=track_too_narrow | cache_reason=no_cache
1786884677.029 [STATIC_AVOID] obs_id=3 obs_dist=5.94m obs_s=22.29 ego_s=16.35 side=- | left_clearance=0.36 right_clearance=0.31 candidate_valid=false rung=- | cache_used=false path_age=- path_points=0 planning_time_ms=6.5 | reason=track_too_narrow | cache_reason=no_cache
1786884677.531 [STATIC_AVOID] obs_id=3 obs_dist=5.94m obs_s=22.29 ego_s=16.35 side=- | left_clearance=0.36 right_clearance=0.31 candidate_valid=false rung=- | cache_used=false path_age=- path_points=0 planning_time_ms=8.9 | reason=track_too_narrow | cache_reason=no_cache
1786884678.035 [STATIC_AVOID] obs_id=3 obs_dist=5.94m obs_s=22.29 ego_s=16.35 side=- | left_clearance=0.39 right_clearance=0.34 candidate_valid=false rung=- | cache_used=false path_age=- path_points=0 planning_time_ms=7.6 | reason=track_too_narrow | cache_reason=no_cache
1786884678.540 [STATIC_AVOID] obs_id=3 obs_dist=5.94m obs_s=22.29 ego_s=16.35 side=- | left_clearance=0.36 right_clearance=0.31 candidate_valid=false rung=- | cache_used=false path_age=- path_points=0 planning_time_ms=19.5 | reason=track_too_narrow | cache_reason=no_cache
1786884679.086 [STATIC_AVOID] obs_id=3 obs_dist=5.94m obs_s=22.29 ego_s=16.35 side=- | left_clearance=0.39 right_clearance=0.34 candidate_valid=false rung=- | cache_used=false path_age=- path_points=0 planning_time_ms=19.3 | reason=track_too_narrow | cache_reason=no_cache
1786884679.642 [STATIC_AVOID] obs_id=3 obs_dist=5.94m obs_s=22.29 ego_s=16.35 side=- | left_clearance=0.36 right_clearance=0.31 candidate_valid=false rung=- | cache_used=false path_age=- path_points=0 planning_time_ms=18.7 | reason=track_too_narrow | cache_reason=no_cache
1786884680.183 [STATIC_AVOID] obs_id=3 obs_dist=5.94m obs_s=22.29 ego_s=16.35 side=- | left_clearance=0.38 right_clearance=0.33 candidate_valid=false rung=- | cache_used=false path_age=- path_points=0 planning_time_ms=10.4 | reason=track_too_narrow | cache_reason=no_cache
1786884680.692 [STATIC_AVOID] obs_id=3 obs_dist=5.94m obs_s=22.29 ego_s=16.35 side=- | left_clearance=0.37 right_clearance=0.31 candidate_valid=false rung=- | cache_used=false path_age=- path_points=0 planning_time_ms=20.1 | reason=track_too_narrow | cache_reason=no_cache
1786884681.230 [STATIC_AVOID] obs_id=3 obs_dist=5.94m obs_s=22.29 ego_s=16.35 side=- | left_clearance=0.37 right_clearance=0.32 candidate_valid=false rung=- | cache_used=false path_age=- path_points=0 planning_time_ms=3.4 | reason=track_too_narrow | cache_reason=no_cache
1786884681.742 [STATIC_AVOID] obs_id=3 obs_dist=5.94m obs_s=22.29 ego_s=16.35 side=- | left_clearance=0.39 right_clearance=0.34 candidate_valid=false rung=- | cache_used=false path_age=- path_points=0 planning_time_ms=7.6 | reason=track_too_narrow | cache_reason=no_cache
1786884682.260 [STATIC_AVOID] obs_id=3 obs_dist=5.94m obs_s=22.29 ego_s=16.35 side=- | left_clearance=0.37 right_clearance=0.32 candidate_valid=false rung=- | cache_used=false path_age=- path_points=0 planning_time_ms=11.2 | reason=track_too_narrow | cache_reason=no_cache
1786884682.790 [STATIC_AVOID] obs_id=3 obs_dist=5.94m obs_s=22.29 ego_s=16.35 side=- | left_clearance=0.36 right_clearance=0.31 candidate_valid=false rung=- | cache_used=false path_age=- path_points=0 planning_time_ms=14.3 | reason=track_too_narrow | cache_reason=no_cache
1786884683.301 [STATIC_AVOID] obs_id=3 obs_dist=5.94m obs_s=22.29 ego_s=16.35 side=- | left_clearance=0.37 right_clearance=0.31 candidate_valid=false rung=- | cache_used=false path_age=- path_points=0 planning_time_ms=17.2 | reason=track_too_narrow | cache_reason=no_cache
1786884683.827 [STATIC_AVOID] obs_id=3 obs_dist=5.94m obs_s=22.29 ego_s=16.35 side=- | left_clearance=0.39 right_clearance=0.33 candidate_valid=false rung=- | cache_used=false path_age=- path_points=0 planning_time_ms=6.8 | reason=track_too_narrow | cache_reason=no_cache
1786884684.345 [STATIC_AVOID] obs_id=3 obs_dist=5.94m obs_s=22.29 ego_s=16.35 side=- | left_clearance=0.39 right_clearance=0.34 candidate_valid=false rung=- | cache_used=false path_age=- path_points=0 planning_time_ms=17.6 | reason=track_too_narrow | cache_reason=no_cache
1786884684.885 [STATIC_AVOID] obs_id=3 obs_dist=5.94m obs_s=22.29 ego_s=16.35 side=- | left_clearance=0.38 right_clearance=0.33 candidate_valid=false rung=- | cache_used=false path_age=- path_points=0 planning_time_ms=6.7 | reason=track_too_narrow | cache_reason=no_cache
1786884685.432 [STATIC_AVOID] obs_id=3 obs_dist=5.94m obs_s=22.29 ego_s=16.35 side=- | left_clearance=0.37 right_clearance=0.32 candidate_valid=false rung=- | cache_used=false path_age=- path_points=0 planning_time_ms=6.2 | reason=track_too_narrow | cache_reason=no_cache
1786884685.974 [STATIC_AVOID] obs_id=3 obs_dist=5.94m obs_s=22.29 ego_s=16.35 side=- | left_clearance=0.39 right_clearance=0.33 candidate_valid=false rung=- | cache_used=false path_age=- path_points=0 planning_time_ms=3.5 | reason=track_too_narrow | cache_reason=no_cache
1786884686.480 [STATIC_AVOID] obs_id=3 obs_dist=5.94m obs_s=22.29 ego_s=16.35 side=- | left_clearance=0.37 right_clearance=0.32 candidate_valid=false rung=- | cache_used=false path_age=- path_points=0 planning_time_ms=8.5 | reason=track_too_narrow | cache_reason=no_cache
1786884687.040 [STATIC_AVOID] obs_id=3 obs_dist=5.94m obs_s=22.29 ego_s=16.35 side=- | left_clearance=0.38 right_clearance=0.33 candidate_valid=false rung=- | cache_used=false path_age=- path_points=0 planning_time_ms=17.6 | reason=track_too_narrow | cache_reason=no_cache
1786884687.583 [STATIC_AVOID] obs_id=3 obs_dist=5.94m obs_s=22.29 ego_s=16.35 side=- | left_clearance=0.39 right_clearance=0.33 candidate_valid=false rung=- | cache_used=false path_age=- path_points=0 planning_time_ms=6.4 | reason=track_too_narrow | cache_reason=no_cache
1786884688.131 [STATIC_AVOID] obs_id=3 obs_dist=5.94m obs_s=22.29 ego_s=16.35 side=- | left_clearance=0.37 right_clearance=0.32 candidate_valid=false rung=- | cache_used=false path_age=- path_points=0 planning_time_ms=11.8 | reason=track_too_narrow | cache_reason=no_cache
1786884688.675 [STATIC_AVOID] obs_id=3 obs_dist=5.94m obs_s=22.29 ego_s=16.35 side=- | left_clearance=0.38 right_clearance=0.32 candidate_valid=false rung=- | cache_used=false path_age=- path_points=0 planning_time_ms=6.2 | reason=track_too_narrow | cache_reason=no_cache
1786884689.198 [STATIC_AVOID] obs_id=3 obs_dist=5.94m obs_s=22.29 ego_s=16.35 side=- | left_clearance=0.40 right_clearance=0.34 candidate_valid=false rung=- | cache_used=false path_age=- path_points=0 planning_time_ms=13.2 | reason=track_too_narrow | cache_reason=no_cache
1786884689.703 [STATIC_AVOID] obs_id=3 obs_dist=5.94m obs_s=22.29 ego_s=16.35 side=- | left_clearance=0.36 right_clearance=0.30 candidate_valid=false rung=- | cache_used=false path_age=- path_points=0 planning_time_ms=3.6 | reason=track_too_narrow | cache_reason=no_cache
1786884690.231 [STATIC_AVOID] obs_id=3 obs_dist=5.94m obs_s=22.29 ego_s=16.35 side=- | left_clearance=0.37 right_clearance=0.32 candidate_valid=false rung=- | cache_used=false path_age=- path_points=0 planning_time_ms=5.4 | reason=track_too_narrow | cache_reason=no_cache
1786884690.735 [STATIC_AVOID] obs_id=3 obs_dist=5.94m obs_s=22.29 ego_s=16.35 side=- | left_clearance=0.39 right_clearance=0.34 candidate_valid=false rung=- | cache_used=false path_age=- path_points=0 planning_time_ms=9.4 | reason=track_too_narrow | cache_reason=no_cache
1786884691.303 [STATIC_AVOID] obs_id=3 obs_dist=5.94m obs_s=22.29 ego_s=16.35 side=- | left_clearance=0.39 right_clearance=0.34 candidate_valid=false rung=- | cache_used=false path_age=- path_points=0 planning_time_ms=3.4 | reason=track_too_narrow | cache_reason=no_cache
1786884691.826 [STATIC_AVOID] obs_id=3 obs_dist=5.94m obs_s=22.29 ego_s=16.35 side=- | left_clearance=0.37 right_clearance=0.31 candidate_valid=false rung=- | cache_used=false path_age=- path_points=0 planning_time_ms=7.5 | reason=track_too_narrow | cache_reason=no_cache
1786884692.327 [STATIC_AVOID] obs_id=3 obs_dist=5.94m obs_s=22.29 ego_s=16.35 side=- | left_clearance=0.39 right_clearance=0.34 candidate_valid=false rung=- | cache_used=false path_age=- path_points=0 planning_time_ms=6.4 | reason=track_too_narrow | cache_reason=no_cache
1786884692.830 [STATIC_AVOID] obs_id=3 obs_dist=5.94m obs_s=22.29 ego_s=16.35 side=- | left_clearance=0.37 right_clearance=0.31 candidate_valid=false rung=- | cache_used=false path_age=- path_points=0 planning_time_ms=9.9 | reason=track_too_narrow | cache_reason=no_cache
1786884693.333 [STATIC_AVOID] obs_id=3 obs_dist=5.94m obs_s=22.29 ego_s=16.35 side=- | left_clearance=0.39 right_clearance=0.33 candidate_valid=false rung=- | cache_used=false path_age=- path_points=0 planning_time_ms=13.2 | reason=track_too_narrow | cache_reason=no_cache
1786884693.843 [STATIC_AVOID] obs_id=3 obs_dist=5.94m obs_s=22.29 ego_s=16.35 side=- | left_clearance=0.37 right_clearance=0.31 candidate_valid=false rung=- | cache_used=false path_age=- path_points=0 planning_time_ms=18.2 | reason=track_too_narrow | cache_reason=no_cache
1786884694.353 [STATIC_AVOID] obs_id=3 obs_dist=5.94m obs_s=22.29 ego_s=16.35 side=- | left_clearance=0.36 right_clearance=0.31 candidate_valid=false rung=- | cache_used=false path_age=- path_points=0 planning_time_ms=19.1 | reason=track_too_narrow | cache_reason=no_cache
1786884694.874 [STATIC_AVOID] obs_id=3 obs_dist=5.94m obs_s=22.29 ego_s=16.35 side=- | left_clearance=0.37 right_clearance=0.32 candidate_valid=false rung=- | cache_used=false path_age=- path_points=0 planning_time_ms=3.6 | reason=track_too_narrow | cache_reason=no_cache
1786884695.402 [STATIC_AVOID] obs_id=3 obs_dist=5.94m obs_s=22.29 ego_s=16.35 side=- | left_clearance=0.39 right_clearance=0.33 candidate_valid=false rung=- | cache_used=false path_age=- path_points=0 planning_time_ms=13.1 | reason=track_too_narrow | cache_reason=no_cache
1786884695.940 [STATIC_AVOID] obs_id=3 obs_dist=5.94m obs_s=22.29 ego_s=16.35 side=- | left_clearance=0.37 right_clearance=0.31 candidate_valid=false rung=- | cache_used=false path_age=- path_points=0 planning_time_ms=18.1 | reason=track_too_narrow | cache_reason=no_cache
1786884696.445 [STATIC_AVOID] obs_id=3 obs_dist=5.94m obs_s=22.29 ego_s=16.35 side=- | left_clearance=0.38 right_clearance=0.33 candidate_valid=false rung=- | cache_used=false path_age=- path_points=0 planning_time_ms=16.6 | reason=track_too_narrow | cache_reason=no_cache
1786884696.987 [STATIC_AVOID] obs_id=3 obs_dist=5.94m obs_s=22.29 ego_s=16.35 side=- | left_clearance=0.39 right_clearance=0.34 candidate_valid=false rung=- | cache_used=false path_age=- path_points=0 planning_time_ms=12.6 | reason=track_too_narrow | cache_reason=no_cache
1786884697.540 [STATIC_AVOID] obs_id=3 obs_dist=5.94m obs_s=22.29 ego_s=16.35 side=- | left_clearance=0.39 right_clearance=0.33 candidate_valid=false rung=- | cache_used=false path_age=- path_points=0 planning_time_ms=18.2 | reason=track_too_narrow | cache_reason=no_cache
1786884698.069 [STATIC_AVOID] obs_id=3 obs_dist=5.94m obs_s=22.29 ego_s=16.35 side=- | left_clearance=0.36 right_clearance=0.30 candidate_valid=false rung=- | cache_used=false path_age=- path_points=0 planning_time_ms=38.3 | reason=track_too_narrow | cache_reason=no_cache
1786884698.583 [STATIC_AVOID] obs_id=3 obs_dist=5.94m obs_s=22.29 ego_s=16.35 side=- | left_clearance=0.39 right_clearance=0.33 candidate_valid=false rung=- | cache_used=false path_age=- path_points=0 planning_time_ms=8.4 | reason=track_too_narrow | cache_reason=no_cache
1786884699.125 [STATIC_AVOID] obs_id=3 obs_dist=5.94m obs_s=22.29 ego_s=16.35 side=- | left_clearance=0.38 right_clearance=0.32 candidate_valid=false rung=- | cache_used=false path_age=- path_points=0 planning_time_ms=3.6 | reason=track_too_narrow | cache_reason=no_cache
1786884699.631 [STATIC_AVOID] obs_id=3 obs_dist=5.94m obs_s=22.29 ego_s=16.35 side=- | left_clearance=0.38 right_clearance=0.32 candidate_valid=false rung=- | cache_used=false path_age=- path_points=0 planning_time_ms=10.9 | reason=track_too_narrow | cache_reason=no_cache
1786884700.135 [STATIC_AVOID] obs_id=3 obs_dist=5.94m obs_s=22.29 ego_s=16.35 side=- | left_clearance=0.37 right_clearance=0.31 candidate_valid=false rung=- | cache_used=false path_age=- path_points=0 planning_time_ms=11.4 | reason=track_too_narrow | cache_reason=no_cache
1786884700.671 [STATIC_AVOID] obs_id=3 obs_dist=5.94m obs_s=22.29 ego_s=16.35 side=- | left_clearance=0.37 right_clearance=0.31 candidate_valid=false rung=- | cache_used=false path_age=- path_points=0 planning_time_ms=3.3 | reason=track_too_narrow | cache_reason=no_cache
1786884701.193 [STATIC_AVOID] obs_id=3 obs_dist=5.94m obs_s=22.29 ego_s=16.35 side=- | left_clearance=0.37 right_clearance=0.31 candidate_valid=false rung=- | cache_used=false path_age=- path_points=0 planning_time_ms=23.1 | reason=track_too_narrow | cache_reason=no_cache
1786884701.730 [STATIC_AVOID] obs_id=3 obs_dist=5.94m obs_s=22.29 ego_s=16.35 side=- | left_clearance=0.40 right_clearance=0.34 candidate_valid=false rung=- | cache_used=false path_age=- path_points=0 planning_time_ms=5.9 | reason=track_too_narrow | cache_reason=no_cache
1786884702.231 [STATIC_AVOID] obs_id=3 obs_dist=5.94m obs_s=22.29 ego_s=16.35 side=- | left_clearance=0.37 right_clearance=0.31 candidate_valid=false rung=- | cache_used=false path_age=- path_points=0 planning_time_ms=12.0 | reason=track_too_narrow | cache_reason=no_cache
1786884702.779 [STATIC_AVOID] obs_id=3 obs_dist=5.94m obs_s=22.29 ego_s=16.35 side=- | left_clearance=0.37 right_clearance=0.31 candidate_valid=false rung=- | cache_used=false path_age=- path_points=0 planning_time_ms=11.7 | reason=track_too_narrow | cache_reason=no_cache
1786884703.286 [STATIC_AVOID] obs_id=3 obs_dist=5.94m obs_s=22.29 ego_s=16.35 side=- | left_clearance=0.39 right_clearance=0.33 candidate_valid=false rung=- | cache_used=false path_age=- path_points=0 planning_time_ms=12.6 | reason=track_too_narrow | cache_reason=no_cache
1786884703.838 [STATIC_AVOID] obs_id=3 obs_dist=5.94m obs_s=22.29 ego_s=16.35 side=- | left_clearance=0.37 right_clearance=0.31 candidate_valid=false rung=- | cache_used=false path_age=- path_points=0 planning_time_ms=21.1 | reason=track_too_narrow | cache_reason=no_cache
1786884704.340 [STATIC_AVOID] obs_id=3 obs_dist=5.94m obs_s=22.29 ego_s=16.35 side=- | left_clearance=0.37 right_clearance=0.31 candidate_valid=false rung=- | cache_used=false path_age=- path_points=0 planning_time_ms=9.9 | reason=track_too_narrow | cache_reason=no_cache
1786884704.890 [STATIC_AVOID] obs_id=3 obs_dist=5.94m obs_s=22.29 ego_s=16.35 side=- | left_clearance=0.37 right_clearance=0.31 candidate_valid=false rung=- | cache_used=false path_age=- path_points=0 planning_time_ms=13.4 | reason=track_too_narrow | cache_reason=no_cache
1786884705.437 [STATIC_AVOID] obs_id=3 obs_dist=5.94m obs_s=22.29 ego_s=16.35 side=- | left_clearance=0.35 right_clearance=0.29 candidate_valid=false rung=- | cache_used=false path_age=- path_points=0 planning_time_ms=13.1 | reason=track_too_narrow | cache_reason=no_cache
1786884705.983 [STATIC_AVOID] obs_id=3 obs_dist=5.94m obs_s=22.29 ego_s=16.35 side=- | left_clearance=0.40 right_clearance=0.35 candidate_valid=false rung=- | cache_used=false path_age=- path_points=0 planning_time_ms=9.8 | reason=track_too_narrow | cache_reason=no_cache
1786884706.496 [STATIC_AVOID] obs_id=3 obs_dist=5.94m obs_s=22.29 ego_s=16.35 side=- | left_clearance=0.38 right_clearance=0.32 candidate_valid=false rung=- | cache_used=false path_age=- path_points=0 planning_time_ms=12.7 | reason=track_too_narrow | cache_reason=no_cache
1786884707.048 [STATIC_AVOID] obs_id=3 obs_dist=5.94m obs_s=22.29 ego_s=16.35 side=- | left_clearance=0.39 right_clearance=0.33 candidate_valid=false rung=- | cache_used=false path_age=- path_points=0 planning_time_ms=18.1 | reason=track_too_narrow | cache_reason=no_cache
1786884707.581 [STATIC_AVOID] obs_id=3 obs_dist=5.94m obs_s=22.29 ego_s=16.35 side=- | left_clearance=0.36 right_clearance=0.30 candidate_valid=false rung=- | cache_used=false path_age=- path_points=0 planning_time_ms=9.1 | reason=track_too_narrow | cache_reason=no_cache
1786884708.089 [STATIC_AVOID] obs_id=3 obs_dist=5.94m obs_s=22.29 ego_s=16.35 side=- | left_clearance=0.37 right_clearance=0.31 candidate_valid=false rung=- | cache_used=false path_age=- path_points=0 planning_time_ms=20.4 | reason=track_too_narrow | cache_reason=no_cache
1786884708.642 [STATIC_AVOID] obs_id=3 obs_dist=5.94m obs_s=22.29 ego_s=16.35 side=- | left_clearance=0.37 right_clearance=0.31 candidate_valid=false rung=- | cache_used=false path_age=- path_points=0 planning_time_ms=22.5 | reason=track_too_narrow | cache_reason=no_cache
1786884709.198 [STATIC_AVOID] obs_id=3 obs_dist=5.94m obs_s=22.29 ego_s=16.35 side=- | left_clearance=0.37 right_clearance=0.31 candidate_valid=false rung=- | cache_used=false path_age=- path_points=0 planning_time_ms=24.1 | reason=track_too_narrow | cache_reason=no_cache
1786884709.764 [STATIC_AVOID] obs_id=3 obs_dist=5.94m obs_s=22.29 ego_s=16.35 side=- | left_clearance=0.37 right_clearance=0.31 candidate_valid=false rung=- | cache_used=false path_age=- path_points=0 planning_time_ms=8.1 | reason=track_too_narrow | cache_reason=no_cache
1786884710.285 [STATIC_AVOID] obs_id=3 obs_dist=5.94m obs_s=22.29 ego_s=16.35 side=- | left_clearance=0.38 right_clearance=0.32 candidate_valid=false rung=- | cache_used=false path_age=- path_points=0 planning_time_ms=7.5 | reason=track_too_narrow | cache_reason=no_cache
1786884710.831 [STATIC_AVOID] obs_id=3 obs_dist=5.94m obs_s=22.29 ego_s=16.35 side=- | left_clearance=0.36 right_clearance=0.30 candidate_valid=false rung=- | cache_used=false path_age=- path_points=0 planning_time_ms=7.2 | reason=track_too_narrow | cache_reason=no_cache
1786884711.343 [STATIC_AVOID] obs_id=3 obs_dist=5.94m obs_s=22.29 ego_s=16.35 side=- | left_clearance=0.39 right_clearance=0.33 candidate_valid=false rung=- | cache_used=false path_age=- path_points=0 planning_time_ms=11.9 | reason=track_too_narrow | cache_reason=no_cache
1786884711.897 [STATIC_AVOID] obs_id=3 obs_dist=5.94m obs_s=22.29 ego_s=16.35 side=- | left_clearance=0.37 right_clearance=0.31 candidate_valid=false rung=- | cache_used=false path_age=- path_points=0 planning_time_ms=15.6 | reason=track_too_narrow | cache_reason=no_cache
1786884712.431 [STATIC_AVOID] obs_id=3 obs_dist=5.94m obs_s=22.29 ego_s=16.35 side=- | left_clearance=0.36 right_clearance=0.30 candidate_valid=false rung=- | cache_used=false path_age=- path_points=0 planning_time_ms=9.8 | reason=track_too_narrow | cache_reason=no_cache
1786884712.983 [STATIC_AVOID] obs_id=3 obs_dist=5.94m obs_s=22.29 ego_s=16.35 side=- | left_clearance=0.40 right_clearance=0.34 candidate_valid=false rung=- | cache_used=false path_age=- path_points=0 planning_time_ms=14.2 | reason=track_too_narrow | cache_reason=no_cache
1786884713.548 [STATIC_AVOID] obs_id=3 obs_dist=5.94m obs_s=22.29 ego_s=16.35 side=- | left_clearance=0.38 right_clearance=0.32 candidate_valid=false rung=- | cache_used=false path_age=- path_points=0 planning_time_ms=24.7 | reason=track_too_narrow | cache_reason=no_cache
1786884714.093 [STATIC_AVOID] obs_id=3 obs_dist=5.94m obs_s=22.29 ego_s=16.35 side=- | left_clearance=0.39 right_clearance=0.33 candidate_valid=false rung=- | cache_used=false path_age=- path_points=0 planning_time_ms=13.4 | reason=track_too_narrow | cache_reason=no_cache
1786884714.648 [STATIC_AVOID] obs_id=3 obs_dist=5.94m obs_s=22.29 ego_s=16.35 side=- | left_clearance=0.36 right_clearance=0.30 candidate_valid=false rung=- | cache_used=false path_age=- path_points=0 planning_time_ms=11.2 | reason=track_too_narrow | cache_reason=no_cache
1786884715.174 [STATIC_AVOID] obs_id=3 obs_dist=5.94m obs_s=22.29 ego_s=16.35 side=- | left_clearance=0.37 right_clearance=0.31 candidate_valid=false rung=- | cache_used=false path_age=- path_points=0 planning_time_ms=6.8 | reason=track_too_narrow | cache_reason=no_cache
1786884715.681 [STATIC_AVOID] obs_id=3 obs_dist=5.94m obs_s=22.29 ego_s=16.35 side=- | left_clearance=0.37 right_clearance=0.31 candidate_valid=false rung=- | cache_used=false path_age=- path_points=0 planning_time_ms=11.1 | reason=track_too_narrow | cache_reason=no_cache
1786884716.184 [STATIC_AVOID] obs_id=3 obs_dist=5.94m obs_s=22.29 ego_s=16.35 side=- | left_clearance=0.37 right_clearance=0.31 candidate_valid=false rung=- | cache_used=false path_age=- path_points=0 planning_time_ms=9.8 | reason=track_too_narrow | cache_reason=no_cache
1786884716.693 [STATIC_AVOID] obs_id=3 obs_dist=5.94m obs_s=22.29 ego_s=16.35 side=- | left_clearance=0.35 right_clearance=0.29 candidate_valid=false rung=- | cache_used=false path_age=- path_points=0 planning_time_ms=9.4 | reason=track_too_narrow | cache_reason=no_cache
1786884717.235 [STATIC_AVOID] obs_id=3 obs_dist=5.94m obs_s=22.29 ego_s=16.35 side=- | left_clearance=0.37 right_clearance=0.30 candidate_valid=false rung=- | cache_used=false path_age=- path_points=0 planning_time_ms=8.8 | reason=track_too_narrow | cache_reason=no_cache
1786884717.735 [STATIC_AVOID] obs_id=3 obs_dist=5.94m obs_s=22.29 ego_s=16.35 side=- | left_clearance=0.37 right_clearance=0.31 candidate_valid=false rung=- | cache_used=false path_age=- path_points=0 planning_time_ms=7.8 | reason=track_too_narrow | cache_reason=no_cache
1786884718.235 [STATIC_AVOID] obs_id=3 obs_dist=5.94m obs_s=22.29 ego_s=16.35 side=- | left_clearance=0.36 right_clearance=0.30 candidate_valid=false rung=- | cache_used=false path_age=- path_points=0 planning_time_ms=10.2 | reason=track_too_narrow | cache_reason=no_cache
1786884718.746 [STATIC_AVOID] obs_id=3 obs_dist=5.94m obs_s=22.29 ego_s=16.35 side=- | left_clearance=0.38 right_clearance=0.32 candidate_valid=false rung=- | cache_used=false path_age=- path_points=0 planning_time_ms=15.5 | reason=track_too_narrow | cache_reason=no_cache
1786884719.250 [STATIC_AVOID] obs_id=3 obs_dist=5.94m obs_s=22.29 ego_s=16.35 side=- | left_clearance=0.37 right_clearance=0.31 candidate_valid=false rung=- | cache_used=false path_age=- path_points=0 planning_time_ms=21.6 | reason=track_too_narrow | cache_reason=no_cache
1786884719.752 [STATIC_AVOID] obs_id=3 obs_dist=5.94m obs_s=22.29 ego_s=16.35 side=- | left_clearance=0.36 right_clearance=0.29 candidate_valid=false rung=- | cache_used=false path_age=- path_points=0 planning_time_ms=27.1 | reason=track_too_narrow | cache_reason=no_cache
1786884720.283 [STATIC_AVOID] obs_id=3 obs_dist=5.94m obs_s=22.29 ego_s=16.35 side=- | left_clearance=0.37 right_clearance=0.31 candidate_valid=false rung=- | cache_used=false path_age=- path_points=0 planning_time_ms=5.9 | reason=track_too_narrow | cache_reason=no_cache
1786884720.833 [STATIC_AVOID] obs_id=3 obs_dist=5.94m obs_s=22.29 ego_s=16.35 side=- | left_clearance=0.37 right_clearance=0.31 candidate_valid=false rung=- | cache_used=false path_age=- path_points=0 planning_time_ms=10.5 | reason=track_too_narrow | cache_reason=no_cache
1786884721.358 [STATIC_AVOID] obs_id=3 obs_dist=5.94m obs_s=22.29 ego_s=16.35 side=- | left_clearance=0.37 right_clearance=0.30 candidate_valid=false rung=- | cache_used=false path_age=- path_points=0 planning_time_ms=13.9 | reason=track_too_narrow | cache_reason=no_cache
1786884721.902 [STATIC_AVOID] obs_id=3 obs_dist=5.94m obs_s=22.29 ego_s=16.35 side=- | left_clearance=0.37 right_clearance=0.31 candidate_valid=false rung=- | cache_used=false path_age=- path_points=0 planning_time_ms=18.4 | reason=track_too_narrow | cache_reason=no_cache
1786884722.438 [STATIC_AVOID] obs_id=3 obs_dist=5.94m obs_s=22.29 ego_s=16.35 side=- | left_clearance=0.38 right_clearance=0.32 candidate_valid=false rung=- | cache_used=false path_age=- path_points=0 planning_time_ms=13.3 | reason=track_too_narrow | cache_reason=no_cache
1786884722.941 [STATIC_AVOID] obs_id=3 obs_dist=5.94m obs_s=22.29 ego_s=16.35 side=- | left_clearance=0.37 right_clearance=0.31 candidate_valid=false rung=- | cache_used=false path_age=- path_points=0 planning_time_ms=16.1 | reason=track_too_narrow | cache_reason=no_cache
1786884723.449 [STATIC_AVOID] obs_id=3 obs_dist=5.94m obs_s=22.29 ego_s=16.35 side=- | left_clearance=0.37 right_clearance=0.31 candidate_valid=false rung=- | cache_used=false path_age=- path_points=0 planning_time_ms=7.0 | reason=track_too_narrow | cache_reason=no_cache
1786884723.975 [STATIC_AVOID] obs_id=3 obs_dist=5.94m obs_s=22.29 ego_s=16.35 side=- | left_clearance=0.38 right_clearance=0.31 candidate_valid=false rung=- | cache_used=false path_age=- path_points=0 planning_time_ms=7.7 | reason=track_too_narrow | cache_reason=no_cache
1786884724.482 [STATIC_AVOID] obs_id=3 obs_dist=5.94m obs_s=22.29 ego_s=16.35 side=- | left_clearance=0.38 right_clearance=0.31 candidate_valid=false rung=- | cache_used=false path_age=- path_points=0 planning_time_ms=5.9 | reason=track_too_narrow | cache_reason=no_cache
1786884725.026 [STATIC_AVOID] obs_id=3 obs_dist=5.94m obs_s=22.29 ego_s=16.35 side=- | left_clearance=0.39 right_clearance=0.32 candidate_valid=false rung=- | cache_used=false path_age=- path_points=0 planning_time_ms=8.8 | reason=track_too_narrow | cache_reason=no_cache
1786884725.539 [STATIC_AVOID] obs_id=3 obs_dist=5.94m obs_s=22.29 ego_s=16.35 side=- | left_clearance=0.40 right_clearance=0.33 candidate_valid=false rung=- | cache_used=false path_age=- path_points=0 planning_time_ms=7.7 | reason=track_too_narrow | cache_reason=no_cache
1786884726.085 [STATIC_AVOID] obs_id=3 obs_dist=5.94m obs_s=22.29 ego_s=16.35 side=- | left_clearance=0.36 right_clearance=0.30 candidate_valid=false rung=- | cache_used=false path_age=- path_points=0 planning_time_ms=8.2 | reason=track_too_narrow | cache_reason=no_cache
1786884726.589 [STATIC_AVOID] obs_id=3 obs_dist=5.94m obs_s=22.29 ego_s=16.35 side=- | left_clearance=0.39 right_clearance=0.32 candidate_valid=false rung=- | cache_used=false path_age=- path_points=0 planning_time_ms=11.7 | reason=track_too_narrow | cache_reason=no_cache
1786884727.093 [STATIC_AVOID] obs_id=3 obs_dist=5.94m obs_s=22.29 ego_s=16.35 side=- | left_clearance=0.38 right_clearance=0.32 candidate_valid=false rung=- | cache_used=false path_age=- path_points=0 planning_time_ms=12.5 | reason=track_too_narrow | cache_reason=no_cache
1786884727.643 [STATIC_AVOID] obs_id=3 obs_dist=5.94m obs_s=22.29 ego_s=16.35 side=- | left_clearance=0.37 right_clearance=0.31 candidate_valid=false rung=- | cache_used=false path_age=- path_points=0 planning_time_ms=10.1 | reason=track_too_narrow | cache_reason=no_cache
1786884728.179 [STATIC_AVOID] obs_id=3 obs_dist=5.94m obs_s=22.29 ego_s=16.35 side=- | left_clearance=0.38 right_clearance=0.31 candidate_valid=false rung=- | cache_used=false path_age=- path_points=0 planning_time_ms=6.9 | reason=track_too_narrow | cache_reason=no_cache
1786884728.704 [STATIC_AVOID] obs_id=3 obs_dist=5.94m obs_s=22.29 ego_s=16.35 side=- | left_clearance=0.37 right_clearance=0.30 candidate_valid=false rung=- | cache_used=false path_age=- path_points=0 planning_time_ms=13.8 | reason=track_too_narrow | cache_reason=no_cache
1786884729.231 [STATIC_AVOID] obs_id=3 obs_dist=5.94m obs_s=22.29 ego_s=16.35 side=- | left_clearance=0.37 right_clearance=0.30 candidate_valid=false rung=- | cache_used=false path_age=- path_points=0 planning_time_ms=12.2 | reason=track_too_narrow | cache_reason=no_cache
1786884729.744 [STATIC_AVOID] obs_id=3 obs_dist=5.94m obs_s=22.29 ego_s=16.35 side=- | left_clearance=0.38 right_clearance=0.31 candidate_valid=false rung=- | cache_used=false path_age=- path_points=0 planning_time_ms=11.3 | reason=track_too_narrow | cache_reason=no_cache
1786884730.289 [STATIC_AVOID] obs_id=3 obs_dist=5.94m obs_s=22.29 ego_s=16.35 side=- | left_clearance=0.37 right_clearance=0.30 candidate_valid=false rung=- | cache_used=false path_age=- path_points=0 planning_time_ms=29.4 | reason=track_too_narrow | cache_reason=no_cache
1786884730.794 [STATIC_AVOID] obs_id=3 obs_dist=5.94m obs_s=22.29 ego_s=16.35 side=- | left_clearance=0.39 right_clearance=0.33 candidate_valid=false rung=- | cache_used=false path_age=- path_points=0 planning_time_ms=14.1 | reason=track_too_narrow | cache_reason=no_cache
1786884731.333 [STATIC_AVOID] obs_id=3 obs_dist=5.94m obs_s=22.29 ego_s=16.35 side=- | left_clearance=0.40 right_clearance=0.33 candidate_valid=false rung=- | cache_used=false path_age=- path_points=0 planning_time_ms=3.6 | reason=track_too_narrow | cache_reason=no_cache
1786884731.893 [STATIC_AVOID] obs_id=3 obs_dist=5.94m obs_s=22.29 ego_s=16.35 side=- | left_clearance=0.40 right_clearance=0.33 candidate_valid=false rung=- | cache_used=false path_age=- path_points=0 planning_time_ms=15.0 | reason=track_too_narrow | cache_reason=no_cache
1786884732.438 [STATIC_AVOID] obs_id=3 obs_dist=5.94m obs_s=22.29 ego_s=16.35 side=- | left_clearance=0.36 right_clearance=0.29 candidate_valid=false rung=- | cache_used=false path_age=- path_points=0 planning_time_ms=5.0 | reason=track_too_narrow | cache_reason=no_cache
1786884732.996 [STATIC_AVOID] obs_id=3 obs_dist=5.94m obs_s=22.29 ego_s=16.35 side=- | left_clearance=0.39 right_clearance=0.32 candidate_valid=false rung=- | cache_used=false path_age=- path_points=0 planning_time_ms=12.2 | reason=track_too_narrow | cache_reason=no_cache
1786884733.521 [STATIC_AVOID] obs_id=3 obs_dist=5.94m obs_s=22.29 ego_s=16.35 side=- | left_clearance=0.39 right_clearance=0.32 candidate_valid=false rung=- | cache_used=false path_age=- path_points=0 planning_time_ms=3.4 | reason=track_too_narrow | cache_reason=no_cache
1786884734.031 [STATIC_AVOID] obs_id=3 obs_dist=5.94m obs_s=22.29 ego_s=16.35 side=- | left_clearance=0.40 right_clearance=0.33 candidate_valid=false rung=- | cache_used=false path_age=- path_points=0 planning_time_ms=14.6 | reason=track_too_narrow | cache_reason=no_cache
1786884734.571 [STATIC_AVOID] obs_id=3 obs_dist=5.94m obs_s=22.29 ego_s=16.35 side=- | left_clearance=0.37 right_clearance=0.30 candidate_valid=false rung=- | cache_used=false path_age=- path_points=0 planning_time_ms=3.4 | reason=track_too_narrow | cache_reason=no_cache
1786884735.093 [STATIC_AVOID] obs_id=3 obs_dist=5.94m obs_s=22.29 ego_s=16.35 side=- | left_clearance=0.40 right_clearance=0.34 candidate_valid=false rung=- | cache_used=false path_age=- path_points=0 planning_time_ms=8.2 | reason=track_too_narrow | cache_reason=no_cache
1786884735.647 [STATIC_AVOID] obs_id=3 obs_dist=5.94m obs_s=22.29 ego_s=16.35 side=- | left_clearance=0.38 right_clearance=0.31 candidate_valid=false rung=- | cache_used=false path_age=- path_points=0 planning_time_ms=16.0 | reason=track_too_narrow | cache_reason=no_cache
1786884736.200 [STATIC_AVOID] obs_id=3 obs_dist=5.94m obs_s=22.29 ego_s=16.35 side=- | left_clearance=0.39 right_clearance=0.32 candidate_valid=false rung=- | cache_used=false path_age=- path_points=0 planning_time_ms=26.2 | reason=track_too_narrow | cache_reason=no_cache
1786884736.747 [STATIC_AVOID] obs_id=3 obs_dist=5.94m obs_s=22.29 ego_s=16.35 side=- | left_clearance=0.38 right_clearance=0.31 candidate_valid=false rung=- | cache_used=false path_age=- path_points=0 planning_time_ms=18.7 | reason=track_too_narrow | cache_reason=no_cache
1786884737.301 [STATIC_AVOID] obs_id=3 obs_dist=5.94m obs_s=22.29 ego_s=16.35 side=- | left_clearance=0.38 right_clearance=0.31 candidate_valid=false rung=- | cache_used=false path_age=- path_points=0 planning_time_ms=13.0 | reason=track_too_narrow | cache_reason=no_cache
1786884737.833 [STATIC_AVOID] obs_id=3 obs_dist=5.94m obs_s=22.29 ego_s=16.35 side=- | left_clearance=0.38 right_clearance=0.31 candidate_valid=false rung=- | cache_used=false path_age=- path_points=0 planning_time_ms=9.2 | reason=track_too_narrow | cache_reason=no_cache
1786884738.388 [STATIC_AVOID] obs_id=3 obs_dist=5.94m obs_s=22.29 ego_s=16.35 side=- | left_clearance=0.36 right_clearance=0.29 candidate_valid=false rung=- | cache_used=false path_age=- path_points=0 planning_time_ms=14.9 | reason=track_too_narrow | cache_reason=no_cache
1786884738.931 [STATIC_AVOID] obs_id=3 obs_dist=5.94m obs_s=22.29 ego_s=16.35 side=- | left_clearance=0.37 right_clearance=0.30 candidate_valid=false rung=- | cache_used=false path_age=- path_points=0 planning_time_ms=9.5 | reason=track_too_narrow | cache_reason=no_cache
1786884739.438 [STATIC_AVOID] obs_id=3 obs_dist=5.94m obs_s=22.29 ego_s=16.35 side=- | left_clearance=0.36 right_clearance=0.29 candidate_valid=false rung=- | cache_used=false path_age=- path_points=0 planning_time_ms=16.9 | reason=track_too_narrow | cache_reason=no_cache
1786884739.987 [STATIC_AVOID] obs_id=3 obs_dist=5.94m obs_s=22.29 ego_s=16.35 side=- | left_clearance=0.40 right_clearance=0.33 candidate_valid=false rung=- | cache_used=false path_age=- path_points=0 planning_time_ms=13.8 | reason=track_too_narrow | cache_reason=no_cache
1786884740.492 [STATIC_AVOID] obs_id=3 obs_dist=5.94m obs_s=22.29 ego_s=16.35 side=- | left_clearance=0.37 right_clearance=0.30 candidate_valid=false rung=- | cache_used=false path_age=- path_points=0 planning_time_ms=16.5 | reason=track_too_narrow | cache_reason=no_cache
1786884741.029 [STATIC_AVOID] obs_id=3 obs_dist=5.94m obs_s=22.29 ego_s=16.35 side=- | left_clearance=0.37 right_clearance=0.30 candidate_valid=false rung=- | cache_used=false path_age=- path_points=0 planning_time_ms=8.8 | reason=track_too_narrow | cache_reason=no_cache
1786884741.572 [STATIC_AVOID] obs_id=3 obs_dist=5.94m obs_s=22.29 ego_s=16.35 side=- | left_clearance=0.36 right_clearance=0.29 candidate_valid=false rung=- | cache_used=false path_age=- path_points=0 planning_time_ms=3.5 | reason=track_too_narrow | cache_reason=no_cache
1786884742.088 [STATIC_AVOID] obs_id=3 obs_dist=5.94m obs_s=22.29 ego_s=16.35 side=- | left_clearance=0.38 right_clearance=0.31 candidate_valid=false rung=- | cache_used=false path_age=- path_points=0 planning_time_ms=3.5 | reason=track_too_narrow | cache_reason=no_cache
1786884742.607 [STATIC_AVOID] obs_id=3 obs_dist=5.94m obs_s=22.29 ego_s=16.35 side=- | left_clearance=0.39 right_clearance=0.32 candidate_valid=false rung=- | cache_used=false path_age=- path_points=0 planning_time_ms=18.8 | reason=track_too_narrow | cache_reason=no_cache
1786884743.133 [STATIC_AVOID] obs_id=3 obs_dist=5.94m obs_s=22.29 ego_s=16.35 side=- | left_clearance=0.37 right_clearance=0.30 candidate_valid=false rung=- | cache_used=false path_age=- path_points=0 planning_time_ms=12.3 | reason=track_too_narrow | cache_reason=no_cache
1786884743.644 [STATIC_AVOID] obs_id=3 obs_dist=5.94m obs_s=22.29 ego_s=16.35 side=- | left_clearance=0.36 right_clearance=0.29 candidate_valid=false rung=- | cache_used=false path_age=- path_points=0 planning_time_ms=11.7 | reason=track_too_narrow | cache_reason=no_cache
1786884744.178 [STATIC_AVOID] obs_id=3 obs_dist=5.94m obs_s=22.29 ego_s=16.35 side=- | left_clearance=0.38 right_clearance=0.31 candidate_valid=false rung=- | cache_used=false path_age=- path_points=0 planning_time_ms=9.0 | reason=track_too_narrow | cache_reason=no_cache
1786884744.688 [STATIC_AVOID] obs_id=3 obs_dist=5.94m obs_s=22.29 ego_s=16.35 side=- | left_clearance=0.41 right_clearance=0.34 candidate_valid=false rung=- | cache_used=false path_age=- path_points=0 planning_time_ms=16.0 | reason=track_too_narrow | cache_reason=no_cache
1786884745.236 [STATIC_AVOID] obs_id=3 obs_dist=5.94m obs_s=22.29 ego_s=16.35 side=- | left_clearance=0.39 right_clearance=0.32 candidate_valid=false rung=- | cache_used=false path_age=- path_points=0 planning_time_ms=8.9 | reason=track_too_narrow | cache_reason=no_cache
1786884745.758 [STATIC_AVOID] obs_id=3 obs_dist=5.94m obs_s=22.29 ego_s=16.35 side=- | left_clearance=0.41 right_clearance=0.34 candidate_valid=false rung=- | cache_used=false path_age=- path_points=0 planning_time_ms=22.4 | reason=track_too_narrow | cache_reason=no_cache
1786884746.288 [STATIC_AVOID] obs_id=3 obs_dist=5.94m obs_s=22.29 ego_s=16.35 side=- | left_clearance=0.38 right_clearance=0.30 candidate_valid=false rung=- | cache_used=false path_age=- path_points=0 planning_time_ms=7.4 | reason=track_too_narrow | cache_reason=no_cache
1786884746.826 [STATIC_AVOID] obs_id=3 obs_dist=5.94m obs_s=22.29 ego_s=16.35 side=- | left_clearance=0.38 right_clearance=0.31 candidate_valid=false rung=- | cache_used=false path_age=- path_points=0 planning_time_ms=8.3 | reason=track_too_narrow | cache_reason=no_cache
1786884747.350 [STATIC_AVOID] obs_id=3 obs_dist=5.94m obs_s=22.29 ego_s=16.35 side=- | left_clearance=0.38 right_clearance=0.31 candidate_valid=false rung=- | cache_used=false path_age=- path_points=0 planning_time_ms=10.7 | reason=track_too_narrow | cache_reason=no_cache
1786884747.904 [STATIC_AVOID] obs_id=3 obs_dist=5.94m obs_s=22.29 ego_s=16.35 side=- | left_clearance=0.38 right_clearance=0.30 candidate_valid=false rung=- | cache_used=false path_age=- path_points=0 planning_time_ms=26.0 | reason=track_too_narrow | cache_reason=no_cache
1786884748.431 [STATIC_AVOID] obs_id=3 obs_dist=5.94m obs_s=22.29 ego_s=16.35 side=- | left_clearance=0.38 right_clearance=0.31 candidate_valid=false rung=- | cache_used=false path_age=- path_points=0 planning_time_ms=12.3 | reason=track_too_narrow | cache_reason=no_cache
1786884748.946 [STATIC_AVOID] obs_id=3 obs_dist=5.94m obs_s=22.29 ego_s=16.35 side=- | left_clearance=0.37 right_clearance=0.30 candidate_valid=false rung=- | cache_used=false path_age=- path_points=0 planning_time_ms=25.5 | reason=track_too_narrow | cache_reason=no_cache
1786884749.489 [STATIC_AVOID] obs_id=3 obs_dist=5.94m obs_s=22.29 ego_s=16.35 side=- | left_clearance=0.36 right_clearance=0.29 candidate_valid=false rung=- | cache_used=false path_age=- path_points=0 planning_time_ms=16.5 | reason=track_too_narrow | cache_reason=no_cache
1786884750.032 [STATIC_AVOID] obs_id=3 obs_dist=5.94m obs_s=22.29 ego_s=16.35 side=- | left_clearance=0.38 right_clearance=0.30 candidate_valid=false rung=- | cache_used=false path_age=- path_points=0 planning_time_ms=11.8 | reason=track_too_narrow | cache_reason=no_cache
1786884750.582 [STATIC_AVOID] obs_id=3 obs_dist=5.94m obs_s=22.29 ego_s=16.35 side=- | left_clearance=0.38 right_clearance=0.30 candidate_valid=false rung=- | cache_used=false path_age=- path_points=0 planning_time_ms=12.4 | reason=track_too_narrow | cache_reason=no_cache
1786884751.089 [STATIC_AVOID] obs_id=3 obs_dist=5.94m obs_s=22.29 ego_s=16.35 side=- | left_clearance=0.39 right_clearance=0.32 candidate_valid=false rung=- | cache_used=false path_age=- path_points=0 planning_time_ms=9.6 | reason=track_too_narrow | cache_reason=no_cache
1786884751.601 [STATIC_AVOID] obs_id=3 obs_dist=5.94m obs_s=22.29 ego_s=16.35 side=- | left_clearance=0.38 right_clearance=0.31 candidate_valid=false rung=- | cache_used=false path_age=- path_points=0 planning_time_ms=14.8 | reason=track_too_narrow | cache_reason=no_cache
1786884752.148 [STATIC_AVOID] obs_id=3 obs_dist=5.94m obs_s=22.29 ego_s=16.35 side=- | left_clearance=0.39 right_clearance=0.32 candidate_valid=false rung=- | cache_used=false path_age=- path_points=0 planning_time_ms=21.6 | reason=track_too_narrow | cache_reason=no_cache
1786884752.694 [STATIC_AVOID] obs_id=3 obs_dist=5.94m obs_s=22.29 ego_s=16.35 side=- | left_clearance=0.36 right_clearance=0.29 candidate_valid=false rung=- | cache_used=false path_age=- path_points=0 planning_time_ms=21.6 | reason=track_too_narrow | cache_reason=no_cache
1786884753.234 [STATIC_AVOID] obs_id=3 obs_dist=5.94m obs_s=22.29 ego_s=16.35 side=- | left_clearance=0.39 right_clearance=0.31 candidate_valid=false rung=- | cache_used=false path_age=- path_points=0 planning_time_ms=8.4 | reason=track_too_narrow | cache_reason=no_cache
1786884753.742 [STATIC_AVOID] obs_id=3 obs_dist=5.94m obs_s=22.29 ego_s=16.35 side=- | left_clearance=0.38 right_clearance=0.31 candidate_valid=false rung=- | cache_used=false path_age=- path_points=0 planning_time_ms=14.5 | reason=track_too_narrow | cache_reason=no_cache
1786884754.247 [STATIC_AVOID] obs_id=3 obs_dist=5.94m obs_s=22.29 ego_s=16.35 side=- | left_clearance=0.37 right_clearance=0.30 candidate_valid=false rung=- | cache_used=false path_age=- path_points=0 planning_time_ms=18.9 | reason=track_too_narrow | cache_reason=no_cache
1786884754.772 [STATIC_AVOID] obs_id=3 obs_dist=5.94m obs_s=22.29 ego_s=16.35 side=- | left_clearance=0.38 right_clearance=0.31 candidate_valid=false rung=- | cache_used=false path_age=- path_points=0 planning_time_ms=3.3 | reason=track_too_narrow | cache_reason=no_cache
1786884755.305 [STATIC_AVOID] obs_id=3 obs_dist=5.95m obs_s=22.29 ego_s=16.35 side=- | left_clearance=0.39 right_clearance=0.31 candidate_valid=false rung=- | cache_used=false path_age=- path_points=0 planning_time_ms=16.4 | reason=track_too_narrow | cache_reason=no_cache
1786884755.827 [STATIC_AVOID] obs_id=3 obs_dist=5.94m obs_s=22.29 ego_s=16.35 side=- | left_clearance=0.40 right_clearance=0.32 candidate_valid=false rung=- | cache_used=false path_age=- path_points=0 planning_time_ms=7.7 | reason=track_too_narrow | cache_reason=no_cache
1786884756.343 [STATIC_AVOID] obs_id=3 obs_dist=5.94m obs_s=22.29 ego_s=16.35 side=- | left_clearance=0.38 right_clearance=0.30 candidate_valid=false rung=- | cache_used=false path_age=- path_points=0 planning_time_ms=16.5 | reason=track_too_narrow | cache_reason=no_cache
1786884756.886 [STATIC_AVOID] obs_id=3 obs_dist=5.94m obs_s=22.29 ego_s=16.35 side=- | left_clearance=0.38 right_clearance=0.30 candidate_valid=false rung=- | cache_used=false path_age=- path_points=0 planning_time_ms=3.7 | reason=track_too_narrow | cache_reason=no_cache
1786884757.387 [STATIC_AVOID] obs_id=3 obs_dist=5.94m obs_s=22.29 ego_s=16.35 side=- | left_clearance=0.38 right_clearance=0.31 candidate_valid=false rung=- | cache_used=false path_age=- path_points=0 planning_time_ms=12.9 | reason=track_too_narrow | cache_reason=no_cache
1786884757.946 [STATIC_AVOID] obs_id=3 obs_dist=5.94m obs_s=22.29 ego_s=16.35 side=- | left_clearance=0.38 right_clearance=0.30 candidate_valid=false rung=- | cache_used=false path_age=- path_points=0 planning_time_ms=7.5 | reason=track_too_narrow | cache_reason=no_cache
1786884758.481 [STATIC_AVOID] obs_id=3 obs_dist=5.94m obs_s=22.29 ego_s=16.35 side=- | left_clearance=0.37 right_clearance=0.30 candidate_valid=false rung=- | cache_used=false path_age=- path_points=0 planning_time_ms=7.6 | reason=track_too_narrow | cache_reason=no_cache
1786884758.994 [STATIC_AVOID] obs_id=3 obs_dist=5.94m obs_s=22.29 ego_s=16.35 side=- | left_clearance=0.38 right_clearance=0.30 candidate_valid=false rung=- | cache_used=false path_age=- path_points=0 planning_time_ms=15.2 | reason=track_too_narrow | cache_reason=no_cache
1786884759.533 [STATIC_AVOID] obs_id=3 obs_dist=5.94m obs_s=22.29 ego_s=16.35 side=- | left_clearance=0.38 right_clearance=0.30 candidate_valid=false rung=- | cache_used=false path_age=- path_points=0 planning_time_ms=4.7 | reason=track_too_narrow | cache_reason=no_cache
1786884760.044 [STATIC_AVOID] obs_id=3 obs_dist=5.94m obs_s=22.29 ego_s=16.35 side=- | left_clearance=0.38 right_clearance=0.31 candidate_valid=false rung=- | cache_used=false path_age=- path_points=0 planning_time_ms=19.2 | reason=track_too_narrow | cache_reason=no_cache
1786884760.576 [STATIC_AVOID] obs_id=3 obs_dist=5.94m obs_s=22.29 ego_s=16.35 side=- | left_clearance=0.38 right_clearance=0.30 candidate_valid=false rung=- | cache_used=false path_age=- path_points=0 planning_time_ms=4.0 | reason=track_too_narrow | cache_reason=no_cache
1786884761.098 [STATIC_AVOID] obs_id=3 obs_dist=5.94m obs_s=22.29 ego_s=16.35 side=- | left_clearance=0.40 right_clearance=0.32 candidate_valid=false rung=- | cache_used=false path_age=- path_points=0 planning_time_ms=23.7 | reason=track_too_narrow | cache_reason=no_cache
1786884761.632 [STATIC_AVOID] obs_id=3 obs_dist=5.94m obs_s=22.29 ego_s=16.35 side=- | left_clearance=0.40 right_clearance=0.33 candidate_valid=false rung=- | cache_used=false path_age=- path_points=0 planning_time_ms=3.6 | reason=track_too_narrow | cache_reason=no_cache
1786884762.165 [STATIC_AVOID] obs_id=3 obs_dist=5.94m obs_s=22.29 ego_s=16.35 side=- | left_clearance=0.38 right_clearance=0.30 candidate_valid=false rung=- | cache_used=false path_age=- path_points=0 planning_time_ms=30.0 | reason=track_too_narrow | cache_reason=no_cache
1786884762.683 [STATIC_AVOID] obs_id=3 obs_dist=5.94m obs_s=22.29 ego_s=16.35 side=- | left_clearance=0.37 right_clearance=0.30 candidate_valid=false rung=- | cache_used=false path_age=- path_points=0 planning_time_ms=14.0 | reason=track_too_narrow | cache_reason=no_cache
1786884763.193 [STATIC_AVOID] obs_id=3 obs_dist=5.94m obs_s=22.29 ego_s=16.35 side=- | left_clearance=0.40 right_clearance=0.33 candidate_valid=false rung=- | cache_used=false path_age=- path_points=0 planning_time_ms=15.5 | reason=track_too_narrow | cache_reason=no_cache
1786884763.759 [STATIC_AVOID] obs_id=3 obs_dist=5.94m obs_s=22.29 ego_s=16.35 side=- | left_clearance=0.37 right_clearance=0.29 candidate_valid=false rung=- | cache_used=false path_age=- path_points=0 planning_time_ms=15.6 | reason=track_too_narrow | cache_reason=no_cache
1786884764.271 [STATIC_AVOID] obs_id=3 obs_dist=5.94m obs_s=22.29 ego_s=16.35 side=- | left_clearance=0.37 right_clearance=0.30 candidate_valid=false rung=- | cache_used=false path_age=- path_points=0 planning_time_ms=3.7 | reason=track_too_narrow | cache_reason=no_cache
1786884764.781 [STATIC_AVOID] obs_id=3 obs_dist=5.94m obs_s=22.29 ego_s=16.35 side=- | left_clearance=0.41 right_clearance=0.33 candidate_valid=false rung=- | cache_used=false path_age=- path_points=0 planning_time_ms=3.5 | reason=track_too_narrow | cache_reason=no_cache
