# state_machine debug log started 20260815_163306  map='0815test1'
1786779191.901 [OBSTACLES] cur_s=16.42 cur_d=0.07 vs=0.00 n=0 [none]
1786779191.902 [STATE_CHANGE] None -> GB_TRACK src=GB_TRACK s=16.42 d=0.07 vs=0.00
1786779192.489 [OBSTACLES] cur_s=16.44 cur_d=0.06 vs=0.00 n=0 [none]
1786779193.012 [OBSTACLES] cur_s=16.43 cur_d=0.07 vs=0.00 n=0 [none]
1786779193.539 [OBSTACLES] cur_s=16.43 cur_d=0.07 vs=0.00 n=0 [none]
1786779194.065 [OBSTACLES] cur_s=16.43 cur_d=0.06 vs=0.00 n=0 [none]
1786779194.624 [OBSTACLES] cur_s=16.53 cur_d=-0.02 vs=0.00 n=0 [none]
1786779195.130 [OBSTACLES] cur_s=16.54 cur_d=-0.02 vs=0.00 n=0 [none]
1786779195.655 [OBSTACLES] cur_s=16.54 cur_d=-0.02 vs=0.00 n=0 [none]
1786779196.196 [OBSTACLES] cur_s=16.54 cur_d=-0.02 vs=0.00 n=0 [none]
1786779196.705 [OBSTACLES] cur_s=16.54 cur_d=-0.02 vs=0.00 n=0 [none]
1786779197.243 [OBSTACLES] cur_s=16.54 cur_d=-0.02 vs=0.00 n=0 [none]
1786779197.755 [OBSTACLES] cur_s=16.54 cur_d=-0.02 vs=0.00 n=0 [none]
1786779198.323 [OBSTACLES] cur_s=16.54 cur_d=-0.02 vs=0.00 n=0 [none]
1786779198.849 [OBSTACLES] cur_s=16.54 cur_d=-0.02 vs=0.00 n=0 [none]
1786779199.361 [OBSTACLES] cur_s=16.54 cur_d=-0.02 vs=0.00 n=0 [none]
1786779199.876 [OBSTACLES] cur_s=16.54 cur_d=-0.02 vs=0.00 n=0 [none]
1786779200.380 [OBSTACLES] cur_s=16.54 cur_d=-0.02 vs=0.00 n=0 [none]
1786779200.892 [OBSTACLES] cur_s=16.54 cur_d=-0.02 vs=0.00 n=0 [none]
1786779201.453 [OBSTACLES] cur_s=16.54 cur_d=-0.02 vs=0.00 n=0 [none]
1786779201.965 [OBSTACLES] cur_s=16.54 cur_d=-0.02 vs=0.00 n=0 [none]
1786779202.483 [OBSTACLES] cur_s=16.54 cur_d=-0.02 vs=0.00 n=0 [none]
1786779203.024 [OBSTACLES] cur_s=16.54 cur_d=-0.02 vs=0.00 n=0 [none]
1786779203.541 [OBSTACLES] cur_s=16.54 cur_d=-0.02 vs=0.00 n=0 [none]
1786779204.065 [OBSTACLES] cur_s=16.54 cur_d=-0.02 vs=0.00 n=0 [none]
1786779204.606 [OBSTACLES] cur_s=16.54 cur_d=-0.02 vs=0.00 n=0 [none]
1786779205.111 [OBSTACLES] cur_s=16.54 cur_d=-0.02 vs=0.00 n=0 [none]
1786779205.615 [OBSTACLES] cur_s=16.54 cur_d=-0.02 vs=0.00 n=0 [none]
1786779206.129 [OBSTACLES] cur_s=16.54 cur_d=-0.02 vs=0.00 n=0 [none]
1786779206.680 [OBSTACLES] cur_s=16.54 cur_d=-0.02 vs=0.00 n=0 [none]
1786779207.226 [OBSTACLES] cur_s=16.54 cur_d=-0.02 vs=0.00 n=0 [none]
1786779207.790 [OBSTACLES] cur_s=16.54 cur_d=-0.02 vs=0.00 n=0 [none]
1786779208.318 [OBSTACLES] cur_s=16.54 cur_d=-0.02 vs=0.00 n=0 [none]
1786779208.854 [OBSTACLES] cur_s=16.54 cur_d=-0.02 vs=0.00 n=0 [none]
1786779209.423 [OBSTACLES] cur_s=16.54 cur_d=-0.02 vs=0.00 n=0 [none]
1786779209.946 [OBSTACLES] cur_s=16.54 cur_d=-0.02 vs=0.00 n=0 [none]
1786779210.471 [OBSTACLES] cur_s=16.54 cur_d=-0.02 vs=0.00 n=0 [none]
1786779210.998 [OBSTACLES] cur_s=13.54 cur_d=0.06 vs=0.00 n=0 [none]
1786779211.505 [OBSTACLES] cur_s=13.49 cur_d=0.06 vs=0.00 n=0 [none]
1786779212.017 [OBSTACLES] cur_s=13.45 cur_d=0.03 vs=0.00 n=0 [none]
1786779212.520 [OBSTACLES] cur_s=13.45 cur_d=0.03 vs=0.00 n=0 [none]
1786779213.036 [OBSTACLES] cur_s=13.44 cur_d=0.03 vs=0.00 n=0 [none]
1786779213.550 [OBSTACLES] cur_s=13.45 cur_d=0.03 vs=0.00 n=0 [none]
1786779214.073 [OBSTACLES] cur_s=13.45 cur_d=0.03 vs=0.00 n=0 [none]
1786779214.582 [OBSTACLES] cur_s=13.46 cur_d=0.03 vs=0.00 n=0 [none]
1786779215.104 [OBSTACLES] cur_s=13.46 cur_d=0.03 vs=0.00 n=0 [none]
1786779215.611 [OBSTACLES] cur_s=13.45 cur_d=0.03 vs=0.00 n=0 [none]
1786779216.137 [OBSTACLES] cur_s=13.45 cur_d=0.03 vs=0.00 n=0 [none]
1786779216.662 [OBSTACLES] cur_s=13.45 cur_d=0.03 vs=0.00 n=0 [none]
1786779217.165 [OBSTACLES] cur_s=13.45 cur_d=0.03 vs=0.00 n=0 [none]
1786779217.696 [OBSTACLES] cur_s=13.46 cur_d=0.03 vs=0.00 n=0 [none]
1786779218.198 [OBSTACLES] cur_s=13.43 cur_d=0.03 vs=0.00 n=0 [none]
1786779218.734 [OBSTACLES] cur_s=13.43 cur_d=0.03 vs=0.00 n=0 [none]
1786779219.238 [OBSTACLES] cur_s=13.39 cur_d=0.03 vs=0.00 n=0 [none]
1786779219.750 [OBSTACLES] cur_s=13.39 cur_d=0.03 vs=0.00 n=0 [none]
1786779220.280 [OBSTACLES] cur_s=13.40 cur_d=0.03 vs=0.00 n=0 [none]
1786779220.801 [OBSTACLES] cur_s=13.40 cur_d=0.03 vs=0.00 n=0 [none]
1786779221.315 [OBSTACLES] cur_s=13.40 cur_d=0.03 vs=0.00 n=0 [none]
1786779221.876 [OBSTACLES] cur_s=13.40 cur_d=0.03 vs=0.00 n=0 [none]
1786779222.390 [OBSTACLES] cur_s=13.40 cur_d=0.03 vs=0.00 n=0 [none]
1786779222.907 [OBSTACLES] cur_s=13.40 cur_d=0.03 vs=0.00 n=0 [none]
1786779223.450 [OBSTACLES] cur_s=13.40 cur_d=0.03 vs=0.00 n=0 [none]
1786779223.997 [OBSTACLES] cur_s=13.40 cur_d=0.03 vs=0.00 n=0 [none]
1786779224.519 [OBSTACLES] cur_s=13.40 cur_d=0.03 vs=0.00 n=0 [none]
1786779225.048 [OBSTACLES] cur_s=13.40 cur_d=0.03 vs=0.00 n=0 [none]
1786779225.569 [OBSTACLES] cur_s=13.40 cur_d=0.03 vs=0.00 n=0 [none]
1786779226.087 [OBSTACLES] cur_s=13.40 cur_d=0.03 vs=0.00 n=0 [none]
1786779226.601 [OBSTACLES] cur_s=13.75 cur_d=0.08 vs=0.00 n=0 [none]
1786779227.126 [OBSTACLES] cur_s=13.64 cur_d=0.06 vs=0.00 n=0 [none]
1786779227.643 [OBSTACLES] cur_s=13.64 cur_d=0.07 vs=0.00 n=0 [none]
1786779228.156 [OBSTACLES] cur_s=13.64 cur_d=0.07 vs=0.00 n=0 [none]
1786779228.705 [OBSTACLES] cur_s=13.64 cur_d=0.07 vs=0.00 n=0 [none]
1786779229.231 [OBSTACLES] cur_s=13.64 cur_d=0.07 vs=0.00 n=0 [none]
1786779229.806 [OBSTACLES] cur_s=13.87 cur_d=0.11 vs=1.58 n=0 [none]
1786779230.351 [OBSTACLES] cur_s=15.12 cur_d=-0.04 vs=2.56 n=0 [none]
1786779230.903 [OBSTACLES] cur_s=16.28 cur_d=0.27 vs=2.44 n=1 [id=1 static=1 gap=3.65m d=0.27 size=0.29]
1786779230.907 [STATIC_OT] state=GB_TRACK path_exists=0 path_locked=0 path_ttl_ok=0 path_safe=0 on_spline=0 speed=2.44 raw_wpnts=0 raw_age=-s decision=TRAILING reason=NO_STATIC_PATH
1786779230.907 [STATE_CHANGE] GB_TRACK -> TRAILING src=GB_TRACK s=16.28 d=0.27 vs=2.44
1786779231.185 [STATIC_OT] state=TRAILING path_exists=0 path_locked=0 path_ttl_ok=0 path_safe=0 on_spline=0 speed=2.80 raw_wpnts=0 raw_age=-s decision=TRAILING reason=NO_STATIC_PATH
1786779231.436 [OBSTACLES] cur_s=18.15 cur_d=0.34 vs=2.50 n=1 [id=1 static=1 gap=1.80m d=0.28 size=0.29]
1786779231.452 [STATIC_OT_TRANSITION] first_valid_path_to_overtake_ms=0.0
1786779231.461 [STATIC_OT] state=TRAILING path_exists=1 path_locked=0 path_ttl_ok=1 path_safe=1 on_spline=1 speed=2.50 raw_wpnts=99 raw_age=0.71s decision=OVERTAKE
1786779231.462 [STATE_CHANGE] TRAILING -> OVERTAKE src=OVERTAKE s=18.15 d=0.34 vs=2.50
1786779232.056 [OBSTACLES] cur_s=19.44 cur_d=0.02 vs=3.11 n=1 [id=1 static=1 gap=0.56m d=0.32 size=0.34]
1786779232.565 [OBSTACLES] cur_s=21.33 cur_d=-0.14 vs=3.43 n=0 [none]
1786779233.120 [OBSTACLES] cur_s=0.66 cur_d=0.03 vs=2.48 n=0 [none]
1786779233.619 [OBSTACLES] cur_s=2.10 cur_d=0.09 vs=2.78 n=0 [none]
1786779234.119 [OBSTACLES] cur_s=3.38 cur_d=0.30 vs=2.85 n=0 [none]
1786779234.120 [STATE_CHANGE] OVERTAKE -> LOSTLINE src=GB_TRACK s=3.38 d=0.30 vs=2.85
1786779234.320 [STATE_CHANGE] LOSTLINE -> GB_TRACK src=GB_TRACK s=4.09 d=0.27 vs=2.64
1786779234.662 [OBSTACLES] cur_s=4.98 cur_d=0.04 vs=2.30 n=0 [none]
1786779235.051 [STATIC_OT] state=GB_TRACK path_exists=0 path_locked=0 path_ttl_ok=0 path_safe=0 on_spline=0 speed=2.75 raw_wpnts=0 raw_age=-s decision=TRAILING reason=NO_STATIC_PATH
1786779235.051 [STATE_CHANGE] GB_TRACK -> TRAILING src=GB_TRACK s=5.68 d=0.08 vs=2.75
1786779235.194 [OBSTACLES] cur_s=5.87 cur_d=0.20 vs=2.75 n=2 [id=2 static=1 gap=5.03m d=-0.23 size=0.33; id=3 static=1 gap=2.43m d=0.34 size=0.33]
1786779235.277 [STATIC_OT] state=TRAILING path_exists=0 path_locked=0 path_ttl_ok=0 path_safe=0 on_spline=0 speed=2.83 raw_wpnts=0 raw_age=-s decision=TRAILING reason=NO_STATIC_PATH
1786779235.666 [STATIC_OT] state=TRAILING path_exists=1 path_locked=0 path_ttl_ok=1 path_safe=0 on_spline=1 speed=2.23 raw_wpnts=91 raw_age=0.64s decision=TRAILING reason=PATH_BLOCKED blocked_obs_id=2 gap=4.13m free_dist=-0.168m branch=static/geom
1786779235.855 [OBSTACLES] cur_s=7.04 cur_d=0.14 vs=1.78 n=1 [id=2 static=1 gap=3.64m d=-0.14 size=0.38]
1786779235.886 [STATIC_OT] state=TRAILING path_exists=1 path_locked=0 path_ttl_ok=0 path_safe=0 on_spline=1 speed=1.78 raw_wpnts=0 raw_age=-s decision=TRAILING reason=NO_STATIC_PATH
1786779236.364 [STATIC_OT] state=TRAILING path_exists=1 path_locked=0 path_ttl_ok=1 path_safe=0 on_spline=1 speed=1.40 raw_wpnts=79 raw_age=0.95s decision=TRAILING reason=PATH_BLOCKED blocked_obs_id=2 gap=3.5m free_dist=-0.171m branch=static/geom
1786779236.584 [OBSTACLES] cur_s=7.47 cur_d=0.03 vs=0.30 n=2 [id=2 static=1 gap=3.13m d=-0.14 size=0.31; id=5 static=1 gap=0.26m d=0.39 size=0.38]
1786779236.612 [STATIC_OT] state=TRAILING path_exists=1 path_locked=0 path_ttl_ok=1 path_safe=0 on_spline=1 speed=0.30 raw_wpnts=97 raw_age=0.98s decision=TRAILING reason=PATH_BLOCKED blocked_obs_id=5 gap=0.45m free_dist=-0.11m branch=static/geom
1786779236.957 [STATIC_OT] state=TRAILING path_exists=1 path_locked=0 path_ttl_ok=1 path_safe=1 on_spline=1 speed=0.75 raw_wpnts=90 raw_age=0.64s decision=OVERTAKE
1786779236.958 [STATE_CHANGE] TRAILING -> OVERTAKE src=OVERTAKE s=7.53 d=0.06 vs=0.75
1786779237.094 [OBSTACLES] cur_s=7.39 cur_d=0.05 vs=0.57 n=1 [id=2 static=1 gap=2.71m d=-0.16 size=0.33]
1786779237.652 [OBSTACLES] cur_s=7.66 cur_d=-0.04 vs=2.05 n=1 [id=2 static=1 gap=2.24m d=-0.16 size=0.32]
1786779238.222 [OBSTACLES] cur_s=9.46 cur_d=0.07 vs=2.81 n=0 [none]
1786779238.819 [OBSTACLES] cur_s=10.96 cur_d=-0.11 vs=2.58 n=0 [none]
1786779239.368 [OBSTACLES] cur_s=12.17 cur_d=-0.18 vs=1.90 n=0 [none]
1786779239.846 [STATE_CHANGE] OVERTAKE -> LOSTLINE src=GB_TRACK s=13.20 d=0.57 vs=2.11
1786779239.933 [OBSTACLES] cur_s=13.35 cur_d=0.60 vs=2.10 n=0 [none]
1786779240.436 [OBSTACLES] cur_s=13.10 cur_d=0.68 vs=0.05 n=0 [none]
1786779240.952 [OBSTACLES] cur_s=13.19 cur_d=0.37 vs=0.06 n=0 [none]
1786779241.366 [STATE_CHANGE] LOSTLINE -> GB_TRACK src=GB_TRACK s=13.21 d=0.28 vs=0.03
1786779241.476 [OBSTACLES] cur_s=13.21 cur_d=0.26 vs=0.04 n=0 [none]
1786779242.076 [OBSTACLES] cur_s=13.23 cur_d=0.17 vs=0.03 n=0 [none]
1786779242.669 [OBSTACLES] cur_s=13.25 cur_d=0.08 vs=0.02 n=0 [none]
1786779243.437 [OBSTACLES] cur_s=13.25 cur_d=0.05 vs=0.02 n=0 [none]
1786779243.954 [OBSTACLES] cur_s=13.26 cur_d=0.03 vs=0.00 n=0 [none]
1786779244.454 [OBSTACLES] cur_s=13.26 cur_d=0.03 vs=0.00 n=0 [none]
1786779244.959 [OBSTACLES] cur_s=13.26 cur_d=0.03 vs=0.00 n=0 [none]
1786779245.302 [STATE_CHANGE] GB_TRACK -> LOSTLINE src=GB_TRACK s=13.10 d=0.68 vs=0.00
1786779245.492 [OBSTACLES] cur_s=13.10 cur_d=0.69 vs=0.00 n=0 [none]
1786779246.029 [OBSTACLES] cur_s=13.20 cur_d=0.85 vs=-0.07 n=0 [none]
1786779246.560 [OBSTACLES] cur_s=13.27 cur_d=0.94 vs=0.00 n=0 [none]
1786779247.439 [OBSTACLES] cur_s=13.29 cur_d=0.92 vs=0.00 n=0 [none]
1786779248.064 [OBSTACLES] cur_s=13.70 cur_d=0.95 vs=-0.04 n=0 [none]
1786779248.582 [OBSTACLES] cur_s=13.96 cur_d=1.06 vs=-0.07 n=0 [none]
1786779249.123 [OBSTACLES] cur_s=13.99 cur_d=1.19 vs=0.00 n=0 [none]
1786779249.641 [OBSTACLES] cur_s=12.92 cur_d=1.35 vs=-0.15 n=0 [none]
1786779249.900 [STATIC_OT] state=GB_TRACK path_exists=0 path_locked=0 path_ttl_ok=0 path_safe=0 on_spline=0 speed=-0.28 raw_wpnts=0 raw_age=-s decision=TRAILING reason=NO_STATIC_PATH
1786779249.902 [STATE_CHANGE] LOSTLINE -> TRAILING src=GB_TRACK s=12.88 d=1.31 vs=-0.28
1786779250.112 [STATIC_OT] state=TRAILING path_exists=0 path_locked=0 path_ttl_ok=0 path_safe=0 on_spline=0 speed=0.00 raw_wpnts=0 raw_age=-s decision=TRAILING reason=NO_STATIC_PATH
1786779250.211 [OBSTACLES] cur_s=12.85 cur_d=1.11 vs=0.00 n=1 [id=14 static=1 gap=0.43m d=0.31 size=0.43]
1786779250.360 [STATIC_OT] state=TRAILING path_exists=0 path_locked=0 path_ttl_ok=0 path_safe=0 on_spline=0 speed=0.04 raw_wpnts=0 raw_age=-s decision=TRAILING reason=NO_STATIC_PATH
1786779250.441 [STATE_CHANGE] TRAILING -> LOSTLINE src=GB_TRACK s=12.59 d=1.01 vs=0.11
1786779250.757 [OBSTACLES] cur_s=12.68 cur_d=1.04 vs=0.10 n=0 [none]
1786779250.891 [STATIC_OT] state=GB_TRACK path_exists=0 path_locked=0 path_ttl_ok=0 path_safe=0 on_spline=0 speed=0.00 raw_wpnts=0 raw_age=-s decision=TRAILING reason=NO_STATIC_PATH
1786779250.904 [STATE_CHANGE] LOSTLINE -> TRAILING src=GB_TRACK s=12.66 d=1.04 vs=0.00
1786779251.129 [STATIC_OT] state=TRAILING path_exists=0 path_locked=0 path_ttl_ok=0 path_safe=0 on_spline=0 speed=-0.04 raw_wpnts=0 raw_age=-s decision=TRAILING reason=NO_STATIC_PATH
1786779251.283 [OBSTACLES] cur_s=12.78 cur_d=1.09 vs=0.00 n=1 [id=15 static=1 gap=0.58m d=0.27 size=0.29]
1786779251.351 [STATIC_OT] state=TRAILING path_exists=0 path_locked=0 path_ttl_ok=0 path_safe=0 on_spline=0 speed=0.00 raw_wpnts=0 raw_age=-s decision=TRAILING reason=NO_STATIC_PATH
1786779251.441 [STATE_CHANGE] TRAILING -> LOSTLINE src=GB_TRACK s=12.83 d=1.11 vs=0.00
1786779251.837 [OBSTACLES] cur_s=12.76 cur_d=1.09 vs=0.00 n=0 [none]
1786779252.366 [OBSTACLES] cur_s=12.77 cur_d=1.09 vs=0.00 n=0 [none]
1786779252.881 [OBSTACLES] cur_s=12.76 cur_d=1.08 vs=0.00 n=0 [none]
1786779253.423 [OBSTACLES] cur_s=12.76 cur_d=1.09 vs=0.00 n=0 [none]
1786779253.944 [OBSTACLES] cur_s=12.75 cur_d=1.08 vs=0.00 n=0 [none]
1786779254.452 [OBSTACLES] cur_s=12.75 cur_d=1.08 vs=0.00 n=0 [none]
1786779254.996 [OBSTACLES] cur_s=12.78 cur_d=1.09 vs=0.00 n=0 [none]
1786779255.503 [OBSTACLES] cur_s=12.76 cur_d=1.06 vs=0.00 n=0 [none]
1786779256.030 [OBSTACLES] cur_s=12.78 cur_d=1.07 vs=0.00 n=0 [none]
1786779256.555 [OBSTACLES] cur_s=12.71 cur_d=1.03 vs=0.00 n=0 [none]
1786779257.071 [OBSTACLES] cur_s=12.63 cur_d=1.02 vs=0.00 n=0 [none]
1786779257.573 [OBSTACLES] cur_s=12.61 cur_d=1.00 vs=0.00 n=0 [none]
1786779258.090 [OBSTACLES] cur_s=12.61 cur_d=1.00 vs=0.00 n=0 [none]
1786779258.661 [OBSTACLES] cur_s=12.62 cur_d=1.00 vs=0.00 n=0 [none]
1786779259.214 [OBSTACLES] cur_s=12.68 cur_d=0.99 vs=0.00 n=0 [none]
1786779259.748 [OBSTACLES] cur_s=12.70 cur_d=0.98 vs=0.00 n=0 [none]
1786779260.268 [OBSTACLES] cur_s=12.70 cur_d=1.00 vs=0.00 n=0 [none]
1786779260.817 [OBSTACLES] cur_s=12.69 cur_d=0.99 vs=0.00 n=0 [none]
1786779261.380 [OBSTACLES] cur_s=12.61 cur_d=0.97 vs=0.00 n=0 [none]
1786779261.918 [OBSTACLES] cur_s=12.57 cur_d=0.94 vs=0.00 n=0 [none]
1786779262.433 [OBSTACLES] cur_s=12.57 cur_d=0.94 vs=0.00 n=0 [none]
1786779262.966 [OBSTACLES] cur_s=12.58 cur_d=0.95 vs=0.00 n=0 [none]
1786779263.486 [OBSTACLES] cur_s=12.57 cur_d=0.95 vs=0.00 n=0 [none]
1786779264.276 [OBSTACLES] cur_s=12.60 cur_d=0.95 vs=0.00 n=0 [none]
1786779264.786 [OBSTACLES] cur_s=12.73 cur_d=0.99 vs=0.00 n=0 [none]
1786779265.330 [OBSTACLES] cur_s=12.71 cur_d=0.99 vs=0.00 n=0 [none]
1786779265.831 [OBSTACLES] cur_s=12.75 cur_d=1.00 vs=0.00 n=0 [none]
1786779266.336 [OBSTACLES] cur_s=13.02 cur_d=1.06 vs=0.00 n=0 [none]
1786779266.861 [OBSTACLES] cur_s=13.03 cur_d=1.06 vs=0.00 n=0 [none]
1786779267.398 [OBSTACLES] cur_s=12.89 cur_d=1.03 vs=0.00 n=0 [none]
1786779267.630 [STATIC_OT] state=GB_TRACK path_exists=0 path_locked=0 path_ttl_ok=0 path_safe=0 on_spline=0 speed=0.00 raw_wpnts=0 raw_age=-s decision=TRAILING reason=NO_STATIC_PATH
1786779267.632 [STATE_CHANGE] LOSTLINE -> TRAILING src=GB_TRACK s=12.52 d=0.92 vs=0.00
1786779267.926 [OBSTACLES] cur_s=13.16 cur_d=1.12 vs=0.00 n=1 [id=16 static=1 gap=4.27m d=0.32 size=0.22]
1786779267.930 [STATIC_OT] state=TRAILING path_exists=0 path_locked=0 path_ttl_ok=0 path_safe=0 on_spline=0 speed=0.00 raw_wpnts=0 raw_age=-s decision=TRAILING reason=NO_STATIC_PATH
1786779268.205 [STATIC_OT] state=TRAILING path_exists=0 path_locked=0 path_ttl_ok=0 path_safe=0 on_spline=0 speed=0.00 raw_wpnts=0 raw_age=-s decision=TRAILING reason=NO_STATIC_PATH
1786779268.455 [OBSTACLES] cur_s=13.17 cur_d=1.11 vs=0.00 n=1 [id=16 static=1 gap=4.28m d=0.29 size=0.39]
1786779268.468 [STATIC_OT] state=TRAILING path_exists=0 path_locked=0 path_ttl_ok=0 path_safe=0 on_spline=0 speed=0.00 raw_wpnts=0 raw_age=-s decision=TRAILING reason=NO_STATIC_PATH
1786779268.509 [STATE_CHANGE] TRAILING -> LOSTLINE src=GB_TRACK s=13.17 d=1.11 vs=0.00
1786779269.012 [OBSTACLES] cur_s=13.03 cur_d=1.06 vs=0.00 n=0 [none]
1786779269.534 [OBSTACLES] cur_s=13.03 cur_d=1.07 vs=0.00 n=0 [none]
1786779270.052 [OBSTACLES] cur_s=13.03 cur_d=1.07 vs=0.00 n=0 [none]
1786779270.588 [OBSTACLES] cur_s=13.05 cur_d=1.07 vs=0.00 n=0 [none]
1786779271.113 [OBSTACLES] cur_s=13.05 cur_d=1.07 vs=0.00 n=0 [none]
1786779271.651 [OBSTACLES] cur_s=13.06 cur_d=1.06 vs=0.00 n=0 [none]
1786779272.161 [OBSTACLES] cur_s=13.02 cur_d=1.06 vs=0.00 n=0 [none]
1786779272.687 [OBSTACLES] cur_s=13.01 cur_d=1.07 vs=0.00 n=0 [none]
1786779273.204 [OBSTACLES] cur_s=13.02 cur_d=1.06 vs=0.00 n=0 [none]
1786779273.724 [OBSTACLES] cur_s=13.01 cur_d=1.06 vs=0.00 n=0 [none]
1786779274.252 [OBSTACLES] cur_s=13.03 cur_d=1.06 vs=0.00 n=0 [none]
1786779274.763 [OBSTACLES] cur_s=13.02 cur_d=1.06 vs=0.00 n=0 [none]
1786779275.290 [OBSTACLES] cur_s=13.06 cur_d=1.07 vs=0.00 n=0 [none]
1786779275.430 [STATE_CHANGE] LOSTLINE -> GB_TRACK src=GB_TRACK s=13.15 d=-0.14 vs=0.00
1786779275.860 [OBSTACLES] cur_s=13.55 cur_d=-0.28 vs=0.00 n=0 [none]
1786779276.375 [OBSTACLES] cur_s=13.55 cur_d=-0.28 vs=0.00 n=0 [none]
1786779276.903 [OBSTACLES] cur_s=13.55 cur_d=-0.28 vs=0.00 n=0 [none]
1786779277.427 [OBSTACLES] cur_s=13.55 cur_d=-0.28 vs=0.00 n=0 [none]
1786779277.951 [OBSTACLES] cur_s=13.55 cur_d=-0.29 vs=0.00 n=0 [none]
1786779278.525 [OBSTACLES] cur_s=13.55 cur_d=-0.29 vs=0.00 n=0 [none]
1786779278.902 [STATE_CHANGE] GB_TRACK -> LOSTLINE src=GB_TRACK s=13.55 d=-0.29 vs=0.00
1786779279.232 [OBSTACLES] cur_s=13.54 cur_d=-0.29 vs=0.00 n=0 [none]
1786779279.821 [OBSTACLES] cur_s=13.53 cur_d=-0.30 vs=0.00 n=0 [none]
1786779280.362 [OBSTACLES] cur_s=13.54 cur_d=-0.30 vs=0.00 n=0 [none]
1786779280.475 [STATE_CHANGE] LOSTLINE -> GB_TRACK src=GB_TRACK s=13.58 d=-0.28 vs=0.61
1786779281.156 [OBSTACLES] cur_s=14.84 cur_d=0.12 vs=2.39 n=0 [none]
1786779281.669 [OBSTACLES] cur_s=16.04 cur_d=-0.29 vs=2.15 n=1 [id=17 static=1 gap=3.95m d=0.33 size=0.26]
1786779281.698 [STATIC_OT] state=GB_TRACK path_exists=0 path_locked=0 path_ttl_ok=0 path_safe=0 on_spline=0 speed=2.15 raw_wpnts=0 raw_age=-s decision=TRAILING reason=NO_STATIC_PATH
1786779281.698 [STATE_CHANGE] GB_TRACK -> TRAILING src=GB_TRACK s=16.04 d=-0.29 vs=2.15
1786779282.357 [OBSTACLES] cur_s=16.57 cur_d=-0.13 vs=2.12 n=1 [id=17 static=1 gap=3.32m d=0.28 size=0.32]
1786779282.363 [STATIC_OT] state=TRAILING path_exists=1 path_locked=0 path_ttl_ok=1 path_safe=0 on_spline=1 speed=2.12 raw_wpnts=97 raw_age=0.51s decision=TRAILING reason=PATH_BLOCKED blocked_obs_id=17 gap=3.47m free_dist=0.065m branch=static/geom
1786779282.567 [STATE_CHANGE] TRAILING -> GB_TRACK src=GB_TRACK s=16.79 d=0.04 vs=1.74
1786779282.716 [STATIC_OT] state=GB_TRACK path_exists=1 path_locked=0 path_ttl_ok=1 path_safe=0 on_spline=1 speed=0.90 raw_wpnts=92 raw_age=0.52s decision=TRAILING reason=PATH_BLOCKED blocked_obs_id=19 gap=2.39m free_dist=-0.117m branch=static/geom
1786779282.716 [STATE_CHANGE] GB_TRACK -> TRAILING src=GB_TRACK s=17.43 d=0.22 vs=0.90
1786779283.267 [OBSTACLES] cur_s=17.49 cur_d=0.23 vs=0.90 n=1 [id=19 static=0 gap=2.13m d=0.42 size=0.29]
1786779283.272 [STATIC_OT] state=TRAILING path_exists=1 path_locked=0 path_ttl_ok=0 path_safe=0 on_spline=1 speed=0.90 raw_wpnts=0 raw_age=-s decision=TRAILING reason=NO_STATIC_PATH
1786779283.376 [STATE_CHANGE] TRAILING -> LOSTLINE src=GB_TRACK s=17.85 d=0.31 vs=0.00
1786779283.800 [OBSTACLES] cur_s=17.85 cur_d=0.30 vs=0.00 n=0 [none]
1786779284.102 [STATE_CHANGE] LOSTLINE -> GB_TRACK src=GB_TRACK s=18.06 d=0.26 vs=0.00
1786779284.238 [STATE_CHANGE] GB_TRACK -> LOSTLINE src=GB_TRACK s=18.91 d=-0.41 vs=2.06
1786779284.325 [OBSTACLES] cur_s=18.95 cur_d=-0.45 vs=2.06 n=0 [none]
1786779284.972 [OBSTACLES] cur_s=18.58 cur_d=0.05 vs=2.63 n=0 [none]
1786779284.972 [STATE_CHANGE] LOSTLINE -> GB_TRACK src=GB_TRACK s=18.58 d=0.05 vs=2.63
1786779285.381 [STATE_CHANGE] GB_TRACK -> LOSTLINE src=GB_TRACK s=18.77 d=-0.38 vs=0.17
1786779285.473 [OBSTACLES] cur_s=18.78 cur_d=-0.38 vs=0.17 n=0 [none]
1786779285.897 [STATIC_OT] state=GB_TRACK path_exists=0 path_locked=0 path_ttl_ok=0 path_safe=0 on_spline=0 speed=0.15 raw_wpnts=0 raw_age=-s decision=TRAILING reason=NO_STATIC_PATH
1786779285.900 [STATE_CHANGE] LOSTLINE -> TRAILING src=GB_TRACK s=18.78 d=-0.39 vs=0.15
1786779286.004 [OBSTACLES] cur_s=18.84 cur_d=-0.36 vs=0.04 n=1 [id=21 static=1 gap=0.95m d=0.32 size=0.37]
1786779286.013 [STATE_CHANGE] TRAILING -> OVERTAKE src=OVERTAKE s=18.84 d=-0.36 vs=0.04
1786779286.192 [STATIC_OT] state=OVERTAKE path_exists=1 path_locked=1 path_ttl_ok=1 path_safe=0 on_spline=1 speed=0.01 raw_wpnts=76 raw_age=0.54s decision=TRAILING reason=PATH_BLOCKED blocked_obs_id=22 gap=0.97m free_dist=-0.247m branch=static/geom
1786779286.205 [STATE_CHANGE] OVERTAKE -> TRAILING src=GB_TRACK s=18.91 d=-0.32 vs=0.01
1786779286.442 [STATIC_OT] state=TRAILING path_exists=0 path_locked=0 path_ttl_ok=0 path_safe=0 on_spline=0 speed=-0.00 raw_wpnts=0 raw_age=-s decision=TRAILING reason=NO_STATIC_PATH
1786779286.549 [OBSTACLES] cur_s=18.31 cur_d=-0.25 vs=-0.01 n=1 [id=22 static=1 gap=1.20m d=-0.10 size=0.32]
1786779286.553 [STATE_CHANGE] TRAILING -> OVERTAKE src=OVERTAKE s=18.31 d=-0.25 vs=-0.01
1786779286.733 [STATIC_OT] state=OVERTAKE path_exists=1 path_locked=1 path_ttl_ok=1 path_safe=1 on_spline=1 speed=0.00 raw_wpnts=76 raw_age=0.57s decision=OVERTAKE
1786779286.808 [STATE_CHANGE] OVERTAKE -> TRAILING src=GB_TRACK s=18.11 d=-0.26 vs=0.00
1786779287.055 [OBSTACLES] cur_s=18.11 cur_d=-0.26 vs=0.00 n=1 [id=22 static=1 gap=1.31m d=-0.10 size=0.37]
1786779287.058 [STATIC_OT] state=TRAILING path_exists=1 path_locked=0 path_ttl_ok=1 path_safe=1 on_spline=1 speed=0.00 raw_wpnts=76 raw_age=0.45s decision=OVERTAKE
1786779287.058 [STATE_CHANGE] TRAILING -> OVERTAKE src=OVERTAKE s=18.11 d=-0.26 vs=0.00
1786779287.483 [STATIC_OT] state=OVERTAKE path_exists=1 path_locked=1 path_ttl_ok=0 path_safe=0 on_spline=1 speed=0.00 raw_wpnts=0 raw_age=-s decision=TRAILING reason=NO_STATIC_PATH
1786779287.485 [STATE_CHANGE] OVERTAKE -> TRAILING src=GB_TRACK s=18.11 d=-0.26 vs=0.00
1786779287.650 [OBSTACLES] cur_s=18.29 cur_d=-0.08 vs=0.00 n=1 [id=24 static=1 gap=1.13m d=-0.03 size=0.43]
1786779287.687 [STATIC_OT] state=TRAILING path_exists=0 path_locked=0 path_ttl_ok=0 path_safe=0 on_spline=0 speed=0.00 raw_wpnts=0 raw_age=-s decision=TRAILING reason=NO_STATIC_PATH
1786779287.758 [STATE_CHANGE] TRAILING -> LOSTLINE src=GB_TRACK s=18.04 d=-0.06 vs=0.00
1786779288.017 [STATE_CHANGE] LOSTLINE -> GB_TRACK src=GB_TRACK s=18.14 d=-0.05 vs=0.00
1786779288.198 [OBSTACLES] cur_s=18.17 cur_d=-0.06 vs=0.00 n=0 [none]
1786779288.715 [OBSTACLES] cur_s=18.26 cur_d=-0.08 vs=0.19 n=0 [none]
1786779289.272 [OBSTACLES] cur_s=18.29 cur_d=-0.06 vs=0.15 n=0 [none]
1786779290.161 [OBSTACLES] cur_s=18.33 cur_d=-0.11 vs=0.13 n=0 [none]
1786779290.941 [OBSTACLES] cur_s=18.41 cur_d=-0.03 vs=0.00 n=0 [none]
1786779291.446 [OBSTACLES] cur_s=18.44 cur_d=-0.10 vs=0.00 n=0 [none]
1786779291.949 [OBSTACLES] cur_s=18.34 cur_d=-0.25 vs=0.00 n=0 [none]
1786779292.911 [OBSTACLES] cur_s=20.51 cur_d=0.55 vs=0.00 n=0 [none]
1786779292.911 [STATE_CHANGE] GB_TRACK -> LOSTLINE src=GB_TRACK s=20.51 d=0.55 vs=0.00
1786779293.773 [OBSTACLES] cur_s=20.99 cur_d=0.58 vs=0.00 n=0 [none]
1786779294.273 [STATIC_OT] state=GB_TRACK path_exists=0 path_locked=0 path_ttl_ok=0 path_safe=0 on_spline=0 speed=0.00 raw_wpnts=0 raw_age=-s decision=TRAILING reason=NO_STATIC_PATH
1786779294.274 [STATE_CHANGE] LOSTLINE -> TRAILING src=GB_TRACK s=20.90 d=0.66 vs=0.00
1786779294.304 [OBSTACLES] cur_s=20.89 cur_d=0.67 vs=0.00 n=1 [id=33 static=1 gap=12.02m d=-0.05 size=0.33]
1786779294.475 [STATIC_OT] state=TRAILING path_exists=0 path_locked=0 path_ttl_ok=0 path_safe=0 on_spline=0 speed=0.00 raw_wpnts=0 raw_age=-s decision=TRAILING reason=NO_STATIC_PATH
1786779294.896 [OBSTACLES] cur_s=20.93 cur_d=0.64 vs=0.00 n=1 [id=43 static=1 gap=5.40m d=-0.37 size=0.18]
1786779294.898 [STATIC_OT] state=TRAILING path_exists=0 path_locked=0 path_ttl_ok=0 path_safe=0 on_spline=0 speed=0.00 raw_wpnts=0 raw_age=-s decision=TRAILING reason=NO_STATIC_PATH
1786779294.989 [STATE_CHANGE] TRAILING -> OVERTAKE src=OVERTAKE s=20.93 d=0.64 vs=0.00
1786779296.003 [OBSTACLES] cur_s=18.23 cur_d=0.06 vs=0.00 n=0 [none]
1786779296.004 [STATE_CHANGE] OVERTAKE -> LOSTLINE src=GB_TRACK s=18.23 d=0.06 vs=0.00
1786779296.073 [STATE_CHANGE] LOSTLINE -> GB_TRACK src=GB_TRACK s=18.23 d=0.06 vs=0.00
1786779296.344 [STATIC_OT] state=GB_TRACK path_exists=1 path_locked=0 path_ttl_ok=1 path_safe=1 on_spline=1 speed=0.00 raw_wpnts=76 raw_age=0.50s decision=OVERTAKE
1786779296.345 [STATE_CHANGE] GB_TRACK -> OVERTAKE src=OVERTAKE s=18.23 d=0.06 vs=0.00
