# state_machine debug log started 20260815_191222  map='0815test3'
1786788750.241 [OBSTACLES] cur_s=2.35 cur_d=0.29 vs=-0.88 n=0 [none]
1786788750.242 [STATE_CHANGE] None -> LOSTLINE src=GB_TRACK s=2.35 d=0.29 vs=-0.88
1786788750.629 [STATE_CHANGE] LOSTLINE -> RECOVERY src=RECOVERY s=2.13 d=0.30 vs=0.00
1786788750.758 [OBSTACLES] cur_s=2.12 cur_d=0.30 vs=0.00 n=0 [none]
1786788751.293 [OBSTACLES] cur_s=2.29 cur_d=0.29 vs=1.00 n=0 [none]
1786788751.900 [OBSTACLES] cur_s=3.46 cur_d=0.20 vs=2.64 n=0 [none]
1786788752.358 [STATE_CHANGE] RECOVERY -> GB_TRACK src=GB_TRACK s=4.63 d=0.03 vs=3.37
1786788752.463 [OBSTACLES] cur_s=5.17 cur_d=-0.05 vs=3.43 n=0 [none]
1786788753.031 [OBSTACLES] cur_s=7.00 cur_d=-0.08 vs=3.44 n=0 [none]
1786788753.579 [OBSTACLES] cur_s=9.06 cur_d=0.05 vs=3.44 n=0 [none]
1786788754.122 [OBSTACLES] cur_s=10.75 cur_d=0.05 vs=2.59 n=0 [none]
1786788754.681 [OBSTACLES] cur_s=12.41 cur_d=0.27 vs=2.80 n=0 [none]
1786788755.193 [OBSTACLES] cur_s=13.90 cur_d=0.12 vs=3.36 n=0 [none]
1786788755.812 [OBSTACLES] cur_s=15.67 cur_d=0.10 vs=2.55 n=0 [none]
1786788756.319 [OBSTACLES] cur_s=17.10 cur_d=0.16 vs=2.75 n=1 [id=1 static=1 gap=4.00m d=0.68 size=0.26]
1786788756.637 [STATIC_OT] state=GB_TRACK path_exists=0 path_locked=0 path_ttl_ok=0 path_safe=0 on_spline=0 speed=3.20 raw_wpnts=0 raw_age=-s decision=TRAILING reason=NO_STATIC_PATH
1786788756.642 [STATE_CHANGE] GB_TRACK -> TRAILING src=GB_TRACK s=18.14 d=0.29 vs=3.20
1786788756.830 [OBSTACLES] cur_s=18.67 cur_d=0.33 vs=3.40 n=1 [id=1 static=1 gap=2.37m d=0.61 size=0.27]
1786788756.837 [STATIC_OT] state=TRAILING path_exists=0 path_locked=0 path_ttl_ok=0 path_safe=0 on_spline=0 speed=3.40 raw_wpnts=0 raw_age=-s decision=TRAILING reason=NO_STATIC_PATH
1786788757.074 [STATIC_OT] state=TRAILING path_exists=0 path_locked=0 path_ttl_ok=0 path_safe=0 on_spline=0 speed=3.05 raw_wpnts=0 raw_age=-s decision=TRAILING reason=NO_STATIC_PATH
1786788757.279 [STATIC_OT] state=TRAILING path_exists=0 path_locked=0 path_ttl_ok=0 path_safe=0 on_spline=0 speed=2.49 raw_wpnts=0 raw_age=-s decision=TRAILING reason=NO_STATIC_PATH
1786788757.402 [OBSTACLES] cur_s=19.77 cur_d=0.15 vs=2.25 n=2 [id=1 static=1 gap=1.20m d=0.62 size=0.29; id=2 static=1 gap=0.54m d=0.73 size=0.27]
1786788757.541 [STATIC_OT] state=TRAILING path_exists=0 path_locked=0 path_ttl_ok=0 path_safe=0 on_spline=0 speed=2.03 raw_wpnts=0 raw_age=-s decision=TRAILING reason=NO_STATIC_PATH
1786788757.761 [STATE_CHANGE] TRAILING -> GB_TRACK src=GB_TRACK s=20.37 d=0.05 vs=1.54
1786788757.931 [OBSTACLES] cur_s=20.59 cur_d=0.03 vs=1.19 n=0 [none]
1786788758.484 [OBSTACLES] cur_s=21.67 cur_d=-0.10 vs=3.10 n=0 [none]
1786788759.012 [OBSTACLES] cur_s=23.44 cur_d=-0.07 vs=3.44 n=0 [none]
1786788759.554 [OBSTACLES] cur_s=25.37 cur_d=-0.07 vs=3.45 n=0 [none]
1786788760.087 [OBSTACLES] cur_s=27.10 cur_d=0.12 vs=3.42 n=0 [none]
1786788760.591 [OBSTACLES] cur_s=29.40 cur_d=-0.09 vs=3.42 n=0 [none]
1786788761.237 [OBSTACLES] cur_s=31.61 cur_d=0.13 vs=3.36 n=0 [none]
1786788761.766 [OBSTACLES] cur_s=33.37 cur_d=0.21 vs=3.26 n=0 [none]
1786788762.270 [OBSTACLES] cur_s=0.35 cur_d=0.17 vs=3.40 n=0 [none]
1786788762.658 [STATE_CHANGE] GB_TRACK -> LOSTLINE src=GB_TRACK s=1.73 d=0.29 vs=3.43
1786788762.710 [STATE_CHANGE] LOSTLINE -> RECOVERY src=RECOVERY s=2.01 d=0.30 vs=3.44
1786788762.813 [OBSTACLES] cur_s=2.34 cur_d=0.27 vs=3.42 n=0 [none]
1786788763.201 [STATE_CHANGE] RECOVERY -> GB_TRACK src=GB_TRACK s=3.59 d=0.02 vs=3.39
1786788763.372 [OBSTACLES] cur_s=4.19 cur_d=-0.05 vs=3.42 n=0 [none]
1786788763.889 [OBSTACLES] cur_s=5.76 cur_d=-0.02 vs=3.44 n=0 [none]
1786788764.431 [OBSTACLES] cur_s=7.25 cur_d=-0.01 vs=3.45 n=0 [none]
1786788764.961 [OBSTACLES] cur_s=9.64 cur_d=0.07 vs=3.18 n=0 [none]
1786788765.502 [OBSTACLES] cur_s=10.96 cur_d=0.04 vs=2.47 n=0 [none]
1786788766.127 [OBSTACLES] cur_s=12.47 cur_d=0.13 vs=2.85 n=0 [none]
1786788766.649 [OBSTACLES] cur_s=13.94 cur_d=0.19 vs=3.41 n=0 [none]
1786788767.188 [OBSTACLES] cur_s=15.96 cur_d=-0.03 vs=2.55 n=0 [none]
1786788767.721 [OBSTACLES] cur_s=17.21 cur_d=0.14 vs=2.80 n=1 [id=3 static=1 gap=3.91m d=0.70 size=0.28]
1786788768.053 [STATIC_OT] state=GB_TRACK path_exists=0 path_locked=0 path_ttl_ok=0 path_safe=0 on_spline=0 speed=3.09 raw_wpnts=0 raw_age=-s decision=TRAILING reason=NO_STATIC_PATH
1786788768.055 [STATE_CHANGE] GB_TRACK -> TRAILING src=GB_TRACK s=17.96 d=0.31 vs=3.09
1786788768.425 [OBSTACLES] cur_s=19.26 cur_d=0.16 vs=3.16 n=1 [id=3 static=1 gap=1.71m d=0.65 size=0.28]
1786788768.430 [STATIC_OT] state=TRAILING path_exists=0 path_locked=0 path_ttl_ok=0 path_safe=0 on_spline=0 speed=3.16 raw_wpnts=0 raw_age=-s decision=TRAILING reason=NO_STATIC_PATH
1786788768.711 [STATE_CHANGE] TRAILING -> GB_TRACK src=GB_TRACK s=19.92 d=0.05 vs=2.70
1786788769.022 [OBSTACLES] cur_s=20.78 cur_d=-0.03 vs=2.17 n=1 [id=3 static=1 gap=0.04m d=0.67 size=0.45]
1786788769.528 [OBSTACLES] cur_s=22.27 cur_d=-0.10 vs=3.38 n=0 [none]
1786788770.071 [OBSTACLES] cur_s=24.09 cur_d=-0.11 vs=3.45 n=0 [none]
1786788770.598 [OBSTACLES] cur_s=25.81 cur_d=-0.03 vs=3.43 n=0 [none]
1786788771.130 [OBSTACLES] cur_s=27.71 cur_d=0.18 vs=3.44 n=0 [none]
1786788771.651 [OBSTACLES] cur_s=29.53 cur_d=0.15 vs=3.43 n=0 [none]
1786788772.182 [OBSTACLES] cur_s=31.17 cur_d=0.28 vs=3.42 n=0 [none]
1786788772.212 [STATE_CHANGE] GB_TRACK -> LOSTLINE src=GB_TRACK s=31.39 d=0.29 vs=3.43
1786788772.575 [STATE_CHANGE] LOSTLINE -> GB_TRACK src=GB_TRACK s=33.03 d=0.28 vs=3.30
1786788772.716 [OBSTACLES] cur_s=33.35 cur_d=0.25 vs=3.29 n=0 [none]
1786788773.229 [OBSTACLES] cur_s=0.94 cur_d=0.17 vs=3.40 n=0 [none]
1786788773.748 [OBSTACLES] cur_s=2.28 cur_d=0.15 vs=3.41 n=0 [none]
1786788774.279 [OBSTACLES] cur_s=4.12 cur_d=0.01 vs=3.46 n=0 [none]
1786788774.833 [OBSTACLES] cur_s=5.93 cur_d=0.01 vs=3.46 n=0 [none]
1786788775.375 [OBSTACLES] cur_s=8.08 cur_d=-0.11 vs=3.45 n=0 [none]
1786788775.907 [OBSTACLES] cur_s=9.77 cur_d=0.09 vs=3.13 n=0 [none]
1786788776.466 [OBSTACLES] cur_s=11.17 cur_d=0.01 vs=2.42 n=0 [none]
1786788776.982 [OBSTACLES] cur_s=12.40 cur_d=0.09 vs=2.80 n=0 [none]
1786788777.505 [OBSTACLES] cur_s=14.22 cur_d=0.16 vs=3.33 n=0 [none]
1786788778.054 [OBSTACLES] cur_s=15.89 cur_d=0.03 vs=2.62 n=0 [none]
1786788778.647 [OBSTACLES] cur_s=17.38 cur_d=0.16 vs=2.87 n=1 [id=4 static=1 gap=3.71m d=0.66 size=0.28]
1786788778.883 [STATIC_OT] state=GB_TRACK path_exists=0 path_locked=0 path_ttl_ok=0 path_safe=0 on_spline=0 speed=3.17 raw_wpnts=0 raw_age=-s decision=TRAILING reason=NO_STATIC_PATH
1786788778.884 [STATE_CHANGE] GB_TRACK -> TRAILING src=GB_TRACK s=17.91 d=0.29 vs=3.17
1786788779.125 [STATIC_OT] state=TRAILING path_exists=0 path_locked=0 path_ttl_ok=0 path_safe=0 on_spline=0 speed=3.33 raw_wpnts=0 raw_age=-s decision=TRAILING reason=NO_STATIC_PATH
1786788779.222 [OBSTACLES] cur_s=19.30 cur_d=0.31 vs=3.14 n=1 [id=4 static=1 gap=1.70m d=0.62 size=0.26]
1786788779.358 [STATIC_OT] state=TRAILING path_exists=0 path_locked=0 path_ttl_ok=0 path_safe=0 on_spline=0 speed=2.97 raw_wpnts=0 raw_age=-s decision=TRAILING reason=NO_STATIC_PATH
1786788779.513 [STATE_CHANGE] TRAILING -> RECOVERY src=RECOVERY s=19.90 d=0.14 vs=2.74
1786788779.761 [OBSTACLES] cur_s=20.53 cur_d=0.04 vs=2.09 n=1 [id=4 static=1 gap=0.38m d=0.64 size=0.40]
1786788779.764 [STATE_CHANGE] RECOVERY -> GB_TRACK src=GB_TRACK s=20.53 d=0.04 vs=2.09
1786788780.349 [OBSTACLES] cur_s=22.34 cur_d=-0.08 vs=3.39 n=0 [none]
1786788780.882 [OBSTACLES] cur_s=23.59 cur_d=-0.08 vs=3.44 n=0 [none]
1786788781.391 [OBSTACLES] cur_s=25.71 cur_d=-0.01 vs=3.44 n=0 [none]
1786788781.892 [OBSTACLES] cur_s=27.29 cur_d=0.12 vs=3.44 n=0 [none]
1786788782.438 [OBSTACLES] cur_s=29.42 cur_d=0.16 vs=3.43 n=0 [none]
1786788782.971 [OBSTACLES] cur_s=31.08 cur_d=0.28 vs=3.42 n=0 [none]
1786788782.999 [STATE_CHANGE] GB_TRACK -> LOSTLINE src=GB_TRACK s=31.22 d=0.29 vs=3.42
1786788783.431 [STATE_CHANGE] LOSTLINE -> GB_TRACK src=GB_TRACK s=32.78 d=0.27 vs=3.30
1786788783.519 [OBSTACLES] cur_s=32.96 cur_d=0.24 vs=3.29 n=0 [none]
1786788783.751 [STATIC_OT] state=GB_TRACK path_exists=0 path_locked=0 path_ttl_ok=0 path_safe=0 on_spline=0 speed=3.30 raw_wpnts=0 raw_age=-s decision=TRAILING reason=NO_STATIC_PATH
1786788783.751 [STATE_CHANGE] GB_TRACK -> TRAILING src=GB_TRACK s=33.98 d=0.16 vs=3.30
1786788784.019 [STATIC_OT] state=TRAILING path_exists=0 path_locked=0 path_ttl_ok=0 path_safe=0 on_spline=0 speed=3.41 raw_wpnts=0 raw_age=-s decision=TRAILING reason=NO_STATIC_PATH
1786788784.078 [OBSTACLES] cur_s=0.46 cur_d=0.07 vs=3.41 n=1 [id=5 static=1 gap=8.39m d=-0.17 size=0.27]
1786788784.240 [STATIC_OT] state=TRAILING path_exists=0 path_locked=0 path_ttl_ok=0 path_safe=0 on_spline=0 speed=3.40 raw_wpnts=0 raw_age=-s decision=TRAILING reason=NO_STATIC_PATH
1786788784.510 [STATIC_OT] state=TRAILING path_exists=0 path_locked=0 path_ttl_ok=0 path_safe=0 on_spline=0 speed=3.09 raw_wpnts=0 raw_age=-s decision=TRAILING reason=NO_STATIC_PATH
1786788784.606 [OBSTACLES] cur_s=1.83 cur_d=0.19 vs=2.96 n=1 [id=5 static=1 gap=6.89m d=-0.14 size=0.36]
1786788784.790 [STATIC_OT] state=TRAILING path_exists=0 path_locked=0 path_ttl_ok=0 path_safe=0 on_spline=0 speed=2.40 raw_wpnts=0 raw_age=-s decision=TRAILING reason=NO_STATIC_PATH
1786788785.024 [STATIC_OT] state=TRAILING path_exists=0 path_locked=0 path_ttl_ok=0 path_safe=0 on_spline=0 speed=2.07 raw_wpnts=0 raw_age=-s decision=TRAILING reason=NO_STATIC_PATH
1786788785.168 [OBSTACLES] cur_s=3.13 cur_d=0.04 vs=1.92 n=1 [id=5 static=1 gap=5.49m d=-0.08 size=0.35]
1786788785.320 [STATIC_OT] state=TRAILING path_exists=0 path_locked=0 path_ttl_ok=0 path_safe=0 on_spline=0 speed=1.75 raw_wpnts=0 raw_age=-s decision=TRAILING reason=NO_STATIC_PATH
1786788785.617 [STATIC_OT] state=TRAILING path_exists=0 path_locked=0 path_ttl_ok=0 path_safe=0 on_spline=0 speed=1.54 raw_wpnts=0 raw_age=-s decision=TRAILING reason=NO_STATIC_PATH
1786788785.749 [OBSTACLES] cur_s=4.08 cur_d=0.01 vs=1.49 n=1 [id=5 static=1 gap=4.50m d=-0.06 size=0.32]
1786788785.769 [STATIC_OT_TRANSITION] first_valid_path_to_overtake_ms=0.0
1786788785.773 [STATE_CHANGE] TRAILING -> OVERTAKE src=OVERTAKE s=4.08 d=0.01 vs=1.49
1786788786.310 [OBSTACLES] cur_s=4.85 cur_d=-0.03 vs=1.90 n=1 [id=5 static=1 gap=3.73m d=-0.06 size=0.28]
1786788786.894 [OBSTACLES] cur_s=6.39 cur_d=-0.02 vs=2.84 n=1 [id=5 static=1 gap=2.17m d=-0.05 size=0.27]
1786788787.484 [OBSTACLES] cur_s=8.23 cur_d=0.32 vs=2.68 n=1 [id=5 static=1 gap=0.26m d=-0.05 size=0.37]
1786788788.039 [OBSTACLES] cur_s=9.66 cur_d=-0.00 vs=2.41 n=0 [none]
1786788788.690 [OBSTACLES] cur_s=11.19 cur_d=0.22 vs=2.19 n=0 [none]
1786788789.277 [OBSTACLES] cur_s=12.92 cur_d=0.03 vs=3.08 n=0 [none]
1786788789.618 [STATE_CHANGE] OVERTAKE -> LOSTLINE src=GB_TRACK s=14.04 d=0.07 vs=3.39
1786788789.694 [STATE_CHANGE] LOSTLINE -> GB_TRACK src=GB_TRACK s=14.15 d=0.08 vs=3.40
1786788789.819 [OBSTACLES] cur_s=14.56 cur_d=0.12 vs=3.22 n=0 [none]
1786788790.375 [OBSTACLES] cur_s=16.13 cur_d=-0.12 vs=2.24 n=0 [none]
1786788790.901 [OBSTACLES] cur_s=17.16 cur_d=-0.02 vs=2.72 n=1 [id=6 static=1 gap=3.94m d=0.66 size=0.27]
1786788791.188 [STATIC_OT] state=GB_TRACK path_exists=0 path_locked=0 path_ttl_ok=0 path_safe=0 on_spline=0 speed=3.00 raw_wpnts=0 raw_age=-s decision=TRAILING reason=NO_STATIC_PATH
1786788791.192 [STATE_CHANGE] GB_TRACK -> TRAILING src=GB_TRACK s=18.22 d=0.32 vs=3.00
1786788791.482 [OBSTACLES] cur_s=19.35 cur_d=0.29 vs=3.12 n=1 [id=6 static=1 gap=1.69m d=0.60 size=0.27]
1786788791.493 [STATIC_OT] state=TRAILING path_exists=0 path_locked=0 path_ttl_ok=0 path_safe=0 on_spline=0 speed=3.12 raw_wpnts=0 raw_age=-s decision=TRAILING reason=NO_STATIC_PATH
1786788791.796 [STATIC_OT] state=TRAILING path_exists=0 path_locked=0 path_ttl_ok=0 path_safe=0 on_spline=0 speed=2.57 raw_wpnts=0 raw_age=-s decision=TRAILING reason=NO_STATIC_PATH
1786788791.864 [STATE_CHANGE] TRAILING -> GB_TRACK src=GB_TRACK s=20.30 d=0.04 vs=2.44
1786788792.032 [OBSTACLES] cur_s=20.62 cur_d=0.01 vs=2.03 n=1 [id=6 static=1 gap=0.39m d=0.62 size=0.40]
1786788792.611 [OBSTACLES] cur_s=22.14 cur_d=-0.06 vs=3.35 n=0 [none]
1786788793.126 [OBSTACLES] cur_s=23.89 cur_d=-0.09 vs=3.44 n=0 [none]
1786788793.666 [OBSTACLES] cur_s=25.39 cur_d=-0.06 vs=3.43 n=0 [none]
1786788794.194 [OBSTACLES] cur_s=27.17 cur_d=0.22 vs=3.44 n=0 [none]
1786788794.717 [OBSTACLES] cur_s=28.78 cur_d=0.11 vs=3.42 n=0 [none]
1786788795.293 [OBSTACLES] cur_s=30.96 cur_d=0.16 vs=3.38 n=0 [none]
1786788795.809 [OBSTACLES] cur_s=32.99 cur_d=0.21 vs=3.29 n=0 [none]
1786788796.202 [STATIC_OT] state=GB_TRACK path_exists=0 path_locked=0 path_ttl_ok=0 path_safe=0 on_spline=0 speed=3.37 raw_wpnts=0 raw_age=-s decision=TRAILING reason=NO_STATIC_PATH
1786788796.202 [STATE_CHANGE] GB_TRACK -> TRAILING src=GB_TRACK s=34.41 d=0.11 vs=3.37
1786788796.327 [OBSTACLES] cur_s=0.28 cur_d=0.08 vs=3.40 n=1 [id=7 static=1 gap=8.62m d=-0.05 size=0.24]
1786788796.453 [STATIC_OT] state=TRAILING path_exists=0 path_locked=0 path_ttl_ok=0 path_safe=0 on_spline=0 speed=3.40 raw_wpnts=0 raw_age=-s decision=TRAILING reason=NO_STATIC_PATH
1786788796.662 [STATIC_OT] state=TRAILING path_exists=0 path_locked=0 path_ttl_ok=0 path_safe=0 on_spline=0 speed=3.40 raw_wpnts=0 raw_age=-s decision=TRAILING reason=NO_STATIC_PATH
1786788796.836 [OBSTACLES] cur_s=1.61 cur_d=0.24 vs=3.22 n=1 [id=7 static=1 gap=7.25m d=-0.07 size=0.30]
1786788796.926 [STATIC_OT] state=TRAILING path_exists=0 path_locked=0 path_ttl_ok=0 path_safe=0 on_spline=0 speed=3.17 raw_wpnts=0 raw_age=-s decision=TRAILING reason=NO_STATIC_PATH
1786788797.144 [STATIC_OT] state=TRAILING path_exists=0 path_locked=0 path_ttl_ok=0 path_safe=0 on_spline=0 speed=2.76 raw_wpnts=0 raw_age=-s decision=TRAILING reason=NO_STATIC_PATH
1786788797.440 [OBSTACLES] cur_s=3.39 cur_d=0.05 vs=1.77 n=1 [id=7 static=1 gap=5.43m d=-0.05 size=0.32]
1786788797.454 [STATIC_OT] state=TRAILING path_exists=0 path_locked=0 path_ttl_ok=0 path_safe=0 on_spline=0 speed=1.77 raw_wpnts=0 raw_age=-s decision=TRAILING reason=NO_STATIC_PATH
1786788797.735 [STATIC_OT] state=TRAILING path_exists=0 path_locked=0 path_ttl_ok=0 path_safe=0 on_spline=0 speed=1.76 raw_wpnts=0 raw_age=-s decision=TRAILING reason=NO_STATIC_PATH
1786788797.989 [OBSTACLES] cur_s=3.83 cur_d=0.04 vs=1.63 n=1 [id=7 static=1 gap=5.00m d=-0.05 size=0.31]
1786788797.998 [STATIC_OT] state=TRAILING path_exists=1 path_locked=0 path_ttl_ok=1 path_safe=1 on_spline=1 speed=1.63 raw_wpnts=123 raw_age=0.77s decision=OVERTAKE
1786788798.000 [STATE_CHANGE] TRAILING -> OVERTAKE src=OVERTAKE s=3.83 d=0.04 vs=1.63
1786788798.506 [OBSTACLES] cur_s=4.66 cur_d=-0.02 vs=1.77 n=0 [none]
1786788799.046 [OBSTACLES] cur_s=5.37 cur_d=-0.09 vs=0.81 n=1 [id=7 static=1 gap=3.09m d=-0.01 size=0.29]
1786788799.650 [OBSTACLES] cur_s=5.49 cur_d=-0.11 vs=0.00 n=1 [id=7 static=1 gap=2.98m d=-0.02 size=0.25]
