# static_avoidance_node debug log started 20260815_163306
1786779190.245 [STATIC_AVOID] obs_id=- obs_dist=-m obs_s=- ego_s=16.42 side=- | left_clearance=- right_clearance=- candidate_valid=false rung=- | cache_used=false path_age=- path_points=0 planning_time_ms=0.2 | reason=no_static_obstacle_in_range | cache_reason=no_cache
1786779190.745 [STATIC_AVOID] obs_id=- obs_dist=-m obs_s=- ego_s=16.43 side=- | left_clearance=- right_clearance=- candidate_valid=false rung=- | cache_used=false path_age=- path_points=0 planning_time_ms=0.1 | reason=no_static_obstacle_in_range | cache_reason=no_cache
1786779191.250 [STATIC_AVOID] obs_id=- obs_dist=-m obs_s=- ego_s=16.43 side=- | left_clearance=- right_clearance=- candidate_valid=false rung=- | cache_used=false path_age=- path_points=0 planning_time_ms=0.1 | reason=no_static_obstacle_in_range | cache_reason=no_cache
1786779191.760 [STATIC_AVOID] obs_id=- obs_dist=-m obs_s=- ego_s=16.42 side=- | left_clearance=- right_clearance=- candidate_valid=false rung=- | cache_used=false path_age=- path_points=0 planning_time_ms=0.1 | reason=no_static_obstacle_in_range | cache_reason=no_cache
1786779192.293 [STATIC_AVOID] obs_id=- obs_dist=-m obs_s=- ego_s=16.43 side=- | left_clearance=- right_clearance=- candidate_valid=false rung=- | cache_used=false path_age=- path_points=0 planning_time_ms=0.1 | reason=no_static_obstacle_in_range | cache_reason=no_cache
1786779192.800 [STATIC_AVOID] obs_id=- obs_dist=-m obs_s=- ego_s=16.43 side=- | left_clearance=- right_clearance=- candidate_valid=false rung=- | cache_used=false path_age=- path_points=0 planning_time_ms=0.1 | reason=no_static_obstacle_in_range | cache_reason=no_cache
1786779193.308 [STATIC_AVOID] obs_id=- obs_dist=-m obs_s=- ego_s=16.43 side=- | left_clearance=- right_clearance=- candidate_valid=false rung=- | cache_used=false path_age=- path_points=0 planning_time_ms=0.1 | reason=no_static_obstacle_in_range | cache_reason=no_cache
1786779193.814 [STATIC_AVOID] obs_id=- obs_dist=-m obs_s=- ego_s=16.42 side=- | left_clearance=- right_clearance=- candidate_valid=false rung=- | cache_used=false path_age=- path_points=0 planning_time_ms=0.1 | reason=no_static_obstacle_in_range | cache_reason=no_cache
1786779194.347 [STATIC_AVOID] obs_id=- obs_dist=-m obs_s=- ego_s=16.47 side=- | left_clearance=- right_clearance=- candidate_valid=false rung=- | cache_used=false path_age=- path_points=0 planning_time_ms=0.1 | reason=no_static_obstacle_in_range | cache_reason=no_cache
1786779194.849 [STATIC_AVOID] obs_id=- obs_dist=-m obs_s=- ego_s=16.54 side=- | left_clearance=- right_clearance=- candidate_valid=false rung=- | cache_used=false path_age=- path_points=0 planning_time_ms=0.1 | reason=no_static_obstacle_in_range | cache_reason=no_cache
1786779195.401 [STATIC_AVOID] obs_id=- obs_dist=-m obs_s=- ego_s=16.54 side=- | left_clearance=- right_clearance=- candidate_valid=false rung=- | cache_used=false path_age=- path_points=0 planning_time_ms=0.1 | reason=no_static_obstacle_in_range | cache_reason=no_cache
1786779195.944 [STATIC_AVOID] obs_id=- obs_dist=-m obs_s=- ego_s=16.54 side=- | left_clearance=- right_clearance=- candidate_valid=false rung=- | cache_used=false path_age=- path_points=0 planning_time_ms=0.1 | reason=no_static_obstacle_in_range | cache_reason=no_cache
1786779196.445 [STATIC_AVOID] obs_id=- obs_dist=-m obs_s=- ego_s=16.54 side=- | left_clearance=- right_clearance=- candidate_valid=false rung=- | cache_used=false path_age=- path_points=0 planning_time_ms=0.1 | reason=no_static_obstacle_in_range | cache_reason=no_cache
1786779196.945 [STATIC_AVOID] obs_id=- obs_dist=-m obs_s=- ego_s=16.54 side=- | left_clearance=- right_clearance=- candidate_valid=false rung=- | cache_used=false path_age=- path_points=0 planning_time_ms=0.1 | reason=no_static_obstacle_in_range | cache_reason=no_cache
1786779197.491 [STATIC_AVOID] obs_id=- obs_dist=-m obs_s=- ego_s=16.54 side=- | left_clearance=- right_clearance=- candidate_valid=false rung=- | cache_used=false path_age=- path_points=0 planning_time_ms=0.1 | reason=no_static_obstacle_in_range | cache_reason=no_cache
1786779197.996 [STATIC_AVOID] obs_id=- obs_dist=-m obs_s=- ego_s=16.54 side=- | left_clearance=- right_clearance=- candidate_valid=false rung=- | cache_used=false path_age=- path_points=0 planning_time_ms=0.1 | reason=no_static_obstacle_in_range | cache_reason=no_cache
1786779198.545 [STATIC_AVOID] obs_id=- obs_dist=-m obs_s=- ego_s=16.54 side=- | left_clearance=- right_clearance=- candidate_valid=false rung=- | cache_used=false path_age=- path_points=0 planning_time_ms=0.1 | reason=no_static_obstacle_in_range | cache_reason=no_cache
1786779199.049 [STATIC_AVOID] obs_id=- obs_dist=-m obs_s=- ego_s=16.54 side=- | left_clearance=- right_clearance=- candidate_valid=false rung=- | cache_used=false path_age=- path_points=0 planning_time_ms=0.1 | reason=no_static_obstacle_in_range | cache_reason=no_cache
1786779199.593 [STATIC_AVOID] obs_id=- obs_dist=-m obs_s=- ego_s=16.54 side=- | left_clearance=- right_clearance=- candidate_valid=false rung=- | cache_used=false path_age=- path_points=0 planning_time_ms=0.1 | reason=no_static_obstacle_in_range | cache_reason=no_cache
1786779200.107 [STATIC_AVOID] obs_id=- obs_dist=-m obs_s=- ego_s=16.54 side=- | left_clearance=- right_clearance=- candidate_valid=false rung=- | cache_used=false path_age=- path_points=0 planning_time_ms=0.1 | reason=no_static_obstacle_in_range | cache_reason=no_cache
1786779200.641 [STATIC_AVOID] obs_id=- obs_dist=-m obs_s=- ego_s=16.54 side=- | left_clearance=- right_clearance=- candidate_valid=false rung=- | cache_used=false path_age=- path_points=0 planning_time_ms=0.1 | reason=no_static_obstacle_in_range | cache_reason=no_cache
1786779201.164 [STATIC_AVOID] obs_id=- obs_dist=-m obs_s=- ego_s=16.54 side=- | left_clearance=- right_clearance=- candidate_valid=false rung=- | cache_used=false path_age=- path_points=0 planning_time_ms=0.1 | reason=no_static_obstacle_in_range | cache_reason=no_cache
1786779201.692 [STATIC_AVOID] obs_id=- obs_dist=-m obs_s=- ego_s=16.54 side=- | left_clearance=- right_clearance=- candidate_valid=false rung=- | cache_used=false path_age=- path_points=0 planning_time_ms=0.1 | reason=no_static_obstacle_in_range | cache_reason=no_cache
1786779202.196 [STATIC_AVOID] obs_id=- obs_dist=-m obs_s=- ego_s=16.54 side=- | left_clearance=- right_clearance=- candidate_valid=false rung=- | cache_used=false path_age=- path_points=0 planning_time_ms=0.1 | reason=no_static_obstacle_in_range | cache_reason=no_cache
1786779202.700 [STATIC_AVOID] obs_id=- obs_dist=-m obs_s=- ego_s=16.54 side=- | left_clearance=- right_clearance=- candidate_valid=false rung=- | cache_used=false path_age=- path_points=0 planning_time_ms=0.1 | reason=no_static_obstacle_in_range | cache_reason=no_cache
1786779203.201 [STATIC_AVOID] obs_id=- obs_dist=-m obs_s=- ego_s=16.54 side=- | left_clearance=- right_clearance=- candidate_valid=false rung=- | cache_used=false path_age=- path_points=0 planning_time_ms=0.1 | reason=no_static_obstacle_in_range | cache_reason=no_cache
1786779203.766 [STATIC_AVOID] obs_id=- obs_dist=-m obs_s=- ego_s=16.54 side=- | left_clearance=- right_clearance=- candidate_valid=false rung=- | cache_used=false path_age=- path_points=0 planning_time_ms=0.4 | reason=no_static_obstacle_in_range | cache_reason=no_cache
1786779204.296 [STATIC_AVOID] obs_id=- obs_dist=-m obs_s=- ego_s=16.54 side=- | left_clearance=- right_clearance=- candidate_valid=false rung=- | cache_used=false path_age=- path_points=0 planning_time_ms=0.1 | reason=no_static_obstacle_in_range | cache_reason=no_cache
1786779204.842 [STATIC_AVOID] obs_id=- obs_dist=-m obs_s=- ego_s=16.53 side=- | left_clearance=- right_clearance=- candidate_valid=false rung=- | cache_used=false path_age=- path_points=0 planning_time_ms=0.1 | reason=no_static_obstacle_in_range | cache_reason=no_cache
1786779205.344 [STATIC_AVOID] obs_id=- obs_dist=-m obs_s=- ego_s=16.54 side=- | left_clearance=- right_clearance=- candidate_valid=false rung=- | cache_used=false path_age=- path_points=0 planning_time_ms=0.1 | reason=no_static_obstacle_in_range | cache_reason=no_cache
1786779205.855 [STATIC_AVOID] obs_id=- obs_dist=-m obs_s=- ego_s=16.54 side=- | left_clearance=- right_clearance=- candidate_valid=false rung=- | cache_used=false path_age=- path_points=0 planning_time_ms=0.1 | reason=no_static_obstacle_in_range | cache_reason=no_cache
1786779206.403 [STATIC_AVOID] obs_id=- obs_dist=-m obs_s=- ego_s=16.54 side=- | left_clearance=- right_clearance=- candidate_valid=false rung=- | cache_used=false path_age=- path_points=0 planning_time_ms=0.3 | reason=no_static_obstacle_in_range | cache_reason=no_cache
1786779206.951 [STATIC_AVOID] obs_id=- obs_dist=-m obs_s=- ego_s=16.54 side=- | left_clearance=- right_clearance=- candidate_valid=false rung=- | cache_used=false path_age=- path_points=0 planning_time_ms=0.1 | reason=no_static_obstacle_in_range | cache_reason=no_cache
1786779207.501 [STATIC_AVOID] obs_id=- obs_dist=-m obs_s=- ego_s=16.54 side=- | left_clearance=- right_clearance=- candidate_valid=false rung=- | cache_used=false path_age=- path_points=0 planning_time_ms=0.1 | reason=no_static_obstacle_in_range | cache_reason=no_cache
1786779208.045 [STATIC_AVOID] obs_id=- obs_dist=-m obs_s=- ego_s=16.54 side=- | left_clearance=- right_clearance=- candidate_valid=false rung=- | cache_used=false path_age=- path_points=0 planning_time_ms=0.1 | reason=no_static_obstacle_in_range | cache_reason=no_cache
1786779208.552 [STATIC_AVOID] obs_id=- obs_dist=-m obs_s=- ego_s=16.54 side=- | left_clearance=- right_clearance=- candidate_valid=false rung=- | cache_used=false path_age=- path_points=0 planning_time_ms=0.1 | reason=no_static_obstacle_in_range | cache_reason=no_cache
1786779209.102 [STATIC_AVOID] obs_id=- obs_dist=-m obs_s=- ego_s=16.53 side=- | left_clearance=- right_clearance=- candidate_valid=false rung=- | cache_used=false path_age=- path_points=0 planning_time_ms=0.5 | reason=no_static_obstacle_in_range | cache_reason=no_cache
1786779209.654 [STATIC_AVOID] obs_id=- obs_dist=-m obs_s=- ego_s=16.54 side=- | left_clearance=- right_clearance=- candidate_valid=false rung=- | cache_used=false path_age=- path_points=0 planning_time_ms=0.1 | reason=no_static_obstacle_in_range | cache_reason=no_cache
1786779210.161 [STATIC_AVOID] obs_id=- obs_dist=-m obs_s=- ego_s=16.54 side=- | left_clearance=- right_clearance=- candidate_valid=false rung=- | cache_used=false path_age=- path_points=0 planning_time_ms=0.1 | reason=no_static_obstacle_in_range | cache_reason=no_cache
1786779210.697 [STATIC_AVOID] obs_id=- obs_dist=-m obs_s=- ego_s=16.54 side=- | left_clearance=- right_clearance=- candidate_valid=false rung=- | cache_used=false path_age=- path_points=0 planning_time_ms=0.1 | reason=no_static_obstacle_in_range | cache_reason=no_cache
1786779211.197 [STATIC_AVOID] obs_id=- obs_dist=-m obs_s=- ego_s=13.50 side=- | left_clearance=- right_clearance=- candidate_valid=false rung=- | cache_used=false path_age=- path_points=0 planning_time_ms=0.1 | reason=no_static_obstacle_in_range | cache_reason=no_cache
1786779211.758 [STATIC_AVOID] obs_id=- obs_dist=-m obs_s=- ego_s=13.46 side=- | left_clearance=- right_clearance=- candidate_valid=false rung=- | cache_used=false path_age=- path_points=0 planning_time_ms=0.1 | reason=no_static_obstacle_in_range | cache_reason=no_cache
1786779212.299 [STATIC_AVOID] obs_id=- obs_dist=-m obs_s=- ego_s=13.45 side=- | left_clearance=- right_clearance=- candidate_valid=false rung=- | cache_used=false path_age=- path_points=0 planning_time_ms=0.1 | reason=no_static_obstacle_in_range | cache_reason=no_cache
1786779212.849 [STATIC_AVOID] obs_id=- obs_dist=-m obs_s=- ego_s=13.43 side=- | left_clearance=- right_clearance=- candidate_valid=false rung=- | cache_used=false path_age=- path_points=0 planning_time_ms=0.1 | reason=no_static_obstacle_in_range | cache_reason=no_cache
1786779213.392 [STATIC_AVOID] obs_id=- obs_dist=-m obs_s=- ego_s=13.45 side=- | left_clearance=- right_clearance=- candidate_valid=false rung=- | cache_used=false path_age=- path_points=0 planning_time_ms=0.1 | reason=no_static_obstacle_in_range | cache_reason=no_cache
1786779213.901 [STATIC_AVOID] obs_id=- obs_dist=-m obs_s=- ego_s=13.45 side=- | left_clearance=- right_clearance=- candidate_valid=false rung=- | cache_used=false path_age=- path_points=0 planning_time_ms=0.1 | reason=no_static_obstacle_in_range | cache_reason=no_cache
1786779214.446 [STATIC_AVOID] obs_id=- obs_dist=-m obs_s=- ego_s=13.45 side=- | left_clearance=- right_clearance=- candidate_valid=false rung=- | cache_used=false path_age=- path_points=0 planning_time_ms=0.1 | reason=no_static_obstacle_in_range | cache_reason=no_cache
1786779214.950 [STATIC_AVOID] obs_id=- obs_dist=-m obs_s=- ego_s=13.46 side=- | left_clearance=- right_clearance=- candidate_valid=false rung=- | cache_used=false path_age=- path_points=0 planning_time_ms=0.1 | reason=no_static_obstacle_in_range | cache_reason=no_cache
1786779215.450 [STATIC_AVOID] obs_id=- obs_dist=-m obs_s=- ego_s=13.45 side=- | left_clearance=- right_clearance=- candidate_valid=false rung=- | cache_used=false path_age=- path_points=0 planning_time_ms=0.1 | reason=no_static_obstacle_in_range | cache_reason=no_cache
1786779216.012 [STATIC_AVOID] obs_id=- obs_dist=-m obs_s=- ego_s=13.45 side=- | left_clearance=- right_clearance=- candidate_valid=false rung=- | cache_used=false path_age=- path_points=0 planning_time_ms=0.1 | reason=no_static_obstacle_in_range | cache_reason=no_cache
1786779216.541 [STATIC_AVOID] obs_id=- obs_dist=-m obs_s=- ego_s=13.45 side=- | left_clearance=- right_clearance=- candidate_valid=false rung=- | cache_used=false path_age=- path_points=0 planning_time_ms=0.1 | reason=no_static_obstacle_in_range | cache_reason=no_cache
1786779217.044 [STATIC_AVOID] obs_id=- obs_dist=-m obs_s=- ego_s=13.45 side=- | left_clearance=- right_clearance=- candidate_valid=false rung=- | cache_used=false path_age=- path_points=0 planning_time_ms=0.2 | reason=no_static_obstacle_in_range | cache_reason=no_cache
1786779217.545 [STATIC_AVOID] obs_id=- obs_dist=-m obs_s=- ego_s=13.46 side=- | left_clearance=- right_clearance=- candidate_valid=false rung=- | cache_used=false path_age=- path_points=0 planning_time_ms=0.1 | reason=no_static_obstacle_in_range | cache_reason=no_cache
1786779218.046 [STATIC_AVOID] obs_id=- obs_dist=-m obs_s=- ego_s=13.44 side=- | left_clearance=- right_clearance=- candidate_valid=false rung=- | cache_used=false path_age=- path_points=0 planning_time_ms=0.1 | reason=no_static_obstacle_in_range | cache_reason=no_cache
1786779218.553 [STATIC_AVOID] obs_id=- obs_dist=-m obs_s=- ego_s=13.43 side=- | left_clearance=- right_clearance=- candidate_valid=false rung=- | cache_used=false path_age=- path_points=0 planning_time_ms=0.1 | reason=no_static_obstacle_in_range | cache_reason=no_cache
1786779219.103 [STATIC_AVOID] obs_id=- obs_dist=-m obs_s=- ego_s=13.39 side=- | left_clearance=- right_clearance=- candidate_valid=false rung=- | cache_used=false path_age=- path_points=0 planning_time_ms=0.1 | reason=no_static_obstacle_in_range | cache_reason=no_cache
1786779219.652 [STATIC_AVOID] obs_id=- obs_dist=-m obs_s=- ego_s=13.39 side=- | left_clearance=- right_clearance=- candidate_valid=false rung=- | cache_used=false path_age=- path_points=0 planning_time_ms=0.1 | reason=no_static_obstacle_in_range | cache_reason=no_cache
1786779220.157 [STATIC_AVOID] obs_id=- obs_dist=-m obs_s=- ego_s=13.40 side=- | left_clearance=- right_clearance=- candidate_valid=false rung=- | cache_used=false path_age=- path_points=0 planning_time_ms=0.1 | reason=no_static_obstacle_in_range | cache_reason=no_cache
1786779220.697 [STATIC_AVOID] obs_id=- obs_dist=-m obs_s=- ego_s=13.40 side=- | left_clearance=- right_clearance=- candidate_valid=false rung=- | cache_used=false path_age=- path_points=0 planning_time_ms=0.1 | reason=no_static_obstacle_in_range | cache_reason=no_cache
1786779221.242 [STATIC_AVOID] obs_id=- obs_dist=-m obs_s=- ego_s=13.40 side=- | left_clearance=- right_clearance=- candidate_valid=false rung=- | cache_used=false path_age=- path_points=0 planning_time_ms=0.1 | reason=no_static_obstacle_in_range | cache_reason=no_cache
1786779221.784 [STATIC_AVOID] obs_id=- obs_dist=-m obs_s=- ego_s=13.40 side=- | left_clearance=- right_clearance=- candidate_valid=false rung=- | cache_used=false path_age=- path_points=0 planning_time_ms=0.1 | reason=no_static_obstacle_in_range | cache_reason=no_cache
1786779222.307 [STATIC_AVOID] obs_id=- obs_dist=-m obs_s=- ego_s=13.40 side=- | left_clearance=- right_clearance=- candidate_valid=false rung=- | cache_used=false path_age=- path_points=0 planning_time_ms=0.1 | reason=no_static_obstacle_in_range | cache_reason=no_cache
1786779222.849 [STATIC_AVOID] obs_id=- obs_dist=-m obs_s=- ego_s=13.40 side=- | left_clearance=- right_clearance=- candidate_valid=false rung=- | cache_used=false path_age=- path_points=0 planning_time_ms=0.1 | reason=no_static_obstacle_in_range | cache_reason=no_cache
1786779223.351 [STATIC_AVOID] obs_id=- obs_dist=-m obs_s=- ego_s=13.40 side=- | left_clearance=- right_clearance=- candidate_valid=false rung=- | cache_used=false path_age=- path_points=0 planning_time_ms=0.1 | reason=no_static_obstacle_in_range | cache_reason=no_cache
1786779223.851 [STATIC_AVOID] obs_id=- obs_dist=-m obs_s=- ego_s=13.40 side=- | left_clearance=- right_clearance=- candidate_valid=false rung=- | cache_used=false path_age=- path_points=0 planning_time_ms=0.1 | reason=no_static_obstacle_in_range | cache_reason=no_cache
1786779224.394 [STATIC_AVOID] obs_id=- obs_dist=-m obs_s=- ego_s=13.40 side=- | left_clearance=- right_clearance=- candidate_valid=false rung=- | cache_used=false path_age=- path_points=0 planning_time_ms=0.1 | reason=no_static_obstacle_in_range | cache_reason=no_cache
1786779224.898 [STATIC_AVOID] obs_id=- obs_dist=-m obs_s=- ego_s=13.40 side=- | left_clearance=- right_clearance=- candidate_valid=false rung=- | cache_used=false path_age=- path_points=0 planning_time_ms=0.1 | reason=no_static_obstacle_in_range | cache_reason=no_cache
1786779225.402 [STATIC_AVOID] obs_id=- obs_dist=-m obs_s=- ego_s=13.40 side=- | left_clearance=- right_clearance=- candidate_valid=false rung=- | cache_used=false path_age=- path_points=0 planning_time_ms=0.1 | reason=no_static_obstacle_in_range | cache_reason=no_cache
1786779225.948 [STATIC_AVOID] obs_id=- obs_dist=-m obs_s=- ego_s=13.40 side=- | left_clearance=- right_clearance=- candidate_valid=false rung=- | cache_used=false path_age=- path_points=0 planning_time_ms=0.1 | reason=no_static_obstacle_in_range | cache_reason=no_cache
1786779226.455 [STATIC_AVOID] obs_id=- obs_dist=-m obs_s=- ego_s=13.83 side=- | left_clearance=- right_clearance=- candidate_valid=false rung=- | cache_used=false path_age=- path_points=0 planning_time_ms=0.1 | reason=no_static_obstacle_in_range | cache_reason=no_cache
1786779226.996 [STATIC_AVOID] obs_id=- obs_dist=-m obs_s=- ego_s=13.64 side=- | left_clearance=- right_clearance=- candidate_valid=false rung=- | cache_used=false path_age=- path_points=0 planning_time_ms=0.1 | reason=no_static_obstacle_in_range | cache_reason=no_cache
1786779227.501 [STATIC_AVOID] obs_id=- obs_dist=-m obs_s=- ego_s=13.64 side=- | left_clearance=- right_clearance=- candidate_valid=false rung=- | cache_used=false path_age=- path_points=0 planning_time_ms=0.1 | reason=no_static_obstacle_in_range | cache_reason=no_cache
1786779228.052 [STATIC_AVOID] obs_id=- obs_dist=-m obs_s=- ego_s=13.64 side=- | left_clearance=- right_clearance=- candidate_valid=false rung=- | cache_used=false path_age=- path_points=0 planning_time_ms=3.7 | reason=no_static_obstacle_in_range | cache_reason=no_cache
1786779228.599 [STATIC_AVOID] obs_id=- obs_dist=-m obs_s=- ego_s=13.64 side=- | left_clearance=- right_clearance=- candidate_valid=false rung=- | cache_used=false path_age=- path_points=0 planning_time_ms=0.1 | reason=no_static_obstacle_in_range | cache_reason=no_cache
1786779229.109 [STATIC_AVOID] obs_id=- obs_dist=-m obs_s=- ego_s=13.64 side=- | left_clearance=- right_clearance=- candidate_valid=false rung=- | cache_used=false path_age=- path_points=0 planning_time_ms=0.1 | reason=no_static_obstacle_in_range | cache_reason=no_cache
1786779229.651 [STATIC_AVOID] obs_id=- obs_dist=-m obs_s=- ego_s=13.76 side=- | left_clearance=- right_clearance=- candidate_valid=false rung=- | cache_used=false path_age=- path_points=0 planning_time_ms=0.1 | reason=no_static_obstacle_in_range | cache_reason=no_cache
1786779230.195 [STATIC_AVOID] obs_id=- obs_dist=-m obs_s=- ego_s=14.93 side=- | left_clearance=- right_clearance=- candidate_valid=false rung=- | cache_used=false path_age=- path_points=0 planning_time_ms=0.1 | reason=no_static_obstacle_in_range | cache_reason=no_cache
1786779230.756 [STATIC_AVOID] obs_id=1 obs_dist=3.99m obs_s=20.08 ego_s=16.10 side=RIGHT | left_clearance=-0.09 right_clearance=0.32 candidate_valid=true rung=0 | cache_used=false path_age=0.000 path_points=99 planning_time_ms=14.8
1786779231.256 [STATIC_AVOID] obs_id=1 obs_dist=2.37m obs_s=20.09 ego_s=17.72 side=RIGHT | left_clearance=-0.10 right_clearance=0.31 candidate_valid=true rung=0 | cache_used=false path_age=0.000 path_points=87 planning_time_ms=3.8
1786779231.777 [STATIC_AVOID] obs_id=1 obs_dist=1.22m obs_s=20.15 ego_s=18.93 side=RIGHT | left_clearance=-0.12 right_clearance=0.35 candidate_valid=false rung=- | cache_used=true path_age=0.164 path_points=76 planning_time_ms=10.9 | reason=obstacle_clearance
1786779232.297 [STATIC_AVOID] obs_id=1 obs_dist=-0.39m obs_s=20.16 ego_s=20.55 side=RIGHT | left_clearance=-0.30 right_clearance=0.35 candidate_valid=true rung=0 | cache_used=false path_age=0.000 path_points=76 planning_time_ms=5.6
1786779232.842 [STATIC_AVOID] obs_id=- obs_dist=-m obs_s=- ego_s=0.01 side=- | left_clearance=- right_clearance=- candidate_valid=false rung=- | cache_used=false path_age=- path_points=0 planning_time_ms=0.1 | reason=no_static_obstacle_in_range | cache_reason=no_cache
1786779233.343 [STATIC_AVOID] obs_id=- obs_dist=-m obs_s=- ego_s=1.59 side=- | left_clearance=- right_clearance=- candidate_valid=false rung=- | cache_used=false path_age=- path_points=0 planning_time_ms=0.1 | reason=no_static_obstacle_in_range | cache_reason=no_cache
1786779233.850 [STATIC_AVOID] obs_id=- obs_dist=-m obs_s=- ego_s=2.78 side=- | left_clearance=- right_clearance=- candidate_valid=false rung=- | cache_used=false path_age=- path_points=0 planning_time_ms=0.1 | reason=no_static_obstacle_in_range | cache_reason=no_cache
1786779234.392 [STATIC_AVOID] obs_id=- obs_dist=-m obs_s=- ego_s=4.60 side=- | left_clearance=- right_clearance=- candidate_valid=false rung=- | cache_used=false path_age=- path_points=0 planning_time_ms=0.1 | reason=no_static_obstacle_in_range | cache_reason=no_cache
1786779234.917 [STATIC_AVOID] obs_id=3 obs_dist=3.03m obs_s=8.51 ego_s=5.48 side=RIGHT | left_clearance=-0.21 right_clearance=0.37 candidate_valid=true rung=0 | cache_used=false path_age=0.000 path_points=92 planning_time_ms=18.8
1786779235.452 [STATIC_AVOID] obs_id=3 obs_dist=1.71m obs_s=8.37 ego_s=6.66 side=RIGHT | left_clearance=-0.20 right_clearance=0.38 candidate_valid=true rung=0 | cache_used=false path_age=0.000 path_points=77 planning_time_ms=9.8
1786779236.194 [STATIC_AVOID] obs_id=2 obs_dist=3.59m obs_s=10.82 ego_s=7.23 side=LEFT | left_clearance=0.18 right_clearance=-0.10 candidate_valid=true rung=2 | cache_used=false path_age=0.000 path_points=97 planning_time_ms=97.8
1786779236.723 [STATIC_AVOID] obs_id=5 obs_dist=0.46m obs_s=7.92 ego_s=7.46 side=RIGHT | left_clearance=-0.28 right_clearance=0.39 candidate_valid=true rung=0 | cache_used=false path_age=0.000 path_points=76 planning_time_ms=15.8
1786779237.239 [STATIC_AVOID] obs_id=2 obs_dist=2.79m obs_s=10.20 ego_s=7.41 side=LEFT | left_clearance=0.32 right_clearance=-0.15 candidate_valid=true rung=2 | cache_used=false path_age=0.000 path_points=89 planning_time_ms=22.4
1786779237.768 [STATIC_AVOID] obs_id=2 obs_dist=2.14m obs_s=10.02 ego_s=7.88 side=LEFT | left_clearance=0.29 right_clearance=-0.13 candidate_valid=true rung=0 | cache_used=false path_age=0.000 path_points=82 planning_time_ms=10.3
1786779238.292 [STATIC_AVOID] obs_id=- obs_dist=-m obs_s=- ego_s=9.78 side=- | left_clearance=- right_clearance=- candidate_valid=false rung=- | cache_used=false path_age=- path_points=0 planning_time_ms=0.2 | reason=no_static_obstacle_in_range | cache_reason=obstacle_gone
1786779238.799 [STATIC_AVOID] obs_id=- obs_dist=-m obs_s=- ego_s=11.19 side=- | left_clearance=- right_clearance=- candidate_valid=false rung=- | cache_used=false path_age=- path_points=0 planning_time_ms=0.1 | reason=no_static_obstacle_in_range | cache_reason=no_cache
1786779239.310 [STATIC_AVOID] obs_id=- obs_dist=-m obs_s=- ego_s=12.20 side=- | left_clearance=- right_clearance=- candidate_valid=false rung=- | cache_used=false path_age=- path_points=0 planning_time_ms=0.1 | reason=no_static_obstacle_in_range | cache_reason=no_cache
1786779239.855 [STATIC_AVOID] obs_id=- obs_dist=-m obs_s=- ego_s=13.30 side=- | left_clearance=- right_clearance=- candidate_valid=false rung=- | cache_used=false path_age=- path_points=0 planning_time_ms=0.1 | reason=no_static_obstacle_in_range | cache_reason=no_cache
1786779240.397 [STATIC_AVOID] obs_id=- obs_dist=-m obs_s=- ego_s=13.12 side=- | left_clearance=- right_clearance=- candidate_valid=false rung=- | cache_used=false path_age=- path_points=0 planning_time_ms=1.7 | reason=no_static_obstacle_in_range | cache_reason=no_cache
1786779240.966 [STATIC_AVOID] obs_id=- obs_dist=-m obs_s=- ego_s=13.20 side=- | left_clearance=- right_clearance=- candidate_valid=false rung=- | cache_used=false path_age=- path_points=0 planning_time_ms=0.1 | reason=no_static_obstacle_in_range | cache_reason=no_cache
1786779241.495 [STATIC_AVOID] obs_id=- obs_dist=-m obs_s=- ego_s=13.22 side=- | left_clearance=- right_clearance=- candidate_valid=false rung=- | cache_used=false path_age=- path_points=0 planning_time_ms=0.1 | reason=no_static_obstacle_in_range | cache_reason=no_cache
1786779242.004 [STATIC_AVOID] obs_id=- obs_dist=-m obs_s=- ego_s=13.23 side=- | left_clearance=- right_clearance=- candidate_valid=false rung=- | cache_used=false path_age=- path_points=0 planning_time_ms=0.1 | reason=no_static_obstacle_in_range | cache_reason=no_cache
1786779242.552 [STATIC_AVOID] obs_id=- obs_dist=-m obs_s=- ego_s=13.25 side=- | left_clearance=- right_clearance=- candidate_valid=false rung=- | cache_used=false path_age=- path_points=0 planning_time_ms=1.9 | reason=no_static_obstacle_in_range | cache_reason=no_cache
1786779243.091 [STATIC_AVOID] obs_id=- obs_dist=-m obs_s=- ego_s=13.25 side=- | left_clearance=- right_clearance=- candidate_valid=false rung=- | cache_used=false path_age=- path_points=0 planning_time_ms=0.1 | reason=no_static_obstacle_in_range | cache_reason=no_cache
1786779243.636 [STATIC_AVOID] obs_id=- obs_dist=-m obs_s=- ego_s=13.26 side=- | left_clearance=- right_clearance=- candidate_valid=false rung=- | cache_used=false path_age=- path_points=0 planning_time_ms=6.5 | reason=no_static_obstacle_in_range | cache_reason=no_cache
1786779244.165 [STATIC_AVOID] obs_id=- obs_dist=-m obs_s=- ego_s=13.26 side=- | left_clearance=- right_clearance=- candidate_valid=false rung=- | cache_used=false path_age=- path_points=0 planning_time_ms=0.1 | reason=no_static_obstacle_in_range | cache_reason=no_cache
1786779244.699 [STATIC_AVOID] obs_id=- obs_dist=-m obs_s=- ego_s=13.26 side=- | left_clearance=- right_clearance=- candidate_valid=false rung=- | cache_used=false path_age=- path_points=0 planning_time_ms=0.1 | reason=no_static_obstacle_in_range | cache_reason=no_cache
1786779245.203 [STATIC_AVOID] obs_id=- obs_dist=-m obs_s=- ego_s=13.26 side=- | left_clearance=- right_clearance=- candidate_valid=false rung=- | cache_used=false path_age=- path_points=0 planning_time_ms=0.1 | reason=no_static_obstacle_in_range | cache_reason=no_cache
1786779245.763 [STATIC_AVOID] obs_id=- obs_dist=-m obs_s=- ego_s=13.05 side=- | left_clearance=- right_clearance=- candidate_valid=false rung=- | cache_used=false path_age=- path_points=0 planning_time_ms=0.1 | reason=no_static_obstacle_in_range | cache_reason=no_cache
1786779246.270 [STATIC_AVOID] obs_id=- obs_dist=-m obs_s=- ego_s=13.27 side=- | left_clearance=- right_clearance=- candidate_valid=false rung=- | cache_used=false path_age=- path_points=0 planning_time_ms=0.2 | reason=no_static_obstacle_in_range | cache_reason=no_cache
1786779246.799 [STATIC_AVOID] obs_id=- obs_dist=-m obs_s=- ego_s=13.28 side=- | left_clearance=- right_clearance=- candidate_valid=false rung=- | cache_used=false path_age=- path_points=0 planning_time_ms=0.1 | reason=no_static_obstacle_in_range | cache_reason=no_cache
1786779247.343 [STATIC_AVOID] obs_id=- obs_dist=-m obs_s=- ego_s=13.27 side=- | left_clearance=- right_clearance=- candidate_valid=false rung=- | cache_used=false path_age=- path_points=0 planning_time_ms=0.1 | reason=no_static_obstacle_in_range | cache_reason=no_cache
1786779247.895 [STATIC_AVOID] obs_id=- obs_dist=-m obs_s=- ego_s=13.61 side=- | left_clearance=- right_clearance=- candidate_valid=false rung=- | cache_used=false path_age=- path_points=0 planning_time_ms=0.1 | reason=no_static_obstacle_in_range | cache_reason=no_cache
1786779248.400 [STATIC_AVOID] obs_id=- obs_dist=-m obs_s=- ego_s=13.82 side=- | left_clearance=- right_clearance=- candidate_valid=false rung=- | cache_used=false path_age=- path_points=0 planning_time_ms=0.1 | reason=no_static_obstacle_in_range | cache_reason=no_cache
1786779248.901 [STATIC_AVOID] obs_id=- obs_dist=-m obs_s=- ego_s=14.03 side=- | left_clearance=- right_clearance=- candidate_valid=false rung=- | cache_used=false path_age=- path_points=0 planning_time_ms=0.1 | reason=no_static_obstacle_in_range | cache_reason=no_cache
1786779249.455 [STATIC_AVOID] obs_id=- obs_dist=-m obs_s=- ego_s=12.98 side=- | left_clearance=- right_clearance=- candidate_valid=false rung=- | cache_used=false path_age=- path_points=0 planning_time_ms=0.1 | reason=no_static_obstacle_in_range | cache_reason=no_cache
1786779249.987 [STATIC_AVOID] obs_id=14 obs_dist=0.69m obs_s=13.50 ego_s=12.81 side=- | left_clearance=-0.33 right_clearance=0.37 candidate_valid=false rung=- | cache_used=false path_age=- path_points=0 planning_time_ms=20.8 | reason=map_occupied | cache_reason=no_cache
1786779250.501 [STATIC_AVOID] obs_id=- obs_dist=-m obs_s=- ego_s=12.61 side=- | left_clearance=- right_clearance=- candidate_valid=false rung=- | cache_used=false path_age=- path_points=0 planning_time_ms=0.1 | reason=no_static_obstacle_in_range | cache_reason=no_cache
1786779251.022 [STATIC_AVOID] obs_id=15 obs_dist=0.83m obs_s=13.50 ego_s=12.67 side=- | left_clearance=-0.22 right_clearance=0.40 candidate_valid=false rung=- | cache_used=false path_age=- path_points=0 planning_time_ms=14.6 | reason=obstacle_clearance | cache_reason=no_cache
1786779251.546 [STATIC_AVOID] obs_id=- obs_dist=-m obs_s=- ego_s=12.78 side=- | left_clearance=- right_clearance=- candidate_valid=false rung=- | cache_used=false path_age=- path_points=0 planning_time_ms=0.1 | reason=no_static_obstacle_in_range | cache_reason=no_cache
1786779252.061 [STATIC_AVOID] obs_id=- obs_dist=-m obs_s=- ego_s=12.77 side=- | left_clearance=- right_clearance=- candidate_valid=false rung=- | cache_used=false path_age=- path_points=0 planning_time_ms=0.2 | reason=no_static_obstacle_in_range | cache_reason=no_cache
1786779252.609 [STATIC_AVOID] obs_id=- obs_dist=-m obs_s=- ego_s=12.78 side=- | left_clearance=- right_clearance=- candidate_valid=false rung=- | cache_used=false path_age=- path_points=0 planning_time_ms=0.1 | reason=no_static_obstacle_in_range | cache_reason=no_cache
1786779253.173 [STATIC_AVOID] obs_id=- obs_dist=-m obs_s=- ego_s=12.76 side=- | left_clearance=- right_clearance=- candidate_valid=false rung=- | cache_used=false path_age=- path_points=0 planning_time_ms=0.1 | reason=no_static_obstacle_in_range | cache_reason=no_cache
1786779253.702 [STATIC_AVOID] obs_id=- obs_dist=-m obs_s=- ego_s=12.75 side=- | left_clearance=- right_clearance=- candidate_valid=false rung=- | cache_used=false path_age=- path_points=0 planning_time_ms=0.1 | reason=no_static_obstacle_in_range | cache_reason=no_cache
1786779254.249 [STATIC_AVOID] obs_id=- obs_dist=-m obs_s=- ego_s=12.76 side=- | left_clearance=- right_clearance=- candidate_valid=false rung=- | cache_used=false path_age=- path_points=0 planning_time_ms=0.1 | reason=no_static_obstacle_in_range | cache_reason=no_cache
1786779254.802 [STATIC_AVOID] obs_id=- obs_dist=-m obs_s=- ego_s=12.76 side=- | left_clearance=- right_clearance=- candidate_valid=false rung=- | cache_used=false path_age=- path_points=0 planning_time_ms=0.1 | reason=no_static_obstacle_in_range | cache_reason=no_cache
1786779255.343 [STATIC_AVOID] obs_id=- obs_dist=-m obs_s=- ego_s=12.78 side=- | left_clearance=- right_clearance=- candidate_valid=false rung=- | cache_used=false path_age=- path_points=0 planning_time_ms=0.1 | reason=no_static_obstacle_in_range | cache_reason=no_cache
1786779255.882 [STATIC_AVOID] obs_id=- obs_dist=-m obs_s=- ego_s=12.78 side=- | left_clearance=- right_clearance=- candidate_valid=false rung=- | cache_used=false path_age=- path_points=0 planning_time_ms=0.2 | reason=no_static_obstacle_in_range | cache_reason=no_cache
1786779256.397 [STATIC_AVOID] obs_id=- obs_dist=-m obs_s=- ego_s=12.76 side=- | left_clearance=- right_clearance=- candidate_valid=false rung=- | cache_used=false path_age=- path_points=0 planning_time_ms=0.1 | reason=no_static_obstacle_in_range | cache_reason=no_cache
1786779256.956 [STATIC_AVOID] obs_id=- obs_dist=-m obs_s=- ego_s=12.63 side=- | left_clearance=- right_clearance=- candidate_valid=false rung=- | cache_used=false path_age=- path_points=0 planning_time_ms=0.1 | reason=no_static_obstacle_in_range | cache_reason=no_cache
1786779257.494 [STATIC_AVOID] obs_id=- obs_dist=-m obs_s=- ego_s=12.61 side=- | left_clearance=- right_clearance=- candidate_valid=false rung=- | cache_used=false path_age=- path_points=0 planning_time_ms=0.1 | reason=no_static_obstacle_in_range | cache_reason=no_cache
1786779257.996 [STATIC_AVOID] obs_id=- obs_dist=-m obs_s=- ego_s=12.61 side=- | left_clearance=- right_clearance=- candidate_valid=false rung=- | cache_used=false path_age=- path_points=0 planning_time_ms=0.1 | reason=no_static_obstacle_in_range | cache_reason=no_cache
1786779258.506 [STATIC_AVOID] obs_id=- obs_dist=-m obs_s=- ego_s=12.62 side=- | left_clearance=- right_clearance=- candidate_valid=false rung=- | cache_used=false path_age=- path_points=0 planning_time_ms=0.1 | reason=no_static_obstacle_in_range | cache_reason=no_cache
1786779259.047 [STATIC_AVOID] obs_id=- obs_dist=-m obs_s=- ego_s=12.67 side=- | left_clearance=- right_clearance=- candidate_valid=false rung=- | cache_used=false path_age=- path_points=0 planning_time_ms=1.3 | reason=no_static_obstacle_in_range | cache_reason=no_cache
1786779259.548 [STATIC_AVOID] obs_id=- obs_dist=-m obs_s=- ego_s=12.70 side=- | left_clearance=- right_clearance=- candidate_valid=false rung=- | cache_used=false path_age=- path_points=0 planning_time_ms=0.2 | reason=no_static_obstacle_in_range | cache_reason=no_cache
1786779260.051 [STATIC_AVOID] obs_id=- obs_dist=-m obs_s=- ego_s=12.70 side=- | left_clearance=- right_clearance=- candidate_valid=false rung=- | cache_used=false path_age=- path_points=0 planning_time_ms=0.1 | reason=no_static_obstacle_in_range | cache_reason=no_cache
1786779260.594 [STATIC_AVOID] obs_id=- obs_dist=-m obs_s=- ego_s=12.68 side=- | left_clearance=- right_clearance=- candidate_valid=false rung=- | cache_used=false path_age=- path_points=0 planning_time_ms=0.1 | reason=no_static_obstacle_in_range | cache_reason=no_cache
1786779261.149 [STATIC_AVOID] obs_id=- obs_dist=-m obs_s=- ego_s=12.68 side=- | left_clearance=- right_clearance=- candidate_valid=false rung=- | cache_used=false path_age=- path_points=0 planning_time_ms=0.1 | reason=no_static_obstacle_in_range | cache_reason=no_cache
1786779261.693 [STATIC_AVOID] obs_id=- obs_dist=-m obs_s=- ego_s=12.57 side=- | left_clearance=- right_clearance=- candidate_valid=false rung=- | cache_used=false path_age=- path_points=0 planning_time_ms=0.1 | reason=no_static_obstacle_in_range | cache_reason=no_cache
1786779262.194 [STATIC_AVOID] obs_id=- obs_dist=-m obs_s=- ego_s=12.57 side=- | left_clearance=- right_clearance=- candidate_valid=false rung=- | cache_used=false path_age=- path_points=0 planning_time_ms=0.1 | reason=no_static_obstacle_in_range | cache_reason=no_cache
1786779262.696 [STATIC_AVOID] obs_id=- obs_dist=-m obs_s=- ego_s=12.57 side=- | left_clearance=- right_clearance=- candidate_valid=false rung=- | cache_used=false path_age=- path_points=0 planning_time_ms=0.3 | reason=no_static_obstacle_in_range | cache_reason=no_cache
1786779263.197 [STATIC_AVOID] obs_id=- obs_dist=-m obs_s=- ego_s=12.57 side=- | left_clearance=- right_clearance=- candidate_valid=false rung=- | cache_used=false path_age=- path_points=0 planning_time_ms=0.1 | reason=no_static_obstacle_in_range | cache_reason=no_cache
1786779263.754 [STATIC_AVOID] obs_id=- obs_dist=-m obs_s=- ego_s=12.57 side=- | left_clearance=- right_clearance=- candidate_valid=false rung=- | cache_used=false path_age=- path_points=0 planning_time_ms=0.8 | reason=no_static_obstacle_in_range | cache_reason=no_cache
1786779264.298 [STATIC_AVOID] obs_id=- obs_dist=-m obs_s=- ego_s=12.60 side=- | left_clearance=- right_clearance=- candidate_valid=false rung=- | cache_used=false path_age=- path_points=0 planning_time_ms=0.1 | reason=no_static_obstacle_in_range | cache_reason=no_cache
1786779264.802 [STATIC_AVOID] obs_id=- obs_dist=-m obs_s=- ego_s=12.72 side=- | left_clearance=- right_clearance=- candidate_valid=false rung=- | cache_used=false path_age=- path_points=0 planning_time_ms=0.1 | reason=no_static_obstacle_in_range | cache_reason=no_cache
1786779265.303 [STATIC_AVOID] obs_id=- obs_dist=-m obs_s=- ego_s=12.71 side=- | left_clearance=- right_clearance=- candidate_valid=false rung=- | cache_used=false path_age=- path_points=0 planning_time_ms=0.9 | reason=no_static_obstacle_in_range | cache_reason=no_cache
1786779265.852 [STATIC_AVOID] obs_id=- obs_dist=-m obs_s=- ego_s=12.72 side=- | left_clearance=- right_clearance=- candidate_valid=false rung=- | cache_used=false path_age=- path_points=0 planning_time_ms=0.1 | reason=no_static_obstacle_in_range | cache_reason=no_cache
1786779266.396 [STATIC_AVOID] obs_id=- obs_dist=-m obs_s=- ego_s=13.01 side=- | left_clearance=- right_clearance=- candidate_valid=false rung=- | cache_used=false path_age=- path_points=0 planning_time_ms=0.1 | reason=no_static_obstacle_in_range | cache_reason=no_cache
1786779266.902 [STATIC_AVOID] obs_id=- obs_dist=-m obs_s=- ego_s=13.02 side=- | left_clearance=- right_clearance=- candidate_valid=false rung=- | cache_used=false path_age=- path_points=0 planning_time_ms=0.1 | reason=no_static_obstacle_in_range | cache_reason=no_cache
1786779267.461 [STATIC_AVOID] obs_id=16 obs_dist=4.87m obs_s=17.52 ego_s=12.65 side=- | left_clearance=-0.23 right_clearance=0.40 candidate_valid=false rung=- | cache_used=false path_age=- path_points=0 planning_time_ms=10.9 | reason=map_occupied | cache_reason=no_cache
1786779267.998 [STATIC_AVOID] obs_id=16 obs_dist=4.44m obs_s=17.61 ego_s=13.17 side=RIGHT | left_clearance=-0.30 right_clearance=0.28 candidate_valid=false rung=- | cache_used=false path_age=- path_points=0 planning_time_ms=13.5 | reason=track_too_narrow | cache_reason=cache_collision
1786779268.546 [STATIC_AVOID] obs_id=- obs_dist=-m obs_s=- ego_s=13.17 side=- | left_clearance=- right_clearance=- candidate_valid=false rung=- | cache_used=false path_age=- path_points=0 planning_time_ms=3.5 | reason=no_static_obstacle_in_range | cache_reason=obstacle_gone
1786779269.056 [STATIC_AVOID] obs_id=- obs_dist=-m obs_s=- ego_s=13.05 side=- | left_clearance=- right_clearance=- candidate_valid=false rung=- | cache_used=false path_age=- path_points=0 planning_time_ms=0.1 | reason=no_static_obstacle_in_range | cache_reason=no_cache
1786779269.596 [STATIC_AVOID] obs_id=- obs_dist=-m obs_s=- ego_s=13.05 side=- | left_clearance=- right_clearance=- candidate_valid=false rung=- | cache_used=false path_age=- path_points=0 planning_time_ms=0.1 | reason=no_static_obstacle_in_range | cache_reason=no_cache
1786779270.098 [STATIC_AVOID] obs_id=- obs_dist=-m obs_s=- ego_s=13.02 side=- | left_clearance=- right_clearance=- candidate_valid=false rung=- | cache_used=false path_age=- path_points=0 planning_time_ms=3.3 | reason=no_static_obstacle_in_range | cache_reason=no_cache
1786779270.648 [STATIC_AVOID] obs_id=- obs_dist=-m obs_s=- ego_s=13.03 side=- | left_clearance=- right_clearance=- candidate_valid=false rung=- | cache_used=false path_age=- path_points=0 planning_time_ms=0.1 | reason=no_static_obstacle_in_range | cache_reason=no_cache
1786779271.151 [STATIC_AVOID] obs_id=- obs_dist=-m obs_s=- ego_s=13.05 side=- | left_clearance=- right_clearance=- candidate_valid=false rung=- | cache_used=false path_age=- path_points=0 planning_time_ms=1.0 | reason=no_static_obstacle_in_range | cache_reason=no_cache
1786779271.662 [STATIC_AVOID] obs_id=- obs_dist=-m obs_s=- ego_s=13.06 side=- | left_clearance=- right_clearance=- candidate_valid=false rung=- | cache_used=false path_age=- path_points=0 planning_time_ms=0.1 | reason=no_static_obstacle_in_range | cache_reason=no_cache
1786779272.203 [STATIC_AVOID] obs_id=- obs_dist=-m obs_s=- ego_s=13.02 side=- | left_clearance=- right_clearance=- candidate_valid=false rung=- | cache_used=false path_age=- path_points=0 planning_time_ms=0.1 | reason=no_static_obstacle_in_range | cache_reason=no_cache
1786779272.745 [STATIC_AVOID] obs_id=- obs_dist=-m obs_s=- ego_s=13.02 side=- | left_clearance=- right_clearance=- candidate_valid=false rung=- | cache_used=false path_age=- path_points=0 planning_time_ms=0.1 | reason=no_static_obstacle_in_range | cache_reason=no_cache
1786779273.246 [STATIC_AVOID] obs_id=- obs_dist=-m obs_s=- ego_s=13.03 side=- | left_clearance=- right_clearance=- candidate_valid=false rung=- | cache_used=false path_age=- path_points=0 planning_time_ms=0.1 | reason=no_static_obstacle_in_range | cache_reason=no_cache
1786779273.756 [STATIC_AVOID] obs_id=- obs_dist=-m obs_s=- ego_s=13.00 side=- | left_clearance=- right_clearance=- candidate_valid=false rung=- | cache_used=false path_age=- path_points=0 planning_time_ms=0.1 | reason=no_static_obstacle_in_range | cache_reason=no_cache
1786779274.296 [STATIC_AVOID] obs_id=- obs_dist=-m obs_s=- ego_s=13.02 side=- | left_clearance=- right_clearance=- candidate_valid=false rung=- | cache_used=false path_age=- path_points=0 planning_time_ms=0.1 | reason=no_static_obstacle_in_range | cache_reason=no_cache
1786779274.853 [STATIC_AVOID] obs_id=- obs_dist=-m obs_s=- ego_s=13.05 side=- | left_clearance=- right_clearance=- candidate_valid=false rung=- | cache_used=false path_age=- path_points=0 planning_time_ms=0.1 | reason=no_static_obstacle_in_range | cache_reason=no_cache
1786779275.355 [STATIC_AVOID] obs_id=- obs_dist=-m obs_s=- ego_s=13.06 side=- | left_clearance=- right_clearance=- candidate_valid=false rung=- | cache_used=false path_age=- path_points=0 planning_time_ms=0.1 | reason=no_static_obstacle_in_range | cache_reason=no_cache
1786779275.895 [STATIC_AVOID] obs_id=- obs_dist=-m obs_s=- ego_s=13.55 side=- | left_clearance=- right_clearance=- candidate_valid=false rung=- | cache_used=false path_age=- path_points=0 planning_time_ms=0.1 | reason=no_static_obstacle_in_range | cache_reason=no_cache
1786779276.398 [STATIC_AVOID] obs_id=- obs_dist=-m obs_s=- ego_s=13.55 side=- | left_clearance=- right_clearance=- candidate_valid=false rung=- | cache_used=false path_age=- path_points=0 planning_time_ms=0.1 | reason=no_static_obstacle_in_range | cache_reason=no_cache
1786779276.945 [STATIC_AVOID] obs_id=- obs_dist=-m obs_s=- ego_s=13.55 side=- | left_clearance=- right_clearance=- candidate_valid=false rung=- | cache_used=false path_age=- path_points=0 planning_time_ms=0.1 | reason=no_static_obstacle_in_range | cache_reason=no_cache
1786779277.452 [STATIC_AVOID] obs_id=- obs_dist=-m obs_s=- ego_s=13.55 side=- | left_clearance=- right_clearance=- candidate_valid=false rung=- | cache_used=false path_age=- path_points=0 planning_time_ms=0.1 | reason=no_static_obstacle_in_range | cache_reason=no_cache
1786779277.993 [STATIC_AVOID] obs_id=- obs_dist=-m obs_s=- ego_s=13.55 side=- | left_clearance=- right_clearance=- candidate_valid=false rung=- | cache_used=false path_age=- path_points=0 planning_time_ms=0.1 | reason=no_static_obstacle_in_range | cache_reason=no_cache
1786779278.501 [STATIC_AVOID] obs_id=- obs_dist=-m obs_s=- ego_s=13.55 side=- | left_clearance=- right_clearance=- candidate_valid=false rung=- | cache_used=false path_age=- path_points=0 planning_time_ms=0.1 | reason=no_static_obstacle_in_range | cache_reason=no_cache
1786779279.043 [STATIC_AVOID] obs_id=- obs_dist=-m obs_s=- ego_s=13.54 side=- | left_clearance=- right_clearance=- candidate_valid=false rung=- | cache_used=false path_age=- path_points=0 planning_time_ms=0.2 | reason=no_static_obstacle_in_range | cache_reason=no_cache
1786779279.597 [STATIC_AVOID] obs_id=- obs_dist=-m obs_s=- ego_s=13.54 side=- | left_clearance=- right_clearance=- candidate_valid=false rung=- | cache_used=false path_age=- path_points=0 planning_time_ms=0.1 | reason=no_static_obstacle_in_range | cache_reason=no_cache
1786779280.106 [STATIC_AVOID] obs_id=- obs_dist=-m obs_s=- ego_s=13.53 side=- | left_clearance=- right_clearance=- candidate_valid=false rung=- | cache_used=false path_age=- path_points=0 planning_time_ms=0.1 | reason=no_static_obstacle_in_range | cache_reason=no_cache
1786779280.647 [STATIC_AVOID] obs_id=- obs_dist=-m obs_s=- ego_s=13.84 side=- | left_clearance=- right_clearance=- candidate_valid=false rung=- | cache_used=false path_age=- path_points=0 planning_time_ms=0.1 | reason=no_static_obstacle_in_range | cache_reason=no_cache
1786779281.157 [STATIC_AVOID] obs_id=- obs_dist=-m obs_s=- ego_s=15.03 side=- | left_clearance=- right_clearance=- candidate_valid=false rung=- | cache_used=false path_age=- path_points=0 planning_time_ms=0.1 | reason=no_static_obstacle_in_range | cache_reason=no_cache
1786779281.714 [STATIC_AVOID] obs_id=17 obs_dist=3.98m obs_s=20.11 ego_s=16.13 side=RIGHT | left_clearance=-0.12 right_clearance=0.40 candidate_valid=false rung=- | cache_used=true path_age=0.199 path_points=102 planning_time_ms=9.5 | reason=track_too_narrow
1786779282.247 [STATIC_AVOID] obs_id=17 obs_dist=3.44m obs_s=20.05 ego_s=16.60 side=RIGHT | left_clearance=-0.09 right_clearance=0.31 candidate_valid=true rung=0 | cache_used=false path_age=0.000 path_points=92 planning_time_ms=3.5
1786779282.792 [STATIC_AVOID] obs_id=- obs_dist=-m obs_s=- ego_s=17.49 side=- | left_clearance=- right_clearance=- candidate_valid=false rung=- | cache_used=false path_age=- path_points=0 planning_time_ms=0.2 | reason=no_static_obstacle_in_range | cache_reason=no_cache
1786779283.296 [STATIC_AVOID] obs_id=- obs_dist=-m obs_s=- ego_s=17.81 side=- | left_clearance=- right_clearance=- candidate_valid=false rung=- | cache_used=false path_age=- path_points=0 planning_time_ms=0.1 | reason=no_static_obstacle_in_range | cache_reason=no_cache
1786779283.842 [STATIC_AVOID] obs_id=- obs_dist=-m obs_s=- ego_s=17.95 side=- | left_clearance=- right_clearance=- candidate_valid=false rung=- | cache_used=false path_age=- path_points=0 planning_time_ms=0.1 | reason=no_static_obstacle_in_range | cache_reason=no_cache
1786779284.394 [STATIC_AVOID] obs_id=- obs_dist=-m obs_s=- ego_s=19.08 side=- | left_clearance=- right_clearance=- candidate_valid=false rung=- | cache_used=false path_age=- path_points=0 planning_time_ms=0.1 | reason=no_static_obstacle_in_range | cache_reason=no_cache
1786779284.894 [STATIC_AVOID] obs_id=- obs_dist=-m obs_s=- ego_s=18.54 side=- | left_clearance=- right_clearance=- candidate_valid=false rung=- | cache_used=false path_age=- path_points=0 planning_time_ms=0.1 | reason=no_static_obstacle_in_range | cache_reason=no_cache
1786779285.448 [STATIC_AVOID] obs_id=- obs_dist=-m obs_s=- ego_s=18.78 side=- | left_clearance=- right_clearance=- candidate_valid=false rung=- | cache_used=false path_age=- path_points=0 planning_time_ms=0.2 | reason=no_static_obstacle_in_range | cache_reason=no_cache
1786779285.995 [STATIC_AVOID] obs_id=22 obs_dist=1.53m obs_s=19.87 ego_s=18.33 side=- | left_clearance=0.29 right_clearance=-0.11 candidate_valid=false rung=- | cache_used=false path_age=- path_points=0 planning_time_ms=3.1 | reason=obstacle_clearance | cache_reason=no_cache
1786779286.514 [STATIC_AVOID] obs_id=22 obs_dist=1.52m obs_s=19.63 ego_s=18.11 side=LEFT | left_clearance=0.26 right_clearance=-0.09 candidate_valid=false rung=- | cache_used=false path_age=- path_points=0 planning_time_ms=11.3 | reason=obstacle_clearance | cache_reason=no_cache
1786779287.042 [STATIC_AVOID] obs_id=- obs_dist=-m obs_s=- ego_s=18.25 side=- | left_clearance=- right_clearance=- candidate_valid=false rung=- | cache_used=false path_age=- path_points=0 planning_time_ms=0.1 | reason=no_static_obstacle_in_range | cache_reason=no_cache
1786779287.551 [STATIC_AVOID] obs_id=23 obs_dist=-0.06m obs_s=17.98 ego_s=18.04 side=LEFT | left_clearance=0.30 right_clearance=-0.10 candidate_valid=true rung=0 | cache_used=false path_age=0.000 path_points=76 planning_time_ms=6.5
1786779288.054 [STATIC_AVOID] obs_id=23 obs_dist=-0.32m obs_s=17.95 ego_s=18.26 side=LEFT | left_clearance=0.27 right_clearance=-0.14 candidate_valid=true rung=0 | cache_used=false path_age=0.000 path_points=76 planning_time_ms=2.9
1786779288.561 [STATIC_AVOID] obs_id=23 obs_dist=-0.35m obs_s=17.92 ego_s=18.27 side=LEFT | left_clearance=0.27 right_clearance=-0.11 candidate_valid=true rung=0 | cache_used=false path_age=0.000 path_points=76 planning_time_ms=2.9
1786779289.094 [STATIC_AVOID] obs_id=- obs_dist=-m obs_s=- ego_s=18.46 side=- | left_clearance=- right_clearance=- candidate_valid=false rung=- | cache_used=false path_age=- path_points=0 planning_time_ms=0.1 | reason=no_static_obstacle_in_range | cache_reason=no_cache
1786779289.603 [STATIC_AVOID] obs_id=- obs_dist=-m obs_s=- ego_s=18.35 side=- | left_clearance=- right_clearance=- candidate_valid=false rung=- | cache_used=false path_age=- path_points=0 planning_time_ms=0.2 | reason=no_static_obstacle_in_range | cache_reason=no_cache
1786779290.155 [STATIC_AVOID] obs_id=- obs_dist=-m obs_s=- ego_s=18.32 side=- | left_clearance=- right_clearance=- candidate_valid=false rung=- | cache_used=false path_age=- path_points=0 planning_time_ms=2.7 | reason=no_static_obstacle_in_range | cache_reason=no_cache
1786779290.692 [STATIC_AVOID] obs_id=- obs_dist=-m obs_s=- ego_s=18.37 side=- | left_clearance=- right_clearance=- candidate_valid=false rung=- | cache_used=false path_age=- path_points=0 planning_time_ms=0.1 | reason=no_static_obstacle_in_range | cache_reason=no_cache
1786779291.192 [STATIC_AVOID] obs_id=- obs_dist=-m obs_s=- ego_s=18.45 side=- | left_clearance=- right_clearance=- candidate_valid=false rung=- | cache_used=false path_age=- path_points=0 planning_time_ms=0.1 | reason=no_static_obstacle_in_range | cache_reason=no_cache
1786779291.695 [STATIC_AVOID] obs_id=- obs_dist=-m obs_s=- ego_s=18.43 side=- | left_clearance=- right_clearance=- candidate_valid=false rung=- | cache_used=false path_age=- path_points=0 planning_time_ms=0.1 | reason=no_static_obstacle_in_range | cache_reason=no_cache
1786779292.206 [STATIC_AVOID] obs_id=- obs_dist=-m obs_s=- ego_s=19.79 side=- | left_clearance=- right_clearance=- candidate_valid=false rung=- | cache_used=false path_age=- path_points=0 planning_time_ms=0.1 | reason=no_static_obstacle_in_range | cache_reason=no_cache
1786779292.741 [STATIC_AVOID] obs_id=- obs_dist=-m obs_s=- ego_s=20.41 side=- | left_clearance=- right_clearance=- candidate_valid=false rung=- | cache_used=false path_age=- path_points=0 planning_time_ms=0.1 | reason=no_static_obstacle_in_range | cache_reason=no_cache
1786779293.251 [STATIC_AVOID] obs_id=- obs_dist=-m obs_s=- ego_s=20.98 side=- | left_clearance=- right_clearance=- candidate_valid=false rung=- | cache_used=false path_age=- path_points=0 planning_time_ms=0.1 | reason=no_static_obstacle_in_range | cache_reason=no_cache
1786779293.755 [STATIC_AVOID] obs_id=- obs_dist=-m obs_s=- ego_s=20.91 side=- | left_clearance=- right_clearance=- candidate_valid=false rung=- | cache_used=false path_age=- path_points=0 planning_time_ms=0.1 | reason=no_static_obstacle_in_range | cache_reason=no_cache
1786779294.295 [STATIC_AVOID] obs_id=- obs_dist=-m obs_s=- ego_s=20.88 side=- | left_clearance=- right_clearance=- candidate_valid=false rung=- | cache_used=false path_age=- path_points=0 planning_time_ms=1.5 | reason=no_static_obstacle_in_range | cache_reason=no_cache
1786779294.796 [STATIC_AVOID] obs_id=43 obs_dist=5.49m obs_s=3.93 ego_s=20.93 side=LEFT | left_clearance=0.47 right_clearance=-0.10 candidate_valid=false rung=- | cache_used=true path_age=0.140 path_points=111 planning_time_ms=4.2 | reason=track_too_narrow
1786779295.300 [STATIC_AVOID] obs_id=- obs_dist=-m obs_s=- ego_s=20.93 side=- | left_clearance=- right_clearance=- candidate_valid=false rung=- | cache_used=false path_age=- path_points=0 planning_time_ms=0.1 | reason=no_static_obstacle_in_range | cache_reason=no_cache
1786779295.846 [STATIC_AVOID] obs_id=46 obs_dist=0.07m obs_s=18.30 ego_s=18.23 side=RIGHT | left_clearance=-0.16 right_clearance=0.34 candidate_valid=true rung=0 | cache_used=false path_age=0.000 path_points=76 planning_time_ms=4.4
1786779296.392 [STATIC_AVOID] obs_id=- obs_dist=-m obs_s=- ego_s=18.23 side=- | left_clearance=- right_clearance=- candidate_valid=false rung=- | cache_used=false path_age=- path_points=0 planning_time_ms=0.1 | reason=no_static_obstacle_in_range | cache_reason=no_cache
1786779296.893 [STATIC_AVOID] obs_id=- obs_dist=-m obs_s=- ego_s=18.23 side=- | left_clearance=- right_clearance=- candidate_valid=false rung=- | cache_used=false path_age=- path_points=0 planning_time_ms=0.2 | reason=no_static_obstacle_in_range | cache_reason=no_cache
