# static_avoidance_node debug log started 20260815_152856
1786775340.596 [STATIC_AVOID] obs_id=- obs_dist=-m obs_s=- ego_s=20.73 side=- | left_clearance=- right_clearance=- candidate_valid=false rung=- | cache_used=false path_age=- path_points=0 planning_time_ms=0.2 | reason=no_static_obstacle_in_range | cache_reason=no_cache
1786775341.139 [STATIC_AVOID] obs_id=- obs_dist=-m obs_s=- ego_s=20.73 side=- | left_clearance=- right_clearance=- candidate_valid=false rung=- | cache_used=false path_age=- path_points=0 planning_time_ms=0.5 | reason=no_static_obstacle_in_range | cache_reason=no_cache
1786775341.706 [STATIC_AVOID] obs_id=- obs_dist=-m obs_s=- ego_s=20.73 side=- | left_clearance=- right_clearance=- candidate_valid=false rung=- | cache_used=false path_age=- path_points=0 planning_time_ms=0.1 | reason=no_static_obstacle_in_range | cache_reason=no_cache
1786775342.257 [STATIC_AVOID] obs_id=- obs_dist=-m obs_s=- ego_s=20.73 side=- | left_clearance=- right_clearance=- candidate_valid=false rung=- | cache_used=false path_age=- path_points=0 planning_time_ms=0.4 | reason=no_static_obstacle_in_range | cache_reason=no_cache
1786775342.794 [STATIC_AVOID] obs_id=- obs_dist=-m obs_s=- ego_s=20.73 side=- | left_clearance=- right_clearance=- candidate_valid=false rung=- | cache_used=false path_age=- path_points=0 planning_time_ms=0.1 | reason=no_static_obstacle_in_range | cache_reason=no_cache
1786775343.300 [STATIC_AVOID] obs_id=- obs_dist=-m obs_s=- ego_s=20.73 side=- | left_clearance=- right_clearance=- candidate_valid=false rung=- | cache_used=false path_age=- path_points=0 planning_time_ms=3.4 | reason=no_static_obstacle_in_range | cache_reason=no_cache
1786775343.844 [STATIC_AVOID] obs_id=- obs_dist=-m obs_s=- ego_s=20.73 side=- | left_clearance=- right_clearance=- candidate_valid=false rung=- | cache_used=false path_age=- path_points=0 planning_time_ms=0.1 | reason=no_static_obstacle_in_range | cache_reason=no_cache
1786775344.348 [STATIC_AVOID] obs_id=- obs_dist=-m obs_s=- ego_s=20.73 side=- | left_clearance=- right_clearance=- candidate_valid=false rung=- | cache_used=false path_age=- path_points=0 planning_time_ms=0.1 | reason=no_static_obstacle_in_range | cache_reason=no_cache
1786775344.896 [STATIC_AVOID] obs_id=- obs_dist=-m obs_s=- ego_s=20.73 side=- | left_clearance=- right_clearance=- candidate_valid=false rung=- | cache_used=false path_age=- path_points=0 planning_time_ms=0.1 | reason=no_static_obstacle_in_range | cache_reason=no_cache
1786775345.444 [STATIC_AVOID] obs_id=- obs_dist=-m obs_s=- ego_s=20.73 side=- | left_clearance=- right_clearance=- candidate_valid=false rung=- | cache_used=false path_age=- path_points=0 planning_time_ms=0.1 | reason=no_static_obstacle_in_range | cache_reason=no_cache
1786775346.000 [STATIC_AVOID] obs_id=- obs_dist=-m obs_s=- ego_s=20.73 side=- | left_clearance=- right_clearance=- candidate_valid=false rung=- | cache_used=false path_age=- path_points=0 planning_time_ms=0.1 | reason=no_static_obstacle_in_range | cache_reason=no_cache
1786775346.503 [STATIC_AVOID] obs_id=- obs_dist=-m obs_s=- ego_s=20.73 side=- | left_clearance=- right_clearance=- candidate_valid=false rung=- | cache_used=false path_age=- path_points=0 planning_time_ms=0.2 | reason=no_static_obstacle_in_range | cache_reason=no_cache
1786775347.048 [STATIC_AVOID] obs_id=- obs_dist=-m obs_s=- ego_s=20.73 side=- | left_clearance=- right_clearance=- candidate_valid=false rung=- | cache_used=false path_age=- path_points=0 planning_time_ms=0.1 | reason=no_static_obstacle_in_range | cache_reason=no_cache
1786775347.591 [STATIC_AVOID] obs_id=- obs_dist=-m obs_s=- ego_s=20.73 side=- | left_clearance=- right_clearance=- candidate_valid=false rung=- | cache_used=false path_age=- path_points=0 planning_time_ms=0.1 | reason=no_static_obstacle_in_range | cache_reason=no_cache
1786775348.094 [STATIC_AVOID] obs_id=- obs_dist=-m obs_s=- ego_s=20.73 side=- | left_clearance=- right_clearance=- candidate_valid=false rung=- | cache_used=false path_age=- path_points=0 planning_time_ms=0.1 | reason=no_static_obstacle_in_range | cache_reason=no_cache
1786775348.646 [STATIC_AVOID] obs_id=- obs_dist=-m obs_s=- ego_s=20.73 side=- | left_clearance=- right_clearance=- candidate_valid=false rung=- | cache_used=false path_age=- path_points=0 planning_time_ms=0.1 | reason=no_static_obstacle_in_range | cache_reason=no_cache
1786775349.150 [STATIC_AVOID] obs_id=- obs_dist=-m obs_s=- ego_s=20.73 side=- | left_clearance=- right_clearance=- candidate_valid=false rung=- | cache_used=false path_age=- path_points=0 planning_time_ms=0.2 | reason=no_static_obstacle_in_range | cache_reason=no_cache
1786775349.699 [STATIC_AVOID] obs_id=- obs_dist=-m obs_s=- ego_s=20.73 side=- | left_clearance=- right_clearance=- candidate_valid=false rung=- | cache_used=false path_age=- path_points=0 planning_time_ms=0.1 | reason=no_static_obstacle_in_range | cache_reason=no_cache
1786775350.258 [STATIC_AVOID] obs_id=- obs_dist=-m obs_s=- ego_s=20.73 side=- | left_clearance=- right_clearance=- candidate_valid=false rung=- | cache_used=false path_age=- path_points=0 planning_time_ms=0.1 | reason=no_static_obstacle_in_range | cache_reason=no_cache
1786775350.801 [STATIC_AVOID] obs_id=- obs_dist=-m obs_s=- ego_s=20.73 side=- | left_clearance=- right_clearance=- candidate_valid=false rung=- | cache_used=false path_age=- path_points=0 planning_time_ms=0.1 | reason=no_static_obstacle_in_range | cache_reason=no_cache
1786775351.339 [STATIC_AVOID] obs_id=- obs_dist=-m obs_s=- ego_s=20.73 side=- | left_clearance=- right_clearance=- candidate_valid=false rung=- | cache_used=false path_age=- path_points=0 planning_time_ms=0.1 | reason=no_static_obstacle_in_range | cache_reason=no_cache
1786775351.859 [STATIC_AVOID] obs_id=- obs_dist=-m obs_s=- ego_s=20.73 side=- | left_clearance=- right_clearance=- candidate_valid=false rung=- | cache_used=false path_age=- path_points=0 planning_time_ms=6.0 | reason=no_static_obstacle_in_range | cache_reason=no_cache
1786775352.389 [STATIC_AVOID] obs_id=- obs_dist=-m obs_s=- ego_s=20.73 side=- | left_clearance=- right_clearance=- candidate_valid=false rung=- | cache_used=false path_age=- path_points=0 planning_time_ms=0.1 | reason=no_static_obstacle_in_range | cache_reason=no_cache
1786775352.939 [STATIC_AVOID] obs_id=- obs_dist=-m obs_s=- ego_s=20.73 side=- | left_clearance=- right_clearance=- candidate_valid=false rung=- | cache_used=false path_age=- path_points=0 planning_time_ms=0.1 | reason=no_static_obstacle_in_range | cache_reason=no_cache
1786775353.447 [STATIC_AVOID] obs_id=- obs_dist=-m obs_s=- ego_s=20.73 side=- | left_clearance=- right_clearance=- candidate_valid=false rung=- | cache_used=false path_age=- path_points=0 planning_time_ms=0.8 | reason=no_static_obstacle_in_range | cache_reason=no_cache
1786775353.995 [STATIC_AVOID] obs_id=- obs_dist=-m obs_s=- ego_s=20.74 side=- | left_clearance=- right_clearance=- candidate_valid=false rung=- | cache_used=false path_age=- path_points=0 planning_time_ms=0.1 | reason=no_static_obstacle_in_range | cache_reason=no_cache
1786775354.537 [STATIC_AVOID] obs_id=- obs_dist=-m obs_s=- ego_s=20.74 side=- | left_clearance=- right_clearance=- candidate_valid=false rung=- | cache_used=false path_age=- path_points=0 planning_time_ms=0.1 | reason=no_static_obstacle_in_range | cache_reason=no_cache
1786775355.048 [STATIC_AVOID] obs_id=- obs_dist=-m obs_s=- ego_s=20.73 side=- | left_clearance=- right_clearance=- candidate_valid=false rung=- | cache_used=false path_age=- path_points=0 planning_time_ms=0.1 | reason=no_static_obstacle_in_range | cache_reason=no_cache
1786775355.599 [STATIC_AVOID] obs_id=- obs_dist=-m obs_s=- ego_s=20.73 side=- | left_clearance=- right_clearance=- candidate_valid=false rung=- | cache_used=false path_age=- path_points=0 planning_time_ms=0.1 | reason=no_static_obstacle_in_range | cache_reason=no_cache
1786775356.139 [STATIC_AVOID] obs_id=- obs_dist=-m obs_s=- ego_s=20.73 side=- | left_clearance=- right_clearance=- candidate_valid=false rung=- | cache_used=false path_age=- path_points=0 planning_time_ms=0.1 | reason=no_static_obstacle_in_range | cache_reason=no_cache
1786775356.644 [STATIC_AVOID] obs_id=- obs_dist=-m obs_s=- ego_s=20.73 side=- | left_clearance=- right_clearance=- candidate_valid=false rung=- | cache_used=false path_age=- path_points=0 planning_time_ms=0.1 | reason=no_static_obstacle_in_range | cache_reason=no_cache
1786775357.187 [STATIC_AVOID] obs_id=- obs_dist=-m obs_s=- ego_s=20.73 side=- | left_clearance=- right_clearance=- candidate_valid=false rung=- | cache_used=false path_age=- path_points=0 planning_time_ms=0.1 | reason=no_static_obstacle_in_range | cache_reason=no_cache
1786775357.687 [STATIC_AVOID] obs_id=- obs_dist=-m obs_s=- ego_s=20.73 side=- | left_clearance=- right_clearance=- candidate_valid=false rung=- | cache_used=false path_age=- path_points=0 planning_time_ms=0.1 | reason=no_static_obstacle_in_range | cache_reason=no_cache
1786775358.237 [STATIC_AVOID] obs_id=- obs_dist=-m obs_s=- ego_s=20.73 side=- | left_clearance=- right_clearance=- candidate_valid=false rung=- | cache_used=false path_age=- path_points=0 planning_time_ms=0.1 | reason=no_static_obstacle_in_range | cache_reason=no_cache
1786775358.742 [STATIC_AVOID] obs_id=- obs_dist=-m obs_s=- ego_s=20.73 side=- | left_clearance=- right_clearance=- candidate_valid=false rung=- | cache_used=false path_age=- path_points=0 planning_time_ms=0.1 | reason=no_static_obstacle_in_range | cache_reason=no_cache
1786775359.247 [STATIC_AVOID] obs_id=- obs_dist=-m obs_s=- ego_s=20.73 side=- | left_clearance=- right_clearance=- candidate_valid=false rung=- | cache_used=false path_age=- path_points=0 planning_time_ms=0.1 | reason=no_static_obstacle_in_range | cache_reason=no_cache
1786775359.747 [STATIC_AVOID] obs_id=- obs_dist=-m obs_s=- ego_s=20.73 side=- | left_clearance=- right_clearance=- candidate_valid=false rung=- | cache_used=false path_age=- path_points=0 planning_time_ms=0.1 | reason=no_static_obstacle_in_range | cache_reason=no_cache
1786775360.294 [STATIC_AVOID] obs_id=- obs_dist=-m obs_s=- ego_s=20.73 side=- | left_clearance=- right_clearance=- candidate_valid=false rung=- | cache_used=false path_age=- path_points=0 planning_time_ms=0.1 | reason=no_static_obstacle_in_range | cache_reason=no_cache
1786775360.838 [STATIC_AVOID] obs_id=- obs_dist=-m obs_s=- ego_s=20.73 side=- | left_clearance=- right_clearance=- candidate_valid=false rung=- | cache_used=false path_age=- path_points=0 planning_time_ms=0.1 | reason=no_static_obstacle_in_range | cache_reason=no_cache
1786775361.346 [STATIC_AVOID] obs_id=- obs_dist=-m obs_s=- ego_s=20.74 side=- | left_clearance=- right_clearance=- candidate_valid=false rung=- | cache_used=false path_age=- path_points=0 planning_time_ms=0.1 | reason=no_static_obstacle_in_range | cache_reason=no_cache
1786775361.887 [STATIC_AVOID] obs_id=- obs_dist=-m obs_s=- ego_s=20.73 side=- | left_clearance=- right_clearance=- candidate_valid=false rung=- | cache_used=false path_age=- path_points=0 planning_time_ms=0.1 | reason=no_static_obstacle_in_range | cache_reason=no_cache
1786775362.399 [STATIC_AVOID] obs_id=- obs_dist=-m obs_s=- ego_s=20.73 side=- | left_clearance=- right_clearance=- candidate_valid=false rung=- | cache_used=false path_age=- path_points=0 planning_time_ms=0.1 | reason=no_static_obstacle_in_range | cache_reason=no_cache
1786775362.943 [STATIC_AVOID] obs_id=- obs_dist=-m obs_s=- ego_s=20.73 side=- | left_clearance=- right_clearance=- candidate_valid=false rung=- | cache_used=false path_age=- path_points=0 planning_time_ms=0.1 | reason=no_static_obstacle_in_range | cache_reason=no_cache
1786775363.504 [STATIC_AVOID] obs_id=- obs_dist=-m obs_s=- ego_s=20.73 side=- | left_clearance=- right_clearance=- candidate_valid=false rung=- | cache_used=false path_age=- path_points=0 planning_time_ms=0.1 | reason=no_static_obstacle_in_range | cache_reason=no_cache
1786775364.047 [STATIC_AVOID] obs_id=- obs_dist=-m obs_s=- ego_s=20.73 side=- | left_clearance=- right_clearance=- candidate_valid=false rung=- | cache_used=false path_age=- path_points=0 planning_time_ms=1.9 | reason=no_static_obstacle_in_range | cache_reason=no_cache
1786775364.590 [STATIC_AVOID] obs_id=- obs_dist=-m obs_s=- ego_s=20.73 side=- | left_clearance=- right_clearance=- candidate_valid=false rung=- | cache_used=false path_age=- path_points=0 planning_time_ms=0.1 | reason=no_static_obstacle_in_range | cache_reason=no_cache
1786775365.097 [STATIC_AVOID] obs_id=- obs_dist=-m obs_s=- ego_s=20.73 side=- | left_clearance=- right_clearance=- candidate_valid=false rung=- | cache_used=false path_age=- path_points=0 planning_time_ms=0.8 | reason=no_static_obstacle_in_range | cache_reason=no_cache
1786775365.643 [STATIC_AVOID] obs_id=- obs_dist=-m obs_s=- ego_s=20.73 side=- | left_clearance=- right_clearance=- candidate_valid=false rung=- | cache_used=false path_age=- path_points=0 planning_time_ms=0.1 | reason=no_static_obstacle_in_range | cache_reason=no_cache
1786775366.148 [STATIC_AVOID] obs_id=- obs_dist=-m obs_s=- ego_s=20.73 side=- | left_clearance=- right_clearance=- candidate_valid=false rung=- | cache_used=false path_age=- path_points=0 planning_time_ms=0.1 | reason=no_static_obstacle_in_range | cache_reason=no_cache
1786775366.694 [STATIC_AVOID] obs_id=- obs_dist=-m obs_s=- ego_s=20.73 side=- | left_clearance=- right_clearance=- candidate_valid=false rung=- | cache_used=false path_age=- path_points=0 planning_time_ms=0.1 | reason=no_static_obstacle_in_range | cache_reason=no_cache
1786775367.197 [STATIC_AVOID] obs_id=- obs_dist=-m obs_s=- ego_s=20.09 side=- | left_clearance=- right_clearance=- candidate_valid=false rung=- | cache_used=false path_age=- path_points=0 planning_time_ms=0.1 | reason=no_static_obstacle_in_range | cache_reason=no_cache
1786775367.760 [STATIC_AVOID] obs_id=- obs_dist=-m obs_s=- ego_s=19.30 side=- | left_clearance=- right_clearance=- candidate_valid=false rung=- | cache_used=false path_age=- path_points=0 planning_time_ms=0.1 | reason=no_static_obstacle_in_range | cache_reason=no_cache
1786775368.294 [STATIC_AVOID] obs_id=- obs_dist=-m obs_s=- ego_s=19.29 side=- | left_clearance=- right_clearance=- candidate_valid=false rung=- | cache_used=false path_age=- path_points=0 planning_time_ms=0.1 | reason=no_static_obstacle_in_range | cache_reason=no_cache
1786775368.812 [STATIC_AVOID] obs_id=- obs_dist=-m obs_s=- ego_s=19.30 side=- | left_clearance=- right_clearance=- candidate_valid=false rung=- | cache_used=false path_age=- path_points=0 planning_time_ms=0.1 | reason=no_static_obstacle_in_range | cache_reason=no_cache
1786775369.346 [STATIC_AVOID] obs_id=- obs_dist=-m obs_s=- ego_s=19.30 side=- | left_clearance=- right_clearance=- candidate_valid=false rung=- | cache_used=false path_age=- path_points=0 planning_time_ms=0.1 | reason=no_static_obstacle_in_range | cache_reason=no_cache
1786775369.889 [STATIC_AVOID] obs_id=- obs_dist=-m obs_s=- ego_s=19.28 side=- | left_clearance=- right_clearance=- candidate_valid=false rung=- | cache_used=false path_age=- path_points=0 planning_time_ms=0.1 | reason=no_static_obstacle_in_range | cache_reason=no_cache
1786775370.446 [STATIC_AVOID] obs_id=- obs_dist=-m obs_s=- ego_s=19.27 side=- | left_clearance=- right_clearance=- candidate_valid=false rung=- | cache_used=false path_age=- path_points=0 planning_time_ms=0.1 | reason=no_static_obstacle_in_range | cache_reason=no_cache
1786775370.949 [STATIC_AVOID] obs_id=- obs_dist=-m obs_s=- ego_s=19.29 side=- | left_clearance=- right_clearance=- candidate_valid=false rung=- | cache_used=false path_age=- path_points=0 planning_time_ms=0.1 | reason=no_static_obstacle_in_range | cache_reason=no_cache
1786775371.499 [STATIC_AVOID] obs_id=- obs_dist=-m obs_s=- ego_s=19.30 side=- | left_clearance=- right_clearance=- candidate_valid=false rung=- | cache_used=false path_age=- path_points=0 planning_time_ms=0.1 | reason=no_static_obstacle_in_range | cache_reason=no_cache
1786775372.000 [STATIC_AVOID] obs_id=- obs_dist=-m obs_s=- ego_s=19.30 side=- | left_clearance=- right_clearance=- candidate_valid=false rung=- | cache_used=false path_age=- path_points=0 planning_time_ms=0.1 | reason=no_static_obstacle_in_range | cache_reason=no_cache
1786775372.543 [STATIC_AVOID] obs_id=- obs_dist=-m obs_s=- ego_s=19.30 side=- | left_clearance=- right_clearance=- candidate_valid=false rung=- | cache_used=false path_age=- path_points=0 planning_time_ms=0.1 | reason=no_static_obstacle_in_range | cache_reason=no_cache
1786775373.092 [STATIC_AVOID] obs_id=- obs_dist=-m obs_s=- ego_s=19.29 side=- | left_clearance=- right_clearance=- candidate_valid=false rung=- | cache_used=false path_age=- path_points=0 planning_time_ms=0.1 | reason=no_static_obstacle_in_range | cache_reason=no_cache
1786775373.604 [STATIC_AVOID] obs_id=- obs_dist=-m obs_s=- ego_s=19.29 side=- | left_clearance=- right_clearance=- candidate_valid=false rung=- | cache_used=false path_age=- path_points=0 planning_time_ms=0.1 | reason=no_static_obstacle_in_range | cache_reason=no_cache
1786775374.144 [STATIC_AVOID] obs_id=- obs_dist=-m obs_s=- ego_s=19.29 side=- | left_clearance=- right_clearance=- candidate_valid=false rung=- | cache_used=false path_age=- path_points=0 planning_time_ms=0.1 | reason=no_static_obstacle_in_range | cache_reason=no_cache
1786775374.699 [STATIC_AVOID] obs_id=- obs_dist=-m obs_s=- ego_s=19.29 side=- | left_clearance=- right_clearance=- candidate_valid=false rung=- | cache_used=false path_age=- path_points=0 planning_time_ms=6.7 | reason=no_static_obstacle_in_range | cache_reason=no_cache
1786775375.249 [STATIC_AVOID] obs_id=- obs_dist=-m obs_s=- ego_s=19.29 side=- | left_clearance=- right_clearance=- candidate_valid=false rung=- | cache_used=false path_age=- path_points=0 planning_time_ms=0.1 | reason=no_static_obstacle_in_range | cache_reason=no_cache
1786775375.790 [STATIC_AVOID] obs_id=- obs_dist=-m obs_s=- ego_s=21.28 side=- | left_clearance=- right_clearance=- candidate_valid=false rung=- | cache_used=false path_age=- path_points=0 planning_time_ms=0.1 | reason=no_static_obstacle_in_range | cache_reason=no_cache
1786775376.291 [STATIC_AVOID] obs_id=- obs_dist=-m obs_s=- ego_s=21.15 side=- | left_clearance=- right_clearance=- candidate_valid=false rung=- | cache_used=false path_age=- path_points=0 planning_time_ms=0.1 | reason=no_static_obstacle_in_range | cache_reason=no_cache
1786775376.791 [STATIC_AVOID] obs_id=- obs_dist=-m obs_s=- ego_s=21.15 side=- | left_clearance=- right_clearance=- candidate_valid=false rung=- | cache_used=false path_age=- path_points=0 planning_time_ms=0.1 | reason=no_static_obstacle_in_range | cache_reason=no_cache
1786775377.291 [STATIC_AVOID] obs_id=- obs_dist=-m obs_s=- ego_s=21.14 side=- | left_clearance=- right_clearance=- candidate_valid=false rung=- | cache_used=false path_age=- path_points=0 planning_time_ms=0.1 | reason=no_static_obstacle_in_range | cache_reason=no_cache
1786775377.844 [STATIC_AVOID] obs_id=- obs_dist=-m obs_s=- ego_s=21.14 side=- | left_clearance=- right_clearance=- candidate_valid=false rung=- | cache_used=false path_age=- path_points=0 planning_time_ms=0.1 | reason=no_static_obstacle_in_range | cache_reason=no_cache
1786775378.399 [STATIC_AVOID] obs_id=- obs_dist=-m obs_s=- ego_s=21.17 side=- | left_clearance=- right_clearance=- candidate_valid=false rung=- | cache_used=false path_age=- path_points=0 planning_time_ms=0.1 | reason=no_static_obstacle_in_range | cache_reason=no_cache
1786775378.956 [STATIC_AVOID] obs_id=- obs_dist=-m obs_s=- ego_s=21.79 side=- | left_clearance=- right_clearance=- candidate_valid=false rung=- | cache_used=false path_age=- path_points=0 planning_time_ms=0.1 | reason=no_static_obstacle_in_range | cache_reason=no_cache
1786775379.500 [STATIC_AVOID] obs_id=- obs_dist=-m obs_s=- ego_s=1.05 side=- | left_clearance=- right_clearance=- candidate_valid=false rung=- | cache_used=false path_age=- path_points=0 planning_time_ms=0.1 | reason=no_static_obstacle_in_range | cache_reason=no_cache
1786775380.004 [STATIC_AVOID] obs_id=- obs_dist=-m obs_s=- ego_s=1.95 side=- | left_clearance=- right_clearance=- candidate_valid=false rung=- | cache_used=false path_age=- path_points=0 planning_time_ms=11.2 | reason=no_static_obstacle_in_range | cache_reason=no_cache
1786775380.543 [STATIC_AVOID] obs_id=- obs_dist=-m obs_s=- ego_s=4.17 side=- | left_clearance=- right_clearance=- candidate_valid=false rung=- | cache_used=false path_age=- path_points=0 planning_time_ms=0.1 | reason=no_static_obstacle_in_range | cache_reason=no_cache
1786775381.095 [STATIC_AVOID] obs_id=- obs_dist=-m obs_s=- ego_s=4.86 side=- | left_clearance=- right_clearance=- candidate_valid=false rung=- | cache_used=false path_age=- path_points=0 planning_time_ms=0.1 | reason=no_static_obstacle_in_range | cache_reason=no_cache
1786775381.640 [STATIC_AVOID] obs_id=- obs_dist=-m obs_s=- ego_s=5.71 side=- | left_clearance=- right_clearance=- candidate_valid=false rung=- | cache_used=false path_age=- path_points=0 planning_time_ms=0.2 | reason=no_static_obstacle_in_range | cache_reason=no_cache
1786775382.166 [STATIC_AVOID] obs_id=3 obs_dist=5.15m obs_s=12.07 ego_s=6.92 side=LEFT | left_clearance=0.34 right_clearance=-0.35 candidate_valid=true rung=0 | cache_used=false path_age=0.000 path_points=113 planning_time_ms=5.7
1786775382.698 [STATIC_AVOID] obs_id=- obs_dist=-m obs_s=- ego_s=8.34 side=- | left_clearance=- right_clearance=- candidate_valid=false rung=- | cache_used=false path_age=- path_points=0 planning_time_ms=1.1 | reason=no_static_obstacle_in_range | cache_reason=no_cache
1786775383.210 [STATIC_AVOID] obs_id=3 obs_dist=2.33m obs_s=12.12 ego_s=9.79 side=LEFT | left_clearance=0.18 right_clearance=-0.21 candidate_valid=true rung=0 | cache_used=false path_age=0.000 path_points=87 planning_time_ms=8.9
1786775383.739 [STATIC_AVOID] obs_id=- obs_dist=-m obs_s=- ego_s=11.08 side=- | left_clearance=- right_clearance=- candidate_valid=false rung=- | cache_used=false path_age=- path_points=0 planning_time_ms=0.1 | reason=no_static_obstacle_in_range | cache_reason=no_cache
1786775384.242 [STATIC_AVOID] obs_id=- obs_dist=-m obs_s=- ego_s=11.59 side=- | left_clearance=- right_clearance=- candidate_valid=false rung=- | cache_used=false path_age=- path_points=0 planning_time_ms=0.1 | reason=no_static_obstacle_in_range | cache_reason=no_cache
1786775384.745 [STATIC_AVOID] obs_id=- obs_dist=-m obs_s=- ego_s=12.35 side=- | left_clearance=- right_clearance=- candidate_valid=false rung=- | cache_used=false path_age=- path_points=0 planning_time_ms=0.1 | reason=no_static_obstacle_in_range | cache_reason=no_cache
1786775385.304 [STATIC_AVOID] obs_id=- obs_dist=-m obs_s=- ego_s=13.84 side=- | left_clearance=- right_clearance=- candidate_valid=false rung=- | cache_used=false path_age=- path_points=0 planning_time_ms=1.8 | reason=no_static_obstacle_in_range | cache_reason=no_cache
1786775385.848 [STATIC_AVOID] obs_id=- obs_dist=-m obs_s=- ego_s=15.57 side=- | left_clearance=- right_clearance=- candidate_valid=false rung=- | cache_used=false path_age=- path_points=0 planning_time_ms=0.2 | reason=no_static_obstacle_in_range | cache_reason=no_cache
1786775386.392 [STATIC_AVOID] obs_id=- obs_dist=-m obs_s=- ego_s=16.03 side=- | left_clearance=- right_clearance=- candidate_valid=false rung=- | cache_used=false path_age=- path_points=0 planning_time_ms=0.1 | reason=no_static_obstacle_in_range | cache_reason=no_cache
1786775386.899 [STATIC_AVOID] obs_id=- obs_dist=-m obs_s=- ego_s=17.31 side=- | left_clearance=- right_clearance=- candidate_valid=false rung=- | cache_used=false path_age=- path_points=0 planning_time_ms=0.1 | reason=no_static_obstacle_in_range | cache_reason=no_cache
1786775387.480 [STATIC_AVOID] obs_id=- obs_dist=-m obs_s=- ego_s=19.52 side=- | left_clearance=- right_clearance=- candidate_valid=false rung=- | cache_used=false path_age=- path_points=0 planning_time_ms=3.2 | reason=no_static_obstacle_in_range | cache_reason=no_cache
1786775387.988 [STATIC_AVOID] obs_id=- obs_dist=-m obs_s=- ego_s=21.26 side=- | left_clearance=- right_clearance=- candidate_valid=false rung=- | cache_used=false path_age=- path_points=0 planning_time_ms=0.1 | reason=no_static_obstacle_in_range | cache_reason=no_cache
1786775388.497 [STATIC_AVOID] obs_id=- obs_dist=-m obs_s=- ego_s=0.18 side=- | left_clearance=- right_clearance=- candidate_valid=false rung=- | cache_used=false path_age=- path_points=0 planning_time_ms=0.1 | reason=no_static_obstacle_in_range | cache_reason=no_cache
1786775389.020 [STATIC_AVOID] obs_id=- obs_dist=-m obs_s=- ego_s=1.37 side=- | left_clearance=- right_clearance=- candidate_valid=false rung=- | cache_used=false path_age=- path_points=0 planning_time_ms=0.1 | reason=no_static_obstacle_in_range | cache_reason=no_cache
1786775389.542 [STATIC_AVOID] obs_id=- obs_dist=-m obs_s=- ego_s=2.63 side=- | left_clearance=- right_clearance=- candidate_valid=false rung=- | cache_used=false path_age=- path_points=0 planning_time_ms=0.1 | reason=no_static_obstacle_in_range | cache_reason=no_cache
1786775390.102 [STATIC_AVOID] obs_id=- obs_dist=-m obs_s=- ego_s=3.90 side=- | left_clearance=- right_clearance=- candidate_valid=false rung=- | cache_used=false path_age=- path_points=0 planning_time_ms=0.1 | reason=no_static_obstacle_in_range | cache_reason=no_cache
1786775390.641 [STATIC_AVOID] obs_id=- obs_dist=-m obs_s=- ego_s=4.65 side=- | left_clearance=- right_clearance=- candidate_valid=false rung=- | cache_used=false path_age=- path_points=0 planning_time_ms=0.1 | reason=no_static_obstacle_in_range | cache_reason=no_cache
1786775391.143 [STATIC_AVOID] obs_id=- obs_dist=-m obs_s=- ego_s=5.35 side=- | left_clearance=- right_clearance=- candidate_valid=false rung=- | cache_used=false path_age=- path_points=0 planning_time_ms=0.2 | reason=no_static_obstacle_in_range | cache_reason=no_cache
1786775391.646 [STATIC_AVOID] obs_id=8 obs_dist=5.76m obs_s=12.13 ego_s=6.37 side=LEFT | left_clearance=0.41 right_clearance=-0.40 candidate_valid=true rung=0 | cache_used=false path_age=0.000 path_points=121 planning_time_ms=9.1
1786775392.165 [STATIC_AVOID] obs_id=- obs_dist=-m obs_s=- ego_s=7.63 side=- | left_clearance=- right_clearance=- candidate_valid=false rung=- | cache_used=false path_age=- path_points=0 planning_time_ms=1.9 | reason=no_static_obstacle_in_range | cache_reason=no_cache
1786775392.731 [STATIC_AVOID] obs_id=8 obs_dist=3.95m obs_s=12.12 ego_s=8.17 side=LEFT | left_clearance=0.30 right_clearance=-0.27 candidate_valid=true rung=0 | cache_used=false path_age=0.000 path_points=95 planning_time_ms=4.6
1786775393.276 [STATIC_AVOID] obs_id=8 obs_dist=3.46m obs_s=12.15 ego_s=8.69 side=LEFT | left_clearance=0.24 right_clearance=-0.22 candidate_valid=true rung=0 | cache_used=false path_age=0.000 path_points=90 planning_time_ms=3.2
1786775393.798 [STATIC_AVOID] obs_id=8 obs_dist=3.14m obs_s=12.15 ego_s=9.01 side=LEFT | left_clearance=0.23 right_clearance=-0.20 candidate_valid=true rung=0 | cache_used=false path_age=0.000 path_points=87 planning_time_ms=12.0
1786775394.303 [STATIC_AVOID] obs_id=8 obs_dist=3.06m obs_s=12.15 ego_s=9.09 side=LEFT | left_clearance=0.22 right_clearance=-0.20 candidate_valid=true rung=0 | cache_used=false path_age=0.000 path_points=86 planning_time_ms=5.8
1786775394.832 [STATIC_AVOID] obs_id=8 obs_dist=2.76m obs_s=12.15 ego_s=9.39 side=LEFT | left_clearance=0.23 right_clearance=-0.19 candidate_valid=true rung=0 | cache_used=false path_age=0.000 path_points=83 planning_time_ms=10.7
1786775395.348 [STATIC_AVOID] obs_id=8 obs_dist=2.63m obs_s=12.15 ego_s=9.52 side=LEFT | left_clearance=0.22 right_clearance=-0.20 candidate_valid=true rung=0 | cache_used=false path_age=0.000 path_points=82 planning_time_ms=6.0
1786775395.900 [STATIC_AVOID] obs_id=8 obs_dist=2.59m obs_s=12.15 ego_s=9.56 side=LEFT | left_clearance=0.22 right_clearance=-0.19 candidate_valid=true rung=0 | cache_used=false path_age=0.000 path_points=81 planning_time_ms=7.0
1786775396.418 [STATIC_AVOID] obs_id=8 obs_dist=2.52m obs_s=12.15 ego_s=9.62 side=LEFT | left_clearance=0.22 right_clearance=-0.19 candidate_valid=true rung=0 | cache_used=false path_age=0.000 path_points=81 planning_time_ms=9.5
1786775396.974 [STATIC_AVOID] obs_id=8 obs_dist=2.42m obs_s=12.15 ego_s=9.73 side=LEFT | left_clearance=0.22 right_clearance=-0.19 candidate_valid=true rung=0 | cache_used=false path_age=0.000 path_points=80 planning_time_ms=6.0
1786775397.505 [STATIC_AVOID] obs_id=8 obs_dist=2.33m obs_s=12.15 ego_s=9.81 side=LEFT | left_clearance=0.22 right_clearance=-0.19 candidate_valid=true rung=0 | cache_used=false path_age=0.000 path_points=79 planning_time_ms=3.2
1786775398.077 [STATIC_AVOID] obs_id=8 obs_dist=2.22m obs_s=12.15 ego_s=9.92 side=LEFT | left_clearance=0.21 right_clearance=-0.21 candidate_valid=true rung=0 | cache_used=false path_age=0.000 path_points=78 planning_time_ms=7.8
1786775398.752 [STATIC_AVOID] obs_id=8 obs_dist=2.04m obs_s=12.15 ego_s=10.11 side=LEFT | left_clearance=0.22 right_clearance=-0.20 candidate_valid=true rung=0 | cache_used=false path_age=0.000 path_points=76 planning_time_ms=14.1
1786775399.296 [STATIC_AVOID] obs_id=8 obs_dist=1.95m obs_s=12.15 ego_s=10.20 side=LEFT | left_clearance=0.21 right_clearance=-0.20 candidate_valid=true rung=0 | cache_used=false path_age=0.000 path_points=76 planning_time_ms=7.5
1786775399.800 [STATIC_AVOID] obs_id=8 obs_dist=1.88m obs_s=12.15 ego_s=10.27 side=LEFT | left_clearance=0.21 right_clearance=-0.21 candidate_valid=true rung=0 | cache_used=false path_age=0.000 path_points=76 planning_time_ms=6.8
1786775400.313 [STATIC_AVOID] obs_id=8 obs_dist=1.78m obs_s=12.15 ego_s=10.37 side=LEFT | left_clearance=0.22 right_clearance=-0.20 candidate_valid=true rung=0 | cache_used=false path_age=0.000 path_points=76 planning_time_ms=11.3
1786775400.854 [STATIC_AVOID] obs_id=8 obs_dist=1.61m obs_s=12.15 ego_s=10.54 side=LEFT | left_clearance=0.22 right_clearance=-0.20 candidate_valid=true rung=0 | cache_used=false path_age=0.000 path_points=76 planning_time_ms=8.5
1786775401.411 [STATIC_AVOID] obs_id=8 obs_dist=1.51m obs_s=12.15 ego_s=10.64 side=LEFT | left_clearance=0.22 right_clearance=-0.20 candidate_valid=true rung=0 | cache_used=false path_age=0.000 path_points=76 planning_time_ms=9.1
1786775401.953 [STATIC_AVOID] obs_id=8 obs_dist=1.43m obs_s=12.15 ego_s=10.71 side=LEFT | left_clearance=0.22 right_clearance=-0.20 candidate_valid=true rung=0 | cache_used=false path_age=0.000 path_points=76 planning_time_ms=3.6
1786775402.496 [STATIC_AVOID] obs_id=8 obs_dist=1.37m obs_s=12.15 ego_s=10.78 side=LEFT | left_clearance=0.20 right_clearance=-0.22 candidate_valid=true rung=0 | cache_used=false path_age=0.000 path_points=76 planning_time_ms=7.8
1786775402.999 [STATIC_AVOID] obs_id=8 obs_dist=1.32m obs_s=12.15 ego_s=10.82 side=LEFT | left_clearance=0.21 right_clearance=-0.21 candidate_valid=true rung=0 | cache_used=false path_age=0.000 path_points=76 planning_time_ms=7.3
1786775403.552 [STATIC_AVOID] obs_id=8 obs_dist=1.26m obs_s=12.15 ego_s=10.88 side=LEFT | left_clearance=0.21 right_clearance=-0.21 candidate_valid=true rung=0 | cache_used=false path_age=0.000 path_points=76 planning_time_ms=9.0
1786775404.058 [STATIC_AVOID] obs_id=8 obs_dist=1.23m obs_s=12.15 ego_s=10.91 side=LEFT | left_clearance=0.20 right_clearance=-0.22 candidate_valid=true rung=0 | cache_used=false path_age=0.000 path_points=76 planning_time_ms=15.1
1786775404.559 [STATIC_AVOID] obs_id=8 obs_dist=1.14m obs_s=12.15 ego_s=11.00 side=LEFT | left_clearance=0.20 right_clearance=-0.23 candidate_valid=true rung=0 | cache_used=false path_age=0.000 path_points=76 planning_time_ms=2.9
1786775405.148 [STATIC_AVOID] obs_id=8 obs_dist=1.03m obs_s=12.15 ego_s=11.11 side=LEFT | left_clearance=0.22 right_clearance=-0.20 candidate_valid=true rung=0 | cache_used=false path_age=0.000 path_points=76 planning_time_ms=25.9
1786775405.676 [STATIC_AVOID] obs_id=8 obs_dist=0.99m obs_s=12.14 ego_s=11.16 side=LEFT | left_clearance=0.20 right_clearance=-0.23 candidate_valid=true rung=0 | cache_used=false path_age=0.000 path_points=76 planning_time_ms=3.2
1786775406.231 [STATIC_AVOID] obs_id=8 obs_dist=0.22m obs_s=12.14 ego_s=11.92 side=LEFT | left_clearance=0.23 right_clearance=-0.20 candidate_valid=true rung=0 | cache_used=false path_age=0.000 path_points=76 planning_time_ms=14.1
1786775406.737 [STATIC_AVOID] obs_id=- obs_dist=-m obs_s=- ego_s=13.32 side=- | left_clearance=- right_clearance=- candidate_valid=false rung=- | cache_used=false path_age=- path_points=0 planning_time_ms=0.1 | reason=no_static_obstacle_in_range | cache_reason=no_cache
1786775407.237 [STATIC_AVOID] obs_id=- obs_dist=-m obs_s=- ego_s=14.58 side=- | left_clearance=- right_clearance=- candidate_valid=false rung=- | cache_used=false path_age=- path_points=0 planning_time_ms=0.1 | reason=no_static_obstacle_in_range | cache_reason=no_cache
1786775407.741 [STATIC_AVOID] obs_id=- obs_dist=-m obs_s=- ego_s=15.73 side=- | left_clearance=- right_clearance=- candidate_valid=false rung=- | cache_used=false path_age=- path_points=0 planning_time_ms=0.1 | reason=no_static_obstacle_in_range | cache_reason=no_cache
1786775408.247 [STATIC_AVOID] obs_id=- obs_dist=-m obs_s=- ego_s=16.13 side=- | left_clearance=- right_clearance=- candidate_valid=false rung=- | cache_used=false path_age=- path_points=0 planning_time_ms=0.2 | reason=no_static_obstacle_in_range | cache_reason=no_cache
1786775408.788 [STATIC_AVOID] obs_id=- obs_dist=-m obs_s=- ego_s=17.59 side=- | left_clearance=- right_clearance=- candidate_valid=false rung=- | cache_used=false path_age=- path_points=0 planning_time_ms=0.1 | reason=no_static_obstacle_in_range | cache_reason=no_cache
1786775409.294 [STATIC_AVOID] obs_id=10 obs_dist=5.73m obs_s=1.53 ego_s=18.28 side=LEFT | left_clearance=0.49 right_clearance=-0.43 candidate_valid=false rung=- | cache_used=true path_age=0.081 path_points=125 planning_time_ms=19.4 | reason=map_occupied
1786775409.803 [STATIC_AVOID] obs_id=- obs_dist=-m obs_s=- ego_s=18.70 side=- | left_clearance=- right_clearance=- candidate_valid=false rung=- | cache_used=false path_age=- path_points=0 planning_time_ms=0.1 | reason=no_static_obstacle_in_range | cache_reason=no_cache
1786775410.358 [STATIC_AVOID] obs_id=- obs_dist=-m obs_s=- ego_s=19.95 side=- | left_clearance=- right_clearance=- candidate_valid=false rung=- | cache_used=false path_age=- path_points=0 planning_time_ms=0.1 | reason=no_static_obstacle_in_range | cache_reason=no_cache
1786775410.892 [STATIC_AVOID] obs_id=- obs_dist=-m obs_s=- ego_s=20.13 side=- | left_clearance=- right_clearance=- candidate_valid=false rung=- | cache_used=false path_age=- path_points=0 planning_time_ms=0.1 | reason=no_static_obstacle_in_range | cache_reason=no_cache
1786775411.439 [STATIC_AVOID] obs_id=- obs_dist=-m obs_s=- ego_s=20.16 side=- | left_clearance=- right_clearance=- candidate_valid=false rung=- | cache_used=false path_age=- path_points=0 planning_time_ms=0.1 | reason=no_static_obstacle_in_range | cache_reason=no_cache
1786775411.947 [STATIC_AVOID] obs_id=- obs_dist=-m obs_s=- ego_s=20.11 side=- | left_clearance=- right_clearance=- candidate_valid=false rung=- | cache_used=false path_age=- path_points=0 planning_time_ms=0.1 | reason=no_static_obstacle_in_range | cache_reason=no_cache
1786775412.450 [STATIC_AVOID] obs_id=- obs_dist=-m obs_s=- ego_s=20.10 side=- | left_clearance=- right_clearance=- candidate_valid=false rung=- | cache_used=false path_age=- path_points=0 planning_time_ms=1.1 | reason=no_static_obstacle_in_range | cache_reason=no_cache
1786775412.951 [STATIC_AVOID] obs_id=- obs_dist=-m obs_s=- ego_s=19.66 side=- | left_clearance=- right_clearance=- candidate_valid=false rung=- | cache_used=false path_age=- path_points=0 planning_time_ms=0.1 | reason=no_static_obstacle_in_range | cache_reason=no_cache
1786775413.490 [STATIC_AVOID] obs_id=- obs_dist=-m obs_s=- ego_s=19.38 side=- | left_clearance=- right_clearance=- candidate_valid=false rung=- | cache_used=false path_age=- path_points=0 planning_time_ms=0.1 | reason=no_static_obstacle_in_range | cache_reason=no_cache
1786775414.005 [STATIC_AVOID] obs_id=- obs_dist=-m obs_s=- ego_s=19.11 side=- | left_clearance=- right_clearance=- candidate_valid=false rung=- | cache_used=false path_age=- path_points=0 planning_time_ms=0.1 | reason=no_static_obstacle_in_range | cache_reason=no_cache
1786775414.514 [STATIC_AVOID] obs_id=- obs_dist=-m obs_s=- ego_s=21.15 side=- | left_clearance=- right_clearance=- candidate_valid=false rung=- | cache_used=false path_age=- path_points=0 planning_time_ms=0.2 | reason=no_static_obstacle_in_range | cache_reason=no_cache
1786775415.042 [STATIC_AVOID] obs_id=- obs_dist=-m obs_s=- ego_s=0.67 side=- | left_clearance=- right_clearance=- candidate_valid=false rung=- | cache_used=false path_age=- path_points=0 planning_time_ms=0.1 | reason=no_static_obstacle_in_range | cache_reason=no_cache
1786775415.544 [STATIC_AVOID] obs_id=- obs_dist=-m obs_s=- ego_s=1.74 side=- | left_clearance=- right_clearance=- candidate_valid=false rung=- | cache_used=false path_age=- path_points=0 planning_time_ms=0.3 | reason=no_static_obstacle_in_range | cache_reason=no_cache
1786775416.051 [STATIC_AVOID] obs_id=- obs_dist=-m obs_s=- ego_s=2.75 side=- | left_clearance=- right_clearance=- candidate_valid=false rung=- | cache_used=false path_age=- path_points=0 planning_time_ms=0.1 | reason=no_static_obstacle_in_range | cache_reason=no_cache
1786775416.596 [STATIC_AVOID] obs_id=- obs_dist=-m obs_s=- ego_s=3.79 side=- | left_clearance=- right_clearance=- candidate_valid=false rung=- | cache_used=false path_age=- path_points=0 planning_time_ms=0.7 | reason=no_static_obstacle_in_range | cache_reason=no_cache
1786775417.114 [STATIC_AVOID] obs_id=- obs_dist=-m obs_s=- ego_s=4.86 side=- | left_clearance=- right_clearance=- candidate_valid=false rung=- | cache_used=false path_age=- path_points=0 planning_time_ms=0.2 | reason=no_static_obstacle_in_range | cache_reason=no_cache
1786775417.642 [STATIC_AVOID] obs_id=- obs_dist=-m obs_s=- ego_s=5.95 side=- | left_clearance=- right_clearance=- candidate_valid=false rung=- | cache_used=false path_age=- path_points=0 planning_time_ms=0.1 | reason=no_static_obstacle_in_range | cache_reason=no_cache
1786775418.161 [STATIC_AVOID] obs_id=- obs_dist=-m obs_s=- ego_s=7.25 side=- | left_clearance=- right_clearance=- candidate_valid=false rung=- | cache_used=false path_age=- path_points=0 planning_time_ms=0.1 | reason=no_static_obstacle_in_range | cache_reason=no_cache
1786775418.669 [STATIC_AVOID] obs_id=- obs_dist=-m obs_s=- ego_s=8.56 side=- | left_clearance=- right_clearance=- candidate_valid=false rung=- | cache_used=false path_age=- path_points=0 planning_time_ms=0.1 | reason=no_static_obstacle_in_range | cache_reason=no_cache
1786775419.200 [STATIC_AVOID] obs_id=- obs_dist=-m obs_s=- ego_s=10.00 side=- | left_clearance=- right_clearance=- candidate_valid=false rung=- | cache_used=false path_age=- path_points=0 planning_time_ms=0.2 | reason=no_static_obstacle_in_range | cache_reason=no_cache
1786775419.762 [STATIC_AVOID] obs_id=14 obs_dist=1.27m obs_s=12.16 ego_s=10.89 side=LEFT | left_clearance=0.23 right_clearance=-0.21 candidate_valid=true rung=0 | cache_used=false path_age=0.000 path_points=76 planning_time_ms=15.4
1786775420.294 [STATIC_AVOID] obs_id=14 obs_dist=0.86m obs_s=12.14 ego_s=11.29 side=LEFT | left_clearance=0.22 right_clearance=-0.20 candidate_valid=true rung=0 | cache_used=false path_age=0.000 path_points=76 planning_time_ms=3.2
1786775420.804 [STATIC_AVOID] obs_id=14 obs_dist=0.77m obs_s=12.14 ego_s=11.37 side=LEFT | left_clearance=0.22 right_clearance=-0.22 candidate_valid=true rung=0 | cache_used=false path_age=0.000 path_points=76 planning_time_ms=7.2
1786775421.353 [STATIC_AVOID] obs_id=14 obs_dist=0.72m obs_s=12.13 ego_s=11.41 side=LEFT | left_clearance=0.22 right_clearance=-0.22 candidate_valid=true rung=0 | cache_used=false path_age=0.000 path_points=76 planning_time_ms=12.3
1786775421.886 [STATIC_AVOID] obs_id=14 obs_dist=0.63m obs_s=12.13 ego_s=11.50 side=LEFT | left_clearance=0.19 right_clearance=-0.25 candidate_valid=true rung=0 | cache_used=false path_age=0.000 path_points=76 planning_time_ms=7.2
1786775422.397 [STATIC_AVOID] obs_id=14 obs_dist=0.60m obs_s=12.13 ego_s=11.52 side=LEFT | left_clearance=0.20 right_clearance=-0.24 candidate_valid=true rung=0 | cache_used=false path_age=0.000 path_points=76 planning_time_ms=20.8
1786775422.900 [STATIC_AVOID] obs_id=- obs_dist=-m obs_s=- ego_s=11.65 side=- | left_clearance=- right_clearance=- candidate_valid=false rung=- | cache_used=false path_age=- path_points=0 planning_time_ms=0.1 | reason=no_static_obstacle_in_range | cache_reason=no_cache
1786775423.447 [STATIC_AVOID] obs_id=- obs_dist=-m obs_s=- ego_s=12.73 side=- | left_clearance=- right_clearance=- candidate_valid=false rung=- | cache_used=false path_age=- path_points=0 planning_time_ms=0.4 | reason=no_static_obstacle_in_range | cache_reason=no_cache
1786775424.022 [STATIC_AVOID] obs_id=- obs_dist=-m obs_s=- ego_s=14.27 side=- | left_clearance=- right_clearance=- candidate_valid=false rung=- | cache_used=false path_age=- path_points=0 planning_time_ms=0.1 | reason=no_static_obstacle_in_range | cache_reason=no_cache
1786775424.552 [STATIC_AVOID] obs_id=- obs_dist=-m obs_s=- ego_s=15.81 side=- | left_clearance=- right_clearance=- candidate_valid=false rung=- | cache_used=false path_age=- path_points=0 planning_time_ms=0.1 | reason=no_static_obstacle_in_range | cache_reason=no_cache
1786775425.052 [STATIC_AVOID] obs_id=- obs_dist=-m obs_s=- ego_s=16.61 side=- | left_clearance=- right_clearance=- candidate_valid=false rung=- | cache_used=false path_age=- path_points=0 planning_time_ms=0.1 | reason=no_static_obstacle_in_range | cache_reason=no_cache
1786775425.589 [STATIC_AVOID] obs_id=- obs_dist=-m obs_s=- ego_s=17.23 side=- | left_clearance=- right_clearance=- candidate_valid=false rung=- | cache_used=false path_age=- path_points=0 planning_time_ms=0.1 | reason=no_static_obstacle_in_range | cache_reason=no_cache
1786775426.109 [STATIC_AVOID] obs_id=- obs_dist=-m obs_s=- ego_s=19.88 side=- | left_clearance=- right_clearance=- candidate_valid=false rung=- | cache_used=false path_age=- path_points=0 planning_time_ms=0.3 | reason=no_static_obstacle_in_range | cache_reason=no_cache
1786775426.644 [STATIC_AVOID] obs_id=- obs_dist=-m obs_s=- ego_s=20.13 side=- | left_clearance=- right_clearance=- candidate_valid=false rung=- | cache_used=false path_age=- path_points=0 planning_time_ms=0.3 | reason=no_static_obstacle_in_range | cache_reason=no_cache
1786775427.196 [STATIC_AVOID] obs_id=- obs_dist=-m obs_s=- ego_s=21.04 side=- | left_clearance=- right_clearance=- candidate_valid=false rung=- | cache_used=false path_age=- path_points=0 planning_time_ms=0.7 | reason=no_static_obstacle_in_range | cache_reason=no_cache
1786775427.751 [STATIC_AVOID] obs_id=- obs_dist=-m obs_s=- ego_s=0.94 side=- | left_clearance=- right_clearance=- candidate_valid=false rung=- | cache_used=false path_age=- path_points=0 planning_time_ms=0.1 | reason=no_static_obstacle_in_range | cache_reason=no_cache
1786775428.253 [STATIC_AVOID] obs_id=- obs_dist=-m obs_s=- ego_s=1.65 side=- | left_clearance=- right_clearance=- candidate_valid=false rung=- | cache_used=false path_age=- path_points=0 planning_time_ms=0.1 | reason=no_static_obstacle_in_range | cache_reason=no_cache
1786775428.761 [STATIC_AVOID] obs_id=- obs_dist=-m obs_s=- ego_s=2.27 side=- | left_clearance=- right_clearance=- candidate_valid=false rung=- | cache_used=false path_age=- path_points=0 planning_time_ms=0.4 | reason=no_static_obstacle_in_range | cache_reason=no_cache
1786775429.290 [STATIC_AVOID] obs_id=- obs_dist=-m obs_s=- ego_s=3.86 side=- | left_clearance=- right_clearance=- candidate_valid=false rung=- | cache_used=false path_age=- path_points=0 planning_time_ms=0.1 | reason=no_static_obstacle_in_range | cache_reason=no_cache
1786775429.853 [STATIC_AVOID] obs_id=- obs_dist=-m obs_s=- ego_s=4.53 side=- | left_clearance=- right_clearance=- candidate_valid=false rung=- | cache_used=false path_age=- path_points=0 planning_time_ms=0.1 | reason=no_static_obstacle_in_range | cache_reason=no_cache
1786775430.410 [STATIC_AVOID] obs_id=- obs_dist=-m obs_s=- ego_s=5.46 side=- | left_clearance=- right_clearance=- candidate_valid=false rung=- | cache_used=false path_age=- path_points=0 planning_time_ms=0.1 | reason=no_static_obstacle_in_range | cache_reason=no_cache
1786775430.943 [STATIC_AVOID] obs_id=- obs_dist=-m obs_s=- ego_s=7.10 side=- | left_clearance=- right_clearance=- candidate_valid=false rung=- | cache_used=false path_age=- path_points=0 planning_time_ms=0.1 | reason=no_static_obstacle_in_range | cache_reason=no_cache
1786775431.485 [STATIC_AVOID] obs_id=21 obs_dist=3.48m obs_s=12.34 ego_s=8.86 side=LEFT | left_clearance=0.41 right_clearance=-0.44 candidate_valid=true rung=0 | cache_used=false path_age=0.000 path_points=100 planning_time_ms=33.7
1786775432.041 [STATIC_AVOID] obs_id=21 obs_dist=2.31m obs_s=12.37 ego_s=10.06 side=LEFT | left_clearance=0.43 right_clearance=-0.42 candidate_valid=true rung=0 | cache_used=false path_age=0.000 path_points=82 planning_time_ms=14.2
1786775432.579 [STATIC_AVOID] obs_id=- obs_dist=-m obs_s=- ego_s=10.87 side=- | left_clearance=- right_clearance=- candidate_valid=false rung=- | cache_used=false path_age=- path_points=0 planning_time_ms=0.2 | reason=no_static_obstacle_in_range | cache_reason=obstacle_gone
1786775433.084 [STATIC_AVOID] obs_id=22 obs_dist=1.23m obs_s=12.39 ego_s=11.16 side=LEFT | left_clearance=0.38 right_clearance=-0.35 candidate_valid=true rung=0 | cache_used=false path_age=0.000 path_points=76 planning_time_ms=13.7
1786775433.627 [STATIC_AVOID] obs_id=22 obs_dist=-0.20m obs_s=12.38 ego_s=12.58 side=LEFT | left_clearance=0.32 right_clearance=-0.33 candidate_valid=true rung=0 | cache_used=false path_age=0.000 path_points=76 planning_time_ms=20.8
1786775434.144 [STATIC_AVOID] obs_id=- obs_dist=-m obs_s=- ego_s=14.16 side=- | left_clearance=- right_clearance=- candidate_valid=false rung=- | cache_used=false path_age=- path_points=0 planning_time_ms=0.1 | reason=no_static_obstacle_in_range | cache_reason=no_cache
1786775434.700 [STATIC_AVOID] obs_id=- obs_dist=-m obs_s=- ego_s=15.64 side=- | left_clearance=- right_clearance=- candidate_valid=false rung=- | cache_used=false path_age=- path_points=0 planning_time_ms=0.1 | reason=no_static_obstacle_in_range | cache_reason=no_cache
1786775435.214 [STATIC_AVOID] obs_id=- obs_dist=-m obs_s=- ego_s=16.56 side=- | left_clearance=- right_clearance=- candidate_valid=false rung=- | cache_used=false path_age=- path_points=0 planning_time_ms=0.1 | reason=no_static_obstacle_in_range | cache_reason=no_cache
1786775435.738 [STATIC_AVOID] obs_id=- obs_dist=-m obs_s=- ego_s=17.16 side=- | left_clearance=- right_clearance=- candidate_valid=false rung=- | cache_used=false path_age=- path_points=0 planning_time_ms=0.1 | reason=no_static_obstacle_in_range | cache_reason=no_cache
1786775436.251 [STATIC_AVOID] obs_id=- obs_dist=-m obs_s=- ego_s=19.80 side=- | left_clearance=- right_clearance=- candidate_valid=false rung=- | cache_used=false path_age=- path_points=0 planning_time_ms=0.1 | reason=no_static_obstacle_in_range | cache_reason=no_cache
1786775436.800 [STATIC_AVOID] obs_id=- obs_dist=-m obs_s=- ego_s=21.60 side=- | left_clearance=- right_clearance=- candidate_valid=false rung=- | cache_used=false path_age=- path_points=0 planning_time_ms=0.1 | reason=no_static_obstacle_in_range | cache_reason=no_cache
1786775437.356 [STATIC_AVOID] obs_id=- obs_dist=-m obs_s=- ego_s=0.70 side=- | left_clearance=- right_clearance=- candidate_valid=false rung=- | cache_used=false path_age=- path_points=0 planning_time_ms=0.1 | reason=no_static_obstacle_in_range | cache_reason=no_cache
1786775437.891 [STATIC_AVOID] obs_id=- obs_dist=-m obs_s=- ego_s=2.08 side=- | left_clearance=- right_clearance=- candidate_valid=false rung=- | cache_used=false path_age=- path_points=0 planning_time_ms=0.1 | reason=no_static_obstacle_in_range | cache_reason=no_cache
1786775438.437 [STATIC_AVOID] obs_id=- obs_dist=-m obs_s=- ego_s=3.67 side=- | left_clearance=- right_clearance=- candidate_valid=false rung=- | cache_used=false path_age=- path_points=0 planning_time_ms=0.2 | reason=no_static_obstacle_in_range | cache_reason=no_cache
1786775438.945 [STATIC_AVOID] obs_id=- obs_dist=-m obs_s=- ego_s=4.69 side=- | left_clearance=- right_clearance=- candidate_valid=false rung=- | cache_used=false path_age=- path_points=0 planning_time_ms=0.1 | reason=no_static_obstacle_in_range | cache_reason=no_cache
1786775439.490 [STATIC_AVOID] obs_id=- obs_dist=-m obs_s=- ego_s=5.90 side=- | left_clearance=- right_clearance=- candidate_valid=false rung=- | cache_used=false path_age=- path_points=0 planning_time_ms=0.1 | reason=no_static_obstacle_in_range | cache_reason=no_cache
1786775440.053 [STATIC_AVOID] obs_id=23 obs_dist=5.16m obs_s=12.62 ego_s=7.45 side=RIGHT | left_clearance=-0.18 right_clearance=0.19 candidate_valid=true rung=0 | cache_used=false path_age=0.000 path_points=119 planning_time_ms=35.4
1786775440.620 [STATIC_AVOID] obs_id=23 obs_dist=3.46m obs_s=12.64 ego_s=9.18 side=RIGHT | left_clearance=-0.15 right_clearance=0.12 candidate_valid=true rung=0 | cache_used=false path_age=0.000 path_points=101 planning_time_ms=21.1
1786775441.144 [STATIC_AVOID] obs_id=- obs_dist=-m obs_s=- ego_s=10.96 side=- | left_clearance=- right_clearance=- candidate_valid=false rung=- | cache_used=false path_age=- path_points=0 planning_time_ms=0.1 | reason=no_static_obstacle_in_range | cache_reason=no_cache
1786775441.688 [STATIC_AVOID] obs_id=- obs_dist=-m obs_s=- ego_s=12.02 side=- | left_clearance=- right_clearance=- candidate_valid=false rung=- | cache_used=false path_age=- path_points=0 planning_time_ms=0.1 | reason=no_static_obstacle_in_range | cache_reason=no_cache
1786775442.193 [STATIC_AVOID] obs_id=- obs_dist=-m obs_s=- ego_s=13.12 side=- | left_clearance=- right_clearance=- candidate_valid=false rung=- | cache_used=false path_age=- path_points=0 planning_time_ms=0.1 | reason=no_static_obstacle_in_range | cache_reason=no_cache
1786775442.698 [STATIC_AVOID] obs_id=- obs_dist=-m obs_s=- ego_s=15.02 side=- | left_clearance=- right_clearance=- candidate_valid=false rung=- | cache_used=false path_age=- path_points=0 planning_time_ms=0.1 | reason=no_static_obstacle_in_range | cache_reason=no_cache
1786775443.220 [STATIC_AVOID] obs_id=25 obs_dist=4.57m obs_s=20.51 ego_s=15.95 side=LEFT | left_clearance=0.45 right_clearance=-0.24 candidate_valid=true rung=0 | cache_used=false path_age=0.000 path_points=105 planning_time_ms=10.5
1786775443.743 [STATIC_AVOID] obs_id=- obs_dist=-m obs_s=- ego_s=17.12 side=- | left_clearance=- right_clearance=- candidate_valid=false rung=- | cache_used=false path_age=- path_points=0 planning_time_ms=0.2 | reason=no_static_obstacle_in_range | cache_reason=no_cache
1786775444.312 [STATIC_AVOID] obs_id=- obs_dist=-m obs_s=- ego_s=17.54 side=- | left_clearance=- right_clearance=- candidate_valid=false rung=- | cache_used=false path_age=- path_points=0 planning_time_ms=1.2 | reason=no_static_obstacle_in_range | cache_reason=no_cache
1786775444.843 [STATIC_AVOID] obs_id=- obs_dist=-m obs_s=- ego_s=20.61 side=- | left_clearance=- right_clearance=- candidate_valid=false rung=- | cache_used=false path_age=- path_points=0 planning_time_ms=0.1 | reason=no_static_obstacle_in_range | cache_reason=no_cache
1786775445.401 [STATIC_AVOID] obs_id=- obs_dist=-m obs_s=- ego_s=22.40 side=- | left_clearance=- right_clearance=- candidate_valid=false rung=- | cache_used=false path_age=- path_points=0 planning_time_ms=0.1 | reason=no_static_obstacle_in_range | cache_reason=no_cache
1786775445.938 [STATIC_AVOID] obs_id=- obs_dist=-m obs_s=- ego_s=1.23 side=- | left_clearance=- right_clearance=- candidate_valid=false rung=- | cache_used=false path_age=- path_points=0 planning_time_ms=0.1 | reason=no_static_obstacle_in_range | cache_reason=no_cache
1786775446.443 [STATIC_AVOID] obs_id=- obs_dist=-m obs_s=- ego_s=2.12 side=- | left_clearance=- right_clearance=- candidate_valid=false rung=- | cache_used=false path_age=- path_points=0 planning_time_ms=0.1 | reason=no_static_obstacle_in_range | cache_reason=no_cache
1786775446.949 [STATIC_AVOID] obs_id=- obs_dist=-m obs_s=- ego_s=3.55 side=- | left_clearance=- right_clearance=- candidate_valid=false rung=- | cache_used=false path_age=- path_points=0 planning_time_ms=0.1 | reason=no_static_obstacle_in_range | cache_reason=no_cache
1786775447.494 [STATIC_AVOID] obs_id=- obs_dist=-m obs_s=- ego_s=4.63 side=- | left_clearance=- right_clearance=- candidate_valid=false rung=- | cache_used=false path_age=- path_points=0 planning_time_ms=0.1 | reason=no_static_obstacle_in_range | cache_reason=no_cache
1786775448.051 [STATIC_AVOID] obs_id=- obs_dist=-m obs_s=- ego_s=5.59 side=- | left_clearance=- right_clearance=- candidate_valid=false rung=- | cache_used=false path_age=- path_points=0 planning_time_ms=0.1 | reason=no_static_obstacle_in_range | cache_reason=no_cache
1786775448.552 [STATIC_AVOID] obs_id=- obs_dist=-m obs_s=- ego_s=6.92 side=- | left_clearance=- right_clearance=- candidate_valid=false rung=- | cache_used=false path_age=- path_points=0 planning_time_ms=0.2 | reason=no_static_obstacle_in_range | cache_reason=no_cache
1786775449.074 [STATIC_AVOID] obs_id=33 obs_dist=5.45m obs_s=13.79 ego_s=8.34 side=LEFT | left_clearance=0.37 right_clearance=-0.30 candidate_valid=true rung=0 | cache_used=false path_age=0.000 path_points=122 planning_time_ms=12.1
1786775449.645 [STATIC_AVOID] obs_id=33 obs_dist=3.42m obs_s=13.65 ego_s=10.22 side=LEFT | left_clearance=0.28 right_clearance=-0.19 candidate_valid=true rung=0 | cache_used=false path_age=0.000 path_points=91 planning_time_ms=5.0
1786775450.148 [STATIC_AVOID] obs_id=33 obs_dist=2.74m obs_s=13.56 ego_s=10.82 side=LEFT | left_clearance=0.16 right_clearance=-0.12 candidate_valid=true rung=0 | cache_used=false path_age=0.000 path_points=83 planning_time_ms=17.8
1786775450.697 [STATIC_AVOID] obs_id=33 obs_dist=2.55m obs_s=13.53 ego_s=10.98 side=LEFT | left_clearance=0.16 right_clearance=-0.09 candidate_valid=true rung=0 | cache_used=false path_age=0.000 path_points=81 planning_time_ms=8.2
1786775451.211 [STATIC_AVOID] obs_id=33 obs_dist=2.50m obs_s=13.52 ego_s=11.02 side=LEFT | left_clearance=0.13 right_clearance=-0.10 candidate_valid=true rung=0 | cache_used=false path_age=0.000 path_points=81 planning_time_ms=8.8
1786775451.771 [STATIC_AVOID] obs_id=33 obs_dist=2.45m obs_s=13.49 ego_s=11.05 side=LEFT | left_clearance=0.14 right_clearance=-0.07 candidate_valid=true rung=0 | cache_used=false path_age=0.000 path_points=80 planning_time_ms=24.0
1786775452.293 [STATIC_AVOID] obs_id=- obs_dist=-m obs_s=- ego_s=11.06 side=- | left_clearance=- right_clearance=- candidate_valid=false rung=- | cache_used=false path_age=- path_points=0 planning_time_ms=0.1 | reason=no_static_obstacle_in_range | cache_reason=no_cache
1786775452.830 [STATIC_AVOID] obs_id=34 obs_dist=2.02m obs_s=13.40 ego_s=11.38 side=RIGHT | left_clearance=0.07 right_clearance=-0.00 candidate_valid=true rung=0 | cache_used=false path_age=0.000 path_points=76 planning_time_ms=3.0
1786775453.354 [STATIC_AVOID] obs_id=- obs_dist=-m obs_s=- ego_s=12.40 side=- | left_clearance=- right_clearance=- candidate_valid=false rung=- | cache_used=false path_age=- path_points=0 planning_time_ms=7.6 | reason=no_static_obstacle_in_range | cache_reason=obstacle_gone
1786775453.897 [STATIC_AVOID] obs_id=- obs_dist=-m obs_s=- ego_s=13.22 side=- | left_clearance=- right_clearance=- candidate_valid=false rung=- | cache_used=false path_age=- path_points=0 planning_time_ms=0.2 | reason=no_static_obstacle_in_range | cache_reason=no_cache
1786775454.423 [STATIC_AVOID] obs_id=35 obs_dist=-0.57m obs_s=13.51 ego_s=14.08 side=LEFT | left_clearance=0.50 right_clearance=-0.30 candidate_valid=true rung=0 | cache_used=false path_age=0.000 path_points=76 planning_time_ms=8.6
1786775454.951 [STATIC_AVOID] obs_id=- obs_dist=-m obs_s=- ego_s=15.98 side=- | left_clearance=- right_clearance=- candidate_valid=false rung=- | cache_used=false path_age=- path_points=0 planning_time_ms=0.1 | reason=no_static_obstacle_in_range | cache_reason=no_cache
1786775455.489 [STATIC_AVOID] obs_id=- obs_dist=-m obs_s=- ego_s=17.13 side=- | left_clearance=- right_clearance=- candidate_valid=false rung=- | cache_used=false path_age=- path_points=0 planning_time_ms=0.7 | reason=no_static_obstacle_in_range | cache_reason=no_cache
1786775456.004 [STATIC_AVOID] obs_id=- obs_dist=-m obs_s=- ego_s=19.05 side=- | left_clearance=- right_clearance=- candidate_valid=false rung=- | cache_used=false path_age=- path_points=0 planning_time_ms=0.2 | reason=no_static_obstacle_in_range | cache_reason=no_cache
1786775456.542 [STATIC_AVOID] obs_id=- obs_dist=-m obs_s=- ego_s=20.81 side=- | left_clearance=- right_clearance=- candidate_valid=false rung=- | cache_used=false path_age=- path_points=0 planning_time_ms=0.1 | reason=no_static_obstacle_in_range | cache_reason=no_cache
1786775457.089 [STATIC_AVOID] obs_id=- obs_dist=-m obs_s=- ego_s=0.38 side=- | left_clearance=- right_clearance=- candidate_valid=false rung=- | cache_used=false path_age=- path_points=0 planning_time_ms=0.1 | reason=no_static_obstacle_in_range | cache_reason=no_cache
1786775457.598 [STATIC_AVOID] obs_id=- obs_dist=-m obs_s=- ego_s=1.43 side=- | left_clearance=- right_clearance=- candidate_valid=false rung=- | cache_used=false path_age=- path_points=0 planning_time_ms=0.1 | reason=no_static_obstacle_in_range | cache_reason=no_cache
1786775458.149 [STATIC_AVOID] obs_id=- obs_dist=-m obs_s=- ego_s=2.92 side=- | left_clearance=- right_clearance=- candidate_valid=false rung=- | cache_used=false path_age=- path_points=0 planning_time_ms=0.1 | reason=no_static_obstacle_in_range | cache_reason=no_cache
1786775458.693 [STATIC_AVOID] obs_id=- obs_dist=-m obs_s=- ego_s=4.41 side=- | left_clearance=- right_clearance=- candidate_valid=false rung=- | cache_used=false path_age=- path_points=0 planning_time_ms=0.7 | reason=no_static_obstacle_in_range | cache_reason=no_cache
1786775459.241 [STATIC_AVOID] obs_id=- obs_dist=-m obs_s=- ego_s=5.76 side=- | left_clearance=- right_clearance=- candidate_valid=false rung=- | cache_used=false path_age=- path_points=0 planning_time_ms=0.1 | reason=no_static_obstacle_in_range | cache_reason=no_cache
1786775459.747 [STATIC_AVOID] obs_id=- obs_dist=-m obs_s=- ego_s=7.42 side=- | left_clearance=- right_clearance=- candidate_valid=false rung=- | cache_used=false path_age=- path_points=0 planning_time_ms=0.1 | reason=no_static_obstacle_in_range | cache_reason=no_cache
