# state_machine debug log started 20260817_114015  map='0815test3'
1786934422.455 [OBSTACLES] cur_s=16.41 cur_d=-1.28 vs=0.00 n=0 [none]
1786934422.456 [STATE_CHANGE] None -> LOSTLINE src=GB_TRACK s=16.41 d=-1.28 vs=0.00
1786934422.965 [OBSTACLES] cur_s=16.41 cur_d=-1.28 vs=0.00 n=0 [none]
1786934423.501 [OBSTACLES] cur_s=16.41 cur_d=-1.28 vs=0.00 n=0 [none]
1786934424.047 [OBSTACLES] cur_s=16.41 cur_d=-1.28 vs=0.00 n=0 [none]
1786934424.556 [OBSTACLES] cur_s=16.41 cur_d=-1.28 vs=0.00 n=0 [none]
1786934425.081 [OBSTACLES] cur_s=16.41 cur_d=-1.28 vs=0.00 n=0 [none]
1786934425.588 [OBSTACLES] cur_s=16.41 cur_d=-1.28 vs=0.00 n=0 [none]
1786934426.119 [OBSTACLES] cur_s=16.45 cur_d=-1.17 vs=0.67 n=0 [none]
1786934426.724 [OBSTACLES] cur_s=16.95 cur_d=-0.48 vs=1.59 n=0 [none]
1786934427.009 [STATE_CHANGE] LOSTLINE -> GB_TRACK src=GB_TRACK s=17.26 d=-0.27 vs=1.99
1786934427.248 [OBSTACLES] cur_s=17.93 cur_d=-0.04 vs=2.73 n=0 [none]
1786934427.767 [OBSTACLES] cur_s=19.81 cur_d=-0.05 vs=4.32 n=0 [none]
1786934428.278 [OBSTACLES] cur_s=22.00 cur_d=-0.08 vs=4.93 n=0 [none]
1786934428.793 [OBSTACLES] cur_s=24.91 cur_d=-0.05 vs=4.94 n=0 [none]
1786934429.304 [OBSTACLES] cur_s=26.23 cur_d=-0.31 vs=4.03 n=0 [none]
1786934429.304 [STATE_CHANGE] GB_TRACK -> LOSTLINE src=GB_TRACK s=26.23 d=-0.31 vs=4.03
1786934429.642 [STATE_CHANGE] LOSTLINE -> GB_TRACK src=GB_TRACK s=27.57 d=-0.26 vs=3.64
1786934429.811 [OBSTACLES] cur_s=28.27 cur_d=-0.02 vs=3.15 n=0 [none]
1786934430.525 [OBSTACLES] cur_s=29.77 cur_d=0.15 vs=3.48 n=0 [none]
1786934431.112 [OBSTACLES] cur_s=31.22 cur_d=-0.34 vs=3.38 n=0 [none]
1786934431.113 [STATE_CHANGE] GB_TRACK -> LOSTLINE src=GB_TRACK s=31.22 d=-0.34 vs=3.38
1786934431.677 [OBSTACLES] cur_s=32.91 cur_d=-0.87 vs=2.01 n=0 [none]
1786934432.178 [OBSTACLES] cur_s=33.69 cur_d=-0.62 vs=1.61 n=0 [none]
1786934433.030 [OBSTACLES] cur_s=33.74 cur_d=-0.57 vs=1.39 n=0 [none]
1786934433.241 [STATE_CHANGE] LOSTLINE -> GB_TRACK src=GB_TRACK s=33.89 d=-0.11 vs=0.82
1786934433.694 [OBSTACLES] cur_s=33.95 cur_d=0.07 vs=0.00 n=0 [none]
1786934434.246 [OBSTACLES] cur_s=33.77 cur_d=0.33 vs=0.00 n=0 [none]
1786934434.246 [STATE_CHANGE] GB_TRACK -> LOSTLINE src=GB_TRACK s=33.77 d=0.33 vs=0.00
1786934434.966 [OBSTACLES] cur_s=33.60 cur_d=0.37 vs=0.00 n=0 [none]
1786934435.612 [OBSTACLES] cur_s=33.39 cur_d=0.36 vs=-0.05 n=0 [none]
1786934435.926 [STATE_CHANGE] LOSTLINE -> GB_TRACK src=GB_TRACK s=33.26 d=0.29 vs=-1.11
1786934436.426 [OBSTACLES] cur_s=32.88 cur_d=-0.16 vs=-0.95 n=0 [none]
1786934436.579 [STATE_CHANGE] GB_TRACK -> LOSTLINE src=GB_TRACK s=33.37 d=0.37 vs=-1.13
1786934436.720 [STATE_CHANGE] LOSTLINE -> GB_TRACK src=GB_TRACK s=33.25 d=0.25 vs=-0.95
1786934436.930 [OBSTACLES] cur_s=33.53 cur_d=0.17 vs=-1.10 n=0 [none]
1786934437.442 [OBSTACLES] cur_s=33.57 cur_d=0.16 vs=0.08 n=0 [none]
1786934437.994 [OBSTACLES] cur_s=33.59 cur_d=-0.12 vs=0.00 n=0 [none]
1786934438.504 [OBSTACLES] cur_s=33.59 cur_d=-0.12 vs=0.00 n=0 [none]
1786934439.017 [OBSTACLES] cur_s=33.78 cur_d=-0.04 vs=1.03 n=0 [none]
1786934439.575 [OBSTACLES] cur_s=33.63 cur_d=-0.10 vs=0.97 n=0 [none]
1786934440.167 [OBSTACLES] cur_s=33.79 cur_d=0.26 vs=0.00 n=0 [none]
1786934440.837 [OBSTACLES] cur_s=33.76 cur_d=0.22 vs=0.00 n=0 [none]
1786934441.377 [OBSTACLES] cur_s=33.76 cur_d=0.18 vs=0.00 n=0 [none]
1786934441.918 [OBSTACLES] cur_s=33.75 cur_d=0.18 vs=0.00 n=0 [none]
1786934442.460 [OBSTACLES] cur_s=33.75 cur_d=0.17 vs=0.00 n=0 [none]
1786934442.993 [OBSTACLES] cur_s=33.80 cur_d=0.22 vs=0.00 n=0 [none]
1786934443.548 [OBSTACLES] cur_s=33.76 cur_d=0.18 vs=0.00 n=0 [none]
1786934444.085 [OBSTACLES] cur_s=33.75 cur_d=0.17 vs=0.00 n=0 [none]
1786934444.608 [OBSTACLES] cur_s=1.16 cur_d=0.19 vs=0.00 n=0 [none]
1786934445.121 [OBSTACLES] cur_s=1.16 cur_d=0.21 vs=0.00 n=0 [none]
1786934445.721 [OBSTACLES] cur_s=1.15 cur_d=0.21 vs=0.00 n=0 [none]
1786934446.255 [OBSTACLES] cur_s=1.16 cur_d=0.22 vs=0.00 n=0 [none]
1786934446.772 [OBSTACLES] cur_s=1.16 cur_d=0.22 vs=0.00 n=0 [none]
1786934447.316 [OBSTACLES] cur_s=1.17 cur_d=0.22 vs=0.00 n=0 [none]
1786934447.844 [OBSTACLES] cur_s=1.16 cur_d=0.22 vs=0.00 n=0 [none]
1786934448.350 [OBSTACLES] cur_s=1.16 cur_d=0.22 vs=0.00 n=0 [none]
1786934448.869 [OBSTACLES] cur_s=1.16 cur_d=0.23 vs=0.00 n=0 [none]
1786934449.379 [OBSTACLES] cur_s=1.16 cur_d=0.22 vs=0.00 n=0 [none]
1786934449.896 [OBSTACLES] cur_s=1.16 cur_d=0.22 vs=0.00 n=0 [none]
1786934450.397 [OBSTACLES] cur_s=0.48 cur_d=0.25 vs=0.00 n=0 [none]
1786934450.909 [OBSTACLES] cur_s=0.45 cur_d=0.24 vs=0.00 n=0 [none]
1786934451.432 [OBSTACLES] cur_s=0.45 cur_d=0.24 vs=0.00 n=0 [none]
1786934451.942 [OBSTACLES] cur_s=0.45 cur_d=0.24 vs=0.00 n=0 [none]
1786934452.586 [OBSTACLES] cur_s=0.45 cur_d=0.24 vs=0.00 n=0 [none]
1786934453.320 [OBSTACLES] cur_s=0.56 cur_d=0.27 vs=0.49 n=0 [none]
1786934453.631 [STATE_CHANGE] GB_TRACK -> LOSTLINE src=GB_TRACK s=0.08 d=0.32 vs=0.49
1786934453.800 [STATIC_OT] state=GB_TRACK path_exists=0 path_locked=0 path_ttl_ok=0 path_safe=0 on_spline=0 speed=2.40 raw_wpnts=0 raw_age=-s decision=TRAILING reason=NO_STATIC_PATH
1786934453.801 [STATE_CHANGE] LOSTLINE -> TRAILING src=GB_TRACK s=2.19 d=-0.16 vs=2.40
1786934453.871 [OBSTACLES] cur_s=1.16 cur_d=0.11 vs=2.58 n=1 [id=14 static=1 gap=13.29m d=0.13 size=0.20]
1786934454.018 [STATIC_OT] state=TRAILING path_exists=0 path_locked=0 path_ttl_ok=0 path_safe=0 on_spline=0 speed=2.75 raw_wpnts=0 raw_age=-s decision=TRAILING reason=NO_STATIC_PATH
1786934454.207 [STATE_CHANGE] TRAILING -> LOSTLINE src=GB_TRACK s=2.16 d=-0.64 vs=0.60
1786934454.404 [OBSTACLES] cur_s=1.74 cur_d=-0.71 vs=0.24 n=0 [none]
1786934454.928 [OBSTACLES] cur_s=1.65 cur_d=-0.56 vs=-0.01 n=0 [none]
1786934455.441 [OBSTACLES] cur_s=1.88 cur_d=-0.48 vs=0.00 n=0 [none]
1786934455.977 [OBSTACLES] cur_s=1.91 cur_d=-0.47 vs=-0.04 n=0 [none]
1786934456.498 [OBSTACLES] cur_s=1.45 cur_d=-0.43 vs=-0.58 n=0 [none]
1786934456.793 [STATE_CHANGE] LOSTLINE -> GB_TRACK src=GB_TRACK s=1.58 d=-0.02 vs=-0.80
1786934457.025 [OBSTACLES] cur_s=1.71 cur_d=0.11 vs=-0.21 n=0 [none]
1786934457.255 [STATIC_OT] state=GB_TRACK path_exists=0 path_locked=0 path_ttl_ok=0 path_safe=0 on_spline=0 speed=0.00 raw_wpnts=0 raw_age=-s decision=TRAILING reason=NO_STATIC_PATH
1786934457.255 [STATE_CHANGE] GB_TRACK -> TRAILING src=GB_TRACK s=2.62 d=-0.80 vs=0.00
1786934457.488 [STATE_CHANGE] TRAILING -> LOSTLINE src=GB_TRACK s=2.60 d=-0.81 vs=0.00
1786934457.543 [OBSTACLES] cur_s=2.60 cur_d=-0.81 vs=0.00 n=0 [none]
1786934458.054 [OBSTACLES] cur_s=2.60 cur_d=-0.81 vs=0.00 n=0 [none]
1786934458.554 [OBSTACLES] cur_s=2.60 cur_d=-0.81 vs=0.00 n=0 [none]
1786934459.087 [OBSTACLES] cur_s=2.61 cur_d=-0.81 vs=0.00 n=0 [none]
1786934459.591 [OBSTACLES] cur_s=2.60 cur_d=-0.81 vs=0.00 n=0 [none]
1786934460.219 [OBSTACLES] cur_s=2.60 cur_d=-0.78 vs=0.00 n=0 [none]
1786934460.741 [OBSTACLES] cur_s=2.71 cur_d=-0.70 vs=1.08 n=0 [none]
1786934461.063 [STATE_CHANGE] LOSTLINE -> GB_TRACK src=GB_TRACK s=3.10 d=-0.28 vs=1.02
1786934461.262 [OBSTACLES] cur_s=3.22 cur_d=0.06 vs=0.88 n=0 [none]
1786934461.487 [STATE_CHANGE] GB_TRACK -> LOSTLINE src=GB_TRACK s=3.41 d=0.39 vs=0.91
1786934461.779 [OBSTACLES] cur_s=3.76 cur_d=0.69 vs=1.06 n=0 [none]
1786934462.304 [OBSTACLES] cur_s=3.87 cur_d=0.69 vs=0.00 n=0 [none]
1786934462.832 [OBSTACLES] cur_s=3.92 cur_d=0.74 vs=0.64 n=0 [none]
1786934463.394 [OBSTACLES] cur_s=4.14 cur_d=0.52 vs=0.61 n=0 [none]
1786934463.911 [OBSTACLES] cur_s=4.10 cur_d=0.35 vs=0.00 n=0 [none]
1786934464.439 [OBSTACLES] cur_s=4.08 cur_d=0.35 vs=0.00 n=0 [none]
1786934464.725 [STATE_CHANGE] LOSTLINE -> GB_TRACK src=GB_TRACK s=4.18 d=0.28 vs=0.15
1786934464.940 [OBSTACLES] cur_s=4.23 cur_d=0.25 vs=0.37 n=0 [none]
1786934465.467 [OBSTACLES] cur_s=4.62 cur_d=0.15 vs=0.64 n=0 [none]
1786934466.003 [OBSTACLES] cur_s=4.73 cur_d=0.15 vs=0.00 n=0 [none]
1786934466.504 [OBSTACLES] cur_s=4.73 cur_d=0.15 vs=0.00 n=0 [none]
1786934467.215 [OBSTACLES] cur_s=5.01 cur_d=0.08 vs=1.21 n=0 [none]
1786934467.723 [OBSTACLES] cur_s=5.72 cur_d=-0.13 vs=1.47 n=0 [none]
1786934468.230 [OBSTACLES] cur_s=6.11 cur_d=-0.29 vs=0.69 n=0 [none]
1786934468.230 [STATE_CHANGE] GB_TRACK -> LOSTLINE src=GB_TRACK s=6.11 d=-0.29 vs=0.69
1786934468.750 [OBSTACLES] cur_s=6.14 cur_d=-0.31 vs=0.00 n=0 [none]
1786934469.264 [OBSTACLES] cur_s=6.14 cur_d=-0.31 vs=0.00 n=0 [none]
1786934469.785 [OBSTACLES] cur_s=6.66 cur_d=-0.46 vs=0.97 n=0 [none]
1786934470.292 [OBSTACLES] cur_s=6.73 cur_d=-0.60 vs=0.07 n=0 [none]
1786934470.846 [OBSTACLES] cur_s=6.82 cur_d=-0.62 vs=0.00 n=0 [none]
1786934471.482 [OBSTACLES] cur_s=6.64 cur_d=-0.61 vs=0.14 n=0 [none]
1786934471.993 [OBSTACLES] cur_s=6.56 cur_d=-0.61 vs=0.00 n=0 [none]
1786934472.502 [OBSTACLES] cur_s=6.31 cur_d=-0.54 vs=-0.96 n=0 [none]
1786934472.875 [STATE_CHANGE] LOSTLINE -> GB_TRACK src=GB_TRACK s=5.72 d=-0.28 vs=-1.05
1786934472.994 [STATE_CHANGE] GB_TRACK -> LOSTLINE src=GB_TRACK s=6.50 d=-0.38 vs=0.00
1786934473.055 [OBSTACLES] cur_s=6.51 cur_d=-0.39 vs=0.03 n=0 [none]
1786934473.503 [STATE_CHANGE] LOSTLINE -> GB_TRACK src=GB_TRACK s=6.93 d=-0.29 vs=1.38
1786934473.577 [OBSTACLES] cur_s=7.02 cur_d=-0.27 vs=1.40 n=0 [none]
1786934474.128 [OBSTACLES] cur_s=7.70 cur_d=-0.12 vs=1.45 n=0 [none]
1786934474.645 [OBSTACLES] cur_s=8.29 cur_d=-0.14 vs=0.81 n=0 [none]
1786934475.169 [OBSTACLES] cur_s=8.39 cur_d=-0.18 vs=0.00 n=0 [none]
1786934475.710 [OBSTACLES] cur_s=8.39 cur_d=-0.17 vs=0.00 n=0 [none]
1786934476.232 [OBSTACLES] cur_s=8.45 cur_d=-0.17 vs=0.42 n=0 [none]
1786934476.775 [OBSTACLES] cur_s=9.29 cur_d=-0.04 vs=2.83 n=0 [none]
1786934477.277 [OBSTACLES] cur_s=10.68 cur_d=0.05 vs=2.62 n=0 [none]
1786934477.806 [OBSTACLES] cur_s=12.07 cur_d=-0.00 vs=2.48 n=0 [none]
1786934478.308 [OBSTACLES] cur_s=13.51 cur_d=0.25 vs=3.57 n=0 [none]
1786934478.345 [STATE_CHANGE] GB_TRACK -> LOSTLINE src=GB_TRACK s=13.71 d=0.30 vs=3.70
1786934478.643 [STATE_CHANGE] LOSTLINE -> GB_TRACK src=GB_TRACK s=14.53 d=0.29 vs=3.35
1786934478.858 [OBSTACLES] cur_s=15.17 cur_d=0.25 vs=2.73 n=0 [none]
1786934479.225 [STATE_CHANGE] GB_TRACK -> LOSTLINE src=GB_TRACK s=16.18 d=0.29 vs=2.46
1786934479.396 [OBSTACLES] cur_s=16.97 cur_d=0.40 vs=2.63 n=0 [none]
1786934479.898 [OBSTACLES] cur_s=18.10 cur_d=0.37 vs=3.13 n=0 [none]
1786934480.467 [OBSTACLES] cur_s=20.57 cur_d=0.47 vs=4.56 n=0 [none]
1786934480.994 [OBSTACLES] cur_s=23.23 cur_d=0.30 vs=3.34 n=0 [none]
1786934481.074 [STATE_CHANGE] LOSTLINE -> GB_TRACK src=GB_TRACK s=23.52 d=0.19 vs=3.48
1786934481.457 [STATIC_OT] state=GB_TRACK path_exists=0 path_locked=0 path_ttl_ok=0 path_safe=0 on_spline=0 speed=4.18 raw_wpnts=0 raw_age=-s decision=TRAILING reason=NO_STATIC_PATH
1786934481.460 [STATE_CHANGE] GB_TRACK -> TRAILING src=GB_TRACK s=24.56 d=-0.31 vs=4.18
1786934481.525 [OBSTACLES] cur_s=24.74 cur_d=-0.35 vs=4.25 n=1 [id=17 static=1 gap=4.06m d=0.19 size=0.39]
1786934481.601 [STATIC_OT_TRANSITION] first_valid_path_to_overtake_ms=0.0
1786934481.602 [STATE_CHANGE] TRAILING -> OVERTAKE src=OVERTAKE s=24.87 d=-0.37 vs=4.27
1786934482.032 [OBSTACLES] cur_s=26.71 cur_d=-0.17 vs=3.41 n=1 [id=17 static=1 gap=2.05m d=0.22 size=0.22]
1786934482.537 [OBSTACLES] cur_s=27.99 cur_d=-0.03 vs=2.98 n=0 [none]
1786934483.082 [OBSTACLES] cur_s=29.27 cur_d=-0.47 vs=2.86 n=0 [none]
1786934483.635 [OBSTACLES] cur_s=30.58 cur_d=-0.17 vs=3.33 n=0 [none]
1786934484.173 [OBSTACLES] cur_s=32.50 cur_d=0.09 vs=3.37 n=0 [none]
1786934484.675 [OBSTACLES] cur_s=34.29 cur_d=0.01 vs=3.11 n=0 [none]
1786934485.146 [STATE_CHANGE] OVERTAKE -> LOSTLINE src=GB_TRACK s=1.23 d=0.09 vs=4.04
1786934485.205 [OBSTACLES] cur_s=1.32 cur_d=0.14 vs=4.10 n=0 [none]
1786934485.207 [STATE_CHANGE] LOSTLINE -> GB_TRACK src=GB_TRACK s=1.32 d=0.14 vs=4.10
1786934485.708 [OBSTACLES] cur_s=3.44 cur_d=0.20 vs=4.92 n=0 [none]
1786934486.234 [OBSTACLES] cur_s=5.76 cur_d=-0.19 vs=4.94 n=0 [none]
1786934486.459 [STATE_CHANGE] GB_TRACK -> LOSTLINE src=GB_TRACK s=6.85 d=-0.29 vs=4.95
1786934486.636 [STATE_CHANGE] LOSTLINE -> GB_TRACK src=GB_TRACK s=7.54 d=-0.27 vs=4.66
1786934486.807 [OBSTACLES] cur_s=8.29 cur_d=-0.15 vs=4.32 n=0 [none]
1786934487.380 [OBSTACLES] cur_s=10.48 cur_d=0.01 vs=2.67 n=0 [none]
1786934487.907 [OBSTACLES] cur_s=11.78 cur_d=0.04 vs=2.41 n=0 [none]
1786934488.320 [STATE_CHANGE] GB_TRACK -> LOSTLINE src=GB_TRACK s=13.05 d=0.31 vs=3.11
1786934488.432 [OBSTACLES] cur_s=13.38 cur_d=0.35 vs=3.45 n=0 [none]
1786934488.860 [STATE_CHANGE] LOSTLINE -> GB_TRACK src=GB_TRACK s=14.57 d=0.26 vs=3.24
1786934488.968 [OBSTACLES] cur_s=15.03 cur_d=0.13 vs=2.92 n=0 [none]
1786934489.507 [OBSTACLES] cur_s=16.41 cur_d=0.25 vs=2.46 n=0 [none]
1786934489.635 [STATE_CHANGE] GB_TRACK -> LOSTLINE src=GB_TRACK s=16.82 d=0.33 vs=2.54
1786934490.011 [OBSTACLES] cur_s=18.15 cur_d=0.38 vs=3.08 n=0 [none]
1786934490.562 [OBSTACLES] cur_s=20.58 cur_d=0.29 vs=4.62 n=0 [none]
1786934490.614 [STATE_CHANGE] LOSTLINE -> GB_TRACK src=GB_TRACK s=20.88 d=0.27 vs=4.86
1786934491.078 [OBSTACLES] cur_s=22.84 cur_d=-0.08 vs=4.86 n=0 [none]
1786934491.650 [OBSTACLES] cur_s=25.40 cur_d=-0.14 vs=4.50 n=0 [none]
1786934492.159 [OBSTACLES] cur_s=27.50 cur_d=0.25 vs=3.64 n=0 [none]
1786934492.449 [STATE_CHANGE] GB_TRACK -> LOSTLINE src=GB_TRACK s=28.23 d=0.30 vs=3.57
1786934492.534 [STATE_CHANGE] LOSTLINE -> GB_TRACK src=GB_TRACK s=28.50 d=0.28 vs=3.56
1786934492.691 [OBSTACLES] cur_s=29.25 cur_d=0.24 vs=3.54 n=0 [none]
1786934493.192 [OBSTACLES] cur_s=30.84 cur_d=0.22 vs=3.58 n=0 [none]
1786934493.715 [OBSTACLES] cur_s=32.95 cur_d=0.26 vs=3.29 n=0 [none]
1786934493.979 [STATE_CHANGE] GB_TRACK -> LOSTLINE src=GB_TRACK s=33.81 d=0.30 vs=3.25
1786934494.144 [STATE_CHANGE] LOSTLINE -> GB_TRACK src=GB_TRACK s=34.46 d=0.27 vs=3.34
1786934494.239 [OBSTACLES] cur_s=0.36 cur_d=0.26 vs=3.39 n=0 [none]
1786934494.835 [OBSTACLES] cur_s=2.52 cur_d=0.23 vs=4.73 n=0 [none]
1786934495.431 [OBSTACLES] cur_s=4.96 cur_d=0.03 vs=4.90 n=0 [none]
1786934495.956 [OBSTACLES] cur_s=7.47 cur_d=-0.21 vs=4.84 n=0 [none]
1786934496.478 [OBSTACLES] cur_s=9.86 cur_d=0.18 vs=3.34 n=0 [none]
1786934496.994 [OBSTACLES] cur_s=11.16 cur_d=-0.12 vs=2.20 n=0 [none]
1786934497.497 [OBSTACLES] cur_s=12.38 cur_d=0.07 vs=2.70 n=0 [none]
1786934497.933 [STATE_CHANGE] GB_TRACK -> LOSTLINE src=GB_TRACK s=13.47 d=0.30 vs=3.78
1786934498.036 [OBSTACLES] cur_s=14.11 cur_d=0.30 vs=3.75 n=0 [none]
1786934498.076 [STATE_CHANGE] LOSTLINE -> GB_TRACK src=GB_TRACK s=14.26 d=0.28 vs=3.68
1786934498.539 [OBSTACLES] cur_s=15.56 cur_d=-0.11 vs=2.47 n=0 [none]
1786934499.060 [OBSTACLES] cur_s=16.97 cur_d=0.30 vs=2.59 n=0 [none]
1786934499.061 [STATE_CHANGE] GB_TRACK -> LOSTLINE src=GB_TRACK s=16.97 d=0.30 vs=2.59
1786934499.578 [OBSTACLES] cur_s=18.82 cur_d=0.36 vs=3.69 n=0 [none]
1786934499.747 [STATE_CHANGE] LOSTLINE -> GB_TRACK src=GB_TRACK s=19.79 d=0.28 vs=4.35
1786934500.095 [OBSTACLES] cur_s=21.00 cur_d=0.19 vs=4.88 n=0 [none]
1786934500.610 [OBSTACLES] cur_s=24.08 cur_d=-0.12 vs=4.92 n=0 [none]
1786934501.121 [OBSTACLES] cur_s=26.11 cur_d=0.06 vs=4.20 n=0 [none]
1786934501.684 [OBSTACLES] cur_s=27.93 cur_d=0.26 vs=3.67 n=0 [none]
1786934501.754 [STATE_CHANGE] GB_TRACK -> LOSTLINE src=GB_TRACK s=28.15 d=0.34 vs=3.61
1786934502.136 [STATE_CHANGE] LOSTLINE -> GB_TRACK src=GB_TRACK s=29.43 d=0.29 vs=3.45
1786934502.194 [OBSTACLES] cur_s=29.76 cur_d=0.22 vs=3.48 n=0 [none]
1786934502.765 [OBSTACLES] cur_s=31.56 cur_d=0.02 vs=3.48 n=0 [none]
1786934503.306 [OBSTACLES] cur_s=33.24 cur_d=0.15 vs=3.24 n=0 [none]
1786934503.507 [STATE_CHANGE] GB_TRACK -> LOSTLINE src=GB_TRACK s=34.15 d=0.29 vs=3.33
1786934503.827 [OBSTACLES] cur_s=0.65 cur_d=0.34 vs=3.67 n=0 [none]
1786934504.151 [STATE_CHANGE] LOSTLINE -> GB_TRACK src=GB_TRACK s=2.03 d=0.26 vs=4.56
1786934504.342 [OBSTACLES] cur_s=2.82 cur_d=0.23 vs=4.89 n=0 [none]
1786934504.853 [OBSTACLES] cur_s=4.71 cur_d=0.08 vs=4.94 n=0 [none]
1786934505.365 [OBSTACLES] cur_s=7.75 cur_d=-0.14 vs=4.72 n=0 [none]
1786934505.895 [OBSTACLES] cur_s=9.71 cur_d=0.15 vs=3.50 n=0 [none]
1786934506.426 [OBSTACLES] cur_s=11.11 cur_d=-0.07 vs=2.30 n=0 [none]
1786934506.961 [OBSTACLES] cur_s=12.40 cur_d=0.08 vs=2.71 n=0 [none]
1786934507.220 [STATE_CHANGE] GB_TRACK -> LOSTLINE src=GB_TRACK s=13.31 d=0.29 vs=3.44
1786934507.468 [OBSTACLES] cur_s=14.25 cur_d=0.34 vs=3.55 n=0 [none]
1786934507.603 [STATE_CHANGE] LOSTLINE -> GB_TRACK src=GB_TRACK s=14.60 d=0.27 vs=3.27
1786934508.009 [OBSTACLES] cur_s=15.63 cur_d=0.16 vs=2.31 n=0 [none]
1786934508.422 [STATE_CHANGE] GB_TRACK -> LOSTLINE src=GB_TRACK s=16.96 d=0.32 vs=2.53
1786934508.572 [OBSTACLES] cur_s=17.65 cur_d=0.35 vs=2.97 n=0 [none]
1786934509.065 [STATIC_OT] state=GB_TRACK path_exists=1 path_locked=0 path_ttl_ok=1 path_safe=1 on_spline=1 speed=3.62 raw_wpnts=129 raw_age=0.10s decision=OVERTAKE
1786934509.065 [STATE_CHANGE] LOSTLINE -> OVERTAKE src=OVERTAKE s=18.92 d=0.35 vs=3.62
1786934509.149 [OBSTACLES] cur_s=19.23 cur_d=0.33 vs=3.78 n=1 [id=20 static=1 gap=5.55m d=0.38 size=0.36]
1786934509.656 [STATIC_OT] state=OVERTAKE path_exists=1 path_locked=1 path_ttl_ok=1 path_safe=1 on_spline=1 speed=4.42 raw_wpnts=112 raw_age=0.10s decision=OVERTAKE
1786934509.689 [OBSTACLES] cur_s=22.11 cur_d=0.33 vs=4.32 n=1 [id=20 static=1 gap=2.85m d=0.51 size=0.29]
1786934510.252 [OBSTACLES] cur_s=24.20 cur_d=0.56 vs=3.61 n=1 [id=20 static=1 gap=0.90m d=0.54 size=0.25]
1786934510.773 [OBSTACLES] cur_s=25.57 cur_d=0.21 vs=3.13 n=0 [none]
1786934511.185 [STATIC_OT] state=OVERTAKE path_exists=1 path_locked=1 path_ttl_ok=1 path_safe=1 on_spline=1 speed=3.72 raw_wpnts=98 raw_age=0.33s decision=OVERTAKE
1786934511.335 [OBSTACLES] cur_s=27.27 cur_d=-0.10 vs=3.69 n=1 [id=21 static=1 gap=1.65m d=0.22 size=0.18]
1786934511.628 [STATE_CHANGE] OVERTAKE -> LOSTLINE src=GB_TRACK s=27.95 d=0.25 vs=3.31
1786934511.882 [OBSTACLES] cur_s=28.85 cur_d=0.39 vs=2.71 n=0 [none]
1786934511.997 [STATE_CHANGE] LOSTLINE -> GB_TRACK src=GB_TRACK s=29.12 d=0.25 vs=2.63
1786934512.245 [STATE_CHANGE] GB_TRACK -> LOSTLINE src=GB_TRACK s=29.89 d=-0.29 vs=2.85
1786934512.389 [OBSTACLES] cur_s=30.10 cur_d=-0.37 vs=2.97 n=0 [none]
1786934512.924 [OBSTACLES] cur_s=31.36 cur_d=-0.48 vs=3.40 n=0 [none]
1786934513.282 [STATE_CHANGE] LOSTLINE -> GB_TRACK src=GB_TRACK s=32.58 d=-0.22 vs=3.10
1786934513.432 [OBSTACLES] cur_s=33.02 cur_d=-0.01 vs=3.00 n=0 [none]
1786934513.762 [STATE_CHANGE] GB_TRACK -> LOSTLINE src=GB_TRACK s=34.17 d=0.29 vs=3.11
1786934513.952 [OBSTACLES] cur_s=0.19 cur_d=0.30 vs=3.32 n=0 [none]
1786934513.997 [STATE_CHANGE] LOSTLINE -> GB_TRACK src=GB_TRACK s=0.36 d=0.29 vs=3.45
1786934514.462 [OBSTACLES] cur_s=1.85 cur_d=0.07 vs=4.33 n=0 [none]
1786934514.968 [OBSTACLES] cur_s=4.00 cur_d=0.13 vs=4.94 n=0 [none]
1786934515.521 [OBSTACLES] cur_s=7.16 cur_d=-0.24 vs=4.96 n=0 [none]
1786934516.065 [OBSTACLES] cur_s=9.40 cur_d=0.03 vs=3.67 n=0 [none]
1786934516.610 [OBSTACLES] cur_s=11.03 cur_d=-0.08 vs=2.45 n=0 [none]
1786934517.155 [OBSTACLES] cur_s=12.22 cur_d=0.02 vs=2.65 n=0 [none]
1786934517.571 [STATE_CHANGE] GB_TRACK -> LOSTLINE src=GB_TRACK s=13.73 d=0.30 vs=3.72
1786934517.663 [OBSTACLES] cur_s=14.06 cur_d=0.29 vs=3.74 n=0 [none]
1786934517.718 [STATE_CHANGE] LOSTLINE -> GB_TRACK src=GB_TRACK s=14.23 d=0.29 vs=3.66
1786934518.168 [OBSTACLES] cur_s=15.56 cur_d=0.19 vs=2.60 n=0 [none]
1786934518.846 [OBSTACLES] cur_s=17.26 cur_d=0.29 vs=2.65 n=1 [id=22 static=1 gap=10.14m d=0.07 size=0.27]
1786934518.857 [STATIC_OT] state=GB_TRACK path_exists=0 path_locked=0 path_ttl_ok=0 path_safe=0 on_spline=0 speed=2.65 raw_wpnts=0 raw_age=-s decision=TRAILING reason=NO_STATIC_PATH
1786934518.859 [STATE_CHANGE] GB_TRACK -> TRAILING src=GB_TRACK s=17.26 d=0.29 vs=2.65
1786934519.103 [STATIC_OT] state=TRAILING path_exists=0 path_locked=0 path_ttl_ok=0 path_safe=0 on_spline=0 speed=3.26 raw_wpnts=0 raw_age=-s decision=TRAILING reason=NO_STATIC_PATH
1786934519.315 [STATIC_OT] state=TRAILING path_exists=0 path_locked=0 path_ttl_ok=0 path_safe=0 on_spline=0 speed=4.00 raw_wpnts=0 raw_age=-s decision=TRAILING reason=NO_STATIC_PATH
1786934519.362 [OBSTACLES] cur_s=19.52 cur_d=0.29 vs=3.99 n=1 [id=22 static=1 gap=7.88m d=-0.02 size=0.33]
1786934519.535 [STATIC_OT] state=TRAILING path_exists=0 path_locked=0 path_ttl_ok=0 path_safe=0 on_spline=0 speed=3.78 raw_wpnts=0 raw_age=-s decision=TRAILING reason=NO_STATIC_PATH
1786934519.738 [STATIC_OT] state=TRAILING path_exists=0 path_locked=0 path_ttl_ok=0 path_safe=0 on_spline=0 speed=3.26 raw_wpnts=0 raw_age=-s decision=TRAILING reason=NO_STATIC_PATH
1786934519.889 [OBSTACLES] cur_s=21.16 cur_d=0.12 vs=2.88 n=1 [id=22 static=1 gap=6.25m d=0.00 size=0.28]
1786934519.960 [STATIC_OT] state=TRAILING path_exists=0 path_locked=0 path_ttl_ok=0 path_safe=0 on_spline=0 speed=2.58 raw_wpnts=0 raw_age=-s decision=TRAILING reason=NO_STATIC_PATH
1786934520.074 [STATE_CHANGE] TRAILING -> OVERTAKE src=OVERTAKE s=21.60 d=0.05 vs=2.42
1786934520.417 [OBSTACLES] cur_s=22.23 cur_d=-0.00 vs=1.76 n=1 [id=22 static=1 gap=5.09m d=0.01 size=0.34]
1786934520.930 [OBSTACLES] cur_s=23.27 cur_d=-0.02 vs=3.13 n=1 [id=22 static=1 gap=4.07m d=0.03 size=0.27]
1786934521.448 [OBSTACLES] cur_s=25.29 cur_d=-0.14 vs=2.81 n=1 [id=22 static=1 gap=2.05m d=0.04 size=0.26]
1786934521.965 [OBSTACLES] cur_s=26.81 cur_d=-0.47 vs=2.72 n=1 [id=22 static=1 gap=0.48m d=0.05 size=0.35]
1786934522.492 [OBSTACLES] cur_s=27.50 cur_d=-0.29 vs=2.41 n=0 [none]
1786934522.752 [STATIC_OT] state=OVERTAKE path_exists=1 path_locked=1 path_ttl_ok=1 path_safe=1 on_spline=0 speed=2.32 raw_wpnts=81 raw_age=0.59s decision=OVERTAKE
1786934522.986 [STATIC_OT] state=OVERTAKE path_exists=1 path_locked=1 path_ttl_ok=1 path_safe=1 on_spline=0 speed=1.96 raw_wpnts=81 raw_age=0.57s decision=OVERTAKE
1786934523.156 [OBSTACLES] cur_s=28.88 cur_d=0.92 vs=0.92 n=0 [none]
1786934523.157 [STATE_CHANGE] OVERTAKE -> LOSTLINE src=GB_TRACK s=28.88 d=0.92 vs=0.92
1786934523.696 [OBSTACLES] cur_s=29.27 cur_d=1.63 vs=0.02 n=0 [none]
1786934524.239 [OBSTACLES] cur_s=30.67 cur_d=1.54 vs=0.00 n=0 [none]
1786934524.749 [OBSTACLES] cur_s=30.66 cur_d=0.99 vs=0.00 n=0 [none]
1786934525.259 [OBSTACLES] cur_s=30.65 cur_d=0.99 vs=0.00 n=0 [none]
1786934525.777 [OBSTACLES] cur_s=30.64 cur_d=0.98 vs=-0.07 n=0 [none]
1786934526.288 [OBSTACLES] cur_s=30.02 cur_d=1.03 vs=-0.75 n=0 [none]
1786934526.797 [OBSTACLES] cur_s=29.77 cur_d=0.89 vs=0.00 n=0 [none]
1786934527.327 [OBSTACLES] cur_s=29.71 cur_d=0.86 vs=0.00 n=0 [none]
1786934528.659 [OBSTACLES] cur_s=29.70 cur_d=0.85 vs=0.00 n=0 [none]
1786934529.780 [OBSTACLES] cur_s=29.71 cur_d=0.85 vs=0.00 n=0 [none]
1786934530.150 [STATE_CHANGE] LOSTLINE -> GB_TRACK src=GB_TRACK s=28.22 d=0.27 vs=-1.16
1786934530.224 [STATE_CHANGE] GB_TRACK -> LOSTLINE src=GB_TRACK s=29.70 d=0.85 vs=-1.44
1786934530.296 [OBSTACLES] cur_s=29.05 cur_d=0.74 vs=-1.28 n=0 [none]
1786934530.821 [OBSTACLES] cur_s=27.81 cur_d=0.38 vs=-1.23 n=0 [none]
1786934531.375 [OBSTACLES] cur_s=27.07 cur_d=0.41 vs=-1.24 n=0 [none]
1786934531.936 [OBSTACLES] cur_s=26.13 cur_d=0.55 vs=-1.71 n=0 [none]
1786934532.449 [OBSTACLES] cur_s=25.30 cur_d=0.29 vs=-1.61 n=0 [none]
1786934532.514 [STATE_CHANGE] LOSTLINE -> GB_TRACK src=GB_TRACK s=25.13 d=0.19 vs=-1.69
1786934533.056 [OBSTACLES] cur_s=24.12 cur_d=0.18 vs=-1.84 n=1 [id=27 static=1 gap=2.10m d=0.49 size=0.27]
1786934533.238 [STATE_CHANGE] GB_TRACK -> LOSTLINE src=GB_TRACK s=23.83 d=0.30 vs=-1.85
1786934533.569 [OBSTACLES] cur_s=23.20 cur_d=0.46 vs=-1.59 n=0 [none]
1786934534.125 [OBSTACLES] cur_s=22.81 cur_d=0.54 vs=-1.45 n=0 [none]
1786934534.644 [OBSTACLES] cur_s=22.25 cur_d=0.66 vs=-1.63 n=0 [none]
1786934535.230 [OBSTACLES] cur_s=21.31 cur_d=0.50 vs=-3.03 n=0 [none]
1786934535.731 [OBSTACLES] cur_s=19.86 cur_d=0.31 vs=-2.15 n=0 [none]
1786934536.258 [OBSTACLES] cur_s=19.69 cur_d=0.34 vs=-0.23 n=0 [none]
1786934536.613 [STATIC_OT] state=GB_TRACK path_exists=0 path_locked=0 path_ttl_ok=0 path_safe=0 on_spline=0 speed=0.07 raw_wpnts=0 raw_age=-s decision=TRAILING reason=NO_STATIC_PATH
1786934536.614 [STATE_CHANGE] LOSTLINE -> TRAILING src=GB_TRACK s=19.62 d=0.43 vs=0.07
1786934536.791 [OBSTACLES] cur_s=19.63 cur_d=0.42 vs=-0.02 n=1 [id=30 static=1 gap=8.31m d=-0.03 size=0.28]
1786934536.837 [STATIC_OT] state=TRAILING path_exists=0 path_locked=0 path_ttl_ok=0 path_safe=0 on_spline=0 speed=-0.02 raw_wpnts=0 raw_age=-s decision=TRAILING reason=NO_STATIC_PATH
1786934536.992 [STATE_CHANGE] TRAILING -> LOSTLINE src=GB_TRACK s=19.61 d=0.43 vs=-0.06
1786934537.343 [OBSTACLES] cur_s=19.65 cur_d=0.41 vs=0.14 n=0 [none]
1786934537.745 [STATE_CHANGE] LOSTLINE -> GB_TRACK src=GB_TRACK s=20.00 d=0.27 vs=1.50
1786934537.864 [OBSTACLES] cur_s=20.20 cur_d=0.23 vs=1.40 n=0 [none]
1786934538.374 [OBSTACLES] cur_s=20.55 cur_d=0.28 vs=0.27 n=0 [none]
1786934538.890 [OBSTACLES] cur_s=20.28 cur_d=0.32 vs=-1.11 n=0 [none]
1786934538.891 [STATE_CHANGE] GB_TRACK -> LOSTLINE src=GB_TRACK s=20.28 d=0.32 vs=-1.11
1786934538.971 [STATIC_OT] state=GB_TRACK path_exists=0 path_locked=0 path_ttl_ok=0 path_safe=0 on_spline=0 speed=-1.12 raw_wpnts=0 raw_age=-s decision=TRAILING reason=NO_STATIC_PATH
1786934538.973 [STATE_CHANGE] LOSTLINE -> TRAILING src=GB_TRACK s=20.25 d=0.32 vs=-1.12
1786934539.234 [STATIC_OT] state=TRAILING path_exists=0 path_locked=0 path_ttl_ok=0 path_safe=0 on_spline=0 speed=-1.08 raw_wpnts=0 raw_age=-s decision=TRAILING reason=NO_STATIC_PATH
1786934539.398 [OBSTACLES] cur_s=19.86 cur_d=0.37 vs=-1.21 n=1 [id=33 static=1 gap=7.69m d=-0.34 size=0.37]
1786934539.471 [STATIC_OT] state=TRAILING path_exists=0 path_locked=0 path_ttl_ok=0 path_safe=0 on_spline=0 speed=-1.28 raw_wpnts=0 raw_age=-s decision=TRAILING reason=NO_STATIC_PATH
1786934539.678 [STATIC_OT] state=TRAILING path_exists=0 path_locked=0 path_ttl_ok=0 path_safe=0 on_spline=0 speed=-1.32 raw_wpnts=0 raw_age=-s decision=TRAILING reason=NO_STATIC_PATH
1786934539.917 [OBSTACLES] cur_s=19.27 cur_d=0.40 vs=-1.36 n=1 [id=33 static=1 gap=8.31m d=-0.41 size=0.41]
1786934539.925 [STATIC_OT] state=TRAILING path_exists=0 path_locked=0 path_ttl_ok=0 path_safe=0 on_spline=0 speed=-1.36 raw_wpnts=0 raw_age=-s decision=TRAILING reason=NO_STATIC_PATH
1786934540.159 [STATIC_OT] state=TRAILING path_exists=0 path_locked=0 path_ttl_ok=0 path_safe=0 on_spline=0 speed=-1.38 raw_wpnts=0 raw_age=-s decision=TRAILING reason=NO_STATIC_PATH
1786934540.365 [STATIC_OT] state=TRAILING path_exists=0 path_locked=0 path_ttl_ok=0 path_safe=0 on_spline=0 speed=-1.37 raw_wpnts=0 raw_age=-s decision=TRAILING reason=NO_STATIC_PATH
1786934540.424 [OBSTACLES] cur_s=18.94 cur_d=0.43 vs=-1.37 n=1 [id=33 static=1 gap=8.65m d=-0.42 size=0.41]
1786934540.571 [STATIC_OT] state=TRAILING path_exists=0 path_locked=0 path_ttl_ok=0 path_safe=0 on_spline=0 speed=-1.37 raw_wpnts=0 raw_age=-s decision=TRAILING reason=NO_STATIC_PATH
1786934540.776 [STATIC_OT] state=TRAILING path_exists=0 path_locked=0 path_ttl_ok=0 path_safe=0 on_spline=0 speed=-1.12 raw_wpnts=0 raw_age=-s decision=TRAILING reason=NO_STATIC_PATH
1786934540.846 [STATE_CHANGE] TRAILING -> LOSTLINE src=GB_TRACK s=18.40 d=0.38 vs=-1.11
1786934540.939 [OBSTACLES] cur_s=18.34 cur_d=0.38 vs=-1.08 n=0 [none]
1786934541.448 [OBSTACLES] cur_s=17.85 cur_d=0.29 vs=-0.92 n=0 [none]
1786934541.497 [STATE_CHANGE] LOSTLINE -> GB_TRACK src=GB_TRACK s=17.78 d=0.27 vs=-1.05
1786934541.962 [OBSTACLES] cur_s=17.37 cur_d=0.12 vs=-0.61 n=0 [none]
1786934542.469 [OBSTACLES] cur_s=17.28 cur_d=0.08 vs=0.00 n=0 [none]
1786934542.974 [OBSTACLES] cur_s=17.28 cur_d=0.09 vs=0.00 n=0 [none]
1786934543.483 [OBSTACLES] cur_s=17.28 cur_d=0.08 vs=0.00 n=0 [none]
1786934543.997 [OBSTACLES] cur_s=17.28 cur_d=0.08 vs=0.00 n=0 [none]
1786934544.505 [OBSTACLES] cur_s=17.28 cur_d=0.08 vs=0.00 n=0 [none]
1786934545.015 [OBSTACLES] cur_s=17.28 cur_d=0.08 vs=0.00 n=0 [none]
1786934545.628 [OBSTACLES] cur_s=17.28 cur_d=0.08 vs=0.00 n=0 [none]
1786934546.164 [OBSTACLES] cur_s=17.28 cur_d=0.08 vs=0.00 n=0 [none]
1786934546.674 [OBSTACLES] cur_s=17.28 cur_d=0.08 vs=0.00 n=0 [none]
1786934547.206 [OBSTACLES] cur_s=17.28 cur_d=0.08 vs=0.00 n=0 [none]
1786934547.711 [OBSTACLES] cur_s=17.28 cur_d=0.08 vs=0.00 n=0 [none]
1786934548.215 [OBSTACLES] cur_s=17.29 cur_d=0.08 vs=0.00 n=0 [none]
1786934548.749 [OBSTACLES] cur_s=17.28 cur_d=0.08 vs=0.00 n=0 [none]
