# static_avoidance_node debug log started 20260815_162856
1786778940.349 [STATIC_AVOID] obs_id=- obs_dist=-m obs_s=- ego_s=17.02 side=- | left_clearance=- right_clearance=- candidate_valid=false rung=- | cache_used=false path_age=- path_points=0 planning_time_ms=0.2 | reason=no_static_obstacle_in_range | cache_reason=no_cache
1786778940.878 [STATIC_AVOID] obs_id=1 obs_dist=2.78m obs_s=19.79 ego_s=17.00 side=- | left_clearance=0.41 right_clearance=-0.14 candidate_valid=false rung=- | cache_used=false path_age=- path_points=0 planning_time_ms=27.0 | reason=obstacle_clearance | cache_reason=no_cache
1786778941.445 [STATIC_AVOID] obs_id=1 obs_dist=2.78m obs_s=19.79 ego_s=17.01 side=- | left_clearance=0.41 right_clearance=-0.14 candidate_valid=false rung=- | cache_used=false path_age=- path_points=0 planning_time_ms=31.4 | reason=obstacle_clearance | cache_reason=no_cache
1786778941.959 [STATIC_AVOID] obs_id=1 obs_dist=2.78m obs_s=19.79 ego_s=17.01 side=- | left_clearance=0.42 right_clearance=-0.14 candidate_valid=false rung=- | cache_used=false path_age=- path_points=0 planning_time_ms=5.6 | reason=obstacle_clearance | cache_reason=no_cache
1786778942.512 [STATIC_AVOID] obs_id=1 obs_dist=2.69m obs_s=19.79 ego_s=17.10 side=LEFT | left_clearance=0.41 right_clearance=-0.14 candidate_valid=true rung=2 | cache_used=false path_age=0.000 path_points=88 planning_time_ms=23.8
1786778943.025 [STATIC_AVOID] obs_id=1 obs_dist=2.62m obs_s=19.79 ego_s=17.16 side=LEFT | left_clearance=0.41 right_clearance=-0.14 candidate_valid=true rung=0 | cache_used=false path_age=0.000 path_points=82 planning_time_ms=17.4
1786778943.557 [STATIC_AVOID] obs_id=1 obs_dist=3.12m obs_s=19.78 ego_s=16.66 side=LEFT | left_clearance=0.41 right_clearance=-0.14 candidate_valid=true rung=0 | cache_used=false path_age=0.000 path_points=87 planning_time_ms=3.2
1786778944.101 [STATIC_AVOID] obs_id=2 obs_dist=1.19m obs_s=18.86 ego_s=17.68 side=LEFT | left_clearance=0.28 right_clearance=-0.17 candidate_valid=true rung=0 | cache_used=false path_age=0.000 path_points=76 planning_time_ms=3.0
1786778944.622 [STATIC_AVOID] obs_id=2 obs_dist=-0.71m obs_s=18.89 ego_s=19.60 side=LEFT | left_clearance=0.37 right_clearance=-0.14 candidate_valid=true rung=0 | cache_used=false path_age=0.000 path_points=76 planning_time_ms=14.2
1786778945.151 [STATIC_AVOID] obs_id=- obs_dist=-m obs_s=- ego_s=22.00 side=- | left_clearance=- right_clearance=- candidate_valid=false rung=- | cache_used=false path_age=- path_points=0 planning_time_ms=0.1 | reason=no_static_obstacle_in_range | cache_reason=no_cache
1786778945.673 [STATIC_AVOID] obs_id=- obs_dist=-m obs_s=- ego_s=0.96 side=- | left_clearance=- right_clearance=- candidate_valid=false rung=- | cache_used=false path_age=- path_points=0 planning_time_ms=0.1 | reason=no_static_obstacle_in_range | cache_reason=no_cache
1786778946.202 [STATIC_AVOID] obs_id=- obs_dist=-m obs_s=- ego_s=2.67 side=- | left_clearance=- right_clearance=- candidate_valid=false rung=- | cache_used=false path_age=- path_points=0 planning_time_ms=3.6 | reason=no_static_obstacle_in_range | cache_reason=no_cache
1786778946.758 [STATIC_AVOID] obs_id=- obs_dist=-m obs_s=- ego_s=4.29 side=- | left_clearance=- right_clearance=- candidate_valid=false rung=- | cache_used=false path_age=- path_points=0 planning_time_ms=0.1 | reason=no_static_obstacle_in_range | cache_reason=no_cache
1786778947.265 [STATIC_AVOID] obs_id=- obs_dist=-m obs_s=- ego_s=5.13 side=- | left_clearance=- right_clearance=- candidate_valid=false rung=- | cache_used=false path_age=- path_points=0 planning_time_ms=0.1 | reason=no_static_obstacle_in_range | cache_reason=no_cache
1786778947.777 [STATIC_AVOID] obs_id=7 obs_dist=1.69m obs_s=8.16 ego_s=6.47 side=RIGHT | left_clearance=-0.23 right_clearance=0.43 candidate_valid=true rung=0 | cache_used=false path_age=0.000 path_points=83 planning_time_ms=7.3
1786778948.324 [STATIC_AVOID] obs_id=8 obs_dist=3.18m obs_s=11.11 ego_s=7.94 side=RIGHT | left_clearance=0.36 right_clearance=-0.29 candidate_valid=false rung=- | cache_used=false path_age=- path_points=0 planning_time_ms=23.3 | reason=left_side_occupied | cache_reason=no_cache
1786778948.855 [STATIC_AVOID] obs_id=- obs_dist=-m obs_s=- ego_s=9.75 side=- | left_clearance=- right_clearance=- candidate_valid=false rung=- | cache_used=false path_age=- path_points=0 planning_time_ms=0.1 | reason=no_static_obstacle_in_range | cache_reason=no_cache
1786778949.394 [STATIC_AVOID] obs_id=- obs_dist=-m obs_s=- ego_s=11.31 side=- | left_clearance=- right_clearance=- candidate_valid=false rung=- | cache_used=false path_age=- path_points=0 planning_time_ms=0.1 | reason=no_static_obstacle_in_range | cache_reason=no_cache
1786778949.900 [STATIC_AVOID] obs_id=- obs_dist=-m obs_s=- ego_s=12.62 side=- | left_clearance=- right_clearance=- candidate_valid=false rung=- | cache_used=false path_age=- path_points=0 planning_time_ms=0.1 | reason=no_static_obstacle_in_range | cache_reason=no_cache
1786778950.463 [STATIC_AVOID] obs_id=- obs_dist=-m obs_s=- ego_s=14.20 side=- | left_clearance=- right_clearance=- candidate_valid=false rung=- | cache_used=false path_age=- path_points=0 planning_time_ms=0.1 | reason=no_static_obstacle_in_range | cache_reason=no_cache
1786778950.999 [STATIC_AVOID] obs_id=- obs_dist=-m obs_s=- ego_s=15.88 side=- | left_clearance=- right_clearance=- candidate_valid=false rung=- | cache_used=false path_age=- path_points=0 planning_time_ms=0.1 | reason=no_static_obstacle_in_range | cache_reason=no_cache
1786778951.503 [STATIC_AVOID] obs_id=15 obs_dist=2.73m obs_s=19.63 ego_s=16.91 side=LEFT | left_clearance=0.42 right_clearance=-0.10 candidate_valid=true rung=0 | cache_used=false path_age=0.000 path_points=87 planning_time_ms=26.9
1786778952.037 [STATIC_AVOID] obs_id=14 obs_dist=1.88m obs_s=19.74 ego_s=17.86 side=LEFT | left_clearance=0.32 right_clearance=-0.09 candidate_valid=true rung=0 | cache_used=false path_age=0.000 path_points=84 planning_time_ms=21.3
1786778952.551 [STATIC_AVOID] obs_id=- obs_dist=-m obs_s=- ego_s=19.76 side=- | left_clearance=- right_clearance=- candidate_valid=false rung=- | cache_used=false path_age=- path_points=0 planning_time_ms=0.1 | reason=no_static_obstacle_in_range | cache_reason=no_cache
1786778953.056 [STATIC_AVOID] obs_id=- obs_dist=-m obs_s=- ego_s=21.88 side=- | left_clearance=- right_clearance=- candidate_valid=false rung=- | cache_used=false path_age=- path_points=0 planning_time_ms=0.1 | reason=no_static_obstacle_in_range | cache_reason=no_cache
1786778953.606 [STATIC_AVOID] obs_id=- obs_dist=-m obs_s=- ego_s=0.90 side=- | left_clearance=- right_clearance=- candidate_valid=false rung=- | cache_used=false path_age=- path_points=0 planning_time_ms=0.1 | reason=no_static_obstacle_in_range | cache_reason=no_cache
1786778954.149 [STATIC_AVOID] obs_id=- obs_dist=-m obs_s=- ego_s=2.38 side=- | left_clearance=- right_clearance=- candidate_valid=false rung=- | cache_used=false path_age=- path_points=0 planning_time_ms=0.1 | reason=no_static_obstacle_in_range | cache_reason=no_cache
1786778954.650 [STATIC_AVOID] obs_id=- obs_dist=-m obs_s=- ego_s=3.45 side=- | left_clearance=- right_clearance=- candidate_valid=false rung=- | cache_used=false path_age=- path_points=0 planning_time_ms=0.1 | reason=no_static_obstacle_in_range | cache_reason=no_cache
1786778955.172 [STATIC_AVOID] obs_id=18 obs_dist=3.26m obs_s=8.29 ego_s=5.04 side=RIGHT | left_clearance=-0.18 right_clearance=0.48 candidate_valid=true rung=0 | cache_used=false path_age=0.000 path_points=93 planning_time_ms=9.2
1786778955.737 [STATIC_AVOID] obs_id=18 obs_dist=1.77m obs_s=8.14 ego_s=6.37 side=RIGHT | left_clearance=-0.20 right_clearance=0.46 candidate_valid=true rung=0 | cache_used=false path_age=0.000 path_points=78 planning_time_ms=8.0
1786778956.248 [STATIC_AVOID] obs_id=18 obs_dist=0.88m obs_s=8.11 ego_s=7.23 side=RIGHT | left_clearance=-0.17 right_clearance=0.48 candidate_valid=true rung=0 | cache_used=false path_age=0.000 path_points=76 planning_time_ms=3.2
1786778956.807 [STATIC_AVOID] obs_id=- obs_dist=-m obs_s=- ego_s=7.60 side=- | left_clearance=- right_clearance=- candidate_valid=false rung=- | cache_used=false path_age=- path_points=0 planning_time_ms=0.1 | reason=no_static_obstacle_in_range | cache_reason=no_cache
1786778957.350 [STATIC_AVOID] obs_id=- obs_dist=-m obs_s=- ego_s=8.06 side=- | left_clearance=- right_clearance=- candidate_valid=false rung=- | cache_used=false path_age=- path_points=0 planning_time_ms=0.2 | reason=no_static_obstacle_in_range | cache_reason=no_cache
1786778957.856 [STATIC_AVOID] obs_id=- obs_dist=-m obs_s=- ego_s=9.11 side=- | left_clearance=- right_clearance=- candidate_valid=false rung=- | cache_used=false path_age=- path_points=0 planning_time_ms=0.1 | reason=no_static_obstacle_in_range | cache_reason=no_cache
1786778958.394 [STATIC_AVOID] obs_id=- obs_dist=-m obs_s=- ego_s=11.44 side=- | left_clearance=- right_clearance=- candidate_valid=false rung=- | cache_used=false path_age=- path_points=0 planning_time_ms=0.1 | reason=no_static_obstacle_in_range | cache_reason=no_cache
1786778958.905 [STATIC_AVOID] obs_id=- obs_dist=-m obs_s=- ego_s=12.96 side=- | left_clearance=- right_clearance=- candidate_valid=false rung=- | cache_used=false path_age=- path_points=0 planning_time_ms=3.0 | reason=no_static_obstacle_in_range | cache_reason=no_cache
1786778959.451 [STATIC_AVOID] obs_id=- obs_dist=-m obs_s=- ego_s=14.83 side=- | left_clearance=- right_clearance=- candidate_valid=false rung=- | cache_used=false path_age=- path_points=0 planning_time_ms=0.1 | reason=no_static_obstacle_in_range | cache_reason=no_cache
1786778959.994 [STATIC_AVOID] obs_id=21 obs_dist=3.89m obs_s=20.09 ego_s=16.20 side=LEFT | left_clearance=0.32 right_clearance=-0.04 candidate_valid=true rung=0 | cache_used=false path_age=0.000 path_points=97 planning_time_ms=7.0
1786778960.497 [STATIC_AVOID] obs_id=21 obs_dist=2.74m obs_s=20.05 ego_s=17.31 side=LEFT | left_clearance=0.39 right_clearance=-0.04 candidate_valid=true rung=0 | cache_used=false path_age=0.000 path_points=83 planning_time_ms=9.1
1786778961.033 [STATIC_AVOID] obs_id=22 obs_dist=2.04m obs_s=20.10 ego_s=18.06 side=LEFT | left_clearance=0.38 right_clearance=-0.13 candidate_valid=true rung=0 | cache_used=false path_age=0.000 path_points=81 planning_time_ms=5.9
1786778961.545 [STATIC_AVOID] obs_id=22 obs_dist=0.92m obs_s=20.01 ego_s=19.09 side=LEFT | left_clearance=0.33 right_clearance=-0.08 candidate_valid=true rung=0 | cache_used=false path_age=0.000 path_points=77 planning_time_ms=15.6
1786778962.053 [STATIC_AVOID] obs_id=- obs_dist=-m obs_s=- ego_s=21.74 side=- | left_clearance=- right_clearance=- candidate_valid=false rung=- | cache_used=false path_age=- path_points=0 planning_time_ms=0.1 | reason=no_static_obstacle_in_range | cache_reason=no_cache
1786778962.602 [STATIC_AVOID] obs_id=- obs_dist=-m obs_s=- ego_s=0.57 side=- | left_clearance=- right_clearance=- candidate_valid=false rung=- | cache_used=false path_age=- path_points=0 planning_time_ms=0.1 | reason=no_static_obstacle_in_range | cache_reason=no_cache
1786778963.105 [STATIC_AVOID] obs_id=- obs_dist=-m obs_s=- ego_s=2.09 side=- | left_clearance=- right_clearance=- candidate_valid=false rung=- | cache_used=false path_age=- path_points=0 planning_time_ms=0.1 | reason=no_static_obstacle_in_range | cache_reason=no_cache
1786778963.644 [STATIC_AVOID] obs_id=- obs_dist=-m obs_s=- ego_s=3.39 side=- | left_clearance=- right_clearance=- candidate_valid=false rung=- | cache_used=false path_age=- path_points=0 planning_time_ms=0.2 | reason=no_static_obstacle_in_range | cache_reason=no_cache
1786778964.147 [STATIC_AVOID] obs_id=- obs_dist=-m obs_s=- ego_s=4.48 side=- | left_clearance=- right_clearance=- candidate_valid=false rung=- | cache_used=false path_age=- path_points=0 planning_time_ms=0.2 | reason=no_static_obstacle_in_range | cache_reason=no_cache
1786778964.694 [STATIC_AVOID] obs_id=24 obs_dist=2.89m obs_s=8.20 ego_s=5.31 side=RIGHT | left_clearance=-0.11 right_clearance=0.29 candidate_valid=true rung=0 | cache_used=false path_age=0.000 path_points=89 planning_time_ms=8.9
1786778965.245 [STATIC_AVOID] obs_id=24 obs_dist=1.22m obs_s=8.14 ego_s=6.92 side=RIGHT | left_clearance=-0.10 right_clearance=0.36 candidate_valid=true rung=0 | cache_used=false path_age=0.000 path_points=76 planning_time_ms=17.0
1786778965.759 [STATIC_AVOID] obs_id=27 obs_dist=0.69m obs_s=8.08 ego_s=7.39 side=RIGHT | left_clearance=-0.16 right_clearance=0.44 candidate_valid=true rung=0 | cache_used=false path_age=0.000 path_points=76 planning_time_ms=8.1
1786778966.300 [STATIC_AVOID] obs_id=27 obs_dist=0.56m obs_s=8.09 ego_s=7.53 side=RIGHT | left_clearance=-0.20 right_clearance=0.44 candidate_valid=true rung=0 | cache_used=false path_age=0.000 path_points=76 planning_time_ms=19.4
1786778966.804 [STATIC_AVOID] obs_id=- obs_dist=-m obs_s=- ego_s=8.68 side=- | left_clearance=- right_clearance=- candidate_valid=false rung=- | cache_used=false path_age=- path_points=0 planning_time_ms=0.1 | reason=no_static_obstacle_in_range | cache_reason=no_cache
1786778967.355 [STATIC_AVOID] obs_id=- obs_dist=-m obs_s=- ego_s=10.98 side=- | left_clearance=- right_clearance=- candidate_valid=false rung=- | cache_used=false path_age=- path_points=0 planning_time_ms=0.1 | reason=no_static_obstacle_in_range | cache_reason=no_cache
1786778967.910 [STATIC_AVOID] obs_id=- obs_dist=-m obs_s=- ego_s=12.50 side=- | left_clearance=- right_clearance=- candidate_valid=false rung=- | cache_used=false path_age=- path_points=0 planning_time_ms=2.3 | reason=no_static_obstacle_in_range | cache_reason=no_cache
1786778968.452 [STATIC_AVOID] obs_id=- obs_dist=-m obs_s=- ego_s=13.95 side=- | left_clearance=- right_clearance=- candidate_valid=false rung=- | cache_used=false path_age=- path_points=0 planning_time_ms=0.1 | reason=no_static_obstacle_in_range | cache_reason=no_cache
1786778969.016 [STATIC_AVOID] obs_id=30 obs_dist=4.70m obs_s=20.15 ego_s=15.45 side=LEFT | left_clearance=0.33 right_clearance=-0.07 candidate_valid=true rung=0 | cache_used=false path_age=0.000 path_points=105 planning_time_ms=13.3
1786778969.634 [STATIC_AVOID] obs_id=30 obs_dist=3.80m obs_s=20.11 ego_s=16.31 side=LEFT | left_clearance=0.39 right_clearance=-0.07 candidate_valid=false rung=- | cache_used=false path_age=- path_points=0 planning_time_ms=9.6 | reason=map_occupied | cache_reason=cache_expired
1786778970.148 [STATIC_AVOID] obs_id=30 obs_dist=2.53m obs_s=20.02 ego_s=17.49 side=LEFT | left_clearance=0.27 right_clearance=-0.08 candidate_valid=true rung=0 | cache_used=false path_age=0.000 path_points=87 planning_time_ms=3.9
1786778970.665 [STATIC_AVOID] obs_id=- obs_dist=-m obs_s=- ego_s=19.03 side=- | left_clearance=- right_clearance=- candidate_valid=false rung=- | cache_used=false path_age=- path_points=0 planning_time_ms=0.1 | reason=no_static_obstacle_in_range | cache_reason=no_cache
1786778971.197 [STATIC_AVOID] obs_id=- obs_dist=-m obs_s=- ego_s=20.78 side=- | left_clearance=- right_clearance=- candidate_valid=false rung=- | cache_used=false path_age=- path_points=0 planning_time_ms=0.1 | reason=no_static_obstacle_in_range | cache_reason=no_cache
1786778971.743 [STATIC_AVOID] obs_id=- obs_dist=-m obs_s=- ego_s=22.38 side=- | left_clearance=- right_clearance=- candidate_valid=false rung=- | cache_used=false path_age=- path_points=0 planning_time_ms=0.1 | reason=no_static_obstacle_in_range | cache_reason=no_cache
1786778972.258 [STATIC_AVOID] obs_id=- obs_dist=-m obs_s=- ego_s=1.46 side=- | left_clearance=- right_clearance=- candidate_valid=false rung=- | cache_used=false path_age=- path_points=0 planning_time_ms=0.1 | reason=no_static_obstacle_in_range | cache_reason=no_cache
1786778972.784 [STATIC_AVOID] obs_id=- obs_dist=-m obs_s=- ego_s=2.65 side=- | left_clearance=- right_clearance=- candidate_valid=false rung=- | cache_used=false path_age=- path_points=0 planning_time_ms=0.1 | reason=no_static_obstacle_in_range | cache_reason=no_cache
1786778973.303 [STATIC_AVOID] obs_id=- obs_dist=-m obs_s=- ego_s=4.28 side=- | left_clearance=- right_clearance=- candidate_valid=false rung=- | cache_used=false path_age=- path_points=0 planning_time_ms=1.9 | reason=no_static_obstacle_in_range | cache_reason=no_cache
1786778973.852 [STATIC_AVOID] obs_id=- obs_dist=-m obs_s=- ego_s=5.39 side=- | left_clearance=- right_clearance=- candidate_valid=false rung=- | cache_used=false path_age=- path_points=0 planning_time_ms=0.2 | reason=no_static_obstacle_in_range | cache_reason=no_cache
1786778974.405 [STATIC_AVOID] obs_id=34 obs_dist=1.54m obs_s=8.04 ego_s=6.50 side=RIGHT | left_clearance=-0.30 right_clearance=0.42 candidate_valid=false rung=- | cache_used=true path_age=0.107 path_points=82 planning_time_ms=19.6 | reason=obstacle_clearance
1786778974.916 [STATIC_AVOID] obs_id=33 obs_dist=3.15m obs_s=11.06 ego_s=7.91 side=LEFT | left_clearance=0.30 right_clearance=-0.35 candidate_valid=true rung=0 | cache_used=false path_age=0.000 path_points=89 planning_time_ms=9.0
1786778975.450 [STATIC_AVOID] obs_id=- obs_dist=-m obs_s=- ego_s=8.86 side=- | left_clearance=- right_clearance=- candidate_valid=false rung=- | cache_used=false path_age=- path_points=0 planning_time_ms=0.4 | reason=no_static_obstacle_in_range | cache_reason=no_cache
1786778975.962 [STATIC_AVOID] obs_id=- obs_dist=-m obs_s=- ego_s=9.41 side=- | left_clearance=- right_clearance=- candidate_valid=false rung=- | cache_used=false path_age=- path_points=0 planning_time_ms=0.1 | reason=no_static_obstacle_in_range | cache_reason=no_cache
1786778976.501 [STATIC_AVOID] obs_id=- obs_dist=-m obs_s=- ego_s=11.19 side=- | left_clearance=- right_clearance=- candidate_valid=false rung=- | cache_used=false path_age=- path_points=0 planning_time_ms=0.2 | reason=no_static_obstacle_in_range | cache_reason=no_cache
1786778977.060 [STATIC_AVOID] obs_id=- obs_dist=-m obs_s=- ego_s=12.96 side=- | left_clearance=- right_clearance=- candidate_valid=false rung=- | cache_used=false path_age=- path_points=0 planning_time_ms=0.1 | reason=no_static_obstacle_in_range | cache_reason=no_cache
1786778977.598 [STATIC_AVOID] obs_id=- obs_dist=-m obs_s=- ego_s=14.77 side=- | left_clearance=- right_clearance=- candidate_valid=false rung=- | cache_used=false path_age=- path_points=0 planning_time_ms=0.2 | reason=no_static_obstacle_in_range | cache_reason=no_cache
1786778978.149 [STATIC_AVOID] obs_id=- obs_dist=-m obs_s=- ego_s=16.19 side=- | left_clearance=- right_clearance=- candidate_valid=false rung=- | cache_used=false path_age=- path_points=0 planning_time_ms=0.1 | reason=no_static_obstacle_in_range | cache_reason=no_cache
1786778978.666 [STATIC_AVOID] obs_id=37 obs_dist=2.11m obs_s=19.93 ego_s=17.82 side=RIGHT | left_clearance=-0.17 right_clearance=0.28 candidate_valid=false rung=- | cache_used=false path_age=- path_points=0 planning_time_ms=17.0 | reason=obstacle_clearance | cache_reason=no_cache
1786778979.207 [STATIC_AVOID] obs_id=37 obs_dist=0.80m obs_s=20.01 ego_s=19.21 side=RIGHT | left_clearance=-0.11 right_clearance=0.34 candidate_valid=false rung=- | cache_used=true path_age=0.062 path_points=76 planning_time_ms=13.1 | reason=obstacle_clearance
1786778979.718 [STATIC_AVOID] obs_id=37 obs_dist=-0.49m obs_s=20.02 ego_s=20.51 side=RIGHT | left_clearance=-0.25 right_clearance=0.35 candidate_valid=true rung=0 | cache_used=false path_age=0.000 path_points=76 planning_time_ms=7.5
1786778980.243 [STATIC_AVOID] obs_id=- obs_dist=-m obs_s=- ego_s=22.36 side=- | left_clearance=- right_clearance=- candidate_valid=false rung=- | cache_used=false path_age=- path_points=0 planning_time_ms=0.1 | reason=no_static_obstacle_in_range | cache_reason=no_cache
1786778980.747 [STATIC_AVOID] obs_id=- obs_dist=-m obs_s=- ego_s=1.31 side=- | left_clearance=- right_clearance=- candidate_valid=false rung=- | cache_used=false path_age=- path_points=0 planning_time_ms=1.1 | reason=no_static_obstacle_in_range | cache_reason=no_cache
1786778981.302 [STATIC_AVOID] obs_id=- obs_dist=-m obs_s=- ego_s=2.54 side=- | left_clearance=- right_clearance=- candidate_valid=false rung=- | cache_used=false path_age=- path_points=0 planning_time_ms=0.2 | reason=no_static_obstacle_in_range | cache_reason=no_cache
1786778981.844 [STATIC_AVOID] obs_id=- obs_dist=-m obs_s=- ego_s=4.32 side=- | left_clearance=- right_clearance=- candidate_valid=false rung=- | cache_used=false path_age=- path_points=0 planning_time_ms=0.1 | reason=no_static_obstacle_in_range | cache_reason=no_cache
1786778982.393 [STATIC_AVOID] obs_id=39 obs_dist=3.07m obs_s=8.20 ego_s=5.13 side=- | left_clearance=-0.08 right_clearance=0.20 candidate_valid=false rung=- | cache_used=false path_age=- path_points=0 planning_time_ms=5.7 | reason=obstacle_clearance | cache_reason=no_cache
1786778983.001 [STATIC_AVOID] obs_id=39 obs_dist=1.74m obs_s=8.08 ego_s=6.34 side=RIGHT | left_clearance=-0.15 right_clearance=0.20 candidate_valid=false rung=- | cache_used=true path_age=0.120 path_points=83 planning_time_ms=4.2 | reason=obstacle_clearance
1786778983.603 [STATIC_AVOID] obs_id=39 obs_dist=-0.03m obs_s=8.03 ego_s=8.06 side=RIGHT | left_clearance=-0.11 right_clearance=0.25 candidate_valid=true rung=0 | cache_used=false path_age=0.000 path_points=76 planning_time_ms=19.7
1786778984.105 [STATIC_AVOID] obs_id=- obs_dist=-m obs_s=- ego_s=9.27 side=- | left_clearance=- right_clearance=- candidate_valid=false rung=- | cache_used=false path_age=- path_points=0 planning_time_ms=0.1 | reason=no_static_obstacle_in_range | cache_reason=no_cache
1786778984.643 [STATIC_AVOID] obs_id=- obs_dist=-m obs_s=- ego_s=10.07 side=- | left_clearance=- right_clearance=- candidate_valid=false rung=- | cache_used=false path_age=- path_points=0 planning_time_ms=0.1 | reason=no_static_obstacle_in_range | cache_reason=no_cache
1786778985.162 [STATIC_AVOID] obs_id=- obs_dist=-m obs_s=- ego_s=11.70 side=- | left_clearance=- right_clearance=- candidate_valid=false rung=- | cache_used=false path_age=- path_points=0 planning_time_ms=0.2 | reason=no_static_obstacle_in_range | cache_reason=no_cache
1786778985.672 [STATIC_AVOID] obs_id=- obs_dist=-m obs_s=- ego_s=13.20 side=- | left_clearance=- right_clearance=- candidate_valid=false rung=- | cache_used=false path_age=- path_points=0 planning_time_ms=0.1 | reason=no_static_obstacle_in_range | cache_reason=no_cache
1786778986.203 [STATIC_AVOID] obs_id=- obs_dist=-m obs_s=- ego_s=15.18 side=- | left_clearance=- right_clearance=- candidate_valid=false rung=- | cache_used=false path_age=- path_points=0 planning_time_ms=0.1 | reason=no_static_obstacle_in_range | cache_reason=no_cache
1786778986.726 [STATIC_AVOID] obs_id=45 obs_dist=3.68m obs_s=20.00 ego_s=16.32 side=RIGHT | left_clearance=-0.14 right_clearance=0.36 candidate_valid=true rung=0 | cache_used=false path_age=0.000 path_points=97 planning_time_ms=15.7
1786778987.248 [STATIC_AVOID] obs_id=45 obs_dist=1.91m obs_s=20.04 ego_s=18.13 side=RIGHT | left_clearance=-0.23 right_clearance=0.38 candidate_valid=false rung=- | cache_used=true path_age=0.053 path_points=89 planning_time_ms=3.5 | reason=obstacle_clearance
1786778987.760 [STATIC_AVOID] obs_id=45 obs_dist=0.46m obs_s=20.06 ego_s=19.60 side=RIGHT | left_clearance=-0.26 right_clearance=0.38 candidate_valid=true rung=0 | cache_used=false path_age=0.000 path_points=76 planning_time_ms=10.7
1786778988.300 [STATIC_AVOID] obs_id=- obs_dist=-m obs_s=- ego_s=21.42 side=- | left_clearance=- right_clearance=- candidate_valid=false rung=- | cache_used=false path_age=- path_points=0 planning_time_ms=3.0 | reason=no_static_obstacle_in_range | cache_reason=no_cache
1786778988.800 [STATIC_AVOID] obs_id=- obs_dist=-m obs_s=- ego_s=0.60 side=- | left_clearance=- right_clearance=- candidate_valid=false rung=- | cache_used=false path_age=- path_points=0 planning_time_ms=0.1 | reason=no_static_obstacle_in_range | cache_reason=no_cache
1786778989.346 [STATIC_AVOID] obs_id=- obs_dist=-m obs_s=- ego_s=2.16 side=- | left_clearance=- right_clearance=- candidate_valid=false rung=- | cache_used=false path_age=- path_points=0 planning_time_ms=0.1 | reason=no_static_obstacle_in_range | cache_reason=no_cache
1786778989.847 [STATIC_AVOID] obs_id=- obs_dist=-m obs_s=- ego_s=3.83 side=- | left_clearance=- right_clearance=- candidate_valid=false rung=- | cache_used=false path_age=- path_points=0 planning_time_ms=0.1 | reason=no_static_obstacle_in_range | cache_reason=no_cache
1786778990.394 [STATIC_AVOID] obs_id=- obs_dist=-m obs_s=- ego_s=5.08 side=- | left_clearance=- right_clearance=- candidate_valid=false rung=- | cache_used=false path_age=- path_points=0 planning_time_ms=0.1 | reason=no_static_obstacle_in_range | cache_reason=no_cache
1786778990.915 [STATIC_AVOID] obs_id=46 obs_dist=2.23m obs_s=8.06 ego_s=5.83 side=RIGHT | left_clearance=-0.10 right_clearance=0.18 candidate_valid=false rung=- | cache_used=false path_age=- path_points=0 planning_time_ms=20.9 | reason=obstacle_clearance | cache_reason=cache_expired
1786778991.448 [STATIC_AVOID] obs_id=46 obs_dist=0.52m obs_s=8.00 ego_s=7.48 side=RIGHT | left_clearance=-0.02 right_clearance=0.22 candidate_valid=true rung=0 | cache_used=false path_age=0.000 path_points=76 planning_time_ms=26.4
1786778991.982 [STATIC_AVOID] obs_id=46 obs_dist=-0.38m obs_s=7.97 ego_s=8.35 side=RIGHT | left_clearance=-0.13 right_clearance=0.20 candidate_valid=true rung=0 | cache_used=false path_age=0.000 path_points=76 planning_time_ms=21.0
1786778992.484 [STATIC_AVOID] obs_id=48 obs_dist=1.81m obs_s=10.96 ego_s=9.15 side=LEFT | left_clearance=0.32 right_clearance=-0.18 candidate_valid=true rung=0 | cache_used=false path_age=0.000 path_points=76 planning_time_ms=12.9
1786778992.994 [STATIC_AVOID] obs_id=- obs_dist=-m obs_s=- ego_s=9.42 side=- | left_clearance=- right_clearance=- candidate_valid=false rung=- | cache_used=false path_age=- path_points=0 planning_time_ms=0.1 | reason=no_static_obstacle_in_range | cache_reason=no_cache
1786778993.500 [STATIC_AVOID] obs_id=- obs_dist=-m obs_s=- ego_s=10.68 side=- | left_clearance=- right_clearance=- candidate_valid=false rung=- | cache_used=false path_age=- path_points=0 planning_time_ms=0.1 | reason=no_static_obstacle_in_range | cache_reason=no_cache
1786778994.047 [STATIC_AVOID] obs_id=- obs_dist=-m obs_s=- ego_s=12.44 side=- | left_clearance=- right_clearance=- candidate_valid=false rung=- | cache_used=false path_age=- path_points=0 planning_time_ms=0.7 | reason=no_static_obstacle_in_range | cache_reason=no_cache
1786778994.555 [STATIC_AVOID] obs_id=- obs_dist=-m obs_s=- ego_s=13.85 side=- | left_clearance=- right_clearance=- candidate_valid=false rung=- | cache_used=false path_age=- path_points=0 planning_time_ms=0.2 | reason=no_static_obstacle_in_range | cache_reason=no_cache
1786778995.059 [STATIC_AVOID] obs_id=- obs_dist=-m obs_s=- ego_s=15.38 side=- | left_clearance=- right_clearance=- candidate_valid=false rung=- | cache_used=false path_age=- path_points=0 planning_time_ms=3.7 | reason=no_static_obstacle_in_range | cache_reason=no_cache
1786778995.588 [STATIC_AVOID] obs_id=49 obs_dist=3.67m obs_s=19.93 ego_s=16.26 side=RIGHT | left_clearance=-0.16 right_clearance=0.41 candidate_valid=true rung=0 | cache_used=false path_age=0.000 path_points=98 planning_time_ms=15.6
1786778996.125 [STATIC_AVOID] obs_id=50 obs_dist=1.33m obs_s=19.37 ego_s=18.04 side=LEFT | left_clearance=0.24 right_clearance=-0.04 candidate_valid=true rung=0 | cache_used=false path_age=0.000 path_points=76 planning_time_ms=14.4
1786778996.648 [STATIC_AVOID] obs_id=- obs_dist=-m obs_s=- ego_s=18.62 side=- | left_clearance=- right_clearance=- candidate_valid=false rung=- | cache_used=false path_age=- path_points=0 planning_time_ms=0.1 | reason=no_static_obstacle_in_range | cache_reason=no_cache
1786778997.159 [STATIC_AVOID] obs_id=- obs_dist=-m obs_s=- ego_s=19.36 side=- | left_clearance=- right_clearance=- candidate_valid=false rung=- | cache_used=false path_age=- path_points=0 planning_time_ms=0.1 | reason=no_static_obstacle_in_range | cache_reason=no_cache
1786778997.694 [STATIC_AVOID] obs_id=- obs_dist=-m obs_s=- ego_s=21.39 side=- | left_clearance=- right_clearance=- candidate_valid=false rung=- | cache_used=false path_age=- path_points=0 planning_time_ms=0.1 | reason=no_static_obstacle_in_range | cache_reason=no_cache
1786778998.194 [STATIC_AVOID] obs_id=- obs_dist=-m obs_s=- ego_s=0.56 side=- | left_clearance=- right_clearance=- candidate_valid=false rung=- | cache_used=false path_age=- path_points=0 planning_time_ms=0.3 | reason=no_static_obstacle_in_range | cache_reason=no_cache
1786778998.695 [STATIC_AVOID] obs_id=- obs_dist=-m obs_s=- ego_s=1.93 side=- | left_clearance=- right_clearance=- candidate_valid=false rung=- | cache_used=false path_age=- path_points=0 planning_time_ms=0.1 | reason=no_static_obstacle_in_range | cache_reason=no_cache
1786778999.213 [STATIC_AVOID] obs_id=- obs_dist=-m obs_s=- ego_s=3.66 side=- | left_clearance=- right_clearance=- candidate_valid=false rung=- | cache_used=false path_age=- path_points=0 planning_time_ms=0.1 | reason=no_static_obstacle_in_range | cache_reason=no_cache
1786778999.765 [STATIC_AVOID] obs_id=- obs_dist=-m obs_s=- ego_s=5.11 side=- | left_clearance=- right_clearance=- candidate_valid=false rung=- | cache_used=false path_age=- path_points=0 planning_time_ms=0.1 | reason=no_static_obstacle_in_range | cache_reason=no_cache
1786779000.340 [STATIC_AVOID] obs_id=51 obs_dist=1.58m obs_s=8.00 ego_s=6.42 side=RIGHT | left_clearance=-0.18 right_clearance=0.21 candidate_valid=true rung=0 | cache_used=false path_age=0.000 path_points=81 planning_time_ms=14.6
1786779000.857 [STATIC_AVOID] obs_id=51 obs_dist=0.72m obs_s=7.98 ego_s=7.27 side=RIGHT | left_clearance=-0.10 right_clearance=0.25 candidate_valid=false rung=- | cache_used=true path_age=0.237 path_points=76 planning_time_ms=11.2 | reason=obstacle_clearance
1786779001.424 [STATIC_AVOID] obs_id=52 obs_dist=2.57m obs_s=10.61 ego_s=8.04 side=LEFT | left_clearance=0.24 right_clearance=-0.12 candidate_valid=true rung=2 | cache_used=false path_age=0.000 path_points=93 planning_time_ms=22.5
1786779001.962 [STATIC_AVOID] obs_id=52 obs_dist=0.82m obs_s=10.66 ego_s=9.84 side=LEFT | left_clearance=0.31 right_clearance=-0.19 candidate_valid=false rung=- | cache_used=true path_age=0.105 path_points=76 planning_time_ms=10.6 | reason=obstacle_clearance
1786779002.500 [STATIC_AVOID] obs_id=- obs_dist=-m obs_s=- ego_s=10.60 side=- | left_clearance=- right_clearance=- candidate_valid=false rung=- | cache_used=false path_age=- path_points=0 planning_time_ms=0.3 | reason=no_static_obstacle_in_range | cache_reason=no_cache
1786779003.044 [STATIC_AVOID] obs_id=- obs_dist=-m obs_s=- ego_s=12.04 side=- | left_clearance=- right_clearance=- candidate_valid=false rung=- | cache_used=false path_age=- path_points=0 planning_time_ms=0.1 | reason=no_static_obstacle_in_range | cache_reason=no_cache
1786779003.553 [STATIC_AVOID] obs_id=- obs_dist=-m obs_s=- ego_s=13.26 side=- | left_clearance=- right_clearance=- candidate_valid=false rung=- | cache_used=false path_age=- path_points=0 planning_time_ms=0.1 | reason=no_static_obstacle_in_range | cache_reason=no_cache
1786779004.104 [STATIC_AVOID] obs_id=- obs_dist=-m obs_s=- ego_s=14.85 side=- | left_clearance=- right_clearance=- candidate_valid=false rung=- | cache_used=false path_age=- path_points=0 planning_time_ms=2.9 | reason=no_static_obstacle_in_range | cache_reason=no_cache
1786779004.669 [STATIC_AVOID] obs_id=55 obs_dist=3.92m obs_s=20.08 ego_s=16.16 side=RIGHT | left_clearance=-0.12 right_clearance=0.43 candidate_valid=true rung=0 | cache_used=false path_age=0.000 path_points=95 planning_time_ms=20.2
1786779005.186 [STATIC_AVOID] obs_id=55 obs_dist=2.95m obs_s=20.06 ego_s=17.11 side=RIGHT | left_clearance=-0.09 right_clearance=0.31 candidate_valid=true rung=0 | cache_used=false path_age=0.000 path_points=91 planning_time_ms=3.3
1786779005.719 [STATIC_AVOID] obs_id=55 obs_dist=1.89m obs_s=20.12 ego_s=18.23 side=RIGHT | left_clearance=-0.08 right_clearance=0.31 candidate_valid=true rung=0 | cache_used=false path_age=0.000 path_points=76 planning_time_ms=8.9
1786779006.256 [STATIC_AVOID] obs_id=55 obs_dist=1.09m obs_s=20.12 ego_s=19.03 side=RIGHT | left_clearance=-0.20 right_clearance=0.33 candidate_valid=true rung=0 | cache_used=false path_age=0.000 path_points=76 planning_time_ms=12.1
1786779006.759 [STATIC_AVOID] obs_id=55 obs_dist=-0.25m obs_s=20.09 ego_s=20.34 side=RIGHT | left_clearance=-0.26 right_clearance=0.35 candidate_valid=true rung=0 | cache_used=false path_age=0.000 path_points=76 planning_time_ms=13.5
1786779007.335 [STATIC_AVOID] obs_id=- obs_dist=-m obs_s=- ego_s=0.02 side=- | left_clearance=- right_clearance=- candidate_valid=false rung=- | cache_used=false path_age=- path_points=0 planning_time_ms=2.0 | reason=no_static_obstacle_in_range | cache_reason=no_cache
1786779007.846 [STATIC_AVOID] obs_id=- obs_dist=-m obs_s=- ego_s=1.41 side=- | left_clearance=- right_clearance=- candidate_valid=false rung=- | cache_used=false path_age=- path_points=0 planning_time_ms=1.3 | reason=no_static_obstacle_in_range | cache_reason=no_cache
1786779008.354 [STATIC_AVOID] obs_id=- obs_dist=-m obs_s=- ego_s=3.19 side=- | left_clearance=- right_clearance=- candidate_valid=false rung=- | cache_used=false path_age=- path_points=0 planning_time_ms=0.1 | reason=no_static_obstacle_in_range | cache_reason=no_cache
1786779008.901 [STATIC_AVOID] obs_id=- obs_dist=-m obs_s=- ego_s=4.72 side=- | left_clearance=- right_clearance=- candidate_valid=false rung=- | cache_used=false path_age=- path_points=0 planning_time_ms=0.1 | reason=no_static_obstacle_in_range | cache_reason=no_cache
1786779009.408 [STATIC_AVOID] obs_id=57 obs_dist=3.07m obs_s=8.54 ego_s=5.47 side=RIGHT | left_clearance=-0.25 right_clearance=0.41 candidate_valid=true rung=0 | cache_used=false path_age=0.000 path_points=94 planning_time_ms=10.0
1786779009.922 [STATIC_AVOID] obs_id=56 obs_dist=3.85m obs_s=10.56 ego_s=6.71 side=- | left_clearance=0.20 right_clearance=-0.10 candidate_valid=false rung=- | cache_used=false path_age=- path_points=0 planning_time_ms=20.9 | reason=obstacle_clearance | cache_reason=no_cache
1786779010.436 [STATIC_AVOID] obs_id=56 obs_dist=3.16m obs_s=10.51 ego_s=7.35 side=LEFT | left_clearance=0.26 right_clearance=-0.12 candidate_valid=false rung=- | cache_used=true path_age=0.100 path_points=94 planning_time_ms=3.6 | reason=obstacle_clearance
1786779010.947 [STATIC_AVOID] obs_id=56 obs_dist=2.79m obs_s=10.47 ego_s=7.68 side=LEFT | left_clearance=0.30 right_clearance=-0.16 candidate_valid=true rung=2 | cache_used=false path_age=0.000 path_points=89 planning_time_ms=22.5
1786779011.460 [STATIC_AVOID] obs_id=56 obs_dist=1.70m obs_s=10.43 ego_s=8.73 side=LEFT | left_clearance=0.23 right_clearance=-0.17 candidate_valid=true rung=0 | cache_used=false path_age=0.000 path_points=81 planning_time_ms=3.0
1786779011.999 [STATIC_AVOID] obs_id=- obs_dist=-m obs_s=- ego_s=10.70 side=- | left_clearance=- right_clearance=- candidate_valid=false rung=- | cache_used=false path_age=- path_points=0 planning_time_ms=0.1 | reason=no_static_obstacle_in_range | cache_reason=no_cache
1786779012.500 [STATIC_AVOID] obs_id=- obs_dist=-m obs_s=- ego_s=11.56 side=- | left_clearance=- right_clearance=- candidate_valid=false rung=- | cache_used=false path_age=- path_points=0 planning_time_ms=0.1 | reason=no_static_obstacle_in_range | cache_reason=no_cache
1786779013.004 [STATIC_AVOID] obs_id=- obs_dist=-m obs_s=- ego_s=13.14 side=- | left_clearance=- right_clearance=- candidate_valid=false rung=- | cache_used=false path_age=- path_points=0 planning_time_ms=4.1 | reason=no_static_obstacle_in_range | cache_reason=no_cache
1786779013.562 [STATIC_AVOID] obs_id=- obs_dist=-m obs_s=- ego_s=12.97 side=- | left_clearance=- right_clearance=- candidate_valid=false rung=- | cache_used=false path_age=- path_points=0 planning_time_ms=0.1 | reason=no_static_obstacle_in_range | cache_reason=no_cache
1786779014.108 [STATIC_AVOID] obs_id=- obs_dist=-m obs_s=- ego_s=12.89 side=- | left_clearance=- right_clearance=- candidate_valid=false rung=- | cache_used=false path_age=- path_points=0 planning_time_ms=0.1 | reason=no_static_obstacle_in_range | cache_reason=no_cache
1786779014.650 [STATIC_AVOID] obs_id=- obs_dist=-m obs_s=- ego_s=12.97 side=- | left_clearance=- right_clearance=- candidate_valid=false rung=- | cache_used=false path_age=- path_points=0 planning_time_ms=0.1 | reason=no_static_obstacle_in_range | cache_reason=no_cache
1786779015.193 [STATIC_AVOID] obs_id=- obs_dist=-m obs_s=- ego_s=12.91 side=- | left_clearance=- right_clearance=- candidate_valid=false rung=- | cache_used=false path_age=- path_points=0 planning_time_ms=0.1 | reason=no_static_obstacle_in_range | cache_reason=no_cache
1786779015.700 [STATIC_AVOID] obs_id=- obs_dist=-m obs_s=- ego_s=12.95 side=- | left_clearance=- right_clearance=- candidate_valid=false rung=- | cache_used=false path_age=- path_points=0 planning_time_ms=0.1 | reason=no_static_obstacle_in_range | cache_reason=no_cache
1786779016.252 [STATIC_AVOID] obs_id=- obs_dist=-m obs_s=- ego_s=13.00 side=- | left_clearance=- right_clearance=- candidate_valid=false rung=- | cache_used=false path_age=- path_points=0 planning_time_ms=0.1 | reason=no_static_obstacle_in_range | cache_reason=no_cache
1786779016.793 [STATIC_AVOID] obs_id=- obs_dist=-m obs_s=- ego_s=13.03 side=- | left_clearance=- right_clearance=- candidate_valid=false rung=- | cache_used=false path_age=- path_points=0 planning_time_ms=0.1 | reason=no_static_obstacle_in_range | cache_reason=no_cache
1786779017.303 [STATIC_AVOID] obs_id=- obs_dist=-m obs_s=- ego_s=13.04 side=- | left_clearance=- right_clearance=- candidate_valid=false rung=- | cache_used=false path_age=- path_points=0 planning_time_ms=0.1 | reason=no_static_obstacle_in_range | cache_reason=no_cache
1786779017.849 [STATIC_AVOID] obs_id=- obs_dist=-m obs_s=- ego_s=13.06 side=- | left_clearance=- right_clearance=- candidate_valid=false rung=- | cache_used=false path_age=- path_points=0 planning_time_ms=0.1 | reason=no_static_obstacle_in_range | cache_reason=no_cache
1786779018.395 [STATIC_AVOID] obs_id=- obs_dist=-m obs_s=- ego_s=13.07 side=- | left_clearance=- right_clearance=- candidate_valid=false rung=- | cache_used=false path_age=- path_points=0 planning_time_ms=0.4 | reason=no_static_obstacle_in_range | cache_reason=no_cache
1786779018.947 [STATIC_AVOID] obs_id=- obs_dist=-m obs_s=- ego_s=12.93 side=- | left_clearance=- right_clearance=- candidate_valid=false rung=- | cache_used=false path_age=- path_points=0 planning_time_ms=0.1 | reason=no_static_obstacle_in_range | cache_reason=no_cache
1786779019.447 [STATIC_AVOID] obs_id=- obs_dist=-m obs_s=- ego_s=12.94 side=- | left_clearance=- right_clearance=- candidate_valid=false rung=- | cache_used=false path_age=- path_points=0 planning_time_ms=0.1 | reason=no_static_obstacle_in_range | cache_reason=no_cache
1786779019.953 [STATIC_AVOID] obs_id=- obs_dist=-m obs_s=- ego_s=12.89 side=- | left_clearance=- right_clearance=- candidate_valid=false rung=- | cache_used=false path_age=- path_points=0 planning_time_ms=0.2 | reason=no_static_obstacle_in_range | cache_reason=no_cache
1786779020.493 [STATIC_AVOID] obs_id=- obs_dist=-m obs_s=- ego_s=12.89 side=- | left_clearance=- right_clearance=- candidate_valid=false rung=- | cache_used=false path_age=- path_points=0 planning_time_ms=0.1 | reason=no_static_obstacle_in_range | cache_reason=no_cache
1786779021.043 [STATIC_AVOID] obs_id=- obs_dist=-m obs_s=- ego_s=12.89 side=- | left_clearance=- right_clearance=- candidate_valid=false rung=- | cache_used=false path_age=- path_points=0 planning_time_ms=0.1 | reason=no_static_obstacle_in_range | cache_reason=no_cache
1786779021.543 [STATIC_AVOID] obs_id=- obs_dist=-m obs_s=- ego_s=12.89 side=- | left_clearance=- right_clearance=- candidate_valid=false rung=- | cache_used=false path_age=- path_points=0 planning_time_ms=0.1 | reason=no_static_obstacle_in_range | cache_reason=no_cache
1786779022.072 [STATIC_AVOID] obs_id=- obs_dist=-m obs_s=- ego_s=12.89 side=- | left_clearance=- right_clearance=- candidate_valid=false rung=- | cache_used=false path_age=- path_points=0 planning_time_ms=0.1 | reason=no_static_obstacle_in_range | cache_reason=no_cache
1786779022.594 [STATIC_AVOID] obs_id=- obs_dist=-m obs_s=- ego_s=12.88 side=- | left_clearance=- right_clearance=- candidate_valid=false rung=- | cache_used=false path_age=- path_points=0 planning_time_ms=0.1 | reason=no_static_obstacle_in_range | cache_reason=no_cache
1786779023.094 [STATIC_AVOID] obs_id=- obs_dist=-m obs_s=- ego_s=12.88 side=- | left_clearance=- right_clearance=- candidate_valid=false rung=- | cache_used=false path_age=- path_points=0 planning_time_ms=0.1 | reason=no_static_obstacle_in_range | cache_reason=no_cache
1786779023.643 [STATIC_AVOID] obs_id=- obs_dist=-m obs_s=- ego_s=12.88 side=- | left_clearance=- right_clearance=- candidate_valid=false rung=- | cache_used=false path_age=- path_points=0 planning_time_ms=0.1 | reason=no_static_obstacle_in_range | cache_reason=no_cache
1786779024.151 [STATIC_AVOID] obs_id=- obs_dist=-m obs_s=- ego_s=12.85 side=- | left_clearance=- right_clearance=- candidate_valid=false rung=- | cache_used=false path_age=- path_points=0 planning_time_ms=0.1 | reason=no_static_obstacle_in_range | cache_reason=no_cache
1786779024.701 [STATIC_AVOID] obs_id=- obs_dist=-m obs_s=- ego_s=12.83 side=- | left_clearance=- right_clearance=- candidate_valid=false rung=- | cache_used=false path_age=- path_points=0 planning_time_ms=0.1 | reason=no_static_obstacle_in_range | cache_reason=no_cache
1786779025.243 [STATIC_AVOID] obs_id=- obs_dist=-m obs_s=- ego_s=12.83 side=- | left_clearance=- right_clearance=- candidate_valid=false rung=- | cache_used=false path_age=- path_points=0 planning_time_ms=0.1 | reason=no_static_obstacle_in_range | cache_reason=no_cache
1786779025.746 [STATIC_AVOID] obs_id=- obs_dist=-m obs_s=- ego_s=12.82 side=- | left_clearance=- right_clearance=- candidate_valid=false rung=- | cache_used=false path_age=- path_points=0 planning_time_ms=0.1 | reason=no_static_obstacle_in_range | cache_reason=no_cache
1786779026.258 [STATIC_AVOID] obs_id=- obs_dist=-m obs_s=- ego_s=12.81 side=- | left_clearance=- right_clearance=- candidate_valid=false rung=- | cache_used=false path_age=- path_points=0 planning_time_ms=0.1 | reason=no_static_obstacle_in_range | cache_reason=no_cache
1786779026.793 [STATIC_AVOID] obs_id=- obs_dist=-m obs_s=- ego_s=12.80 side=- | left_clearance=- right_clearance=- candidate_valid=false rung=- | cache_used=false path_age=- path_points=0 planning_time_ms=0.1 | reason=no_static_obstacle_in_range | cache_reason=no_cache
1786779027.297 [STATIC_AVOID] obs_id=- obs_dist=-m obs_s=- ego_s=12.78 side=- | left_clearance=- right_clearance=- candidate_valid=false rung=- | cache_used=false path_age=- path_points=0 planning_time_ms=0.1 | reason=no_static_obstacle_in_range | cache_reason=no_cache
1786779027.803 [STATIC_AVOID] obs_id=68 obs_dist=3.14m obs_s=15.95 ego_s=12.82 side=- | left_clearance=-0.12 right_clearance=0.24 candidate_valid=false rung=- | cache_used=false path_age=- path_points=0 planning_time_ms=4.6 | reason=track_too_narrow | cache_reason=no_cache
1786779028.343 [STATIC_AVOID] obs_id=- obs_dist=-m obs_s=- ego_s=13.07 side=- | left_clearance=- right_clearance=- candidate_valid=false rung=- | cache_used=false path_age=- path_points=0 planning_time_ms=0.1 | reason=no_static_obstacle_in_range | cache_reason=no_cache
1786779028.874 [STATIC_AVOID] obs_id=71 obs_dist=2.54m obs_s=16.56 ego_s=14.01 side=- | left_clearance=-0.23 right_clearance=0.17 candidate_valid=false rung=- | cache_used=false path_age=- path_points=0 planning_time_ms=11.0 | reason=track_too_narrow | cache_reason=no_cache
1786779029.395 [STATIC_AVOID] obs_id=71 obs_dist=1.14m obs_s=16.59 ego_s=15.45 side=- | left_clearance=-0.09 right_clearance=0.32 candidate_valid=false rung=- | cache_used=false path_age=- path_points=0 planning_time_ms=1.8 | reason=right_side_occupied | cache_reason=no_cache
1786779029.952 [STATIC_AVOID] obs_id=- obs_dist=-m obs_s=- ego_s=15.61 side=- | left_clearance=- right_clearance=- candidate_valid=false rung=- | cache_used=false path_age=- path_points=0 planning_time_ms=0.1 | reason=no_static_obstacle_in_range | cache_reason=no_cache
1786779030.493 [STATIC_AVOID] obs_id=- obs_dist=-m obs_s=- ego_s=18.24 side=- | left_clearance=- right_clearance=- candidate_valid=false rung=- | cache_used=false path_age=- path_points=0 planning_time_ms=0.1 | reason=no_static_obstacle_in_range | cache_reason=no_cache
1786779031.003 [STATIC_AVOID] obs_id=- obs_dist=-m obs_s=- ego_s=19.04 side=- | left_clearance=- right_clearance=- candidate_valid=false rung=- | cache_used=false path_age=- path_points=0 planning_time_ms=0.1 | reason=no_static_obstacle_in_range | cache_reason=no_cache
1786779031.544 [STATIC_AVOID] obs_id=- obs_dist=-m obs_s=- ego_s=19.07 side=- | left_clearance=- right_clearance=- candidate_valid=false rung=- | cache_used=false path_age=- path_points=0 planning_time_ms=0.1 | reason=no_static_obstacle_in_range | cache_reason=no_cache
1786779032.085 [STATIC_AVOID] obs_id=- obs_dist=-m obs_s=- ego_s=19.07 side=- | left_clearance=- right_clearance=- candidate_valid=false rung=- | cache_used=false path_age=- path_points=0 planning_time_ms=1.3 | reason=no_static_obstacle_in_range | cache_reason=no_cache
1786779032.592 [STATIC_AVOID] obs_id=- obs_dist=-m obs_s=- ego_s=19.08 side=- | left_clearance=- right_clearance=- candidate_valid=false rung=- | cache_used=false path_age=- path_points=0 planning_time_ms=0.1 | reason=no_static_obstacle_in_range | cache_reason=no_cache
1786779033.103 [STATIC_AVOID] obs_id=- obs_dist=-m obs_s=- ego_s=19.12 side=- | left_clearance=- right_clearance=- candidate_valid=false rung=- | cache_used=false path_age=- path_points=0 planning_time_ms=0.1 | reason=no_static_obstacle_in_range | cache_reason=no_cache
1786779033.645 [STATIC_AVOID] obs_id=- obs_dist=-m obs_s=- ego_s=19.12 side=- | left_clearance=- right_clearance=- candidate_valid=false rung=- | cache_used=false path_age=- path_points=0 planning_time_ms=0.1 | reason=no_static_obstacle_in_range | cache_reason=no_cache
1786779034.149 [STATIC_AVOID] obs_id=- obs_dist=-m obs_s=- ego_s=19.14 side=- | left_clearance=- right_clearance=- candidate_valid=false rung=- | cache_used=false path_age=- path_points=0 planning_time_ms=0.1 | reason=no_static_obstacle_in_range | cache_reason=no_cache
1786779034.695 [STATIC_AVOID] obs_id=- obs_dist=-m obs_s=- ego_s=19.12 side=- | left_clearance=- right_clearance=- candidate_valid=false rung=- | cache_used=false path_age=- path_points=0 planning_time_ms=0.1 | reason=no_static_obstacle_in_range | cache_reason=no_cache
1786779035.198 [STATIC_AVOID] obs_id=- obs_dist=-m obs_s=- ego_s=19.11 side=- | left_clearance=- right_clearance=- candidate_valid=false rung=- | cache_used=false path_age=- path_points=0 planning_time_ms=0.1 | reason=no_static_obstacle_in_range | cache_reason=no_cache
1786779035.743 [STATIC_AVOID] obs_id=- obs_dist=-m obs_s=- ego_s=19.18 side=- | left_clearance=- right_clearance=- candidate_valid=false rung=- | cache_used=false path_age=- path_points=0 planning_time_ms=0.1 | reason=no_static_obstacle_in_range | cache_reason=no_cache
1786779036.245 [STATIC_AVOID] obs_id=- obs_dist=-m obs_s=- ego_s=19.18 side=- | left_clearance=- right_clearance=- candidate_valid=false rung=- | cache_used=false path_age=- path_points=0 planning_time_ms=0.1 | reason=no_static_obstacle_in_range | cache_reason=no_cache
