# state_machine debug log started 20260816_221800  map='0815test3'
1786886288.175 [OBSTACLES] cur_s=13.95 cur_d=0.49 vs=0.00 n=0 [none]
1786886288.176 [STATE_CHANGE] None -> LOSTLINE src=GB_TRACK s=13.95 d=0.49 vs=0.00
1786886288.717 [OBSTACLES] cur_s=14.06 cur_d=0.44 vs=0.82 n=0 [none]
1786886288.968 [STATE_CHANGE] LOSTLINE -> GB_TRACK src=GB_TRACK s=14.48 d=0.28 vs=2.00
1786886289.146 [STATE_CHANGE] GB_TRACK -> LOSTLINE src=GB_TRACK s=14.90 d=0.30 vs=2.16
1786886289.245 [OBSTACLES] cur_s=15.17 cur_d=0.34 vs=2.21 n=0 [none]
1786886289.559 [STATE_CHANGE] LOSTLINE -> GB_TRACK src=GB_TRACK s=16.03 d=0.28 vs=1.98
1786886289.753 [OBSTACLES] cur_s=16.48 cur_d=0.19 vs=1.86 n=0 [none]
1786886290.254 [OBSTACLES] cur_s=17.23 cur_d=0.21 vs=2.20 n=0 [none]
1786886290.457 [STATE_CHANGE] GB_TRACK -> LOSTLINE src=GB_TRACK s=17.59 d=0.30 vs=2.41
1786886290.811 [OBSTACLES] cur_s=19.04 cur_d=0.41 vs=2.84 n=0 [none]
1786886291.017 [STATE_CHANGE] LOSTLINE -> GB_TRACK src=GB_TRACK s=19.74 d=0.27 vs=3.26
1786886291.315 [OBSTACLES] cur_s=20.81 cur_d=0.01 vs=3.85 n=0 [none]
1786886291.847 [OBSTACLES] cur_s=23.50 cur_d=0.10 vs=4.63 n=0 [none]
1786886292.380 [OBSTACLES] cur_s=24.78 cur_d=0.16 vs=3.72 n=0 [none]
1786886292.922 [OBSTACLES] cur_s=26.41 cur_d=0.24 vs=3.30 n=0 [none]
1786886293.447 [OBSTACLES] cur_s=28.50 cur_d=0.03 vs=2.88 n=0 [none]
1786886293.966 [OBSTACLES] cur_s=29.88 cur_d=0.23 vs=2.83 n=0 [none]
1786886294.133 [STATE_CHANGE] GB_TRACK -> LOSTLINE src=GB_TRACK s=30.50 d=0.29 vs=2.92
1786886294.204 [STATE_CHANGE] LOSTLINE -> GB_TRACK src=GB_TRACK s=30.68 d=0.29 vs=2.90
1786886294.525 [OBSTACLES] cur_s=31.72 cur_d=0.14 vs=2.61 n=0 [none]
1786886295.051 [OBSTACLES] cur_s=33.14 cur_d=0.32 vs=2.57 n=0 [none]
1786886295.051 [STATE_CHANGE] GB_TRACK -> LOSTLINE src=GB_TRACK s=33.14 d=0.32 vs=2.57
1786886295.576 [OBSTACLES] cur_s=0.36 cur_d=0.36 vs=2.55 n=0 [none]
1786886295.714 [STATE_CHANGE] LOSTLINE -> GB_TRACK src=GB_TRACK s=0.84 d=0.24 vs=2.70
1786886296.144 [OBSTACLES] cur_s=1.82 cur_d=0.19 vs=3.38 n=0 [none]
1786886296.748 [OBSTACLES] cur_s=3.61 cur_d=0.04 vs=4.68 n=0 [none]
1786886297.203 [STATE_CHANGE] GB_TRACK -> LOSTLINE src=GB_TRACK s=5.97 d=-0.30 vs=4.92
1786886297.303 [OBSTACLES] cur_s=6.48 cur_d=-0.31 vs=4.60 n=0 [none]
1786886297.357 [STATE_CHANGE] LOSTLINE -> GB_TRACK src=GB_TRACK s=6.70 d=-0.29 vs=4.56
1786886297.872 [OBSTACLES] cur_s=8.77 cur_d=0.08 vs=3.31 n=0 [none]
1786886298.393 [OBSTACLES] cur_s=10.23 cur_d=-0.00 vs=2.22 n=0 [none]
1786886298.927 [OBSTACLES] cur_s=11.32 cur_d=0.21 vs=1.88 n=0 [none]
1786886299.476 [OBSTACLES] cur_s=12.68 cur_d=0.15 vs=2.35 n=0 [none]
1786886300.017 [OBSTACLES] cur_s=14.01 cur_d=0.05 vs=2.99 n=0 [none]
1786886300.467 [STATE_CHANGE] GB_TRACK -> LOSTLINE src=GB_TRACK s=15.22 d=0.29 vs=2.17
1786886300.501 [STATE_CHANGE] LOSTLINE -> GB_TRACK src=GB_TRACK s=15.32 d=0.28 vs=2.10
1786886300.550 [OBSTACLES] cur_s=15.46 cur_d=0.26 vs=2.06 n=0 [none]
1786886301.070 [OBSTACLES] cur_s=16.60 cur_d=0.26 vs=2.08 n=0 [none]
1786886301.353 [STATE_CHANGE] GB_TRACK -> LOSTLINE src=GB_TRACK s=17.20 d=0.29 vs=2.32
1786886301.594 [OBSTACLES] cur_s=18.01 cur_d=0.28 vs=2.52 n=0 [none]
1786886301.595 [STATE_CHANGE] LOSTLINE -> GB_TRACK src=GB_TRACK s=18.01 d=0.28 vs=2.52
1786886302.100 [OBSTACLES] cur_s=19.64 cur_d=0.19 vs=3.17 n=0 [none]
1786886302.313 [STATE_CHANGE] GB_TRACK -> LOSTLINE src=GB_TRACK s=20.44 d=0.31 vs=3.83
1786886302.608 [OBSTACLES] cur_s=21.29 cur_d=0.34 vs=4.49 n=0 [none]
1786886302.717 [STATE_CHANGE] LOSTLINE -> GB_TRACK src=GB_TRACK s=21.77 d=0.28 vs=4.73
1786886303.124 [OBSTACLES] cur_s=23.75 cur_d=-0.19 vs=4.17 n=0 [none]
1786886303.671 [OBSTACLES] cur_s=25.83 cur_d=0.19 vs=3.40 n=0 [none]
1786886304.173 [OBSTACLES] cur_s=26.90 cur_d=0.20 vs=3.09 n=0 [none]
1786886304.361 [STATE_CHANGE] GB_TRACK -> LOSTLINE src=GB_TRACK s=27.23 d=0.39 vs=3.05
1786886304.679 [OBSTACLES] cur_s=28.44 cur_d=0.39 vs=2.88 n=0 [none]
1786886304.800 [STATE_CHANGE] LOSTLINE -> GB_TRACK src=GB_TRACK s=29.02 d=0.28 vs=2.78
1786886305.195 [OBSTACLES] cur_s=29.98 cur_d=0.06 vs=2.83 n=0 [none]
1786886305.593 [STATE_CHANGE] GB_TRACK -> LOSTLINE src=GB_TRACK s=31.12 d=0.30 vs=2.77
1786886305.767 [OBSTACLES] cur_s=31.67 cur_d=0.31 vs=2.79 n=0 [none]
1786886305.863 [STATE_CHANGE] LOSTLINE -> GB_TRACK src=GB_TRACK s=31.84 d=0.28 vs=2.73
1786886306.300 [OBSTACLES] cur_s=33.09 cur_d=0.23 vs=2.57 n=0 [none]
1786886306.424 [STATE_CHANGE] GB_TRACK -> LOSTLINE src=GB_TRACK s=33.52 d=0.32 vs=2.57
1786886306.810 [OBSTACLES] cur_s=0.25 cur_d=0.52 vs=2.81 n=0 [none]
1786886307.179 [STATE_CHANGE] LOSTLINE -> GB_TRACK src=GB_TRACK s=1.51 d=0.26 vs=2.99
1786886307.316 [OBSTACLES] cur_s=1.85 cur_d=0.20 vs=3.24 n=0 [none]
1786886307.819 [OBSTACLES] cur_s=3.42 cur_d=0.18 vs=4.51 n=0 [none]
1786886308.354 [OBSTACLES] cur_s=5.32 cur_d=-0.15 vs=4.72 n=0 [none]
1786886308.914 [OBSTACLES] cur_s=8.27 cur_d=-0.08 vs=3.62 n=0 [none]
1786886309.454 [OBSTACLES] cur_s=9.78 cur_d=0.03 vs=2.43 n=0 [none]
1786886309.980 [OBSTACLES] cur_s=10.89 cur_d=0.12 vs=1.99 n=0 [none]
1786886310.480 [OBSTACLES] cur_s=11.94 cur_d=0.22 vs=2.03 n=0 [none]
1786886310.993 [OBSTACLES] cur_s=13.30 cur_d=0.21 vs=2.86 n=0 [none]
1786886311.503 [OBSTACLES] cur_s=14.67 cur_d=0.14 vs=2.76 n=0 [none]
1786886312.012 [OBSTACLES] cur_s=15.79 cur_d=0.15 vs=1.98 n=0 [none]
1786886312.204 [STATE_CHANGE] GB_TRACK -> LOSTLINE src=GB_TRACK s=16.28 d=0.30 vs=1.97
1786886312.519 [OBSTACLES] cur_s=17.19 cur_d=0.31 vs=2.19 n=0 [none]
1786886312.622 [STATE_CHANGE] LOSTLINE -> GB_TRACK src=GB_TRACK s=17.36 d=0.28 vs=2.22
1786886313.027 [OBSTACLES] cur_s=18.19 cur_d=0.18 vs=2.43 n=0 [none]
1786886313.245 [STATE_CHANGE] GB_TRACK -> LOSTLINE src=GB_TRACK s=19.22 d=0.30 vs=2.99
1786886313.546 [OBSTACLES] cur_s=20.07 cur_d=0.41 vs=3.59 n=0 [none]
1786886313.752 [STATE_CHANGE] LOSTLINE -> GB_TRACK src=GB_TRACK s=21.05 d=0.23 vs=4.09
1786886314.069 [OBSTACLES] cur_s=22.50 cur_d=-0.15 vs=4.60 n=0 [none]
1786886314.578 [OBSTACLES] cur_s=24.58 cur_d=0.06 vs=4.13 n=0 [none]
1786886315.097 [OBSTACLES] cur_s=26.31 cur_d=0.16 vs=3.31 n=0 [none]
1786886315.625 [OBSTACLES] cur_s=27.26 cur_d=0.30 vs=2.99 n=0 [none]
1786886315.629 [STATE_CHANGE] GB_TRACK -> LOSTLINE src=GB_TRACK s=27.26 d=0.30 vs=2.99
1786886315.960 [STATE_CHANGE] LOSTLINE -> GB_TRACK src=GB_TRACK s=28.43 d=0.28 vs=2.73
1786886316.161 [OBSTACLES] cur_s=28.92 cur_d=0.05 vs=2.34 n=0 [none]
1786886316.675 [OBSTACLES] cur_s=30.18 cur_d=-0.18 vs=2.64 n=0 [none]
1786886317.193 [OBSTACLES] cur_s=31.43 cur_d=0.26 vs=2.60 n=0 [none]
1786886317.271 [STATE_CHANGE] GB_TRACK -> LOSTLINE src=GB_TRACK s=31.62 d=0.30 vs=2.61
1786886317.457 [STATE_CHANGE] LOSTLINE -> GB_TRACK src=GB_TRACK s=32.21 d=0.28 vs=2.60
1786886317.741 [OBSTACLES] cur_s=33.07 cur_d=0.07 vs=2.40 n=0 [none]
1786886318.265 [OBSTACLES] cur_s=34.43 cur_d=0.28 vs=2.71 n=0 [none]
1786886318.324 [STATE_CHANGE] GB_TRACK -> LOSTLINE src=GB_TRACK s=0.08 d=0.32 vs=2.77
1786886318.763 [STATE_CHANGE] LOSTLINE -> GB_TRACK src=GB_TRACK s=1.56 d=0.29 vs=3.18
1786886318.802 [OBSTACLES] cur_s=1.68 cur_d=0.25 vs=3.29 n=0 [none]
1786886319.361 [OBSTACLES] cur_s=3.57 cur_d=-0.01 vs=4.39 n=0 [none]
1786886319.865 [OBSTACLES] cur_s=5.68 cur_d=0.11 vs=4.91 n=0 [none]
1786886320.425 [OBSTACLES] cur_s=8.41 cur_d=-0.21 vs=3.70 n=0 [none]
1786886320.960 [OBSTACLES] cur_s=9.63 cur_d=0.04 vs=2.55 n=0 [none]
1786886321.495 [OBSTACLES] cur_s=10.93 cur_d=-0.01 vs=2.03 n=0 [none]
1786886322.049 [OBSTACLES] cur_s=11.98 cur_d=0.25 vs=1.91 n=0 [none]
1786886322.557 [OBSTACLES] cur_s=13.29 cur_d=0.11 vs=2.66 n=0 [none]
1786886323.074 [OBSTACLES] cur_s=14.93 cur_d=0.03 vs=2.50 n=0 [none]
1786886323.575 [OBSTACLES] cur_s=15.79 cur_d=0.00 vs=1.97 n=0 [none]
1786886324.084 [OBSTACLES] cur_s=17.06 cur_d=0.28 vs=2.16 n=0 [none]
1786886324.587 [OBSTACLES] cur_s=18.23 cur_d=0.18 vs=2.52 n=0 [none]
1786886325.052 [STATE_CHANGE] GB_TRACK -> LOSTLINE src=GB_TRACK s=20.02 d=0.29 vs=3.63
1786886325.125 [OBSTACLES] cur_s=20.33 cur_d=0.29 vs=3.87 n=0 [none]
1786886325.126 [STATE_CHANGE] LOSTLINE -> GB_TRACK src=GB_TRACK s=20.33 d=0.29 vs=3.87
1786886325.633 [OBSTACLES] cur_s=22.27 cur_d=-0.15 vs=4.61 n=0 [none]
1786886325.818 [STATE_CHANGE] GB_TRACK -> LOSTLINE src=GB_TRACK s=23.06 d=-0.29 vs=4.52
1786886326.025 [STATE_CHANGE] LOSTLINE -> GB_TRACK src=GB_TRACK s=23.89 d=-0.28 vs=4.17
1786886326.137 [OBSTACLES] cur_s=24.37 cur_d=-0.19 vs=3.87 n=0 [none]
1786886326.659 [OBSTACLES] cur_s=26.19 cur_d=0.11 vs=3.27 n=0 [none]
1786886327.181 [OBSTACLES] cur_s=27.48 cur_d=0.18 vs=3.01 n=0 [none]
1786886327.701 [OBSTACLES] cur_s=29.24 cur_d=0.17 vs=2.84 n=0 [none]
1786886328.216 [OBSTACLES] cur_s=30.67 cur_d=0.22 vs=2.86 n=0 [none]
1786886328.434 [STATE_CHANGE] GB_TRACK -> LOSTLINE src=GB_TRACK s=31.14 d=0.31 vs=2.84
1786886328.721 [OBSTACLES] cur_s=32.04 cur_d=0.29 vs=2.71 n=0 [none]
1786886328.722 [STATE_CHANGE] LOSTLINE -> GB_TRACK src=GB_TRACK s=32.04 d=0.29 vs=2.71
1786886329.234 [OBSTACLES] cur_s=33.58 cur_d=0.30 vs=2.60 n=0 [none]
1786886329.254 [STATE_CHANGE] GB_TRACK -> LOSTLINE src=GB_TRACK s=33.58 d=0.30 vs=2.60
1786886329.756 [OBSTACLES] cur_s=1.01 cur_d=0.43 vs=3.02 n=0 [none]
1786886329.979 [STATE_CHANGE] LOSTLINE -> GB_TRACK src=GB_TRACK s=1.74 d=0.27 vs=3.26
1786886330.266 [OBSTACLES] cur_s=2.71 cur_d=0.10 vs=3.93 n=0 [none]
1786886330.847 [OBSTACLES] cur_s=4.53 cur_d=0.17 vs=4.92 n=0 [none]
1786886331.365 [OBSTACLES] cur_s=7.37 cur_d=-0.20 vs=4.32 n=0 [none]
1786886331.905 [OBSTACLES] cur_s=9.21 cur_d=0.01 vs=2.88 n=0 [none]
1786886332.451 [OBSTACLES] cur_s=10.41 cur_d=-0.01 vs=2.14 n=0 [none]
1786886332.992 [OBSTACLES] cur_s=11.50 cur_d=0.24 vs=1.78 n=0 [none]
1786886333.507 [OBSTACLES] cur_s=12.85 cur_d=0.15 vs=2.38 n=0 [none]
1786886334.038 [OBSTACLES] cur_s=14.20 cur_d=0.17 vs=2.93 n=0 [none]
1786886334.587 [OBSTACLES] cur_s=15.51 cur_d=-0.00 vs=1.96 n=0 [none]
1786886335.125 [OBSTACLES] cur_s=16.59 cur_d=0.27 vs=1.92 n=0 [none]
1786886335.193 [STATE_CHANGE] GB_TRACK -> LOSTLINE src=GB_TRACK s=16.73 d=0.29 vs=1.98
1786886335.620 [STATE_CHANGE] LOSTLINE -> GB_TRACK src=GB_TRACK s=17.80 d=0.19 vs=2.27
1786886335.654 [OBSTACLES] cur_s=17.91 cur_d=0.17 vs=2.35 n=0 [none]
1786886336.173 [OBSTACLES] cur_s=19.48 cur_d=0.19 vs=3.17 n=0 [none]
1786886336.273 [STATE_CHANGE] GB_TRACK -> LOSTLINE src=GB_TRACK s=20.01 d=0.29 vs=3.56
1786886336.567 [STATE_CHANGE] LOSTLINE -> GB_TRACK src=GB_TRACK s=20.90 d=0.28 vs=4.12
1786886336.691 [OBSTACLES] cur_s=21.65 cur_d=0.11 vs=4.49 n=0 [none]
1786886337.064 [STATE_CHANGE] GB_TRACK -> LOSTLINE src=GB_TRACK s=23.28 d=-0.29 vs=4.40
1786886337.214 [OBSTACLES] cur_s=23.78 cur_d=-0.30 vs=4.33 n=0 [none]
1786886337.261 [STATE_CHANGE] LOSTLINE -> GB_TRACK src=GB_TRACK s=24.06 d=-0.27 vs=4.12
1786886337.532 [STATIC_OT_TRANSITION] first_valid_path_to_overtake_ms=0.0
1786886337.536 [STATIC_OT] state=GB_TRACK path_exists=1 path_locked=0 path_ttl_ok=1 path_safe=1 on_spline=1 speed=3.72 raw_wpnts=112 raw_age=0.09s decision=OVERTAKE
1786886337.536 [STATE_CHANGE] GB_TRACK -> OVERTAKE src=OVERTAKE s=25.08 d=-0.04 vs=3.72
1786886337.734 [OBSTACLES] cur_s=25.86 cur_d=0.13 vs=3.35 n=1 [id=4 static=1 gap=2.91m d=0.22 size=0.25]
1786886338.275 [OBSTACLES] cur_s=27.28 cur_d=0.04 vs=3.51 n=1 [id=4 static=1 gap=1.52m d=0.23 size=0.27]
1786886338.817 [OBSTACLES] cur_s=28.84 cur_d=0.19 vs=3.05 n=0 [none]
1786886339.340 [OBSTACLES] cur_s=30.14 cur_d=-0.25 vs=3.10 n=0 [none]
1786886339.868 [OBSTACLES] cur_s=31.73 cur_d=-0.01 vs=3.46 n=0 [none]
1786886340.422 [OBSTACLES] cur_s=34.00 cur_d=0.31 vs=3.31 n=0 [none]
1786886340.834 [STATE_CHANGE] OVERTAKE -> LOSTLINE src=GB_TRACK s=0.93 d=0.22 vs=3.29
1786886340.885 [STATE_CHANGE] LOSTLINE -> GB_TRACK src=GB_TRACK s=1.05 d=0.21 vs=3.30
1786886340.932 [OBSTACLES] cur_s=1.28 cur_d=0.21 vs=3.39 n=0 [none]
1786886341.493 [OBSTACLES] cur_s=3.59 cur_d=0.12 vs=4.39 n=0 [none]
1786886342.008 [OBSTACLES] cur_s=5.52 cur_d=-0.10 vs=4.93 n=0 [none]
1786886342.527 [OBSTACLES] cur_s=7.94 cur_d=-0.02 vs=3.80 n=0 [none]
1786886343.052 [OBSTACLES] cur_s=9.21 cur_d=0.04 vs=2.79 n=0 [none]
1786886343.567 [OBSTACLES] cur_s=10.56 cur_d=0.01 vs=2.15 n=0 [none]
1786886344.093 [OBSTACLES] cur_s=11.55 cur_d=0.22 vs=1.83 n=0 [none]
1786886344.622 [OBSTACLES] cur_s=12.76 cur_d=0.22 vs=2.45 n=0 [none]
1786886345.178 [OBSTACLES] cur_s=14.55 cur_d=0.11 vs=2.81 n=0 [none]
1786886345.685 [OBSTACLES] cur_s=15.69 cur_d=0.08 vs=1.98 n=0 [none]
1786886346.118 [STATE_CHANGE] GB_TRACK -> LOSTLINE src=GB_TRACK s=16.63 d=0.29 vs=1.97
1786886346.200 [OBSTACLES] cur_s=16.82 cur_d=0.29 vs=2.07 n=0 [none]
1786886346.200 [STATE_CHANGE] LOSTLINE -> GB_TRACK src=GB_TRACK s=16.82 d=0.29 vs=2.07
1786886346.722 [OBSTACLES] cur_s=18.03 cur_d=0.19 vs=2.50 n=0 [none]
1786886347.239 [OBSTACLES] cur_s=19.91 cur_d=0.21 vs=3.62 n=0 [none]
1786886347.740 [OBSTACLES] cur_s=22.06 cur_d=-0.13 vs=4.90 n=0 [none]
1786886348.244 [OBSTACLES] cur_s=24.17 cur_d=-0.06 vs=4.39 n=0 [none]
1786886348.767 [OBSTACLES] cur_s=26.12 cur_d=0.14 vs=3.36 n=0 [none]
1786886349.268 [OBSTACLES] cur_s=27.23 cur_d=0.19 vs=3.03 n=0 [none]
1786886349.793 [OBSTACLES] cur_s=28.70 cur_d=0.18 vs=2.81 n=0 [none]
1786886350.338 [OBSTACLES] cur_s=30.50 cur_d=0.18 vs=2.86 n=0 [none]
1786886350.562 [STATE_CHANGE] GB_TRACK -> LOSTLINE src=GB_TRACK s=31.03 d=0.29 vs=2.83
1786886350.945 [OBSTACLES] cur_s=32.41 cur_d=0.20 vs=2.50 n=0 [none]
1786886350.945 [STATE_CHANGE] LOSTLINE -> GB_TRACK src=GB_TRACK s=32.41 d=0.20 vs=2.50
1786886351.419 [STATE_CHANGE] GB_TRACK -> LOSTLINE src=GB_TRACK s=33.65 d=0.30 vs=2.56
1786886351.485 [OBSTACLES] cur_s=33.93 cur_d=0.37 vs=2.60 n=0 [none]
1786886351.993 [OBSTACLES] cur_s=0.95 cur_d=0.36 vs=3.03 n=0 [none]
1786886352.140 [STATE_CHANGE] LOSTLINE -> GB_TRACK src=GB_TRACK s=1.40 d=0.25 vs=3.08
1786886352.510 [OBSTACLES] cur_s=2.79 cur_d=0.11 vs=3.96 n=0 [none]
1786886353.019 [OBSTACLES] cur_s=4.45 cur_d=0.18 vs=4.90 n=0 [none]
1786886353.533 [OBSTACLES] cur_s=7.14 cur_d=-0.22 vs=4.35 n=0 [none]
1786886354.050 [OBSTACLES] cur_s=8.68 cur_d=-0.11 vs=3.26 n=0 [none]
1786886354.576 [OBSTACLES] cur_s=10.28 cur_d=-0.01 vs=2.26 n=0 [none]
1786886355.114 [OBSTACLES] cur_s=11.38 cur_d=0.18 vs=1.83 n=0 [none]
1786886355.660 [OBSTACLES] cur_s=12.63 cur_d=0.20 vs=2.27 n=0 [none]
1786886356.225 [OBSTACLES] cur_s=14.37 cur_d=0.12 vs=2.92 n=0 [none]
1786886356.869 [OBSTACLES] cur_s=15.73 cur_d=0.02 vs=1.97 n=0 [none]
1786886357.325 [STATE_CHANGE] GB_TRACK -> LOSTLINE src=GB_TRACK s=16.47 d=0.29 vs=1.91
1786886357.388 [OBSTACLES] cur_s=16.68 cur_d=0.31 vs=1.95 n=0 [none]
1786886357.555 [STATE_CHANGE] LOSTLINE -> GB_TRACK src=GB_TRACK s=17.32 d=0.27 vs=2.07
1786886357.909 [OBSTACLES] cur_s=18.32 cur_d=0.12 vs=2.40 n=0 [none]
1786886358.418 [OBSTACLES] cur_s=19.79 cur_d=0.27 vs=3.69 n=0 [none]
1786886358.937 [OBSTACLES] cur_s=21.87 cur_d=-0.08 vs=4.72 n=0 [none]
1786886359.461 [OBSTACLES] cur_s=24.63 cur_d=-0.01 vs=4.08 n=0 [none]
1786886360.010 [OBSTACLES] cur_s=26.29 cur_d=0.15 vs=3.28 n=0 [none]
1786886360.553 [OBSTACLES] cur_s=27.53 cur_d=0.27 vs=3.02 n=0 [none]
1786886361.083 [OBSTACLES] cur_s=29.27 cur_d=0.13 vs=2.82 n=0 [none]
1786886361.597 [OBSTACLES] cur_s=30.91 cur_d=0.30 vs=2.85 n=0 [none]
1786886361.597 [STATE_CHANGE] GB_TRACK -> LOSTLINE src=GB_TRACK s=30.91 d=0.30 vs=2.85
1786886362.085 [STATE_CHANGE] LOSTLINE -> GB_TRACK src=GB_TRACK s=32.02 d=0.27 vs=2.69
1786886362.124 [OBSTACLES] cur_s=32.14 cur_d=0.24 vs=2.67 n=0 [none]
1786886362.568 [STATE_CHANGE] GB_TRACK -> LOSTLINE src=GB_TRACK s=33.72 d=0.34 vs=2.57
1786886362.626 [OBSTACLES] cur_s=33.96 cur_d=0.37 vs=2.60 n=0 [none]
1786886363.152 [OBSTACLES] cur_s=1.22 cur_d=0.33 vs=3.07 n=0 [none]
1786886363.227 [STATE_CHANGE] LOSTLINE -> GB_TRACK src=GB_TRACK s=1.40 d=0.28 vs=3.10
1786886363.660 [OBSTACLES] cur_s=2.91 cur_d=0.12 vs=3.90 n=0 [none]
1786886364.182 [OBSTACLES] cur_s=5.06 cur_d=0.15 vs=4.90 n=0 [none]
1786886364.690 [OBSTACLES] cur_s=7.42 cur_d=-0.13 vs=4.11 n=0 [none]
1786886365.204 [OBSTACLES] cur_s=8.64 cur_d=-0.03 vs=3.00 n=0 [none]
1786886365.739 [OBSTACLES] cur_s=10.14 cur_d=-0.02 vs=2.44 n=0 [none]
1786886366.298 [OBSTACLES] cur_s=11.14 cur_d=0.17 vs=1.90 n=0 [none]
1786886366.846 [OBSTACLES] cur_s=12.39 cur_d=0.18 vs=2.14 n=0 [none]
1786886367.356 [OBSTACLES] cur_s=13.79 cur_d=0.19 vs=3.07 n=0 [none]
1786886367.894 [OBSTACLES] cur_s=15.17 cur_d=0.14 vs=2.25 n=0 [none]
1786886368.401 [OBSTACLES] cur_s=16.37 cur_d=0.30 vs=2.01 n=0 [none]
1786886368.401 [STATE_CHANGE] GB_TRACK -> LOSTLINE src=GB_TRACK s=16.37 d=0.30 vs=2.01
1786886368.758 [STATE_CHANGE] LOSTLINE -> GB_TRACK src=GB_TRACK s=17.12 d=0.28 vs=2.20
1786886368.919 [OBSTACLES] cur_s=17.47 cur_d=0.22 vs=2.31 n=0 [none]
1786886369.455 [OBSTACLES] cur_s=19.40 cur_d=0.18 vs=3.31 n=0 [none]
1786886369.971 [OBSTACLES] cur_s=21.43 cur_d=0.06 vs=4.60 n=0 [none]
1786886370.501 [OBSTACLES] cur_s=23.98 cur_d=-0.18 vs=4.49 n=0 [none]
1786886371.019 [OBSTACLES] cur_s=25.87 cur_d=0.08 vs=3.42 n=0 [none]
1786886371.524 [OBSTACLES] cur_s=27.31 cur_d=0.15 vs=3.08 n=0 [none]
1786886371.735 [STATE_CHANGE] GB_TRACK -> LOSTLINE src=GB_TRACK s=27.43 d=0.37 vs=3.00
1786886372.044 [OBSTACLES] cur_s=28.85 cur_d=0.40 vs=2.56 n=0 [none]
1786886372.169 [STATE_CHANGE] LOSTLINE -> GB_TRACK src=GB_TRACK s=29.13 d=0.28 vs=2.53
1786886372.584 [OBSTACLES] cur_s=29.91 cur_d=-0.06 vs=2.55 n=0 [none]
1786886373.104 [OBSTACLES] cur_s=31.13 cur_d=0.17 vs=2.67 n=0 [none]
1786886373.618 [OBSTACLES] cur_s=32.74 cur_d=0.10 vs=2.45 n=0 [none]
1786886374.116 [STATE_CHANGE] GB_TRACK -> LOSTLINE src=GB_TRACK s=34.05 d=0.29 vs=2.60
1786886374.161 [OBSTACLES] cur_s=34.21 cur_d=0.33 vs=2.64 n=0 [none]
1786886374.690 [OBSTACLES] cur_s=1.55 cur_d=0.32 vs=3.17 n=0 [none]
1786886374.754 [STATE_CHANGE] LOSTLINE -> GB_TRACK src=GB_TRACK s=1.94 d=0.22 vs=3.34
1786886375.213 [OBSTACLES] cur_s=3.23 cur_d=0.07 vs=4.37 n=0 [none]
1786886375.721 [OBSTACLES] cur_s=5.04 cur_d=0.08 vs=4.93 n=0 [none]
1786886376.222 [OBSTACLES] cur_s=7.49 cur_d=-0.12 vs=4.28 n=0 [none]
1786886376.729 [OBSTACLES] cur_s=9.48 cur_d=0.02 vs=2.78 n=0 [none]
1786886377.241 [OBSTACLES] cur_s=10.60 cur_d=0.03 vs=2.11 n=0 [none]
1786886377.770 [OBSTACLES] cur_s=11.73 cur_d=0.21 vs=1.98 n=0 [none]
1786886378.305 [OBSTACLES] cur_s=13.00 cur_d=0.21 vs=2.56 n=0 [none]
1786886378.814 [OBSTACLES] cur_s=14.38 cur_d=0.08 vs=2.95 n=0 [none]
1786886379.322 [OBSTACLES] cur_s=15.63 cur_d=0.06 vs=2.05 n=0 [none]
1786886379.863 [OBSTACLES] cur_s=16.74 cur_d=0.26 vs=2.12 n=0 [none]
1786886380.306 [STATE_CHANGE] GB_TRACK -> LOSTLINE src=GB_TRACK s=18.19 d=0.29 vs=2.49
1786886380.367 [OBSTACLES] cur_s=18.53 cur_d=0.29 vs=2.64 n=0 [none]
1786886380.732 [STATE_CHANGE] LOSTLINE -> GB_TRACK src=GB_TRACK s=19.50 d=0.28 vs=3.38
1786886380.891 [OBSTACLES] cur_s=20.06 cur_d=0.21 vs=3.72 n=0 [none]
1786886381.399 [OBSTACLES] cur_s=22.14 cur_d=-0.11 vs=4.88 n=0 [none]
1786886381.931 [OBSTACLES] cur_s=24.83 cur_d=0.06 vs=3.99 n=0 [none]
1786886382.453 [OBSTACLES] cur_s=26.20 cur_d=0.10 vs=3.30 n=0 [none]
1786886382.992 [OBSTACLES] cur_s=27.68 cur_d=0.28 vs=2.99 n=0 [none]
1786886383.493 [OBSTACLES] cur_s=29.20 cur_d=0.08 vs=2.74 n=0 [none]
1786886383.997 [OBSTACLES] cur_s=30.71 cur_d=0.25 vs=2.87 n=0 [none]
1786886384.099 [STATE_CHANGE] GB_TRACK -> LOSTLINE src=GB_TRACK s=31.01 d=0.30 vs=2.87
1786886384.320 [STATE_CHANGE] LOSTLINE -> GB_TRACK src=GB_TRACK s=31.77 d=0.28 vs=2.76
1786886384.582 [OBSTACLES] cur_s=32.62 cur_d=0.18 vs=2.53 n=0 [none]
1786886384.899 [STATE_CHANGE] GB_TRACK -> LOSTLINE src=GB_TRACK s=33.44 d=0.31 vs=2.58
1786886385.087 [OBSTACLES] cur_s=34.15 cur_d=0.41 vs=2.64 n=0 [none]
1786886385.571 [STATE_CHANGE] LOSTLINE -> GB_TRACK src=GB_TRACK s=1.56 d=0.27 vs=3.22
1786886385.594 [OBSTACLES] cur_s=1.56 cur_d=0.27 vs=3.21 n=0 [none]
1786886386.094 [OBSTACLES] cur_s=2.72 cur_d=0.19 vs=3.95 n=0 [none]
1786886386.615 [OBSTACLES] cur_s=5.45 cur_d=-0.02 vs=4.87 n=0 [none]
1786886387.165 [OBSTACLES] cur_s=7.83 cur_d=-0.06 vs=3.93 n=0 [none]
1786886387.771 [OBSTACLES] cur_s=9.52 cur_d=0.13 vs=2.49 n=0 [none]
1786886388.310 [OBSTACLES] cur_s=10.50 cur_d=0.05 vs=2.17 n=0 [none]
1786886388.839 [OBSTACLES] cur_s=11.64 cur_d=0.22 vs=1.96 n=0 [none]
1786886389.405 [OBSTACLES] cur_s=12.98 cur_d=0.23 vs=2.69 n=0 [none]
1786886389.932 [OBSTACLES] cur_s=14.57 cur_d=0.04 vs=2.68 n=0 [none]
1786886390.437 [OBSTACLES] cur_s=15.68 cur_d=0.07 vs=2.01 n=0 [none]
1786886390.882 [STATE_CHANGE] GB_TRACK -> LOSTLINE src=GB_TRACK s=16.74 d=0.29 vs=2.13
1786886391.150 [OBSTACLES] cur_s=17.53 cur_d=0.27 vs=2.33 n=0 [none]
1786886391.152 [STATE_CHANGE] LOSTLINE -> GB_TRACK src=GB_TRACK s=17.53 d=0.27 vs=2.33
1786886391.531 [STATE_CHANGE] GB_TRACK -> LOSTLINE src=GB_TRACK s=18.25 d=0.29 vs=2.64
1786886391.547 [STATE_CHANGE] LOSTLINE -> GB_TRACK src=GB_TRACK s=18.30 d=0.29 vs=2.68
1786886391.656 [OBSTACLES] cur_s=19.12 cur_d=0.28 vs=2.98 n=0 [none]
1786886392.164 [OBSTACLES] cur_s=20.76 cur_d=0.12 vs=4.12 n=0 [none]
1786886392.667 [OBSTACLES] cur_s=23.65 cur_d=-0.12 vs=4.62 n=0 [none]
1786886393.198 [OBSTACLES] cur_s=25.68 cur_d=0.13 vs=3.53 n=0 [none]
1786886393.722 [OBSTACLES] cur_s=26.88 cur_d=0.18 vs=3.10 n=0 [none]
1786886394.236 [OBSTACLES] cur_s=28.28 cur_d=0.22 vs=2.89 n=0 [none]
1786886394.749 [OBSTACLES] cur_s=30.01 cur_d=0.26 vs=2.87 n=0 [none]
1786886394.967 [STATE_CHANGE] GB_TRACK -> LOSTLINE src=GB_TRACK s=30.56 d=0.29 vs=2.88
1786886395.256 [OBSTACLES] cur_s=31.41 cur_d=0.28 vs=2.81 n=0 [none]
1786886395.258 [STATE_CHANGE] LOSTLINE -> GB_TRACK src=GB_TRACK s=31.41 d=0.28 vs=2.81
1786886395.882 [OBSTACLES] cur_s=32.87 cur_d=0.24 vs=2.63 n=0 [none]
1786886396.158 [STATE_CHANGE] GB_TRACK -> LOSTLINE src=GB_TRACK s=33.43 d=0.35 vs=2.59
1786886396.431 [OBSTACLES] cur_s=34.40 cur_d=0.39 vs=2.75 n=0 [none]
1786886396.613 [STATE_CHANGE] LOSTLINE -> GB_TRACK src=GB_TRACK s=1.14 d=0.28 vs=2.87
1786886396.998 [OBSTACLES] cur_s=2.56 cur_d=0.13 vs=3.62 n=0 [none]
1786886397.506 [OBSTACLES] cur_s=4.95 cur_d=0.10 vs=4.89 n=0 [none]
1786886398.018 [OBSTACLES] cur_s=6.94 cur_d=-0.19 vs=4.47 n=0 [none]
1786886398.532 [OBSTACLES] cur_s=8.85 cur_d=0.02 vs=3.15 n=0 [none]
1786886399.036 [OBSTACLES] cur_s=10.03 cur_d=0.07 vs=2.28 n=0 [none]
1786886399.546 [OBSTACLES] cur_s=10.95 cur_d=0.25 vs=1.91 n=0 [none]
1786886400.067 [OBSTACLES] cur_s=11.87 cur_d=0.17 vs=1.97 n=0 [none]
1786886400.644 [OBSTACLES] cur_s=13.50 cur_d=0.07 vs=2.98 n=0 [none]
1786886401.175 [OBSTACLES] cur_s=15.06 cur_d=0.09 vs=2.44 n=0 [none]
1786886401.689 [OBSTACLES] cur_s=16.00 cur_d=0.21 vs=1.98 n=0 [none]
1786886402.211 [OBSTACLES] cur_s=17.43 cur_d=0.30 vs=2.36 n=0 [none]
1786886402.216 [STATE_CHANGE] GB_TRACK -> LOSTLINE src=GB_TRACK s=17.43 d=0.30 vs=2.36
1786886402.579 [STATE_CHANGE] LOSTLINE -> GB_TRACK src=GB_TRACK s=18.44 d=0.29 vs=2.72
1786886402.720 [OBSTACLES] cur_s=19.03 cur_d=0.24 vs=3.01 n=0 [none]
1786886403.220 [OBSTACLES] cur_s=20.93 cur_d=0.13 vs=4.35 n=0 [none]
1786886403.799 [OBSTACLES] cur_s=23.71 cur_d=-0.09 vs=4.56 n=0 [none]
1786886404.335 [OBSTACLES] cur_s=25.72 cur_d=0.05 vs=3.42 n=0 [none]
1786886404.907 [OBSTACLES] cur_s=26.91 cur_d=0.24 vs=3.11 n=0 [none]
1786886405.451 [OBSTACLES] cur_s=28.78 cur_d=0.12 vs=2.86 n=0 [none]
1786886405.952 [OBSTACLES] cur_s=30.26 cur_d=0.24 vs=2.86 n=0 [none]
1786886406.150 [STATE_CHANGE] GB_TRACK -> LOSTLINE src=GB_TRACK s=30.90 d=0.30 vs=2.87
1786886406.323 [STATE_CHANGE] LOSTLINE -> GB_TRACK src=GB_TRACK s=31.43 d=0.29 vs=2.82
1786886406.484 [OBSTACLES] cur_s=31.96 cur_d=0.23 vs=2.73 n=0 [none]
1786886406.925 [STATE_CHANGE] GB_TRACK -> LOSTLINE src=GB_TRACK s=33.23 d=0.30 vs=2.61
1786886407.015 [OBSTACLES] cur_s=33.49 cur_d=0.35 vs=2.60 n=0 [none]
1786886407.611 [OBSTACLES] cur_s=1.09 cur_d=0.32 vs=3.01 n=0 [none]
1786886407.678 [STATE_CHANGE] LOSTLINE -> GB_TRACK src=GB_TRACK s=1.28 d=0.29 vs=3.12
1786886408.126 [OBSTACLES] cur_s=2.71 cur_d=0.21 vs=3.95 n=0 [none]
1786886408.641 [OBSTACLES] cur_s=5.34 cur_d=-0.01 vs=4.91 n=0 [none]
1786886409.157 [OBSTACLES] cur_s=7.71 cur_d=-0.07 vs=4.06 n=0 [none]
1786886409.659 [OBSTACLES] cur_s=9.36 cur_d=0.13 vs=2.86 n=0 [none]
1786886410.168 [OBSTACLES] cur_s=10.16 cur_d=0.11 vs=2.19 n=0 [none]
1786886410.506 [STATE_CHANGE] GB_TRACK -> LOSTLINE src=GB_TRACK s=10.70 d=0.31 vs=1.89
1786886410.733 [OBSTACLES] cur_s=11.25 cur_d=0.29 vs=1.86 n=0 [none]
1786886410.786 [STATE_CHANGE] LOSTLINE -> GB_TRACK src=GB_TRACK s=11.35 d=0.23 vs=1.80
1786886411.235 [OBSTACLES] cur_s=12.16 cur_d=0.05 vs=1.89 n=0 [none]
1786886411.767 [OBSTACLES] cur_s=13.46 cur_d=0.03 vs=2.95 n=0 [none]
1786886412.318 [OBSTACLES] cur_s=14.87 cur_d=0.10 vs=2.58 n=0 [none]
1786886412.830 [OBSTACLES] cur_s=16.02 cur_d=0.19 vs=1.97 n=0 [none]
1786886413.128 [STATE_CHANGE] GB_TRACK -> LOSTLINE src=GB_TRACK s=16.93 d=0.31 vs=2.15
1786886413.355 [OBSTACLES] cur_s=17.52 cur_d=0.33 vs=2.31 n=0 [none]
1786886413.700 [STATE_CHANGE] LOSTLINE -> GB_TRACK src=GB_TRACK s=18.72 d=0.28 vs=2.78
1786886413.859 [OBSTACLES] cur_s=19.15 cur_d=0.22 vs=3.05 n=0 [none]
1786886414.417 [OBSTACLES] cur_s=21.15 cur_d=0.10 vs=4.47 n=0 [none]
1786886414.935 [OBSTACLES] cur_s=23.57 cur_d=-0.10 vs=4.56 n=0 [none]
1786886415.451 [OBSTACLES] cur_s=25.58 cur_d=-0.00 vs=3.57 n=0 [none]
1786886415.980 [OBSTACLES] cur_s=27.17 cur_d=0.16 vs=3.10 n=0 [none]
1786886416.203 [STATE_CHANGE] GB_TRACK -> LOSTLINE src=GB_TRACK s=27.49 d=0.43 vs=2.99
1786886416.480 [OBSTACLES] cur_s=28.70 cur_d=0.38 vs=2.77 n=0 [none]
1786886416.570 [STATE_CHANGE] LOSTLINE -> GB_TRACK src=GB_TRACK s=28.98 d=0.28 vs=2.54
1786886417.000 [OBSTACLES] cur_s=30.08 cur_d=0.09 vs=2.63 n=0 [none]
1786886417.517 [OBSTACLES] cur_s=31.14 cur_d=0.25 vs=2.87 n=0 [none]
1786886418.021 [OBSTACLES] cur_s=32.63 cur_d=0.13 vs=2.53 n=0 [none]
1786886418.408 [STATE_CHANGE] GB_TRACK -> LOSTLINE src=GB_TRACK s=34.07 d=0.38 vs=2.64
1786886418.551 [OBSTACLES] cur_s=0.26 cur_d=0.45 vs=2.82 n=0 [none]
1786886419.055 [OBSTACLES] cur_s=1.91 cur_d=0.21 vs=3.30 n=0 [none]
1786886419.055 [STATE_CHANGE] LOSTLINE -> GB_TRACK src=GB_TRACK s=1.91 d=0.21 vs=3.30
1786886419.574 [OBSTACLES] cur_s=3.58 cur_d=0.17 vs=4.61 n=0 [none]
1786886420.093 [OBSTACLES] cur_s=6.00 cur_d=-0.04 vs=4.89 n=0 [none]
1786886420.614 [OBSTACLES] cur_s=8.25 cur_d=-0.07 vs=3.71 n=0 [none]
1786886421.165 [OBSTACLES] cur_s=9.49 cur_d=0.06 vs=2.50 n=0 [none]
1786886421.722 [OBSTACLES] cur_s=10.83 cur_d=0.03 vs=2.07 n=0 [none]
1786886422.254 [OBSTACLES] cur_s=11.82 cur_d=0.24 vs=1.98 n=0 [none]
1786886422.795 [OBSTACLES] cur_s=13.12 cur_d=0.20 vs=2.68 n=0 [none]
1786886423.390 [OBSTACLES] cur_s=14.72 cur_d=0.11 vs=2.71 n=0 [none]
1786886423.912 [OBSTACLES] cur_s=16.07 cur_d=0.25 vs=1.96 n=0 [none]
1786886424.060 [STATE_CHANGE] GB_TRACK -> LOSTLINE src=GB_TRACK s=16.31 d=0.29 vs=2.02
1786886424.297 [STATE_CHANGE] LOSTLINE -> GB_TRACK src=GB_TRACK s=16.93 d=0.29 vs=2.14
1786886424.461 [OBSTACLES] cur_s=17.29 cur_d=0.23 vs=2.18 n=0 [none]
1786886424.977 [OBSTACLES] cur_s=18.80 cur_d=0.27 vs=2.87 n=0 [none]
1786886425.505 [OBSTACLES] cur_s=20.50 cur_d=0.07 vs=4.07 n=0 [none]
1786886426.038 [OBSTACLES] cur_s=23.26 cur_d=-0.05 vs=4.74 n=0 [none]
1786886426.700 [OBSTACLES] cur_s=25.77 cur_d=0.08 vs=3.47 n=0 [none]
1786886427.212 [OBSTACLES] cur_s=26.73 cur_d=0.24 vs=3.12 n=0 [none]
1786886427.644 [STATE_CHANGE] GB_TRACK -> LOSTLINE src=GB_TRACK s=27.93 d=0.35 vs=2.95
1786886427.712 [OBSTACLES] cur_s=28.00 cur_d=0.33 vs=2.93 n=0 [none]
1786886427.961 [STATE_CHANGE] LOSTLINE -> GB_TRACK src=GB_TRACK s=28.50 d=0.14 vs=2.39
1786886428.980 [OBSTACLES] cur_s=29.87 cur_d=-0.76 vs=1.49 n=0 [none]
1786886428.980 [STATE_CHANGE] GB_TRACK -> LOSTLINE src=GB_TRACK s=29.87 d=-0.76 vs=1.49
1786886429.620 [OBSTACLES] cur_s=30.77 cur_d=-0.34 vs=1.73 n=0 [none]
1786886430.160 [OBSTACLES] cur_s=30.98 cur_d=-0.77 vs=1.99 n=0 [none]
1786886430.669 [OBSTACLES] cur_s=31.92 cur_d=-0.33 vs=1.79 n=0 [none]
1786886430.707 [STATE_CHANGE] LOSTLINE -> GB_TRACK src=GB_TRACK s=31.98 d=-0.27 vs=1.58
1786886430.812 [STATE_CHANGE] GB_TRACK -> LOSTLINE src=GB_TRACK s=32.88 d=0.48 vs=1.07
1786886431.182 [OBSTACLES] cur_s=33.26 cur_d=0.55 vs=0.54 n=0 [none]
1786886431.702 [OBSTACLES] cur_s=33.72 cur_d=0.89 vs=0.10 n=0 [none]
1786886432.233 [OBSTACLES] cur_s=33.98 cur_d=1.04 vs=0.38 n=0 [none]
1786886432.756 [OBSTACLES] cur_s=34.34 cur_d=1.21 vs=0.56 n=0 [none]
1786886433.266 [OBSTACLES] cur_s=0.21 cur_d=1.35 vs=0.14 n=0 [none]
1786886433.973 [OBSTACLES] cur_s=0.43 cur_d=1.41 vs=0.00 n=0 [none]
1786886434.490 [OBSTACLES] cur_s=0.43 cur_d=1.41 vs=0.00 n=0 [none]
1786886435.004 [OBSTACLES] cur_s=0.40 cur_d=1.40 vs=-0.16 n=0 [none]
1786886435.531 [OBSTACLES] cur_s=0.37 cur_d=1.39 vs=-0.13 n=0 [none]
1786886436.075 [OBSTACLES] cur_s=33.32 cur_d=0.50 vs=-0.46 n=0 [none]
1786886436.465 [STATIC_OT] state=GB_TRACK path_exists=1 path_locked=0 path_ttl_ok=1 path_safe=0 on_spline=1 speed=-2.02 raw_wpnts=81 raw_age=0.22s decision=TRAILING reason=PATH_BLOCKED blocked_obs_id=8 gap=0.55m free_dist=-0.039m branch=static/geom
1786886436.470 [STATE_CHANGE] LOSTLINE -> TRAILING src=GB_TRACK s=33.37 d=0.11 vs=-2.02
1786886436.676 [OBSTACLES] cur_s=32.42 cur_d=0.01 vs=-1.24 n=1 [id=8 static=1 gap=1.29m d=0.04 size=0.41]
1786886436.692 [STATIC_OT] state=TRAILING path_exists=1 path_locked=0 path_ttl_ok=1 path_safe=1 on_spline=0 speed=-1.24 raw_wpnts=81 raw_age=0.37s decision=OVERTAKE
1786886436.696 [STATE_CHANGE] TRAILING -> OVERTAKE src=OVERTAKE s=32.42 d=0.01 vs=-1.24
1786886436.765 [STATE_CHANGE] OVERTAKE -> LOSTLINE src=GB_TRACK s=32.21 d=-0.17 vs=-1.13
1786886436.845 [STATE_CHANGE] LOSTLINE -> GB_TRACK src=GB_TRACK s=32.16 d=-0.23 vs=-1.05
1786886436.919 [STATE_CHANGE] GB_TRACK -> LOSTLINE src=GB_TRACK s=32.10 d=-0.30 vs=-1.10
1786886437.245 [OBSTACLES] cur_s=31.98 cur_d=-0.58 vs=-0.06 n=0 [none]
1786886437.767 [OBSTACLES] cur_s=31.56 cur_d=-0.63 vs=-0.56 n=0 [none]
1786886438.338 [OBSTACLES] cur_s=31.49 cur_d=-0.67 vs=0.55 n=0 [none]
1786886438.902 [OBSTACLES] cur_s=31.70 cur_d=-0.87 vs=0.70 n=0 [none]
1786886439.431 [OBSTACLES] cur_s=32.18 cur_d=-0.90 vs=0.81 n=0 [none]
1786886439.934 [OBSTACLES] cur_s=32.32 cur_d=-1.14 vs=0.39 n=0 [none]
1786886440.540 [OBSTACLES] cur_s=32.62 cur_d=-1.27 vs=1.05 n=0 [none]
1786886441.052 [OBSTACLES] cur_s=33.19 cur_d=-1.24 vs=1.02 n=0 [none]
1786886441.598 [OBSTACLES] cur_s=33.47 cur_d=-1.54 vs=1.29 n=0 [none]
1786886442.127 [OBSTACLES] cur_s=33.64 cur_d=-2.14 vs=1.77 n=0 [none]
1786886442.630 [OBSTACLES] cur_s=34.17 cur_d=-4.66 vs=2.15 n=0 [none]
1786886443.141 [OBSTACLES] cur_s=34.42 cur_d=-6.45 vs=0.96 n=0 [none]
1786886443.661 [OBSTACLES] cur_s=0.01 cur_d=-8.53 vs=0.59 n=0 [none]
1786886444.196 [OBSTACLES] cur_s=0.00 cur_d=-10.54 vs=0.28 n=0 [none]
1786886444.715 [OBSTACLES] cur_s=0.20 cur_d=-11.88 vs=1.44 n=0 [none]
1786886445.219 [OBSTACLES] cur_s=0.29 cur_d=-12.03 vs=0.55 n=0 [none]
1786886445.737 [OBSTACLES] cur_s=0.24 cur_d=-11.99 vs=0.98 n=0 [none]
1786886446.256 [OBSTACLES] cur_s=0.53 cur_d=-11.59 vs=1.64 n=0 [none]
1786886446.772 [OBSTACLES] cur_s=0.72 cur_d=-11.15 vs=0.99 n=0 [none]
1786886447.282 [OBSTACLES] cur_s=0.80 cur_d=-10.98 vs=0.79 n=0 [none]
1786886447.801 [OBSTACLES] cur_s=0.90 cur_d=-10.85 vs=0.34 n=0 [none]
1786886448.337 [OBSTACLES] cur_s=0.90 cur_d=-10.84 vs=0.00 n=0 [none]
1786886448.871 [OBSTACLES] cur_s=0.90 cur_d=-10.84 vs=0.00 n=0 [none]
1786886449.430 [OBSTACLES] cur_s=0.90 cur_d=-10.84 vs=0.00 n=0 [none]
1786886449.954 [OBSTACLES] cur_s=0.90 cur_d=-10.84 vs=0.00 n=0 [none]
1786886450.486 [OBSTACLES] cur_s=0.90 cur_d=-10.84 vs=0.00 n=0 [none]
1786886451.007 [OBSTACLES] cur_s=0.90 cur_d=-10.84 vs=0.00 n=0 [none]
1786886451.552 [OBSTACLES] cur_s=0.90 cur_d=-10.84 vs=0.00 n=0 [none]
1786886452.079 [OBSTACLES] cur_s=0.90 cur_d=-10.84 vs=0.00 n=0 [none]
1786886452.607 [OBSTACLES] cur_s=0.90 cur_d=-10.84 vs=0.00 n=0 [none]
1786886453.123 [OBSTACLES] cur_s=0.90 cur_d=-10.84 vs=0.00 n=0 [none]
1786886453.626 [OBSTACLES] cur_s=0.90 cur_d=-10.84 vs=0.00 n=0 [none]
1786886454.143 [OBSTACLES] cur_s=0.90 cur_d=-10.84 vs=0.00 n=0 [none]
1786886454.677 [OBSTACLES] cur_s=0.90 cur_d=-10.84 vs=0.00 n=0 [none]
1786886455.215 [OBSTACLES] cur_s=0.90 cur_d=-10.84 vs=0.00 n=0 [none]
1786886455.735 [OBSTACLES] cur_s=0.90 cur_d=-10.84 vs=0.00 n=0 [none]
1786886456.240 [OBSTACLES] cur_s=0.90 cur_d=-10.84 vs=0.00 n=0 [none]
1786886456.759 [OBSTACLES] cur_s=0.90 cur_d=-10.84 vs=0.00 n=0 [none]
1786886457.275 [OBSTACLES] cur_s=0.90 cur_d=-10.84 vs=0.00 n=0 [none]
1786886457.780 [OBSTACLES] cur_s=0.90 cur_d=-10.84 vs=0.00 n=0 [none]
1786886458.353 [OBSTACLES] cur_s=0.90 cur_d=-10.84 vs=0.00 n=0 [none]
1786886458.914 [OBSTACLES] cur_s=0.90 cur_d=-10.84 vs=0.00 n=0 [none]
1786886459.447 [OBSTACLES] cur_s=0.90 cur_d=-10.84 vs=0.00 n=0 [none]
1786886459.985 [OBSTACLES] cur_s=0.90 cur_d=-10.84 vs=0.00 n=0 [none]
1786886460.505 [OBSTACLES] cur_s=0.90 cur_d=-10.84 vs=0.00 n=0 [none]
1786886461.099 [OBSTACLES] cur_s=0.90 cur_d=-10.84 vs=0.00 n=0 [none]
1786886461.605 [OBSTACLES] cur_s=0.90 cur_d=-10.84 vs=0.00 n=0 [none]
1786886462.138 [OBSTACLES] cur_s=0.90 cur_d=-10.84 vs=0.00 n=0 [none]
1786886462.647 [OBSTACLES] cur_s=0.90 cur_d=-10.84 vs=0.00 n=0 [none]
1786886463.165 [OBSTACLES] cur_s=0.90 cur_d=-10.84 vs=0.00 n=0 [none]
1786886463.670 [OBSTACLES] cur_s=0.90 cur_d=-10.84 vs=0.00 n=0 [none]
1786886464.188 [OBSTACLES] cur_s=0.90 cur_d=-10.84 vs=0.00 n=0 [none]
1786886464.695 [OBSTACLES] cur_s=0.90 cur_d=-10.84 vs=0.00 n=0 [none]
1786886465.213 [OBSTACLES] cur_s=0.90 cur_d=-10.84 vs=0.00 n=0 [none]
1786886465.733 [OBSTACLES] cur_s=0.90 cur_d=-10.84 vs=0.00 n=0 [none]
1786886466.242 [OBSTACLES] cur_s=0.90 cur_d=-10.84 vs=0.00 n=0 [none]
1786886466.760 [OBSTACLES] cur_s=0.90 cur_d=-10.84 vs=0.00 n=0 [none]
1786886467.296 [OBSTACLES] cur_s=0.90 cur_d=-10.84 vs=0.00 n=0 [none]
1786886467.798 [OBSTACLES] cur_s=0.90 cur_d=-10.84 vs=0.00 n=0 [none]
1786886468.336 [OBSTACLES] cur_s=0.90 cur_d=-10.84 vs=0.00 n=0 [none]
1786886468.881 [OBSTACLES] cur_s=0.90 cur_d=-10.84 vs=0.00 n=0 [none]
1786886469.391 [OBSTACLES] cur_s=0.90 cur_d=-10.84 vs=0.00 n=0 [none]
1786886469.894 [OBSTACLES] cur_s=0.90 cur_d=-10.84 vs=0.00 n=0 [none]
1786886470.421 [OBSTACLES] cur_s=0.90 cur_d=-10.84 vs=0.00 n=0 [none]
1786886470.928 [OBSTACLES] cur_s=0.90 cur_d=-10.84 vs=0.00 n=0 [none]
1786886471.441 [OBSTACLES] cur_s=0.90 cur_d=-10.84 vs=0.00 n=0 [none]
1786886471.978 [OBSTACLES] cur_s=0.90 cur_d=-10.84 vs=0.00 n=0 [none]
1786886472.522 [OBSTACLES] cur_s=0.90 cur_d=-10.84 vs=0.00 n=0 [none]
1786886473.064 [OBSTACLES] cur_s=0.90 cur_d=-10.84 vs=0.00 n=0 [none]
1786886473.606 [OBSTACLES] cur_s=0.90 cur_d=-10.84 vs=0.00 n=0 [none]
1786886474.111 [OBSTACLES] cur_s=0.90 cur_d=-10.84 vs=0.00 n=0 [none]
1786886474.619 [OBSTACLES] cur_s=0.90 cur_d=-10.84 vs=0.00 n=0 [none]
1786886475.124 [OBSTACLES] cur_s=0.90 cur_d=-10.84 vs=0.00 n=0 [none]
1786886475.627 [OBSTACLES] cur_s=0.90 cur_d=-10.84 vs=0.00 n=0 [none]
1786886476.136 [OBSTACLES] cur_s=0.90 cur_d=-10.84 vs=0.00 n=0 [none]
1786886476.658 [OBSTACLES] cur_s=0.90 cur_d=-10.84 vs=0.00 n=0 [none]
1786886477.194 [OBSTACLES] cur_s=0.90 cur_d=-10.84 vs=0.00 n=0 [none]
1786886477.713 [OBSTACLES] cur_s=0.90 cur_d=-10.84 vs=0.00 n=0 [none]
