# state_machine debug log started 20260816_172743  map='0815test3'
1786868872.022 [OBSTACLES] cur_s=5.28 cur_d=0.40 vs=0.00 n=0 [none]
1786868872.022 [STATE_CHANGE] None -> LOSTLINE src=GB_TRACK s=5.28 d=0.40 vs=0.00
1786868872.561 [OBSTACLES] cur_s=5.27 cur_d=0.40 vs=0.00 n=0 [none]
1786868872.790 [STATE_CHANGE] LOSTLINE -> RECOVERY src=RECOVERY s=5.26 d=0.40 vs=0.00
1786868873.064 [OBSTACLES] cur_s=5.27 cur_d=0.40 vs=0.00 n=0 [none]
1786868873.637 [OBSTACLES] cur_s=5.26 cur_d=0.40 vs=0.00 n=0 [none]
1786868874.168 [OBSTACLES] cur_s=5.27 cur_d=0.40 vs=0.00 n=0 [none]
1786868874.817 [OBSTACLES] cur_s=5.28 cur_d=0.40 vs=0.00 n=0 [none]
1786868875.376 [OBSTACLES] cur_s=5.27 cur_d=0.40 vs=0.00 n=0 [none]
1786868875.964 [OBSTACLES] cur_s=5.27 cur_d=0.40 vs=0.00 n=0 [none]
1786868876.478 [OBSTACLES] cur_s=5.27 cur_d=0.40 vs=0.00 n=0 [none]
1786868877.048 [OBSTACLES] cur_s=5.27 cur_d=0.40 vs=0.00 n=0 [none]
1786868877.560 [OBSTACLES] cur_s=5.27 cur_d=0.40 vs=0.00 n=0 [none]
1786868878.085 [OBSTACLES] cur_s=5.27 cur_d=0.40 vs=0.00 n=0 [none]
1786868878.648 [OBSTACLES] cur_s=5.27 cur_d=0.40 vs=0.00 n=0 [none]
1786868879.148 [OBSTACLES] cur_s=5.26 cur_d=0.40 vs=0.00 n=0 [none]
1786868879.702 [OBSTACLES] cur_s=5.27 cur_d=0.40 vs=0.00 n=0 [none]
1786868880.202 [OBSTACLES] cur_s=5.27 cur_d=0.40 vs=0.00 n=0 [none]
1786868880.747 [OBSTACLES] cur_s=5.27 cur_d=0.40 vs=0.00 n=0 [none]
1786868881.252 [OBSTACLES] cur_s=5.28 cur_d=0.40 vs=0.00 n=0 [none]
1786868881.785 [OBSTACLES] cur_s=5.26 cur_d=0.40 vs=0.00 n=0 [none]
1786868882.300 [OBSTACLES] cur_s=5.27 cur_d=0.40 vs=0.00 n=0 [none]
1786868882.739 [STATE_CHANGE] RECOVERY -> LOSTLINE src=GB_TRACK s=5.27 d=0.40 vs=0.00
1786868882.812 [OBSTACLES] cur_s=5.27 cur_d=0.40 vs=0.00 n=0 [none]
1786868882.813 [STATE_CHANGE] LOSTLINE -> RECOVERY src=RECOVERY s=5.27 d=0.40 vs=0.00
1786868883.344 [OBSTACLES] cur_s=5.27 cur_d=0.40 vs=0.00 n=0 [none]
1786868883.867 [OBSTACLES] cur_s=5.26 cur_d=0.40 vs=0.00 n=0 [none]
