# state_machine debug log started 20260816_173017  map='0815test3'
1786869024.630 [OBSTACLES] cur_s=4.74 cur_d=0.41 vs=0.00 n=0 [none]
1786869024.630 [STATE_CHANGE] None -> LOSTLINE src=GB_TRACK s=4.74 d=0.41 vs=0.00
1786869024.859 [STATE_CHANGE] LOSTLINE -> RECOVERY src=RECOVERY s=4.74 d=0.41 vs=0.00
1786869025.195 [OBSTACLES] cur_s=4.74 cur_d=0.41 vs=0.00 n=0 [none]
1786869025.720 [OBSTACLES] cur_s=4.74 cur_d=0.41 vs=0.00 n=0 [none]
1786869026.321 [OBSTACLES] cur_s=4.75 cur_d=0.41 vs=0.00 n=0 [none]
1786869026.835 [OBSTACLES] cur_s=4.74 cur_d=0.41 vs=0.00 n=0 [none]
1786869027.350 [OBSTACLES] cur_s=4.74 cur_d=0.41 vs=0.00 n=0 [none]
1786869027.950 [OBSTACLES] cur_s=4.74 cur_d=0.41 vs=0.00 n=0 [none]
1786869028.512 [OBSTACLES] cur_s=4.74 cur_d=0.41 vs=0.00 n=0 [none]
1786869029.034 [OBSTACLES] cur_s=4.74 cur_d=0.41 vs=0.00 n=0 [none]
1786869029.626 [OBSTACLES] cur_s=4.74 cur_d=0.41 vs=0.00 n=0 [none]
1786869030.146 [OBSTACLES] cur_s=4.74 cur_d=0.41 vs=0.00 n=0 [none]
1786869030.729 [OBSTACLES] cur_s=4.74 cur_d=0.41 vs=0.00 n=0 [none]
1786869031.278 [OBSTACLES] cur_s=4.74 cur_d=0.41 vs=0.00 n=0 [none]
1786869031.781 [OBSTACLES] cur_s=4.74 cur_d=0.41 vs=0.00 n=0 [none]
1786869032.323 [OBSTACLES] cur_s=4.74 cur_d=0.41 vs=0.00 n=0 [none]
1786869032.846 [OBSTACLES] cur_s=4.74 cur_d=0.41 vs=0.00 n=0 [none]
1786869033.372 [OBSTACLES] cur_s=4.74 cur_d=0.41 vs=0.00 n=0 [none]
1786869033.879 [OBSTACLES] cur_s=4.74 cur_d=0.41 vs=0.00 n=0 [none]
1786869034.446 [OBSTACLES] cur_s=4.74 cur_d=0.41 vs=0.00 n=0 [none]
1786869034.846 [STATE_CHANGE] RECOVERY -> LOSTLINE src=GB_TRACK s=4.74 d=0.41 vs=0.00
1786869034.947 [OBSTACLES] cur_s=4.74 cur_d=0.41 vs=0.00 n=0 [none]
1786869035.004 [STATE_CHANGE] LOSTLINE -> RECOVERY src=RECOVERY s=4.75 d=0.41 vs=0.00
1786869035.496 [OBSTACLES] cur_s=4.74 cur_d=0.41 vs=0.00 n=0 [none]
1786869036.011 [OBSTACLES] cur_s=4.74 cur_d=0.41 vs=0.00 n=0 [none]
1786869036.513 [OBSTACLES] cur_s=4.74 cur_d=0.41 vs=0.00 n=0 [none]
1786869037.070 [OBSTACLES] cur_s=4.74 cur_d=0.41 vs=0.00 n=0 [none]
1786869037.620 [OBSTACLES] cur_s=4.74 cur_d=0.41 vs=0.00 n=0 [none]
1786869038.222 [OBSTACLES] cur_s=4.74 cur_d=0.41 vs=0.00 n=0 [none]
1786869038.808 [OBSTACLES] cur_s=4.74 cur_d=0.41 vs=0.00 n=0 [none]
1786869039.387 [OBSTACLES] cur_s=4.74 cur_d=0.41 vs=0.00 n=0 [none]
1786869039.896 [OBSTACLES] cur_s=4.74 cur_d=0.41 vs=0.00 n=0 [none]
1786869040.493 [OBSTACLES] cur_s=4.74 cur_d=0.41 vs=0.00 n=0 [none]
1786869041.015 [OBSTACLES] cur_s=4.74 cur_d=0.41 vs=0.00 n=0 [none]
1786869041.531 [OBSTACLES] cur_s=4.74 cur_d=0.41 vs=0.00 n=0 [none]
1786869042.047 [OBSTACLES] cur_s=4.74 cur_d=0.41 vs=0.00 n=0 [none]
1786869042.548 [OBSTACLES] cur_s=4.74 cur_d=0.41 vs=0.00 n=0 [none]
1786869043.070 [OBSTACLES] cur_s=4.74 cur_d=0.41 vs=0.00 n=0 [none]
1786869043.589 [OBSTACLES] cur_s=4.74 cur_d=0.41 vs=0.00 n=0 [none]
1786869044.111 [OBSTACLES] cur_s=4.75 cur_d=0.41 vs=0.00 n=0 [none]
1786869044.678 [OBSTACLES] cur_s=4.74 cur_d=0.41 vs=0.00 n=0 [none]
1786869044.964 [STATE_CHANGE] RECOVERY -> LOSTLINE src=GB_TRACK s=4.74 d=0.41 vs=0.00
1786869045.083 [STATE_CHANGE] LOSTLINE -> RECOVERY src=RECOVERY s=4.74 d=0.41 vs=0.00
1786869045.212 [OBSTACLES] cur_s=4.74 cur_d=0.41 vs=0.00 n=0 [none]
1786869045.829 [OBSTACLES] cur_s=4.74 cur_d=0.41 vs=0.00 n=0 [none]
1786869046.373 [OBSTACLES] cur_s=4.74 cur_d=0.41 vs=0.00 n=0 [none]
1786869046.939 [OBSTACLES] cur_s=4.74 cur_d=0.41 vs=0.00 n=0 [none]
1786869047.442 [OBSTACLES] cur_s=4.74 cur_d=0.41 vs=0.00 n=0 [none]
1786869048.015 [OBSTACLES] cur_s=4.74 cur_d=0.41 vs=0.00 n=0 [none]
1786869048.517 [OBSTACLES] cur_s=4.74 cur_d=0.41 vs=0.00 n=0 [none]
1786869049.076 [OBSTACLES] cur_s=4.74 cur_d=0.41 vs=0.00 n=0 [none]
1786869049.601 [OBSTACLES] cur_s=4.74 cur_d=0.41 vs=0.00 n=0 [none]
1786869050.125 [OBSTACLES] cur_s=4.74 cur_d=0.41 vs=0.00 n=0 [none]
1786869050.700 [OBSTACLES] cur_s=4.74 cur_d=0.41 vs=0.00 n=0 [none]
1786869051.224 [OBSTACLES] cur_s=4.74 cur_d=0.41 vs=0.00 n=0 [none]
1786869051.752 [OBSTACLES] cur_s=4.74 cur_d=0.41 vs=0.00 n=0 [none]
1786869052.270 [OBSTACLES] cur_s=4.74 cur_d=0.41 vs=0.00 n=0 [none]
1786869052.780 [OBSTACLES] cur_s=4.74 cur_d=0.41 vs=0.00 n=0 [none]
1786869053.351 [OBSTACLES] cur_s=4.74 cur_d=0.41 vs=0.00 n=0 [none]
1786869053.855 [OBSTACLES] cur_s=4.74 cur_d=0.41 vs=0.00 n=0 [none]
1786869054.405 [OBSTACLES] cur_s=4.74 cur_d=0.41 vs=0.00 n=0 [none]
1786869054.955 [OBSTACLES] cur_s=4.74 cur_d=0.41 vs=0.00 n=0 [none]
1786869055.257 [STATE_CHANGE] RECOVERY -> LOSTLINE src=GB_TRACK s=4.74 d=0.41 vs=0.00
1786869055.543 [OBSTACLES] cur_s=4.74 cur_d=0.41 vs=0.00 n=0 [none]
1786869055.796 [STATE_CHANGE] LOSTLINE -> RECOVERY src=RECOVERY s=4.74 d=0.41 vs=0.00
1786869056.044 [OBSTACLES] cur_s=4.74 cur_d=0.41 vs=0.00 n=0 [none]
1786869056.578 [OBSTACLES] cur_s=4.74 cur_d=0.41 vs=0.00 n=0 [none]
1786869057.095 [OBSTACLES] cur_s=4.74 cur_d=0.41 vs=0.00 n=0 [none]
1786869057.615 [OBSTACLES] cur_s=4.74 cur_d=0.41 vs=0.00 n=0 [none]
1786869058.161 [OBSTACLES] cur_s=4.75 cur_d=0.41 vs=0.00 n=0 [none]
1786869058.709 [OBSTACLES] cur_s=4.74 cur_d=0.41 vs=0.00 n=0 [none]
1786869059.210 [OBSTACLES] cur_s=4.74 cur_d=0.41 vs=0.00 n=0 [none]
1786869059.711 [OBSTACLES] cur_s=4.74 cur_d=0.41 vs=0.00 n=0 [none]
1786869060.230 [OBSTACLES] cur_s=4.74 cur_d=0.41 vs=0.00 n=0 [none]
1786869060.767 [OBSTACLES] cur_s=4.74 cur_d=0.41 vs=0.00 n=0 [none]
1786869061.284 [OBSTACLES] cur_s=4.74 cur_d=0.41 vs=0.00 n=0 [none]
1786869061.802 [OBSTACLES] cur_s=4.74 cur_d=0.41 vs=0.00 n=0 [none]
1786869062.306 [OBSTACLES] cur_s=4.74 cur_d=0.41 vs=0.00 n=0 [none]
1786869062.818 [OBSTACLES] cur_s=4.74 cur_d=0.41 vs=0.00 n=0 [none]
1786869063.348 [OBSTACLES] cur_s=4.74 cur_d=0.41 vs=0.00 n=0 [none]
1786869063.889 [OBSTACLES] cur_s=4.74 cur_d=0.41 vs=0.00 n=0 [none]
1786869064.397 [OBSTACLES] cur_s=4.74 cur_d=0.41 vs=0.00 n=0 [none]
1786869064.912 [OBSTACLES] cur_s=4.74 cur_d=0.41 vs=0.00 n=0 [none]
1786869065.503 [OBSTACLES] cur_s=4.74 cur_d=0.41 vs=0.00 n=0 [none]
1786869065.780 [STATE_CHANGE] RECOVERY -> LOSTLINE src=GB_TRACK s=4.74 d=0.41 vs=0.00
1786869065.853 [STATE_CHANGE] LOSTLINE -> RECOVERY src=RECOVERY s=4.74 d=0.41 vs=0.00
1786869066.054 [OBSTACLES] cur_s=4.74 cur_d=0.41 vs=0.00 n=0 [none]
1786869066.625 [OBSTACLES] cur_s=4.74 cur_d=0.41 vs=0.00 n=0 [none]
1786869067.235 [OBSTACLES] cur_s=4.74 cur_d=0.41 vs=0.00 n=0 [none]
1786869067.749 [OBSTACLES] cur_s=4.74 cur_d=0.41 vs=0.00 n=0 [none]
1786869068.300 [OBSTACLES] cur_s=4.74 cur_d=0.41 vs=0.00 n=0 [none]
1786869068.804 [OBSTACLES] cur_s=4.74 cur_d=0.41 vs=0.00 n=0 [none]
1786869069.353 [OBSTACLES] cur_s=4.74 cur_d=0.41 vs=0.00 n=0 [none]
1786869069.871 [OBSTACLES] cur_s=4.74 cur_d=0.41 vs=0.00 n=0 [none]
1786869070.390 [OBSTACLES] cur_s=4.74 cur_d=0.41 vs=0.00 n=0 [none]
1786869070.999 [OBSTACLES] cur_s=4.74 cur_d=0.41 vs=0.00 n=0 [none]
1786869071.510 [OBSTACLES] cur_s=4.74 cur_d=0.41 vs=0.00 n=0 [none]
1786869072.011 [OBSTACLES] cur_s=4.74 cur_d=0.41 vs=0.00 n=0 [none]
1786869072.518 [OBSTACLES] cur_s=4.75 cur_d=0.41 vs=0.00 n=0 [none]
1786869073.023 [OBSTACLES] cur_s=4.74 cur_d=0.41 vs=0.00 n=0 [none]
1786869073.524 [OBSTACLES] cur_s=4.75 cur_d=0.41 vs=0.00 n=0 [none]
1786869074.049 [OBSTACLES] cur_s=4.74 cur_d=0.41 vs=0.00 n=0 [none]
1786869074.600 [OBSTACLES] cur_s=4.74 cur_d=0.41 vs=0.00 n=0 [none]
1786869075.187 [OBSTACLES] cur_s=4.74 cur_d=0.41 vs=0.00 n=0 [none]
1786869075.703 [OBSTACLES] cur_s=4.75 cur_d=0.41 vs=0.00 n=0 [none]
1786869075.759 [STATE_CHANGE] RECOVERY -> LOSTLINE src=GB_TRACK s=4.74 d=0.41 vs=0.00
1786869075.819 [STATE_CHANGE] LOSTLINE -> RECOVERY src=RECOVERY s=4.74 d=0.41 vs=0.00
1786869076.260 [OBSTACLES] cur_s=4.74 cur_d=0.41 vs=0.00 n=0 [none]
1786869076.833 [OBSTACLES] cur_s=4.74 cur_d=0.41 vs=0.00 n=0 [none]
1786869077.404 [OBSTACLES] cur_s=4.74 cur_d=0.41 vs=0.00 n=0 [none]
1786869077.913 [OBSTACLES] cur_s=4.75 cur_d=0.41 vs=0.00 n=0 [none]
1786869078.425 [OBSTACLES] cur_s=4.74 cur_d=0.41 vs=0.00 n=0 [none]
1786869078.964 [OBSTACLES] cur_s=4.74 cur_d=0.41 vs=0.00 n=0 [none]
1786869079.580 [OBSTACLES] cur_s=4.75 cur_d=0.41 vs=0.00 n=0 [none]
1786869080.089 [OBSTACLES] cur_s=4.74 cur_d=0.41 vs=0.00 n=0 [none]
1786869080.616 [OBSTACLES] cur_s=4.74 cur_d=0.41 vs=0.00 n=0 [none]
1786869081.167 [OBSTACLES] cur_s=4.74 cur_d=0.41 vs=0.00 n=0 [none]
1786869081.672 [OBSTACLES] cur_s=4.74 cur_d=0.41 vs=0.00 n=0 [none]
1786869082.183 [OBSTACLES] cur_s=4.75 cur_d=0.41 vs=0.00 n=0 [none]
1786869082.727 [OBSTACLES] cur_s=4.74 cur_d=0.41 vs=0.00 n=0 [none]
1786869083.276 [OBSTACLES] cur_s=4.74 cur_d=0.41 vs=0.00 n=0 [none]
1786869083.778 [OBSTACLES] cur_s=4.74 cur_d=0.41 vs=0.00 n=0 [none]
1786869084.309 [OBSTACLES] cur_s=4.75 cur_d=0.41 vs=0.00 n=0 [none]
1786869084.912 [OBSTACLES] cur_s=4.75 cur_d=0.41 vs=0.00 n=0 [none]
1786869085.426 [OBSTACLES] cur_s=4.75 cur_d=0.41 vs=0.00 n=0 [none]
1786869085.792 [STATE_CHANGE] RECOVERY -> LOSTLINE src=GB_TRACK s=4.74 d=0.41 vs=0.00
1786869085.986 [OBSTACLES] cur_s=16.57 cur_d=-0.99 vs=0.00 n=0 [none]
1786869086.219 [STATE_CHANGE] LOSTLINE -> RECOVERY src=RECOVERY s=16.50 d=-1.15 vs=0.00
1786869086.533 [OBSTACLES] cur_s=16.49 cur_d=-1.19 vs=0.00 n=0 [none]
1786869087.088 [OBSTACLES] cur_s=16.48 cur_d=-1.20 vs=0.00 n=0 [none]
1786869087.604 [OBSTACLES] cur_s=16.48 cur_d=-1.21 vs=0.00 n=0 [none]
1786869088.185 [OBSTACLES] cur_s=16.48 cur_d=-1.22 vs=0.00 n=0 [none]
1786869088.721 [OBSTACLES] cur_s=16.48 cur_d=-1.22 vs=0.00 n=0 [none]
1786869089.226 [OBSTACLES] cur_s=16.48 cur_d=-1.22 vs=0.00 n=0 [none]
1786869089.813 [OBSTACLES] cur_s=16.48 cur_d=-1.22 vs=0.00 n=0 [none]
1786869090.395 [OBSTACLES] cur_s=16.48 cur_d=-1.21 vs=0.00 n=0 [none]
1786869090.917 [OBSTACLES] cur_s=16.48 cur_d=-1.21 vs=0.00 n=0 [none]
1786869091.443 [OBSTACLES] cur_s=16.48 cur_d=-1.22 vs=0.00 n=0 [none]
1786869091.966 [OBSTACLES] cur_s=16.48 cur_d=-1.22 vs=0.00 n=0 [none]
1786869092.469 [OBSTACLES] cur_s=16.56 cur_d=-1.04 vs=0.66 n=0 [none]
1786869092.970 [OBSTACLES] cur_s=17.02 cur_d=-0.50 vs=2.01 n=0 [none]
1786869093.322 [STATE_CHANGE] RECOVERY -> GB_TRACK src=GB_TRACK s=18.09 d=-0.05 vs=3.37
1786869093.471 [OBSTACLES] cur_s=18.74 cur_d=-0.02 vs=3.74 n=0 [none]
1786869093.990 [OBSTACLES] cur_s=20.95 cur_d=-0.04 vs=4.88 n=0 [none]
1786869094.504 [OBSTACLES] cur_s=23.65 cur_d=-0.09 vs=4.94 n=0 [none]
1786869095.029 [OBSTACLES] cur_s=25.77 cur_d=-0.14 vs=4.37 n=0 [none]
1786869095.535 [OBSTACLES] cur_s=27.73 cur_d=0.11 vs=3.41 n=0 [none]
1786869096.049 [OBSTACLES] cur_s=29.67 cur_d=0.12 vs=3.52 n=0 [none]
1786869096.564 [OBSTACLES] cur_s=31.19 cur_d=0.17 vs=3.51 n=0 [none]
1786869097.095 [OBSTACLES] cur_s=33.39 cur_d=0.30 vs=3.24 n=0 [none]
1786869097.097 [STATE_CHANGE] GB_TRACK -> LOSTLINE src=GB_TRACK s=33.39 d=0.30 vs=3.24
1786869097.489 [STATE_CHANGE] LOSTLINE -> GB_TRACK src=GB_TRACK s=0.02 d=0.25 vs=3.45
1786869097.638 [OBSTACLES] cur_s=0.89 cur_d=0.27 vs=3.74 n=1 [id=5 static=1 gap=4.26m d=0.41 size=0.18]
1786869098.009 [STATIC_OT_TRANSITION] first_valid_path_to_overtake_ms=0.0
1786869098.011 [STATIC_OT] state=GB_TRACK path_exists=1 path_locked=0 path_ttl_ok=1 path_safe=1 on_spline=1 speed=4.67 raw_wpnts=120 raw_age=0.54s decision=OVERTAKE
1786869098.011 [STATE_CHANGE] GB_TRACK -> OVERTAKE src=OVERTAKE s=2.37 d=0.29 vs=4.67
1786869098.166 [OBSTACLES] cur_s=2.68 cur_d=0.30 vs=4.75 n=0 [none]
1786869098.678 [OBSTACLES] cur_s=5.03 cur_d=0.11 vs=3.76 n=0 [none]
1786869099.187 [OBSTACLES] cur_s=6.94 cur_d=0.12 vs=4.78 n=0 [none]
1786869099.704 [OBSTACLES] cur_s=9.53 cur_d=-0.08 vs=3.32 n=0 [none]
1786869100.205 [OBSTACLES] cur_s=10.86 cur_d=0.12 vs=2.50 n=0 [none]
1786869100.744 [OBSTACLES] cur_s=12.10 cur_d=0.13 vs=2.57 n=0 [none]
1786869100.839 [STATE_CHANGE] OVERTAKE -> LOSTLINE src=GB_TRACK s=12.38 d=0.13 vs=2.70
1786869100.920 [STATE_CHANGE] LOSTLINE -> GB_TRACK src=GB_TRACK s=12.66 d=0.10 vs=2.99
1786869101.277 [OBSTACLES] cur_s=13.88 cur_d=0.06 vs=3.53 n=0 [none]
1786869101.795 [OBSTACLES] cur_s=15.49 cur_d=0.21 vs=2.61 n=0 [none]
1786869102.344 [OBSTACLES] cur_s=16.90 cur_d=0.00 vs=2.62 n=0 [none]
1786869102.849 [OBSTACLES] cur_s=18.38 cur_d=0.09 vs=3.50 n=0 [none]
1786869103.378 [OBSTACLES] cur_s=20.58 cur_d=0.13 vs=4.83 n=0 [none]
1786869103.905 [OBSTACLES] cur_s=22.98 cur_d=-0.25 vs=4.94 n=0 [none]
1786869104.528 [OBSTACLES] cur_s=25.70 cur_d=0.19 vs=4.27 n=0 [none]
1786869104.636 [STATE_CHANGE] GB_TRACK -> LOSTLINE src=GB_TRACK s=26.36 d=0.33 vs=3.91
1786869104.820 [STATE_CHANGE] LOSTLINE -> GB_TRACK src=GB_TRACK s=27.01 d=0.29 vs=3.82
1786869105.074 [OBSTACLES] cur_s=28.11 cur_d=0.09 vs=3.37 n=0 [none]
1786869105.586 [OBSTACLES] cur_s=29.65 cur_d=-0.10 vs=3.53 n=0 [none]
1786869106.144 [OBSTACLES] cur_s=31.70 cur_d=0.06 vs=3.42 n=0 [none]
1786869106.664 [OBSTACLES] cur_s=33.52 cur_d=0.26 vs=3.24 n=0 [none]
1786869107.198 [OBSTACLES] cur_s=0.91 cur_d=0.10 vs=3.73 n=0 [none]
1786869107.830 [OBSTACLES] cur_s=3.79 cur_d=0.18 vs=4.92 n=0 [none]
1786869108.368 [OBSTACLES] cur_s=5.77 cur_d=-0.10 vs=4.92 n=0 [none]
1786869108.888 [OBSTACLES] cur_s=8.49 cur_d=-0.00 vs=4.06 n=0 [none]
1786869109.407 [OBSTACLES] cur_s=10.19 cur_d=0.11 vs=2.83 n=0 [none]
1786869109.921 [OBSTACLES] cur_s=11.59 cur_d=0.04 vs=2.36 n=0 [none]
1786869110.430 [OBSTACLES] cur_s=12.81 cur_d=0.15 vs=3.18 n=0 [none]
1786869110.989 [OBSTACLES] cur_s=14.99 cur_d=0.18 vs=3.03 n=0 [none]
1786869111.497 [OBSTACLES] cur_s=16.29 cur_d=0.05 vs=2.46 n=0 [none]
1786869112.007 [OBSTACLES] cur_s=17.66 cur_d=0.08 vs=3.02 n=0 [none]
1786869112.609 [OBSTACLES] cur_s=19.93 cur_d=0.23 vs=4.51 n=0 [none]
1786869113.171 [OBSTACLES] cur_s=22.43 cur_d=-0.21 vs=4.92 n=0 [none]
1786869113.695 [OBSTACLES] cur_s=25.13 cur_d=0.04 vs=4.56 n=0 [none]
1786869113.997 [STATE_CHANGE] GB_TRACK -> RECOVERY src=RECOVERY s=26.35 d=0.31 vs=4.01
1786869114.195 [OBSTACLES] cur_s=27.18 cur_d=0.26 vs=3.80 n=0 [none]
1786869114.559 [STATE_CHANGE] RECOVERY -> GB_TRACK src=GB_TRACK s=28.41 d=-0.02 vs=2.78
1786869114.722 [OBSTACLES] cur_s=28.77 cur_d=-0.07 vs=2.85 n=0 [none]
1786869115.256 [OBSTACLES] cur_s=30.31 cur_d=-0.05 vs=3.49 n=0 [none]
1786869115.782 [OBSTACLES] cur_s=32.23 cur_d=0.21 vs=3.38 n=0 [none]
1786869116.388 [OBSTACLES] cur_s=34.46 cur_d=0.13 vs=3.41 n=0 [none]
1786869116.929 [OBSTACLES] cur_s=1.75 cur_d=0.08 vs=4.20 n=0 [none]
1786869117.439 [OBSTACLES] cur_s=3.80 cur_d=0.20 vs=4.93 n=0 [none]
1786869117.997 [OBSTACLES] cur_s=6.53 cur_d=-0.20 vs=4.93 n=0 [none]
1786869118.591 [OBSTACLES] cur_s=9.42 cur_d=0.17 vs=3.34 n=0 [none]
1786869119.097 [OBSTACLES] cur_s=10.74 cur_d=-0.05 vs=2.22 n=0 [none]
1786869119.607 [OBSTACLES] cur_s=11.74 cur_d=-0.17 vs=2.37 n=0 [none]
1786869120.131 [OBSTACLES] cur_s=13.00 cur_d=0.09 vs=3.25 n=0 [none]
1786869120.565 [STATE_CHANGE] GB_TRACK -> LOSTLINE src=GB_TRACK s=14.53 d=0.30 vs=3.23
1786869120.653 [OBSTACLES] cur_s=14.75 cur_d=0.30 vs=3.05 n=0 [none]
1786869120.989 [STATE_CHANGE] LOSTLINE -> GB_TRACK src=GB_TRACK s=15.48 d=0.19 vs=2.19
1786869121.194 [OBSTACLES] cur_s=16.03 cur_d=0.06 vs=2.15 n=0 [none]
1786869121.720 [OBSTACLES] cur_s=17.30 cur_d=0.07 vs=2.78 n=0 [none]
1786869122.223 [OBSTACLES] cur_s=18.59 cur_d=0.26 vs=3.51 n=0 [none]
1786869122.732 [OBSTACLES] cur_s=21.25 cur_d=-0.09 vs=4.91 n=0 [none]
1786869123.352 [OBSTACLES] cur_s=24.44 cur_d=0.10 vs=4.93 n=0 [none]
1786869123.871 [OBSTACLES] cur_s=26.60 cur_d=0.10 vs=3.95 n=0 [none]
1786869124.378 [OBSTACLES] cur_s=28.21 cur_d=0.17 vs=3.60 n=0 [none]
1786869124.596 [STATE_CHANGE] GB_TRACK -> LOSTLINE src=GB_TRACK s=29.38 d=0.30 vs=3.55
1786869124.774 [STATE_CHANGE] LOSTLINE -> RECOVERY src=RECOVERY s=30.09 d=0.30 vs=3.57
1786869124.915 [OBSTACLES] cur_s=30.71 cur_d=0.24 vs=3.56 n=0 [none]
1786869125.465 [OBSTACLES] cur_s=32.18 cur_d=0.28 vs=3.04 n=0 [none]
1786869125.994 [OBSTACLES] cur_s=34.23 cur_d=0.12 vs=2.86 n=0 [none]
1786869126.031 [STATE_CHANGE] RECOVERY -> GB_TRACK src=GB_TRACK s=34.45 d=0.03 vs=2.91
1786869126.555 [OBSTACLES] cur_s=1.58 cur_d=-0.15 vs=4.05 n=0 [none]
1786869127.113 [OBSTACLES] cur_s=3.63 cur_d=0.12 vs=4.90 n=0 [none]
1786869127.709 [OBSTACLES] cur_s=6.65 cur_d=-0.25 vs=4.93 n=0 [none]
1786869127.796 [STATE_CHANGE] GB_TRACK -> LOSTLINE src=GB_TRACK s=7.15 d=-0.29 vs=4.94
1786869127.866 [STATE_CHANGE] LOSTLINE -> RECOVERY src=RECOVERY s=7.47 d=-0.30 vs=4.89
1786869128.300 [OBSTACLES] cur_s=8.98 cur_d=-0.01 vs=3.33 n=0 [none]
1786869128.303 [STATE_CHANGE] RECOVERY -> GB_TRACK src=GB_TRACK s=8.98 d=-0.01 vs=3.33
1786869128.857 [OBSTACLES] cur_s=10.54 cur_d=0.17 vs=2.41 n=0 [none]
1786869129.383 [OBSTACLES] cur_s=11.64 cur_d=-0.26 vs=2.08 n=0 [none]
1786869129.949 [OBSTACLES] cur_s=13.19 cur_d=0.05 vs=3.22 n=0 [none]
1786869130.377 [STATE_CHANGE] GB_TRACK -> LOSTLINE src=GB_TRACK s=14.46 d=0.31 vs=3.09
1786869130.452 [OBSTACLES] cur_s=14.70 cur_d=0.34 vs=3.01 n=0 [none]
1786869130.564 [STATE_CHANGE] LOSTLINE -> RECOVERY src=RECOVERY s=14.93 d=0.32 vs=2.92
1786869130.964 [OBSTACLES] cur_s=15.92 cur_d=-0.02 vs=2.11 n=0 [none]
1786869130.975 [STATE_CHANGE] RECOVERY -> GB_TRACK src=GB_TRACK s=15.92 d=-0.02 vs=2.11
1786869131.489 [OBSTACLES] cur_s=17.03 cur_d=-0.07 vs=2.66 n=0 [none]
1786869132.057 [OBSTACLES] cur_s=18.94 cur_d=0.25 vs=3.52 n=0 [none]
1786869132.588 [OBSTACLES] cur_s=21.08 cur_d=-0.13 vs=4.74 n=0 [none]
1786869132.861 [STATE_CHANGE] GB_TRACK -> LOSTLINE src=GB_TRACK s=22.27 d=-0.30 vs=4.93
1786869133.014 [STATE_CHANGE] LOSTLINE -> GB_TRACK src=GB_TRACK s=23.21 d=-0.26 vs=4.89
1786869133.110 [OBSTACLES] cur_s=23.79 cur_d=-0.17 vs=4.82 n=0 [none]
1786869133.628 [OBSTACLES] cur_s=25.96 cur_d=0.23 vs=4.21 n=0 [none]
1786869134.192 [OBSTACLES] cur_s=27.97 cur_d=0.01 vs=3.64 n=0 [none]
1786869134.700 [OBSTACLES] cur_s=29.62 cur_d=0.11 vs=3.53 n=0 [none]
1786869135.089 [STATE_CHANGE] GB_TRACK -> LOSTLINE src=GB_TRACK s=31.14 d=0.29 vs=3.54
1786869135.158 [STATE_CHANGE] LOSTLINE -> RECOVERY src=RECOVERY s=31.44 d=0.30 vs=3.50
1786869135.265 [OBSTACLES] cur_s=31.71 cur_d=0.30 vs=3.46 n=0 [none]
1786869135.795 [OBSTACLES] cur_s=33.50 cur_d=0.29 vs=2.80 n=0 [none]
1786869136.333 [OBSTACLES] cur_s=1.09 cur_d=0.27 vs=3.70 n=0 [none]
1786869136.894 [OBSTACLES] cur_s=3.17 cur_d=0.26 vs=4.84 n=0 [none]
1786869137.122 [STATE_CHANGE] RECOVERY -> GB_TRACK src=GB_TRACK s=4.17 d=0.05 vs=4.87
1786869137.953 [OBSTACLES] cur_s=5.44 cur_d=-0.17 vs=4.92 n=0 [none]
1786869138.516 [OBSTACLES] cur_s=8.40 cur_d=-0.22 vs=3.81 n=0 [none]
1786869138.634 [STATE_CHANGE] GB_TRACK -> LOSTLINE src=GB_TRACK s=8.78 d=-0.37 vs=3.65
1786869138.944 [STATE_CHANGE] LOSTLINE -> GB_TRACK src=GB_TRACK s=9.65 d=-0.22 vs=3.15
1786869139.032 [OBSTACLES] cur_s=10.18 cur_d=-0.21 vs=2.81 n=0 [none]
1786869139.606 [OBSTACLES] cur_s=11.51 cur_d=0.29 vs=1.91 n=0 [none]
1786869139.606 [STATE_CHANGE] GB_TRACK -> LOSTLINE src=GB_TRACK s=11.51 d=0.29 vs=1.91
1786869140.198 [OBSTACLES] cur_s=12.53 cur_d=0.63 vs=0.08 n=0 [none]
1786869140.819 [OBSTACLES] cur_s=12.54 cur_d=0.61 vs=0.22 n=0 [none]
1786869141.386 [OBSTACLES] cur_s=12.52 cur_d=0.62 vs=0.07 n=0 [none]
1786869141.893 [OBSTACLES] cur_s=12.52 cur_d=0.64 vs=0.00 n=0 [none]
1786869142.431 [OBSTACLES] cur_s=12.59 cur_d=0.65 vs=0.00 n=0 [none]
1786869142.959 [OBSTACLES] cur_s=12.62 cur_d=0.66 vs=0.00 n=0 [none]
1786869143.471 [OBSTACLES] cur_s=12.73 cur_d=0.68 vs=-0.09 n=0 [none]
1786869143.991 [OBSTACLES] cur_s=12.80 cur_d=0.75 vs=-0.07 n=0 [none]
1786869144.492 [OBSTACLES] cur_s=12.69 cur_d=0.97 vs=-0.31 n=0 [none]
1786869145.019 [OBSTACLES] cur_s=12.16 cur_d=1.20 vs=-0.68 n=1 [id=14 static=1 gap=1.27m d=0.37 size=0.18]
1786869145.021 [STATIC_OT] state=GB_TRACK path_exists=0 path_locked=0 path_ttl_ok=0 path_safe=0 on_spline=0 speed=-0.68 raw_wpnts=0 raw_age=-s decision=TRAILING reason=NO_STATIC_PATH
1786869145.023 [STATE_CHANGE] LOSTLINE -> TRAILING src=GB_TRACK s=12.16 d=1.20 vs=-0.68
1786869145.258 [STATIC_OT] state=TRAILING path_exists=0 path_locked=0 path_ttl_ok=0 path_safe=0 on_spline=0 speed=-0.44 raw_wpnts=0 raw_age=-s decision=TRAILING reason=NO_STATIC_PATH
1786869145.467 [STATIC_OT] state=TRAILING path_exists=0 path_locked=0 path_ttl_ok=0 path_safe=0 on_spline=0 speed=0.00 raw_wpnts=0 raw_age=-s decision=TRAILING reason=NO_STATIC_PATH
1786869145.574 [OBSTACLES] cur_s=10.97 cur_d=1.08 vs=0.00 n=1 [id=14 static=1 gap=2.42m d=0.37 size=0.21]
1786869145.626 [STATE_CHANGE] TRAILING -> LOSTLINE src=GB_TRACK s=10.97 d=1.08 vs=0.00
1786869146.084 [OBSTACLES] cur_s=10.98 cur_d=1.08 vs=0.00 n=0 [none]
1786869146.585 [OBSTACLES] cur_s=10.98 cur_d=1.08 vs=0.00 n=0 [none]
1786869147.149 [OBSTACLES] cur_s=11.05 cur_d=1.07 vs=0.00 n=0 [none]
1786869147.673 [OBSTACLES] cur_s=11.01 cur_d=1.05 vs=0.00 n=0 [none]
1786869148.199 [OBSTACLES] cur_s=11.04 cur_d=1.05 vs=0.00 n=0 [none]
1786869148.748 [OBSTACLES] cur_s=11.06 cur_d=1.04 vs=0.00 n=0 [none]
1786869149.286 [OBSTACLES] cur_s=11.06 cur_d=1.04 vs=0.00 n=0 [none]
1786869149.378 [STATIC_OT] state=GB_TRACK path_exists=0 path_locked=0 path_ttl_ok=0 path_safe=0 on_spline=0 speed=0.00 raw_wpnts=0 raw_age=-s decision=TRAILING reason=NO_STATIC_PATH
1786869149.381 [STATE_CHANGE] LOSTLINE -> TRAILING src=GB_TRACK s=11.07 d=1.04 vs=0.00
1786869149.610 [STATIC_OT] state=TRAILING path_exists=0 path_locked=0 path_ttl_ok=0 path_safe=0 on_spline=0 speed=0.00 raw_wpnts=0 raw_age=-s decision=TRAILING reason=NO_STATIC_PATH
1786869149.809 [OBSTACLES] cur_s=11.08 cur_d=1.04 vs=0.00 n=1 [id=15 static=1 gap=2.16m d=0.36 size=0.19]
1786869149.811 [STATIC_OT] state=TRAILING path_exists=0 path_locked=0 path_ttl_ok=0 path_safe=0 on_spline=0 speed=0.00 raw_wpnts=0 raw_age=-s decision=TRAILING reason=NO_STATIC_PATH
1786869150.031 [STATIC_OT] state=TRAILING path_exists=0 path_locked=0 path_ttl_ok=0 path_safe=0 on_spline=0 speed=0.00 raw_wpnts=0 raw_age=-s decision=TRAILING reason=NO_STATIC_PATH
1786869150.306 [STATIC_OT] state=TRAILING path_exists=0 path_locked=0 path_ttl_ok=0 path_safe=0 on_spline=0 speed=0.00 raw_wpnts=0 raw_age=-s decision=TRAILING reason=NO_STATIC_PATH
1786869150.400 [OBSTACLES] cur_s=11.07 cur_d=1.03 vs=0.00 n=1 [id=15 static=1 gap=2.19m d=0.35 size=0.16]
1786869150.521 [STATIC_OT] state=TRAILING path_exists=0 path_locked=0 path_ttl_ok=0 path_safe=0 on_spline=0 speed=0.00 raw_wpnts=0 raw_age=-s decision=TRAILING reason=NO_STATIC_PATH
1786869150.766 [STATIC_OT] state=TRAILING path_exists=0 path_locked=0 path_ttl_ok=0 path_safe=0 on_spline=0 speed=0.00 raw_wpnts=0 raw_age=-s decision=TRAILING reason=NO_STATIC_PATH
1786869150.902 [OBSTACLES] cur_s=11.08 cur_d=0.99 vs=0.00 n=1 [id=15 static=1 gap=2.18m d=0.35 size=0.16]
1786869150.971 [STATIC_OT] state=TRAILING path_exists=0 path_locked=0 path_ttl_ok=0 path_safe=0 on_spline=0 speed=0.00 raw_wpnts=0 raw_age=-s decision=TRAILING reason=NO_STATIC_PATH
1786869151.195 [STATIC_OT] state=TRAILING path_exists=0 path_locked=0 path_ttl_ok=0 path_safe=0 on_spline=0 speed=0.00 raw_wpnts=0 raw_age=-s decision=TRAILING reason=NO_STATIC_PATH
1786869151.253 [STATE_CHANGE] TRAILING -> LOSTLINE src=GB_TRACK s=11.05 d=0.97 vs=0.00
1786869151.459 [OBSTACLES] cur_s=11.01 cur_d=0.96 vs=0.00 n=0 [none]
1786869151.833 [STATIC_OT] state=GB_TRACK path_exists=0 path_locked=0 path_ttl_ok=0 path_safe=0 on_spline=0 speed=0.00 raw_wpnts=0 raw_age=-s decision=TRAILING reason=NO_STATIC_PATH
1786869151.842 [STATE_CHANGE] LOSTLINE -> TRAILING src=GB_TRACK s=10.96 d=0.93 vs=0.00
1786869152.008 [OBSTACLES] cur_s=10.96 cur_d=0.93 vs=0.00 n=1 [id=16 static=1 gap=2.15m d=0.31 size=0.17]
1786869152.068 [STATIC_OT] state=TRAILING path_exists=0 path_locked=0 path_ttl_ok=0 path_safe=0 on_spline=0 speed=0.00 raw_wpnts=0 raw_age=-s decision=TRAILING reason=NO_STATIC_PATH
1786869152.351 [STATIC_OT] state=TRAILING path_exists=0 path_locked=0 path_ttl_ok=0 path_safe=0 on_spline=0 speed=0.00 raw_wpnts=0 raw_age=-s decision=TRAILING reason=NO_STATIC_PATH
1786869152.575 [OBSTACLES] cur_s=10.97 cur_d=0.92 vs=0.00 n=1 [id=16 static=1 gap=2.15m d=0.32 size=0.15]
1786869152.582 [STATIC_OT] state=TRAILING path_exists=0 path_locked=0 path_ttl_ok=0 path_safe=0 on_spline=0 speed=0.00 raw_wpnts=0 raw_age=-s decision=TRAILING reason=NO_STATIC_PATH
1786869152.790 [STATIC_OT] state=TRAILING path_exists=0 path_locked=0 path_ttl_ok=0 path_safe=0 on_spline=0 speed=0.00 raw_wpnts=0 raw_age=-s decision=TRAILING reason=NO_STATIC_PATH
1786869153.023 [STATIC_OT] state=TRAILING path_exists=0 path_locked=0 path_ttl_ok=0 path_safe=0 on_spline=0 speed=0.00 raw_wpnts=0 raw_age=-s decision=TRAILING reason=NO_STATIC_PATH
1786869153.123 [OBSTACLES] cur_s=10.97 cur_d=0.92 vs=0.00 n=1 [id=16 static=1 gap=2.12m d=0.31 size=0.18]
1786869153.256 [STATIC_OT] state=TRAILING path_exists=0 path_locked=0 path_ttl_ok=0 path_safe=0 on_spline=0 speed=0.00 raw_wpnts=0 raw_age=-s decision=TRAILING reason=NO_STATIC_PATH
1786869153.475 [STATIC_OT] state=TRAILING path_exists=0 path_locked=0 path_ttl_ok=0 path_safe=0 on_spline=0 speed=0.00 raw_wpnts=0 raw_age=-s decision=TRAILING reason=NO_STATIC_PATH
1786869153.633 [OBSTACLES] cur_s=10.97 cur_d=0.91 vs=0.00 n=1 [id=16 static=1 gap=2.12m d=0.31 size=0.17]
1786869153.702 [STATIC_OT] state=TRAILING path_exists=0 path_locked=0 path_ttl_ok=0 path_safe=0 on_spline=0 speed=0.00 raw_wpnts=0 raw_age=-s decision=TRAILING reason=NO_STATIC_PATH
1786869153.920 [STATIC_OT] state=TRAILING path_exists=0 path_locked=0 path_ttl_ok=0 path_safe=0 on_spline=0 speed=0.00 raw_wpnts=0 raw_age=-s decision=TRAILING reason=NO_STATIC_PATH
1786869154.124 [STATIC_OT] state=TRAILING path_exists=0 path_locked=0 path_ttl_ok=0 path_safe=0 on_spline=0 speed=0.00 raw_wpnts=0 raw_age=-s decision=TRAILING reason=NO_STATIC_PATH
1786869154.228 [OBSTACLES] cur_s=10.98 cur_d=0.91 vs=0.00 n=1 [id=16 static=1 gap=2.09m d=0.31 size=0.20]
1786869154.396 [STATIC_OT] state=TRAILING path_exists=0 path_locked=0 path_ttl_ok=0 path_safe=0 on_spline=0 speed=0.00 raw_wpnts=0 raw_age=-s decision=TRAILING reason=NO_STATIC_PATH
1786869154.647 [STATIC_OT] state=TRAILING path_exists=0 path_locked=0 path_ttl_ok=0 path_safe=0 on_spline=0 speed=0.00 raw_wpnts=0 raw_age=-s decision=TRAILING reason=NO_STATIC_PATH
1786869154.729 [OBSTACLES] cur_s=10.97 cur_d=0.92 vs=0.00 n=1 [id=16 static=1 gap=2.09m d=0.31 size=0.20]
1786869154.852 [STATIC_OT] state=TRAILING path_exists=0 path_locked=0 path_ttl_ok=0 path_safe=0 on_spline=0 speed=0.00 raw_wpnts=0 raw_age=-s decision=TRAILING reason=NO_STATIC_PATH
1786869155.075 [STATIC_OT] state=TRAILING path_exists=0 path_locked=0 path_ttl_ok=0 path_safe=0 on_spline=0 speed=0.00 raw_wpnts=0 raw_age=-s decision=TRAILING reason=NO_STATIC_PATH
1786869155.262 [OBSTACLES] cur_s=10.97 cur_d=0.91 vs=0.00 n=1 [id=16 static=1 gap=2.08m d=0.31 size=0.22]
1786869155.302 [STATIC_OT] state=TRAILING path_exists=0 path_locked=0 path_ttl_ok=0 path_safe=0 on_spline=0 speed=0.00 raw_wpnts=0 raw_age=-s decision=TRAILING reason=NO_STATIC_PATH
1786869155.529 [STATIC_OT] state=TRAILING path_exists=0 path_locked=0 path_ttl_ok=0 path_safe=0 on_spline=0 speed=0.00 raw_wpnts=0 raw_age=-s decision=TRAILING reason=NO_STATIC_PATH
1786869155.770 [OBSTACLES] cur_s=10.97 cur_d=0.91 vs=0.00 n=1 [id=16 static=1 gap=2.11m d=0.31 size=0.18]
1786869155.777 [STATIC_OT] state=TRAILING path_exists=0 path_locked=0 path_ttl_ok=0 path_safe=0 on_spline=0 speed=0.00 raw_wpnts=0 raw_age=-s decision=TRAILING reason=NO_STATIC_PATH
1786869155.984 [STATIC_OT] state=TRAILING path_exists=0 path_locked=0 path_ttl_ok=0 path_safe=0 on_spline=0 speed=0.13 raw_wpnts=0 raw_age=-s decision=TRAILING reason=NO_STATIC_PATH
1786869156.190 [STATIC_OT] state=TRAILING path_exists=0 path_locked=0 path_ttl_ok=0 path_safe=0 on_spline=0 speed=0.22 raw_wpnts=0 raw_age=-s decision=TRAILING reason=NO_STATIC_PATH
1786869156.282 [OBSTACLES] cur_s=11.04 cur_d=0.99 vs=0.37 n=1 [id=16 static=1 gap=2.01m d=0.31 size=0.22]
1786869156.423 [STATIC_OT] state=TRAILING path_exists=0 path_locked=0 path_ttl_ok=0 path_safe=0 on_spline=0 speed=0.49 raw_wpnts=0 raw_age=-s decision=TRAILING reason=NO_STATIC_PATH
1786869156.682 [STATIC_OT] state=TRAILING path_exists=0 path_locked=0 path_ttl_ok=0 path_safe=0 on_spline=0 speed=1.06 raw_wpnts=0 raw_age=-s decision=TRAILING reason=NO_STATIC_PATH
1786869156.849 [OBSTACLES] cur_s=12.68 cur_d=1.37 vs=2.03 n=1 [id=16 static=1 gap=0.26m d=0.30 size=0.44]
1786869156.947 [STATIC_OT] state=TRAILING path_exists=0 path_locked=0 path_ttl_ok=0 path_safe=0 on_spline=0 speed=2.10 raw_wpnts=0 raw_age=-s decision=TRAILING reason=NO_STATIC_PATH
1786869157.034 [STATE_CHANGE] TRAILING -> LOSTLINE src=GB_TRACK s=12.74 d=1.40 vs=2.42
1786869157.380 [OBSTACLES] cur_s=12.68 cur_d=1.57 vs=2.15 n=0 [none]
1786869157.893 [OBSTACLES] cur_s=13.46 cur_d=1.38 vs=0.94 n=0 [none]
1786869158.402 [OBSTACLES] cur_s=14.31 cur_d=-0.12 vs=1.42 n=0 [none]
1786869158.409 [STATE_CHANGE] LOSTLINE -> GB_TRACK src=GB_TRACK s=14.31 d=-0.12 vs=1.42
1786869158.530 [STATE_CHANGE] GB_TRACK -> LOSTLINE src=GB_TRACK s=14.48 d=-0.31 vs=1.53
1786869158.939 [OBSTACLES] cur_s=16.14 cur_d=-1.13 vs=0.80 n=0 [none]
1786869159.442 [OBSTACLES] cur_s=16.54 cur_d=-0.58 vs=1.03 n=0 [none]
1786869159.938 [STATE_CHANGE] LOSTLINE -> GB_TRACK src=GB_TRACK s=16.72 d=-0.29 vs=0.46
1786869159.965 [OBSTACLES] cur_s=16.72 cur_d=-0.27 vs=0.41 n=0 [none]
1786869160.493 [OBSTACLES] cur_s=16.80 cur_d=-0.15 vs=0.00 n=0 [none]
1786869161.003 [OBSTACLES] cur_s=16.81 cur_d=-0.15 vs=0.00 n=0 [none]
1786869161.511 [OBSTACLES] cur_s=16.81 cur_d=-0.15 vs=0.00 n=0 [none]
1786869161.594 [STATE_CHANGE] GB_TRACK -> RECOVERY src=RECOVERY s=16.76 d=-0.32 vs=0.00
1786869162.121 [OBSTACLES] cur_s=16.80 cur_d=-0.14 vs=0.00 n=0 [none]
1786869162.675 [OBSTACLES] cur_s=16.84 cur_d=-0.08 vs=0.00 n=0 [none]
1786869163.186 [OBSTACLES] cur_s=16.84 cur_d=-0.08 vs=0.00 n=0 [none]
1786869163.719 [OBSTACLES] cur_s=16.80 cur_d=-0.13 vs=0.00 n=0 [none]
1786869164.227 [OBSTACLES] cur_s=16.80 cur_d=-0.13 vs=0.12 n=0 [none]
1786869164.400 [STATE_CHANGE] RECOVERY -> GB_TRACK src=GB_TRACK s=16.90 d=-0.00 vs=0.79
1786869164.825 [OBSTACLES] cur_s=17.28 cur_d=0.30 vs=1.58 n=0 [none]
1786869164.825 [STATE_CHANGE] GB_TRACK -> LOSTLINE src=GB_TRACK s=17.28 d=0.30 vs=1.58
1786869165.364 [OBSTACLES] cur_s=18.81 cur_d=0.62 vs=1.89 n=0 [none]
1786869165.923 [OBSTACLES] cur_s=20.09 cur_d=0.53 vs=2.37 n=0 [none]
1786869166.497 [OBSTACLES] cur_s=20.79 cur_d=0.44 vs=2.04 n=0 [none]
1786869166.621 [STATE_CHANGE] LOSTLINE -> RECOVERY src=RECOVERY s=20.88 d=0.44 vs=1.93
1786869167.053 [OBSTACLES] cur_s=21.46 cur_d=0.47 vs=3.29 n=0 [none]
1786869167.631 [OBSTACLES] cur_s=24.01 cur_d=0.50 vs=3.72 n=0 [none]
1786869167.647 [STATE_CHANGE] RECOVERY -> LOSTLINE src=GB_TRACK s=24.01 d=0.50 vs=3.72
1786869168.059 [STATE_CHANGE] LOSTLINE -> GB_TRACK src=GB_TRACK s=25.81 d=0.28 vs=3.78
1786869168.209 [OBSTACLES] cur_s=26.18 cur_d=0.17 vs=3.72 n=0 [none]
1786869168.484 [STATE_CHANGE] GB_TRACK -> LOSTLINE src=GB_TRACK s=27.47 d=-0.53 vs=2.99
1786869168.764 [OBSTACLES] cur_s=28.00 cur_d=-1.11 vs=2.26 n=0 [none]
1786869168.827 [STATE_CHANGE] LOSTLINE -> RECOVERY src=RECOVERY s=28.18 d=-1.33 vs=2.12
1786869168.882 [STATE_CHANGE] RECOVERY -> LOSTLINE src=GB_TRACK s=28.22 d=-1.38 vs=2.08
1786869169.018 [STATE_CHANGE] LOSTLINE -> RECOVERY src=RECOVERY s=28.35 d=-1.64 vs=1.95
1786869169.186 [STATE_CHANGE] RECOVERY -> LOSTLINE src=GB_TRACK s=28.46 d=-1.81 vs=1.80
1786869169.225 [STATE_CHANGE] LOSTLINE -> RECOVERY src=RECOVERY s=28.52 d=-1.90 vs=1.65
1786869169.266 [OBSTACLES] cur_s=28.56 cur_d=-1.95 vs=1.53 n=0 [none]
1786869169.768 [OBSTACLES] cur_s=28.85 cur_d=-2.35 vs=0.47 n=0 [none]
1786869169.769 [STATE_CHANGE] RECOVERY -> LOSTLINE src=GB_TRACK s=28.85 d=-2.35 vs=0.47
1786869170.312 [OBSTACLES] cur_s=28.90 cur_d=-2.39 vs=0.00 n=0 [none]
1786869170.848 [OBSTACLES] cur_s=28.94 cur_d=-2.33 vs=0.00 n=0 [none]
1786869171.008 [STATE_CHANGE] LOSTLINE -> RECOVERY src=RECOVERY s=28.87 d=-2.38 vs=-0.23
1786869171.361 [OBSTACLES] cur_s=28.76 cur_d=-2.24 vs=-0.50 n=0 [none]
1786869171.499 [STATE_CHANGE] RECOVERY -> LOSTLINE src=GB_TRACK s=28.71 d=-2.19 vs=-0.60
1786869171.868 [OBSTACLES] cur_s=28.60 cur_d=-2.01 vs=-0.66 n=0 [none]
1786869172.017 [STATE_CHANGE] LOSTLINE -> RECOVERY src=RECOVERY s=28.66 d=-1.82 vs=-0.14
1786869172.382 [OBSTACLES] cur_s=28.61 cur_d=-1.69 vs=-0.22 n=0 [none]
1786869172.876 [STATE_CHANGE] RECOVERY -> LOSTLINE src=GB_TRACK s=28.36 d=-1.46 vs=-2.76
1786869172.963 [OBSTACLES] cur_s=28.19 cur_d=-1.35 vs=-3.20 n=0 [none]
1786869173.381 [STATE_CHANGE] LOSTLINE -> RECOVERY src=RECOVERY s=27.45 d=-1.07 vs=-1.69
1786869173.470 [OBSTACLES] cur_s=27.41 cur_d=-1.07 vs=-1.55 n=0 [none]
1786869173.487 [STATE_CHANGE] RECOVERY -> LOSTLINE src=GB_TRACK s=27.39 d=-1.06 vs=-1.55
1786869174.010 [OBSTACLES] cur_s=27.14 cur_d=-1.20 vs=0.13 n=0 [none]
1786869174.577 [OBSTACLES] cur_s=27.68 cur_d=-0.89 vs=1.34 n=0 [none]
1786869174.687 [STATE_CHANGE] LOSTLINE -> RECOVERY src=RECOVERY s=27.79 d=-0.75 vs=1.12
1786869175.119 [OBSTACLES] cur_s=28.15 cur_d=-0.62 vs=0.25 n=0 [none]
1786869175.665 [OBSTACLES] cur_s=28.52 cur_d=-0.68 vs=0.85 n=0 [none]
1786869175.853 [STATE_CHANGE] RECOVERY -> LOSTLINE src=GB_TRACK s=28.57 d=-0.78 vs=0.47
1786869176.188 [OBSTACLES] cur_s=28.60 cur_d=-0.83 vs=0.00 n=0 [none]
1786869176.564 [STATE_CHANGE] LOSTLINE -> RECOVERY src=RECOVERY s=28.62 d=-0.85 vs=0.00
1786869176.752 [OBSTACLES] cur_s=28.62 cur_d=-0.84 vs=0.00 n=0 [none]
1786869177.258 [OBSTACLES] cur_s=28.52 cur_d=-0.79 vs=-1.02 n=0 [none]
1786869177.488 [STATE_CHANGE] RECOVERY -> LOSTLINE src=GB_TRACK s=28.26 d=-0.59 vs=-1.24
1786869177.761 [OBSTACLES] cur_s=27.95 cur_d=-0.28 vs=-0.86 n=0 [none]
1786869177.765 [STATE_CHANGE] LOSTLINE -> GB_TRACK src=GB_TRACK s=27.95 d=-0.28 vs=-0.86
1786869178.329 [OBSTACLES] cur_s=27.69 cur_d=0.04 vs=-1.07 n=0 [none]
1786869178.529 [STATE_CHANGE] GB_TRACK -> LOSTLINE src=GB_TRACK s=27.22 d=0.31 vs=-2.22
1786869178.848 [OBSTACLES] cur_s=26.42 cur_d=0.51 vs=-2.54 n=0 [none]
1786869178.909 [STATE_CHANGE] LOSTLINE -> RECOVERY src=RECOVERY s=26.26 d=0.54 vs=-2.45
1786869178.961 [STATE_CHANGE] RECOVERY -> LOSTLINE src=GB_TRACK s=26.13 d=0.54 vs=-2.52
1786869179.047 [STATE_CHANGE] LOSTLINE -> RECOVERY src=RECOVERY s=25.87 d=0.56 vs=-2.47
1786869179.132 [STATE_CHANGE] RECOVERY -> LOSTLINE src=GB_TRACK s=25.67 d=0.54 vs=-2.43
1786869179.361 [OBSTACLES] cur_s=25.14 cur_d=0.53 vs=-2.35 n=0 [none]
1786869179.722 [STATE_CHANGE] LOSTLINE -> RECOVERY src=RECOVERY s=24.18 d=0.42 vs=-2.34
1786869179.756 [STATE_CHANGE] RECOVERY -> LOSTLINE src=GB_TRACK s=24.11 d=0.42 vs=-2.34
1786869179.802 [STATE_CHANGE] LOSTLINE -> RECOVERY src=RECOVERY s=24.00 d=0.41 vs=-2.34
1786869179.896 [OBSTACLES] cur_s=23.84 cur_d=0.38 vs=-2.44 n=0 [none]
1786869180.019 [STATE_CHANGE] RECOVERY -> LOSTLINE src=GB_TRACK s=23.55 d=0.33 vs=-2.73
1786869180.164 [STATE_CHANGE] LOSTLINE -> GB_TRACK src=GB_TRACK s=23.26 d=0.28 vs=-2.97
1786869180.574 [OBSTACLES] cur_s=21.96 cur_d=0.15 vs=-3.08 n=0 [none]
1786869181.094 [OBSTACLES] cur_s=20.12 cur_d=-0.01 vs=-3.11 n=0 [none]
1786869181.620 [OBSTACLES] cur_s=18.85 cur_d=-0.03 vs=-3.10 n=0 [none]
1786869182.148 [OBSTACLES] cur_s=17.65 cur_d=0.07 vs=-2.48 n=0 [none]
1786869182.670 [OBSTACLES] cur_s=17.54 cur_d=0.20 vs=-1.95 n=0 [none]
1786869183.281 [OBSTACLES] cur_s=17.17 cur_d=0.08 vs=-0.34 n=0 [none]
1786869183.802 [OBSTACLES] cur_s=17.15 cur_d=0.07 vs=0.00 n=0 [none]
1786869184.346 [OBSTACLES] cur_s=17.15 cur_d=0.07 vs=0.00 n=0 [none]
1786869184.850 [OBSTACLES] cur_s=17.16 cur_d=0.07 vs=0.00 n=0 [none]
1786869185.363 [OBSTACLES] cur_s=17.15 cur_d=0.07 vs=0.00 n=0 [none]
1786869185.913 [OBSTACLES] cur_s=17.15 cur_d=0.07 vs=0.00 n=0 [none]
1786869186.490 [OBSTACLES] cur_s=17.15 cur_d=0.07 vs=0.00 n=0 [none]
1786869187.012 [OBSTACLES] cur_s=17.15 cur_d=0.07 vs=0.00 n=0 [none]
1786869187.524 [OBSTACLES] cur_s=17.15 cur_d=0.07 vs=0.00 n=0 [none]
1786869188.044 [OBSTACLES] cur_s=17.15 cur_d=0.07 vs=0.00 n=0 [none]
1786869188.549 [OBSTACLES] cur_s=17.15 cur_d=0.07 vs=0.00 n=0 [none]
1786869188.903 [STATE_CHANGE] GB_TRACK -> LOSTLINE src=GB_TRACK s=16.41 d=-0.98 vs=0.00
1786869189.067 [OBSTACLES] cur_s=16.39 cur_d=-1.10 vs=0.00 n=0 [none]
1786869189.173 [STATE_CHANGE] LOSTLINE -> RECOVERY src=RECOVERY s=16.39 d=-1.12 vs=0.00
1786869189.572 [OBSTACLES] cur_s=16.39 cur_d=-1.12 vs=0.00 n=0 [none]
1786869190.092 [OBSTACLES] cur_s=16.39 cur_d=-1.12 vs=0.00 n=0 [none]
1786869190.599 [OBSTACLES] cur_s=16.39 cur_d=-1.13 vs=0.00 n=0 [none]
1786869191.104 [OBSTACLES] cur_s=16.44 cur_d=-0.98 vs=0.81 n=0 [none]
1786869191.675 [OBSTACLES] cur_s=17.05 cur_d=-0.27 vs=1.70 n=0 [none]
1786869192.122 [STATE_CHANGE] RECOVERY -> GB_TRACK src=GB_TRACK s=17.58 d=-0.03 vs=1.89
1786869192.198 [OBSTACLES] cur_s=17.66 cur_d=-0.01 vs=1.91 n=0 [none]
1786869192.695 [STATE_CHANGE] GB_TRACK -> LOSTLINE src=GB_TRACK s=19.00 d=0.30 vs=2.49
1786869192.747 [OBSTACLES] cur_s=19.12 cur_d=0.32 vs=2.68 n=0 [none]
1786869192.748 [STATE_CHANGE] LOSTLINE -> RECOVERY src=RECOVERY s=19.12 d=0.32 vs=2.68
1786869193.300 [OBSTACLES] cur_s=21.04 cur_d=0.50 vs=2.93 n=0 [none]
1786869193.300 [STATE_CHANGE] RECOVERY -> LOSTLINE src=GB_TRACK s=21.04 d=0.50 vs=2.93
1786869193.438 [STATE_CHANGE] LOSTLINE -> RECOVERY src=RECOVERY s=21.52 d=0.50 vs=3.42
1786869193.669 [STATE_CHANGE] RECOVERY -> LOSTLINE src=GB_TRACK s=22.66 d=0.53 vs=3.57
1786869193.859 [OBSTACLES] cur_s=23.32 cur_d=0.53 vs=3.12 n=0 [none]
1786869193.862 [STATE_CHANGE] LOSTLINE -> RECOVERY src=RECOVERY s=23.32 d=0.53 vs=3.12
1786869194.283 [STATE_CHANGE] RECOVERY -> LOSTLINE src=GB_TRACK s=24.22 d=0.54 vs=2.80
1786869194.406 [OBSTACLES] cur_s=24.71 cur_d=0.54 vs=3.40 n=0 [none]
1786869194.678 [STATIC_OT] state=GB_TRACK path_exists=0 path_locked=0 path_ttl_ok=0 path_safe=0 on_spline=0 speed=3.39 raw_wpnts=0 raw_age=-s decision=TRAILING reason=NO_STATIC_PATH
1786869194.684 [STATE_CHANGE] LOSTLINE -> TRAILING src=GB_TRACK s=26.03 d=0.38 vs=3.39
1786869194.930 [OBSTACLES] cur_s=26.76 cur_d=0.12 vs=2.71 n=1 [id=30 static=1 gap=2.18m d=0.18 size=0.43]
1786869194.936 [STATIC_OT] state=TRAILING path_exists=0 path_locked=0 path_ttl_ok=0 path_safe=0 on_spline=0 speed=2.71 raw_wpnts=0 raw_age=-s decision=TRAILING reason=NO_STATIC_PATH
1786869195.227 [STATIC_OT] state=TRAILING path_exists=1 path_locked=0 path_ttl_ok=1 path_safe=0 on_spline=1 speed=1.89 raw_wpnts=105 raw_age=0.65s decision=TRAILING reason=PATH_BLOCKED blocked_obs_id=30 gap=1.7m free_dist=0.063m branch=static/geom
1786869195.333 [STATE_CHANGE] TRAILING -> LOSTLINE src=GB_TRACK s=27.63 d=-0.33 vs=1.64
1786869195.450 [OBSTACLES] cur_s=27.81 cur_d=-0.36 vs=1.45 n=0 [none]
1786869195.887 [STATE_CHANGE] LOSTLINE -> RECOVERY src=RECOVERY s=28.08 d=-0.30 vs=0.34
1786869195.990 [OBSTACLES] cur_s=28.09 cur_d=-0.30 vs=0.52 n=0 [none]
1786869196.492 [OBSTACLES] cur_s=28.37 cur_d=-0.35 vs=0.89 n=0 [none]
1786869197.027 [OBSTACLES] cur_s=28.37 cur_d=-0.37 vs=0.00 n=0 [none]
1786869197.552 [OBSTACLES] cur_s=28.07 cur_d=-0.19 vs=0.00 n=0 [none]
1786869198.087 [OBSTACLES] cur_s=27.99 cur_d=-0.14 vs=0.00 n=0 [none]
1786869198.381 [STATE_CHANGE] RECOVERY -> GB_TRACK src=GB_TRACK s=27.87 d=-0.03 vs=0.00
1786869198.592 [OBSTACLES] cur_s=27.81 cur_d=0.02 vs=0.00 n=0 [none]
1786869199.092 [OBSTACLES] cur_s=27.80 cur_d=0.02 vs=0.00 n=0 [none]
1786869199.621 [OBSTACLES] cur_s=27.80 cur_d=0.02 vs=-0.07 n=0 [none]
1786869200.353 [OBSTACLES] cur_s=27.32 cur_d=0.13 vs=-0.71 n=0 [none]
1786869200.906 [OBSTACLES] cur_s=26.97 cur_d=0.17 vs=-0.81 n=0 [none]
1786869201.502 [OBSTACLES] cur_s=26.52 cur_d=0.21 vs=-0.11 n=0 [none]
1786869202.039 [OBSTACLES] cur_s=26.20 cur_d=0.25 vs=-0.86 n=0 [none]
1786869202.396 [STATE_CHANGE] GB_TRACK -> LOSTLINE src=GB_TRACK s=25.84 d=0.33 vs=-1.10
1786869202.584 [OBSTACLES] cur_s=25.65 cur_d=0.35 vs=-1.11 n=0 [none]
1786869203.085 [OBSTACLES] cur_s=25.08 cur_d=0.34 vs=-1.37 n=0 [none]
1786869203.436 [STATE_CHANGE] LOSTLINE -> GB_TRACK src=GB_TRACK s=24.61 d=0.28 vs=-1.41
1786869203.593 [OBSTACLES] cur_s=24.31 cur_d=0.26 vs=-1.56 n=0 [none]
1786869204.204 [OBSTACLES] cur_s=23.38 cur_d=0.21 vs=-1.56 n=0 [none]
1786869204.652 [STATE_CHANGE] GB_TRACK -> LOSTLINE src=GB_TRACK s=22.67 d=0.35 vs=-1.63
1786869204.739 [OBSTACLES] cur_s=22.49 cur_d=0.37 vs=-1.64 n=0 [none]
1786869205.318 [OBSTACLES] cur_s=21.45 cur_d=0.43 vs=-1.89 n=0 [none]
1786869205.845 [OBSTACLES] cur_s=20.65 cur_d=0.36 vs=-1.90 n=0 [none]
1786869206.032 [STATE_CHANGE] LOSTLINE -> RECOVERY src=RECOVERY s=20.10 d=0.34 vs=-1.98
1786869206.156 [STATE_CHANGE] RECOVERY -> LOSTLINE src=GB_TRACK s=19.90 d=0.33 vs=-2.00
1786869206.281 [STATE_CHANGE] LOSTLINE -> RECOVERY src=RECOVERY s=19.69 d=0.32 vs=-1.99
1786869206.387 [OBSTACLES] cur_s=19.45 cur_d=0.34 vs=-1.97 n=0 [none]
1786869206.501 [STATE_CHANGE] RECOVERY -> LOSTLINE src=GB_TRACK s=19.38 d=0.35 vs=-1.96
1786869206.588 [STATE_CHANGE] LOSTLINE -> RECOVERY src=RECOVERY s=19.10 d=0.43 vs=-1.93
1786869206.744 [STATE_CHANGE] RECOVERY -> LOSTLINE src=GB_TRACK s=18.69 d=0.47 vs=-1.97
1786869206.902 [OBSTACLES] cur_s=18.36 cur_d=0.54 vs=-2.00 n=0 [none]
1786869207.424 [OBSTACLES] cur_s=17.07 cur_d=0.30 vs=-1.25 n=0 [none]
1786869207.485 [STATE_CHANGE] LOSTLINE -> GB_TRACK src=GB_TRACK s=16.99 d=0.23 vs=-1.16
1786869207.815 [STATE_CHANGE] GB_TRACK -> LOSTLINE src=GB_TRACK s=16.54 d=-0.48 vs=-1.28
1786869208.048 [OBSTACLES] cur_s=16.42 cur_d=-0.76 vs=-1.18 n=0 [none]
1786869208.141 [STATE_CHANGE] LOSTLINE -> RECOVERY src=RECOVERY s=16.39 d=-0.81 vs=-1.04
1786869208.474 [STATE_CHANGE] RECOVERY -> LOSTLINE src=GB_TRACK s=16.24 d=-1.07 vs=-0.48
1786869208.575 [OBSTACLES] cur_s=16.23 cur_d=-1.09 vs=-0.30 n=0 [none]
1786869208.576 [STATE_CHANGE] LOSTLINE -> RECOVERY src=RECOVERY s=16.23 d=-1.09 vs=-0.30
1786869209.143 [OBSTACLES] cur_s=16.44 cur_d=-0.55 vs=1.08 n=0 [none]
1786869209.741 [OBSTACLES] cur_s=17.05 cur_d=0.15 vs=1.12 n=0 [none]
1786869209.912 [STATE_CHANGE] RECOVERY -> LOSTLINE src=GB_TRACK s=17.20 d=0.37 vs=1.05
1786869209.988 [STATE_CHANGE] LOSTLINE -> RECOVERY src=RECOVERY s=17.26 d=0.42 vs=1.08
1786869210.320 [OBSTACLES] cur_s=17.59 cur_d=0.52 vs=1.11 n=0 [none]
1786869210.899 [OBSTACLES] cur_s=19.04 cur_d=0.58 vs=2.02 n=0 [none]
1786869211.472 [OBSTACLES] cur_s=20.63 cur_d=0.46 vs=2.49 n=0 [none]
1786869211.663 [STATE_CHANGE] RECOVERY -> LOSTLINE src=GB_TRACK s=20.96 d=0.46 vs=2.09
1786869211.920 [STATE_CHANGE] LOSTLINE -> RECOVERY src=RECOVERY s=21.60 d=0.58 vs=1.92
1786869211.990 [OBSTACLES] cur_s=21.74 cur_d=0.61 vs=1.76 n=0 [none]
1786869212.648 [OBSTACLES] cur_s=22.44 cur_d=0.72 vs=0.36 n=0 [none]
1786869213.199 [OBSTACLES] cur_s=22.55 cur_d=0.73 vs=0.00 n=0 [none]
1786869213.755 [OBSTACLES] cur_s=22.69 cur_d=0.73 vs=0.00 n=0 [none]
1786869214.327 [OBSTACLES] cur_s=22.74 cur_d=0.73 vs=0.00 n=0 [none]
1786869214.914 [OBSTACLES] cur_s=22.78 cur_d=0.73 vs=0.00 n=0 [none]
1786869215.473 [OBSTACLES] cur_s=22.94 cur_d=0.73 vs=0.00 n=0 [none]
1786869216.015 [OBSTACLES] cur_s=22.94 cur_d=0.73 vs=0.00 n=0 [none]
1786869216.563 [OBSTACLES] cur_s=22.95 cur_d=0.73 vs=0.00 n=0 [none]
1786869217.083 [OBSTACLES] cur_s=22.94 cur_d=0.73 vs=0.00 n=0 [none]
1786869217.641 [OBSTACLES] cur_s=22.94 cur_d=0.73 vs=0.00 n=0 [none]
1786869217.642 [STATE_CHANGE] RECOVERY -> LOSTLINE src=GB_TRACK s=22.94 d=0.73 vs=0.00
1786869217.801 [STATE_CHANGE] LOSTLINE -> RECOVERY src=RECOVERY s=23.03 d=0.73 vs=0.00
1786869218.169 [OBSTACLES] cur_s=23.17 cur_d=0.73 vs=0.00 n=0 [none]
1786869218.722 [OBSTACLES] cur_s=23.31 cur_d=0.73 vs=0.00 n=0 [none]
1786869219.226 [OBSTACLES] cur_s=23.36 cur_d=0.74 vs=0.00 n=0 [none]
1786869219.748 [OBSTACLES] cur_s=23.45 cur_d=0.75 vs=0.00 n=0 [none]
1786869220.289 [OBSTACLES] cur_s=23.54 cur_d=0.76 vs=0.00 n=0 [none]
1786869220.833 [OBSTACLES] cur_s=23.81 cur_d=0.79 vs=1.10 n=0 [none]
1786869221.170 [STATE_CHANGE] RECOVERY -> LOSTLINE src=GB_TRACK s=24.09 d=0.85 vs=0.70
1786869221.337 [OBSTACLES] cur_s=24.34 cur_d=0.85 vs=1.55 n=0 [none]
1786869221.452 [STATE_CHANGE] LOSTLINE -> RECOVERY src=RECOVERY s=24.46 d=0.81 vs=1.68
1786869221.946 [OBSTACLES] cur_s=25.20 cur_d=0.33 vs=1.22 n=0 [none]
1786869222.481 [OBSTACLES] cur_s=26.10 cur_d=0.20 vs=2.30 n=0 [none]
1786869223.025 [OBSTACLES] cur_s=27.12 cur_d=0.06 vs=0.84 n=0 [none]
1786869223.138 [STATE_CHANGE] RECOVERY -> GB_TRACK src=GB_TRACK s=27.18 d=0.04 vs=0.91
1786869223.566 [OBSTACLES] cur_s=27.78 cur_d=-0.11 vs=2.48 n=0 [none]
1786869223.824 [STATE_CHANGE] GB_TRACK -> LOSTLINE src=GB_TRACK s=28.19 d=-0.29 vs=2.15
1786869223.887 [STATE_CHANGE] LOSTLINE -> RECOVERY src=RECOVERY s=28.27 d=-0.34 vs=1.99
1786869224.114 [OBSTACLES] cur_s=28.60 cur_d=-0.59 vs=1.27 n=0 [none]
1786869224.474 [STATE_CHANGE] RECOVERY -> LOSTLINE src=GB_TRACK s=28.85 d=-0.84 vs=0.54
1786869224.686 [OBSTACLES] cur_s=28.88 cur_d=-0.88 vs=0.28 n=0 [none]
1786869224.971 [STATE_CHANGE] LOSTLINE -> RECOVERY src=RECOVERY s=28.88 d=-0.88 vs=0.00
1786869225.191 [OBSTACLES] cur_s=28.88 cur_d=-0.88 vs=0.00 n=0 [none]
1786869225.751 [OBSTACLES] cur_s=28.87 cur_d=-0.88 vs=0.00 n=0 [none]
1786869226.369 [OBSTACLES] cur_s=28.88 cur_d=-0.88 vs=0.00 n=0 [none]
1786869226.904 [OBSTACLES] cur_s=28.90 cur_d=-0.91 vs=0.00 n=0 [none]
1786869227.414 [OBSTACLES] cur_s=28.90 cur_d=-0.91 vs=0.00 n=0 [none]
1786869227.926 [OBSTACLES] cur_s=28.86 cur_d=-0.87 vs=-0.62 n=0 [none]
1786869228.261 [STATE_CHANGE] RECOVERY -> LOSTLINE src=GB_TRACK s=28.66 d=-0.67 vs=-1.87
1786869228.431 [OBSTACLES] cur_s=28.43 cur_d=-0.48 vs=-2.92 n=0 [none]
1786869228.512 [STATE_CHANGE] LOSTLINE -> GB_TRACK src=GB_TRACK s=28.01 d=-0.22 vs=-2.78
1786869228.960 [OBSTACLES] cur_s=27.29 cur_d=0.02 vs=-1.96 n=0 [none]
1786869229.615 [OBSTACLES] cur_s=26.29 cur_d=0.22 vs=-1.41 n=0 [none]
1786869229.771 [STATE_CHANGE] GB_TRACK -> LOSTLINE src=GB_TRACK s=25.99 d=0.29 vs=-1.82
1786869229.949 [STATE_CHANGE] LOSTLINE -> RECOVERY src=RECOVERY s=25.79 d=0.36 vs=-1.80
1786869230.047 [STATE_CHANGE] RECOVERY -> LOSTLINE src=GB_TRACK s=25.57 d=0.40 vs=-1.64
1786869230.189 [OBSTACLES] cur_s=25.38 cur_d=0.44 vs=-1.36 n=1 [id=40 static=1 gap=3.64m d=0.17 size=0.40]
1786869230.193 [STATIC_OT] state=GB_TRACK path_exists=0 path_locked=0 path_ttl_ok=0 path_safe=0 on_spline=0 speed=-1.36 raw_wpnts=0 raw_age=-s decision=TRAILING reason=NO_STATIC_PATH
1786869230.205 [STATE_CHANGE] LOSTLINE -> TRAILING src=GB_TRACK s=25.38 d=0.44 vs=-1.36
1786869230.371 [STATE_CHANGE] TRAILING -> OVERTAKE src=OVERTAKE s=25.12 d=0.48 vs=-1.70
1786869230.504 [STATIC_OT] state=OVERTAKE path_exists=1 path_locked=1 path_ttl_ok=1 path_safe=1 on_spline=0 speed=-2.30 raw_wpnts=91 raw_age=0.52s decision=OVERTAKE
1786869230.786 [OBSTACLES] cur_s=24.06 cur_d=0.55 vs=-2.75 n=1 [id=40 static=1 gap=5.04m d=0.16 size=0.15]
1786869230.790 [STATIC_OT] state=OVERTAKE path_exists=1 path_locked=1 path_ttl_ok=1 path_safe=1 on_spline=0 speed=-2.75 raw_wpnts=95 raw_age=0.55s decision=OVERTAKE
1786869230.962 [STATE_CHANGE] OVERTAKE -> TRAILING src=RECOVERY s=23.72 d=0.57 vs=-2.48
1786869230.989 [STATE_CHANGE] TRAILING -> LOSTLINE src=GB_TRACK s=23.60 d=0.58 vs=-2.34
1786869231.316 [OBSTACLES] cur_s=22.95 cur_d=0.58 vs=-2.75 n=0 [none]
1786869231.820 [OBSTACLES] cur_s=21.54 cur_d=0.61 vs=-1.80 n=0 [none]
1786869231.916 [STATE_CHANGE] LOSTLINE -> RECOVERY src=RECOVERY s=21.39 d=0.60 vs=-2.14
1786869232.088 [STATE_CHANGE] RECOVERY -> LOSTLINE src=GB_TRACK s=21.09 d=0.56 vs=-2.61
1786869232.150 [STATE_CHANGE] LOSTLINE -> RECOVERY src=RECOVERY s=21.04 d=0.56 vs=-2.67
1786869232.322 [OBSTACLES] cur_s=20.59 cur_d=0.53 vs=-2.43 n=0 [none]
1786869232.323 [STATE_CHANGE] RECOVERY -> LOSTLINE src=GB_TRACK s=20.59 d=0.53 vs=-2.43
1786869232.523 [STATE_CHANGE] LOSTLINE -> RECOVERY src=RECOVERY s=20.26 d=0.51 vs=-2.04
1786869232.781 [STATE_CHANGE] RECOVERY -> LOSTLINE src=GB_TRACK s=19.83 d=0.47 vs=-1.51
1786869232.863 [OBSTACLES] cur_s=19.74 cur_d=0.46 vs=-1.72 n=0 [none]
1786869232.864 [STATE_CHANGE] LOSTLINE -> RECOVERY src=RECOVERY s=19.74 d=0.46 vs=-1.72
1786869233.007 [STATE_CHANGE] RECOVERY -> LOSTLINE src=GB_TRACK s=19.41 d=0.44 vs=-2.27
1786869233.065 [STATE_CHANGE] LOSTLINE -> RECOVERY src=RECOVERY s=19.23 d=0.43 vs=-2.17
1786869233.350 [STATE_CHANGE] RECOVERY -> LOSTLINE src=GB_TRACK s=18.80 d=0.35 vs=-1.74
1786869233.426 [OBSTACLES] cur_s=18.72 cur_d=0.34 vs=-1.65 n=0 [none]
1786869233.564 [STATE_CHANGE] LOSTLINE -> GB_TRACK src=GB_TRACK s=18.58 d=0.28 vs=-1.26
1786869233.610 [STATE_CHANGE] GB_TRACK -> LOSTLINE src=GB_TRACK s=18.55 d=0.31 vs=-1.06
1786869233.673 [STATE_CHANGE] LOSTLINE -> RECOVERY src=RECOVERY s=18.54 d=0.35 vs=-1.25
1786869233.956 [OBSTACLES] cur_s=18.01 cur_d=0.44 vs=-2.05 n=0 [none]
1786869234.043 [STATE_CHANGE] RECOVERY -> LOSTLINE src=GB_TRACK s=17.88 d=0.45 vs=-1.99
1786869234.100 [STATE_CHANGE] LOSTLINE -> RECOVERY src=RECOVERY s=17.65 d=0.46 vs=-1.69
1786869234.139 [STATE_CHANGE] RECOVERY -> LOSTLINE src=GB_TRACK s=17.57 d=0.47 vs=-1.69
1786869234.460 [OBSTACLES] cur_s=17.04 cur_d=0.43 vs=-0.82 n=0 [none]
1786869234.460 [STATE_CHANGE] LOSTLINE -> RECOVERY src=RECOVERY s=17.04 d=0.43 vs=-0.82
1786869234.981 [OBSTACLES] cur_s=16.91 cur_d=0.35 vs=0.00 n=1 [id=42 static=1 gap=2.10m d=0.92 size=0.25]
1786869235.509 [OBSTACLES] cur_s=17.18 cur_d=0.50 vs=0.00 n=1 [id=42 static=1 gap=1.88m d=0.92 size=0.30]
1786869236.027 [OBSTACLES] cur_s=17.19 cur_d=0.50 vs=0.00 n=1 [id=44 static=0 gap=3.03m d=0.81 size=0.41]
1786869236.534 [OBSTACLES] cur_s=17.19 cur_d=0.50 vs=0.00 n=0 [none]
1786869237.035 [OBSTACLES] cur_s=17.20 cur_d=0.50 vs=0.00 n=1 [id=44 static=0 gap=4.00m d=0.89 size=0.37]
1786869237.592 [OBSTACLES] cur_s=17.20 cur_d=0.50 vs=0.00 n=0 [none]
1786869238.097 [OBSTACLES] cur_s=17.20 cur_d=0.50 vs=0.00 n=0 [none]
1786869238.614 [OBSTACLES] cur_s=17.19 cur_d=0.50 vs=0.00 n=0 [none]
1786869239.215 [OBSTACLES] cur_s=17.20 cur_d=0.50 vs=0.00 n=0 [none]
1786869239.721 [OBSTACLES] cur_s=17.21 cur_d=0.49 vs=0.00 n=0 [none]
1786869240.238 [OBSTACLES] cur_s=17.21 cur_d=0.48 vs=0.00 n=0 [none]
1786869240.744 [OBSTACLES] cur_s=17.21 cur_d=0.49 vs=0.00 n=0 [none]
1786869241.317 [OBSTACLES] cur_s=17.21 cur_d=0.48 vs=0.00 n=0 [none]
1786869241.697 [STATE_CHANGE] RECOVERY -> LOSTLINE src=GB_TRACK s=17.22 d=0.48 vs=0.00
1786869241.856 [OBSTACLES] cur_s=16.32 cur_d=-0.73 vs=0.00 n=0 [none]
1786869242.394 [OBSTACLES] cur_s=16.30 cur_d=-0.66 vs=0.00 n=0 [none]
1786869242.396 [STATE_CHANGE] LOSTLINE -> RECOVERY src=RECOVERY s=16.30 d=-0.66 vs=0.00
1786869242.901 [OBSTACLES] cur_s=16.30 cur_d=-0.66 vs=0.07 n=0 [none]
1786869243.508 [OBSTACLES] cur_s=16.55 cur_d=-0.25 vs=1.29 n=0 [none]
1786869244.053 [OBSTACLES] cur_s=17.87 cur_d=0.21 vs=3.21 n=0 [none]
1786869244.593 [OBSTACLES] cur_s=20.15 cur_d=0.04 vs=4.42 n=0 [none]
1786869244.595 [STATE_CHANGE] RECOVERY -> GB_TRACK src=GB_TRACK s=20.15 d=0.04 vs=4.42
1786869245.110 [OBSTACLES] cur_s=22.59 cur_d=-0.03 vs=4.94 n=0 [none]
1786869245.681 [OBSTACLES] cur_s=25.55 cur_d=0.07 vs=4.49 n=0 [none]
1786869246.243 [OBSTACLES] cur_s=27.52 cur_d=0.13 vs=3.76 n=0 [none]
1786869246.641 [STATE_CHANGE] GB_TRACK -> LOSTLINE src=GB_TRACK s=27.96 d=0.32 vs=3.05
1786869246.889 [OBSTACLES] cur_s=28.67 cur_d=0.62 vs=2.80 n=0 [none]
1786869247.413 [OBSTACLES] cur_s=29.30 cur_d=0.51 vs=0.11 n=0 [none]
1786869247.916 [OBSTACLES] cur_s=29.26 cur_d=0.45 vs=0.00 n=0 [none]
1786869248.420 [OBSTACLES] cur_s=29.25 cur_d=0.44 vs=0.00 n=0 [none]
1786869248.849 [STATE_CHANGE] LOSTLINE -> GB_TRACK src=GB_TRACK s=29.24 d=0.28 vs=-0.12
1786869248.922 [OBSTACLES] cur_s=29.23 cur_d=0.22 vs=-0.14 n=0 [none]
1786869249.357 [STATE_CHANGE] GB_TRACK -> LOSTLINE src=GB_TRACK s=29.05 d=-0.39 vs=-0.23
1786869249.466 [OBSTACLES] cur_s=29.02 cur_d=-0.52 vs=-0.44 n=0 [none]
1786869249.567 [STATE_CHANGE] LOSTLINE -> RECOVERY src=RECOVERY s=28.96 d=-0.77 vs=-0.68
1786869249.606 [STATE_CHANGE] RECOVERY -> LOSTLINE src=GB_TRACK s=28.94 d=-0.88 vs=-0.84
1786869249.827 [STATE_CHANGE] LOSTLINE -> RECOVERY src=RECOVERY s=28.77 d=-1.29 vs=-1.31
1786869249.979 [OBSTACLES] cur_s=28.62 cur_d=-1.49 vs=-1.55 n=0 [none]
1786869249.981 [STATE_CHANGE] RECOVERY -> LOSTLINE src=GB_TRACK s=28.62 d=-1.49 vs=-1.55
1786869250.035 [STATE_CHANGE] LOSTLINE -> RECOVERY src=RECOVERY s=28.57 d=-1.51 vs=-1.59
1786869250.290 [STATE_CHANGE] RECOVERY -> LOSTLINE src=GB_TRACK s=28.46 d=-1.55 vs=-1.64
1786869250.491 [OBSTACLES] cur_s=28.27 cur_d=-1.57 vs=-1.48 n=0 [none]
1786869251.017 [OBSTACLES] cur_s=27.69 cur_d=-1.46 vs=-1.46 n=0 [none]
1786869251.544 [OBSTACLES] cur_s=27.12 cur_d=-1.40 vs=-1.61 n=0 [none]
1786869252.060 [OBSTACLES] cur_s=26.50 cur_d=-0.91 vs=-1.33 n=0 [none]
1786869252.271 [STATE_CHANGE] LOSTLINE -> GB_TRACK src=GB_TRACK s=26.45 d=-0.22 vs=-1.35
1786869252.671 [OBSTACLES] cur_s=26.02 cur_d=0.20 vs=-1.54 n=0 [none]
1786869252.923 [STATE_CHANGE] GB_TRACK -> LOSTLINE src=GB_TRACK s=25.66 d=0.35 vs=-1.59
1786869253.180 [OBSTACLES] cur_s=24.76 cur_d=0.41 vs=-1.55 n=0 [none]
1786869253.239 [STATE_CHANGE] LOSTLINE -> RECOVERY src=RECOVERY s=24.72 d=0.41 vs=-1.55
1786869253.343 [STATE_CHANGE] RECOVERY -> LOSTLINE src=GB_TRACK s=24.49 d=0.38 vs=-1.53
1786869253.398 [STATE_CHANGE] LOSTLINE -> RECOVERY src=RECOVERY s=24.43 d=0.36 vs=-1.51
1786869253.539 [STATE_CHANGE] RECOVERY -> LOSTLINE src=GB_TRACK s=24.30 d=0.34 vs=-1.49
1786869253.609 [STATE_CHANGE] LOSTLINE -> GB_TRACK src=GB_TRACK s=24.09 d=0.29 vs=-1.50
1786869253.724 [OBSTACLES] cur_s=23.96 cur_d=0.25 vs=-1.58 n=0 [none]
1786869254.319 [OBSTACLES] cur_s=23.15 cur_d=0.10 vs=-1.94 n=0 [none]
1786869254.675 [STATE_CHANGE] GB_TRACK -> LOSTLINE src=GB_TRACK s=22.29 d=0.30 vs=-1.86
1786869255.079 [OBSTACLES] cur_s=21.62 cur_d=0.49 vs=-1.86 n=0 [none]
1786869255.640 [OBSTACLES] cur_s=20.70 cur_d=0.65 vs=-1.93 n=0 [none]
1786869255.893 [STATE_CHANGE] LOSTLINE -> RECOVERY src=RECOVERY s=20.12 d=0.70 vs=-1.92
1786869255.972 [STATE_CHANGE] RECOVERY -> LOSTLINE src=GB_TRACK s=19.85 d=0.69 vs=-1.92
1786869256.194 [OBSTACLES] cur_s=19.62 cur_d=0.67 vs=-1.93 n=0 [none]
1786869256.195 [STATE_CHANGE] LOSTLINE -> RECOVERY src=RECOVERY s=19.62 d=0.67 vs=-1.93
1786869256.323 [STATE_CHANGE] RECOVERY -> LOSTLINE src=GB_TRACK s=19.36 d=0.64 vs=-1.92
1786869256.395 [STATE_CHANGE] LOSTLINE -> RECOVERY src=RECOVERY s=19.28 d=0.61 vs=-1.92
1786869256.507 [STATE_CHANGE] RECOVERY -> LOSTLINE src=GB_TRACK s=19.14 d=0.58 vs=-1.91
1786869256.726 [OBSTACLES] cur_s=18.47 cur_d=0.46 vs=-1.88 n=0 [none]
1786869257.118 [STATE_CHANGE] LOSTLINE -> GB_TRACK src=GB_TRACK s=17.63 d=0.20 vs=-1.72
1786869257.229 [OBSTACLES] cur_s=17.44 cur_d=0.10 vs=-1.64 n=0 [none]
1786869257.799 [OBSTACLES] cur_s=16.98 cur_d=-0.27 vs=-1.35 n=0 [none]
1786869257.921 [STATE_CHANGE] GB_TRACK -> LOSTLINE src=GB_TRACK s=16.80 d=-0.52 vs=-1.07
1786869258.220 [STATE_CHANGE] LOSTLINE -> RECOVERY src=RECOVERY s=16.59 d=-0.90 vs=-0.53
1786869258.297 [OBSTACLES] cur_s=16.56 cur_d=-0.94 vs=-0.48 n=0 [none]
1786869258.812 [OBSTACLES] cur_s=16.51 cur_d=-1.04 vs=0.00 n=0 [none]
1786869259.348 [OBSTACLES] cur_s=16.51 cur_d=-1.03 vs=0.00 n=0 [none]
1786869259.894 [OBSTACLES] cur_s=16.51 cur_d=-1.03 vs=0.00 n=0 [none]
1786869260.474 [OBSTACLES] cur_s=16.51 cur_d=-1.04 vs=0.00 n=0 [none]
1786869260.994 [OBSTACLES] cur_s=16.52 cur_d=-1.02 vs=0.00 n=0 [none]
1786869261.518 [OBSTACLES] cur_s=16.52 cur_d=-1.02 vs=0.00 n=0 [none]
1786869262.026 [OBSTACLES] cur_s=16.52 cur_d=-1.02 vs=0.00 n=0 [none]
1786869262.563 [OBSTACLES] cur_s=16.52 cur_d=-1.03 vs=0.00 n=0 [none]
1786869263.083 [OBSTACLES] cur_s=16.52 cur_d=-1.02 vs=0.00 n=0 [none]
1786869263.666 [OBSTACLES] cur_s=16.52 cur_d=-1.02 vs=0.00 n=0 [none]
1786869264.200 [OBSTACLES] cur_s=16.52 cur_d=-1.02 vs=0.00 n=0 [none]
1786869264.780 [OBSTACLES] cur_s=16.51 cur_d=-1.03 vs=0.00 n=0 [none]
1786869265.318 [OBSTACLES] cur_s=16.50 cur_d=-1.06 vs=0.00 n=0 [none]
1786869265.841 [OBSTACLES] cur_s=16.50 cur_d=-1.06 vs=0.00 n=0 [none]
1786869266.386 [OBSTACLES] cur_s=16.50 cur_d=-1.06 vs=0.00 n=0 [none]
1786869267.007 [OBSTACLES] cur_s=16.50 cur_d=-1.06 vs=0.00 n=0 [none]
1786869267.510 [OBSTACLES] cur_s=16.49 cur_d=-1.06 vs=0.00 n=0 [none]
1786869268.021 [OBSTACLES] cur_s=16.50 cur_d=-1.06 vs=0.00 n=0 [none]
1786869268.234 [STATE_CHANGE] RECOVERY -> LOSTLINE src=GB_TRACK s=16.50 d=-1.06 vs=0.00
1786869268.634 [OBSTACLES] cur_s=16.51 cur_d=-1.03 vs=0.08 n=0 [none]
1786869269.136 [OBSTACLES] cur_s=16.63 cur_d=-0.84 vs=1.15 n=0 [none]
1786869269.297 [STATE_CHANGE] LOSTLINE -> RECOVERY src=RECOVERY s=16.89 d=-0.66 vs=1.61
1786869269.637 [OBSTACLES] cur_s=17.57 cur_d=-0.17 vs=2.44 n=0 [none]
1786869269.770 [STATE_CHANGE] RECOVERY -> GB_TRACK src=GB_TRACK s=17.90 d=-0.03 vs=3.11
1786869270.273 [OBSTACLES] cur_s=19.57 cur_d=0.02 vs=4.31 n=0 [none]
1786869270.829 [OBSTACLES] cur_s=22.35 cur_d=-0.11 vs=4.89 n=0 [none]
1786869271.342 [OBSTACLES] cur_s=24.65 cur_d=0.09 vs=4.92 n=0 [none]
1786869271.847 [OBSTACLES] cur_s=26.97 cur_d=0.05 vs=3.97 n=0 [none]
1786869272.300 [STATE_CHANGE] GB_TRACK -> LOSTLINE src=GB_TRACK s=28.16 d=0.38 vs=3.42
1786869272.445 [OBSTACLES] cur_s=28.82 cur_d=0.71 vs=2.52 n=0 [none]
1786869272.948 [OBSTACLES] cur_s=29.23 cur_d=0.51 vs=-0.00 n=0 [none]
1786869273.476 [OBSTACLES] cur_s=29.27 cur_d=0.41 vs=-0.00 n=0 [none]
1786869274.026 [OBSTACLES] cur_s=29.27 cur_d=0.41 vs=-0.00 n=0 [none]
1786869274.571 [OBSTACLES] cur_s=29.34 cur_d=0.32 vs=0.08 n=0 [none]
1786869274.831 [STATE_CHANGE] LOSTLINE -> GB_TRACK src=GB_TRACK s=29.34 d=0.27 vs=-0.20
1786869275.082 [OBSTACLES] cur_s=29.17 cur_d=0.00 vs=-0.44 n=0 [none]
1786869275.388 [STATE_CHANGE] GB_TRACK -> LOSTLINE src=GB_TRACK s=29.04 d=-0.29 vs=-0.66
1786869275.602 [OBSTACLES] cur_s=28.93 cur_d=-0.47 vs=-0.79 n=0 [none]
1786869275.603 [STATE_CHANGE] LOSTLINE -> RECOVERY src=RECOVERY s=28.93 d=-0.47 vs=-0.79
1786869276.045 [STATE_CHANGE] RECOVERY -> LOSTLINE src=GB_TRACK s=28.68 d=-0.71 vs=-0.91
1786869276.114 [OBSTACLES] cur_s=28.63 cur_d=-0.74 vs=-0.92 n=0 [none]
1786869276.614 [STATE_CHANGE] LOSTLINE -> RECOVERY src=RECOVERY s=28.29 d=-0.78 vs=-0.82
1786869276.645 [OBSTACLES] cur_s=28.25 cur_d=-0.75 vs=-0.81 n=0 [none]
1786869277.110 [STATE_CHANGE] RECOVERY -> LOSTLINE src=GB_TRACK s=28.00 d=-0.49 vs=-0.63
1786869277.220 [OBSTACLES] cur_s=27.92 cur_d=-0.41 vs=-0.65 n=0 [none]
1786869277.359 [STATE_CHANGE] LOSTLINE -> GB_TRACK src=GB_TRACK s=27.81 d=-0.28 vs=-0.69
1786869277.734 [OBSTACLES] cur_s=27.62 cur_d=-0.11 vs=-0.75 n=0 [none]
1786869278.327 [OBSTACLES] cur_s=27.17 cur_d=0.15 vs=-0.84 n=0 [none]
1786869278.816 [STATE_CHANGE] GB_TRACK -> LOSTLINE src=GB_TRACK s=26.67 d=0.29 vs=-1.07
1786869278.876 [OBSTACLES] cur_s=26.54 cur_d=0.32 vs=-1.09 n=0 [none]
1786869278.877 [STATE_CHANGE] LOSTLINE -> RECOVERY src=RECOVERY s=26.54 d=0.32 vs=-1.09
1786869279.102 [STATE_CHANGE] RECOVERY -> LOSTLINE src=GB_TRACK s=26.16 d=0.39 vs=-1.41
1786869279.399 [OBSTACLES] cur_s=25.78 cur_d=0.43 vs=-1.65 n=0 [none]
1786869279.403 [STATE_CHANGE] LOSTLINE -> RECOVERY src=RECOVERY s=25.78 d=0.43 vs=-1.65
1786869279.664 [STATE_CHANGE] RECOVERY -> LOSTLINE src=GB_TRACK s=25.34 d=0.45 vs=-1.69
1786869279.929 [OBSTACLES] cur_s=24.83 cur_d=0.40 vs=-1.77 n=0 [none]
1786869280.399 [STATE_CHANGE] LOSTLINE -> GB_TRACK src=GB_TRACK s=23.95 d=0.28 vs=-1.83
1786869280.442 [OBSTACLES] cur_s=23.91 cur_d=0.27 vs=-1.87 n=0 [none]
1786869280.972 [OBSTACLES] cur_s=22.74 cur_d=0.12 vs=-2.01 n=0 [none]
1786869281.502 [OBSTACLES] cur_s=21.88 cur_d=0.02 vs=-2.02 n=0 [none]
1786869282.051 [OBSTACLES] cur_s=20.58 cur_d=0.21 vs=-1.99 n=0 [none]
1786869282.203 [STATE_CHANGE] GB_TRACK -> LOSTLINE src=GB_TRACK s=20.28 d=0.31 vs=-1.94
1786869282.592 [OBSTACLES] cur_s=19.76 cur_d=0.53 vs=-1.91 n=0 [none]
1786869283.150 [OBSTACLES] cur_s=18.51 cur_d=0.79 vs=-2.07 n=0 [none]
1786869283.721 [OBSTACLES] cur_s=17.03 cur_d=0.34 vs=-1.49 n=0 [none]
1786869283.812 [STATE_CHANGE] LOSTLINE -> GB_TRACK src=GB_TRACK s=16.82 d=0.15 vs=-1.31
1786869284.178 [STATE_CHANGE] GB_TRACK -> LOSTLINE src=GB_TRACK s=16.51 d=-0.34 vs=-1.11
1786869284.312 [OBSTACLES] cur_s=16.51 cur_d=-0.35 vs=-1.18 n=0 [none]
1786869284.864 [OBSTACLES] cur_s=16.15 cur_d=-1.24 vs=-0.75 n=0 [none]
1786869284.865 [STATE_CHANGE] LOSTLINE -> RECOVERY src=RECOVERY s=16.15 d=-1.24 vs=-0.75
1786869284.960 [STATE_CHANGE] RECOVERY -> LOSTLINE src=GB_TRACK s=16.13 d=-1.33 vs=-0.74
1786869285.372 [OBSTACLES] cur_s=15.98 cur_d=-2.04 vs=-0.75 n=0 [none]
1786869285.895 [OBSTACLES] cur_s=15.96 cur_d=-2.15 vs=0.59 n=0 [none]
1786869286.436 [OBSTACLES] cur_s=16.12 cur_d=-1.72 vs=0.35 n=0 [none]
1786869287.037 [OBSTACLES] cur_s=16.15 cur_d=-1.50 vs=0.25 n=0 [none]
1786869287.564 [OBSTACLES] cur_s=16.17 cur_d=-1.40 vs=0.00 n=0 [none]
1786869288.094 [OBSTACLES] cur_s=16.17 cur_d=-1.40 vs=0.00 n=0 [none]
1786869288.658 [OBSTACLES] cur_s=16.17 cur_d=-1.40 vs=0.00 n=0 [none]
1786869289.187 [OBSTACLES] cur_s=16.18 cur_d=-1.40 vs=0.00 n=0 [none]
1786869289.757 [OBSTACLES] cur_s=16.17 cur_d=-1.40 vs=0.00 n=0 [none]
1786869290.310 [OBSTACLES] cur_s=16.18 cur_d=-1.40 vs=0.00 n=0 [none]
1786869290.820 [OBSTACLES] cur_s=16.18 cur_d=-1.39 vs=0.00 n=0 [none]
1786869291.342 [OBSTACLES] cur_s=16.18 cur_d=-1.39 vs=0.00 n=0 [none]
1786869291.907 [OBSTACLES] cur_s=16.18 cur_d=-1.40 vs=0.00 n=0 [none]
1786869292.511 [OBSTACLES] cur_s=16.18 cur_d=-1.40 vs=0.00 n=0 [none]
1786869292.833 [STATE_CHANGE] LOSTLINE -> RECOVERY src=RECOVERY s=16.18 d=-1.40 vs=0.00
1786869293.037 [OBSTACLES] cur_s=16.18 cur_d=-1.40 vs=0.00 n=0 [none]
1786869293.593 [OBSTACLES] cur_s=16.18 cur_d=-1.39 vs=0.00 n=0 [none]
1786869294.227 [OBSTACLES] cur_s=16.18 cur_d=-1.40 vs=0.00 n=0 [none]
1786869294.855 [OBSTACLES] cur_s=16.17 cur_d=-1.40 vs=0.00 n=0 [none]
1786869295.436 [OBSTACLES] cur_s=16.18 cur_d=-1.39 vs=0.00 n=0 [none]
1786869295.975 [OBSTACLES] cur_s=16.18 cur_d=-1.39 vs=0.00 n=0 [none]
1786869296.477 [OBSTACLES] cur_s=16.18 cur_d=-1.39 vs=0.00 n=0 [none]
1786869296.986 [OBSTACLES] cur_s=16.18 cur_d=-1.40 vs=0.00 n=0 [none]
1786869297.511 [OBSTACLES] cur_s=16.18 cur_d=-1.39 vs=0.04 n=0 [none]
1786869298.038 [OBSTACLES] cur_s=16.24 cur_d=-1.17 vs=0.49 n=0 [none]
1786869298.543 [OBSTACLES] cur_s=16.39 cur_d=-0.83 vs=0.57 n=0 [none]
1786869299.093 [OBSTACLES] cur_s=16.68 cur_d=-0.39 vs=0.87 n=0 [none]
1786869299.594 [STATE_CHANGE] RECOVERY -> GB_TRACK src=GB_TRACK s=17.19 d=-0.03 vs=1.08
1786869299.787 [OBSTACLES] cur_s=17.35 cur_d=0.09 vs=1.13 n=0 [none]
1786869300.315 [OBSTACLES] cur_s=18.15 cur_d=0.26 vs=1.22 n=0 [none]
1786869300.847 [OBSTACLES] cur_s=18.93 cur_d=0.19 vs=1.31 n=0 [none]
1786869301.358 [OBSTACLES] cur_s=19.68 cur_d=0.01 vs=1.28 n=0 [none]
1786869301.884 [OBSTACLES] cur_s=20.35 cur_d=-0.19 vs=1.27 n=0 [none]
1786869302.212 [STATE_CHANGE] GB_TRACK -> RECOVERY src=RECOVERY s=20.70 d=-0.29 vs=1.27
1786869302.404 [OBSTACLES] cur_s=20.94 cur_d=-0.39 vs=1.31 n=0 [none]
1786869302.925 [OBSTACLES] cur_s=21.68 cur_d=-0.50 vs=1.45 n=0 [none]
1786869303.464 [OBSTACLES] cur_s=22.63 cur_d=-0.42 vs=1.44 n=0 [none]
1786869303.872 [STATIC_OT] state=RECOVERY path_exists=0 path_locked=0 path_ttl_ok=0 path_safe=0 on_spline=0 speed=1.44 raw_wpnts=0 raw_age=-s decision=TRAILING reason=NO_STATIC_PATH
1786869303.874 [STATE_CHANGE] RECOVERY -> TRAILING src=RECOVERY s=23.12 d=-0.37 vs=1.44
1786869304.058 [OBSTACLES] cur_s=23.35 cur_d=-0.34 vs=1.44 n=1 [id=59 static=1 gap=5.53m d=0.22 size=0.19]
1786869304.162 [STATIC_OT] state=TRAILING path_exists=0 path_locked=0 path_ttl_ok=0 path_safe=0 on_spline=0 speed=1.43 raw_wpnts=0 raw_age=-s decision=TRAILING reason=NO_STATIC_PATH
1786869304.342 [STATE_CHANGE] TRAILING -> OVERTAKE src=OVERTAKE s=23.77 d=-0.28 vs=1.43
1786869304.631 [OBSTACLES] cur_s=24.33 cur_d=-0.20 vs=1.43 n=1 [id=59 static=1 gap=4.58m d=0.20 size=0.18]
1786869305.196 [OBSTACLES] cur_s=25.03 cur_d=-0.05 vs=1.43 n=1 [id=59 static=1 gap=3.92m d=0.20 size=0.15]
1786869305.708 [OBSTACLES] cur_s=25.82 cur_d=0.09 vs=1.44 n=1 [id=59 static=1 gap=3.18m d=0.19 size=0.20]
1786869305.890 [STATIC_OT] state=OVERTAKE path_exists=1 path_locked=1 path_ttl_ok=0 path_safe=0 on_spline=1 speed=1.45 raw_wpnts=0 raw_age=-s decision=TRAILING reason=NO_STATIC_PATH
1786869305.893 [STATE_CHANGE] OVERTAKE -> TRAILING src=GB_TRACK s=26.15 d=0.09 vs=1.45
1786869305.963 [STATE_CHANGE] TRAILING -> OVERTAKE src=OVERTAKE s=26.28 d=0.08 vs=1.45
1786869306.051 [STATE_CHANGE] OVERTAKE -> TRAILING src=GB_TRACK s=26.39 d=0.09 vs=1.45
1786869306.175 [STATIC_OT] state=TRAILING path_exists=1 path_locked=0 path_ttl_ok=1 path_safe=0 on_spline=1 speed=1.46 raw_wpnts=98 raw_age=0.82s decision=TRAILING reason=PATH_BLOCKED blocked_obs_id=59 gap=2.66m free_dist=0.084m branch=static/geom
1786869306.332 [OBSTACLES] cur_s=26.70 cur_d=0.09 vs=1.46 n=1 [id=59 static=1 gap=2.35m d=0.19 size=0.19]
1786869306.335 [STATE_CHANGE] TRAILING -> OVERTAKE src=OVERTAKE s=26.70 d=0.09 vs=1.46
1786869306.858 [OBSTACLES] cur_s=27.38 cur_d=-0.09 vs=1.41 n=1 [id=59 static=1 gap=1.66m d=0.19 size=0.25]
1786869307.412 [OBSTACLES] cur_s=27.81 cur_d=-0.29 vs=1.05 n=1 [id=59 static=1 gap=1.28m d=0.20 size=0.16]
1786869307.995 [OBSTACLES] cur_s=27.77 cur_d=-0.17 vs=0.00 n=0 [none]
1786869308.530 [OBSTACLES] cur_s=27.77 cur_d=-0.17 vs=0.00 n=0 [none]
1786869309.079 [OBSTACLES] cur_s=27.77 cur_d=-0.18 vs=0.00 n=0 [none]
1786869309.585 [OBSTACLES] cur_s=27.77 cur_d=-0.18 vs=0.00 n=0 [none]
1786869310.172 [OBSTACLES] cur_s=27.77 cur_d=-0.18 vs=0.00 n=0 [none]
1786869310.693 [OBSTACLES] cur_s=27.77 cur_d=-0.18 vs=0.00 n=0 [none]
1786869311.205 [OBSTACLES] cur_s=27.77 cur_d=-0.18 vs=-0.06 n=0 [none]
1786869311.735 [OBSTACLES] cur_s=27.56 cur_d=-0.08 vs=-0.83 n=0 [none]
1786869312.331 [OBSTACLES] cur_s=26.99 cur_d=0.15 vs=-0.94 n=0 [none]
1786869312.923 [OBSTACLES] cur_s=26.29 cur_d=0.34 vs=-0.97 n=0 [none]
1786869313.462 [OBSTACLES] cur_s=25.73 cur_d=0.43 vs=-0.89 n=0 [none]
1786869313.970 [OBSTACLES] cur_s=25.51 cur_d=0.45 vs=0.00 n=0 [none]
1786869314.496 [OBSTACLES] cur_s=25.50 cur_d=0.45 vs=0.00 n=0 [none]
1786869315.014 [OBSTACLES] cur_s=25.50 cur_d=0.45 vs=0.00 n=0 [none]
1786869315.538 [OBSTACLES] cur_s=25.50 cur_d=0.45 vs=0.00 n=0 [none]
1786869315.581 [STATE_CHANGE] OVERTAKE -> LOSTLINE src=GB_TRACK s=25.50 d=0.45 vs=0.00
1786869315.621 [STATE_CHANGE] LOSTLINE -> RECOVERY src=RECOVERY s=25.50 d=0.45 vs=0.00
1786869316.046 [OBSTACLES] cur_s=25.50 cur_d=0.45 vs=0.00 n=0 [none]
1786869316.584 [OBSTACLES] cur_s=25.50 cur_d=0.45 vs=0.00 n=0 [none]
1786869317.085 [OBSTACLES] cur_s=25.50 cur_d=0.45 vs=0.00 n=0 [none]
1786869317.654 [OBSTACLES] cur_s=25.50 cur_d=0.45 vs=0.00 n=0 [none]
1786869318.155 [OBSTACLES] cur_s=25.49 cur_d=0.46 vs=0.00 n=0 [none]
1786869318.722 [OBSTACLES] cur_s=25.50 cur_d=0.45 vs=0.00 n=0 [none]
1786869319.278 [OBSTACLES] cur_s=25.50 cur_d=0.45 vs=0.00 n=0 [none]
1786869319.806 [OBSTACLES] cur_s=25.50 cur_d=0.45 vs=0.00 n=0 [none]
1786869320.368 [OBSTACLES] cur_s=25.50 cur_d=0.45 vs=0.00 n=0 [none]
1786869320.894 [OBSTACLES] cur_s=25.50 cur_d=0.45 vs=0.00 n=0 [none]
1786869321.488 [OBSTACLES] cur_s=25.50 cur_d=0.45 vs=0.00 n=0 [none]
1786869322.068 [OBSTACLES] cur_s=25.50 cur_d=0.45 vs=0.00 n=0 [none]
1786869322.582 [OBSTACLES] cur_s=25.50 cur_d=0.45 vs=0.00 n=0 [none]
1786869323.133 [OBSTACLES] cur_s=25.50 cur_d=0.45 vs=0.00 n=0 [none]
1786869323.649 [OBSTACLES] cur_s=25.50 cur_d=0.45 vs=0.00 n=0 [none]
1786869324.207 [OBSTACLES] cur_s=25.50 cur_d=0.45 vs=0.00 n=0 [none]
1786869324.883 [OBSTACLES] cur_s=25.50 cur_d=0.45 vs=0.00 n=0 [none]
1786869325.429 [OBSTACLES] cur_s=25.50 cur_d=0.45 vs=0.00 n=0 [none]
1786869325.601 [STATE_CHANGE] RECOVERY -> LOSTLINE src=GB_TRACK s=25.50 d=0.45 vs=0.00
1786869325.809 [STATE_CHANGE] LOSTLINE -> RECOVERY src=RECOVERY s=25.50 d=0.45 vs=0.00
1786869325.941 [OBSTACLES] cur_s=25.50 cur_d=0.45 vs=0.00 n=0 [none]
1786869326.452 [OBSTACLES] cur_s=25.50 cur_d=0.45 vs=0.00 n=0 [none]
1786869326.979 [OBSTACLES] cur_s=25.50 cur_d=0.45 vs=0.00 n=0 [none]
1786869327.486 [OBSTACLES] cur_s=25.50 cur_d=0.45 vs=0.00 n=0 [none]
1786869328.070 [OBSTACLES] cur_s=25.50 cur_d=0.45 vs=0.00 n=0 [none]
1786869328.684 [OBSTACLES] cur_s=25.50 cur_d=0.45 vs=0.00 n=0 [none]
1786869329.302 [OBSTACLES] cur_s=25.50 cur_d=0.45 vs=0.00 n=0 [none]
1786869329.813 [OBSTACLES] cur_s=25.50 cur_d=0.45 vs=0.00 n=0 [none]
1786869330.386 [OBSTACLES] cur_s=25.50 cur_d=0.45 vs=0.00 n=0 [none]
1786869330.904 [OBSTACLES] cur_s=25.50 cur_d=0.45 vs=0.00 n=0 [none]
1786869331.428 [OBSTACLES] cur_s=25.50 cur_d=0.45 vs=0.00 n=0 [none]
1786869331.988 [OBSTACLES] cur_s=25.50 cur_d=0.45 vs=0.00 n=0 [none]
1786869332.532 [OBSTACLES] cur_s=25.50 cur_d=0.45 vs=0.00 n=0 [none]
1786869333.083 [OBSTACLES] cur_s=25.50 cur_d=0.45 vs=0.00 n=0 [none]
1786869333.596 [OBSTACLES] cur_s=25.50 cur_d=0.45 vs=0.00 n=0 [none]
1786869334.162 [OBSTACLES] cur_s=25.50 cur_d=0.45 vs=0.00 n=0 [none]
1786869334.709 [OBSTACLES] cur_s=25.50 cur_d=0.45 vs=0.00 n=0 [none]
1786869335.257 [OBSTACLES] cur_s=25.50 cur_d=0.45 vs=0.00 n=0 [none]
1786869335.761 [OBSTACLES] cur_s=25.50 cur_d=0.45 vs=0.00 n=0 [none]
1786869335.761 [STATE_CHANGE] RECOVERY -> LOSTLINE src=GB_TRACK s=25.50 d=0.45 vs=0.00
1786869335.807 [STATE_CHANGE] LOSTLINE -> RECOVERY src=RECOVERY s=25.50 d=0.45 vs=0.00
1786869336.301 [OBSTACLES] cur_s=25.50 cur_d=0.45 vs=0.00 n=0 [none]
1786869336.838 [OBSTACLES] cur_s=25.50 cur_d=0.45 vs=0.00 n=0 [none]
1786869337.340 [OBSTACLES] cur_s=25.50 cur_d=0.45 vs=0.00 n=0 [none]
1786869337.852 [OBSTACLES] cur_s=25.50 cur_d=0.45 vs=0.00 n=0 [none]
1786869338.365 [OBSTACLES] cur_s=25.50 cur_d=0.45 vs=0.00 n=0 [none]
1786869338.897 [OBSTACLES] cur_s=25.50 cur_d=0.45 vs=0.00 n=0 [none]
1786869339.400 [OBSTACLES] cur_s=25.50 cur_d=0.45 vs=0.00 n=0 [none]
1786869339.914 [OBSTACLES] cur_s=25.51 cur_d=0.45 vs=0.00 n=0 [none]
1786869340.493 [OBSTACLES] cur_s=25.50 cur_d=0.45 vs=0.00 n=0 [none]
1786869340.994 [OBSTACLES] cur_s=25.50 cur_d=0.45 vs=0.00 n=0 [none]
1786869341.516 [OBSTACLES] cur_s=25.50 cur_d=0.45 vs=0.00 n=0 [none]
1786869342.053 [OBSTACLES] cur_s=25.50 cur_d=0.45 vs=0.00 n=0 [none]
1786869342.569 [OBSTACLES] cur_s=25.50 cur_d=0.45 vs=0.00 n=0 [none]
1786869343.085 [OBSTACLES] cur_s=25.50 cur_d=0.45 vs=0.00 n=0 [none]
1786869343.696 [OBSTACLES] cur_s=25.50 cur_d=0.45 vs=0.00 n=0 [none]
1786869344.333 [OBSTACLES] cur_s=25.50 cur_d=0.45 vs=0.00 n=0 [none]
1786869344.866 [OBSTACLES] cur_s=25.50 cur_d=0.45 vs=0.00 n=0 [none]
1786869345.378 [OBSTACLES] cur_s=25.50 cur_d=0.45 vs=0.00 n=0 [none]
1786869345.796 [STATE_CHANGE] RECOVERY -> LOSTLINE src=GB_TRACK s=25.49 d=0.45 vs=0.00
1786869345.886 [OBSTACLES] cur_s=25.50 cur_d=0.45 vs=0.00 n=0 [none]
1786869345.943 [STATE_CHANGE] LOSTLINE -> RECOVERY src=RECOVERY s=25.50 d=0.45 vs=0.00
1786869346.448 [OBSTACLES] cur_s=25.50 cur_d=0.45 vs=0.00 n=0 [none]
1786869346.973 [OBSTACLES] cur_s=25.50 cur_d=0.45 vs=0.00 n=0 [none]
1786869347.545 [OBSTACLES] cur_s=25.50 cur_d=0.45 vs=0.00 n=0 [none]
1786869348.057 [OBSTACLES] cur_s=25.50 cur_d=0.45 vs=0.00 n=0 [none]
1786869348.589 [OBSTACLES] cur_s=25.50 cur_d=0.45 vs=0.00 n=0 [none]
1786869349.126 [OBSTACLES] cur_s=25.50 cur_d=0.45 vs=0.00 n=0 [none]
1786869349.703 [OBSTACLES] cur_s=25.50 cur_d=0.45 vs=0.00 n=0 [none]
1786869350.244 [OBSTACLES] cur_s=25.50 cur_d=0.45 vs=0.00 n=0 [none]
1786869350.780 [OBSTACLES] cur_s=25.50 cur_d=0.45 vs=0.00 n=0 [none]
1786869351.338 [OBSTACLES] cur_s=25.50 cur_d=0.45 vs=0.00 n=0 [none]
1786869351.902 [OBSTACLES] cur_s=25.50 cur_d=0.45 vs=0.00 n=0 [none]
1786869352.533 [OBSTACLES] cur_s=25.50 cur_d=0.45 vs=0.00 n=0 [none]
1786869353.066 [OBSTACLES] cur_s=25.50 cur_d=0.45 vs=0.00 n=0 [none]
1786869353.662 [OBSTACLES] cur_s=25.50 cur_d=0.45 vs=0.00 n=0 [none]
1786869354.197 [OBSTACLES] cur_s=25.50 cur_d=0.45 vs=0.00 n=0 [none]
1786869354.731 [OBSTACLES] cur_s=25.49 cur_d=0.45 vs=0.00 n=0 [none]
1786869355.288 [OBSTACLES] cur_s=25.50 cur_d=0.45 vs=0.00 n=0 [none]
1786869355.820 [OBSTACLES] cur_s=25.50 cur_d=0.45 vs=0.00 n=0 [none]
1786869355.856 [STATE_CHANGE] RECOVERY -> LOSTLINE src=GB_TRACK s=25.50 d=0.45 vs=0.00
1786869355.912 [STATE_CHANGE] LOSTLINE -> RECOVERY src=RECOVERY s=25.50 d=0.45 vs=0.00
1786869356.345 [OBSTACLES] cur_s=25.50 cur_d=0.45 vs=0.00 n=0 [none]
1786869356.861 [OBSTACLES] cur_s=25.50 cur_d=0.45 vs=0.00 n=0 [none]
1786869357.368 [OBSTACLES] cur_s=25.50 cur_d=0.45 vs=0.00 n=0 [none]
1786869357.896 [OBSTACLES] cur_s=25.50 cur_d=0.45 vs=0.00 n=0 [none]
1786869358.416 [OBSTACLES] cur_s=25.50 cur_d=0.45 vs=0.00 n=0 [none]
1786869358.929 [OBSTACLES] cur_s=25.50 cur_d=0.45 vs=0.00 n=0 [none]
1786869359.457 [OBSTACLES] cur_s=25.50 cur_d=0.45 vs=0.00 n=0 [none]
1786869360.008 [OBSTACLES] cur_s=25.50 cur_d=0.45 vs=0.00 n=0 [none]
1786869360.750 [OBSTACLES] cur_s=25.50 cur_d=0.45 vs=0.00 n=0 [none]
1786869361.301 [OBSTACLES] cur_s=25.50 cur_d=0.45 vs=0.00 n=0 [none]
1786869361.842 [OBSTACLES] cur_s=25.50 cur_d=0.45 vs=0.00 n=0 [none]
1786869362.348 [OBSTACLES] cur_s=25.50 cur_d=0.45 vs=0.00 n=0 [none]
1786869362.939 [OBSTACLES] cur_s=25.50 cur_d=0.45 vs=0.00 n=0 [none]
