# state_machine debug log started 20260815_191351  map='0815test3'
1786788838.085 [OBSTACLES] cur_s=5.60 cur_d=-0.20 vs=0.00 n=1 [id=1 static=1 gap=2.93m d=-0.09 size=0.26]
1786788838.094 [STATIC_OT_TRANSITION] first_valid_path_to_overtake_ms=0.0
1786788838.097 [STATIC_OT] state=GB_TRACK path_exists=1 path_locked=0 path_ttl_ok=1 path_safe=1 on_spline=1 speed=0.00 raw_wpnts=92 raw_age=0.21s decision=OVERTAKE
1786788838.097 [STATE_CHANGE] None -> OVERTAKE src=OVERTAKE s=5.60 d=-0.20 vs=0.00
1786788838.608 [OBSTACLES] cur_s=5.61 cur_d=-0.21 vs=0.18 n=1 [id=1 static=1 gap=2.92m d=-0.09 size=0.26]
1786788839.122 [OBSTACLES] cur_s=6.08 cur_d=-0.12 vs=2.16 n=1 [id=1 static=1 gap=2.46m d=-0.09 size=0.24]
1786788839.669 [OBSTACLES] cur_s=7.91 cur_d=0.12 vs=3.06 n=1 [id=1 static=1 gap=0.61m d=-0.08 size=0.24]
1786788840.195 [OBSTACLES] cur_s=9.27 cur_d=0.11 vs=2.94 n=0 [none]
1786788840.698 [OBSTACLES] cur_s=10.51 cur_d=-0.09 vs=2.35 n=0 [none]
1786788841.198 [OBSTACLES] cur_s=11.76 cur_d=0.25 vs=2.36 n=0 [none]
1786788841.712 [OBSTACLES] cur_s=13.40 cur_d=0.06 vs=3.33 n=0 [none]
1786788842.102 [STATE_CHANGE] OVERTAKE -> GB_TRACK src=GB_TRACK s=14.38 d=0.02 vs=3.28
1786788842.231 [OBSTACLES] cur_s=14.97 cur_d=0.06 vs=3.06 n=0 [none]
1786788842.762 [OBSTACLES] cur_s=16.53 cur_d=-0.01 vs=2.54 n=1 [id=2 static=1 gap=4.60m d=0.64 size=0.27]
1786788843.301 [OBSTACLES] cur_s=17.97 cur_d=0.23 vs=3.12 n=1 [id=2 static=1 gap=3.11m d=0.63 size=0.27]
1786788843.449 [STATIC_OT] state=GB_TRACK path_exists=0 path_locked=0 path_ttl_ok=0 path_safe=0 on_spline=0 speed=3.33 raw_wpnts=0 raw_age=-s decision=TRAILING reason=NO_STATIC_PATH
1786788843.451 [STATE_CHANGE] GB_TRACK -> TRAILING src=GB_TRACK s=18.33 d=0.29 vs=3.33
1786788843.688 [STATIC_OT] state=TRAILING path_exists=0 path_locked=0 path_ttl_ok=0 path_safe=0 on_spline=0 speed=3.42 raw_wpnts=0 raw_age=-s decision=TRAILING reason=NO_STATIC_PATH
1786788843.819 [OBSTACLES] cur_s=19.85 cur_d=0.15 vs=3.11 n=1 [id=2 static=1 gap=1.13m d=0.63 size=0.29]
1786788843.911 [STATIC_OT] state=TRAILING path_exists=0 path_locked=0 path_ttl_ok=0 path_safe=0 on_spline=0 speed=3.06 raw_wpnts=0 raw_age=-s decision=TRAILING reason=NO_STATIC_PATH
1786788844.061 [STATE_CHANGE] TRAILING -> RECOVERY src=RECOVERY s=20.25 d=0.08 vs=2.78
1786788844.159 [STATE_CHANGE] RECOVERY -> GB_TRACK src=GB_TRACK s=20.54 d=0.01 vs=2.50
1786788844.386 [OBSTACLES] cur_s=20.95 cur_d=-0.05 vs=2.06 n=0 [none]
1786788844.949 [OBSTACLES] cur_s=22.85 cur_d=-0.05 vs=3.40 n=0 [none]
1786788845.512 [OBSTACLES] cur_s=24.54 cur_d=-0.12 vs=3.45 n=0 [none]
1786788846.098 [OBSTACLES] cur_s=26.62 cur_d=0.13 vs=3.42 n=0 [none]
1786788846.604 [OBSTACLES] cur_s=28.20 cur_d=0.17 vs=3.42 n=0 [none]
1786788847.146 [OBSTACLES] cur_s=30.35 cur_d=0.08 vs=3.38 n=0 [none]
1786788847.640 [STATE_CHANGE] GB_TRACK -> LOSTLINE src=GB_TRACK s=31.84 d=0.29 vs=3.40
1786788847.661 [OBSTACLES] cur_s=31.96 cur_d=0.30 vs=3.42 n=0 [none]
1786788847.896 [STATE_CHANGE] LOSTLINE -> GB_TRACK src=GB_TRACK s=33.10 d=0.23 vs=3.27
1786788848.165 [OBSTACLES] cur_s=33.69 cur_d=0.16 vs=3.26 n=0 [none]
1786788848.261 [STATIC_OT] state=GB_TRACK path_exists=0 path_locked=0 path_ttl_ok=0 path_safe=0 on_spline=0 speed=3.34 raw_wpnts=0 raw_age=-s decision=TRAILING reason=NO_STATIC_PATH
1786788848.263 [STATE_CHANGE] GB_TRACK -> TRAILING src=GB_TRACK s=34.24 d=0.12 vs=3.34
1786788848.472 [STATIC_OT] state=TRAILING path_exists=0 path_locked=0 path_ttl_ok=0 path_safe=0 on_spline=0 speed=3.40 raw_wpnts=0 raw_age=-s decision=TRAILING reason=NO_STATIC_PATH
1786788848.782 [OBSTACLES] cur_s=1.09 cur_d=0.10 vs=3.37 n=1 [id=3 static=1 gap=7.73m d=-0.12 size=0.31]
1786788848.795 [STATIC_OT] state=TRAILING path_exists=0 path_locked=0 path_ttl_ok=0 path_safe=0 on_spline=0 speed=3.37 raw_wpnts=0 raw_age=-s decision=TRAILING reason=NO_STATIC_PATH
1786788849.032 [STATIC_OT] state=TRAILING path_exists=0 path_locked=0 path_ttl_ok=0 path_safe=0 on_spline=0 speed=2.98 raw_wpnts=0 raw_age=-s decision=TRAILING reason=NO_STATIC_PATH
1786788849.447 [OBSTACLES] cur_s=2.91 cur_d=0.10 vs=2.07 n=0 [none]
1786788849.450 [STATE_CHANGE] TRAILING -> LOSTLINE src=GB_TRACK s=2.91 d=0.10 vs=2.07
1786788849.585 [STATIC_OT] state=GB_TRACK path_exists=0 path_locked=0 path_ttl_ok=0 path_safe=0 on_spline=0 speed=1.93 raw_wpnts=0 raw_age=-s decision=TRAILING reason=NO_STATIC_PATH
1786788849.589 [STATE_CHANGE] LOSTLINE -> TRAILING src=GB_TRACK s=3.03 d=0.06 vs=1.93
1786788849.795 [STATIC_OT] state=TRAILING path_exists=0 path_locked=0 path_ttl_ok=0 path_safe=0 on_spline=0 speed=1.80 raw_wpnts=0 raw_age=-s decision=TRAILING reason=NO_STATIC_PATH
1786788849.979 [OBSTACLES] cur_s=3.63 cur_d=-0.01 vs=2.25 n=1 [id=3 static=1 gap=4.84m d=0.02 size=0.32]
1786788850.119 [STATIC_OT] state=TRAILING path_exists=0 path_locked=0 path_ttl_ok=0 path_safe=0 on_spline=0 speed=2.11 raw_wpnts=0 raw_age=-s decision=TRAILING reason=NO_STATIC_PATH
1786788850.231 [STATE_CHANGE] TRAILING -> OVERTAKE src=OVERTAKE s=4.22 d=0.03 vs=1.78
1786788850.549 [OBSTACLES] cur_s=4.78 cur_d=-0.00 vs=1.39 n=1 [id=3 static=1 gap=3.69m d=-0.02 size=0.29]
1786788851.053 [OBSTACLES] cur_s=5.61 cur_d=-0.01 vs=2.49 n=1 [id=3 static=1 gap=2.87m d=-0.01 size=0.27]
1786788851.629 [OBSTACLES] cur_s=7.37 cur_d=0.36 vs=3.09 n=1 [id=3 static=1 gap=1.11m d=-0.02 size=0.25]
1786788852.258 [OBSTACLES] cur_s=9.28 cur_d=0.22 vs=2.82 n=0 [none]
1786788852.779 [OBSTACLES] cur_s=10.80 cur_d=0.09 vs=2.02 n=0 [none]
1786788853.329 [OBSTACLES] cur_s=12.24 cur_d=0.13 vs=2.57 n=0 [none]
1786788853.866 [OBSTACLES] cur_s=13.88 cur_d=0.12 vs=3.37 n=0 [none]
1786788854.208 [STATE_CHANGE] OVERTAKE -> LOSTLINE src=GB_TRACK s=14.84 d=0.27 vs=3.17
1786788854.276 [STATE_CHANGE] LOSTLINE -> GB_TRACK src=GB_TRACK s=15.05 d=0.24 vs=3.09
1786788854.376 [OBSTACLES] cur_s=15.37 cur_d=0.10 vs=2.80 n=0 [none]
1786788854.765 [STATE_CHANGE] GB_TRACK -> LOSTLINE src=GB_TRACK s=16.13 d=-0.29 vs=2.08
1786788854.878 [OBSTACLES] cur_s=16.32 cur_d=-0.33 vs=2.09 n=1 [id=5 static=1 gap=4.83m d=0.53 size=0.25]
1786788854.885 [STATIC_OT] state=GB_TRACK path_exists=0 path_locked=0 path_ttl_ok=0 path_safe=0 on_spline=0 speed=2.09 raw_wpnts=0 raw_age=-s decision=TRAILING reason=NO_STATIC_PATH
1786788854.887 [STATE_CHANGE] LOSTLINE -> TRAILING src=GB_TRACK s=16.32 d=-0.33 vs=2.09
1786788855.132 [STATIC_OT] state=TRAILING path_exists=0 path_locked=0 path_ttl_ok=0 path_safe=0 on_spline=0 speed=2.48 raw_wpnts=0 raw_age=-s decision=TRAILING reason=NO_STATIC_PATH
1786788855.372 [STATIC_OT] state=TRAILING path_exists=0 path_locked=0 path_ttl_ok=0 path_safe=0 on_spline=0 speed=1.94 raw_wpnts=0 raw_age=-s decision=TRAILING reason=NO_STATIC_PATH
1786788855.488 [OBSTACLES] cur_s=17.31 cur_d=-0.17 vs=1.73 n=1 [id=5 static=1 gap=3.73m d=0.56 size=0.28]
1786788855.606 [STATIC_OT] state=TRAILING path_exists=0 path_locked=0 path_ttl_ok=0 path_safe=0 on_spline=0 speed=1.60 raw_wpnts=0 raw_age=-s decision=TRAILING reason=NO_STATIC_PATH
1786788855.675 [STATE_CHANGE] TRAILING -> GB_TRACK src=GB_TRACK s=17.68 d=-0.04 vs=1.40
1786788856.015 [OBSTACLES] cur_s=18.10 cur_d=-0.01 vs=0.93 n=1 [id=5 static=1 gap=2.90m d=0.54 size=0.28]
1786788856.553 [OBSTACLES] cur_s=19.13 cur_d=-0.02 vs=3.20 n=1 [id=5 static=1 gap=1.87m d=0.54 size=0.27]
1786788857.069 [OBSTACLES] cur_s=20.73 cur_d=0.04 vs=3.44 n=1 [id=5 static=1 gap=0.18m d=0.54 size=0.43]
1786788857.596 [OBSTACLES] cur_s=22.51 cur_d=-0.09 vs=3.43 n=0 [none]
1786788858.106 [OBSTACLES] cur_s=24.12 cur_d=-0.15 vs=3.44 n=0 [none]
1786788858.724 [OBSTACLES] cur_s=26.44 cur_d=0.12 vs=3.45 n=0 [none]
1786788859.235 [OBSTACLES] cur_s=28.12 cur_d=0.09 vs=3.43 n=0 [none]
1786788859.736 [OBSTACLES] cur_s=29.82 cur_d=0.24 vs=3.43 n=0 [none]
1786788860.020 [STATE_CHANGE] GB_TRACK -> LOSTLINE src=GB_TRACK s=30.88 d=0.29 vs=3.45
1786788860.159 [STATE_CHANGE] LOSTLINE -> GB_TRACK src=GB_TRACK s=31.24 d=0.28 vs=3.44
1786788860.262 [OBSTACLES] cur_s=31.64 cur_d=0.24 vs=3.44 n=0 [none]
1786788860.829 [OBSTACLES] cur_s=33.87 cur_d=0.27 vs=3.31 n=0 [none]
1786788860.950 [STATIC_OT] state=GB_TRACK path_exists=0 path_locked=0 path_ttl_ok=0 path_safe=0 on_spline=0 speed=3.41 raw_wpnts=0 raw_age=-s decision=TRAILING reason=NO_STATIC_PATH
1786788860.953 [STATE_CHANGE] GB_TRACK -> TRAILING src=GB_TRACK s=34.35 d=0.26 vs=3.41
1786788861.236 [STATIC_OT] state=TRAILING path_exists=0 path_locked=0 path_ttl_ok=0 path_safe=0 on_spline=0 speed=3.42 raw_wpnts=0 raw_age=-s decision=TRAILING reason=NO_STATIC_PATH
1786788861.357 [OBSTACLES] cur_s=1.22 cur_d=0.32 vs=3.44 n=1 [id=6 static=1 gap=7.61m d=-0.09 size=0.28]
1786788861.494 [STATIC_OT] state=TRAILING path_exists=0 path_locked=0 path_ttl_ok=0 path_safe=0 on_spline=0 speed=3.24 raw_wpnts=0 raw_age=-s decision=TRAILING reason=NO_STATIC_PATH
1786788861.866 [STATIC_OT] state=TRAILING path_exists=0 path_locked=0 path_ttl_ok=0 path_safe=0 on_spline=0 speed=2.39 raw_wpnts=0 raw_age=-s decision=TRAILING reason=NO_STATIC_PATH
1786788861.966 [OBSTACLES] cur_s=2.65 cur_d=0.15 vs=2.29 n=1 [id=6 static=1 gap=5.99m d=-0.05 size=0.34]
1786788862.087 [STATIC_OT] state=TRAILING path_exists=0 path_locked=0 path_ttl_ok=0 path_safe=0 on_spline=0 speed=2.03 raw_wpnts=0 raw_age=-s decision=TRAILING reason=NO_STATIC_PATH
1786788862.302 [STATIC_OT] state=TRAILING path_exists=0 path_locked=0 path_ttl_ok=0 path_safe=0 on_spline=0 speed=1.88 raw_wpnts=0 raw_age=-s decision=TRAILING reason=NO_STATIC_PATH
1786788862.486 [OBSTACLES] cur_s=3.65 cur_d=0.05 vs=1.73 n=1 [id=6 static=1 gap=4.95m d=-0.04 size=0.32]
1786788862.630 [STATIC_OT] state=TRAILING path_exists=0 path_locked=0 path_ttl_ok=0 path_safe=0 on_spline=0 speed=1.61 raw_wpnts=0 raw_age=-s decision=TRAILING reason=NO_STATIC_PATH
1786788862.744 [STATE_CHANGE] TRAILING -> OVERTAKE src=OVERTAKE s=4.03 d=0.05 vs=1.44
1786788863.028 [OBSTACLES] cur_s=4.41 cur_d=-0.01 vs=1.15 n=1 [id=6 static=1 gap=4.15m d=-0.04 size=0.30]
1786788863.607 [OBSTACLES] cur_s=5.54 cur_d=-0.02 vs=2.90 n=1 [id=6 static=1 gap=2.98m d=-0.03 size=0.35]
1786788864.153 [OBSTACLES] cur_s=7.52 cur_d=0.26 vs=2.92 n=1 [id=6 static=1 gap=1.03m d=-0.03 size=0.25]
1786788864.682 [OBSTACLES] cur_s=8.68 cur_d=0.29 vs=2.33 n=0 [none]
1786788865.216 [OBSTACLES] cur_s=9.90 cur_d=0.00 vs=2.27 n=0 [none]
1786788865.740 [OBSTACLES] cur_s=11.22 cur_d=0.20 vs=2.46 n=0 [none]
1786788866.355 [OBSTACLES] cur_s=12.77 cur_d=0.07 vs=3.00 n=0 [none]
1786788866.693 [STATE_CHANGE] OVERTAKE -> LOSTLINE src=GB_TRACK s=14.10 d=0.21 vs=3.40
1786788866.786 [STATE_CHANGE] LOSTLINE -> GB_TRACK src=GB_TRACK s=14.30 d=0.23 vs=3.37
1786788866.889 [OBSTACLES] cur_s=14.67 cur_d=0.28 vs=3.15 n=0 [none]
1786788867.406 [OBSTACLES] cur_s=16.01 cur_d=-0.22 vs=2.20 n=0 [none]
1786788867.955 [OBSTACLES] cur_s=17.13 cur_d=-0.03 vs=2.64 n=1 [id=7 static=1 gap=3.97m d=0.58 size=0.25]
1786788868.237 [STATIC_OT] state=GB_TRACK path_exists=0 path_locked=0 path_ttl_ok=0 path_safe=0 on_spline=0 speed=2.81 raw_wpnts=0 raw_age=-s decision=TRAILING reason=NO_STATIC_PATH
1786788868.237 [STATE_CHANGE] GB_TRACK -> TRAILING src=GB_TRACK s=17.87 d=0.29 vs=2.81
1786788868.306 [STATE_CHANGE] TRAILING -> RECOVERY src=RECOVERY s=18.16 d=0.35 vs=3.00
1786788868.543 [OBSTACLES] cur_s=18.98 cur_d=0.36 vs=3.30 n=1 [id=7 static=1 gap=2.14m d=0.57 size=0.26]
1786788868.815 [STATE_CHANGE] RECOVERY -> GB_TRACK src=GB_TRACK s=19.88 d=0.05 vs=3.32
1786788869.056 [OBSTACLES] cur_s=20.77 cur_d=-0.13 vs=3.44 n=1 [id=7 static=1 gap=0.28m d=0.62 size=0.43]
1786788869.595 [OBSTACLES] cur_s=22.54 cur_d=-0.07 vs=3.43 n=0 [none]
1786788870.123 [OBSTACLES] cur_s=24.49 cur_d=-0.18 vs=3.44 n=0 [none]
1786788870.718 [OBSTACLES] cur_s=26.15 cur_d=0.12 vs=3.42 n=0 [none]
1786788871.228 [OBSTACLES] cur_s=27.80 cur_d=0.13 vs=3.41 n=0 [none]
1786788871.738 [OBSTACLES] cur_s=29.63 cur_d=0.10 vs=3.40 n=0 [none]
1786788872.297 [OBSTACLES] cur_s=31.51 cur_d=0.27 vs=3.44 n=0 [none]
1786788872.877 [OBSTACLES] cur_s=33.65 cur_d=0.20 vs=3.30 n=0 [none]
1786788873.245 [STATIC_OT] state=GB_TRACK path_exists=0 path_locked=0 path_ttl_ok=0 path_safe=0 on_spline=0 speed=3.42 raw_wpnts=0 raw_age=-s decision=TRAILING reason=NO_STATIC_PATH
1786788873.245 [STATE_CHANGE] GB_TRACK -> TRAILING src=GB_TRACK s=0.36 d=0.20 vs=3.42
1786788873.452 [OBSTACLES] cur_s=1.06 cur_d=0.27 vs=3.42 n=1 [id=9 static=1 gap=7.76m d=-0.12 size=0.32]
1786788873.454 [STATIC_OT] state=TRAILING path_exists=0 path_locked=0 path_ttl_ok=0 path_safe=0 on_spline=0 speed=3.42 raw_wpnts=0 raw_age=-s decision=TRAILING reason=NO_STATIC_PATH
1786788873.655 [STATIC_OT] state=TRAILING path_exists=0 path_locked=0 path_ttl_ok=0 path_safe=0 on_spline=0 speed=3.22 raw_wpnts=0 raw_age=-s decision=TRAILING reason=NO_STATIC_PATH
1786788873.999 [OBSTACLES] cur_s=2.55 cur_d=0.13 vs=2.32 n=1 [id=9 static=1 gap=6.11m d=-0.07 size=0.35]
1786788874.009 [STATIC_OT] state=TRAILING path_exists=0 path_locked=0 path_ttl_ok=0 path_safe=0 on_spline=0 speed=2.32 raw_wpnts=0 raw_age=-s decision=TRAILING reason=NO_STATIC_PATH
1786788874.359 [STATIC_OT] state=TRAILING path_exists=0 path_locked=0 path_ttl_ok=0 path_safe=0 on_spline=0 speed=1.97 raw_wpnts=0 raw_age=-s decision=TRAILING reason=NO_STATIC_PATH
1786788874.521 [OBSTACLES] cur_s=3.48 cur_d=0.05 vs=1.80 n=1 [id=9 static=1 gap=5.12m d=-0.03 size=0.33]
1786788874.795 [STATIC_OT] state=TRAILING path_exists=0 path_locked=0 path_ttl_ok=0 path_safe=0 on_spline=0 speed=1.57 raw_wpnts=0 raw_age=-s decision=TRAILING reason=NO_STATIC_PATH
1786788875.069 [OBSTACLES] cur_s=4.21 cur_d=0.02 vs=1.28 n=1 [id=9 static=1 gap=4.36m d=-0.03 size=0.32]
1786788875.084 [STATIC_OT] state=TRAILING path_exists=1 path_locked=0 path_ttl_ok=1 path_safe=1 on_spline=1 speed=1.28 raw_wpnts=116 raw_age=0.90s decision=OVERTAKE
1786788875.084 [STATE_CHANGE] TRAILING -> OVERTAKE src=OVERTAKE s=4.21 d=0.02 vs=1.28
1786788875.716 [OBSTACLES] cur_s=5.14 cur_d=-0.03 vs=2.38 n=1 [id=9 static=1 gap=3.41m d=-0.03 size=0.30]
1786788876.325 [OBSTACLES] cur_s=6.82 cur_d=0.10 vs=2.95 n=1 [id=9 static=1 gap=1.72m d=-0.03 size=0.27]
1786788876.829 [OBSTACLES] cur_s=8.33 cur_d=0.38 vs=2.27 n=1 [id=9 static=1 gap=0.15m d=-0.03 size=0.38]
1786788877.369 [OBSTACLES] cur_s=9.66 cur_d=-0.03 vs=2.28 n=0 [none]
1786788877.921 [OBSTACLES] cur_s=10.88 cur_d=0.15 vs=2.21 n=0 [none]
1786788878.423 [OBSTACLES] cur_s=12.05 cur_d=0.15 vs=2.27 n=0 [none]
1786788878.941 [OBSTACLES] cur_s=13.58 cur_d=-0.05 vs=3.30 n=0 [none]
1786788879.077 [STATE_CHANGE] OVERTAKE -> GB_TRACK src=GB_TRACK s=13.95 d=0.03 vs=3.31
1786788879.378 [STATE_CHANGE] GB_TRACK -> LOSTLINE src=GB_TRACK s=14.89 d=0.31 vs=2.96
1786788879.463 [OBSTACLES] cur_s=15.15 cur_d=0.31 vs=2.87 n=0 [none]
1786788879.564 [STATE_CHANGE] LOSTLINE -> GB_TRACK src=GB_TRACK s=15.44 d=0.23 vs=2.52
1786788880.030 [OBSTACLES] cur_s=16.19 cur_d=-0.26 vs=1.85 n=0 [none]
1786788880.177 [STATIC_OT] state=GB_TRACK path_exists=0 path_locked=0 path_ttl_ok=0 path_safe=0 on_spline=0 speed=2.17 raw_wpnts=0 raw_age=-s decision=TRAILING reason=NO_STATIC_PATH
1786788880.177 [STATE_CHANGE] GB_TRACK -> TRAILING src=GB_TRACK s=16.51 d=-0.34 vs=2.17
1786788880.404 [STATIC_OT] state=TRAILING path_exists=0 path_locked=0 path_ttl_ok=0 path_safe=0 on_spline=0 speed=2.54 raw_wpnts=0 raw_age=-s decision=TRAILING reason=NO_STATIC_PATH
1786788880.407 [STATE_CHANGE] TRAILING -> RECOVERY src=RECOVERY s=16.88 d=-0.31 vs=2.54
1786788880.543 [OBSTACLES] cur_s=17.07 cur_d=-0.31 vs=2.34 n=1 [id=10 static=1 gap=4.04m d=0.59 size=0.25]
1786788880.936 [STATE_CHANGE] RECOVERY -> GB_TRACK src=GB_TRACK s=17.94 d=-0.00 vs=2.67
1786788881.048 [OBSTACLES] cur_s=18.29 cur_d=0.05 vs=3.13 n=1 [id=10 static=1 gap=2.73m d=0.56 size=0.25]
1786788881.633 [OBSTACLES] cur_s=20.17 cur_d=-0.18 vs=3.43 n=1 [id=10 static=1 gap=0.74m d=0.56 size=0.40]
1786788882.208 [OBSTACLES] cur_s=22.50 cur_d=-0.02 vs=3.41 n=0 [none]
1786788882.717 [OBSTACLES] cur_s=23.84 cur_d=-0.25 vs=3.44 n=0 [none]
1786788883.241 [OBSTACLES] cur_s=25.45 cur_d=0.06 vs=3.43 n=0 [none]
1786788883.750 [OBSTACLES] cur_s=27.26 cur_d=0.04 vs=3.44 n=0 [none]
1786788884.268 [OBSTACLES] cur_s=29.10 cur_d=0.23 vs=3.42 n=0 [none]
1786788884.789 [OBSTACLES] cur_s=31.13 cur_d=0.23 vs=3.44 n=0 [none]
1786788885.322 [OBSTACLES] cur_s=32.71 cur_d=0.27 vs=3.34 n=0 [none]
1786788885.452 [STATE_CHANGE] GB_TRACK -> LOSTLINE src=GB_TRACK s=33.15 d=0.29 vs=3.30
1786788885.637 [STATE_CHANGE] LOSTLINE -> RECOVERY src=RECOVERY s=34.10 d=0.36 vs=3.34
1786788885.682 [STATIC_OT] state=RECOVERY path_exists=0 path_locked=0 path_ttl_ok=0 path_safe=0 on_spline=0 speed=3.39 raw_wpnts=0 raw_age=-s decision=TRAILING reason=NO_STATIC_PATH
1786788885.685 [STATE_CHANGE] RECOVERY -> TRAILING src=RECOVERY s=34.17 d=0.35 vs=3.39
1786788885.833 [OBSTACLES] cur_s=0.37 cur_d=0.30 vs=3.43 n=1 [id=11 static=1 gap=8.52m d=-0.13 size=0.27]
1786788885.893 [STATIC_OT] state=TRAILING path_exists=0 path_locked=0 path_ttl_ok=0 path_safe=0 on_spline=0 speed=3.43 raw_wpnts=0 raw_age=-s decision=TRAILING reason=NO_STATIC_PATH
1786788886.110 [STATIC_OT] state=TRAILING path_exists=0 path_locked=0 path_ttl_ok=0 path_safe=0 on_spline=0 speed=3.44 raw_wpnts=0 raw_age=-s decision=TRAILING reason=NO_STATIC_PATH
1786788886.397 [OBSTACLES] cur_s=1.85 cur_d=0.30 vs=3.16 n=1 [id=11 static=1 gap=6.93m d=-0.11 size=0.32]
1786788886.407 [STATIC_OT] state=TRAILING path_exists=0 path_locked=0 path_ttl_ok=0 path_safe=0 on_spline=0 speed=3.16 raw_wpnts=0 raw_age=-s decision=TRAILING reason=NO_STATIC_PATH
1786788886.678 [STATIC_OT] state=TRAILING path_exists=0 path_locked=0 path_ttl_ok=0 path_safe=0 on_spline=0 speed=2.49 raw_wpnts=0 raw_age=-s decision=TRAILING reason=NO_STATIC_PATH
1786788886.871 [STATE_CHANGE] TRAILING -> RECOVERY src=RECOVERY s=3.11 d=0.15 vs=2.00
1786788886.950 [OBSTACLES] cur_s=3.28 cur_d=0.11 vs=1.84 n=1 [id=11 static=1 gap=5.17m d=0.02 size=0.33]
1786788886.968 [STATIC_OT] state=RECOVERY path_exists=0 path_locked=0 path_ttl_ok=0 path_safe=0 on_spline=0 speed=1.84 raw_wpnts=0 raw_age=-s decision=TRAILING reason=NO_STATIC_PATH
1786788886.989 [STATE_CHANGE] RECOVERY -> TRAILING src=RECOVERY s=3.28 d=0.11 vs=1.84
1786788887.243 [STATIC_OT] state=TRAILING path_exists=0 path_locked=0 path_ttl_ok=0 path_safe=0 on_spline=0 speed=1.90 raw_wpnts=0 raw_age=-s decision=TRAILING reason=NO_STATIC_PATH
1786788887.495 [OBSTACLES] cur_s=4.12 cur_d=0.03 vs=1.60 n=1 [id=11 static=1 gap=4.34m d=-0.02 size=0.32]
1786788887.508 [STATIC_OT] state=TRAILING path_exists=1 path_locked=0 path_ttl_ok=1 path_safe=1 on_spline=1 speed=1.60 raw_wpnts=114 raw_age=0.78s decision=OVERTAKE
1786788887.509 [STATE_CHANGE] TRAILING -> OVERTAKE src=OVERTAKE s=4.12 d=0.03 vs=1.60
1786788888.073 [OBSTACLES] cur_s=4.84 cur_d=0.01 vs=1.76 n=1 [id=11 static=1 gap=3.63m d=-0.03 size=0.31]
1786788888.741 [OBSTACLES] cur_s=6.88 cur_d=0.22 vs=3.11 n=1 [id=11 static=1 gap=1.61m d=-0.02 size=0.25]
1786788889.300 [OBSTACLES] cur_s=8.30 cur_d=0.33 vs=2.15 n=1 [id=11 static=1 gap=0.12m d=-0.03 size=0.41]
1786788889.844 [OBSTACLES] cur_s=9.73 cur_d=0.03 vs=2.21 n=0 [none]
1786788890.429 [OBSTACLES] cur_s=11.07 cur_d=0.17 vs=2.40 n=0 [none]
1786788890.930 [OBSTACLES] cur_s=12.52 cur_d=0.07 vs=2.85 n=0 [none]
1786788891.331 [STATE_CHANGE] OVERTAKE -> LOSTLINE src=GB_TRACK s=13.80 d=0.14 vs=3.41
1786788891.397 [STATE_CHANGE] LOSTLINE -> GB_TRACK src=GB_TRACK s=14.00 d=0.16 vs=3.41
1786788891.469 [OBSTACLES] cur_s=14.25 cur_d=0.19 vs=3.42 n=0 [none]
1786788892.030 [OBSTACLES] cur_s=15.61 cur_d=-0.02 vs=2.41 n=0 [none]
1786788892.542 [OBSTACLES] cur_s=16.88 cur_d=-0.17 vs=2.56 n=1 [id=12 static=1 gap=4.25m d=0.69 size=0.25]
1786788893.125 [OBSTACLES] cur_s=18.18 cur_d=0.29 vs=2.89 n=1 [id=12 static=1 gap=2.85m d=0.58 size=0.28]
1786788893.247 [STATIC_OT] state=GB_TRACK path_exists=0 path_locked=0 path_ttl_ok=0 path_safe=0 on_spline=0 speed=3.19 raw_wpnts=0 raw_age=-s decision=TRAILING reason=NO_STATIC_PATH
1786788893.250 [STATE_CHANGE] GB_TRACK -> TRAILING src=GB_TRACK s=18.78 d=0.39 vs=3.19
1786788893.468 [STATIC_OT] state=TRAILING path_exists=0 path_locked=0 path_ttl_ok=0 path_safe=0 on_spline=0 speed=3.16 raw_wpnts=0 raw_age=-s decision=TRAILING reason=NO_STATIC_PATH
1786788893.661 [OBSTACLES] cur_s=20.60 cur_d=0.09 vs=2.96 n=1 [id=12 static=0 gap=0.93m d=0.71 size=0.28]
1786788893.671 [STATIC_OT] state=TRAILING path_exists=0 path_locked=0 path_ttl_ok=0 path_safe=0 on_spline=0 speed=2.96 raw_wpnts=0 raw_age=-s decision=TRAILING reason=NO_STATIC_PATH
1786788893.739 [STATE_CHANGE] TRAILING -> GB_TRACK src=GB_TRACK s=20.85 d=-0.01 vs=2.79
1786788894.171 [OBSTACLES] cur_s=21.74 cur_d=-0.13 vs=2.81 n=0 [none]
1786788894.689 [OBSTACLES] cur_s=23.46 cur_d=0.05 vs=3.42 n=0 [none]
1786788895.231 [OBSTACLES] cur_s=25.61 cur_d=-0.17 vs=3.41 n=0 [none]
1786788895.769 [OBSTACLES] cur_s=27.21 cur_d=0.29 vs=3.42 n=0 [none]
1786788895.769 [STATE_CHANGE] GB_TRACK -> LOSTLINE src=GB_TRACK s=27.21 d=0.29 vs=3.42
1786788896.030 [STATE_CHANGE] LOSTLINE -> GB_TRACK src=GB_TRACK s=27.73 d=0.29 vs=3.42
1786788896.180 [STATE_CHANGE] GB_TRACK -> LOSTLINE src=GB_TRACK s=27.92 d=0.33 vs=3.35
1786788896.277 [OBSTACLES] cur_s=28.05 cur_d=0.32 vs=3.33 n=0 [none]
1786788896.377 [STATE_CHANGE] LOSTLINE -> GB_TRACK src=GB_TRACK s=28.57 d=0.25 vs=3.28
1786788896.798 [OBSTACLES] cur_s=30.34 cur_d=0.10 vs=3.39 n=0 [none]
1786788897.275 [STATE_CHANGE] GB_TRACK -> LOSTLINE src=GB_TRACK s=31.87 d=0.30 vs=3.39
1786788897.352 [OBSTACLES] cur_s=32.09 cur_d=0.32 vs=3.39 n=0 [none]
1786788897.654 [STATE_CHANGE] LOSTLINE -> GB_TRACK src=GB_TRACK s=33.23 d=0.24 vs=3.23
1786788897.934 [OBSTACLES] cur_s=34.21 cur_d=0.11 vs=3.17 n=1 [id=14 static=1 gap=9.17m d=-0.14 size=0.24]
1786788897.941 [STATIC_OT] state=GB_TRACK path_exists=0 path_locked=0 path_ttl_ok=0 path_safe=0 on_spline=0 speed=3.17 raw_wpnts=0 raw_age=-s decision=TRAILING reason=NO_STATIC_PATH
1786788897.941 [STATE_CHANGE] GB_TRACK -> TRAILING src=GB_TRACK s=34.21 d=0.11 vs=3.17
1786788898.164 [STATIC_OT] state=TRAILING path_exists=0 path_locked=0 path_ttl_ok=0 path_safe=0 on_spline=0 speed=3.35 raw_wpnts=0 raw_age=-s decision=TRAILING reason=NO_STATIC_PATH
1786788898.423 [STATIC_OT] state=TRAILING path_exists=0 path_locked=0 path_ttl_ok=0 path_safe=0 on_spline=0 speed=3.36 raw_wpnts=0 raw_age=-s decision=TRAILING reason=NO_STATIC_PATH
1786788898.559 [OBSTACLES] cur_s=1.29 cur_d=0.15 vs=3.27 n=1 [id=14 static=1 gap=7.49m d=-0.19 size=0.32]
1786788898.729 [STATIC_OT] state=TRAILING path_exists=0 path_locked=0 path_ttl_ok=0 path_safe=0 on_spline=0 speed=3.05 raw_wpnts=0 raw_age=-s decision=TRAILING reason=NO_STATIC_PATH
1786788898.974 [STATIC_OT] state=TRAILING path_exists=0 path_locked=0 path_ttl_ok=0 path_safe=0 on_spline=0 speed=2.56 raw_wpnts=0 raw_age=-s decision=TRAILING reason=NO_STATIC_PATH
1786788899.131 [OBSTACLES] cur_s=3.05 cur_d=0.07 vs=1.92 n=1 [id=14 static=1 gap=5.56m d=-0.11 size=0.31]
1786788899.231 [STATIC_OT] state=TRAILING path_exists=0 path_locked=0 path_ttl_ok=0 path_safe=0 on_spline=0 speed=1.76 raw_wpnts=0 raw_age=-s decision=TRAILING reason=NO_STATIC_PATH
1786788899.454 [STATIC_OT] state=TRAILING path_exists=0 path_locked=0 path_ttl_ok=0 path_safe=0 on_spline=0 speed=1.66 raw_wpnts=0 raw_age=-s decision=TRAILING reason=NO_STATIC_PATH
1786788899.687 [OBSTACLES] cur_s=3.88 cur_d=0.02 vs=1.55 n=1 [id=14 static=1 gap=4.67m d=-0.09 size=0.33]
1786788899.693 [STATIC_OT] state=TRAILING path_exists=0 path_locked=0 path_ttl_ok=0 path_safe=0 on_spline=0 speed=1.55 raw_wpnts=0 raw_age=-s decision=TRAILING reason=NO_STATIC_PATH
1786788899.770 [STATE_CHANGE] TRAILING -> OVERTAKE src=OVERTAKE s=3.95 d=0.03 vs=1.53
1786788900.201 [OBSTACLES] cur_s=4.63 cur_d=0.02 vs=1.86 n=1 [id=14 static=1 gap=3.92m d=-0.09 size=0.30]
1786788900.780 [OBSTACLES] cur_s=5.80 cur_d=-0.06 vs=2.82 n=1 [id=14 static=1 gap=2.72m d=-0.08 size=0.30]
1786788901.340 [OBSTACLES] cur_s=7.64 cur_d=0.30 vs=2.97 n=1 [id=14 static=1 gap=0.82m d=-0.07 size=0.43]
1786788901.920 [OBSTACLES] cur_s=9.14 cur_d=0.12 vs=2.59 n=0 [none]
1786788902.463 [OBSTACLES] cur_s=10.54 cur_d=0.02 vs=2.27 n=0 [none]
1786788902.999 [OBSTACLES] cur_s=11.93 cur_d=0.17 vs=2.35 n=0 [none]
1786788903.565 [OBSTACLES] cur_s=13.34 cur_d=0.02 vs=3.32 n=0 [none]
1786788903.696 [STATE_CHANGE] OVERTAKE -> LOSTLINE src=GB_TRACK s=13.99 d=0.12 vs=3.37
1786788903.744 [STATE_CHANGE] LOSTLINE -> GB_TRACK src=GB_TRACK s=14.26 d=0.17 vs=3.31
1786788904.098 [OBSTACLES] cur_s=15.16 cur_d=0.13 vs=2.80 n=0 [none]
1786788904.665 [OBSTACLES] cur_s=16.28 cur_d=-0.23 vs=2.25 n=1 [id=15 static=1 gap=4.89m d=0.74 size=0.26]
1786788905.166 [OBSTACLES] cur_s=17.15 cur_d=-0.07 vs=2.55 n=1 [id=15 static=1 gap=3.92m d=0.69 size=0.30]
1786788905.772 [OBSTACLES] cur_s=19.24 cur_d=0.06 vs=3.32 n=1 [id=15 static=1 gap=1.71m d=0.60 size=0.27]
1786788906.274 [OBSTACLES] cur_s=20.75 cur_d=-0.10 vs=3.44 n=1 [id=15 static=1 gap=0.13m d=0.60 size=0.39]
1786788906.781 [OBSTACLES] cur_s=22.73 cur_d=0.01 vs=3.44 n=0 [none]
1786788907.319 [OBSTACLES] cur_s=24.39 cur_d=-0.19 vs=3.45 n=0 [none]
1786788907.870 [OBSTACLES] cur_s=26.45 cur_d=0.20 vs=3.44 n=0 [none]
1786788908.406 [OBSTACLES] cur_s=28.00 cur_d=0.06 vs=3.41 n=0 [none]
1786788908.944 [OBSTACLES] cur_s=29.78 cur_d=0.05 vs=3.39 n=0 [none]
1786788909.408 [STATE_CHANGE] GB_TRACK -> LOSTLINE src=GB_TRACK s=31.45 d=0.31 vs=3.47
1786788909.512 [OBSTACLES] cur_s=32.03 cur_d=0.32 vs=3.45 n=0 [none]
1786788909.559 [STATE_CHANGE] LOSTLINE -> GB_TRACK src=GB_TRACK s=32.36 d=0.29 vs=3.38
1786788910.228 [OBSTACLES] cur_s=34.45 cur_d=0.03 vs=3.37 n=1 [id=16 static=1 gap=8.95m d=-0.15 size=0.24]
1786788910.243 [STATIC_OT] state=GB_TRACK path_exists=0 path_locked=0 path_ttl_ok=0 path_safe=0 on_spline=0 speed=3.37 raw_wpnts=0 raw_age=-s decision=TRAILING reason=NO_STATIC_PATH
1786788910.243 [STATE_CHANGE] GB_TRACK -> TRAILING src=GB_TRACK s=34.45 d=0.03 vs=3.37
1786788910.525 [STATIC_OT] state=TRAILING path_exists=0 path_locked=0 path_ttl_ok=0 path_safe=0 on_spline=0 speed=3.36 raw_wpnts=0 raw_age=-s decision=TRAILING reason=NO_STATIC_PATH
1786788910.744 [OBSTACLES] cur_s=1.13 cur_d=0.13 vs=3.26 n=1 [id=16 static=1 gap=7.66m d=-0.15 size=0.32]
1786788910.747 [STATIC_OT] state=TRAILING path_exists=0 path_locked=0 path_ttl_ok=0 path_safe=0 on_spline=0 speed=3.26 raw_wpnts=0 raw_age=-s decision=TRAILING reason=NO_STATIC_PATH
1786788911.026 [STATIC_OT] state=TRAILING path_exists=0 path_locked=0 path_ttl_ok=0 path_safe=0 on_spline=0 speed=2.85 raw_wpnts=0 raw_age=-s decision=TRAILING reason=NO_STATIC_PATH
1786788911.266 [OBSTACLES] cur_s=2.77 cur_d=0.13 vs=2.20 n=1 [id=16 static=1 gap=5.86m d=-0.12 size=0.33]
1786788911.269 [STATIC_OT] state=TRAILING path_exists=0 path_locked=0 path_ttl_ok=0 path_safe=0 on_spline=0 speed=2.20 raw_wpnts=0 raw_age=-s decision=TRAILING reason=NO_STATIC_PATH
1786788911.543 [STATIC_OT] state=TRAILING path_exists=0 path_locked=0 path_ttl_ok=0 path_safe=0 on_spline=0 speed=1.68 raw_wpnts=0 raw_age=-s decision=TRAILING reason=NO_STATIC_PATH
1786788911.812 [OBSTACLES] cur_s=3.60 cur_d=-0.10 vs=0.93 n=1 [id=16 static=1 gap=4.96m d=-0.08 size=0.37]
1786788911.817 [STATIC_OT] state=TRAILING path_exists=0 path_locked=0 path_ttl_ok=0 path_safe=0 on_spline=0 speed=0.93 raw_wpnts=0 raw_age=-s decision=TRAILING reason=NO_STATIC_PATH
1786788912.104 [STATIC_OT] state=TRAILING path_exists=1 path_locked=0 path_ttl_ok=1 path_safe=1 on_spline=1 speed=0.64 raw_wpnts=113 raw_age=0.73s decision=OVERTAKE
1786788912.105 [STATE_CHANGE] TRAILING -> OVERTAKE src=OVERTAKE s=3.68 d=-0.12 vs=0.64
1786788912.318 [OBSTACLES] cur_s=3.76 cur_d=-0.15 vs=0.26 n=1 [id=16 static=1 gap=4.80m d=-0.08 size=0.32]
1786788912.856 [OBSTACLES] cur_s=3.77 cur_d=-0.16 vs=0.00 n=1 [id=16 static=1 gap=4.76m d=-0.07 size=0.32]
1786788913.393 [OBSTACLES] cur_s=3.77 cur_d=-0.15 vs=0.00 n=1 [id=16 static=1 gap=4.74m d=-0.07 size=0.33]
1786788913.919 [OBSTACLES] cur_s=3.77 cur_d=-0.16 vs=0.00 n=1 [id=16 static=1 gap=4.74m d=-0.07 size=0.32]
1786788914.459 [OBSTACLES] cur_s=3.77 cur_d=-0.15 vs=0.00 n=1 [id=16 static=1 gap=4.73m d=-0.07 size=0.31]
1786788915.058 [OBSTACLES] cur_s=3.77 cur_d=-0.16 vs=0.00 n=1 [id=16 static=1 gap=4.73m d=-0.07 size=0.31]
1786788915.563 [OBSTACLES] cur_s=3.77 cur_d=-0.15 vs=0.00 n=1 [id=16 static=1 gap=4.72m d=-0.07 size=0.31]
1786788916.139 [OBSTACLES] cur_s=3.78 cur_d=-0.16 vs=0.00 n=1 [id=16 static=1 gap=4.71m d=-0.07 size=0.32]
1786788916.647 [OBSTACLES] cur_s=3.78 cur_d=-0.16 vs=0.00 n=1 [id=16 static=1 gap=4.72m d=-0.07 size=0.30]
1786788917.206 [OBSTACLES] cur_s=3.77 cur_d=-0.15 vs=0.00 n=1 [id=16 static=1 gap=4.71m d=-0.07 size=0.32]
1786788917.714 [OBSTACLES] cur_s=3.78 cur_d=-0.16 vs=0.00 n=1 [id=16 static=1 gap=4.71m d=-0.07 size=0.31]
1786788918.259 [OBSTACLES] cur_s=3.77 cur_d=-0.16 vs=0.00 n=1 [id=16 static=1 gap=4.71m d=-0.07 size=0.31]
1786788918.789 [OBSTACLES] cur_s=3.77 cur_d=-0.16 vs=0.00 n=1 [id=16 static=1 gap=4.70m d=-0.07 size=0.32]
1786788919.346 [OBSTACLES] cur_s=3.77 cur_d=-0.16 vs=0.00 n=1 [id=16 static=1 gap=4.70m d=-0.07 size=0.32]
1786788919.964 [OBSTACLES] cur_s=3.78 cur_d=-0.16 vs=0.00 n=1 [id=16 static=1 gap=4.70m d=-0.07 size=0.32]
1786788920.504 [OBSTACLES] cur_s=3.77 cur_d=-0.15 vs=0.00 n=1 [id=16 static=1 gap=4.70m d=-0.07 size=0.31]
1786788921.051 [OBSTACLES] cur_s=3.78 cur_d=-0.16 vs=0.00 n=1 [id=16 static=1 gap=4.70m d=-0.07 size=0.31]
1786788921.648 [OBSTACLES] cur_s=3.77 cur_d=-0.16 vs=0.00 n=1 [id=16 static=1 gap=4.69m d=-0.07 size=0.32]
1786788922.163 [OBSTACLES] cur_s=3.78 cur_d=-0.16 vs=0.00 n=1 [id=16 static=1 gap=4.69m d=-0.07 size=0.32]
1786788922.912 [OBSTACLES] cur_s=3.77 cur_d=-0.16 vs=0.00 n=1 [id=16 static=1 gap=4.69m d=-0.07 size=0.32]
1786788923.501 [OBSTACLES] cur_s=3.77 cur_d=-0.15 vs=0.00 n=1 [id=16 static=1 gap=4.69m d=-0.07 size=0.32]
1786788924.179 [OBSTACLES] cur_s=3.77 cur_d=-0.16 vs=0.00 n=1 [id=16 static=1 gap=4.69m d=-0.07 size=0.32]
1786788924.779 [OBSTACLES] cur_s=3.77 cur_d=-0.15 vs=0.00 n=1 [id=16 static=1 gap=4.69m d=-0.07 size=0.31]
1786788925.388 [OBSTACLES] cur_s=3.77 cur_d=-0.15 vs=0.00 n=1 [id=16 static=1 gap=4.69m d=-0.07 size=0.32]
1786788925.967 [OBSTACLES] cur_s=3.77 cur_d=-0.15 vs=0.00 n=1 [id=16 static=1 gap=4.70m d=-0.07 size=0.31]
1786788926.477 [OBSTACLES] cur_s=3.77 cur_d=-0.15 vs=0.00 n=1 [id=16 static=1 gap=4.69m d=-0.07 size=0.31]
1786788927.004 [OBSTACLES] cur_s=3.77 cur_d=-0.15 vs=0.00 n=1 [id=16 static=1 gap=4.69m d=-0.07 size=0.32]
1786788927.625 [OBSTACLES] cur_s=3.77 cur_d=-0.15 vs=0.00 n=1 [id=16 static=1 gap=4.69m d=-0.07 size=0.32]
1786788928.187 [OBSTACLES] cur_s=3.77 cur_d=-0.15 vs=0.00 n=1 [id=16 static=1 gap=4.69m d=-0.07 size=0.32]
1786788928.697 [OBSTACLES] cur_s=3.77 cur_d=-0.16 vs=0.00 n=1 [id=16 static=1 gap=4.69m d=-0.07 size=0.31]
1786788929.201 [OBSTACLES] cur_s=3.78 cur_d=-0.16 vs=0.00 n=1 [id=16 static=1 gap=4.69m d=-0.07 size=0.31]
1786788929.792 [OBSTACLES] cur_s=3.77 cur_d=-0.16 vs=0.00 n=1 [id=16 static=1 gap=4.69m d=-0.07 size=0.31]
1786788930.298 [OBSTACLES] cur_s=3.78 cur_d=-0.16 vs=0.00 n=1 [id=16 static=1 gap=4.69m d=-0.07 size=0.30]
1786788930.888 [OBSTACLES] cur_s=3.77 cur_d=-0.15 vs=0.00 n=1 [id=16 static=1 gap=4.69m d=-0.07 size=0.32]
1786788931.534 [OBSTACLES] cur_s=3.77 cur_d=-0.15 vs=0.00 n=1 [id=16 static=1 gap=4.70m d=-0.07 size=0.30]
1786788932.044 [OBSTACLES] cur_s=3.77 cur_d=-0.15 vs=0.00 n=1 [id=16 static=1 gap=4.69m d=-0.07 size=0.31]
1786788932.600 [OBSTACLES] cur_s=3.77 cur_d=-0.16 vs=0.00 n=1 [id=16 static=1 gap=4.69m d=-0.07 size=0.31]
1786788933.172 [OBSTACLES] cur_s=3.77 cur_d=-0.15 vs=0.00 n=1 [id=16 static=1 gap=4.69m d=-0.07 size=0.31]
1786788933.713 [OBSTACLES] cur_s=3.77 cur_d=-0.16 vs=0.00 n=1 [id=16 static=1 gap=4.68m d=-0.07 size=0.33]
1786788934.272 [OBSTACLES] cur_s=3.77 cur_d=-0.15 vs=0.00 n=1 [id=16 static=1 gap=4.68m d=-0.07 size=0.32]
1786788934.830 [OBSTACLES] cur_s=3.77 cur_d=-0.15 vs=0.00 n=1 [id=16 static=1 gap=4.69m d=-0.07 size=0.31]
1786788935.378 [OBSTACLES] cur_s=3.77 cur_d=-0.15 vs=0.00 n=1 [id=16 static=1 gap=4.69m d=-0.07 size=0.31]
1786788935.887 [OBSTACLES] cur_s=3.77 cur_d=-0.15 vs=0.00 n=1 [id=16 static=1 gap=4.69m d=-0.07 size=0.31]
1786788936.565 [OBSTACLES] cur_s=3.77 cur_d=-0.15 vs=0.00 n=1 [id=16 static=1 gap=4.69m d=-0.07 size=0.32]
1786788937.111 [OBSTACLES] cur_s=3.77 cur_d=-0.15 vs=0.00 n=1 [id=16 static=1 gap=4.69m d=-0.07 size=0.31]
1786788937.633 [OBSTACLES] cur_s=3.77 cur_d=-0.15 vs=0.00 n=1 [id=16 static=1 gap=4.68m d=-0.07 size=0.33]
1786788938.172 [OBSTACLES] cur_s=3.77 cur_d=-0.16 vs=0.00 n=1 [id=16 static=1 gap=4.68m d=-0.07 size=0.31]
1786788938.693 [OBSTACLES] cur_s=3.78 cur_d=-0.16 vs=0.00 n=1 [id=16 static=1 gap=4.68m d=-0.07 size=0.33]
1786788939.207 [OBSTACLES] cur_s=3.77 cur_d=-0.16 vs=0.00 n=1 [id=16 static=1 gap=4.68m d=-0.07 size=0.32]
1786788939.786 [OBSTACLES] cur_s=3.78 cur_d=-0.16 vs=0.00 n=1 [id=16 static=1 gap=4.69m d=-0.07 size=0.31]
1786788940.394 [OBSTACLES] cur_s=3.77 cur_d=-0.16 vs=0.00 n=1 [id=16 static=1 gap=4.68m d=-0.07 size=0.32]
1786788941.011 [OBSTACLES] cur_s=3.78 cur_d=-0.16 vs=0.00 n=1 [id=16 static=1 gap=4.68m d=-0.07 size=0.32]
1786788941.548 [OBSTACLES] cur_s=3.78 cur_d=-0.16 vs=0.00 n=1 [id=16 static=1 gap=4.68m d=-0.07 size=0.32]
1786788942.087 [OBSTACLES] cur_s=3.77 cur_d=-0.16 vs=0.00 n=1 [id=16 static=1 gap=4.67m d=-0.07 size=0.34]
1786788942.667 [OBSTACLES] cur_s=3.78 cur_d=-0.16 vs=0.00 n=1 [id=16 static=1 gap=4.68m d=-0.07 size=0.32]
1786788943.209 [OBSTACLES] cur_s=3.78 cur_d=-0.16 vs=0.00 n=1 [id=16 static=1 gap=4.69m d=-0.07 size=0.29]
1786788943.792 [OBSTACLES] cur_s=3.77 cur_d=-0.16 vs=0.00 n=1 [id=16 static=1 gap=4.68m d=-0.07 size=0.31]
1786788944.331 [OBSTACLES] cur_s=3.77 cur_d=-0.16 vs=0.00 n=1 [id=16 static=1 gap=4.68m d=-0.07 size=0.32]
1786788944.893 [OBSTACLES] cur_s=3.77 cur_d=-0.16 vs=0.00 n=1 [id=16 static=1 gap=4.68m d=-0.07 size=0.32]
1786788945.408 [OBSTACLES] cur_s=3.78 cur_d=-0.16 vs=0.00 n=1 [id=16 static=1 gap=4.68m d=-0.07 size=0.31]
1786788946.020 [OBSTACLES] cur_s=3.77 cur_d=-0.16 vs=0.00 n=1 [id=16 static=1 gap=4.69m d=-0.07 size=0.31]
1786788946.561 [OBSTACLES] cur_s=3.78 cur_d=-0.16 vs=0.00 n=1 [id=16 static=1 gap=4.68m d=-0.07 size=0.32]
1786788947.166 [OBSTACLES] cur_s=3.77 cur_d=-0.16 vs=0.00 n=1 [id=16 static=1 gap=4.68m d=-0.07 size=0.32]
1786788947.697 [OBSTACLES] cur_s=3.77 cur_d=-0.16 vs=0.00 n=1 [id=16 static=1 gap=4.68m d=-0.07 size=0.31]
1786788948.221 [OBSTACLES] cur_s=3.77 cur_d=-0.15 vs=0.00 n=1 [id=16 static=1 gap=4.68m d=-0.07 size=0.32]
1786788948.850 [OBSTACLES] cur_s=3.77 cur_d=-0.15 vs=0.00 n=1 [id=16 static=1 gap=4.68m d=-0.07 size=0.31]
1786788949.378 [OBSTACLES] cur_s=3.77 cur_d=-0.16 vs=0.00 n=1 [id=16 static=1 gap=4.68m d=-0.07 size=0.32]
1786788949.902 [OBSTACLES] cur_s=3.77 cur_d=-0.15 vs=0.00 n=1 [id=16 static=1 gap=4.69m d=-0.07 size=0.30]
1786788950.649 [OBSTACLES] cur_s=3.77 cur_d=-0.16 vs=0.00 n=1 [id=16 static=1 gap=4.67m d=-0.07 size=0.33]
1786788951.172 [OBSTACLES] cur_s=3.77 cur_d=-0.15 vs=0.00 n=1 [id=16 static=1 gap=4.69m d=-0.07 size=0.31]
1786788951.758 [OBSTACLES] cur_s=3.77 cur_d=-0.15 vs=0.00 n=1 [id=16 static=1 gap=4.69m d=-0.07 size=0.31]
1786788952.327 [OBSTACLES] cur_s=3.77 cur_d=-0.16 vs=0.00 n=1 [id=16 static=1 gap=4.68m d=-0.07 size=0.32]
1786788952.840 [OBSTACLES] cur_s=3.77 cur_d=-0.16 vs=0.00 n=1 [id=16 static=1 gap=4.68m d=-0.07 size=0.31]
1786788953.391 [OBSTACLES] cur_s=3.77 cur_d=-0.16 vs=0.00 n=1 [id=16 static=1 gap=4.69m d=-0.07 size=0.30]
1786788953.900 [OBSTACLES] cur_s=3.77 cur_d=-0.16 vs=0.00 n=1 [id=16 static=1 gap=4.68m d=-0.07 size=0.31]
1786788954.444 [OBSTACLES] cur_s=3.77 cur_d=-0.15 vs=0.00 n=1 [id=16 static=1 gap=4.68m d=-0.07 size=0.32]
1786788955.186 [OBSTACLES] cur_s=3.78 cur_d=-0.16 vs=0.00 n=1 [id=16 static=1 gap=4.68m d=-0.07 size=0.32]
1786788955.734 [OBSTACLES] cur_s=3.78 cur_d=-0.16 vs=0.00 n=1 [id=16 static=1 gap=4.68m d=-0.07 size=0.31]
1786788956.258 [OBSTACLES] cur_s=3.78 cur_d=-0.16 vs=0.00 n=1 [id=16 static=1 gap=4.67m d=-0.07 size=0.32]
1786788956.812 [OBSTACLES] cur_s=3.78 cur_d=-0.16 vs=0.00 n=1 [id=16 static=1 gap=4.68m d=-0.07 size=0.31]
1786788957.336 [OBSTACLES] cur_s=3.77 cur_d=-0.16 vs=0.00 n=1 [id=16 static=1 gap=4.68m d=-0.07 size=0.32]
1786788957.922 [OBSTACLES] cur_s=3.77 cur_d=-0.16 vs=0.00 n=1 [id=16 static=1 gap=4.69m d=-0.07 size=0.31]
1786788958.444 [OBSTACLES] cur_s=3.77 cur_d=-0.15 vs=0.00 n=1 [id=16 static=1 gap=4.68m d=-0.07 size=0.31]
1786788958.954 [OBSTACLES] cur_s=3.77 cur_d=-0.15 vs=0.00 n=1 [id=16 static=1 gap=4.69m d=-0.07 size=0.31]
1786788959.487 [OBSTACLES] cur_s=3.77 cur_d=-0.15 vs=0.00 n=1 [id=16 static=1 gap=4.68m d=-0.07 size=0.32]
1786788960.105 [OBSTACLES] cur_s=3.77 cur_d=-0.15 vs=0.00 n=1 [id=16 static=1 gap=4.68m d=-0.07 size=0.31]
1786788960.935 [OBSTACLES] cur_s=3.76 cur_d=-0.15 vs=0.00 n=1 [id=16 static=1 gap=4.68m d=-0.07 size=0.34]
1786788961.442 [OBSTACLES] cur_s=3.75 cur_d=-0.15 vs=0.00 n=1 [id=16 static=1 gap=4.71m d=-0.07 size=0.31]
1786788961.977 [OBSTACLES] cur_s=3.77 cur_d=-0.15 vs=0.00 n=1 [id=16 static=1 gap=4.69m d=-0.07 size=0.31]
1786788962.489 [OBSTACLES] cur_s=3.76 cur_d=-0.16 vs=0.00 n=1 [id=16 static=1 gap=4.68m d=-0.07 size=0.34]
1786788963.107 [OBSTACLES] cur_s=3.64 cur_d=-0.09 vs=-0.88 n=1 [id=16 static=1 gap=4.83m d=-0.07 size=0.30]
1786788963.617 [OBSTACLES] cur_s=3.35 cur_d=0.03 vs=0.00 n=1 [id=16 static=1 gap=5.13m d=-0.07 size=0.27]
1786788964.206 [OBSTACLES] cur_s=3.33 cur_d=0.04 vs=0.00 n=1 [id=16 static=1 gap=5.12m d=-0.08 size=0.31]
1786788964.721 [OBSTACLES] cur_s=3.80 cur_d=0.16 vs=2.07 n=1 [id=16 static=1 gap=4.68m d=-0.08 size=0.26]
1786788965.266 [OBSTACLES] cur_s=5.00 cur_d=0.32 vs=2.30 n=1 [id=16 static=1 gap=3.49m d=-0.08 size=0.25]
1786788965.817 [OBSTACLES] cur_s=6.51 cur_d=0.33 vs=2.59 n=1 [id=16 static=1 gap=1.98m d=-0.08 size=0.25]
1786788966.347 [OBSTACLES] cur_s=7.59 cur_d=-0.16 vs=1.67 n=1 [id=16 static=1 gap=0.89m d=-0.08 size=0.25]
1786788966.358 [STATIC_OT] state=OVERTAKE path_exists=1 path_locked=1 path_ttl_ok=0 path_safe=0 on_spline=0 speed=1.67 raw_wpnts=0 raw_age=-s decision=TRAILING reason=NO_STATIC_PATH
1786788966.361 [STATE_CHANGE] OVERTAKE -> TRAILING src=GB_TRACK s=7.59 d=-0.16 vs=1.67
1786788966.508 [STATE_CHANGE] TRAILING -> OVERTAKE src=OVERTAKE s=7.74 d=-0.45 vs=1.38
1786788966.624 [STATIC_OT] state=OVERTAKE path_exists=1 path_locked=1 path_ttl_ok=1 path_safe=1 on_spline=0 speed=1.31 raw_wpnts=82 raw_age=0.80s decision=OVERTAKE
1786788966.994 [OBSTACLES] cur_s=8.31 cur_d=-0.34 vs=0.28 n=1 [id=16 static=1 gap=0.17m d=-0.08 size=0.27]
1786788967.378 [STATIC_OT] state=OVERTAKE path_exists=1 path_locked=1 path_ttl_ok=0 path_safe=0 on_spline=0 speed=0.00 raw_wpnts=0 raw_age=-s decision=TRAILING reason=NO_STATIC_PATH
1786788967.386 [STATE_CHANGE] OVERTAKE -> TRAILING src=GB_TRACK s=8.35 d=-0.33 vs=0.00
1786788967.523 [OBSTACLES] cur_s=8.42 cur_d=-0.34 vs=0.00 n=1 [id=16 static=0 gap=0.32m d=-0.22 size=0.29]
1786788967.597 [STATIC_OT] state=TRAILING path_exists=0 path_locked=0 path_ttl_ok=0 path_safe=0 on_spline=0 speed=0.00 raw_wpnts=0 raw_age=-s decision=TRAILING reason=NO_STATIC_PATH
1786788967.808 [STATE_CHANGE] TRAILING -> LOSTLINE src=GB_TRACK s=8.42 d=-0.34 vs=0.00
1786788967.932 [STATIC_OT] state=GB_TRACK path_exists=1 path_locked=0 path_ttl_ok=1 path_safe=0 on_spline=1 speed=0.00 raw_wpnts=81 raw_age=0.60s decision=TRAILING reason=PATH_BLOCKED blocked_obs_id=16 gap=0.47m free_dist=-0.178m branch=static/geom
1786788967.934 [STATE_CHANGE] LOSTLINE -> TRAILING src=GB_TRACK s=8.43 d=-0.34 vs=0.00
1786788968.166 [OBSTACLES] cur_s=8.42 cur_d=-0.34 vs=0.00 n=1 [id=16 static=1 gap=0.34m d=-0.23 size=0.27]
1786788968.173 [STATIC_OT] state=TRAILING path_exists=1 path_locked=0 path_ttl_ok=1 path_safe=0 on_spline=1 speed=0.00 raw_wpnts=81 raw_age=0.74s decision=TRAILING reason=PATH_BLOCKED blocked_obs_id=16 gap=0.48m free_dist=-0.172m branch=static/geom
1786788968.422 [STATIC_OT] state=TRAILING path_exists=1 path_locked=0 path_ttl_ok=0 path_safe=0 on_spline=1 speed=0.00 raw_wpnts=0 raw_age=-s decision=TRAILING reason=NO_STATIC_PATH
1786788968.489 [STATE_CHANGE] TRAILING -> OVERTAKE src=OVERTAKE s=8.42 d=-0.34 vs=0.00
1786788968.713 [OBSTACLES] cur_s=8.42 cur_d=-0.34 vs=0.00 n=1 [id=16 static=1 gap=0.34m d=-0.23 size=0.28]
1786788969.263 [OBSTACLES] cur_s=8.43 cur_d=-0.34 vs=0.00 n=1 [id=16 static=1 gap=0.33m d=-0.23 size=0.29]
1786788969.770 [OBSTACLES] cur_s=8.43 cur_d=-0.34 vs=0.06 n=0 [none]
1786788970.114 [STATE_CHANGE] OVERTAKE -> LOSTLINE src=GB_TRACK s=8.53 d=-0.35 vs=1.13
1786788970.252 [STATE_CHANGE] LOSTLINE -> GB_TRACK src=GB_TRACK s=7.91 d=-0.17 vs=0.68
1786788970.382 [OBSTACLES] cur_s=7.74 cur_d=0.05 vs=0.24 n=0 [none]
1786788970.905 [OBSTACLES] cur_s=7.82 cur_d=0.22 vs=0.00 n=0 [none]
1786788971.485 [OBSTACLES] cur_s=7.83 cur_d=0.22 vs=0.00 n=0 [none]
1786788972.268 [OBSTACLES] cur_s=7.84 cur_d=0.22 vs=0.00 n=0 [none]
1786788972.815 [OBSTACLES] cur_s=7.84 cur_d=0.22 vs=0.00 n=0 [none]
1786788973.328 [OBSTACLES] cur_s=7.81 cur_d=0.22 vs=0.00 n=0 [none]
1786788973.866 [OBSTACLES] cur_s=7.82 cur_d=0.22 vs=0.00 n=0 [none]
1786788974.444 [OBSTACLES] cur_s=7.85 cur_d=0.22 vs=0.00 n=0 [none]
1786788974.956 [OBSTACLES] cur_s=7.83 cur_d=0.22 vs=0.00 n=0 [none]
1786788975.476 [OBSTACLES] cur_s=7.83 cur_d=0.22 vs=0.00 n=0 [none]
1786788976.031 [OBSTACLES] cur_s=7.82 cur_d=0.22 vs=0.00 n=0 [none]
1786788976.672 [OBSTACLES] cur_s=7.83 cur_d=0.22 vs=0.00 n=0 [none]
1786788977.183 [OBSTACLES] cur_s=7.83 cur_d=0.22 vs=0.00 n=0 [none]
1786788977.707 [OBSTACLES] cur_s=7.84 cur_d=0.22 vs=0.00 n=0 [none]
1786788978.222 [OBSTACLES] cur_s=7.83 cur_d=0.22 vs=0.00 n=0 [none]
1786788978.768 [OBSTACLES] cur_s=7.83 cur_d=0.22 vs=0.00 n=0 [none]
1786788979.279 [OBSTACLES] cur_s=7.82 cur_d=0.22 vs=0.00 n=0 [none]
1786788979.835 [OBSTACLES] cur_s=7.82 cur_d=0.22 vs=0.00 n=0 [none]
1786788980.384 [OBSTACLES] cur_s=7.84 cur_d=0.22 vs=0.00 n=0 [none]
1786788981.024 [OBSTACLES] cur_s=7.82 cur_d=0.22 vs=0.00 n=0 [none]
1786788981.615 [OBSTACLES] cur_s=7.82 cur_d=0.22 vs=0.00 n=0 [none]
1786788982.181 [OBSTACLES] cur_s=7.85 cur_d=0.24 vs=0.00 n=0 [none]
1786788982.683 [OBSTACLES] cur_s=7.85 cur_d=0.23 vs=0.00 n=0 [none]
1786788983.212 [OBSTACLES] cur_s=7.85 cur_d=0.24 vs=0.00 n=0 [none]
1786788983.728 [OBSTACLES] cur_s=7.85 cur_d=0.23 vs=0.00 n=0 [none]
1786788984.272 [OBSTACLES] cur_s=7.85 cur_d=0.23 vs=0.00 n=0 [none]
1786788984.510 [STATE_CHANGE] GB_TRACK -> LOSTLINE src=GB_TRACK s=7.80 d=0.29 vs=0.00
1786788984.837 [OBSTACLES] cur_s=7.76 cur_d=0.32 vs=0.00 n=0 [none]
1786788985.362 [OBSTACLES] cur_s=7.74 cur_d=0.33 vs=0.00 n=0 [none]
1786788985.558 [STATE_CHANGE] LOSTLINE -> RECOVERY src=RECOVERY s=7.75 d=0.33 vs=0.00
1786788985.889 [OBSTACLES] cur_s=7.75 cur_d=0.33 vs=0.00 n=0 [none]
1786788986.428 [OBSTACLES] cur_s=7.75 cur_d=0.33 vs=0.00 n=0 [none]
1786788987.005 [OBSTACLES] cur_s=7.68 cur_d=0.36 vs=0.00 n=0 [none]
1786788987.525 [OBSTACLES] cur_s=7.62 cur_d=0.38 vs=0.00 n=0 [none]
1786788988.103 [OBSTACLES] cur_s=7.63 cur_d=0.37 vs=0.00 n=0 [none]
1786788988.659 [OBSTACLES] cur_s=7.62 cur_d=0.38 vs=0.00 n=0 [none]
1786788989.212 [OBSTACLES] cur_s=7.62 cur_d=0.37 vs=0.00 n=0 [none]
1786788989.744 [OBSTACLES] cur_s=7.62 cur_d=0.38 vs=0.00 n=0 [none]
1786788990.297 [OBSTACLES] cur_s=7.61 cur_d=0.38 vs=0.00 n=0 [none]
1786788990.870 [OBSTACLES] cur_s=7.60 cur_d=0.38 vs=0.00 n=0 [none]
1786788991.434 [OBSTACLES] cur_s=7.61 cur_d=0.46 vs=0.00 n=0 [none]
1786788991.967 [OBSTACLES] cur_s=7.61 cur_d=0.46 vs=0.00 n=0 [none]
1786788992.501 [OBSTACLES] cur_s=7.54 cur_d=0.50 vs=0.00 n=0 [none]
1786788993.039 [OBSTACLES] cur_s=7.54 cur_d=0.50 vs=0.00 n=0 [none]
1786788993.618 [OBSTACLES] cur_s=7.54 cur_d=0.50 vs=0.00 n=0 [none]
1786788994.132 [OBSTACLES] cur_s=7.54 cur_d=0.50 vs=0.00 n=0 [none]
1786788994.740 [OBSTACLES] cur_s=7.53 cur_d=0.50 vs=0.00 n=0 [none]
1786788995.252 [OBSTACLES] cur_s=7.54 cur_d=0.50 vs=0.00 n=0 [none]
1786788995.514 [STATE_CHANGE] RECOVERY -> LOSTLINE src=GB_TRACK s=7.53 d=0.50 vs=0.00
1786788995.763 [OBSTACLES] cur_s=7.52 cur_d=0.50 vs=0.00 n=0 [none]
1786788995.973 [STATE_CHANGE] LOSTLINE -> RECOVERY src=RECOVERY s=7.53 d=0.50 vs=0.00
1786788996.279 [OBSTACLES] cur_s=7.53 cur_d=0.50 vs=0.00 n=0 [none]
1786788996.823 [OBSTACLES] cur_s=7.53 cur_d=0.50 vs=0.00 n=0 [none]
1786788997.353 [OBSTACLES] cur_s=7.53 cur_d=0.50 vs=0.00 n=0 [none]
1786788997.913 [OBSTACLES] cur_s=7.53 cur_d=0.50 vs=0.00 n=0 [none]
1786788998.430 [OBSTACLES] cur_s=7.53 cur_d=0.50 vs=0.00 n=0 [none]
1786788999.014 [OBSTACLES] cur_s=7.53 cur_d=0.50 vs=0.00 n=0 [none]
1786788999.582 [OBSTACLES] cur_s=7.53 cur_d=0.50 vs=0.00 n=0 [none]
1786789000.150 [OBSTACLES] cur_s=7.53 cur_d=0.50 vs=0.00 n=0 [none]
1786789000.712 [OBSTACLES] cur_s=7.54 cur_d=0.50 vs=0.00 n=0 [none]
1786789001.322 [OBSTACLES] cur_s=7.54 cur_d=0.50 vs=0.00 n=0 [none]
1786789001.836 [OBSTACLES] cur_s=7.54 cur_d=0.50 vs=0.00 n=0 [none]
1786789002.338 [OBSTACLES] cur_s=7.53 cur_d=0.51 vs=0.00 n=0 [none]
1786789002.861 [OBSTACLES] cur_s=7.54 cur_d=0.50 vs=0.00 n=0 [none]
1786789003.383 [OBSTACLES] cur_s=7.53 cur_d=0.50 vs=0.00 n=0 [none]
1786789003.891 [OBSTACLES] cur_s=7.53 cur_d=0.50 vs=0.00 n=0 [none]
1786789004.447 [OBSTACLES] cur_s=7.53 cur_d=0.50 vs=0.00 n=0 [none]
1786789005.013 [OBSTACLES] cur_s=7.53 cur_d=0.50 vs=0.00 n=0 [none]
1786789005.569 [OBSTACLES] cur_s=7.53 cur_d=0.50 vs=0.00 n=0 [none]
1786789005.941 [STATE_CHANGE] RECOVERY -> LOSTLINE src=GB_TRACK s=7.56 d=0.50 vs=0.00
1786789006.119 [OBSTACLES] cur_s=7.55 cur_d=0.50 vs=0.00 n=0 [none]
1786789006.349 [STATE_CHANGE] LOSTLINE -> RECOVERY src=RECOVERY s=7.54 d=0.50 vs=0.00
1786789006.629 [OBSTACLES] cur_s=7.54 cur_d=0.50 vs=0.00 n=0 [none]
1786789007.184 [OBSTACLES] cur_s=7.53 cur_d=0.50 vs=0.00 n=0 [none]
1786789007.688 [OBSTACLES] cur_s=7.54 cur_d=0.50 vs=0.00 n=0 [none]
1786789008.193 [OBSTACLES] cur_s=7.54 cur_d=0.50 vs=0.00 n=0 [none]
1786789008.712 [OBSTACLES] cur_s=7.53 cur_d=0.50 vs=0.00 n=0 [none]
1786789009.214 [OBSTACLES] cur_s=7.54 cur_d=0.50 vs=0.00 n=0 [none]
1786789009.747 [OBSTACLES] cur_s=7.53 cur_d=0.50 vs=0.00 n=0 [none]
1786789010.249 [OBSTACLES] cur_s=7.55 cur_d=0.50 vs=0.00 n=0 [none]
1786789010.796 [OBSTACLES] cur_s=7.53 cur_d=0.50 vs=0.00 n=0 [none]
1786789011.344 [OBSTACLES] cur_s=7.53 cur_d=0.50 vs=0.00 n=0 [none]
1786789011.861 [OBSTACLES] cur_s=7.54 cur_d=0.50 vs=0.00 n=0 [none]
1786789012.393 [OBSTACLES] cur_s=7.53 cur_d=0.49 vs=0.00 n=0 [none]
1786789012.897 [OBSTACLES] cur_s=7.57 cur_d=0.54 vs=0.00 n=0 [none]
1786789013.027 [STATIC_OT] state=RECOVERY path_exists=0 path_locked=0 path_ttl_ok=0 path_safe=0 on_spline=0 speed=0.00 raw_wpnts=0 raw_age=-s decision=TRAILING reason=NO_STATIC_PATH
1786789013.033 [STATE_CHANGE] RECOVERY -> TRAILING src=RECOVERY s=7.80 d=0.54 vs=0.00
1786789013.145 [STATE_CHANGE] TRAILING -> RECOVERY src=RECOVERY s=7.68 d=0.48 vs=0.00
1786789013.483 [OBSTACLES] cur_s=7.61 cur_d=0.45 vs=0.00 n=0 [none]
1786789013.608 [STATIC_OT] state=RECOVERY path_exists=0 path_locked=0 path_ttl_ok=0 path_safe=0 on_spline=0 speed=0.00 raw_wpnts=0 raw_age=-s decision=TRAILING reason=NO_STATIC_PATH
1786789013.611 [STATE_CHANGE] RECOVERY -> TRAILING src=RECOVERY s=7.61 d=0.45 vs=0.00
1786789013.696 [STATE_CHANGE] TRAILING -> RECOVERY src=RECOVERY s=7.48 d=0.07 vs=0.00
1786789013.807 [STATE_CHANGE] RECOVERY -> TRAILING src=RECOVERY s=7.58 d=-0.31 vs=0.00
1786789013.863 [STATIC_OT] state=TRAILING path_exists=0 path_locked=0 path_ttl_ok=0 path_safe=0 on_spline=0 speed=0.00 raw_wpnts=0 raw_age=-s decision=TRAILING reason=NO_STATIC_PATH
1786789013.867 [STATE_CHANGE] TRAILING -> RECOVERY src=RECOVERY s=7.37 d=-0.41 vs=0.00
1786789014.058 [OBSTACLES] cur_s=6.97 cur_d=-0.51 vs=0.00 n=1 [id=36 static=0 gap=0.81m d=-0.15 size=0.19]
1786789014.063 [STATIC_OT] state=RECOVERY path_exists=0 path_locked=0 path_ttl_ok=0 path_safe=0 on_spline=0 speed=0.00 raw_wpnts=0 raw_age=-s decision=TRAILING reason=NO_STATIC_PATH
1786789014.296 [STATIC_OT] state=RECOVERY path_exists=0 path_locked=0 path_ttl_ok=0 path_safe=0 on_spline=0 speed=0.00 raw_wpnts=0 raw_age=-s decision=TRAILING reason=NO_STATIC_PATH
1786789014.493 [STATE_CHANGE] RECOVERY -> LOSTLINE src=GB_TRACK s=6.76 d=-0.40 vs=0.00
1786789014.567 [OBSTACLES] cur_s=6.68 cur_d=-0.39 vs=0.00 n=1 [id=26 static=0 gap=0.28m d=-0.13 size=0.20]
1786789014.571 [STATIC_OT] state=GB_TRACK path_exists=0 path_locked=0 path_ttl_ok=0 path_safe=0 on_spline=0 speed=0.00 raw_wpnts=0 raw_age=-s decision=TRAILING reason=NO_STATIC_PATH
1786789014.574 [STATE_CHANGE] LOSTLINE -> TRAILING src=GB_TRACK s=6.68 d=-0.39 vs=0.00
1786789014.657 [STATE_CHANGE] TRAILING -> LOSTLINE src=GB_TRACK s=6.68 d=-0.41 vs=0.00
1786789015.102 [OBSTACLES] cur_s=6.83 cur_d=-0.52 vs=0.00 n=0 [none]
1786789015.167 [STATIC_OT] state=GB_TRACK path_exists=0 path_locked=0 path_ttl_ok=0 path_safe=0 on_spline=0 speed=0.00 raw_wpnts=0 raw_age=-s decision=TRAILING reason=NO_STATIC_PATH
1786789015.185 [STATE_CHANGE] LOSTLINE -> TRAILING src=GB_TRACK s=6.84 d=-0.52 vs=0.00
1786789015.385 [STATIC_OT] state=TRAILING path_exists=0 path_locked=0 path_ttl_ok=0 path_safe=0 on_spline=0 speed=0.00 raw_wpnts=0 raw_age=-s decision=TRAILING reason=NO_STATIC_PATH
1786789015.634 [OBSTACLES] cur_s=6.97 cur_d=-0.51 vs=0.00 n=2 [id=26 static=0 gap=0.23m d=-0.20 size=0.29; id=40 static=1 gap=1.78m d=-0.01 size=0.36]
1786789015.638 [STATIC_OT] state=TRAILING path_exists=0 path_locked=0 path_ttl_ok=0 path_safe=0 on_spline=0 speed=0.00 raw_wpnts=0 raw_age=-s decision=TRAILING reason=NO_STATIC_PATH
1786789015.842 [STATIC_OT] state=TRAILING path_exists=0 path_locked=0 path_ttl_ok=0 path_safe=0 on_spline=0 speed=0.00 raw_wpnts=0 raw_age=-s decision=TRAILING reason=NO_STATIC_PATH
1786789016.071 [STATIC_OT] state=TRAILING path_exists=0 path_locked=0 path_ttl_ok=0 path_safe=0 on_spline=0 speed=0.00 raw_wpnts=0 raw_age=-s decision=TRAILING reason=NO_STATIC_PATH
1786789016.175 [OBSTACLES] cur_s=7.06 cur_d=-0.48 vs=0.00 n=1 [id=48 static=1 gap=3.97m d=0.10 size=0.23]
1786789016.284 [STATIC_OT] state=TRAILING path_exists=0 path_locked=0 path_ttl_ok=0 path_safe=0 on_spline=0 speed=0.00 raw_wpnts=0 raw_age=-s decision=TRAILING reason=NO_STATIC_PATH
1786789016.407 [STATE_CHANGE] TRAILING -> LOSTLINE src=GB_TRACK s=7.14 d=-0.55 vs=0.00
1786789016.690 [OBSTACLES] cur_s=7.13 cur_d=-0.55 vs=0.00 n=0 [none]
1786789017.196 [OBSTACLES] cur_s=7.10 cur_d=-0.58 vs=0.00 n=0 [none]
1786789017.714 [OBSTACLES] cur_s=6.78 cur_d=-0.53 vs=0.00 n=0 [none]
1786789017.764 [STATIC_OT] state=GB_TRACK path_exists=0 path_locked=0 path_ttl_ok=0 path_safe=0 on_spline=0 speed=0.00 raw_wpnts=0 raw_age=-s decision=TRAILING reason=NO_STATIC_PATH
1786789017.766 [STATE_CHANGE] LOSTLINE -> TRAILING src=GB_TRACK s=6.79 d=-0.58 vs=0.00
1786789017.787 [STATE_CHANGE] TRAILING -> LOSTLINE src=GB_TRACK s=6.90 d=-0.60 vs=0.00
1786789017.811 [STATE_CHANGE] LOSTLINE -> TRAILING src=GB_TRACK s=6.82 d=-0.61 vs=0.00
1786789018.053 [STATIC_OT] state=TRAILING path_exists=0 path_locked=0 path_ttl_ok=0 path_safe=0 on_spline=0 speed=-0.00 raw_wpnts=0 raw_age=-s decision=TRAILING reason=NO_STATIC_PATH
1786789018.238 [OBSTACLES] cur_s=6.67 cur_d=-0.66 vs=0.00 n=0 [none]
1786789018.239 [STATE_CHANGE] TRAILING -> LOSTLINE src=GB_TRACK s=6.67 d=-0.66 vs=0.00
1786789018.748 [OBSTACLES] cur_s=6.78 cur_d=-0.64 vs=0.00 n=0 [none]
1786789019.304 [OBSTACLES] cur_s=7.12 cur_d=-0.65 vs=0.00 n=0 [none]
1786789019.819 [OBSTACLES] cur_s=6.77 cur_d=-0.66 vs=-0.00 n=0 [none]
1786789020.128 [STATIC_OT] state=GB_TRACK path_exists=0 path_locked=0 path_ttl_ok=0 path_safe=0 on_spline=0 speed=-0.00 raw_wpnts=0 raw_age=-s decision=TRAILING reason=NO_STATIC_PATH
1786789020.129 [STATE_CHANGE] LOSTLINE -> TRAILING src=GB_TRACK s=6.96 d=-0.64 vs=-0.00
1786789020.331 [OBSTACLES] cur_s=6.96 cur_d=-0.56 vs=-0.00 n=1 [id=66 static=1 gap=0.92m d=0.61 size=0.27]
1786789020.335 [STATIC_OT] state=TRAILING path_exists=0 path_locked=0 path_ttl_ok=0 path_safe=0 on_spline=0 speed=-0.00 raw_wpnts=0 raw_age=-s decision=TRAILING reason=NO_STATIC_PATH
1786789020.501 [STATE_CHANGE] TRAILING -> RECOVERY src=RECOVERY s=7.08 d=-0.36 vs=0.00
1786789020.826 [STATE_CHANGE] RECOVERY -> LOSTLINE src=GB_TRACK s=7.49 d=-0.54 vs=0.00
1786789020.843 [OBSTACLES] cur_s=7.49 cur_d=-0.54 vs=0.00 n=0 [none]
1786789021.236 [STATE_CHANGE] LOSTLINE -> GB_TRACK src=GB_TRACK s=5.82 d=-0.29 vs=0.00
1786789021.299 [STATE_CHANGE] GB_TRACK -> LOSTLINE src=GB_TRACK s=5.59 d=-0.34 vs=0.00
1786789021.390 [OBSTACLES] cur_s=5.35 cur_d=-0.53 vs=0.00 n=0 [none]
1786789021.908 [OBSTACLES] cur_s=5.38 cur_d=-0.59 vs=0.00 n=0 [none]
1786789022.417 [OBSTACLES] cur_s=5.46 cur_d=-0.61 vs=0.00 n=0 [none]
1786789022.926 [OBSTACLES] cur_s=6.31 cur_d=-0.60 vs=-0.00 n=0 [none]
1786789023.438 [OBSTACLES] cur_s=6.28 cur_d=-0.60 vs=-0.00 n=0 [none]
1786789023.992 [OBSTACLES] cur_s=5.41 cur_d=-0.56 vs=-0.00 n=0 [none]
1786789024.508 [OBSTACLES] cur_s=2.93 cur_d=-0.44 vs=0.00 n=0 [none]
1786789025.029 [OBSTACLES] cur_s=3.28 cur_d=-0.41 vs=0.00 n=0 [none]
1786789025.542 [OBSTACLES] cur_s=2.93 cur_d=-0.37 vs=0.00 n=0 [none]
1786789026.156 [OBSTACLES] cur_s=3.12 cur_d=-0.39 vs=0.00 n=0 [none]
1786789026.696 [OBSTACLES] cur_s=4.07 cur_d=-0.48 vs=0.00 n=0 [none]
1786789027.216 [OBSTACLES] cur_s=6.14 cur_d=-0.48 vs=-0.00 n=0 [none]
1786789027.739 [OBSTACLES] cur_s=6.17 cur_d=-0.68 vs=-0.00 n=0 [none]
1786789028.268 [OBSTACLES] cur_s=3.60 cur_d=-0.53 vs=-0.00 n=0 [none]
1786789028.399 [STATIC_OT] state=GB_TRACK path_exists=0 path_locked=0 path_ttl_ok=0 path_safe=0 on_spline=0 speed=-0.00 raw_wpnts=0 raw_age=-s decision=TRAILING reason=NO_STATIC_PATH
1786789028.400 [STATE_CHANGE] LOSTLINE -> TRAILING src=GB_TRACK s=3.69 d=-0.52 vs=-0.00
1786789028.427 [STATE_CHANGE] TRAILING -> LOSTLINE src=GB_TRACK s=4.08 d=-0.51 vs=-0.00
1786789028.803 [OBSTACLES] cur_s=4.13 cur_d=-0.50 vs=-0.00 n=0 [none]
1786789028.923 [STATIC_OT] state=GB_TRACK path_exists=0 path_locked=0 path_ttl_ok=0 path_safe=0 on_spline=0 speed=-0.00 raw_wpnts=0 raw_age=-s decision=TRAILING reason=NO_STATIC_PATH
1786789028.927 [STATE_CHANGE] LOSTLINE -> TRAILING src=GB_TRACK s=4.13 d=-0.50 vs=-0.00
1786789029.138 [STATIC_OT] state=TRAILING path_exists=0 path_locked=0 path_ttl_ok=0 path_safe=0 on_spline=0 speed=-0.00 raw_wpnts=0 raw_age=-s decision=TRAILING reason=NO_STATIC_PATH
1786789029.331 [OBSTACLES] cur_s=3.60 cur_d=-0.49 vs=-0.00 n=1 [id=99 static=1 gap=19.13m d=-0.13 size=0.16]
1786789029.338 [STATIC_OT] state=TRAILING path_exists=0 path_locked=0 path_ttl_ok=0 path_safe=0 on_spline=0 speed=-0.00 raw_wpnts=0 raw_age=-s decision=TRAILING reason=NO_STATIC_PATH
1786789029.559 [STATE_CHANGE] TRAILING -> LOSTLINE src=GB_TRACK s=3.38 d=-0.49 vs=-0.00
1786789029.835 [OBSTACLES] cur_s=3.51 cur_d=-0.51 vs=-0.00 n=0 [none]
1786789030.339 [OBSTACLES] cur_s=3.74 cur_d=-0.53 vs=-0.00 n=0 [none]
1786789030.874 [OBSTACLES] cur_s=4.15 cur_d=-0.44 vs=-0.00 n=0 [none]
1786789031.237 [STATIC_OT] state=GB_TRACK path_exists=0 path_locked=0 path_ttl_ok=0 path_safe=0 on_spline=0 speed=-0.00 raw_wpnts=0 raw_age=-s decision=TRAILING reason=NO_STATIC_PATH
1786789031.238 [STATE_CHANGE] LOSTLINE -> TRAILING src=GB_TRACK s=5.85 d=-0.42 vs=-0.00
1786789031.380 [OBSTACLES] cur_s=6.32 cur_d=-0.39 vs=-0.00 n=1 [id=102 static=1 gap=14.31m d=0.84 size=0.31]
1786789031.471 [STATIC_OT] state=TRAILING path_exists=0 path_locked=0 path_ttl_ok=0 path_safe=0 on_spline=0 speed=-0.00 raw_wpnts=0 raw_age=-s decision=TRAILING reason=NO_STATIC_PATH
1786789031.601 [STATE_CHANGE] TRAILING -> LOSTLINE src=GB_TRACK s=6.44 d=-0.26 vs=-0.00
1786789031.684 [STATE_CHANGE] LOSTLINE -> GB_TRACK src=GB_TRACK s=6.46 d=-0.24 vs=-0.00
1786789031.893 [OBSTACLES] cur_s=6.45 cur_d=-0.28 vs=-0.00 n=0 [none]
1786789032.057 [STATE_CHANGE] GB_TRACK -> LOSTLINE src=GB_TRACK s=6.45 d=-0.29 vs=-0.00
1786789032.396 [OBSTACLES] cur_s=6.44 cur_d=-0.32 vs=-0.00 n=0 [none]
1786789032.498 [STATE_CHANGE] LOSTLINE -> RECOVERY src=RECOVERY s=6.45 d=-0.32 vs=-0.00
1786789032.899 [OBSTACLES] cur_s=6.46 cur_d=-0.32 vs=-0.00 n=0 [none]
1786789033.468 [OBSTACLES] cur_s=6.45 cur_d=-0.32 vs=-0.00 n=0 [none]
1786789033.995 [OBSTACLES] cur_s=6.45 cur_d=-0.32 vs=-0.00 n=0 [none]
1786789034.581 [OBSTACLES] cur_s=6.46 cur_d=-0.33 vs=-0.00 n=0 [none]
1786789035.112 [OBSTACLES] cur_s=6.44 cur_d=-0.32 vs=-0.00 n=0 [none]
1786789035.650 [OBSTACLES] cur_s=6.44 cur_d=-0.32 vs=-0.00 n=0 [none]
1786789036.191 [OBSTACLES] cur_s=6.44 cur_d=-0.32 vs=-0.00 n=0 [none]
