# state_machine debug log started 20260815_152854  map='0815test1'
1786775342.412 [OBSTACLES] cur_s=20.73 cur_d=0.04 vs=-0.00 n=0 [none]
1786775342.412 [STATE_CHANGE] None -> GB_TRACK src=GB_TRACK s=20.73 d=0.04 vs=-0.00
1786775342.962 [OBSTACLES] cur_s=20.72 cur_d=0.04 vs=-0.00 n=0 [none]
1786775343.481 [OBSTACLES] cur_s=20.73 cur_d=0.04 vs=-0.00 n=0 [none]
1786775344.044 [OBSTACLES] cur_s=20.73 cur_d=0.04 vs=-0.00 n=0 [none]
1786775344.589 [OBSTACLES] cur_s=20.73 cur_d=0.04 vs=-0.00 n=0 [none]
1786775345.100 [OBSTACLES] cur_s=20.73 cur_d=0.04 vs=-0.00 n=0 [none]
1786775345.634 [OBSTACLES] cur_s=20.73 cur_d=0.04 vs=-0.00 n=0 [none]
1786775346.156 [OBSTACLES] cur_s=20.73 cur_d=0.04 vs=-0.00 n=0 [none]
1786775346.702 [OBSTACLES] cur_s=20.73 cur_d=0.04 vs=-0.00 n=0 [none]
1786775347.239 [OBSTACLES] cur_s=20.73 cur_d=0.04 vs=-0.00 n=0 [none]
1786775347.782 [OBSTACLES] cur_s=20.73 cur_d=0.04 vs=-0.00 n=0 [none]
1786775348.404 [OBSTACLES] cur_s=20.73 cur_d=0.04 vs=-0.00 n=0 [none]
1786775348.916 [OBSTACLES] cur_s=20.73 cur_d=0.04 vs=-0.00 n=0 [none]
1786775349.449 [OBSTACLES] cur_s=20.73 cur_d=0.04 vs=-0.00 n=0 [none]
1786775349.956 [OBSTACLES] cur_s=20.73 cur_d=0.04 vs=-0.00 n=0 [none]
1786775350.477 [OBSTACLES] cur_s=20.73 cur_d=0.04 vs=-0.00 n=0 [none]
1786775351.088 [OBSTACLES] cur_s=20.73 cur_d=0.04 vs=-0.00 n=0 [none]
1786775351.599 [OBSTACLES] cur_s=20.74 cur_d=0.04 vs=-0.00 n=0 [none]
1786775352.146 [OBSTACLES] cur_s=20.73 cur_d=0.04 vs=-0.00 n=0 [none]
1786775352.714 [OBSTACLES] cur_s=20.73 cur_d=0.05 vs=-0.00 n=0 [none]
1786775353.215 [OBSTACLES] cur_s=20.73 cur_d=0.04 vs=-0.00 n=0 [none]
1786775353.745 [OBSTACLES] cur_s=20.73 cur_d=0.05 vs=-0.00 n=0 [none]
1786775354.258 [OBSTACLES] cur_s=20.73 cur_d=0.05 vs=-0.00 n=0 [none]
1786775354.772 [OBSTACLES] cur_s=20.73 cur_d=0.04 vs=-0.00 n=0 [none]
1786775355.308 [OBSTACLES] cur_s=20.73 cur_d=0.05 vs=-0.00 n=0 [none]
1786775355.823 [OBSTACLES] cur_s=20.73 cur_d=0.05 vs=-0.00 n=0 [none]
1786775356.355 [OBSTACLES] cur_s=20.73 cur_d=0.05 vs=-0.00 n=0 [none]
1786775356.910 [OBSTACLES] cur_s=20.73 cur_d=0.05 vs=-0.00 n=0 [none]
1786775357.441 [OBSTACLES] cur_s=20.73 cur_d=0.05 vs=-0.00 n=0 [none]
1786775357.948 [OBSTACLES] cur_s=20.73 cur_d=0.05 vs=-0.00 n=0 [none]
1786775358.483 [OBSTACLES] cur_s=20.73 cur_d=0.04 vs=-0.00 n=0 [none]
1786775359.045 [OBSTACLES] cur_s=20.73 cur_d=0.04 vs=-0.00 n=0 [none]
1786775359.543 [OBSTACLES] cur_s=20.73 cur_d=0.05 vs=-0.00 n=0 [none]
1786775360.084 [OBSTACLES] cur_s=20.73 cur_d=0.04 vs=-0.00 n=0 [none]
1786775360.630 [OBSTACLES] cur_s=20.73 cur_d=0.04 vs=-0.00 n=0 [none]
1786775361.210 [OBSTACLES] cur_s=20.73 cur_d=0.05 vs=-0.00 n=0 [none]
1786775361.740 [OBSTACLES] cur_s=20.73 cur_d=0.04 vs=-0.00 n=0 [none]
1786775362.291 [OBSTACLES] cur_s=20.73 cur_d=0.05 vs=-0.00 n=0 [none]
1786775362.806 [OBSTACLES] cur_s=20.73 cur_d=0.04 vs=-0.00 n=0 [none]
1786775363.322 [OBSTACLES] cur_s=20.73 cur_d=0.04 vs=-0.00 n=0 [none]
1786775363.826 [OBSTACLES] cur_s=20.73 cur_d=0.05 vs=-0.00 n=0 [none]
1786775364.341 [OBSTACLES] cur_s=20.73 cur_d=0.05 vs=-0.00 n=0 [none]
1786775364.865 [OBSTACLES] cur_s=20.73 cur_d=0.04 vs=-0.00 n=0 [none]
1786775365.398 [OBSTACLES] cur_s=20.73 cur_d=0.05 vs=-0.00 n=0 [none]
1786775365.934 [OBSTACLES] cur_s=20.73 cur_d=0.04 vs=-0.00 n=0 [none]
1786775366.509 [OBSTACLES] cur_s=20.73 cur_d=0.05 vs=-0.00 n=0 [none]
1786775367.054 [OBSTACLES] cur_s=20.73 cur_d=0.05 vs=-0.00 n=0 [none]
1786775367.566 [OBSTACLES] cur_s=19.31 cur_d=0.15 vs=0.00 n=0 [none]
1786775368.190 [OBSTACLES] cur_s=19.29 cur_d=0.16 vs=0.00 n=0 [none]
1786775368.809 [OBSTACLES] cur_s=19.30 cur_d=0.16 vs=0.00 n=0 [none]
1786775369.309 [OBSTACLES] cur_s=19.31 cur_d=0.15 vs=0.00 n=0 [none]
1786775369.823 [OBSTACLES] cur_s=19.29 cur_d=0.16 vs=0.00 n=0 [none]
1786775370.354 [OBSTACLES] cur_s=19.28 cur_d=0.16 vs=0.00 n=0 [none]
1786775370.918 [OBSTACLES] cur_s=19.29 cur_d=0.15 vs=0.00 n=0 [none]
1786775371.441 [OBSTACLES] cur_s=19.30 cur_d=0.15 vs=0.00 n=0 [none]
1786775372.018 [OBSTACLES] cur_s=19.29 cur_d=0.15 vs=0.00 n=0 [none]
1786775372.610 [OBSTACLES] cur_s=19.30 cur_d=0.15 vs=0.00 n=0 [none]
1786775373.150 [OBSTACLES] cur_s=19.29 cur_d=0.15 vs=0.00 n=0 [none]
1786775373.652 [OBSTACLES] cur_s=19.29 cur_d=0.16 vs=0.00 n=0 [none]
1786775374.173 [OBSTACLES] cur_s=19.29 cur_d=0.16 vs=0.00 n=0 [none]
1786775374.701 [OBSTACLES] cur_s=19.29 cur_d=0.16 vs=0.00 n=0 [none]
1786775375.217 [OBSTACLES] cur_s=19.29 cur_d=0.16 vs=0.00 n=0 [none]
1786775375.765 [OBSTACLES] cur_s=21.73 cur_d=0.08 vs=0.00 n=0 [none]
1786775376.291 [OBSTACLES] cur_s=21.14 cur_d=0.12 vs=0.00 n=0 [none]
1786775376.822 [OBSTACLES] cur_s=21.15 cur_d=0.12 vs=0.00 n=0 [none]
1786775377.376 [OBSTACLES] cur_s=21.14 cur_d=0.12 vs=0.00 n=0 [none]
1786775377.888 [OBSTACLES] cur_s=21.14 cur_d=0.12 vs=0.00 n=0 [none]
1786775378.396 [OBSTACLES] cur_s=21.16 cur_d=0.11 vs=0.16 n=0 [none]
1786775378.922 [OBSTACLES] cur_s=21.66 cur_d=0.05 vs=2.48 n=0 [none]
1786775379.444 [OBSTACLES] cur_s=0.78 cur_d=0.10 vs=2.71 n=0 [none]
1786775380.002 [OBSTACLES] cur_s=1.63 cur_d=0.01 vs=2.62 n=0 [none]
1786775380.256 [STATE_CHANGE] GB_TRACK -> RECOVERY src=RECOVERY s=3.07 d=0.32 vs=2.67
1786775380.554 [OBSTACLES] cur_s=4.07 cur_d=0.24 vs=2.14 n=0 [none]
1786775380.707 [STATE_CHANGE] RECOVERY -> GB_TRACK src=GB_TRACK s=4.27 d=0.04 vs=1.62
1786775380.888 [STATIC_OT] state=GB_TRACK path_exists=0 path_locked=0 path_ttl_ok=0 path_safe=0 on_spline=0 speed=1.51 decision=TRAILING reason=NO_STATIC_PATH
1786775380.888 [STATE_CHANGE] GB_TRACK -> TRAILING src=GB_TRACK s=4.41 d=-0.17 vs=1.51
1786775381.063 [OBSTACLES] cur_s=4.53 cur_d=-0.32 vs=1.44 n=1 [id=1 static=1 gap=7.69m d=-0.11 size=0.36]
1786775381.154 [STATIC_OT] state=TRAILING path_exists=0 path_locked=0 path_ttl_ok=0 path_safe=0 on_spline=0 speed=1.63 decision=TRAILING reason=NO_STATIC_PATH
1786775381.305 [STATE_CHANGE] TRAILING -> RECOVERY src=RECOVERY s=4.96 d=-0.62 vs=1.95
1786775381.581 [OBSTACLES] cur_s=5.36 cur_d=-0.46 vs=2.25 n=0 [none]
1786775381.723 [STATIC_OT] state=RECOVERY path_exists=0 path_locked=0 path_ttl_ok=0 path_safe=0 on_spline=0 speed=2.34 decision=TRAILING reason=NO_STATIC_PATH
1786775381.728 [STATE_CHANGE] RECOVERY -> TRAILING src=RECOVERY s=5.67 d=-0.25 vs=2.34
1786775381.925 [STATIC_OT] state=TRAILING path_exists=0 path_locked=0 path_ttl_ok=0 path_safe=0 on_spline=0 speed=2.52 decision=TRAILING reason=NO_STATIC_PATH
1786775382.016 [STATIC_OT_TRANSITION] first_valid_path_to_overtake_ms=0.0
1786775382.020 [STATE_CHANGE] TRAILING -> OVERTAKE src=OVERTAKE s=6.43 d=0.27 vs=2.54
1786775382.103 [OBSTACLES] cur_s=6.79 cur_d=0.33 vs=2.39 n=1 [id=3 static=1 gap=5.08m d=-0.36 size=0.41]
1786775382.409 [STATIC_OT] state=OVERTAKE path_exists=1 path_locked=1 path_ttl_ok=1 path_safe=0 on_spline=1 speed=2.79 decision=TRAILING reason=PATH_BLOCKED blocked_obs_id=3 gap=4.82m free_dist=-0.135m branch=dyn/nopred (id_mismatch or empty)
1786775382.410 [STATE_CHANGE] OVERTAKE -> TRAILING src=GB_TRACK s=7.39 d=0.11 vs=2.79
1786775382.601 [STATE_CHANGE] TRAILING -> LOSTLINE src=GB_TRACK s=7.89 d=-0.22 vs=2.83
1786775382.694 [OBSTACLES] cur_s=8.22 cur_d=-0.34 vs=2.84 n=0 [none]
1786775382.974 [STATIC_OT] state=GB_TRACK path_exists=0 path_locked=0 path_ttl_ok=0 path_safe=0 on_spline=0 speed=2.91 decision=TRAILING reason=NO_STATIC_PATH
1786775382.974 [STATE_CHANGE] LOSTLINE -> TRAILING src=GB_TRACK s=9.14 d=-0.19 vs=2.91
1786775383.212 [OBSTACLES] cur_s=9.79 cur_d=0.15 vs=2.94 n=1 [id=3 static=1 gap=2.14m d=-0.19 size=0.37]
1786775383.213 [STATIC_OT] state=TRAILING path_exists=0 path_locked=0 path_ttl_ok=0 path_safe=0 on_spline=0 speed=2.94 decision=TRAILING reason=NO_STATIC_PATH
1786775383.431 [STATIC_OT] state=TRAILING path_exists=0 path_locked=0 path_ttl_ok=0 path_safe=0 on_spline=0 speed=2.63 decision=TRAILING reason=NO_STATIC_PATH
1786775383.649 [STATIC_OT] state=TRAILING path_exists=0 path_locked=0 path_ttl_ok=0 path_safe=0 on_spline=0 speed=1.99 decision=TRAILING reason=NO_STATIC_PATH
1786775383.753 [OBSTACLES] cur_s=10.93 cur_d=0.03 vs=1.83 n=1 [id=3 static=1 gap=0.97m d=-0.19 size=0.42]
1786775383.894 [STATIC_OT] state=TRAILING path_exists=0 path_locked=0 path_ttl_ok=0 path_safe=0 on_spline=0 speed=1.50 decision=TRAILING reason=NO_STATIC_PATH
1786775384.051 [STATE_CHANGE] TRAILING -> LOSTLINE src=GB_TRACK s=11.41 d=-0.08 vs=1.18
1786775384.156 [STATE_CHANGE] LOSTLINE -> GB_TRACK src=GB_TRACK s=11.54 d=-0.04 vs=0.82
1786775384.258 [OBSTACLES] cur_s=11.58 cur_d=-0.01 vs=0.57 n=0 [none]
1786775384.790 [OBSTACLES] cur_s=12.22 cur_d=0.04 vs=2.55 n=0 [none]
1786775385.305 [OBSTACLES] cur_s=13.64 cur_d=0.08 vs=2.84 n=0 [none]
1786775385.807 [OBSTACLES] cur_s=15.28 cur_d=0.21 vs=2.38 n=0 [none]
1786775386.144 [STATE_CHANGE] GB_TRACK -> LOSTLINE src=GB_TRACK s=15.88 d=-0.41 vs=2.01
1786775386.328 [OBSTACLES] cur_s=15.97 cur_d=-0.48 vs=2.26 n=0 [none]
1786775386.613 [STATE_CHANGE] LOSTLINE -> GB_TRACK src=GB_TRACK s=16.44 d=-0.12 vs=2.08
1786775386.877 [OBSTACLES] cur_s=17.26 cur_d=0.15 vs=2.37 n=0 [none]
1786775387.382 [OBSTACLES] cur_s=19.14 cur_d=-0.11 vs=3.13 n=0 [none]
1786775387.556 [STATE_CHANGE] GB_TRACK -> LOSTLINE src=GB_TRACK s=19.77 d=-0.33 vs=3.37
1786775387.763 [STATE_CHANGE] LOSTLINE -> RECOVERY src=RECOVERY s=20.35 d=-0.34 vs=3.37
1786775387.911 [OBSTACLES] cur_s=20.81 cur_d=-0.21 vs=3.21 n=0 [none]
1786775388.418 [OBSTACLES] cur_s=0.02 cur_d=0.08 vs=2.76 n=0 [none]
1786775388.562 [STATE_CHANGE] RECOVERY -> GB_TRACK src=GB_TRACK s=0.12 d=0.03 vs=2.60
1786775388.763 [STATE_CHANGE] GB_TRACK -> LOSTLINE src=GB_TRACK s=0.82 d=-0.37 vs=2.23
1786775388.998 [OBSTACLES] cur_s=1.31 cur_d=-0.40 vs=2.39 n=0 [none]
1786775389.282 [STATE_CHANGE] LOSTLINE -> GB_TRACK src=GB_TRACK s=1.85 d=-0.22 vs=2.59
1786775389.526 [OBSTACLES] cur_s=2.44 cur_d=0.06 vs=2.28 n=0 [none]
1786775389.733 [STATE_CHANGE] GB_TRACK -> LOSTLINE src=GB_TRACK s=2.92 d=0.30 vs=2.40
1786775389.977 [STATE_CHANGE] LOSTLINE -> GB_TRACK src=GB_TRACK s=3.49 d=0.29 vs=2.50
1786775390.115 [OBSTACLES] cur_s=3.74 cur_d=0.12 vs=1.94 n=0 [none]
1786775390.334 [STATE_CHANGE] GB_TRACK -> LOSTLINE src=GB_TRACK s=4.06 d=-0.32 vs=1.50
1786775390.378 [STATE_CHANGE] LOSTLINE -> RECOVERY src=RECOVERY s=4.15 d=-0.43 vs=1.56
1786775390.624 [OBSTACLES] cur_s=4.39 cur_d=-0.60 vs=1.75 n=0 [none]
1786775391.139 [OBSTACLES] cur_s=5.25 cur_d=-0.35 vs=2.27 n=0 [none]
1786775391.424 [STATIC_OT] state=RECOVERY path_exists=0 path_locked=0 path_ttl_ok=0 path_safe=0 on_spline=0 speed=2.29 decision=TRAILING reason=NO_STATIC_PATH
1786775391.425 [STATE_CHANGE] RECOVERY -> TRAILING src=GB_TRACK s=5.61 d=0.02 vs=2.29
1786775391.638 [STATIC_OT] state=TRAILING path_exists=0 path_locked=0 path_ttl_ok=0 path_safe=0 on_spline=0 speed=2.71 decision=TRAILING reason=NO_STATIC_PATH
1786775391.737 [OBSTACLES] cur_s=6.43 cur_d=0.31 vs=2.88 n=1 [id=8 static=1 gap=5.50m d=-0.44 size=0.40]
1786775391.922 [STATIC_OT] state=TRAILING path_exists=0 path_locked=0 path_ttl_ok=0 path_safe=0 on_spline=0 speed=2.28 decision=TRAILING reason=NO_STATIC_PATH
1786775392.123 [STATIC_OT] state=TRAILING path_exists=0 path_locked=0 path_ttl_ok=0 path_safe=0 on_spline=0 speed=1.90 decision=TRAILING reason=NO_STATIC_PATH
1786775392.264 [OBSTACLES] cur_s=7.77 cur_d=-0.17 vs=1.55 n=0 [none]
1786775392.264 [STATE_CHANGE] TRAILING -> LOSTLINE src=GB_TRACK s=7.77 d=-0.17 vs=1.55
1786775392.413 [STATIC_OT] state=GB_TRACK path_exists=0 path_locked=0 path_ttl_ok=0 path_safe=0 on_spline=0 speed=1.35 decision=TRAILING reason=NO_STATIC_PATH
1786775392.414 [STATE_CHANGE] LOSTLINE -> TRAILING src=GB_TRACK s=7.90 d=-0.16 vs=1.35
1786775392.693 [STATIC_OT] state=TRAILING path_exists=0 path_locked=0 path_ttl_ok=0 path_safe=0 on_spline=0 speed=1.22 decision=TRAILING reason=NO_STATIC_PATH
1786775392.772 [OBSTACLES] cur_s=8.23 cur_d=0.05 vs=1.24 n=1 [id=8 static=1 gap=3.69m d=-0.28 size=0.39]
1786775392.910 [STATIC_OT] state=TRAILING path_exists=0 path_locked=0 path_ttl_ok=0 path_safe=0 on_spline=0 speed=1.18 decision=TRAILING reason=NO_STATIC_PATH
1786775393.265 [STATIC_OT] state=TRAILING path_exists=0 path_locked=0 path_ttl_ok=0 path_safe=0 on_spline=0 speed=0.34 decision=TRAILING reason=NO_STATIC_PATH
1786775393.362 [OBSTACLES] cur_s=8.73 cur_d=0.02 vs=0.64 n=1 [id=8 static=1 gap=3.24m d=-0.22 size=0.37]
1786775393.574 [STATIC_OT] state=TRAILING path_exists=0 path_locked=0 path_ttl_ok=0 path_safe=0 on_spline=0 speed=0.71 decision=TRAILING reason=NO_STATIC_PATH
1786775393.848 [STATIC_OT] state=TRAILING path_exists=0 path_locked=0 path_ttl_ok=0 path_safe=0 on_spline=0 speed=0.33 decision=TRAILING reason=NO_STATIC_PATH
1786775393.945 [OBSTACLES] cur_s=9.03 cur_d=0.02 vs=0.00 n=1 [id=8 static=1 gap=2.94m d=-0.21 size=0.37]
1786775394.111 [STATIC_OT] state=TRAILING path_exists=0 path_locked=0 path_ttl_ok=0 path_safe=0 on_spline=0 speed=0.31 decision=TRAILING reason=NO_STATIC_PATH
1786775394.376 [STATIC_OT] state=TRAILING path_exists=0 path_locked=0 path_ttl_ok=0 path_safe=0 on_spline=0 speed=0.19 decision=TRAILING reason=NO_STATIC_PATH
1786775394.475 [OBSTACLES] cur_s=9.18 cur_d=0.01 vs=0.42 n=1 [id=8 static=1 gap=2.79m d=-0.21 size=0.37]
1786775394.611 [STATIC_OT] state=TRAILING path_exists=0 path_locked=0 path_ttl_ok=0 path_safe=0 on_spline=0 speed=0.54 decision=TRAILING reason=NO_STATIC_PATH
1786775394.811 [STATIC_OT] state=TRAILING path_exists=0 path_locked=0 path_ttl_ok=0 path_safe=0 on_spline=0 speed=0.53 decision=TRAILING reason=NO_STATIC_PATH
1786775395.037 [OBSTACLES] cur_s=9.47 cur_d=0.00 vs=0.00 n=1 [id=8 static=1 gap=2.49m d=-0.21 size=0.38]
1786775395.049 [STATIC_OT] state=TRAILING path_exists=0 path_locked=0 path_ttl_ok=0 path_safe=0 on_spline=0 speed=0.00 decision=TRAILING reason=NO_STATIC_PATH
1786775395.302 [STATIC_OT] state=TRAILING path_exists=0 path_locked=0 path_ttl_ok=0 path_safe=0 on_spline=0 speed=0.00 decision=TRAILING reason=NO_STATIC_PATH
1786775395.504 [STATIC_OT] state=TRAILING path_exists=0 path_locked=0 path_ttl_ok=0 path_safe=0 on_spline=0 speed=0.00 decision=TRAILING reason=NO_STATIC_PATH
1786775395.600 [OBSTACLES] cur_s=9.53 cur_d=0.00 vs=0.00 n=1 [id=8 static=1 gap=2.45m d=-0.20 size=0.35]
1786775395.713 [STATIC_OT] state=TRAILING path_exists=0 path_locked=0 path_ttl_ok=0 path_safe=0 on_spline=0 speed=0.07 decision=TRAILING reason=NO_STATIC_PATH
1786775395.948 [STATIC_OT] state=TRAILING path_exists=0 path_locked=0 path_ttl_ok=0 path_safe=0 on_spline=0 speed=0.00 decision=TRAILING reason=NO_STATIC_PATH
1786775396.102 [OBSTACLES] cur_s=9.57 cur_d=0.00 vs=0.07 n=1 [id=8 static=1 gap=2.40m d=-0.20 size=0.35]
1786775396.163 [STATIC_OT] state=TRAILING path_exists=0 path_locked=0 path_ttl_ok=0 path_safe=0 on_spline=0 speed=0.00 decision=TRAILING reason=NO_STATIC_PATH
1786775396.426 [STATIC_OT] state=TRAILING path_exists=0 path_locked=0 path_ttl_ok=0 path_safe=0 on_spline=0 speed=0.00 decision=TRAILING reason=NO_STATIC_PATH
1786775396.626 [OBSTACLES] cur_s=9.65 cur_d=0.00 vs=0.07 n=1 [id=8 static=1 gap=2.32m d=-0.20 size=0.35]
1786775396.630 [STATIC_OT] state=TRAILING path_exists=0 path_locked=0 path_ttl_ok=0 path_safe=0 on_spline=0 speed=0.07 decision=TRAILING reason=NO_STATIC_PATH
1786775396.881 [STATIC_OT] state=TRAILING path_exists=0 path_locked=0 path_ttl_ok=0 path_safe=0 on_spline=0 speed=0.23 decision=TRAILING reason=NO_STATIC_PATH
1786775397.175 [OBSTACLES] cur_s=9.76 cur_d=-0.01 vs=0.00 n=1 [id=8 static=1 gap=2.20m d=-0.20 size=0.36]
1786775397.184 [STATIC_OT] state=TRAILING path_exists=0 path_locked=0 path_ttl_ok=0 path_safe=0 on_spline=0 speed=0.00 decision=TRAILING reason=NO_STATIC_PATH
1786775397.447 [STATIC_OT] state=TRAILING path_exists=0 path_locked=0 path_ttl_ok=0 path_safe=0 on_spline=0 speed=0.00 decision=TRAILING reason=NO_STATIC_PATH
1786775397.696 [OBSTACLES] cur_s=9.85 cur_d=-0.01 vs=0.00 n=1 [id=8 static=1 gap=2.11m d=-0.20 size=0.38]
1786775397.706 [STATIC_OT] state=TRAILING path_exists=0 path_locked=0 path_ttl_ok=0 path_safe=0 on_spline=0 speed=0.00 decision=TRAILING reason=NO_STATIC_PATH
1786775397.932 [STATIC_OT] state=TRAILING path_exists=0 path_locked=0 path_ttl_ok=0 path_safe=0 on_spline=0 speed=0.00 decision=TRAILING reason=NO_STATIC_PATH
1786775398.212 [OBSTACLES] cur_s=9.96 cur_d=-0.01 vs=0.27 n=1 [id=8 static=1 gap=2.00m d=-0.20 size=0.37]
1786775398.221 [STATIC_OT] state=TRAILING path_exists=0 path_locked=0 path_ttl_ok=0 path_safe=0 on_spline=0 speed=0.27 decision=TRAILING reason=NO_STATIC_PATH
1786775398.450 [STATIC_OT] state=TRAILING path_exists=0 path_locked=0 path_ttl_ok=0 path_safe=0 on_spline=0 speed=0.20 decision=TRAILING reason=NO_STATIC_PATH
1786775398.654 [STATIC_OT] state=TRAILING path_exists=0 path_locked=0 path_ttl_ok=0 path_safe=0 on_spline=0 speed=0.10 decision=TRAILING reason=NO_STATIC_PATH
1786775398.731 [OBSTACLES] cur_s=10.07 cur_d=-0.00 vs=0.07 n=1 [id=8 static=1 gap=1.89m d=-0.20 size=0.37]
1786775398.905 [STATIC_OT] state=TRAILING path_exists=0 path_locked=0 path_ttl_ok=0 path_safe=0 on_spline=0 speed=0.00 decision=TRAILING reason=NO_STATIC_PATH
1786775399.174 [STATIC_OT] state=TRAILING path_exists=0 path_locked=0 path_ttl_ok=0 path_safe=0 on_spline=0 speed=0.21 decision=TRAILING reason=NO_STATIC_PATH
1786775399.302 [OBSTACLES] cur_s=10.19 cur_d=-0.01 vs=0.07 n=1 [id=8 static=1 gap=1.77m d=-0.20 size=0.37]
1786775399.433 [STATIC_OT] state=TRAILING path_exists=0 path_locked=0 path_ttl_ok=0 path_safe=0 on_spline=0 speed=0.20 decision=TRAILING reason=NO_STATIC_PATH
1786775399.666 [STATIC_OT] state=TRAILING path_exists=0 path_locked=0 path_ttl_ok=0 path_safe=0 on_spline=0 speed=0.00 decision=TRAILING reason=NO_STATIC_PATH
1786775399.849 [OBSTACLES] cur_s=10.27 cur_d=-0.00 vs=0.00 n=1 [id=8 static=1 gap=1.69m d=-0.21 size=0.38]
1786775399.932 [STATIC_OT] state=TRAILING path_exists=0 path_locked=0 path_ttl_ok=0 path_safe=0 on_spline=0 speed=0.00 decision=TRAILING reason=NO_STATIC_PATH
1786775400.160 [STATIC_OT] state=TRAILING path_exists=0 path_locked=0 path_ttl_ok=0 path_safe=0 on_spline=0 speed=0.00 decision=TRAILING reason=NO_STATIC_PATH
1786775400.353 [OBSTACLES] cur_s=10.38 cur_d=-0.01 vs=0.32 n=1 [id=8 static=1 gap=1.59m d=-0.21 size=0.36]
1786775400.364 [STATIC_OT] state=TRAILING path_exists=0 path_locked=0 path_ttl_ok=0 path_safe=0 on_spline=0 speed=0.32 decision=TRAILING reason=NO_STATIC_PATH
1786775400.585 [STATIC_OT] state=TRAILING path_exists=0 path_locked=0 path_ttl_ok=0 path_safe=0 on_spline=0 speed=0.17 decision=TRAILING reason=NO_STATIC_PATH
1786775400.868 [STATIC_OT] state=TRAILING path_exists=0 path_locked=0 path_ttl_ok=0 path_safe=0 on_spline=0 speed=0.10 decision=TRAILING reason=NO_STATIC_PATH
1786775400.965 [OBSTACLES] cur_s=10.56 cur_d=0.00 vs=0.00 n=1 [id=8 static=1 gap=1.41m d=-0.21 size=0.36]
1786775401.094 [STATIC_OT] state=TRAILING path_exists=0 path_locked=0 path_ttl_ok=0 path_safe=0 on_spline=0 speed=0.00 decision=TRAILING reason=NO_STATIC_PATH
1786775401.418 [STATIC_OT] state=TRAILING path_exists=0 path_locked=0 path_ttl_ok=0 path_safe=0 on_spline=0 speed=0.00 decision=TRAILING reason=NO_STATIC_PATH
1786775401.552 [OBSTACLES] cur_s=10.64 cur_d=0.00 vs=0.00 n=1 [id=8 static=1 gap=1.32m d=-0.21 size=0.37]
1786775401.683 [STATIC_OT] state=TRAILING path_exists=0 path_locked=0 path_ttl_ok=0 path_safe=0 on_spline=0 speed=0.00 decision=TRAILING reason=NO_STATIC_PATH
1786775401.940 [STATIC_OT] state=TRAILING path_exists=0 path_locked=0 path_ttl_ok=0 path_safe=0 on_spline=0 speed=0.00 decision=TRAILING reason=NO_STATIC_PATH
1786775402.100 [OBSTACLES] cur_s=10.72 cur_d=0.00 vs=0.00 n=1 [id=8 static=1 gap=1.24m d=-0.21 size=0.36]
1786775402.141 [STATIC_OT] state=TRAILING path_exists=0 path_locked=0 path_ttl_ok=0 path_safe=0 on_spline=0 speed=0.00 decision=TRAILING reason=NO_STATIC_PATH
1786775402.427 [STATIC_OT] state=TRAILING path_exists=0 path_locked=0 path_ttl_ok=0 path_safe=0 on_spline=0 speed=0.00 decision=TRAILING reason=NO_STATIC_PATH
1786775402.640 [OBSTACLES] cur_s=10.78 cur_d=0.01 vs=0.27 n=1 [id=8 static=1 gap=1.18m d=-0.21 size=0.37]
1786775402.650 [STATIC_OT] state=TRAILING path_exists=0 path_locked=0 path_ttl_ok=0 path_safe=0 on_spline=0 speed=0.27 decision=TRAILING reason=NO_STATIC_PATH
1786775402.871 [STATIC_OT] state=TRAILING path_exists=0 path_locked=0 path_ttl_ok=0 path_safe=0 on_spline=0 speed=0.15 decision=TRAILING reason=NO_STATIC_PATH
1786775403.078 [STATIC_OT] state=TRAILING path_exists=0 path_locked=0 path_ttl_ok=0 path_safe=0 on_spline=0 speed=0.00 decision=TRAILING reason=NO_STATIC_PATH
1786775403.200 [OBSTACLES] cur_s=10.84 cur_d=0.01 vs=0.19 n=1 [id=8 static=1 gap=1.12m d=-0.21 size=0.38]
1786775403.335 [STATIC_OT] state=TRAILING path_exists=0 path_locked=0 path_ttl_ok=0 path_safe=0 on_spline=0 speed=0.00 decision=TRAILING reason=NO_STATIC_PATH
1786775403.598 [STATIC_OT] state=TRAILING path_exists=0 path_locked=0 path_ttl_ok=0 path_safe=0 on_spline=0 speed=0.00 decision=TRAILING reason=NO_STATIC_PATH
1786775403.767 [OBSTACLES] cur_s=10.88 cur_d=0.01 vs=0.00 n=1 [id=8 static=1 gap=1.08m d=-0.21 size=0.38]
1786775403.846 [STATIC_OT] state=TRAILING path_exists=0 path_locked=0 path_ttl_ok=0 path_safe=0 on_spline=0 speed=0.00 decision=TRAILING reason=NO_STATIC_PATH
1786775404.065 [STATIC_OT] state=TRAILING path_exists=0 path_locked=0 path_ttl_ok=0 path_safe=0 on_spline=0 speed=0.00 decision=TRAILING reason=NO_STATIC_PATH
1786775404.323 [OBSTACLES] cur_s=10.96 cur_d=0.01 vs=0.00 n=1 [id=8 static=1 gap=1.00m d=-0.21 size=0.39]
1786775404.333 [STATIC_OT] state=TRAILING path_exists=0 path_locked=0 path_ttl_ok=0 path_safe=0 on_spline=0 speed=0.00 decision=TRAILING reason=NO_STATIC_PATH
1786775404.681 [STATIC_OT] state=TRAILING path_exists=0 path_locked=0 path_ttl_ok=0 path_safe=0 on_spline=0 speed=0.00 decision=TRAILING reason=NO_STATIC_PATH
1786775404.831 [OBSTACLES] cur_s=11.08 cur_d=0.02 vs=0.00 n=1 [id=8 static=1 gap=0.89m d=-0.21 size=0.37]
1786775404.910 [STATIC_OT] state=TRAILING path_exists=0 path_locked=0 path_ttl_ok=0 path_safe=0 on_spline=0 speed=0.00 decision=TRAILING reason=NO_STATIC_PATH
1786775405.112 [STATIC_OT] state=TRAILING path_exists=0 path_locked=0 path_ttl_ok=0 path_safe=0 on_spline=0 speed=0.14 decision=TRAILING reason=NO_STATIC_PATH
1786775405.315 [STATIC_OT] state=TRAILING path_exists=0 path_locked=0 path_ttl_ok=0 path_safe=0 on_spline=0 speed=0.00 decision=TRAILING reason=NO_STATIC_PATH
1786775405.342 [OBSTACLES] cur_s=11.12 cur_d=0.02 vs=0.00 n=1 [id=8 static=1 gap=0.82m d=-0.21 size=0.41]
1786775405.349 [STATE_CHANGE] TRAILING -> OVERTAKE src=OVERTAKE s=11.12 d=0.02 vs=0.00
1786775405.901 [OBSTACLES] cur_s=11.34 cur_d=0.07 vs=1.37 n=1 [id=8 static=1 gap=0.61m d=-0.21 size=0.39]
1786775406.413 [OBSTACLES] cur_s=12.38 cur_d=0.24 vs=2.40 n=0 [none]
1786775406.999 [OBSTACLES] cur_s=13.70 cur_d=0.01 vs=2.16 n=0 [none]
1786775407.509 [OBSTACLES] cur_s=15.13 cur_d=0.28 vs=2.31 n=0 [none]
1786775408.053 [OBSTACLES] cur_s=16.25 cur_d=-0.25 vs=1.91 n=0 [none]
1786775408.598 [OBSTACLES] cur_s=16.73 cur_d=-0.16 vs=2.13 n=0 [none]
1786775408.975 [STATE_CHANGE] OVERTAKE -> LOSTLINE src=GB_TRACK s=17.60 d=0.42 vs=2.77
1786775409.208 [OBSTACLES] cur_s=18.15 cur_d=0.67 vs=3.30 n=0 [none]
1786775409.362 [STATIC_OT] state=GB_TRACK path_exists=0 path_locked=0 path_ttl_ok=0 path_safe=0 on_spline=0 speed=2.86 decision=TRAILING reason=NO_STATIC_PATH
1786775409.364 [STATE_CHANGE] LOSTLINE -> TRAILING src=GB_TRACK s=18.12 d=0.82 vs=2.86
1786775409.671 [STATIC_OT] state=TRAILING path_exists=0 path_locked=0 path_ttl_ok=0 path_safe=0 on_spline=0 speed=1.33 decision=TRAILING reason=NO_STATIC_PATH
1786775409.776 [OBSTACLES] cur_s=18.68 cur_d=0.02 vs=0.90 n=0 [none]
1786775409.778 [STATE_CHANGE] TRAILING -> GB_TRACK src=GB_TRACK s=18.68 d=0.02 vs=0.90
1786775410.007 [STATE_CHANGE] GB_TRACK -> LOSTLINE src=GB_TRACK s=18.95 d=-0.38 vs=0.64
1786775410.318 [OBSTACLES] cur_s=19.94 cur_d=-0.67 vs=0.82 n=0 [none]
1786775410.843 [OBSTACLES] cur_s=20.12 cur_d=-0.73 vs=0.16 n=0 [none]
1786775411.355 [OBSTACLES] cur_s=20.17 cur_d=-0.74 vs=0.47 n=0 [none]
1786775411.859 [OBSTACLES] cur_s=20.11 cur_d=-0.71 vs=0.00 n=0 [none]
1786775412.359 [OBSTACLES] cur_s=20.09 cur_d=-0.71 vs=0.00 n=0 [none]
1786775412.893 [OBSTACLES] cur_s=19.72 cur_d=-0.38 vs=-1.23 n=0 [none]
1786775413.412 [OBSTACLES] cur_s=19.38 cur_d=-0.37 vs=-0.25 n=0 [none]
1786775413.873 [STATE_CHANGE] LOSTLINE -> GB_TRACK src=GB_TRACK s=18.83 d=-0.28 vs=1.33
1786775413.913 [OBSTACLES] cur_s=18.87 cur_d=-0.26 vs=1.47 n=0 [none]
1786775414.428 [OBSTACLES] cur_s=19.72 cur_d=-0.00 vs=3.28 n=0 [none]
1786775414.723 [STATE_CHANGE] GB_TRACK -> LOSTLINE src=GB_TRACK s=22.02 d=-0.29 vs=3.39
1786775415.074 [OBSTACLES] cur_s=0.58 cur_d=-0.25 vs=2.58 n=0 [none]
1786775415.075 [STATE_CHANGE] LOSTLINE -> GB_TRACK src=GB_TRACK s=0.58 d=-0.25 vs=2.58
1786775415.552 [STATE_CHANGE] GB_TRACK -> LOSTLINE src=GB_TRACK s=1.51 d=0.29 vs=2.28
1786775415.605 [OBSTACLES] cur_s=1.74 cur_d=0.33 vs=2.44 n=0 [none]
1786775415.674 [STATE_CHANGE] LOSTLINE -> GB_TRACK src=GB_TRACK s=2.03 d=0.28 vs=2.45
1786775416.172 [OBSTACLES] cur_s=2.75 cur_d=-0.29 vs=2.04 n=0 [none]
1786775416.223 [STATE_CHANGE] GB_TRACK -> LOSTLINE src=GB_TRACK s=2.84 d=-0.34 vs=2.10
1786775416.715 [OBSTACLES] cur_s=3.72 cur_d=-0.48 vs=2.38 n=0 [none]
1786775416.873 [STATE_CHANGE] LOSTLINE -> GB_TRACK src=GB_TRACK s=4.33 d=-0.08 vs=1.92
1786775417.162 [STATIC_OT] state=GB_TRACK path_exists=0 path_locked=0 path_ttl_ok=0 path_safe=0 on_spline=0 speed=1.66 decision=TRAILING reason=NO_STATIC_PATH
1786775417.167 [STATE_CHANGE] GB_TRACK -> TRAILING src=GB_TRACK s=4.74 d=0.33 vs=1.66
1786775417.223 [OBSTACLES] cur_s=4.87 cur_d=0.39 vs=1.88 n=1 [id=14 static=1 gap=7.01m d=-0.51 size=0.42]
1786775417.399 [STATIC_OT] state=TRAILING path_exists=0 path_locked=0 path_ttl_ok=0 path_safe=0 on_spline=0 speed=2.26 decision=TRAILING reason=NO_STATIC_PATH
1786775417.495 [STATE_CHANGE] TRAILING -> LOSTLINE src=GB_TRACK s=5.51 d=0.29 vs=1.94
1786775417.549 [STATE_CHANGE] LOSTLINE -> TRAILING src=GB_TRACK s=5.59 d=0.23 vs=1.87
1786775417.611 [STATIC_OT] state=TRAILING path_exists=0 path_locked=0 path_ttl_ok=0 path_safe=0 on_spline=0 speed=1.82 decision=TRAILING reason=NO_STATIC_PATH
1786775417.699 [STATE_CHANGE] TRAILING -> RECOVERY src=RECOVERY s=5.93 d=-0.12 vs=1.93
1786775417.766 [OBSTACLES] cur_s=6.00 cur_d=-0.17 vs=2.10 n=0 [none]
1786775417.851 [STATIC_OT] state=RECOVERY path_exists=0 path_locked=0 path_ttl_ok=0 path_safe=0 on_spline=0 speed=2.35 decision=TRAILING reason=NO_STATIC_PATH
1786775417.852 [STATE_CHANGE] RECOVERY -> TRAILING src=RECOVERY s=6.09 d=-0.23 vs=2.35
1786775417.952 [STATE_CHANGE] TRAILING -> RECOVERY src=RECOVERY s=6.40 d=-0.30 vs=2.63
1786775418.060 [STATIC_OT] state=RECOVERY path_exists=0 path_locked=0 path_ttl_ok=0 path_safe=0 on_spline=0 speed=2.76 decision=TRAILING reason=NO_STATIC_PATH
1786775418.061 [STATE_CHANGE] RECOVERY -> TRAILING src=RECOVERY s=6.81 d=-0.28 vs=2.76
1786775418.273 [STATIC_OT] state=TRAILING path_exists=0 path_locked=0 path_ttl_ok=0 path_safe=0 on_spline=0 speed=2.80 decision=TRAILING reason=NO_STATIC_PATH
1786775418.356 [OBSTACLES] cur_s=7.51 cur_d=-0.07 vs=2.94 n=1 [id=14 static=0 gap=4.50m d=-0.34 size=0.39]
1786775418.595 [STATIC_OT] state=TRAILING path_exists=0 path_locked=0 path_ttl_ok=0 path_safe=0 on_spline=0 speed=3.14 decision=TRAILING reason=NO_STATIC_PATH
1786775418.724 [STATE_CHANGE] TRAILING -> LOSTLINE src=GB_TRACK s=8.72 d=-0.08 vs=2.76
1786775418.855 [STATIC_OT] state=GB_TRACK path_exists=0 path_locked=0 path_ttl_ok=0 path_safe=0 on_spline=0 speed=2.45 decision=TRAILING reason=NO_STATIC_PATH
1786775418.856 [STATE_CHANGE] LOSTLINE -> TRAILING src=GB_TRACK s=9.06 d=-0.13 vs=2.45
1786775418.980 [OBSTACLES] cur_s=9.47 cur_d=-0.16 vs=2.46 n=1 [id=14 static=0 gap=2.54m d=-0.16 size=0.38]
1786775419.153 [STATIC_OT] state=TRAILING path_exists=0 path_locked=0 path_ttl_ok=0 path_safe=0 on_spline=0 speed=2.42 decision=TRAILING reason=NO_STATIC_PATH
1786775419.336 [STATE_CHANGE] TRAILING -> GB_TRACK src=GB_TRACK s=10.23 d=-0.02 vs=2.13
1786775419.366 [STATIC_OT] state=GB_TRACK path_exists=0 path_locked=0 path_ttl_ok=0 path_safe=0 on_spline=0 speed=2.07 decision=TRAILING reason=NO_STATIC_PATH
1786775419.367 [STATE_CHANGE] GB_TRACK -> TRAILING src=GB_TRACK s=10.28 d=-0.01 vs=2.07
1786775419.492 [OBSTACLES] cur_s=10.43 cur_d=0.02 vs=1.91 n=1 [id=14 static=0 gap=1.44m d=-0.25 size=0.38]
1786775419.562 [STATE_CHANGE] TRAILING -> GB_TRACK src=GB_TRACK s=10.56 d=0.04 vs=1.77
1786775419.652 [STATIC_OT] state=GB_TRACK path_exists=0 path_locked=0 path_ttl_ok=0 path_safe=0 on_spline=0 speed=1.55 decision=TRAILING reason=NO_STATIC_PATH
1786775419.653 [STATE_CHANGE] GB_TRACK -> TRAILING src=GB_TRACK s=10.71 d=0.05 vs=1.55
1786775419.873 [STATIC_OT] state=TRAILING path_exists=0 path_locked=0 path_ttl_ok=0 path_safe=0 on_spline=0 speed=1.21 decision=TRAILING reason=NO_STATIC_PATH
1786775420.106 [OBSTACLES] cur_s=11.17 cur_d=-0.03 vs=0.19 n=1 [id=14 static=1 gap=0.79m d=-0.21 size=0.38]
1786775420.123 [STATIC_OT] state=TRAILING path_exists=0 path_locked=0 path_ttl_ok=0 path_safe=0 on_spline=0 speed=0.19 decision=TRAILING reason=NO_STATIC_PATH
1786775420.365 [STATIC_OT] state=TRAILING path_exists=0 path_locked=0 path_ttl_ok=0 path_safe=0 on_spline=0 speed=0.46 decision=TRAILING reason=NO_STATIC_PATH
1786775420.585 [STATIC_OT] state=TRAILING path_exists=0 path_locked=0 path_ttl_ok=0 path_safe=0 on_spline=0 speed=0.00 decision=TRAILING reason=NO_STATIC_PATH
1786775420.744 [OBSTACLES] cur_s=11.36 cur_d=0.01 vs=0.00 n=1 [id=14 static=1 gap=0.59m d=-0.22 size=0.37]
1786775420.802 [STATIC_OT] state=TRAILING path_exists=0 path_locked=0 path_ttl_ok=0 path_safe=0 on_spline=0 speed=0.00 decision=TRAILING reason=NO_STATIC_PATH
1786775421.028 [STATIC_OT] state=TRAILING path_exists=0 path_locked=0 path_ttl_ok=0 path_safe=0 on_spline=0 speed=0.00 decision=TRAILING reason=NO_STATIC_PATH
1786775421.238 [STATIC_OT] state=TRAILING path_exists=0 path_locked=0 path_ttl_ok=0 path_safe=0 on_spline=0 speed=0.00 decision=TRAILING reason=NO_STATIC_PATH
1786775421.284 [OBSTACLES] cur_s=11.40 cur_d=0.02 vs=0.09 n=1 [id=14 static=1 gap=0.54m d=-0.22 size=0.38]
1786775421.508 [STATIC_OT] state=TRAILING path_exists=0 path_locked=0 path_ttl_ok=0 path_safe=0 on_spline=0 speed=0.22 decision=TRAILING reason=NO_STATIC_PATH
1786775421.713 [STATIC_OT] state=TRAILING path_exists=0 path_locked=0 path_ttl_ok=0 path_safe=0 on_spline=0 speed=0.00 decision=TRAILING reason=NO_STATIC_PATH
1786775421.832 [OBSTACLES] cur_s=11.49 cur_d=0.03 vs=0.00 n=1 [id=14 static=1 gap=0.44m d=-0.22 size=0.42]
1786775422.032 [STATIC_OT] state=TRAILING path_exists=0 path_locked=0 path_ttl_ok=0 path_safe=0 on_spline=0 speed=0.00 decision=TRAILING reason=NO_STATIC_PATH
1786775422.265 [STATIC_OT] state=TRAILING path_exists=0 path_locked=0 path_ttl_ok=0 path_safe=0 on_spline=0 speed=0.00 decision=TRAILING reason=NO_STATIC_PATH
1786775422.433 [OBSTACLES] cur_s=11.52 cur_d=0.03 vs=0.00 n=1 [id=14 static=1 gap=0.39m d=-0.22 size=0.43]
1786775422.579 [STATE_CHANGE] TRAILING -> GB_TRACK src=GB_TRACK s=11.54 d=0.04 vs=0.00
1786775422.943 [OBSTACLES] cur_s=11.66 cur_d=0.03 vs=0.35 n=0 [none]
1786775423.507 [OBSTACLES] cur_s=12.78 cur_d=-0.01 vs=2.70 n=0 [none]
1786775424.019 [OBSTACLES] cur_s=14.36 cur_d=0.27 vs=2.73 n=0 [none]
1786775424.548 [OBSTACLES] cur_s=15.64 cur_d=-0.17 vs=1.90 n=0 [none]
1786775425.174 [OBSTACLES] cur_s=16.74 cur_d=-0.03 vs=2.22 n=0 [none]
1786775425.606 [STATE_CHANGE] GB_TRACK -> LOSTLINE src=GB_TRACK s=17.16 d=0.31 vs=3.33
1786775425.692 [OBSTACLES] cur_s=17.23 cur_d=0.32 vs=3.35 n=0 [none]
1786775425.804 [STATE_CHANGE] LOSTLINE -> GB_TRACK src=GB_TRACK s=17.69 d=0.28 vs=3.30
1786775425.967 [STATE_CHANGE] GB_TRACK -> LOSTLINE src=GB_TRACK s=19.35 d=-0.34 vs=3.01
1786775426.235 [OBSTACLES] cur_s=19.93 cur_d=-0.65 vs=3.32 n=0 [none]
1786775426.747 [OBSTACLES] cur_s=19.97 cur_d=-0.48 vs=1.58 n=0 [none]
1786775427.100 [STATE_CHANGE] LOSTLINE -> GB_TRACK src=GB_TRACK s=21.09 d=-0.20 vs=2.11
1786775427.254 [OBSTACLES] cur_s=20.99 cur_d=-0.11 vs=3.01 n=0 [none]
1786775427.620 [STATE_CHANGE] GB_TRACK -> LOSTLINE src=GB_TRACK s=0.40 d=-0.33 vs=2.88
1786775427.786 [OBSTACLES] cur_s=0.83 cur_d=-0.62 vs=2.29 n=0 [none]
1786775428.218 [STATE_CHANGE] LOSTLINE -> RECOVERY src=RECOVERY s=1.53 d=-0.67 vs=1.86
1786775428.296 [OBSTACLES] cur_s=1.57 cur_d=-0.63 vs=1.84 n=0 [none]
1786775428.680 [STATE_CHANGE] RECOVERY -> GB_TRACK src=GB_TRACK s=2.01 d=-0.01 vs=1.97
1786775428.817 [OBSTACLES] cur_s=2.40 cur_d=0.25 vs=2.59 n=0 [none]
1786775428.853 [STATE_CHANGE] GB_TRACK -> RECOVERY src=RECOVERY s=2.56 d=0.32 vs=2.82
1786775429.319 [OBSTACLES] cur_s=3.75 cur_d=0.02 vs=1.76 n=0 [none]
1786775429.320 [STATE_CHANGE] RECOVERY -> GB_TRACK src=GB_TRACK s=3.75 d=0.02 vs=1.76
1786775429.472 [STATE_CHANGE] GB_TRACK -> LOSTLINE src=GB_TRACK s=4.03 d=-0.40 vs=1.64
1786775429.735 [STATE_CHANGE] LOSTLINE -> RECOVERY src=RECOVERY s=4.37 d=-0.59 vs=1.66
1786775429.835 [OBSTACLES] cur_s=4.53 cur_d=-0.63 vs=1.84 n=0 [none]
1786775430.424 [OBSTACLES] cur_s=5.52 cur_d=-0.00 vs=2.56 n=1 [id=20 static=1 gap=6.68m d=-0.65 size=0.16]
1786775430.432 [STATE_CHANGE] RECOVERY -> GB_TRACK src=GB_TRACK s=5.52 d=-0.00 vs=2.56
1786775430.989 [OBSTACLES] cur_s=7.03 cur_d=-0.00 vs=3.16 n=0 [none]
1786775431.061 [STATIC_OT] state=GB_TRACK path_exists=0 path_locked=0 path_ttl_ok=0 path_safe=0 on_spline=0 speed=3.16 decision=TRAILING reason=NO_STATIC_PATH
1786775431.092 [STATE_CHANGE] GB_TRACK -> TRAILING src=GB_TRACK s=7.28 d=-0.12 vs=3.16
1786775431.245 [STATE_CHANGE] TRAILING -> LOSTLINE src=GB_TRACK s=8.12 d=-0.38 vs=3.40
1786775431.367 [STATIC_OT] state=GB_TRACK path_exists=0 path_locked=0 path_ttl_ok=0 path_safe=0 on_spline=0 speed=3.10 decision=TRAILING reason=NO_STATIC_PATH
1786775431.367 [STATE_CHANGE] LOSTLINE -> TRAILING src=GB_TRACK s=8.46 d=-0.37 vs=3.10
1786775431.544 [OBSTACLES] cur_s=8.80 cur_d=-0.30 vs=2.98 n=1 [id=21 static=0 gap=3.29m d=-0.47 size=0.40]
1786775431.637 [STATIC_OT] state=TRAILING path_exists=0 path_locked=0 path_ttl_ok=0 path_safe=0 on_spline=0 speed=2.89 decision=TRAILING reason=NO_STATIC_PATH
1786775431.712 [STATE_CHANGE] TRAILING -> LOSTLINE src=GB_TRACK s=9.25 d=-0.10 vs=2.74
1786775431.804 [STATE_CHANGE] LOSTLINE -> TRAILING src=GB_TRACK s=9.51 d=0.00 vs=2.63
1786775431.893 [STATIC_OT] state=TRAILING path_exists=0 path_locked=0 path_ttl_ok=0 path_safe=0 on_spline=0 speed=2.50 decision=TRAILING reason=NO_STATIC_PATH
1786775432.075 [OBSTACLES] cur_s=10.23 cur_d=0.02 vs=1.99 n=1 [id=21 static=1 gap=1.95m d=-0.41 size=0.39]
1786775432.191 [STATIC_OT] state=TRAILING path_exists=0 path_locked=0 path_ttl_ok=0 path_safe=0 on_spline=0 speed=1.88 decision=TRAILING reason=NO_STATIC_PATH
1786775432.408 [STATIC_OT] state=TRAILING path_exists=0 path_locked=0 path_ttl_ok=0 path_safe=0 on_spline=0 speed=1.35 decision=TRAILING reason=NO_STATIC_PATH
1786775432.560 [STATE_CHANGE] TRAILING -> GB_TRACK src=GB_TRACK s=10.84 d=-0.04 vs=1.03
1786775432.680 [OBSTACLES] cur_s=10.94 cur_d=0.01 vs=0.67 n=0 [none]
1786775433.215 [OBSTACLES] cur_s=11.43 cur_d=0.08 vs=2.04 n=1 [id=22 static=1 gap=0.79m d=-0.36 size=0.35]
1786775433.229 [STATIC_OT] state=GB_TRACK path_exists=0 path_locked=0 path_ttl_ok=0 path_safe=0 on_spline=0 speed=2.04 decision=TRAILING reason=NO_STATIC_PATH
1786775433.230 [STATE_CHANGE] GB_TRACK -> TRAILING src=GB_TRACK s=11.43 d=0.08 vs=2.04
1786775433.480 [STATIC_OT] state=TRAILING path_exists=0 path_locked=0 path_ttl_ok=0 path_safe=0 on_spline=0 speed=2.74 decision=TRAILING reason=NO_STATIC_PATH
1786775433.603 [STATE_CHANGE] TRAILING -> LOSTLINE src=GB_TRACK s=12.49 d=-0.08 vs=2.54
1786775433.683 [STATE_CHANGE] LOSTLINE -> GB_TRACK src=GB_TRACK s=12.71 d=-0.05 vs=2.29
1786775433.786 [OBSTACLES] cur_s=12.89 cur_d=-0.01 vs=2.56 n=0 [none]
1786775434.306 [OBSTACLES] cur_s=14.26 cur_d=0.24 vs=2.76 n=0 [none]
1786775434.889 [OBSTACLES] cur_s=15.77 cur_d=-0.08 vs=2.21 n=0 [none]
1786775435.424 [OBSTACLES] cur_s=17.05 cur_d=0.26 vs=2.67 n=0 [none]
1786775435.685 [STATE_CHANGE] GB_TRACK -> LOSTLINE src=GB_TRACK s=16.78 d=0.29 vs=3.05
1786775435.748 [STATE_CHANGE] LOSTLINE -> RECOVERY src=RECOVERY s=16.82 d=0.31 vs=3.20
1786775436.154 [OBSTACLES] cur_s=19.22 cur_d=-0.26 vs=3.24 n=0 [none]
1786775436.714 [OBSTACLES] cur_s=21.28 cur_d=-0.10 vs=3.25 n=0 [none]
1786775436.774 [STATE_CHANGE] RECOVERY -> GB_TRACK src=GB_TRACK s=21.47 d=-0.05 vs=3.10
1786775437.256 [OBSTACLES] cur_s=0.39 cur_d=-0.11 vs=2.67 n=0 [none]
1786775437.777 [OBSTACLES] cur_s=1.61 cur_d=-0.05 vs=2.56 n=0 [none]
1786775438.154 [STATE_CHANGE] GB_TRACK -> LOSTLINE src=GB_TRACK s=2.60 d=0.29 vs=2.64
1786775438.209 [STATE_CHANGE] LOSTLINE -> RECOVERY src=RECOVERY s=2.79 d=0.30 vs=2.69
1786775438.332 [OBSTACLES] cur_s=2.89 cur_d=0.30 vs=2.71 n=0 [none]
1786775438.544 [STATE_CHANGE] RECOVERY -> GB_TRACK src=GB_TRACK s=3.68 d=0.04 vs=2.33
1786775438.880 [OBSTACLES] cur_s=4.34 cur_d=-0.02 vs=2.04 n=0 [none]
1786775439.453 [OBSTACLES] cur_s=5.69 cur_d=0.27 vs=2.69 n=0 [none]
1786775439.978 [OBSTACLES] cur_s=7.14 cur_d=0.05 vs=3.34 n=0 [none]
1786775440.159 [STATIC_OT] state=GB_TRACK path_exists=0 path_locked=0 path_ttl_ok=0 path_safe=0 on_spline=0 speed=3.40 decision=TRAILING reason=NO_STATIC_PATH
1786775440.166 [STATE_CHANGE] GB_TRACK -> TRAILING src=GB_TRACK s=7.86 d=-0.09 vs=3.40
1786775440.435 [STATIC_OT] state=TRAILING path_exists=0 path_locked=0 path_ttl_ok=0 path_safe=0 on_spline=0 speed=3.43 decision=TRAILING reason=NO_STATIC_PATH
1786775440.576 [OBSTACLES] cur_s=9.05 cur_d=-0.13 vs=3.36 n=1 [id=23 static=1 gap=3.39m d=0.14 size=0.41]
1786775440.796 [STATIC_OT] state=TRAILING path_exists=0 path_locked=0 path_ttl_ok=0 path_safe=0 on_spline=0 speed=2.68 decision=TRAILING reason=NO_STATIC_PATH
1786775441.041 [STATE_CHANGE] TRAILING -> GB_TRACK src=GB_TRACK s=10.38 d=0.03 vs=2.38
1786775441.256 [OBSTACLES] cur_s=10.79 cur_d=0.04 vs=1.89 n=0 [none]
1786775441.792 [OBSTACLES] cur_s=12.24 cur_d=0.12 vs=2.71 n=0 [none]
1786775442.431 [OBSTACLES] cur_s=13.75 cur_d=0.09 vs=2.84 n=0 [none]
1786775442.947 [OBSTACLES] cur_s=15.49 cur_d=0.06 vs=2.41 n=0 [none]
1786775443.034 [STATIC_OT] state=GB_TRACK path_exists=0 path_locked=0 path_ttl_ok=0 path_safe=0 on_spline=0 speed=2.38 decision=TRAILING reason=NO_STATIC_PATH
1786775443.036 [STATE_CHANGE] GB_TRACK -> TRAILING src=GB_TRACK s=15.58 d=0.10 vs=2.38
1786775443.284 [STATIC_OT] state=TRAILING path_exists=0 path_locked=0 path_ttl_ok=0 path_safe=0 on_spline=0 speed=2.30 decision=TRAILING reason=NO_STATIC_PATH
1786775443.368 [STATE_CHANGE] TRAILING -> LOSTLINE src=GB_TRACK s=16.20 d=0.17 vs=2.13
1786775443.427 [STATE_CHANGE] LOSTLINE -> GB_TRACK src=GB_TRACK s=16.26 d=0.14 vs=2.10
1786775443.631 [OBSTACLES] cur_s=16.37 cur_d=0.15 vs=2.02 n=0 [none]
1786775444.142 [OBSTACLES] cur_s=16.86 cur_d=0.20 vs=2.96 n=0 [none]
1786775444.558 [STATIC_OT] state=GB_TRACK path_exists=0 path_locked=0 path_ttl_ok=0 path_safe=0 on_spline=0 speed=3.30 decision=TRAILING reason=NO_STATIC_PATH
1786775444.558 [STATE_CHANGE] GB_TRACK -> TRAILING src=GB_TRACK s=18.59 d=0.02 vs=3.30
1786775444.711 [OBSTACLES] cur_s=19.52 cur_d=-0.12 vs=3.32 n=1 [id=29 static=0 gap=4.46m d=0.07 size=0.32]
1786775444.816 [STATIC_OT] state=TRAILING path_exists=0 path_locked=0 path_ttl_ok=0 path_safe=0 on_spline=0 speed=3.14 decision=TRAILING reason=NO_STATIC_PATH
1786775444.891 [STATE_CHANGE] TRAILING -> LOSTLINE src=GB_TRACK s=20.51 d=-0.30 vs=3.21
1786775445.106 [STATE_CHANGE] LOSTLINE -> GB_TRACK src=GB_TRACK s=20.94 d=-0.28 vs=3.02
1786775445.300 [OBSTACLES] cur_s=21.81 cur_d=-0.12 vs=2.95 n=0 [none]
1786775445.823 [OBSTACLES] cur_s=0.89 cur_d=-0.17 vs=2.19 n=0 [none]
1786775446.382 [OBSTACLES] cur_s=1.97 cur_d=-0.14 vs=2.63 n=0 [none]
1786775446.797 [STATE_CHANGE] GB_TRACK -> LOSTLINE src=GB_TRACK s=2.99 d=0.29 vs=2.48
1786775446.912 [OBSTACLES] cur_s=3.36 cur_d=0.34 vs=2.65 n=0 [none]
1786775447.133 [STATE_CHANGE] LOSTLINE -> GB_TRACK src=GB_TRACK s=3.86 d=0.18 vs=2.09
1786775447.431 [OBSTACLES] cur_s=4.34 cur_d=-0.27 vs=1.80 n=0 [none]
1786775447.522 [STATE_CHANGE] GB_TRACK -> LOSTLINE src=GB_TRACK s=4.58 d=-0.38 vs=1.93
1786775447.759 [STATE_CHANGE] LOSTLINE -> RECOVERY src=RECOVERY s=4.92 d=-0.39 vs=2.26
1786775447.944 [OBSTACLES] cur_s=5.34 cur_d=-0.32 vs=2.43 n=0 [none]
1786775448.228 [STATE_CHANGE] RECOVERY -> GB_TRACK src=GB_TRACK s=5.81 d=-0.03 vs=2.68
1786775448.454 [OBSTACLES] cur_s=6.03 cur_d=0.07 vs=2.84 n=0 [none]
1786775448.857 [STATIC_OT] state=GB_TRACK path_exists=0 path_locked=0 path_ttl_ok=0 path_safe=0 on_spline=0 speed=3.23 decision=TRAILING reason=NO_STATIC_PATH
1786775448.858 [STATE_CHANGE] GB_TRACK -> TRAILING src=GB_TRACK s=7.69 d=-0.06 vs=3.23
1786775449.025 [OBSTACLES] cur_s=8.36 cur_d=-0.28 vs=3.38 n=1 [id=33 static=1 gap=5.24m d=-0.32 size=0.41]
1786775449.164 [STATIC_OT] state=TRAILING path_exists=0 path_locked=0 path_ttl_ok=0 path_safe=0 on_spline=0 speed=3.42 decision=TRAILING reason=NO_STATIC_PATH
1786775449.401 [STATIC_OT] state=TRAILING path_exists=0 path_locked=0 path_ttl_ok=0 path_safe=0 on_spline=0 speed=2.51 decision=TRAILING reason=NO_STATIC_PATH
1786775449.621 [OBSTACLES] cur_s=10.13 cur_d=0.06 vs=2.10 n=1 [id=33 static=1 gap=3.33m d=-0.28 size=0.37]
1786775449.627 [STATIC_OT] state=TRAILING path_exists=0 path_locked=0 path_ttl_ok=0 path_safe=0 on_spline=0 speed=2.10 decision=TRAILING reason=NO_STATIC_PATH
1786775449.842 [STATIC_OT] state=TRAILING path_exists=0 path_locked=0 path_ttl_ok=0 path_safe=0 on_spline=0 speed=1.63 decision=TRAILING reason=NO_STATIC_PATH
1786775450.123 [STATIC_OT] state=TRAILING path_exists=0 path_locked=0 path_ttl_ok=0 path_safe=0 on_spline=0 speed=0.99 decision=TRAILING reason=NO_STATIC_PATH
1786775450.219 [OBSTACLES] cur_s=10.87 cur_d=-0.05 vs=0.77 n=1 [id=33 static=1 gap=2.47m d=-0.17 size=0.44]
1786775450.341 [STATIC_OT] state=TRAILING path_exists=0 path_locked=0 path_ttl_ok=0 path_safe=0 on_spline=0 speed=0.69 decision=TRAILING reason=NO_STATIC_PATH
1786775450.555 [STATIC_OT] state=TRAILING path_exists=0 path_locked=0 path_ttl_ok=0 path_safe=0 on_spline=0 speed=0.00 decision=TRAILING reason=NO_STATIC_PATH
1786775450.742 [OBSTACLES] cur_s=10.98 cur_d=-0.00 vs=0.00 n=1 [id=33 static=1 gap=2.35m d=-0.16 size=0.42]
1786775450.783 [STATIC_OT] state=TRAILING path_exists=0 path_locked=0 path_ttl_ok=0 path_safe=0 on_spline=0 speed=0.07 decision=TRAILING reason=NO_STATIC_PATH
1786775450.991 [STATIC_OT] state=TRAILING path_exists=0 path_locked=0 path_ttl_ok=0 path_safe=0 on_spline=0 speed=0.00 decision=TRAILING reason=NO_STATIC_PATH
1786775451.244 [STATIC_OT] state=TRAILING path_exists=0 path_locked=0 path_ttl_ok=0 path_safe=0 on_spline=0 speed=-0.05 decision=TRAILING reason=NO_STATIC_PATH
1786775451.339 [OBSTACLES] cur_s=11.03 cur_d=0.01 vs=0.00 n=1 [id=33 static=1 gap=2.29m d=-0.15 size=0.40]
1786775451.549 [STATIC_OT] state=TRAILING path_exists=0 path_locked=0 path_ttl_ok=0 path_safe=0 on_spline=0 speed=0.00 decision=TRAILING reason=NO_STATIC_PATH
1786775451.780 [STATIC_OT] state=TRAILING path_exists=0 path_locked=0 path_ttl_ok=0 path_safe=0 on_spline=0 speed=0.18 decision=TRAILING reason=NO_STATIC_PATH
1786775451.851 [OBSTACLES] cur_s=11.05 cur_d=0.01 vs=0.09 n=1 [id=33 static=1 gap=2.23m d=-0.14 size=0.43]
1786775452.032 [STATIC_OT] state=TRAILING path_exists=0 path_locked=0 path_ttl_ok=0 path_safe=0 on_spline=0 speed=0.00 decision=TRAILING reason=NO_STATIC_PATH
1786775452.230 [STATE_CHANGE] TRAILING -> GB_TRACK src=GB_TRACK s=11.06 d=0.00 vs=0.00
1786775452.408 [OBSTACLES] cur_s=11.06 cur_d=0.01 vs=0.00 n=0 [none]
1786775452.684 [STATIC_OT] state=GB_TRACK path_exists=0 path_locked=0 path_ttl_ok=0 path_safe=0 on_spline=0 speed=0.63 decision=TRAILING reason=NO_STATIC_PATH
1786775452.684 [STATE_CHANGE] GB_TRACK -> TRAILING src=GB_TRACK s=11.14 d=0.01 vs=0.63
1786775452.927 [OBSTACLES] cur_s=11.56 cur_d=0.04 vs=2.13 n=1 [id=34 static=1 gap=1.61m d=-0.07 size=0.43]
1786775452.945 [STATIC_OT] state=TRAILING path_exists=0 path_locked=0 path_ttl_ok=0 path_safe=0 on_spline=0 speed=2.13 decision=TRAILING reason=NO_STATIC_PATH
1786775453.162 [STATIC_OT] state=TRAILING path_exists=0 path_locked=0 path_ttl_ok=0 path_safe=0 on_spline=0 speed=1.94 decision=TRAILING reason=NO_STATIC_PATH
1786775453.327 [STATE_CHANGE] TRAILING -> RECOVERY src=RECOVERY s=12.32 d=0.06 vs=1.57
1786775453.444 [OBSTACLES] cur_s=12.52 cur_d=0.05 vs=1.18 n=0 [none]
1786775453.778 [STATE_CHANGE] RECOVERY -> GB_TRACK src=GB_TRACK s=12.77 d=0.04 vs=1.23
1786775454.028 [OBSTACLES] cur_s=13.28 cur_d=0.07 vs=2.01 n=0 [none]
1786775454.591 [OBSTACLES] cur_s=14.74 cur_d=0.13 vs=2.70 n=0 [none]
1786775455.108 [OBSTACLES] cur_s=16.13 cur_d=0.09 vs=2.34 n=0 [none]
1786775455.360 [STATE_CHANGE] GB_TRACK -> LOSTLINE src=GB_TRACK s=16.90 d=0.29 vs=2.50
1786775455.564 [STATE_CHANGE] LOSTLINE -> GB_TRACK src=GB_TRACK s=17.28 d=0.28 vs=3.02
1786775455.604 [STATE_CHANGE] GB_TRACK -> LOSTLINE src=GB_TRACK s=17.18 d=0.32 vs=3.21
1786775455.645 [OBSTACLES] cur_s=17.24 cur_d=0.32 vs=3.21 n=0 [none]
1786775455.744 [STATE_CHANGE] LOSTLINE -> RECOVERY src=RECOVERY s=17.22 d=0.31 vs=3.32
1786775456.148 [OBSTACLES] cur_s=19.22 cur_d=-0.26 vs=3.30 n=0 [none]
1786775456.703 [OBSTACLES] cur_s=21.09 cur_d=-0.11 vs=3.24 n=0 [none]
1786775456.819 [STATE_CHANGE] RECOVERY -> GB_TRACK src=GB_TRACK s=21.44 d=-0.02 vs=3.22
1786775457.205 [OBSTACLES] cur_s=0.49 cur_d=-0.09 vs=2.65 n=0 [none]
1786775457.709 [OBSTACLES] cur_s=1.56 cur_d=0.10 vs=2.51 n=0 [none]
1786775458.034 [STATE_CHANGE] GB_TRACK -> LOSTLINE src=GB_TRACK s=2.36 d=0.31 vs=2.68
1786775458.245 [OBSTACLES] cur_s=3.00 cur_d=0.25 vs=2.65 n=0 [none]
1786775458.246 [STATE_CHANGE] LOSTLINE -> GB_TRACK src=GB_TRACK s=3.00 d=0.25 vs=2.65
1786775458.959 [OBSTACLES] cur_s=4.97 cur_d=0.03 vs=2.50 n=0 [none]
1786775459.497 [OBSTACLES] cur_s=6.26 cur_d=0.27 vs=3.21 n=0 [none]
