# state_machine debug log started 20260817_115107  map='0815test3'
1786935073.663 [OBSTACLES] cur_s=7.81 cur_d=0.47 vs=0.00 n=0 [none]
1786935073.663 [STATE_CHANGE] None -> LOSTLINE src=GB_TRACK s=7.81 d=0.47 vs=0.00
1786935074.188 [OBSTACLES] cur_s=7.81 cur_d=0.47 vs=0.00 n=0 [none]
1786935074.713 [OBSTACLES] cur_s=7.81 cur_d=0.47 vs=0.00 n=0 [none]
1786935075.230 [OBSTACLES] cur_s=7.81 cur_d=0.47 vs=0.00 n=0 [none]
1786935075.746 [OBSTACLES] cur_s=7.80 cur_d=0.46 vs=0.00 n=0 [none]
1786935076.253 [OBSTACLES] cur_s=7.81 cur_d=0.47 vs=0.00 n=0 [none]
1786935076.769 [OBSTACLES] cur_s=7.81 cur_d=0.47 vs=0.00 n=0 [none]
1786935077.277 [OBSTACLES] cur_s=7.81 cur_d=0.47 vs=0.00 n=0 [none]
1786935077.809 [OBSTACLES] cur_s=7.81 cur_d=0.47 vs=0.00 n=0 [none]
1786935078.384 [OBSTACLES] cur_s=7.81 cur_d=0.46 vs=0.00 n=0 [none]
1786935081.112 [OBSTACLES] cur_s=7.81 cur_d=0.46 vs=0.00 n=0 [none]
1786935081.947 [OBSTACLES] cur_s=12.99 cur_d=-0.54 vs=0.00 n=1 [id=1 static=1 gap=6.17m d=0.78 size=0.34]
1786935081.950 [STATIC_OT] state=GB_TRACK path_exists=0 path_locked=0 path_ttl_ok=0 path_safe=0 on_spline=0 speed=0.00 raw_wpnts=0 raw_age=-s decision=TRAILING reason=NO_STATIC_PATH
1786935081.951 [STATE_CHANGE] LOSTLINE -> TRAILING src=GB_TRACK s=12.99 d=-0.54 vs=0.00
1786935082.342 [STATIC_OT] state=TRAILING path_exists=0 path_locked=0 path_ttl_ok=0 path_safe=0 on_spline=0 speed=0.00 raw_wpnts=0 raw_age=-s decision=TRAILING reason=NO_STATIC_PATH
1786935083.527 [OBSTACLES] cur_s=12.99 cur_d=-0.53 vs=0.00 n=1 [id=1 static=1 gap=6.14m d=0.77 size=0.39]
1786935083.529 [STATIC_OT] state=TRAILING path_exists=0 path_locked=0 path_ttl_ok=0 path_safe=0 on_spline=0 speed=0.00 raw_wpnts=0 raw_age=-s decision=TRAILING reason=NO_STATIC_PATH
1786935084.754 [OBSTACLES] cur_s=12.99 cur_d=-0.54 vs=0.00 n=1 [id=1 static=1 gap=6.18m d=0.77 size=0.33]
1786935084.756 [STATIC_OT] state=TRAILING path_exists=0 path_locked=0 path_ttl_ok=0 path_safe=0 on_spline=0 speed=0.00 raw_wpnts=0 raw_age=-s decision=TRAILING reason=NO_STATIC_PATH
1786935085.857 [OBSTACLES] cur_s=12.99 cur_d=-0.54 vs=0.00 n=1 [id=1 static=1 gap=6.14m d=0.77 size=0.39]
1786935085.859 [STATIC_OT] state=TRAILING path_exists=0 path_locked=0 path_ttl_ok=0 path_safe=0 on_spline=0 speed=0.00 raw_wpnts=0 raw_age=-s decision=TRAILING reason=NO_STATIC_PATH
1786935086.094 [STATIC_OT] state=TRAILING path_exists=0 path_locked=0 path_ttl_ok=0 path_safe=0 on_spline=0 speed=0.00 raw_wpnts=0 raw_age=-s decision=TRAILING reason=NO_STATIC_PATH
1786935086.690 [OBSTACLES] cur_s=12.99 cur_d=-0.53 vs=0.00 n=1 [id=1 static=1 gap=6.16m d=0.77 size=0.37]
1786935086.692 [STATIC_OT] state=TRAILING path_exists=0 path_locked=0 path_ttl_ok=0 path_safe=0 on_spline=0 speed=0.00 raw_wpnts=0 raw_age=-s decision=TRAILING reason=NO_STATIC_PATH
1786935087.117 [STATIC_OT] state=TRAILING path_exists=0 path_locked=0 path_ttl_ok=0 path_safe=0 on_spline=0 speed=0.00 raw_wpnts=0 raw_age=-s decision=TRAILING reason=NO_STATIC_PATH
1786935087.192 [OBSTACLES] cur_s=13.00 cur_d=-0.54 vs=0.00 n=1 [id=1 static=1 gap=6.16m d=0.77 size=0.35]
1786935087.778 [OBSTACLES] cur_s=12.99 cur_d=-0.54 vs=0.00 n=1 [id=1 static=1 gap=6.15m d=0.77 size=0.37]
1786935087.780 [STATIC_OT] state=TRAILING path_exists=0 path_locked=0 path_ttl_ok=0 path_safe=0 on_spline=0 speed=0.00 raw_wpnts=0 raw_age=-s decision=TRAILING reason=NO_STATIC_PATH
1786935088.008 [STATIC_OT] state=TRAILING path_exists=0 path_locked=0 path_ttl_ok=0 path_safe=0 on_spline=0 speed=0.00 raw_wpnts=0 raw_age=-s decision=TRAILING reason=NO_STATIC_PATH
1786935089.003 [OBSTACLES] cur_s=12.99 cur_d=-0.54 vs=0.00 n=1 [id=1 static=1 gap=6.15m d=0.77 size=0.36]
1786935089.005 [STATIC_OT] state=TRAILING path_exists=0 path_locked=0 path_ttl_ok=0 path_safe=0 on_spline=0 speed=0.00 raw_wpnts=0 raw_age=-s decision=TRAILING reason=NO_STATIC_PATH
1786935089.329 [STATIC_OT] state=TRAILING path_exists=0 path_locked=0 path_ttl_ok=0 path_safe=0 on_spline=0 speed=0.00 raw_wpnts=0 raw_age=-s decision=TRAILING reason=NO_STATIC_PATH
1786935091.071 [OBSTACLES] cur_s=12.99 cur_d=-0.53 vs=0.00 n=1 [id=1 static=1 gap=6.15m d=0.77 size=0.36]
1786935091.073 [STATIC_OT] state=TRAILING path_exists=0 path_locked=0 path_ttl_ok=0 path_safe=0 on_spline=0 speed=0.00 raw_wpnts=0 raw_age=-s decision=TRAILING reason=NO_STATIC_PATH
1786935092.358 [OBSTACLES] cur_s=12.99 cur_d=-0.53 vs=0.00 n=1 [id=1 static=1 gap=6.16m d=0.77 size=0.34]
1786935092.361 [STATIC_OT] state=TRAILING path_exists=0 path_locked=0 path_ttl_ok=0 path_safe=0 on_spline=0 speed=0.00 raw_wpnts=0 raw_age=-s decision=TRAILING reason=NO_STATIC_PATH
1786935092.611 [STATIC_OT] state=TRAILING path_exists=0 path_locked=0 path_ttl_ok=0 path_safe=0 on_spline=0 speed=0.00 raw_wpnts=0 raw_age=-s decision=TRAILING reason=NO_STATIC_PATH
1786935094.205 [OBSTACLES] cur_s=13.00 cur_d=-0.54 vs=0.00 n=1 [id=1 static=1 gap=6.14m d=0.77 size=0.37]
1786935094.207 [STATIC_OT] state=TRAILING path_exists=0 path_locked=0 path_ttl_ok=0 path_safe=0 on_spline=0 speed=0.00 raw_wpnts=0 raw_age=-s decision=TRAILING reason=NO_STATIC_PATH
1786935094.851 [OBSTACLES] cur_s=12.99 cur_d=-0.54 vs=0.00 n=1 [id=1 static=1 gap=6.15m d=0.77 size=0.37]
1786935094.855 [STATIC_OT] state=TRAILING path_exists=0 path_locked=0 path_ttl_ok=0 path_safe=0 on_spline=0 speed=0.00 raw_wpnts=0 raw_age=-s decision=TRAILING reason=NO_STATIC_PATH
1786935096.486 [OBSTACLES] cur_s=12.99 cur_d=-0.53 vs=0.00 n=1 [id=1 static=1 gap=6.15m d=0.76 size=0.37]
1786935096.487 [STATIC_OT] state=TRAILING path_exists=0 path_locked=0 path_ttl_ok=0 path_safe=0 on_spline=0 speed=0.00 raw_wpnts=0 raw_age=-s decision=TRAILING reason=NO_STATIC_PATH
1786935096.697 [STATIC_OT] state=TRAILING path_exists=0 path_locked=0 path_ttl_ok=0 path_safe=0 on_spline=0 speed=0.00 raw_wpnts=0 raw_age=-s decision=TRAILING reason=NO_STATIC_PATH
1786935097.530 [OBSTACLES] cur_s=12.99 cur_d=-0.54 vs=0.00 n=1 [id=1 static=1 gap=6.14m d=0.76 size=0.38]
1786935097.532 [STATIC_OT] state=TRAILING path_exists=0 path_locked=0 path_ttl_ok=0 path_safe=0 on_spline=0 speed=0.00 raw_wpnts=0 raw_age=-s decision=TRAILING reason=NO_STATIC_PATH
1786935097.829 [STATIC_OT] state=TRAILING path_exists=0 path_locked=0 path_ttl_ok=0 path_safe=0 on_spline=0 speed=0.00 raw_wpnts=0 raw_age=-s decision=TRAILING reason=NO_STATIC_PATH
1786935098.031 [OBSTACLES] cur_s=12.99 cur_d=-0.54 vs=0.00 n=1 [id=1 static=1 gap=6.15m d=0.76 size=0.37]
1786935098.034 [STATIC_OT] state=TRAILING path_exists=0 path_locked=0 path_ttl_ok=0 path_safe=0 on_spline=0 speed=0.00 raw_wpnts=0 raw_age=-s decision=TRAILING reason=NO_STATIC_PATH
