# state_machine debug log started 20260817_111403  map='0815test3'
1786932852.018 [OBSTACLES] cur_s=8.14 cur_d=0.36 vs=0.00 n=0 [none]
1786932852.023 [STATE_CHANGE] None -> LOSTLINE src=GB_TRACK s=8.14 d=0.36 vs=0.00
1786932852.536 [OBSTACLES] cur_s=8.14 cur_d=0.36 vs=0.00 n=0 [none]
1786932853.062 [OBSTACLES] cur_s=8.13 cur_d=0.36 vs=0.00 n=0 [none]
1786932853.628 [OBSTACLES] cur_s=8.13 cur_d=0.36 vs=0.00 n=0 [none]
1786932854.132 [OBSTACLES] cur_s=8.14 cur_d=0.36 vs=0.00 n=0 [none]
1786932854.707 [OBSTACLES] cur_s=8.14 cur_d=0.36 vs=0.00 n=0 [none]
1786932855.297 [OBSTACLES] cur_s=8.14 cur_d=0.36 vs=0.00 n=0 [none]
1786932855.820 [OBSTACLES] cur_s=8.14 cur_d=0.36 vs=0.00 n=0 [none]
1786932856.328 [OBSTACLES] cur_s=8.13 cur_d=0.36 vs=0.00 n=0 [none]
1786932856.861 [OBSTACLES] cur_s=8.14 cur_d=0.36 vs=0.00 n=0 [none]
1786932857.395 [OBSTACLES] cur_s=8.13 cur_d=0.36 vs=0.00 n=0 [none]
1786932858.002 [OBSTACLES] cur_s=8.13 cur_d=0.36 vs=0.00 n=0 [none]
1786932858.524 [OBSTACLES] cur_s=8.13 cur_d=0.36 vs=0.00 n=0 [none]
1786932859.036 [OBSTACLES] cur_s=8.14 cur_d=0.36 vs=0.00 n=0 [none]
1786932859.537 [OBSTACLES] cur_s=8.13 cur_d=0.36 vs=0.00 n=0 [none]
1786932860.061 [OBSTACLES] cur_s=8.13 cur_d=0.36 vs=0.00 n=0 [none]
1786932860.571 [OBSTACLES] cur_s=8.14 cur_d=0.36 vs=0.00 n=0 [none]
1786932861.099 [OBSTACLES] cur_s=8.13 cur_d=0.36 vs=0.00 n=0 [none]
1786932861.652 [OBSTACLES] cur_s=8.13 cur_d=0.36 vs=0.00 n=0 [none]
1786932862.167 [OBSTACLES] cur_s=8.14 cur_d=0.36 vs=0.00 n=0 [none]
1786932862.692 [OBSTACLES] cur_s=8.13 cur_d=0.36 vs=0.00 n=0 [none]
1786932863.216 [OBSTACLES] cur_s=8.14 cur_d=0.36 vs=0.00 n=0 [none]
1786932863.718 [OBSTACLES] cur_s=8.13 cur_d=0.36 vs=0.00 n=0 [none]
1786932864.231 [OBSTACLES] cur_s=8.13 cur_d=0.36 vs=0.00 n=0 [none]
1786932864.747 [OBSTACLES] cur_s=8.14 cur_d=0.36 vs=0.00 n=0 [none]
1786932865.264 [OBSTACLES] cur_s=8.13 cur_d=0.36 vs=0.00 n=0 [none]
1786932865.771 [OBSTACLES] cur_s=8.13 cur_d=0.36 vs=0.00 n=0 [none]
1786932866.271 [OBSTACLES] cur_s=8.14 cur_d=0.36 vs=0.00 n=0 [none]
1786932866.778 [OBSTACLES] cur_s=8.13 cur_d=0.36 vs=0.00 n=0 [none]
1786932867.292 [OBSTACLES] cur_s=8.14 cur_d=0.36 vs=0.00 n=0 [none]
1786932867.816 [OBSTACLES] cur_s=8.14 cur_d=0.36 vs=0.00 n=0 [none]
1786932868.338 [OBSTACLES] cur_s=8.14 cur_d=0.36 vs=0.00 n=0 [none]
1786932868.854 [OBSTACLES] cur_s=8.13 cur_d=0.36 vs=0.00 n=0 [none]
1786932869.405 [OBSTACLES] cur_s=8.13 cur_d=0.36 vs=0.00 n=0 [none]
1786932869.927 [OBSTACLES] cur_s=8.13 cur_d=0.36 vs=0.00 n=0 [none]
1786932870.457 [OBSTACLES] cur_s=8.13 cur_d=0.36 vs=0.00 n=0 [none]
1786932870.989 [OBSTACLES] cur_s=8.14 cur_d=0.36 vs=0.00 n=0 [none]
1786932871.524 [OBSTACLES] cur_s=8.13 cur_d=0.36 vs=0.00 n=0 [none]
1786932872.026 [OBSTACLES] cur_s=8.14 cur_d=0.36 vs=0.00 n=0 [none]
1786932872.541 [OBSTACLES] cur_s=8.14 cur_d=0.36 vs=0.00 n=0 [none]
1786932873.090 [OBSTACLES] cur_s=8.14 cur_d=0.36 vs=0.00 n=0 [none]
1786932873.596 [OBSTACLES] cur_s=8.14 cur_d=0.36 vs=0.00 n=0 [none]
1786932874.112 [OBSTACLES] cur_s=8.14 cur_d=0.36 vs=0.00 n=0 [none]
1786932874.620 [OBSTACLES] cur_s=8.13 cur_d=0.36 vs=0.00 n=0 [none]
1786932875.191 [OBSTACLES] cur_s=8.14 cur_d=0.36 vs=0.00 n=0 [none]
1786932875.725 [OBSTACLES] cur_s=8.14 cur_d=0.36 vs=0.00 n=0 [none]
1786932876.244 [OBSTACLES] cur_s=8.13 cur_d=0.36 vs=0.00 n=0 [none]
1786932876.763 [OBSTACLES] cur_s=8.14 cur_d=0.36 vs=0.00 n=0 [none]
1786932877.265 [OBSTACLES] cur_s=8.13 cur_d=0.36 vs=0.00 n=0 [none]
1786932877.874 [OBSTACLES] cur_s=8.14 cur_d=0.36 vs=0.00 n=0 [none]
1786932878.429 [OBSTACLES] cur_s=8.14 cur_d=0.36 vs=0.00 n=0 [none]
1786932878.972 [OBSTACLES] cur_s=8.14 cur_d=0.36 vs=0.00 n=0 [none]
1786932879.477 [OBSTACLES] cur_s=8.14 cur_d=0.36 vs=0.00 n=0 [none]
1786932880.014 [OBSTACLES] cur_s=8.14 cur_d=0.36 vs=0.00 n=0 [none]
1786932880.560 [OBSTACLES] cur_s=8.13 cur_d=0.36 vs=0.00 n=0 [none]
1786932881.077 [OBSTACLES] cur_s=8.13 cur_d=0.36 vs=0.00 n=0 [none]
1786932881.610 [OBSTACLES] cur_s=8.14 cur_d=0.36 vs=0.00 n=0 [none]
1786932882.113 [OBSTACLES] cur_s=8.13 cur_d=0.36 vs=0.00 n=0 [none]
1786932882.655 [OBSTACLES] cur_s=8.13 cur_d=0.36 vs=0.00 n=0 [none]
1786932883.222 [OBSTACLES] cur_s=8.13 cur_d=0.36 vs=0.00 n=0 [none]
1786932883.728 [OBSTACLES] cur_s=8.14 cur_d=0.36 vs=0.00 n=0 [none]
1786932884.237 [OBSTACLES] cur_s=8.13 cur_d=0.36 vs=0.00 n=0 [none]
1786932884.761 [OBSTACLES] cur_s=8.14 cur_d=0.37 vs=0.00 n=0 [none]
1786932885.303 [OBSTACLES] cur_s=8.14 cur_d=0.36 vs=0.00 n=0 [none]
1786932885.969 [OBSTACLES] cur_s=8.14 cur_d=0.36 vs=0.00 n=0 [none]
1786932886.542 [OBSTACLES] cur_s=8.13 cur_d=0.36 vs=0.00 n=0 [none]
1786932887.070 [OBSTACLES] cur_s=8.14 cur_d=0.36 vs=0.00 n=0 [none]
1786932887.632 [OBSTACLES] cur_s=8.13 cur_d=0.36 vs=0.00 n=0 [none]
1786932888.146 [OBSTACLES] cur_s=8.12 cur_d=0.36 vs=0.00 n=0 [none]
1786932888.707 [OBSTACLES] cur_s=8.14 cur_d=0.37 vs=0.00 n=0 [none]
1786932889.215 [OBSTACLES] cur_s=8.13 cur_d=0.36 vs=0.00 n=0 [none]
1786932889.716 [OBSTACLES] cur_s=8.14 cur_d=0.36 vs=0.00 n=0 [none]
1786932890.281 [OBSTACLES] cur_s=8.14 cur_d=0.36 vs=0.00 n=0 [none]
1786932890.829 [OBSTACLES] cur_s=8.13 cur_d=0.36 vs=0.00 n=0 [none]
1786932891.335 [OBSTACLES] cur_s=8.13 cur_d=0.36 vs=0.00 n=0 [none]
1786932891.896 [OBSTACLES] cur_s=8.14 cur_d=0.36 vs=0.00 n=0 [none]
1786932892.399 [OBSTACLES] cur_s=8.13 cur_d=0.36 vs=0.00 n=0 [none]
1786932892.973 [OBSTACLES] cur_s=8.14 cur_d=0.36 vs=0.00 n=0 [none]
1786932893.493 [OBSTACLES] cur_s=8.13 cur_d=0.36 vs=0.00 n=0 [none]
1786932893.995 [OBSTACLES] cur_s=8.14 cur_d=0.36 vs=0.00 n=0 [none]
1786932894.538 [OBSTACLES] cur_s=8.14 cur_d=0.37 vs=0.00 n=0 [none]
1786932895.085 [OBSTACLES] cur_s=8.14 cur_d=0.36 vs=0.00 n=0 [none]
1786932895.600 [OBSTACLES] cur_s=8.14 cur_d=0.36 vs=0.00 n=0 [none]
1786932896.111 [OBSTACLES] cur_s=8.14 cur_d=0.36 vs=0.00 n=0 [none]
1786932896.617 [OBSTACLES] cur_s=8.14 cur_d=0.37 vs=0.00 n=0 [none]
1786932897.144 [OBSTACLES] cur_s=8.13 cur_d=0.36 vs=0.00 n=0 [none]
1786932897.703 [OBSTACLES] cur_s=8.14 cur_d=0.37 vs=0.00 n=0 [none]
1786932898.221 [OBSTACLES] cur_s=8.15 cur_d=0.36 vs=0.00 n=0 [none]
1786932898.736 [OBSTACLES] cur_s=8.14 cur_d=0.36 vs=0.00 n=0 [none]
1786932899.264 [OBSTACLES] cur_s=8.14 cur_d=0.36 vs=0.00 n=0 [none]
1786932899.787 [OBSTACLES] cur_s=8.14 cur_d=0.36 vs=0.00 n=0 [none]
1786932900.337 [OBSTACLES] cur_s=8.14 cur_d=0.37 vs=0.00 n=0 [none]
1786932900.854 [OBSTACLES] cur_s=8.13 cur_d=0.36 vs=0.00 n=0 [none]
1786932901.394 [OBSTACLES] cur_s=8.13 cur_d=0.36 vs=0.00 n=0 [none]
1786932901.933 [OBSTACLES] cur_s=8.13 cur_d=0.36 vs=0.00 n=0 [none]
1786932902.466 [OBSTACLES] cur_s=8.14 cur_d=0.36 vs=0.00 n=0 [none]
1786932902.974 [OBSTACLES] cur_s=8.14 cur_d=0.36 vs=0.00 n=0 [none]
1786932903.499 [OBSTACLES] cur_s=8.14 cur_d=0.37 vs=0.00 n=0 [none]
1786932904.036 [OBSTACLES] cur_s=8.14 cur_d=0.36 vs=0.00 n=0 [none]
1786932904.570 [OBSTACLES] cur_s=8.14 cur_d=0.36 vs=0.00 n=0 [none]
1786932905.086 [OBSTACLES] cur_s=8.14 cur_d=0.36 vs=0.00 n=0 [none]
1786932905.669 [OBSTACLES] cur_s=8.13 cur_d=0.36 vs=0.00 n=0 [none]
1786932906.180 [OBSTACLES] cur_s=8.12 cur_d=0.36 vs=0.00 n=0 [none]
1786932906.754 [OBSTACLES] cur_s=8.13 cur_d=0.36 vs=0.00 n=0 [none]
1786932907.355 [OBSTACLES] cur_s=8.13 cur_d=0.36 vs=0.00 n=0 [none]
1786932907.863 [OBSTACLES] cur_s=8.13 cur_d=0.36 vs=0.00 n=0 [none]
1786932908.391 [OBSTACLES] cur_s=8.14 cur_d=0.36 vs=0.00 n=0 [none]
1786932908.977 [OBSTACLES] cur_s=8.14 cur_d=0.36 vs=0.00 n=0 [none]
1786932909.482 [OBSTACLES] cur_s=8.14 cur_d=0.36 vs=0.00 n=0 [none]
1786932910.026 [OBSTACLES] cur_s=8.13 cur_d=0.36 vs=0.00 n=0 [none]
1786932910.537 [OBSTACLES] cur_s=8.13 cur_d=0.36 vs=0.00 n=0 [none]
1786932911.058 [OBSTACLES] cur_s=8.13 cur_d=0.36 vs=0.00 n=0 [none]
1786932911.566 [OBSTACLES] cur_s=8.13 cur_d=0.36 vs=0.00 n=0 [none]
1786932912.086 [OBSTACLES] cur_s=8.14 cur_d=0.36 vs=0.00 n=0 [none]
1786932912.596 [OBSTACLES] cur_s=8.14 cur_d=0.36 vs=0.00 n=0 [none]
1786932913.111 [OBSTACLES] cur_s=8.14 cur_d=0.37 vs=0.00 n=0 [none]
1786932913.623 [OBSTACLES] cur_s=8.14 cur_d=0.36 vs=0.00 n=0 [none]
1786932914.141 [OBSTACLES] cur_s=8.14 cur_d=0.36 vs=0.00 n=0 [none]
1786932914.692 [OBSTACLES] cur_s=8.15 cur_d=0.37 vs=0.00 n=0 [none]
1786932915.224 [OBSTACLES] cur_s=8.14 cur_d=0.37 vs=0.00 n=0 [none]
1786932915.756 [OBSTACLES] cur_s=8.14 cur_d=0.36 vs=0.00 n=0 [none]
1786932916.293 [OBSTACLES] cur_s=8.14 cur_d=0.36 vs=0.00 n=0 [none]
1786932916.807 [OBSTACLES] cur_s=8.13 cur_d=0.36 vs=0.00 n=0 [none]
1786932917.357 [OBSTACLES] cur_s=8.14 cur_d=0.36 vs=0.00 n=0 [none]
1786932917.939 [OBSTACLES] cur_s=8.13 cur_d=0.36 vs=0.00 n=0 [none]
1786932918.457 [OBSTACLES] cur_s=8.13 cur_d=0.36 vs=0.00 n=0 [none]
1786932919.029 [OBSTACLES] cur_s=8.13 cur_d=0.36 vs=0.00 n=0 [none]
1786932919.544 [OBSTACLES] cur_s=8.13 cur_d=0.36 vs=0.00 n=0 [none]
1786932920.047 [OBSTACLES] cur_s=8.14 cur_d=0.37 vs=0.00 n=0 [none]
1786932920.569 [OBSTACLES] cur_s=8.14 cur_d=0.36 vs=0.00 n=0 [none]
1786932921.076 [OBSTACLES] cur_s=8.14 cur_d=0.36 vs=0.00 n=0 [none]
1786932921.601 [OBSTACLES] cur_s=8.13 cur_d=0.36 vs=0.00 n=0 [none]
1786932922.155 [OBSTACLES] cur_s=8.13 cur_d=0.36 vs=0.00 n=0 [none]
1786932922.696 [OBSTACLES] cur_s=8.13 cur_d=0.36 vs=0.00 n=0 [none]
1786932923.200 [OBSTACLES] cur_s=8.13 cur_d=0.36 vs=0.00 n=0 [none]
1786932923.706 [OBSTACLES] cur_s=8.14 cur_d=0.36 vs=0.00 n=0 [none]
1786932924.218 [OBSTACLES] cur_s=8.14 cur_d=0.37 vs=0.00 n=0 [none]
1786932924.736 [OBSTACLES] cur_s=8.13 cur_d=0.36 vs=0.00 n=0 [none]
1786932925.237 [OBSTACLES] cur_s=8.13 cur_d=0.36 vs=0.00 n=0 [none]
1786932925.744 [OBSTACLES] cur_s=8.13 cur_d=0.36 vs=0.00 n=0 [none]
1786932926.245 [OBSTACLES] cur_s=8.13 cur_d=0.36 vs=0.00 n=0 [none]
1786932926.798 [OBSTACLES] cur_s=8.15 cur_d=0.36 vs=0.00 n=0 [none]
1786932927.310 [OBSTACLES] cur_s=8.13 cur_d=0.36 vs=0.00 n=0 [none]
1786932927.860 [OBSTACLES] cur_s=8.13 cur_d=0.36 vs=0.00 n=0 [none]
1786932928.380 [OBSTACLES] cur_s=8.14 cur_d=0.36 vs=0.00 n=0 [none]
1786932929.003 [OBSTACLES] cur_s=8.14 cur_d=0.37 vs=0.00 n=0 [none]
1786932929.540 [OBSTACLES] cur_s=8.14 cur_d=0.37 vs=0.00 n=0 [none]
1786932930.074 [OBSTACLES] cur_s=8.13 cur_d=0.37 vs=0.00 n=0 [none]
1786932930.621 [OBSTACLES] cur_s=8.13 cur_d=0.36 vs=0.00 n=0 [none]
1786932931.206 [OBSTACLES] cur_s=8.13 cur_d=0.36 vs=0.00 n=0 [none]
1786932931.736 [OBSTACLES] cur_s=8.14 cur_d=0.36 vs=0.00 n=0 [none]
1786932932.240 [OBSTACLES] cur_s=8.14 cur_d=0.37 vs=0.00 n=0 [none]
1786932932.745 [OBSTACLES] cur_s=8.13 cur_d=0.36 vs=0.00 n=0 [none]
1786932933.257 [OBSTACLES] cur_s=8.14 cur_d=0.37 vs=0.00 n=0 [none]
1786932933.800 [OBSTACLES] cur_s=8.14 cur_d=0.36 vs=0.00 n=0 [none]
1786932934.348 [OBSTACLES] cur_s=8.14 cur_d=0.36 vs=0.00 n=0 [none]
1786932934.910 [OBSTACLES] cur_s=8.13 cur_d=0.36 vs=0.00 n=0 [none]
1786932935.492 [OBSTACLES] cur_s=8.13 cur_d=0.36 vs=0.00 n=0 [none]
1786932936.129 [OBSTACLES] cur_s=8.14 cur_d=0.36 vs=0.00 n=0 [none]
1786932936.644 [OBSTACLES] cur_s=8.13 cur_d=0.36 vs=0.00 n=0 [none]
1786932937.154 [OBSTACLES] cur_s=8.13 cur_d=0.36 vs=0.00 n=0 [none]
1786932937.889 [OBSTACLES] cur_s=8.14 cur_d=0.36 vs=0.00 n=0 [none]
1786932938.482 [OBSTACLES] cur_s=8.13 cur_d=0.36 vs=0.00 n=0 [none]
1786932939.059 [OBSTACLES] cur_s=8.13 cur_d=0.36 vs=0.00 n=0 [none]
1786932939.602 [OBSTACLES] cur_s=8.13 cur_d=0.36 vs=0.00 n=0 [none]
1786932940.123 [OBSTACLES] cur_s=8.12 cur_d=0.36 vs=0.00 n=0 [none]
1786932940.643 [OBSTACLES] cur_s=8.13 cur_d=0.36 vs=0.00 n=0 [none]
1786932941.184 [OBSTACLES] cur_s=8.14 cur_d=0.37 vs=0.00 n=0 [none]
1786932941.699 [OBSTACLES] cur_s=16.82 cur_d=-0.41 vs=0.00 n=0 [none]
1786932942.230 [OBSTACLES] cur_s=16.85 cur_d=-0.47 vs=0.00 n=0 [none]
1786932942.778 [OBSTACLES] cur_s=16.84 cur_d=-0.49 vs=0.00 n=0 [none]
1786932943.318 [OBSTACLES] cur_s=16.83 cur_d=-0.49 vs=0.00 n=0 [none]
1786932943.862 [OBSTACLES] cur_s=16.83 cur_d=-0.49 vs=0.00 n=0 [none]
1786932944.366 [OBSTACLES] cur_s=16.82 cur_d=-0.50 vs=0.00 n=0 [none]
1786932944.895 [OBSTACLES] cur_s=16.82 cur_d=-0.50 vs=0.00 n=0 [none]
1786932945.413 [OBSTACLES] cur_s=16.83 cur_d=-0.49 vs=0.00 n=0 [none]
1786932945.917 [OBSTACLES] cur_s=16.26 cur_d=-1.59 vs=0.00 n=0 [none]
1786932946.247 [STATIC_OT] state=GB_TRACK path_exists=0 path_locked=0 path_ttl_ok=0 path_safe=0 on_spline=0 speed=0.00 raw_wpnts=0 raw_age=-s decision=TRAILING reason=NO_STATIC_PATH
1786932946.256 [STATE_CHANGE] LOSTLINE -> TRAILING src=GB_TRACK s=16.28 d=-1.81 vs=0.00
1786932946.460 [OBSTACLES] cur_s=16.28 cur_d=-1.81 vs=0.00 n=1 [id=1 static=1 gap=4.85m d=-0.18 size=0.25]
1786932946.467 [STATIC_OT] state=TRAILING path_exists=0 path_locked=0 path_ttl_ok=0 path_safe=0 on_spline=0 speed=0.00 raw_wpnts=0 raw_age=-s decision=TRAILING reason=NO_STATIC_PATH
1786932946.745 [STATIC_OT] state=TRAILING path_exists=0 path_locked=0 path_ttl_ok=0 path_safe=0 on_spline=0 speed=0.00 raw_wpnts=0 raw_age=-s decision=TRAILING reason=NO_STATIC_PATH
1786932946.987 [OBSTACLES] cur_s=16.28 cur_d=-1.81 vs=0.00 n=1 [id=2 static=1 gap=4.10m d=-0.06 size=0.41]
1786932946.990 [STATIC_OT] state=TRAILING path_exists=0 path_locked=0 path_ttl_ok=0 path_safe=0 on_spline=0 speed=0.00 raw_wpnts=0 raw_age=-s decision=TRAILING reason=NO_STATIC_PATH
1786932947.124 [STATE_CHANGE] TRAILING -> LOSTLINE src=GB_TRACK s=16.28 d=-1.81 vs=0.00
1786932947.419 [STATIC_OT] state=GB_TRACK path_exists=0 path_locked=0 path_ttl_ok=0 path_safe=0 on_spline=0 speed=0.00 raw_wpnts=0 raw_age=-s decision=TRAILING reason=NO_STATIC_PATH
1786932947.419 [STATE_CHANGE] LOSTLINE -> TRAILING src=GB_TRACK s=16.28 d=-1.81 vs=0.00
1786932947.516 [OBSTACLES] cur_s=16.28 cur_d=-1.81 vs=0.00 n=1 [id=3 static=1 gap=4.11m d=0.48 size=0.29]
1786932947.671 [STATIC_OT] state=TRAILING path_exists=0 path_locked=0 path_ttl_ok=0 path_safe=0 on_spline=0 speed=0.00 raw_wpnts=0 raw_age=-s decision=TRAILING reason=NO_STATIC_PATH
1786932947.828 [STATE_CHANGE] TRAILING -> LOSTLINE src=GB_TRACK s=16.29 d=-1.81 vs=0.00
1786932948.048 [OBSTACLES] cur_s=16.29 cur_d=-1.81 vs=0.00 n=0 [none]
1786932948.595 [OBSTACLES] cur_s=16.29 cur_d=-1.80 vs=0.00 n=0 [none]
1786932949.154 [OBSTACLES] cur_s=16.28 cur_d=-1.81 vs=0.00 n=0 [none]
1786932949.668 [OBSTACLES] cur_s=16.28 cur_d=-1.81 vs=0.00 n=0 [none]
1786932950.185 [OBSTACLES] cur_s=16.28 cur_d=-1.81 vs=0.00 n=0 [none]
1786932950.688 [OBSTACLES] cur_s=16.28 cur_d=-1.81 vs=0.00 n=0 [none]
1786932951.220 [OBSTACLES] cur_s=16.28 cur_d=-1.81 vs=0.00 n=0 [none]
1786932951.743 [OBSTACLES] cur_s=16.28 cur_d=-1.81 vs=0.00 n=0 [none]
1786932952.270 [OBSTACLES] cur_s=16.28 cur_d=-1.81 vs=0.00 n=0 [none]
1786932952.828 [OBSTACLES] cur_s=16.28 cur_d=-1.81 vs=0.00 n=0 [none]
1786932953.377 [OBSTACLES] cur_s=16.28 cur_d=-1.81 vs=0.00 n=0 [none]
1786932953.938 [OBSTACLES] cur_s=16.28 cur_d=-1.81 vs=0.00 n=0 [none]
1786932954.441 [OBSTACLES] cur_s=16.28 cur_d=-1.81 vs=0.00 n=0 [none]
1786932954.980 [OBSTACLES] cur_s=16.28 cur_d=-1.81 vs=0.00 n=0 [none]
1786932955.524 [OBSTACLES] cur_s=16.28 cur_d=-1.81 vs=0.00 n=0 [none]
1786932956.072 [OBSTACLES] cur_s=16.28 cur_d=-1.81 vs=0.00 n=0 [none]
1786932956.573 [OBSTACLES] cur_s=16.28 cur_d=-1.81 vs=0.00 n=0 [none]
1786932957.091 [OBSTACLES] cur_s=16.28 cur_d=-1.81 vs=0.00 n=0 [none]
1786932957.594 [OBSTACLES] cur_s=16.28 cur_d=-1.81 vs=0.00 n=0 [none]
1786932958.138 [OBSTACLES] cur_s=16.28 cur_d=-1.81 vs=0.00 n=0 [none]
1786932958.427 [STATIC_OT] state=GB_TRACK path_exists=0 path_locked=0 path_ttl_ok=0 path_safe=0 on_spline=0 speed=0.00 raw_wpnts=0 raw_age=-s decision=TRAILING reason=NO_STATIC_PATH
1786932958.433 [STATE_CHANGE] LOSTLINE -> TRAILING src=GB_TRACK s=16.28 d=-1.81 vs=0.00
1786932958.666 [OBSTACLES] cur_s=16.28 cur_d=-1.81 vs=0.00 n=1 [id=5 static=1 gap=4.77m d=0.86 size=0.28]
1786932958.668 [STATIC_OT] state=TRAILING path_exists=0 path_locked=0 path_ttl_ok=0 path_safe=0 on_spline=0 speed=0.00 raw_wpnts=0 raw_age=-s decision=TRAILING reason=NO_STATIC_PATH
1786932958.904 [STATIC_OT] state=TRAILING path_exists=0 path_locked=0 path_ttl_ok=0 path_safe=0 on_spline=0 speed=0.00 raw_wpnts=0 raw_age=-s decision=TRAILING reason=NO_STATIC_PATH
1786932959.142 [STATIC_OT] state=TRAILING path_exists=0 path_locked=0 path_ttl_ok=0 path_safe=0 on_spline=0 speed=0.00 raw_wpnts=0 raw_age=-s decision=TRAILING reason=NO_STATIC_PATH
1786932959.191 [OBSTACLES] cur_s=16.28 cur_d=-1.81 vs=0.00 n=2 [id=5 static=1 gap=4.84m d=0.85 size=0.16; id=6 static=1 gap=5.16m d=0.28 size=0.23]
1786932959.347 [STATIC_OT] state=TRAILING path_exists=0 path_locked=0 path_ttl_ok=0 path_safe=0 on_spline=0 speed=0.00 raw_wpnts=0 raw_age=-s decision=TRAILING reason=NO_STATIC_PATH
1786932959.558 [STATIC_OT] state=TRAILING path_exists=0 path_locked=0 path_ttl_ok=0 path_safe=0 on_spline=0 speed=0.00 raw_wpnts=0 raw_age=-s decision=TRAILING reason=NO_STATIC_PATH
1786932959.723 [OBSTACLES] cur_s=16.27 cur_d=-1.81 vs=0.00 n=1 [id=6 static=1 gap=5.17m d=0.26 size=0.22]
1786932959.782 [STATIC_OT] state=TRAILING path_exists=0 path_locked=0 path_ttl_ok=0 path_safe=0 on_spline=0 speed=0.00 raw_wpnts=0 raw_age=-s decision=TRAILING reason=NO_STATIC_PATH
1786932959.826 [STATE_CHANGE] TRAILING -> LOSTLINE src=GB_TRACK s=16.27 d=-1.81 vs=0.00
1786932960.229 [OBSTACLES] cur_s=16.27 cur_d=-1.82 vs=0.00 n=0 [none]
1786932960.772 [OBSTACLES] cur_s=16.28 cur_d=-1.81 vs=0.00 n=0 [none]
1786932961.297 [OBSTACLES] cur_s=16.28 cur_d=-1.81 vs=0.00 n=0 [none]
1786932961.814 [OBSTACLES] cur_s=16.28 cur_d=-1.81 vs=0.00 n=0 [none]
1786932962.359 [OBSTACLES] cur_s=16.28 cur_d=-1.81 vs=0.00 n=0 [none]
1786932962.949 [OBSTACLES] cur_s=16.28 cur_d=-1.81 vs=0.00 n=0 [none]
1786932963.470 [OBSTACLES] cur_s=16.28 cur_d=-1.81 vs=0.00 n=0 [none]
1786932963.982 [OBSTACLES] cur_s=16.28 cur_d=-1.81 vs=0.00 n=0 [none]
1786932964.567 [OBSTACLES] cur_s=16.28 cur_d=-1.81 vs=0.00 n=0 [none]
1786932965.091 [OBSTACLES] cur_s=16.28 cur_d=-1.81 vs=0.00 n=0 [none]
1786932965.614 [OBSTACLES] cur_s=16.28 cur_d=-1.81 vs=0.00 n=0 [none]
1786932966.161 [OBSTACLES] cur_s=16.28 cur_d=-1.81 vs=0.00 n=0 [none]
1786932966.663 [OBSTACLES] cur_s=16.28 cur_d=-1.81 vs=0.00 n=0 [none]
1786932967.010 [STATIC_OT] state=GB_TRACK path_exists=0 path_locked=0 path_ttl_ok=0 path_safe=0 on_spline=0 speed=0.00 raw_wpnts=0 raw_age=-s decision=TRAILING reason=NO_STATIC_PATH
1786932967.017 [STATE_CHANGE] LOSTLINE -> TRAILING src=GB_TRACK s=16.28 d=-1.81 vs=0.00
1786932967.166 [OBSTACLES] cur_s=16.28 cur_d=-1.81 vs=0.00 n=1 [id=7 static=1 gap=5.24m d=-0.23 size=0.26]
1786932967.229 [STATIC_OT] state=TRAILING path_exists=0 path_locked=0 path_ttl_ok=0 path_safe=0 on_spline=0 speed=0.00 raw_wpnts=0 raw_age=-s decision=TRAILING reason=NO_STATIC_PATH
1786932967.539 [STATIC_OT] state=TRAILING path_exists=0 path_locked=0 path_ttl_ok=0 path_safe=0 on_spline=0 speed=0.00 raw_wpnts=0 raw_age=-s decision=TRAILING reason=NO_STATIC_PATH
1786932967.681 [OBSTACLES] cur_s=16.28 cur_d=-1.81 vs=0.00 n=1 [id=7 static=1 gap=5.26m d=-0.20 size=0.17]
1786932967.896 [STATIC_OT] state=TRAILING path_exists=0 path_locked=0 path_ttl_ok=0 path_safe=0 on_spline=0 speed=0.00 raw_wpnts=0 raw_age=-s decision=TRAILING reason=NO_STATIC_PATH
1786932968.100 [STATIC_OT] state=TRAILING path_exists=0 path_locked=0 path_ttl_ok=0 path_safe=0 on_spline=0 speed=0.00 raw_wpnts=0 raw_age=-s decision=TRAILING reason=NO_STATIC_PATH
1786932968.218 [OBSTACLES] cur_s=16.28 cur_d=-1.81 vs=0.00 n=1 [id=8 static=1 gap=4.68m d=0.23 size=0.32]
1786932968.306 [STATIC_OT] state=TRAILING path_exists=0 path_locked=0 path_ttl_ok=0 path_safe=0 on_spline=0 speed=0.00 raw_wpnts=0 raw_age=-s decision=TRAILING reason=NO_STATIC_PATH
1786932968.339 [STATE_CHANGE] TRAILING -> LOSTLINE src=GB_TRACK s=16.28 d=-1.81 vs=0.00
1786932968.479 [STATE_CHANGE] LOSTLINE -> TRAILING src=GB_TRACK s=16.28 d=-1.81 vs=0.00
1786932968.520 [STATIC_OT] state=TRAILING path_exists=0 path_locked=0 path_ttl_ok=0 path_safe=0 on_spline=0 speed=0.00 raw_wpnts=0 raw_age=-s decision=TRAILING reason=NO_STATIC_PATH
1786932968.777 [OBSTACLES] cur_s=16.29 cur_d=-1.80 vs=0.00 n=1 [id=9 static=1 gap=4.60m d=0.82 size=0.39]
1786932968.792 [STATIC_OT] state=TRAILING path_exists=0 path_locked=0 path_ttl_ok=0 path_safe=0 on_spline=0 speed=0.00 raw_wpnts=0 raw_age=-s decision=TRAILING reason=NO_STATIC_PATH
1786932969.016 [STATIC_OT] state=TRAILING path_exists=0 path_locked=0 path_ttl_ok=0 path_safe=0 on_spline=0 speed=0.00 raw_wpnts=0 raw_age=-s decision=TRAILING reason=NO_STATIC_PATH
1786932969.111 [STATE_CHANGE] TRAILING -> LOSTLINE src=GB_TRACK s=16.29 d=-1.80 vs=0.00
1786932969.336 [OBSTACLES] cur_s=16.29 cur_d=-1.80 vs=0.00 n=0 [none]
1786932969.889 [OBSTACLES] cur_s=16.28 cur_d=-1.81 vs=0.00 n=0 [none]
1786932970.405 [OBSTACLES] cur_s=16.28 cur_d=-1.81 vs=0.00 n=0 [none]
1786932970.919 [OBSTACLES] cur_s=16.28 cur_d=-1.81 vs=0.00 n=0 [none]
1786932971.492 [OBSTACLES] cur_s=16.28 cur_d=-1.81 vs=0.00 n=0 [none]
1786932971.992 [OBSTACLES] cur_s=16.28 cur_d=-1.81 vs=0.00 n=0 [none]
1786932972.562 [OBSTACLES] cur_s=16.28 cur_d=-1.81 vs=0.00 n=0 [none]
1786932973.091 [OBSTACLES] cur_s=16.28 cur_d=-1.81 vs=0.00 n=0 [none]
1786932973.601 [OBSTACLES] cur_s=16.28 cur_d=-1.81 vs=0.00 n=0 [none]
1786932974.116 [OBSTACLES] cur_s=16.28 cur_d=-1.81 vs=0.00 n=0 [none]
1786932974.626 [OBSTACLES] cur_s=16.28 cur_d=-1.81 vs=0.00 n=0 [none]
1786932975.137 [OBSTACLES] cur_s=16.28 cur_d=-1.81 vs=0.00 n=0 [none]
1786932975.694 [OBSTACLES] cur_s=16.28 cur_d=-1.81 vs=0.00 n=0 [none]
1786932976.202 [OBSTACLES] cur_s=16.28 cur_d=-1.81 vs=0.00 n=0 [none]
1786932976.762 [OBSTACLES] cur_s=16.28 cur_d=-1.81 vs=0.00 n=0 [none]
1786932977.308 [OBSTACLES] cur_s=16.28 cur_d=-1.81 vs=0.00 n=0 [none]
1786932977.817 [OBSTACLES] cur_s=16.28 cur_d=-1.81 vs=0.00 n=0 [none]
1786932978.326 [OBSTACLES] cur_s=16.28 cur_d=-1.81 vs=0.00 n=0 [none]
1786932978.856 [OBSTACLES] cur_s=16.28 cur_d=-1.81 vs=0.00 n=0 [none]
1786932979.411 [OBSTACLES] cur_s=16.28 cur_d=-1.81 vs=0.00 n=0 [none]
1786932980.129 [OBSTACLES] cur_s=16.28 cur_d=-1.81 vs=0.00 n=0 [none]
1786932980.649 [OBSTACLES] cur_s=16.28 cur_d=-1.81 vs=0.00 n=0 [none]
1786932981.153 [OBSTACLES] cur_s=16.28 cur_d=-1.81 vs=0.00 n=0 [none]
1786932981.666 [OBSTACLES] cur_s=16.28 cur_d=-1.81 vs=0.00 n=0 [none]
1786932982.180 [OBSTACLES] cur_s=16.28 cur_d=-1.81 vs=0.00 n=0 [none]
1786932982.700 [OBSTACLES] cur_s=16.28 cur_d=-1.81 vs=0.00 n=0 [none]
1786932983.218 [OBSTACLES] cur_s=16.28 cur_d=-1.81 vs=0.00 n=0 [none]
1786932983.767 [OBSTACLES] cur_s=16.28 cur_d=-1.81 vs=0.00 n=0 [none]
1786932984.285 [OBSTACLES] cur_s=16.28 cur_d=-1.81 vs=0.00 n=0 [none]
1786932984.787 [OBSTACLES] cur_s=16.28 cur_d=-1.81 vs=0.00 n=0 [none]
1786932985.298 [OBSTACLES] cur_s=16.28 cur_d=-1.81 vs=0.00 n=0 [none]
1786932985.820 [OBSTACLES] cur_s=16.28 cur_d=-1.81 vs=0.00 n=0 [none]
1786932986.360 [OBSTACLES] cur_s=16.28 cur_d=-1.81 vs=0.00 n=0 [none]
1786932986.881 [OBSTACLES] cur_s=16.28 cur_d=-1.81 vs=0.00 n=0 [none]
1786932987.442 [OBSTACLES] cur_s=16.28 cur_d=-1.81 vs=0.00 n=0 [none]
1786932987.955 [OBSTACLES] cur_s=16.28 cur_d=-1.81 vs=0.00 n=0 [none]
1786932988.484 [OBSTACLES] cur_s=16.28 cur_d=-1.81 vs=0.00 n=0 [none]
1786932989.030 [OBSTACLES] cur_s=16.28 cur_d=-1.81 vs=0.00 n=0 [none]
1786932989.544 [OBSTACLES] cur_s=16.28 cur_d=-1.81 vs=0.00 n=0 [none]
1786932990.095 [OBSTACLES] cur_s=16.28 cur_d=-1.81 vs=0.00 n=0 [none]
1786932990.613 [OBSTACLES] cur_s=16.28 cur_d=-1.81 vs=0.00 n=0 [none]
1786932991.177 [OBSTACLES] cur_s=16.28 cur_d=-1.81 vs=0.00 n=0 [none]
1786932991.721 [OBSTACLES] cur_s=16.28 cur_d=-1.81 vs=0.00 n=0 [none]
1786932992.259 [OBSTACLES] cur_s=16.28 cur_d=-1.81 vs=0.00 n=0 [none]
1786932992.769 [OBSTACLES] cur_s=16.28 cur_d=-1.81 vs=0.00 n=0 [none]
1786932993.283 [OBSTACLES] cur_s=16.28 cur_d=-1.81 vs=0.00 n=0 [none]
1786932993.790 [OBSTACLES] cur_s=16.28 cur_d=-1.81 vs=0.00 n=0 [none]
1786932994.337 [OBSTACLES] cur_s=16.28 cur_d=-1.81 vs=0.00 n=0 [none]
1786932994.854 [OBSTACLES] cur_s=16.28 cur_d=-1.81 vs=0.00 n=0 [none]
1786932995.385 [OBSTACLES] cur_s=16.28 cur_d=-1.81 vs=0.00 n=0 [none]
1786932995.923 [OBSTACLES] cur_s=16.28 cur_d=-1.81 vs=0.00 n=0 [none]
1786932996.467 [OBSTACLES] cur_s=16.28 cur_d=-1.81 vs=0.00 n=0 [none]
1786932996.998 [OBSTACLES] cur_s=16.28 cur_d=-1.81 vs=0.00 n=0 [none]
1786932997.506 [OBSTACLES] cur_s=16.28 cur_d=-1.81 vs=0.00 n=0 [none]
1786932998.038 [OBSTACLES] cur_s=16.28 cur_d=-1.81 vs=0.00 n=0 [none]
1786932998.609 [OBSTACLES] cur_s=16.28 cur_d=-1.81 vs=0.00 n=0 [none]
1786932999.180 [OBSTACLES] cur_s=16.28 cur_d=-1.81 vs=0.00 n=0 [none]
1786932999.706 [OBSTACLES] cur_s=16.28 cur_d=-1.81 vs=0.00 n=0 [none]
1786933000.231 [OBSTACLES] cur_s=16.28 cur_d=-1.80 vs=0.00 n=0 [none]
1786933000.737 [OBSTACLES] cur_s=16.28 cur_d=-1.80 vs=0.00 n=0 [none]
1786933001.282 [OBSTACLES] cur_s=16.28 cur_d=-1.80 vs=0.00 n=0 [none]
1786933001.810 [OBSTACLES] cur_s=16.28 cur_d=-1.80 vs=0.00 n=0 [none]
1786933002.353 [OBSTACLES] cur_s=16.28 cur_d=-1.80 vs=0.00 n=0 [none]
1786933002.913 [OBSTACLES] cur_s=16.28 cur_d=-1.81 vs=0.00 n=0 [none]
1786933003.448 [OBSTACLES] cur_s=16.28 cur_d=-1.81 vs=0.00 n=0 [none]
1786933003.976 [OBSTACLES] cur_s=16.28 cur_d=-1.81 vs=0.00 n=0 [none]
1786933004.483 [OBSTACLES] cur_s=16.26 cur_d=-1.84 vs=0.00 n=0 [none]
1786933005.020 [OBSTACLES] cur_s=16.28 cur_d=-1.79 vs=0.00 n=0 [none]
1786933005.591 [OBSTACLES] cur_s=16.28 cur_d=-1.79 vs=0.00 n=0 [none]
1786933006.093 [OBSTACLES] cur_s=16.27 cur_d=-1.79 vs=0.00 n=0 [none]
1786933006.642 [OBSTACLES] cur_s=16.27 cur_d=-1.80 vs=0.00 n=0 [none]
1786933007.180 [OBSTACLES] cur_s=16.27 cur_d=-1.80 vs=0.00 n=0 [none]
1786933007.718 [OBSTACLES] cur_s=16.27 cur_d=-1.80 vs=0.00 n=0 [none]
1786933008.288 [OBSTACLES] cur_s=16.28 cur_d=-1.79 vs=0.00 n=0 [none]
1786933008.896 [OBSTACLES] cur_s=16.28 cur_d=-1.79 vs=0.00 n=0 [none]
1786933009.402 [OBSTACLES] cur_s=16.29 cur_d=-1.79 vs=0.00 n=0 [none]
1786933009.908 [OBSTACLES] cur_s=16.27 cur_d=-1.82 vs=0.00 n=0 [none]
1786933010.450 [OBSTACLES] cur_s=16.26 cur_d=-1.83 vs=0.00 n=0 [none]
1786933010.998 [OBSTACLES] cur_s=16.26 cur_d=-1.83 vs=0.00 n=0 [none]
1786933011.532 [OBSTACLES] cur_s=16.26 cur_d=-1.83 vs=0.00 n=0 [none]
1786933012.054 [OBSTACLES] cur_s=16.26 cur_d=-1.83 vs=0.00 n=0 [none]
1786933012.569 [OBSTACLES] cur_s=16.26 cur_d=-1.83 vs=0.00 n=0 [none]
1786933013.236 [OBSTACLES] cur_s=16.26 cur_d=-1.83 vs=0.00 n=0 [none]
1786933013.755 [OBSTACLES] cur_s=16.26 cur_d=-1.83 vs=0.00 n=0 [none]
1786933014.316 [OBSTACLES] cur_s=16.26 cur_d=-1.83 vs=0.00 n=0 [none]
1786933014.870 [OBSTACLES] cur_s=16.26 cur_d=-1.83 vs=0.00 n=0 [none]
1786933015.426 [OBSTACLES] cur_s=16.26 cur_d=-1.83 vs=0.00 n=0 [none]
1786933015.959 [OBSTACLES] cur_s=16.26 cur_d=-1.83 vs=0.00 n=0 [none]
1786933016.484 [OBSTACLES] cur_s=16.26 cur_d=-1.83 vs=0.00 n=0 [none]
1786933017.005 [OBSTACLES] cur_s=16.26 cur_d=-1.83 vs=0.00 n=0 [none]
1786933017.516 [OBSTACLES] cur_s=16.26 cur_d=-1.83 vs=0.00 n=0 [none]
1786933018.037 [OBSTACLES] cur_s=16.26 cur_d=-1.83 vs=0.00 n=0 [none]
1786933018.572 [OBSTACLES] cur_s=16.26 cur_d=-1.84 vs=0.00 n=0 [none]
1786933019.114 [OBSTACLES] cur_s=16.26 cur_d=-1.83 vs=0.00 n=0 [none]
1786933019.627 [OBSTACLES] cur_s=16.27 cur_d=-1.81 vs=0.00 n=0 [none]
1786933020.158 [OBSTACLES] cur_s=16.27 cur_d=-1.81 vs=0.00 n=0 [none]
1786933020.704 [OBSTACLES] cur_s=16.27 cur_d=-1.81 vs=0.00 n=0 [none]
1786933021.210 [OBSTACLES] cur_s=16.27 cur_d=-1.81 vs=0.00 n=0 [none]
1786933021.746 [OBSTACLES] cur_s=16.26 cur_d=-1.82 vs=0.00 n=0 [none]
1786933022.313 [OBSTACLES] cur_s=16.26 cur_d=-1.82 vs=0.00 n=0 [none]
1786933022.848 [OBSTACLES] cur_s=16.28 cur_d=-1.80 vs=0.00 n=0 [none]
1786933023.379 [OBSTACLES] cur_s=16.27 cur_d=-1.81 vs=0.00 n=0 [none]
1786933023.907 [OBSTACLES] cur_s=16.27 cur_d=-1.82 vs=0.00 n=1 [id=34 static=1 gap=0.02m d=-0.30 size=0.27]
1786933023.909 [STATIC_OT] state=GB_TRACK path_exists=0 path_locked=0 path_ttl_ok=0 path_safe=0 on_spline=0 speed=0.00 raw_wpnts=0 raw_age=-s decision=TRAILING reason=NO_STATIC_PATH
1786933023.911 [STATE_CHANGE] LOSTLINE -> TRAILING src=GB_TRACK s=16.27 d=-1.82 vs=0.00
1786933024.117 [STATIC_OT] state=TRAILING path_exists=0 path_locked=0 path_ttl_ok=0 path_safe=0 on_spline=0 speed=0.00 raw_wpnts=0 raw_age=-s decision=TRAILING reason=NO_STATIC_PATH
1786933024.161 [STATIC_OT_TRANSITION] first_valid_path_to_overtake_ms=0.0
1786933024.162 [STATE_CHANGE] TRAILING -> OVERTAKE src=OVERTAKE s=16.27 d=-1.81 vs=0.00
1786933024.463 [OBSTACLES] cur_s=16.28 cur_d=-1.80 vs=0.00 n=1 [id=32 static=0 gap=0.08m d=-0.28 size=0.24]
1786933025.021 [OBSTACLES] cur_s=16.28 cur_d=-1.80 vs=0.00 n=1 [id=32 static=0 gap=0.90m d=0.31 size=0.25]
1786933025.542 [OBSTACLES] cur_s=16.28 cur_d=-1.81 vs=0.00 n=1 [id=32 static=0 gap=0.88m d=0.44 size=0.42]
1786933025.931 [STATIC_OT] state=OVERTAKE path_exists=1 path_locked=1 path_ttl_ok=0 path_safe=0 on_spline=1 speed=0.00 raw_wpnts=0 raw_age=-s decision=TRAILING reason=NO_STATIC_PATH
1786933025.931 [STATE_CHANGE] OVERTAKE -> TRAILING src=GB_TRACK s=16.27 d=-1.81 vs=0.00
1786933026.044 [OBSTACLES] cur_s=16.27 cur_d=-1.81 vs=0.00 n=1 [id=32 static=0 gap=1.66m d=0.38 size=0.42]
1786933026.148 [STATIC_OT] state=TRAILING path_exists=0 path_locked=0 path_ttl_ok=0 path_safe=0 on_spline=0 speed=0.00 raw_wpnts=0 raw_age=-s decision=TRAILING reason=NO_STATIC_PATH
1786933026.191 [STATE_CHANGE] TRAILING -> LOSTLINE src=GB_TRACK s=16.27 d=-1.81 vs=0.00
1786933026.257 [STATE_CHANGE] LOSTLINE -> TRAILING src=GB_TRACK s=16.27 d=-1.81 vs=0.00
1786933026.366 [STATIC_OT] state=TRAILING path_exists=0 path_locked=0 path_ttl_ok=0 path_safe=0 on_spline=0 speed=0.00 raw_wpnts=0 raw_age=-s decision=TRAILING reason=NO_STATIC_PATH
1786933026.573 [OBSTACLES] cur_s=16.27 cur_d=-1.81 vs=0.00 n=2 [id=32 static=0 gap=2.06m d=0.45 size=0.42; id=36 static=1 gap=1.65m d=0.46 size=0.17]
1786933026.577 [STATIC_OT] state=TRAILING path_exists=0 path_locked=0 path_ttl_ok=0 path_safe=0 on_spline=0 speed=0.00 raw_wpnts=0 raw_age=-s decision=TRAILING reason=NO_STATIC_PATH
1786933026.828 [STATIC_OT] state=TRAILING path_exists=1 path_locked=0 path_ttl_ok=1 path_safe=0 on_spline=1 speed=0.00 raw_wpnts=81 raw_age=0.69s decision=TRAILING reason=PATH_BLOCKED blocked_obs_id=32 gap=2.44m free_dist=-0.058m branch=dyn/nopred (id_mismatch or empty)
1786933027.026 [STATE_CHANGE] TRAILING -> LOSTLINE src=GB_TRACK s=16.27 d=-1.82 vs=0.00
1786933027.101 [OBSTACLES] cur_s=16.27 cur_d=-1.82 vs=0.00 n=0 [none]
1786933027.178 [STATIC_OT] state=GB_TRACK path_exists=1 path_locked=0 path_ttl_ok=0 path_safe=0 on_spline=1 speed=0.00 raw_wpnts=0 raw_age=-s decision=TRAILING reason=NO_STATIC_PATH
1786933027.187 [STATE_CHANGE] LOSTLINE -> TRAILING src=GB_TRACK s=16.27 d=-1.82 vs=0.00
1786933027.388 [STATIC_OT] state=TRAILING path_exists=1 path_locked=0 path_ttl_ok=0 path_safe=0 on_spline=1 speed=0.00 raw_wpnts=0 raw_age=-s decision=TRAILING reason=NO_STATIC_PATH
1786933027.644 [OBSTACLES] cur_s=16.26 cur_d=-1.83 vs=0.00 n=1 [id=37 static=0 gap=3.36m d=-0.13 size=0.26]
1786933027.651 [STATIC_OT] state=TRAILING path_exists=1 path_locked=0 path_ttl_ok=0 path_safe=0 on_spline=1 speed=0.00 raw_wpnts=0 raw_age=-s decision=TRAILING reason=NO_STATIC_PATH
1786933027.840 [STATE_CHANGE] TRAILING -> LOSTLINE src=GB_TRACK s=16.26 d=-1.82 vs=0.00
1786933027.884 [STATIC_OT] state=GB_TRACK path_exists=1 path_locked=0 path_ttl_ok=0 path_safe=0 on_spline=1 speed=0.00 raw_wpnts=0 raw_age=-s decision=TRAILING reason=NO_STATIC_PATH
1786933027.884 [STATE_CHANGE] LOSTLINE -> TRAILING src=GB_TRACK s=16.26 d=-1.82 vs=0.00
1786933028.138 [STATIC_OT] state=TRAILING path_exists=1 path_locked=0 path_ttl_ok=0 path_safe=0 on_spline=1 speed=0.00 raw_wpnts=0 raw_age=-s decision=TRAILING reason=NO_STATIC_PATH
1786933028.183 [OBSTACLES] cur_s=16.28 cur_d=-1.81 vs=0.00 n=1 [id=37 static=0 gap=3.64m d=-0.16 size=0.30]
1786933028.342 [STATIC_OT] state=TRAILING path_exists=1 path_locked=0 path_ttl_ok=0 path_safe=0 on_spline=1 speed=0.00 raw_wpnts=0 raw_age=-s decision=TRAILING reason=NO_STATIC_PATH
1786933028.535 [STATE_CHANGE] TRAILING -> LOSTLINE src=GB_TRACK s=16.28 d=-1.81 vs=0.00
1786933028.716 [OBSTACLES] cur_s=16.28 cur_d=-1.81 vs=0.00 n=0 [none]
1786933029.262 [OBSTACLES] cur_s=16.27 cur_d=-1.81 vs=0.00 n=0 [none]
1786933029.801 [OBSTACLES] cur_s=16.27 cur_d=-1.81 vs=0.00 n=0 [none]
1786933030.319 [OBSTACLES] cur_s=16.27 cur_d=-1.81 vs=0.00 n=0 [none]
1786933030.852 [OBSTACLES] cur_s=16.27 cur_d=-1.81 vs=0.00 n=0 [none]
1786933031.356 [OBSTACLES] cur_s=16.27 cur_d=-1.81 vs=0.00 n=0 [none]
1786933031.911 [OBSTACLES] cur_s=16.27 cur_d=-1.81 vs=0.00 n=0 [none]
1786933032.416 [OBSTACLES] cur_s=16.27 cur_d=-1.81 vs=0.00 n=0 [none]
1786933032.553 [STATIC_OT] state=GB_TRACK path_exists=0 path_locked=0 path_ttl_ok=0 path_safe=0 on_spline=0 speed=0.00 raw_wpnts=0 raw_age=-s decision=TRAILING reason=NO_STATIC_PATH
1786933032.557 [STATE_CHANGE] LOSTLINE -> TRAILING src=GB_TRACK s=16.27 d=-1.81 vs=0.00
1786933032.777 [STATIC_OT] state=TRAILING path_exists=0 path_locked=0 path_ttl_ok=0 path_safe=0 on_spline=0 speed=0.00 raw_wpnts=0 raw_age=-s decision=TRAILING reason=NO_STATIC_PATH
1786933032.957 [OBSTACLES] cur_s=16.28 cur_d=-1.81 vs=0.00 n=1 [id=40 static=1 gap=4.21m d=0.84 size=0.31]
1786933033.025 [STATIC_OT] state=TRAILING path_exists=0 path_locked=0 path_ttl_ok=0 path_safe=0 on_spline=0 speed=0.00 raw_wpnts=0 raw_age=-s decision=TRAILING reason=NO_STATIC_PATH
1786933033.295 [STATIC_OT] state=TRAILING path_exists=0 path_locked=0 path_ttl_ok=0 path_safe=0 on_spline=0 speed=0.00 raw_wpnts=0 raw_age=-s decision=TRAILING reason=NO_STATIC_PATH
1786933033.480 [OBSTACLES] cur_s=16.27 cur_d=-1.81 vs=0.00 n=0 [none]
1786933033.480 [STATE_CHANGE] TRAILING -> LOSTLINE src=GB_TRACK s=16.27 d=-1.81 vs=0.00
1786933033.988 [OBSTACLES] cur_s=16.27 cur_d=-1.81 vs=0.00 n=0 [none]
1786933034.524 [OBSTACLES] cur_s=16.27 cur_d=-1.81 vs=0.00 n=1 [id=42 static=1 gap=4.28m d=-0.14 size=0.32]
1786933034.526 [STATIC_OT] state=GB_TRACK path_exists=0 path_locked=0 path_ttl_ok=0 path_safe=0 on_spline=0 speed=0.00 raw_wpnts=0 raw_age=-s decision=TRAILING reason=NO_STATIC_PATH
1786933034.528 [STATE_CHANGE] LOSTLINE -> TRAILING src=GB_TRACK s=16.27 d=-1.81 vs=0.00
1786933034.753 [STATIC_OT] state=TRAILING path_exists=0 path_locked=0 path_ttl_ok=0 path_safe=0 on_spline=0 speed=0.00 raw_wpnts=0 raw_age=-s decision=TRAILING reason=NO_STATIC_PATH
1786933034.992 [STATIC_OT] state=TRAILING path_exists=0 path_locked=0 path_ttl_ok=0 path_safe=0 on_spline=0 speed=0.00 raw_wpnts=0 raw_age=-s decision=TRAILING reason=NO_STATIC_PATH
1786933035.033 [OBSTACLES] cur_s=16.27 cur_d=-1.81 vs=0.00 n=1 [id=42 static=1 gap=4.08m d=-0.06 size=0.43]
1786933035.268 [STATIC_OT] state=TRAILING path_exists=0 path_locked=0 path_ttl_ok=0 path_safe=0 on_spline=0 speed=0.00 raw_wpnts=0 raw_age=-s decision=TRAILING reason=NO_STATIC_PATH
1786933035.475 [STATIC_OT] state=TRAILING path_exists=0 path_locked=0 path_ttl_ok=0 path_safe=0 on_spline=0 speed=0.00 raw_wpnts=0 raw_age=-s decision=TRAILING reason=NO_STATIC_PATH
1786933035.585 [OBSTACLES] cur_s=16.27 cur_d=-1.81 vs=0.00 n=1 [id=42 static=1 gap=4.05m d=-0.04 size=0.42]
1786933035.722 [STATIC_OT] state=TRAILING path_exists=0 path_locked=0 path_ttl_ok=0 path_safe=0 on_spline=0 speed=0.00 raw_wpnts=0 raw_age=-s decision=TRAILING reason=NO_STATIC_PATH
1786933035.972 [STATIC_OT] state=TRAILING path_exists=0 path_locked=0 path_ttl_ok=0 path_safe=0 on_spline=0 speed=0.00 raw_wpnts=0 raw_age=-s decision=TRAILING reason=NO_STATIC_PATH
1786933036.106 [OBSTACLES] cur_s=16.27 cur_d=-1.81 vs=0.00 n=1 [id=42 static=1 gap=4.06m d=-0.03 size=0.39]
1786933036.204 [STATIC_OT] state=TRAILING path_exists=0 path_locked=0 path_ttl_ok=0 path_safe=0 on_spline=0 speed=0.00 raw_wpnts=0 raw_age=-s decision=TRAILING reason=NO_STATIC_PATH
1786933036.437 [STATIC_OT] state=TRAILING path_exists=0 path_locked=0 path_ttl_ok=0 path_safe=0 on_spline=0 speed=0.00 raw_wpnts=0 raw_age=-s decision=TRAILING reason=NO_STATIC_PATH
1786933036.666 [OBSTACLES] cur_s=16.27 cur_d=-1.81 vs=0.00 n=1 [id=42 static=1 gap=4.03m d=-0.03 size=0.43]
1786933036.672 [STATIC_OT] state=TRAILING path_exists=0 path_locked=0 path_ttl_ok=0 path_safe=0 on_spline=0 speed=0.00 raw_wpnts=0 raw_age=-s decision=TRAILING reason=NO_STATIC_PATH
1786933036.932 [STATIC_OT] state=TRAILING path_exists=0 path_locked=0 path_ttl_ok=0 path_safe=0 on_spline=0 speed=0.00 raw_wpnts=0 raw_age=-s decision=TRAILING reason=NO_STATIC_PATH
1786933037.159 [STATIC_OT] state=TRAILING path_exists=0 path_locked=0 path_ttl_ok=0 path_safe=0 on_spline=0 speed=0.00 raw_wpnts=0 raw_age=-s decision=TRAILING reason=NO_STATIC_PATH
1786933037.196 [OBSTACLES] cur_s=16.27 cur_d=-1.81 vs=0.00 n=1 [id=42 static=1 gap=4.03m d=-0.03 size=0.41]
1786933037.386 [STATIC_OT] state=TRAILING path_exists=0 path_locked=0 path_ttl_ok=0 path_safe=0 on_spline=0 speed=0.00 raw_wpnts=0 raw_age=-s decision=TRAILING reason=NO_STATIC_PATH
1786933037.600 [STATIC_OT] state=TRAILING path_exists=0 path_locked=0 path_ttl_ok=0 path_safe=0 on_spline=0 speed=0.00 raw_wpnts=0 raw_age=-s decision=TRAILING reason=NO_STATIC_PATH
1786933037.706 [OBSTACLES] cur_s=16.27 cur_d=-1.81 vs=0.00 n=1 [id=42 static=1 gap=4.03m d=-0.02 size=0.41]
1786933037.824 [STATIC_OT] state=TRAILING path_exists=0 path_locked=0 path_ttl_ok=0 path_safe=0 on_spline=0 speed=0.00 raw_wpnts=0 raw_age=-s decision=TRAILING reason=NO_STATIC_PATH
1786933038.030 [STATIC_OT] state=TRAILING path_exists=0 path_locked=0 path_ttl_ok=0 path_safe=0 on_spline=0 speed=0.00 raw_wpnts=0 raw_age=-s decision=TRAILING reason=NO_STATIC_PATH
1786933038.272 [OBSTACLES] cur_s=16.27 cur_d=-1.81 vs=0.00 n=1 [id=42 static=1 gap=4.05m d=-0.02 size=0.39]
1786933038.280 [STATIC_OT] state=TRAILING path_exists=0 path_locked=0 path_ttl_ok=0 path_safe=0 on_spline=0 speed=0.00 raw_wpnts=0 raw_age=-s decision=TRAILING reason=NO_STATIC_PATH
1786933038.509 [STATIC_OT] state=TRAILING path_exists=0 path_locked=0 path_ttl_ok=0 path_safe=0 on_spline=0 speed=0.00 raw_wpnts=0 raw_age=-s decision=TRAILING reason=NO_STATIC_PATH
1786933038.768 [STATIC_OT] state=TRAILING path_exists=0 path_locked=0 path_ttl_ok=0 path_safe=0 on_spline=0 speed=0.00 raw_wpnts=0 raw_age=-s decision=TRAILING reason=NO_STATIC_PATH
1786933038.867 [OBSTACLES] cur_s=16.27 cur_d=-1.81 vs=0.00 n=1 [id=42 static=1 gap=4.06m d=-0.03 size=0.36]
1786933039.012 [STATIC_OT] state=TRAILING path_exists=0 path_locked=0 path_ttl_ok=0 path_safe=0 on_spline=0 speed=0.00 raw_wpnts=0 raw_age=-s decision=TRAILING reason=NO_STATIC_PATH
1786933039.263 [STATIC_OT] state=TRAILING path_exists=0 path_locked=0 path_ttl_ok=0 path_safe=0 on_spline=0 speed=0.00 raw_wpnts=0 raw_age=-s decision=TRAILING reason=NO_STATIC_PATH
1786933039.399 [OBSTACLES] cur_s=16.28 cur_d=-1.81 vs=0.00 n=1 [id=42 static=1 gap=4.08m d=-0.04 size=0.32]
1786933039.695 [STATE_CHANGE] TRAILING -> LOSTLINE src=GB_TRACK s=16.27 d=-1.81 vs=0.00
1786933039.953 [OBSTACLES] cur_s=16.27 cur_d=-1.81 vs=0.00 n=0 [none]
1786933040.516 [OBSTACLES] cur_s=16.27 cur_d=-1.81 vs=0.00 n=0 [none]
1786933041.065 [OBSTACLES] cur_s=16.27 cur_d=-1.81 vs=0.00 n=0 [none]
1786933041.606 [OBSTACLES] cur_s=16.27 cur_d=-1.81 vs=0.00 n=0 [none]
1786933042.110 [OBSTACLES] cur_s=16.27 cur_d=-1.81 vs=0.00 n=0 [none]
1786933042.619 [OBSTACLES] cur_s=16.27 cur_d=-1.81 vs=0.00 n=0 [none]
1786933043.160 [OBSTACLES] cur_s=16.27 cur_d=-1.81 vs=0.00 n=0 [none]
1786933043.703 [OBSTACLES] cur_s=16.27 cur_d=-1.81 vs=0.00 n=0 [none]
1786933044.230 [OBSTACLES] cur_s=16.27 cur_d=-1.81 vs=0.00 n=0 [none]
1786933044.757 [OBSTACLES] cur_s=16.27 cur_d=-1.81 vs=0.00 n=0 [none]
1786933045.260 [OBSTACLES] cur_s=16.27 cur_d=-1.81 vs=0.00 n=0 [none]
1786933045.785 [OBSTACLES] cur_s=16.27 cur_d=-1.81 vs=0.00 n=0 [none]
1786933046.369 [OBSTACLES] cur_s=16.28 cur_d=-1.81 vs=0.00 n=0 [none]
1786933046.888 [OBSTACLES] cur_s=16.27 cur_d=-1.81 vs=0.00 n=0 [none]
1786933047.466 [OBSTACLES] cur_s=16.27 cur_d=-1.81 vs=0.00 n=0 [none]
1786933048.003 [OBSTACLES] cur_s=16.27 cur_d=-1.81 vs=0.00 n=0 [none]
1786933048.549 [OBSTACLES] cur_s=16.27 cur_d=-1.81 vs=0.00 n=0 [none]
1786933049.146 [OBSTACLES] cur_s=16.27 cur_d=-1.81 vs=0.00 n=0 [none]
1786933049.706 [OBSTACLES] cur_s=16.27 cur_d=-1.81 vs=0.00 n=0 [none]
1786933050.236 [OBSTACLES] cur_s=16.27 cur_d=-1.81 vs=0.00 n=0 [none]
1786933050.792 [OBSTACLES] cur_s=16.27 cur_d=-1.81 vs=0.00 n=0 [none]
1786933051.250 [STATIC_OT] state=GB_TRACK path_exists=0 path_locked=0 path_ttl_ok=0 path_safe=0 on_spline=0 speed=0.00 raw_wpnts=0 raw_age=-s decision=TRAILING reason=NO_STATIC_PATH
1786933051.254 [STATE_CHANGE] LOSTLINE -> TRAILING src=GB_TRACK s=16.27 d=-1.81 vs=0.00
1786933051.387 [OBSTACLES] cur_s=16.27 cur_d=-1.81 vs=0.00 n=1 [id=46 static=1 gap=4.21m d=0.05 size=0.37]
1786933051.524 [STATIC_OT] state=TRAILING path_exists=0 path_locked=0 path_ttl_ok=0 path_safe=0 on_spline=0 speed=0.00 raw_wpnts=0 raw_age=-s decision=TRAILING reason=NO_STATIC_PATH
1786933051.689 [STATE_CHANGE] TRAILING -> LOSTLINE src=GB_TRACK s=16.27 d=-1.81 vs=0.00
1786933051.918 [OBSTACLES] cur_s=16.27 cur_d=-1.81 vs=0.00 n=0 [none]
1786933052.049 [STATIC_OT] state=GB_TRACK path_exists=0 path_locked=0 path_ttl_ok=0 path_safe=0 on_spline=0 speed=0.00 raw_wpnts=0 raw_age=-s decision=TRAILING reason=NO_STATIC_PATH
1786933052.050 [STATE_CHANGE] LOSTLINE -> TRAILING src=GB_TRACK s=16.27 d=-1.81 vs=0.00
1786933052.304 [STATIC_OT] state=TRAILING path_exists=0 path_locked=0 path_ttl_ok=0 path_safe=0 on_spline=0 speed=0.00 raw_wpnts=0 raw_age=-s decision=TRAILING reason=NO_STATIC_PATH
1786933052.456 [OBSTACLES] cur_s=16.27 cur_d=-1.81 vs=0.00 n=1 [id=47 static=1 gap=4.26m d=0.82 size=0.31]
1786933052.535 [STATIC_OT] state=TRAILING path_exists=0 path_locked=0 path_ttl_ok=0 path_safe=0 on_spline=0 speed=0.08 raw_wpnts=0 raw_age=-s decision=TRAILING reason=NO_STATIC_PATH
1786933052.767 [STATIC_OT] state=TRAILING path_exists=0 path_locked=0 path_ttl_ok=0 path_safe=0 on_spline=0 speed=0.41 raw_wpnts=0 raw_age=-s decision=TRAILING reason=NO_STATIC_PATH
1786933052.965 [OBSTACLES] cur_s=16.36 cur_d=-1.50 vs=0.92 n=1 [id=47 static=1 gap=4.22m d=0.82 size=0.16]
1786933052.978 [STATIC_OT] state=TRAILING path_exists=0 path_locked=0 path_ttl_ok=0 path_safe=0 on_spline=0 speed=0.92 raw_wpnts=0 raw_age=-s decision=TRAILING reason=NO_STATIC_PATH
1786933053.091 [STATE_CHANGE] TRAILING -> LOSTLINE src=GB_TRACK s=16.45 d=-1.31 vs=1.19
1786933053.527 [OBSTACLES] cur_s=16.74 cur_d=-0.81 vs=1.35 n=0 [none]
1786933053.909 [STATE_CHANGE] LOSTLINE -> GB_TRACK src=GB_TRACK s=17.29 d=-0.29 vs=2.13
1786933054.065 [OBSTACLES] cur_s=17.72 cur_d=-0.15 vs=2.67 n=0 [none]
1786933054.603 [OBSTACLES] cur_s=19.24 cur_d=0.04 vs=4.01 n=0 [none]
1786933055.200 [OBSTACLES] cur_s=22.31 cur_d=0.01 vs=4.94 n=0 [none]
1786933055.706 [OBSTACLES] cur_s=24.98 cur_d=-0.12 vs=4.71 n=0 [none]
1786933056.234 [OBSTACLES] cur_s=27.08 cur_d=0.16 vs=3.59 n=0 [none]
1786933056.738 [OBSTACLES] cur_s=28.88 cur_d=0.10 vs=3.49 n=0 [none]
1786933057.310 [OBSTACLES] cur_s=30.58 cur_d=-0.15 vs=3.55 n=0 [none]
1786933057.844 [OBSTACLES] cur_s=32.37 cur_d=-0.19 vs=3.28 n=0 [none]
1786933058.412 [OBSTACLES] cur_s=34.11 cur_d=0.02 vs=3.32 n=0 [none]
1786933058.950 [OBSTACLES] cur_s=1.56 cur_d=0.25 vs=4.19 n=0 [none]
1786933059.520 [OBSTACLES] cur_s=4.17 cur_d=0.07 vs=4.93 n=0 [none]
1786933060.057 [OBSTACLES] cur_s=7.22 cur_d=0.01 vs=4.94 n=0 [none]
1786933060.569 [OBSTACLES] cur_s=9.21 cur_d=-0.00 vs=3.76 n=0 [none]
1786933061.072 [OBSTACLES] cur_s=10.96 cur_d=0.05 vs=2.48 n=0 [none]
1786933061.607 [OBSTACLES] cur_s=12.39 cur_d=0.24 vs=2.78 n=0 [none]
1786933061.733 [STATE_CHANGE] GB_TRACK -> LOSTLINE src=GB_TRACK s=12.73 d=0.30 vs=2.98
1786933062.037 [STATE_CHANGE] LOSTLINE -> GB_TRACK src=GB_TRACK s=13.87 d=0.28 vs=3.71
1786933062.154 [OBSTACLES] cur_s=14.20 cur_d=0.22 vs=3.54 n=0 [none]
1786933062.746 [OBSTACLES] cur_s=15.88 cur_d=-0.01 vs=2.52 n=0 [none]
1786933063.312 [OBSTACLES] cur_s=17.10 cur_d=0.11 vs=2.73 n=0 [none]
1786933063.548 [STATE_CHANGE] GB_TRACK -> LOSTLINE src=GB_TRACK s=17.76 d=0.35 vs=2.94
1786933063.839 [OBSTACLES] cur_s=18.92 cur_d=0.32 vs=3.61 n=0 [none]
1786933063.887 [STATE_CHANGE] LOSTLINE -> GB_TRACK src=GB_TRACK s=19.10 d=0.26 vs=3.68
1786933064.390 [OBSTACLES] cur_s=21.20 cur_d=-0.17 vs=4.85 n=0 [none]
1786933064.920 [OBSTACLES] cur_s=23.90 cur_d=0.03 vs=4.92 n=0 [none]
1786933065.440 [OBSTACLES] cur_s=26.35 cur_d=-0.01 vs=3.96 n=0 [none]
1786933065.961 [OBSTACLES] cur_s=27.94 cur_d=0.24 vs=3.51 n=0 [none]
1786933066.080 [STATE_CHANGE] GB_TRACK -> LOSTLINE src=GB_TRACK s=28.38 d=0.39 vs=3.15
1786933066.477 [OBSTACLES] cur_s=29.65 cur_d=0.27 vs=3.36 n=0 [none]
1786933066.477 [STATE_CHANGE] LOSTLINE -> GB_TRACK src=GB_TRACK s=29.65 d=0.27 vs=3.36
1786933067.030 [OBSTACLES] cur_s=31.69 cur_d=-0.16 vs=3.39 n=0 [none]
1786933067.562 [OBSTACLES] cur_s=33.61 cur_d=0.02 vs=3.21 n=0 [none]
1786933068.086 [OBSTACLES] cur_s=1.02 cur_d=0.22 vs=4.03 n=0 [none]
1786933068.685 [OBSTACLES] cur_s=3.73 cur_d=0.18 vs=4.93 n=0 [none]
1786933069.199 [OBSTACLES] cur_s=6.12 cur_d=0.03 vs=4.95 n=0 [none]
1786933069.749 [OBSTACLES] cur_s=8.64 cur_d=-0.01 vs=3.97 n=0 [none]
1786933070.269 [OBSTACLES] cur_s=10.18 cur_d=0.16 vs=2.72 n=0 [none]
1786933070.835 [OBSTACLES] cur_s=11.14 cur_d=0.15 vs=2.45 n=0 [none]
1786933071.200 [STATE_CHANGE] GB_TRACK -> LOSTLINE src=GB_TRACK s=12.23 d=0.31 vs=2.88
1786933071.342 [OBSTACLES] cur_s=13.00 cur_d=0.31 vs=3.30 n=0 [none]
1786933071.442 [STATE_CHANGE] LOSTLINE -> GB_TRACK src=GB_TRACK s=13.31 d=0.27 vs=3.53
1786933071.847 [OBSTACLES] cur_s=14.73 cur_d=0.12 vs=2.97 n=0 [none]
1786933072.364 [OBSTACLES] cur_s=16.04 cur_d=0.12 vs=2.48 n=0 [none]
1786933072.852 [STATE_CHANGE] GB_TRACK -> LOSTLINE src=GB_TRACK s=17.28 d=0.30 vs=2.82
1786933072.934 [OBSTACLES] cur_s=17.45 cur_d=0.33 vs=2.95 n=0 [none]
1786933073.485 [OBSTACLES] cur_s=19.24 cur_d=0.26 vs=3.84 n=0 [none]
1786933073.486 [STATE_CHANGE] LOSTLINE -> GB_TRACK src=GB_TRACK s=19.24 d=0.26 vs=3.84
1786933074.030 [OBSTACLES] cur_s=22.22 cur_d=0.00 vs=4.92 n=0 [none]
1786933074.567 [OBSTACLES] cur_s=24.86 cur_d=-0.02 vs=4.71 n=0 [none]
1786933075.151 [OBSTACLES] cur_s=27.47 cur_d=-0.01 vs=3.73 n=0 [none]
1786933075.641 [STATE_CHANGE] GB_TRACK -> LOSTLINE src=GB_TRACK s=28.77 d=0.30 vs=3.10
1786933075.725 [OBSTACLES] cur_s=29.07 cur_d=0.66 vs=2.73 n=0 [none]
1786933076.259 [OBSTACLES] cur_s=28.85 cur_d=1.56 vs=-1.25 n=0 [none]
1786933076.782 [OBSTACLES] cur_s=27.20 cur_d=2.27 vs=-1.25 n=0 [none]
1786933077.288 [OBSTACLES] cur_s=27.05 cur_d=2.31 vs=-0.00 n=0 [none]
1786933077.792 [OBSTACLES] cur_s=27.05 cur_d=2.31 vs=-0.00 n=0 [none]
1786933078.320 [OBSTACLES] cur_s=28.93 cur_d=1.80 vs=0.66 n=0 [none]
1786933078.866 [OBSTACLES] cur_s=29.40 cur_d=1.46 vs=0.12 n=0 [none]
1786933079.399 [OBSTACLES] cur_s=29.40 cur_d=1.45 vs=-0.00 n=0 [none]
1786933079.912 [OBSTACLES] cur_s=29.41 cur_d=1.45 vs=-0.00 n=0 [none]
1786933080.419 [OBSTACLES] cur_s=29.43 cur_d=1.43 vs=-0.00 n=0 [none]
1786933080.939 [OBSTACLES] cur_s=29.48 cur_d=1.38 vs=-0.00 n=0 [none]
1786933081.539 [OBSTACLES] cur_s=29.53 cur_d=1.32 vs=0.23 n=0 [none]
1786933082.090 [OBSTACLES] cur_s=29.76 cur_d=1.00 vs=0.00 n=0 [none]
1786933082.597 [OBSTACLES] cur_s=29.68 cur_d=0.98 vs=-0.23 n=0 [none]
1786933083.130 [OBSTACLES] cur_s=29.38 cur_d=0.65 vs=0.21 n=0 [none]
1786933083.681 [OBSTACLES] cur_s=29.22 cur_d=0.78 vs=-0.04 n=0 [none]
1786933084.188 [OBSTACLES] cur_s=29.14 cur_d=0.83 vs=-0.00 n=0 [none]
1786933084.715 [OBSTACLES] cur_s=29.13 cur_d=0.85 vs=-0.00 n=0 [none]
1786933085.240 [OBSTACLES] cur_s=29.13 cur_d=0.84 vs=-0.00 n=0 [none]
1786933085.742 [OBSTACLES] cur_s=29.12 cur_d=0.85 vs=-0.00 n=0 [none]
1786933086.256 [OBSTACLES] cur_s=29.13 cur_d=0.84 vs=-0.00 n=0 [none]
1786933086.786 [OBSTACLES] cur_s=29.12 cur_d=0.85 vs=-0.00 n=0 [none]
1786933087.304 [OBSTACLES] cur_s=29.14 cur_d=0.84 vs=-0.00 n=0 [none]
1786933087.815 [OBSTACLES] cur_s=29.17 cur_d=0.81 vs=-0.00 n=0 [none]
1786933088.348 [OBSTACLES] cur_s=29.17 cur_d=0.81 vs=-0.00 n=0 [none]
1786933088.863 [OBSTACLES] cur_s=29.17 cur_d=0.82 vs=-0.00 n=0 [none]
1786933089.404 [OBSTACLES] cur_s=29.17 cur_d=0.81 vs=-0.00 n=0 [none]
1786933090.001 [OBSTACLES] cur_s=29.17 cur_d=0.81 vs=-0.00 n=0 [none]
1786933090.520 [OBSTACLES] cur_s=29.18 cur_d=0.80 vs=-0.00 n=0 [none]
1786933091.042 [OBSTACLES] cur_s=29.19 cur_d=0.79 vs=-0.00 n=0 [none]
1786933091.552 [OBSTACLES] cur_s=29.16 cur_d=0.79 vs=-0.00 n=0 [none]
1786933092.128 [OBSTACLES] cur_s=29.15 cur_d=0.78 vs=-0.06 n=0 [none]
1786933092.629 [OBSTACLES] cur_s=28.80 cur_d=0.96 vs=-0.83 n=0 [none]
1786933093.140 [OBSTACLES] cur_s=27.82 cur_d=0.90 vs=-0.91 n=0 [none]
1786933093.641 [OBSTACLES] cur_s=27.05 cur_d=0.63 vs=-1.09 n=0 [none]
1786933094.150 [OBSTACLES] cur_s=26.55 cur_d=0.56 vs=-1.25 n=0 [none]
1786933094.653 [OBSTACLES] cur_s=25.72 cur_d=0.70 vs=-1.61 n=0 [none]
1786933095.185 [OBSTACLES] cur_s=24.48 cur_d=0.79 vs=-1.95 n=0 [none]
1786933095.723 [OBSTACLES] cur_s=23.42 cur_d=0.67 vs=-2.42 n=0 [none]
1786933096.274 [OBSTACLES] cur_s=22.03 cur_d=0.64 vs=-2.41 n=0 [none]
1786933096.807 [OBSTACLES] cur_s=20.58 cur_d=0.87 vs=-2.40 n=0 [none]
1786933097.367 [OBSTACLES] cur_s=18.93 cur_d=1.10 vs=-2.40 n=0 [none]
1786933097.878 [OBSTACLES] cur_s=17.38 cur_d=0.92 vs=-1.88 n=0 [none]
1786933098.335 [STATE_CHANGE] LOSTLINE -> GB_TRACK src=GB_TRACK s=16.71 d=0.27 vs=-0.61
1786933098.470 [OBSTACLES] cur_s=16.72 cur_d=0.17 vs=-0.68 n=0 [none]
1786933098.710 [STATE_CHANGE] GB_TRACK -> LOSTLINE src=GB_TRACK s=16.65 d=-0.35 vs=-0.69
1786933098.906 [STATE_CHANGE] LOSTLINE -> GB_TRACK src=GB_TRACK s=16.97 d=-0.19 vs=-1.32
1786933098.996 [OBSTACLES] cur_s=17.17 cur_d=-0.05 vs=-1.49 n=0 [none]
1786933099.547 [OBSTACLES] cur_s=16.89 cur_d=-0.25 vs=-1.17 n=0 [none]
1786933099.672 [STATE_CHANGE] GB_TRACK -> LOSTLINE src=GB_TRACK s=16.80 d=-0.37 vs=-0.97
1786933100.084 [OBSTACLES] cur_s=16.68 cur_d=-0.78 vs=-0.09 n=0 [none]
1786933100.615 [OBSTACLES] cur_s=16.71 cur_d=-0.81 vs=0.03 n=0 [none]
1786933101.162 [OBSTACLES] cur_s=16.76 cur_d=-0.35 vs=-0.62 n=0 [none]
1786933101.282 [STATE_CHANGE] LOSTLINE -> GB_TRACK src=GB_TRACK s=16.76 d=-0.15 vs=-0.68
1786933101.675 [OBSTACLES] cur_s=16.63 cur_d=0.04 vs=-0.17 n=1 [id=52 static=1 gap=9.34m d=0.71 size=0.15]
1786933102.448 [OBSTACLES] cur_s=17.24 cur_d=-0.18 vs=1.09 n=0 [none]
1786933102.957 [OBSTACLES] cur_s=17.67 cur_d=-0.18 vs=0.00 n=2 [id=55 static=0 gap=7.25m d=0.56 size=0.19; id=53 static=1 gap=7.63m d=0.66 size=0.17]
1786933103.524 [OBSTACLES] cur_s=17.87 cur_d=-0.02 vs=-0.60 n=1 [id=55 static=0 gap=6.71m d=0.64 size=0.20]
1786933103.690 [STATIC_OT] state=GB_TRACK path_exists=0 path_locked=0 path_ttl_ok=0 path_safe=0 on_spline=0 speed=-0.49 raw_wpnts=0 raw_age=-s decision=TRAILING reason=NO_STATIC_PATH
1786933103.690 [STATE_CHANGE] GB_TRACK -> TRAILING src=GB_TRACK s=17.80 d=0.08 vs=-0.49
1786933103.764 [STATE_CHANGE] TRAILING -> LOSTLINE src=GB_TRACK s=17.76 d=0.09 vs=-0.49
1786933103.808 [STATE_CHANGE] LOSTLINE -> TRAILING src=GB_TRACK s=17.74 d=0.09 vs=-0.59
1786933103.929 [STATIC_OT] state=TRAILING path_exists=0 path_locked=0 path_ttl_ok=0 path_safe=0 on_spline=0 speed=-0.85 raw_wpnts=0 raw_age=-s decision=TRAILING reason=NO_STATIC_PATH
1786933104.010 [STATE_CHANGE] TRAILING -> LOSTLINE src=GB_TRACK s=17.66 d=0.12 vs=-0.88
1786933104.064 [OBSTACLES] cur_s=17.63 cur_d=0.13 vs=-0.78 n=0 [none]
1786933104.064 [STATE_CHANGE] LOSTLINE -> GB_TRACK src=GB_TRACK s=17.63 d=0.13 vs=-0.78
1786933104.160 [STATIC_OT] state=GB_TRACK path_exists=0 path_locked=0 path_ttl_ok=0 path_safe=0 on_spline=0 speed=-0.65 raw_wpnts=0 raw_age=-s decision=TRAILING reason=NO_STATIC_PATH
1786933104.160 [STATE_CHANGE] GB_TRACK -> TRAILING src=GB_TRACK s=17.52 d=0.14 vs=-0.65
1786933104.272 [STATE_CHANGE] TRAILING -> LOSTLINE src=GB_TRACK s=17.46 d=0.14 vs=-0.61
1786933104.319 [STATE_CHANGE] LOSTLINE -> GB_TRACK src=GB_TRACK s=17.42 d=0.12 vs=-0.57
1786933104.591 [OBSTACLES] cur_s=17.13 cur_d=-0.04 vs=-0.32 n=0 [none]
1786933105.107 [OBSTACLES] cur_s=17.15 cur_d=-0.13 vs=0.00 n=1 [id=56 static=1 gap=6.57m d=0.57 size=0.40]
1786933105.569 [STATIC_OT] state=GB_TRACK path_exists=0 path_locked=0 path_ttl_ok=0 path_safe=0 on_spline=0 speed=-1.07 raw_wpnts=0 raw_age=-s decision=TRAILING reason=NO_STATIC_PATH
1786933105.573 [STATE_CHANGE] GB_TRACK -> TRAILING src=GB_TRACK s=17.04 d=-0.36 vs=-1.07
1786933105.649 [OBSTACLES] cur_s=17.01 cur_d=-0.43 vs=-1.06 n=1 [id=56 static=1 gap=6.57m d=0.59 size=0.35]
1786933105.848 [STATE_CHANGE] TRAILING -> LOSTLINE src=GB_TRACK s=16.88 d=-0.64 vs=-0.75
1786933106.245 [OBSTACLES] cur_s=16.81 cur_d=-0.66 vs=0.00 n=1 [id=58 static=1 gap=6.11m d=0.68 size=0.32]
1786933106.250 [STATIC_OT] state=GB_TRACK path_exists=0 path_locked=0 path_ttl_ok=0 path_safe=0 on_spline=0 speed=0.00 raw_wpnts=0 raw_age=-s decision=TRAILING reason=NO_STATIC_PATH
1786933106.250 [STATE_CHANGE] LOSTLINE -> TRAILING src=GB_TRACK s=16.81 d=-0.66 vs=0.00
1786933106.484 [STATIC_OT] state=TRAILING path_exists=0 path_locked=0 path_ttl_ok=0 path_safe=0 on_spline=0 speed=0.00 raw_wpnts=0 raw_age=-s decision=TRAILING reason=NO_STATIC_PATH
1786933106.730 [STATIC_OT] state=TRAILING path_exists=0 path_locked=0 path_ttl_ok=0 path_safe=0 on_spline=0 speed=0.00 raw_wpnts=0 raw_age=-s decision=TRAILING reason=NO_STATIC_PATH
1786933106.790 [OBSTACLES] cur_s=16.80 cur_d=-0.66 vs=-0.05 n=1 [id=58 static=1 gap=5.82m d=0.62 size=0.42]
1786933106.996 [STATIC_OT] state=TRAILING path_exists=0 path_locked=0 path_ttl_ok=0 path_safe=0 on_spline=0 speed=-0.10 raw_wpnts=0 raw_age=-s decision=TRAILING reason=NO_STATIC_PATH
1786933107.218 [STATIC_OT] state=TRAILING path_exists=0 path_locked=0 path_ttl_ok=0 path_safe=0 on_spline=0 speed=0.00 raw_wpnts=0 raw_age=-s decision=TRAILING reason=NO_STATIC_PATH
1786933107.312 [OBSTACLES] cur_s=16.73 cur_d=-0.69 vs=-0.07 n=1 [id=58 static=1 gap=5.91m d=0.65 size=0.23]
1786933107.534 [STATIC_OT] state=TRAILING path_exists=0 path_locked=0 path_ttl_ok=0 path_safe=0 on_spline=0 speed=0.00 raw_wpnts=0 raw_age=-s decision=TRAILING reason=NO_STATIC_PATH
1786933107.759 [STATIC_OT] state=TRAILING path_exists=0 path_locked=0 path_ttl_ok=0 path_safe=0 on_spline=0 speed=-0.08 raw_wpnts=0 raw_age=-s decision=TRAILING reason=NO_STATIC_PATH
1786933107.856 [OBSTACLES] cur_s=16.69 cur_d=-0.72 vs=0.00 n=1 [id=58 static=1 gap=5.89m d=0.65 size=0.24]
1786933107.965 [STATIC_OT] state=TRAILING path_exists=0 path_locked=0 path_ttl_ok=0 path_safe=0 on_spline=0 speed=0.00 raw_wpnts=0 raw_age=-s decision=TRAILING reason=NO_STATIC_PATH
1786933108.175 [STATIC_OT] state=TRAILING path_exists=0 path_locked=0 path_ttl_ok=0 path_safe=0 on_spline=0 speed=0.00 raw_wpnts=0 raw_age=-s decision=TRAILING reason=NO_STATIC_PATH
1786933108.319 [STATE_CHANGE] TRAILING -> LOSTLINE src=GB_TRACK s=16.64 d=-0.74 vs=0.00
1786933108.361 [OBSTACLES] cur_s=16.64 cur_d=-0.75 vs=0.00 n=0 [none]
1786933108.947 [OBSTACLES] cur_s=16.59 cur_d=-0.78 vs=0.00 n=0 [none]
1786933109.499 [OBSTACLES] cur_s=16.62 cur_d=-0.75 vs=0.00 n=0 [none]
1786933110.001 [OBSTACLES] cur_s=16.62 cur_d=-0.75 vs=0.00 n=0 [none]
1786933110.539 [OBSTACLES] cur_s=16.62 cur_d=-0.74 vs=0.00 n=0 [none]
1786933111.039 [OBSTACLES] cur_s=16.63 cur_d=-0.71 vs=0.00 n=0 [none]
1786933111.587 [OBSTACLES] cur_s=16.63 cur_d=-0.71 vs=0.00 n=0 [none]
1786933112.173 [OBSTACLES] cur_s=16.63 cur_d=-0.71 vs=0.00 n=0 [none]
1786933112.681 [OBSTACLES] cur_s=16.63 cur_d=-0.71 vs=0.00 n=0 [none]
1786933113.238 [OBSTACLES] cur_s=16.63 cur_d=-0.71 vs=0.00 n=0 [none]
1786933113.750 [OBSTACLES] cur_s=16.63 cur_d=-0.71 vs=0.00 n=0 [none]
1786933114.269 [OBSTACLES] cur_s=16.63 cur_d=-0.71 vs=0.00 n=0 [none]
1786933114.778 [OBSTACLES] cur_s=16.63 cur_d=-0.71 vs=0.00 n=0 [none]
1786933115.293 [OBSTACLES] cur_s=16.63 cur_d=-0.71 vs=0.00 n=0 [none]
1786933115.943 [OBSTACLES] cur_s=16.63 cur_d=-0.71 vs=0.00 n=0 [none]
1786933116.504 [OBSTACLES] cur_s=16.63 cur_d=-0.71 vs=0.00 n=0 [none]
1786933117.039 [OBSTACLES] cur_s=16.63 cur_d=-0.71 vs=0.00 n=0 [none]
1786933117.600 [OBSTACLES] cur_s=16.63 cur_d=-0.71 vs=0.00 n=0 [none]
1786933118.115 [OBSTACLES] cur_s=16.63 cur_d=-0.71 vs=0.00 n=0 [none]
1786933118.697 [OBSTACLES] cur_s=16.63 cur_d=-0.71 vs=0.00 n=0 [none]
1786933119.202 [OBSTACLES] cur_s=16.63 cur_d=-0.71 vs=0.00 n=0 [none]
