# static_avoidance_node debug log started 20260822_174035
1787388040.646 [STATIC_AVOID] obs_id=- obs_dist=-m obs_s=- ego_s=40.77 side=- | left_clearance=- right_clearance=- candidate_valid=false rung=- pre_dist=-m | cache_used=false path_age=- path_points=0 planning_time_ms=0.2 | reason=no_static_obstacle_in_range | cache_reason=no_cache
1787388041.235 [STATIC_AVOID] obs_id=- obs_dist=-m obs_s=- ego_s=40.77 side=- | left_clearance=- right_clearance=- candidate_valid=false rung=- pre_dist=-m | cache_used=false path_age=- path_points=0 planning_time_ms=0.1 | reason=no_static_obstacle_in_range | cache_reason=no_cache
1787388041.735 [STATIC_AVOID] obs_id=- obs_dist=-m obs_s=- ego_s=40.77 side=- | left_clearance=- right_clearance=- candidate_valid=false rung=- pre_dist=-m | cache_used=false path_age=- path_points=0 planning_time_ms=0.1 | reason=no_static_obstacle_in_range | cache_reason=no_cache
1787388042.337 [STATIC_AVOID] obs_id=- obs_dist=-m obs_s=- ego_s=40.75 side=- | left_clearance=- right_clearance=- candidate_valid=false rung=- pre_dist=-m | cache_used=false path_age=- path_points=0 planning_time_ms=0.1 | reason=no_static_obstacle_in_range | cache_reason=no_cache
1787388042.842 [STATIC_AVOID] obs_id=- obs_dist=-m obs_s=- ego_s=40.74 side=- | left_clearance=- right_clearance=- candidate_valid=false rung=- pre_dist=-m | cache_used=false path_age=- path_points=0 planning_time_ms=0.1 | reason=no_static_obstacle_in_range | cache_reason=no_cache
1787388043.347 [STATIC_AVOID] obs_id=- obs_dist=-m obs_s=- ego_s=40.75 side=- | left_clearance=- right_clearance=- candidate_valid=false rung=- pre_dist=-m | cache_used=false path_age=- path_points=0 planning_time_ms=0.1 | reason=no_static_obstacle_in_range | cache_reason=no_cache
1787388043.935 [STATIC_AVOID] obs_id=- obs_dist=-m obs_s=- ego_s=40.74 side=- | left_clearance=- right_clearance=- candidate_valid=false rung=- pre_dist=-m | cache_used=false path_age=- path_points=0 planning_time_ms=0.1 | reason=no_static_obstacle_in_range | cache_reason=no_cache
1787388044.437 [STATIC_AVOID] obs_id=- obs_dist=-m obs_s=- ego_s=40.74 side=- | left_clearance=- right_clearance=- candidate_valid=false rung=- pre_dist=-m | cache_used=false path_age=- path_points=0 planning_time_ms=0.1 | reason=no_static_obstacle_in_range | cache_reason=no_cache
1787388044.939 [STATIC_AVOID] obs_id=- obs_dist=-m obs_s=- ego_s=40.74 side=- | left_clearance=- right_clearance=- candidate_valid=false rung=- pre_dist=-m | cache_used=false path_age=- path_points=0 planning_time_ms=0.1 | reason=no_static_obstacle_in_range | cache_reason=no_cache
1787388045.545 [STATIC_AVOID] obs_id=- obs_dist=-m obs_s=- ego_s=40.75 side=- | left_clearance=- right_clearance=- candidate_valid=false rung=- pre_dist=-m | cache_used=false path_age=- path_points=0 planning_time_ms=0.1 | reason=no_static_obstacle_in_range | cache_reason=no_cache
1787388046.136 [STATIC_AVOID] obs_id=- obs_dist=-m obs_s=- ego_s=40.74 side=- | left_clearance=- right_clearance=- candidate_valid=false rung=- pre_dist=-m | cache_used=false path_age=- path_points=0 planning_time_ms=0.1 | reason=no_static_obstacle_in_range | cache_reason=no_cache
1787388046.747 [STATIC_AVOID] obs_id=- obs_dist=-m obs_s=- ego_s=40.74 side=- | left_clearance=- right_clearance=- candidate_valid=false rung=- pre_dist=-m | cache_used=false path_age=- path_points=0 planning_time_ms=0.2 | reason=no_static_obstacle_in_range | cache_reason=no_cache
1787388047.341 [STATIC_AVOID] obs_id=- obs_dist=-m obs_s=- ego_s=40.74 side=- | left_clearance=- right_clearance=- candidate_valid=false rung=- pre_dist=-m | cache_used=false path_age=- path_points=0 planning_time_ms=0.1 | reason=no_static_obstacle_in_range | cache_reason=no_cache
1787388047.935 [STATIC_AVOID] obs_id=- obs_dist=-m obs_s=- ego_s=40.76 side=- | left_clearance=- right_clearance=- candidate_valid=false rung=- pre_dist=-m | cache_used=false path_age=- path_points=0 planning_time_ms=0.1 | reason=no_static_obstacle_in_range | cache_reason=no_cache
1787388048.435 [STATIC_AVOID] obs_id=- obs_dist=-m obs_s=- ego_s=40.77 side=- | left_clearance=- right_clearance=- candidate_valid=false rung=- pre_dist=-m | cache_used=false path_age=- path_points=0 planning_time_ms=0.1 | reason=no_static_obstacle_in_range | cache_reason=no_cache
1787388048.939 [STATIC_AVOID] obs_id=- obs_dist=-m obs_s=- ego_s=40.74 side=- | left_clearance=- right_clearance=- candidate_valid=false rung=- pre_dist=-m | cache_used=false path_age=- path_points=0 planning_time_ms=1.4 | reason=no_static_obstacle_in_range | cache_reason=no_cache
1787388049.535 [STATIC_AVOID] obs_id=- obs_dist=-m obs_s=- ego_s=40.77 side=- | left_clearance=- right_clearance=- candidate_valid=false rung=- pre_dist=-m | cache_used=false path_age=- path_points=0 planning_time_ms=0.1 | reason=no_static_obstacle_in_range | cache_reason=no_cache
1787388050.036 [STATIC_AVOID] obs_id=- obs_dist=-m obs_s=- ego_s=40.75 side=- | left_clearance=- right_clearance=- candidate_valid=false rung=- pre_dist=-m | cache_used=false path_age=- path_points=0 planning_time_ms=0.1 | reason=no_static_obstacle_in_range | cache_reason=no_cache
1787388050.637 [STATIC_AVOID] obs_id=- obs_dist=-m obs_s=- ego_s=40.74 side=- | left_clearance=- right_clearance=- candidate_valid=false rung=- pre_dist=-m | cache_used=false path_age=- path_points=0 planning_time_ms=0.1 | reason=no_static_obstacle_in_range | cache_reason=no_cache
1787388051.236 [STATIC_AVOID] obs_id=- obs_dist=-m obs_s=- ego_s=40.76 side=- | left_clearance=- right_clearance=- candidate_valid=false rung=- pre_dist=-m | cache_used=false path_age=- path_points=0 planning_time_ms=0.1 | reason=no_static_obstacle_in_range | cache_reason=no_cache
1787388051.738 [STATIC_AVOID] obs_id=- obs_dist=-m obs_s=- ego_s=40.75 side=- | left_clearance=- right_clearance=- candidate_valid=false rung=- pre_dist=-m | cache_used=false path_age=- path_points=0 planning_time_ms=0.1 | reason=no_static_obstacle_in_range | cache_reason=no_cache
1787388052.338 [STATIC_AVOID] obs_id=- obs_dist=-m obs_s=- ego_s=40.74 side=- | left_clearance=- right_clearance=- candidate_valid=false rung=- pre_dist=-m | cache_used=false path_age=- path_points=0 planning_time_ms=0.1 | reason=no_static_obstacle_in_range | cache_reason=no_cache
1787388052.936 [STATIC_AVOID] obs_id=- obs_dist=-m obs_s=- ego_s=40.75 side=- | left_clearance=- right_clearance=- candidate_valid=false rung=- pre_dist=-m | cache_used=false path_age=- path_points=0 planning_time_ms=0.1 | reason=no_static_obstacle_in_range | cache_reason=no_cache
1787388053.442 [STATIC_AVOID] obs_id=- obs_dist=-m obs_s=- ego_s=40.74 side=- | left_clearance=- right_clearance=- candidate_valid=false rung=- pre_dist=-m | cache_used=false path_age=- path_points=0 planning_time_ms=2.0 | reason=no_static_obstacle_in_range | cache_reason=no_cache
1787388054.037 [STATIC_AVOID] obs_id=- obs_dist=-m obs_s=- ego_s=40.75 side=- | left_clearance=- right_clearance=- candidate_valid=false rung=- pre_dist=-m | cache_used=false path_age=- path_points=0 planning_time_ms=0.1 | reason=no_static_obstacle_in_range | cache_reason=no_cache
1787388054.635 [STATIC_AVOID] obs_id=- obs_dist=-m obs_s=- ego_s=40.76 side=- | left_clearance=- right_clearance=- candidate_valid=false rung=- pre_dist=-m | cache_used=false path_age=- path_points=0 planning_time_ms=0.1 | reason=no_static_obstacle_in_range | cache_reason=no_cache
1787388055.136 [STATIC_AVOID] obs_id=- obs_dist=-m obs_s=- ego_s=40.74 side=- | left_clearance=- right_clearance=- candidate_valid=false rung=- pre_dist=-m | cache_used=false path_age=- path_points=0 planning_time_ms=0.1 | reason=no_static_obstacle_in_range | cache_reason=no_cache
1787388055.737 [STATIC_AVOID] obs_id=- obs_dist=-m obs_s=- ego_s=40.74 side=- | left_clearance=- right_clearance=- candidate_valid=false rung=- pre_dist=-m | cache_used=false path_age=- path_points=0 planning_time_ms=0.1 | reason=no_static_obstacle_in_range | cache_reason=no_cache
1787388056.335 [STATIC_AVOID] obs_id=- obs_dist=-m obs_s=- ego_s=40.74 side=- | left_clearance=- right_clearance=- candidate_valid=false rung=- pre_dist=-m | cache_used=false path_age=- path_points=0 planning_time_ms=0.1 | reason=no_static_obstacle_in_range | cache_reason=no_cache
1787388056.842 [STATIC_AVOID] obs_id=- obs_dist=-m obs_s=- ego_s=40.75 side=- | left_clearance=- right_clearance=- candidate_valid=false rung=- pre_dist=-m | cache_used=false path_age=- path_points=0 planning_time_ms=0.1 | reason=no_static_obstacle_in_range | cache_reason=no_cache
1787388057.342 [STATIC_AVOID] obs_id=- obs_dist=-m obs_s=- ego_s=40.74 side=- | left_clearance=- right_clearance=- candidate_valid=false rung=- pre_dist=-m | cache_used=false path_age=- path_points=0 planning_time_ms=0.1 | reason=no_static_obstacle_in_range | cache_reason=no_cache
1787388057.845 [STATIC_AVOID] obs_id=- obs_dist=-m obs_s=- ego_s=40.75 side=- | left_clearance=- right_clearance=- candidate_valid=false rung=- pre_dist=-m | cache_used=false path_age=- path_points=0 planning_time_ms=0.1 | reason=no_static_obstacle_in_range | cache_reason=no_cache
1787388058.441 [STATIC_AVOID] obs_id=- obs_dist=-m obs_s=- ego_s=40.94 side=- | left_clearance=- right_clearance=- candidate_valid=false rung=- pre_dist=-m | cache_used=false path_age=- path_points=0 planning_time_ms=2.2 | reason=no_static_obstacle_in_range | cache_reason=no_cache
1787388059.039 [STATIC_AVOID] obs_id=- obs_dist=-m obs_s=- ego_s=0.61 side=- | left_clearance=- right_clearance=- candidate_valid=false rung=- pre_dist=-m | cache_used=false path_age=- path_points=0 planning_time_ms=0.1 | reason=no_static_obstacle_in_range | cache_reason=no_cache
1787388059.540 [STATIC_AVOID] obs_id=- obs_dist=-m obs_s=- ego_s=2.17 side=- | left_clearance=- right_clearance=- candidate_valid=false rung=- pre_dist=-m | cache_used=false path_age=- path_points=0 planning_time_ms=0.1 | reason=no_static_obstacle_in_range | cache_reason=no_cache
1787388060.136 [STATIC_AVOID] obs_id=- obs_dist=-m obs_s=- ego_s=4.66 side=- | left_clearance=- right_clearance=- candidate_valid=false rung=- pre_dist=-m | cache_used=false path_age=- path_points=0 planning_time_ms=0.1 | reason=no_static_obstacle_in_range | cache_reason=no_cache
1787388060.645 [STATIC_AVOID] obs_id=- obs_dist=-m obs_s=- ego_s=7.23 side=- | left_clearance=- right_clearance=- candidate_valid=false rung=- pre_dist=-m | cache_used=false path_age=- path_points=0 planning_time_ms=0.1 | reason=no_static_obstacle_in_range | cache_reason=no_cache
1787388061.238 [STATIC_AVOID] obs_id=- obs_dist=-m obs_s=- ego_s=10.11 side=- | left_clearance=- right_clearance=- candidate_valid=false rung=- pre_dist=-m | cache_used=false path_age=- path_points=0 planning_time_ms=0.1 | reason=no_static_obstacle_in_range | cache_reason=no_cache
1787388061.838 [STATIC_AVOID] obs_id=- obs_dist=-m obs_s=- ego_s=12.97 side=- | left_clearance=- right_clearance=- candidate_valid=false rung=- pre_dist=-m | cache_used=false path_age=- path_points=0 planning_time_ms=0.2 | reason=no_static_obstacle_in_range | cache_reason=no_cache
1787388062.341 [STATIC_AVOID] obs_id=- obs_dist=-m obs_s=- ego_s=14.78 side=- | left_clearance=- right_clearance=- candidate_valid=false rung=- pre_dist=-m | cache_used=false path_age=- path_points=0 planning_time_ms=0.1 | reason=no_static_obstacle_in_range | cache_reason=no_cache
1787388062.941 [STATIC_AVOID] obs_id=- obs_dist=-m obs_s=- ego_s=17.17 side=- | left_clearance=- right_clearance=- candidate_valid=false rung=- pre_dist=-m | cache_used=false path_age=- path_points=0 planning_time_ms=0.4 | reason=no_static_obstacle_in_range | cache_reason=no_cache
1787388063.535 [STATIC_AVOID] obs_id=- obs_dist=-m obs_s=- ego_s=19.38 side=- | left_clearance=- right_clearance=- candidate_valid=false rung=- pre_dist=-m | cache_used=false path_age=- path_points=0 planning_time_ms=0.1 | reason=no_static_obstacle_in_range | cache_reason=no_cache
1787388064.035 [STATIC_AVOID] obs_id=- obs_dist=-m obs_s=- ego_s=21.14 side=- | left_clearance=- right_clearance=- candidate_valid=false rung=- pre_dist=-m | cache_used=false path_age=- path_points=0 planning_time_ms=0.1 | reason=no_static_obstacle_in_range | cache_reason=no_cache
1787388064.636 [STATIC_AVOID] obs_id=- obs_dist=-m obs_s=- ego_s=23.24 side=- | left_clearance=- right_clearance=- candidate_valid=false rung=- pre_dist=-m | cache_used=false path_age=- path_points=0 planning_time_ms=0.1 | reason=no_static_obstacle_in_range | cache_reason=no_cache
1787388065.236 [STATIC_AVOID] obs_id=- obs_dist=-m obs_s=- ego_s=25.01 side=- | left_clearance=- right_clearance=- candidate_valid=false rung=- pre_dist=-m | cache_used=false path_age=- path_points=0 planning_time_ms=0.1 | reason=no_static_obstacle_in_range | cache_reason=no_cache
1787388065.738 [STATIC_AVOID] obs_id=- obs_dist=-m obs_s=- ego_s=25.97 side=- | left_clearance=- right_clearance=- candidate_valid=false rung=- pre_dist=-m | cache_used=false path_age=- path_points=0 planning_time_ms=0.1 | reason=no_static_obstacle_in_range | cache_reason=no_cache
1787388066.248 [STATIC_AVOID] obs_id=- obs_dist=-m obs_s=- ego_s=27.68 side=- | left_clearance=- right_clearance=- candidate_valid=false rung=- pre_dist=-m | cache_used=false path_age=- path_points=0 planning_time_ms=0.1 | reason=no_static_obstacle_in_range | cache_reason=no_cache
1787388066.836 [STATIC_AVOID] obs_id=- obs_dist=-m obs_s=- ego_s=29.75 side=- | left_clearance=- right_clearance=- candidate_valid=false rung=- pre_dist=-m | cache_used=false path_age=- path_points=0 planning_time_ms=0.1 | reason=no_static_obstacle_in_range | cache_reason=no_cache
1787388067.340 [STATIC_AVOID] obs_id=- obs_dist=-m obs_s=- ego_s=32.22 side=- | left_clearance=- right_clearance=- candidate_valid=false rung=- pre_dist=-m | cache_used=false path_age=- path_points=0 planning_time_ms=0.1 | reason=no_static_obstacle_in_range | cache_reason=no_cache
1787388067.937 [STATIC_AVOID] obs_id=- obs_dist=-m obs_s=- ego_s=34.68 side=- | left_clearance=- right_clearance=- candidate_valid=false rung=- pre_dist=-m | cache_used=false path_age=- path_points=0 planning_time_ms=0.1 | reason=no_static_obstacle_in_range | cache_reason=no_cache
1787388068.535 [STATIC_AVOID] obs_id=- obs_dist=-m obs_s=- ego_s=36.09 side=- | left_clearance=- right_clearance=- candidate_valid=false rung=- pre_dist=-m | cache_used=false path_age=- path_points=0 planning_time_ms=0.1 | reason=no_static_obstacle_in_range | cache_reason=no_cache
1787388069.045 [STATIC_AVOID] obs_id=- obs_dist=-m obs_s=- ego_s=37.74 side=- | left_clearance=- right_clearance=- candidate_valid=false rung=- pre_dist=-m | cache_used=false path_age=- path_points=0 planning_time_ms=0.1 | reason=no_static_obstacle_in_range | cache_reason=no_cache
1787388069.635 [STATIC_AVOID] obs_id=- obs_dist=-m obs_s=- ego_s=40.06 side=- | left_clearance=- right_clearance=- candidate_valid=false rung=- pre_dist=-m | cache_used=false path_age=- path_points=0 planning_time_ms=0.1 | reason=no_static_obstacle_in_range | cache_reason=no_cache
1787388070.135 [STATIC_AVOID] obs_id=- obs_dist=-m obs_s=- ego_s=41.01 side=- | left_clearance=- right_clearance=- candidate_valid=false rung=- pre_dist=-m | cache_used=false path_age=- path_points=0 planning_time_ms=0.1 | reason=no_static_obstacle_in_range | cache_reason=no_cache
1787388070.736 [STATIC_AVOID] obs_id=- obs_dist=-m obs_s=- ego_s=1.14 side=- | left_clearance=- right_clearance=- candidate_valid=false rung=- pre_dist=-m | cache_used=false path_age=- path_points=0 planning_time_ms=0.1 | reason=no_static_obstacle_in_range | cache_reason=no_cache
1787388071.237 [STATIC_AVOID] obs_id=- obs_dist=-m obs_s=- ego_s=2.79 side=- | left_clearance=- right_clearance=- candidate_valid=false rung=- pre_dist=-m | cache_used=false path_age=- path_points=0 planning_time_ms=0.1 | reason=no_static_obstacle_in_range | cache_reason=no_cache
1787388071.836 [STATIC_AVOID] obs_id=- obs_dist=-m obs_s=- ego_s=5.80 side=- | left_clearance=- right_clearance=- candidate_valid=false rung=- pre_dist=-m | cache_used=false path_age=- path_points=0 planning_time_ms=0.1 | reason=no_static_obstacle_in_range | cache_reason=no_cache
1787388072.339 [STATIC_AVOID] obs_id=- obs_dist=-m obs_s=- ego_s=8.34 side=- | left_clearance=- right_clearance=- candidate_valid=false rung=- pre_dist=-m | cache_used=false path_age=- path_points=0 planning_time_ms=0.1 | reason=no_static_obstacle_in_range | cache_reason=no_cache
1787388072.840 [STATIC_AVOID] obs_id=- obs_dist=-m obs_s=- ego_s=10.81 side=- | left_clearance=- right_clearance=- candidate_valid=false rung=- pre_dist=-m | cache_used=false path_age=- path_points=0 planning_time_ms=0.1 | reason=no_static_obstacle_in_range | cache_reason=no_cache
1787388073.436 [STATIC_AVOID] obs_id=- obs_dist=-m obs_s=- ego_s=13.60 side=- | left_clearance=- right_clearance=- candidate_valid=false rung=- pre_dist=-m | cache_used=false path_age=- path_points=0 planning_time_ms=0.1 | reason=no_static_obstacle_in_range | cache_reason=no_cache
1787388073.946 [STATIC_AVOID] obs_id=- obs_dist=-m obs_s=- ego_s=15.32 side=- | left_clearance=- right_clearance=- candidate_valid=false rung=- pre_dist=-m | cache_used=false path_age=- path_points=0 planning_time_ms=0.1 | reason=no_static_obstacle_in_range | cache_reason=no_cache
1787388074.535 [STATIC_AVOID] obs_id=- obs_dist=-m obs_s=- ego_s=17.71 side=- | left_clearance=- right_clearance=- candidate_valid=false rung=- pre_dist=-m | cache_used=false path_age=- path_points=0 planning_time_ms=0.1 | reason=no_static_obstacle_in_range | cache_reason=no_cache
1787388075.050 [STATIC_AVOID] obs_id=- obs_dist=-m obs_s=- ego_s=19.30 side=- | left_clearance=- right_clearance=- candidate_valid=false rung=- pre_dist=-m | cache_used=false path_age=- path_points=0 planning_time_ms=0.2 | reason=no_static_obstacle_in_range | cache_reason=no_cache
1787388075.637 [STATIC_AVOID] obs_id=- obs_dist=-m obs_s=- ego_s=20.32 side=- | left_clearance=- right_clearance=- candidate_valid=false rung=- pre_dist=-m | cache_used=false path_age=- path_points=0 planning_time_ms=0.1 | reason=no_static_obstacle_in_range | cache_reason=no_cache
1787388076.141 [STATIC_AVOID] obs_id=- obs_dist=-m obs_s=- ego_s=21.87 side=- | left_clearance=- right_clearance=- candidate_valid=false rung=- pre_dist=-m | cache_used=false path_age=- path_points=0 planning_time_ms=0.1 | reason=no_static_obstacle_in_range | cache_reason=no_cache
1787388076.740 [STATIC_AVOID] obs_id=- obs_dist=-m obs_s=- ego_s=23.88 side=- | left_clearance=- right_clearance=- candidate_valid=false rung=- pre_dist=-m | cache_used=false path_age=- path_points=0 planning_time_ms=0.1 | reason=no_static_obstacle_in_range | cache_reason=no_cache
1787388077.250 [STATIC_AVOID] obs_id=- obs_dist=-m obs_s=- ego_s=25.30 side=- | left_clearance=- right_clearance=- candidate_valid=false rung=- pre_dist=-m | cache_used=false path_age=- path_points=0 planning_time_ms=0.1 | reason=no_static_obstacle_in_range | cache_reason=no_cache
1787388077.845 [STATIC_AVOID] obs_id=- obs_dist=-m obs_s=- ego_s=26.32 side=- | left_clearance=- right_clearance=- candidate_valid=false rung=- pre_dist=-m | cache_used=false path_age=- path_points=0 planning_time_ms=0.1 | reason=no_static_obstacle_in_range | cache_reason=no_cache
1787388078.439 [STATIC_AVOID] obs_id=- obs_dist=-m obs_s=- ego_s=28.65 side=- | left_clearance=- right_clearance=- candidate_valid=false rung=- pre_dist=-m | cache_used=false path_age=- path_points=0 planning_time_ms=0.1 | reason=no_static_obstacle_in_range | cache_reason=no_cache
1787388079.035 [STATIC_AVOID] obs_id=- obs_dist=-m obs_s=- ego_s=31.09 side=- | left_clearance=- right_clearance=- candidate_valid=false rung=- pre_dist=-m | cache_used=false path_age=- path_points=0 planning_time_ms=0.1 | reason=no_static_obstacle_in_range | cache_reason=no_cache
1787388079.535 [STATIC_AVOID] obs_id=- obs_dist=-m obs_s=- ego_s=33.39 side=- | left_clearance=- right_clearance=- candidate_valid=false rung=- pre_dist=-m | cache_used=false path_age=- path_points=0 planning_time_ms=0.1 | reason=no_static_obstacle_in_range | cache_reason=no_cache
1787388080.045 [STATIC_AVOID] obs_id=- obs_dist=-m obs_s=- ego_s=34.92 side=- | left_clearance=- right_clearance=- candidate_valid=false rung=- pre_dist=-m | cache_used=false path_age=- path_points=0 planning_time_ms=0.1 | reason=no_static_obstacle_in_range | cache_reason=no_cache
1787388080.651 [STATIC_AVOID] obs_id=- obs_dist=-m obs_s=- ego_s=36.68 side=- | left_clearance=- right_clearance=- candidate_valid=false rung=- pre_dist=-m | cache_used=false path_age=- path_points=0 planning_time_ms=0.2 | reason=no_static_obstacle_in_range | cache_reason=no_cache
1787388081.251 [STATIC_AVOID] obs_id=- obs_dist=-m obs_s=- ego_s=38.84 side=- | left_clearance=- right_clearance=- candidate_valid=false rung=- pre_dist=-m | cache_used=false path_age=- path_points=0 planning_time_ms=0.1 | reason=no_static_obstacle_in_range | cache_reason=no_cache
1787388081.841 [STATIC_AVOID] obs_id=- obs_dist=-m obs_s=- ego_s=40.52 side=- | left_clearance=- right_clearance=- candidate_valid=false rung=- pre_dist=-m | cache_used=false path_age=- path_points=0 planning_time_ms=0.1 | reason=no_static_obstacle_in_range | cache_reason=no_cache
1787388082.347 [STATIC_AVOID] obs_id=11 obs_dist=6.61m obs_s=7.06 ego_s=0.45 side=LEFT | left_clearance=0.51 right_clearance=-0.21 candidate_valid=true rung=0 pre_dist=4.47m | cache_used=false path_age=0.000 path_points=129 planning_time_ms=10.7
1787388082.849 [STATIC_AVOID] obs_id=11 obs_dist=5.24m obs_s=7.13 ego_s=1.88 side=LEFT | left_clearance=0.39 right_clearance=-0.15 candidate_valid=true rung=0 pre_dist=4.53m | cache_used=false path_age=0.000 path_points=111 planning_time_ms=13.5
1787388083.448 [STATIC_AVOID] obs_id=11 obs_dist=4.27m obs_s=7.34 ego_s=3.07 side=LEFT | left_clearance=0.28 right_clearance=0.07 candidate_valid=false rung=- pre_dist=2.00m | cache_used=false path_age=- path_points=0 planning_time_ms=11.4 | reason=obstacle_clearance | cache_reason=no_cache
1787388083.950 [STATIC_AVOID] obs_id=11 obs_dist=3.79m obs_s=7.66 ego_s=3.87 side=LEFT | left_clearance=0.22 right_clearance=0.10 candidate_valid=false rung=- pre_dist=2.32m | cache_used=false path_age=- path_points=0 planning_time_ms=4.3 | reason=obstacle_clearance | cache_reason=cache_collision
1787388084.459 [STATIC_AVOID] obs_id=11 obs_dist=3.28m obs_s=7.79 ego_s=4.51 side=LEFT | left_clearance=0.23 right_clearance=0.11 candidate_valid=true rung=2 pre_dist=2.02m | cache_used=false path_age=0.000 path_points=101 planning_time_ms=13.8
1787388085.045 [STATIC_AVOID] obs_id=11 obs_dist=3.04m obs_s=8.34 ego_s=5.29 side=LEFT | left_clearance=0.31 right_clearance=0.16 candidate_valid=true rung=0 pre_dist=2.00m | cache_used=false path_age=0.000 path_points=101 planning_time_ms=8.9
1787388085.548 [STATIC_AVOID] obs_id=11 obs_dist=2.67m obs_s=8.45 ego_s=5.77 side=LEFT | left_clearance=0.31 right_clearance=0.18 candidate_valid=true rung=2 pre_dist=2.11m | cache_used=false path_age=0.000 path_points=101 planning_time_ms=12.5
1787388086.141 [STATIC_AVOID] obs_id=11 obs_dist=2.76m obs_s=8.77 ego_s=6.01 side=LEFT | left_clearance=0.28 right_clearance=0.21 candidate_valid=false rung=- pre_dist=2.00m | cache_used=false path_age=- path_points=0 planning_time_ms=6.2 | reason=obstacle_clearance | cache_reason=no_cache
1787388086.669 [STATIC_AVOID] obs_id=11 obs_dist=2.69m obs_s=8.78 ego_s=6.09 side=LEFT | left_clearance=0.28 right_clearance=0.21 candidate_valid=true rung=2 pre_dist=2.01m | cache_used=false path_age=0.000 path_points=101 planning_time_ms=29.7
1787388087.252 [STATIC_AVOID] obs_id=11 obs_dist=1.79m obs_s=8.82 ego_s=7.03 side=LEFT | left_clearance=0.27 right_clearance=0.23 candidate_valid=true rung=2 pre_dist=2.05m | cache_used=false path_age=0.000 path_points=101 planning_time_ms=14.2
1787388087.848 [STATIC_AVOID] obs_id=11 obs_dist=1.04m obs_s=8.99 ego_s=7.95 side=LEFT | left_clearance=0.29 right_clearance=0.19 candidate_valid=true rung=0 pre_dist=2.22m | cache_used=false path_age=0.000 path_points=101 planning_time_ms=8.9
1787388088.450 [STATIC_AVOID] obs_id=11 obs_dist=0.13m obs_s=9.10 ego_s=8.97 side=LEFT | left_clearance=0.42 right_clearance=0.21 candidate_valid=true rung=0 pre_dist=2.71m | cache_used=false path_age=0.000 path_points=101 planning_time_ms=8.9
1787388089.039 [STATIC_AVOID] obs_id=11 obs_dist=-0.99m obs_s=9.10 ego_s=10.09 side=LEFT | left_clearance=0.42 right_clearance=0.21 candidate_valid=true rung=0 pre_dist=3.82m | cache_used=false path_age=0.000 path_points=101 planning_time_ms=3.3
1787388089.636 [STATIC_AVOID] obs_id=- obs_dist=-m obs_s=- ego_s=10.71 side=- | left_clearance=- right_clearance=- candidate_valid=false rung=- pre_dist=-m | cache_used=false path_age=- path_points=0 planning_time_ms=0.1 | reason=no_static_obstacle_in_range | cache_reason=no_cache
1787388090.238 [STATIC_AVOID] obs_id=- obs_dist=-m obs_s=- ego_s=12.61 side=- | left_clearance=- right_clearance=- candidate_valid=false rung=- pre_dist=-m | cache_used=false path_age=- path_points=0 planning_time_ms=0.1 | reason=no_static_obstacle_in_range | cache_reason=no_cache
1787388090.740 [STATIC_AVOID] obs_id=- obs_dist=-m obs_s=- ego_s=14.34 side=- | left_clearance=- right_clearance=- candidate_valid=false rung=- pre_dist=-m | cache_used=false path_age=- path_points=0 planning_time_ms=0.1 | reason=no_static_obstacle_in_range | cache_reason=no_cache
1787388091.336 [STATIC_AVOID] obs_id=- obs_dist=-m obs_s=- ego_s=16.80 side=- | left_clearance=- right_clearance=- candidate_valid=false rung=- pre_dist=-m | cache_used=false path_age=- path_points=0 planning_time_ms=0.1 | reason=no_static_obstacle_in_range | cache_reason=no_cache
1787388091.850 [STATIC_AVOID] obs_id=- obs_dist=-m obs_s=- ego_s=18.81 side=- | left_clearance=- right_clearance=- candidate_valid=false rung=- pre_dist=-m | cache_used=false path_age=- path_points=0 planning_time_ms=0.1 | reason=no_static_obstacle_in_range | cache_reason=no_cache
1787388092.444 [STATIC_AVOID] obs_id=- obs_dist=-m obs_s=- ego_s=20.91 side=- | left_clearance=- right_clearance=- candidate_valid=false rung=- pre_dist=-m | cache_used=false path_age=- path_points=0 planning_time_ms=0.2 | reason=no_static_obstacle_in_range | cache_reason=no_cache
1787388093.039 [STATIC_AVOID] obs_id=- obs_dist=-m obs_s=- ego_s=23.06 side=- | left_clearance=- right_clearance=- candidate_valid=false rung=- pre_dist=-m | cache_used=false path_age=- path_points=0 planning_time_ms=0.2 | reason=no_static_obstacle_in_range | cache_reason=no_cache
1787388093.540 [STATIC_AVOID] obs_id=- obs_dist=-m obs_s=- ego_s=24.59 side=- | left_clearance=- right_clearance=- candidate_valid=false rung=- pre_dist=-m | cache_used=false path_age=- path_points=0 planning_time_ms=0.1 | reason=no_static_obstacle_in_range | cache_reason=no_cache
1787388094.135 [STATIC_AVOID] obs_id=- obs_dist=-m obs_s=- ego_s=25.77 side=- | left_clearance=- right_clearance=- candidate_valid=false rung=- pre_dist=-m | cache_used=false path_age=- path_points=0 planning_time_ms=0.1 | reason=no_static_obstacle_in_range | cache_reason=no_cache
1787388094.637 [STATIC_AVOID] obs_id=- obs_dist=-m obs_s=- ego_s=27.52 side=- | left_clearance=- right_clearance=- candidate_valid=false rung=- pre_dist=-m | cache_used=false path_age=- path_points=0 planning_time_ms=0.1 | reason=no_static_obstacle_in_range | cache_reason=no_cache
1787388095.142 [STATIC_AVOID] obs_id=- obs_dist=-m obs_s=- ego_s=29.41 side=- | left_clearance=- right_clearance=- candidate_valid=false rung=- pre_dist=-m | cache_used=false path_age=- path_points=0 planning_time_ms=0.1 | reason=no_static_obstacle_in_range | cache_reason=no_cache
1787388095.736 [STATIC_AVOID] obs_id=- obs_dist=-m obs_s=- ego_s=32.08 side=- | left_clearance=- right_clearance=- candidate_valid=false rung=- pre_dist=-m | cache_used=false path_age=- path_points=0 planning_time_ms=0.2 | reason=no_static_obstacle_in_range | cache_reason=no_cache
1787388096.241 [STATIC_AVOID] obs_id=- obs_dist=-m obs_s=- ego_s=34.13 side=- | left_clearance=- right_clearance=- candidate_valid=false rung=- pre_dist=-m | cache_used=false path_age=- path_points=0 planning_time_ms=0.1 | reason=no_static_obstacle_in_range | cache_reason=no_cache
1787388096.835 [STATIC_AVOID] obs_id=- obs_dist=-m obs_s=- ego_s=35.63 side=- | left_clearance=- right_clearance=- candidate_valid=false rung=- pre_dist=-m | cache_used=false path_age=- path_points=0 planning_time_ms=0.1 | reason=no_static_obstacle_in_range | cache_reason=no_cache
1787388097.435 [STATIC_AVOID] obs_id=- obs_dist=-m obs_s=- ego_s=37.59 side=- | left_clearance=- right_clearance=- candidate_valid=false rung=- pre_dist=-m | cache_used=false path_age=- path_points=0 planning_time_ms=0.1 | reason=no_static_obstacle_in_range | cache_reason=no_cache
1787388097.936 [STATIC_AVOID] obs_id=- obs_dist=-m obs_s=- ego_s=39.50 side=- | left_clearance=- right_clearance=- candidate_valid=false rung=- pre_dist=-m | cache_used=false path_age=- path_points=0 planning_time_ms=0.1 | reason=no_static_obstacle_in_range | cache_reason=no_cache
1787388098.449 [STATIC_AVOID] obs_id=- obs_dist=-m obs_s=- ego_s=40.60 side=- | left_clearance=- right_clearance=- candidate_valid=false rung=- pre_dist=-m | cache_used=false path_age=- path_points=0 planning_time_ms=0.1 | reason=no_static_obstacle_in_range | cache_reason=no_cache
1787388098.950 [STATIC_AVOID] obs_id=17 obs_dist=6.55m obs_s=7.10 ego_s=0.55 side=- | left_clearance=0.39 right_clearance=-0.15 candidate_valid=false rung=- pre_dist=4.49m | cache_used=false path_age=- path_points=0 planning_time_ms=15.2 | reason=obstacle_clearance | cache_reason=no_cache
1787388099.547 [STATIC_AVOID] obs_id=17 obs_dist=4.94m obs_s=7.17 ego_s=2.23 side=LEFT | left_clearance=0.25 right_clearance=-0.03 candidate_valid=true rung=0 pre_dist=4.56m | cache_used=false path_age=0.000 path_points=105 planning_time_ms=3.8
1787388100.050 [STATIC_AVOID] obs_id=17 obs_dist=4.27m obs_s=7.38 ego_s=3.11 side=LEFT | left_clearance=0.18 right_clearance=0.16 candidate_valid=false rung=- pre_dist=2.01m | cache_used=true path_age=0.111 path_points=101 planning_time_ms=12.0 | reason=obstacle_clearance
1787388100.644 [STATIC_AVOID] obs_id=17 obs_dist=3.87m obs_s=7.67 ego_s=3.80 side=LEFT | left_clearance=0.19 right_clearance=0.16 candidate_valid=false rung=- pre_dist=2.31m | cache_used=false path_age=- path_points=0 planning_time_ms=6.5 | reason=obstacle_clearance | cache_reason=no_cache
1787388101.249 [STATIC_AVOID] obs_id=17 obs_dist=3.65m obs_s=7.71 ego_s=4.06 side=LEFT | left_clearance=0.22 right_clearance=0.14 candidate_valid=false rung=- pre_dist=2.35m | cache_used=true path_age=0.110 path_points=101 planning_time_ms=10.1 | reason=obstacle_clearance
1787388101.847 [STATIC_AVOID] obs_id=17 obs_dist=2.03m obs_s=7.57 ego_s=5.54 side=LEFT | left_clearance=0.22 right_clearance=0.16 candidate_valid=true rung=0 pre_dist=2.21m | cache_used=false path_age=0.000 path_points=101 planning_time_ms=5.5
1787388102.356 [STATIC_AVOID] obs_id=17 obs_dist=0.82m obs_s=7.56 ego_s=6.74 side=LEFT | left_clearance=0.23 right_clearance=0.14 candidate_valid=true rung=0 pre_dist=2.20m | cache_used=false path_age=0.000 path_points=101 planning_time_ms=14.6
1787388102.949 [STATIC_AVOID] obs_id=17 obs_dist=0.11m obs_s=7.71 ego_s=7.60 side=LEFT | left_clearance=0.34 right_clearance=0.18 candidate_valid=true rung=0 pre_dist=2.73m | cache_used=false path_age=0.000 path_points=101 planning_time_ms=9.8
1787388103.542 [STATIC_AVOID] obs_id=- obs_dist=-m obs_s=- ego_s=8.84 side=- | left_clearance=- right_clearance=- candidate_valid=false rung=- pre_dist=-m | cache_used=false path_age=- path_points=0 planning_time_ms=0.2 | reason=no_static_obstacle_in_range | cache_reason=obstacle_gone
1787388104.138 [STATIC_AVOID] obs_id=- obs_dist=-m obs_s=- ego_s=10.22 side=- | left_clearance=- right_clearance=- candidate_valid=false rung=- pre_dist=-m | cache_used=false path_age=- path_points=0 planning_time_ms=0.1 | reason=no_static_obstacle_in_range | cache_reason=no_cache
1787388104.735 [STATIC_AVOID] obs_id=- obs_dist=-m obs_s=- ego_s=12.89 side=- | left_clearance=- right_clearance=- candidate_valid=false rung=- pre_dist=-m | cache_used=false path_age=- path_points=0 planning_time_ms=0.1 | reason=no_static_obstacle_in_range | cache_reason=no_cache
1787388105.237 [STATIC_AVOID] obs_id=- obs_dist=-m obs_s=- ego_s=14.72 side=- | left_clearance=- right_clearance=- candidate_valid=false rung=- pre_dist=-m | cache_used=false path_age=- path_points=0 planning_time_ms=0.1 | reason=no_static_obstacle_in_range | cache_reason=no_cache
1787388105.836 [STATIC_AVOID] obs_id=- obs_dist=-m obs_s=- ego_s=17.13 side=- | left_clearance=- right_clearance=- candidate_valid=false rung=- pre_dist=-m | cache_used=false path_age=- path_points=0 planning_time_ms=0.7 | reason=no_static_obstacle_in_range | cache_reason=no_cache
1787388106.337 [STATIC_AVOID] obs_id=- obs_dist=-m obs_s=- ego_s=18.99 side=- | left_clearance=- right_clearance=- candidate_valid=false rung=- pre_dist=-m | cache_used=false path_age=- path_points=0 planning_time_ms=0.1 | reason=no_static_obstacle_in_range | cache_reason=no_cache
1787388106.837 [STATIC_AVOID] obs_id=- obs_dist=-m obs_s=- ego_s=20.70 side=- | left_clearance=- right_clearance=- candidate_valid=false rung=- pre_dist=-m | cache_used=false path_age=- path_points=0 planning_time_ms=1.2 | reason=no_static_obstacle_in_range | cache_reason=no_cache
1787388107.339 [STATIC_AVOID] obs_id=- obs_dist=-m obs_s=- ego_s=22.58 side=- | left_clearance=- right_clearance=- candidate_valid=false rung=- pre_dist=-m | cache_used=false path_age=- path_points=0 planning_time_ms=1.6 | reason=no_static_obstacle_in_range | cache_reason=no_cache
1787388107.841 [STATIC_AVOID] obs_id=- obs_dist=-m obs_s=- ego_s=24.11 side=- | left_clearance=- right_clearance=- candidate_valid=false rung=- pre_dist=-m | cache_used=false path_age=- path_points=0 planning_time_ms=0.2 | reason=no_static_obstacle_in_range | cache_reason=no_cache
1787388108.435 [STATIC_AVOID] obs_id=- obs_dist=-m obs_s=- ego_s=25.59 side=- | left_clearance=- right_clearance=- candidate_valid=false rung=- pre_dist=-m | cache_used=false path_age=- path_points=0 planning_time_ms=0.1 | reason=no_static_obstacle_in_range | cache_reason=no_cache
1787388108.937 [STATIC_AVOID] obs_id=- obs_dist=-m obs_s=- ego_s=26.84 side=- | left_clearance=- right_clearance=- candidate_valid=false rung=- pre_dist=-m | cache_used=false path_age=- path_points=0 planning_time_ms=0.1 | reason=no_static_obstacle_in_range | cache_reason=no_cache
1787388109.441 [STATIC_AVOID] obs_id=- obs_dist=-m obs_s=- ego_s=28.75 side=- | left_clearance=- right_clearance=- candidate_valid=false rung=- pre_dist=-m | cache_used=false path_age=- path_points=0 planning_time_ms=5.2 | reason=no_static_obstacle_in_range | cache_reason=no_cache
1787388110.035 [STATIC_AVOID] obs_id=- obs_dist=-m obs_s=- ego_s=31.05 side=- | left_clearance=- right_clearance=- candidate_valid=false rung=- pre_dist=-m | cache_used=false path_age=- path_points=0 planning_time_ms=0.1 | reason=no_static_obstacle_in_range | cache_reason=no_cache
1787388110.535 [STATIC_AVOID] obs_id=- obs_dist=-m obs_s=- ego_s=31.84 side=- | left_clearance=- right_clearance=- candidate_valid=false rung=- pre_dist=-m | cache_used=false path_age=- path_points=0 planning_time_ms=0.1 | reason=no_static_obstacle_in_range | cache_reason=no_cache
1787388111.039 [STATIC_AVOID] obs_id=- obs_dist=-m obs_s=- ego_s=31.81 side=- | left_clearance=- right_clearance=- candidate_valid=false rung=- pre_dist=-m | cache_used=false path_age=- path_points=0 planning_time_ms=2.2 | reason=no_static_obstacle_in_range | cache_reason=no_cache
1787388111.552 [STATIC_AVOID] obs_id=- obs_dist=-m obs_s=- ego_s=31.79 side=- | left_clearance=- right_clearance=- candidate_valid=false rung=- pre_dist=-m | cache_used=false path_age=- path_points=0 planning_time_ms=0.1 | reason=no_static_obstacle_in_range | cache_reason=no_cache
1787388112.147 [STATIC_AVOID] obs_id=- obs_dist=-m obs_s=- ego_s=32.02 side=- | left_clearance=- right_clearance=- candidate_valid=false rung=- pre_dist=-m | cache_used=false path_age=- path_points=0 planning_time_ms=0.1 | reason=no_static_obstacle_in_range | cache_reason=no_cache
1787388112.649 [STATIC_AVOID] obs_id=- obs_dist=-m obs_s=- ego_s=31.95 side=- | left_clearance=- right_clearance=- candidate_valid=false rung=- pre_dist=-m | cache_used=false path_age=- path_points=0 planning_time_ms=0.2 | reason=no_static_obstacle_in_range | cache_reason=no_cache
1787388113.244 [STATIC_AVOID] obs_id=- obs_dist=-m obs_s=- ego_s=31.99 side=- | left_clearance=- right_clearance=- candidate_valid=false rung=- pre_dist=-m | cache_used=false path_age=- path_points=0 planning_time_ms=0.1 | reason=no_static_obstacle_in_range | cache_reason=no_cache
1787388113.849 [STATIC_AVOID] obs_id=- obs_dist=-m obs_s=- ego_s=32.37 side=- | left_clearance=- right_clearance=- candidate_valid=false rung=- pre_dist=-m | cache_used=false path_age=- path_points=0 planning_time_ms=0.1 | reason=no_static_obstacle_in_range | cache_reason=no_cache
1787388114.440 [STATIC_AVOID] obs_id=- obs_dist=-m obs_s=- ego_s=32.30 side=- | left_clearance=- right_clearance=- candidate_valid=false rung=- pre_dist=-m | cache_used=false path_age=- path_points=0 planning_time_ms=0.1 | reason=no_static_obstacle_in_range | cache_reason=no_cache
1787388115.038 [STATIC_AVOID] obs_id=- obs_dist=-m obs_s=- ego_s=32.35 side=- | left_clearance=- right_clearance=- candidate_valid=false rung=- pre_dist=-m | cache_used=false path_age=- path_points=0 planning_time_ms=0.1 | reason=no_static_obstacle_in_range | cache_reason=no_cache
1787388115.636 [STATIC_AVOID] obs_id=- obs_dist=-m obs_s=- ego_s=32.52 side=- | left_clearance=- right_clearance=- candidate_valid=false rung=- pre_dist=-m | cache_used=false path_age=- path_points=0 planning_time_ms=0.1 | reason=no_static_obstacle_in_range | cache_reason=no_cache
1787388116.248 [STATIC_AVOID] obs_id=- obs_dist=-m obs_s=- ego_s=33.01 side=- | left_clearance=- right_clearance=- candidate_valid=false rung=- pre_dist=-m | cache_used=false path_age=- path_points=0 planning_time_ms=0.1 | reason=no_static_obstacle_in_range | cache_reason=no_cache
1787388116.837 [STATIC_AVOID] obs_id=- obs_dist=-m obs_s=- ego_s=32.97 side=- | left_clearance=- right_clearance=- candidate_valid=false rung=- pre_dist=-m | cache_used=false path_age=- path_points=0 planning_time_ms=0.1 | reason=no_static_obstacle_in_range | cache_reason=no_cache
1787388117.435 [STATIC_AVOID] obs_id=- obs_dist=-m obs_s=- ego_s=32.97 side=- | left_clearance=- right_clearance=- candidate_valid=false rung=- pre_dist=-m | cache_used=false path_age=- path_points=0 planning_time_ms=0.1 | reason=no_static_obstacle_in_range | cache_reason=no_cache
1787388117.942 [STATIC_AVOID] obs_id=- obs_dist=-m obs_s=- ego_s=32.95 side=- | left_clearance=- right_clearance=- candidate_valid=false rung=- pre_dist=-m | cache_used=false path_age=- path_points=0 planning_time_ms=0.1 | reason=no_static_obstacle_in_range | cache_reason=no_cache
1787388118.547 [STATIC_AVOID] obs_id=- obs_dist=-m obs_s=- ego_s=32.46 side=- | left_clearance=- right_clearance=- candidate_valid=false rung=- pre_dist=-m | cache_used=false path_age=- path_points=0 planning_time_ms=0.2 | reason=no_static_obstacle_in_range | cache_reason=no_cache
1787388119.142 [STATIC_AVOID] obs_id=- obs_dist=-m obs_s=- ego_s=32.23 side=- | left_clearance=- right_clearance=- candidate_valid=false rung=- pre_dist=-m | cache_used=false path_age=- path_points=0 planning_time_ms=0.1 | reason=no_static_obstacle_in_range | cache_reason=no_cache
1787388119.737 [STATIC_AVOID] obs_id=- obs_dist=-m obs_s=- ego_s=32.21 side=- | left_clearance=- right_clearance=- candidate_valid=false rung=- pre_dist=-m | cache_used=false path_age=- path_points=0 planning_time_ms=0.1 | reason=no_static_obstacle_in_range | cache_reason=no_cache
1787388120.244 [STATIC_AVOID] obs_id=- obs_dist=-m obs_s=- ego_s=32.13 side=- | left_clearance=- right_clearance=- candidate_valid=false rung=- pre_dist=-m | cache_used=false path_age=- path_points=0 planning_time_ms=0.1 | reason=no_static_obstacle_in_range | cache_reason=no_cache
1787388120.837 [STATIC_AVOID] obs_id=- obs_dist=-m obs_s=- ego_s=32.16 side=- | left_clearance=- right_clearance=- candidate_valid=false rung=- pre_dist=-m | cache_used=false path_age=- path_points=0 planning_time_ms=0.1 | reason=no_static_obstacle_in_range | cache_reason=no_cache
1787388121.340 [STATIC_AVOID] obs_id=- obs_dist=-m obs_s=- ego_s=32.17 side=- | left_clearance=- right_clearance=- candidate_valid=false rung=- pre_dist=-m | cache_used=false path_age=- path_points=0 planning_time_ms=0.3 | reason=no_static_obstacle_in_range | cache_reason=no_cache
1787388121.936 [STATIC_AVOID] obs_id=- obs_dist=-m obs_s=- ego_s=32.18 side=- | left_clearance=- right_clearance=- candidate_valid=false rung=- pre_dist=-m | cache_used=false path_age=- path_points=0 planning_time_ms=0.1 | reason=no_static_obstacle_in_range | cache_reason=no_cache
1787388122.442 [STATIC_AVOID] obs_id=- obs_dist=-m obs_s=- ego_s=32.16 side=- | left_clearance=- right_clearance=- candidate_valid=false rung=- pre_dist=-m | cache_used=false path_age=- path_points=0 planning_time_ms=0.1 | reason=no_static_obstacle_in_range | cache_reason=no_cache
1787388122.943 [STATIC_AVOID] obs_id=- obs_dist=-m obs_s=- ego_s=32.19 side=- | left_clearance=- right_clearance=- candidate_valid=false rung=- pre_dist=-m | cache_used=false path_age=- path_points=0 planning_time_ms=0.1 | reason=no_static_obstacle_in_range | cache_reason=no_cache
1787388123.541 [STATIC_AVOID] obs_id=- obs_dist=-m obs_s=- ego_s=32.20 side=- | left_clearance=- right_clearance=- candidate_valid=false rung=- pre_dist=-m | cache_used=false path_age=- path_points=0 planning_time_ms=0.1 | reason=no_static_obstacle_in_range | cache_reason=no_cache
