# static_avoidance_node debug log started 20260815_191351
1786788836.080 [STATIC_AVOID] obs_id=- obs_dist=-m obs_s=- ego_s=5.60 side=- | left_clearance=- right_clearance=- candidate_valid=false rung=- | cache_used=false path_age=- path_points=0 planning_time_ms=0.1 | reason=no_static_obstacle_in_range | cache_reason=no_cache
1786788836.648 [STATIC_AVOID] obs_id=1 obs_dist=3.06m obs_s=8.67 ego_s=5.61 side=LEFT | left_clearance=0.59 right_clearance=-0.03 candidate_valid=true rung=2 | cache_used=false path_age=0.000 path_points=92 planning_time_ms=27.3
1786788837.157 [STATIC_AVOID] obs_id=1 obs_dist=3.06m obs_s=8.67 ego_s=5.61 side=LEFT | left_clearance=0.59 right_clearance=-0.03 candidate_valid=true rung=2 | cache_used=false path_age=0.000 path_points=92 planning_time_ms=28.0
1786788837.741 [STATIC_AVOID] obs_id=1 obs_dist=3.07m obs_s=8.67 ego_s=5.60 side=LEFT | left_clearance=0.59 right_clearance=-0.03 candidate_valid=true rung=2 | cache_used=false path_age=0.000 path_points=92 planning_time_ms=22.7
1786788838.257 [STATIC_AVOID] obs_id=1 obs_dist=3.07m obs_s=8.67 ego_s=5.60 side=LEFT | left_clearance=0.59 right_clearance=-0.03 candidate_valid=true rung=2 | cache_used=false path_age=0.000 path_points=92 planning_time_ms=16.0
1786788838.792 [STATIC_AVOID] obs_id=1 obs_dist=2.97m obs_s=8.67 ego_s=5.70 side=LEFT | left_clearance=0.58 right_clearance=-0.04 candidate_valid=true rung=2 | cache_used=false path_age=0.000 path_points=91 planning_time_ms=30.9
1786788839.294 [STATIC_AVOID] obs_id=1 obs_dist=2.17m obs_s=8.65 ego_s=6.48 side=LEFT | left_clearance=0.48 right_clearance=-0.03 candidate_valid=true rung=2 | cache_used=false path_age=0.000 path_points=87 planning_time_ms=30.8
1786788839.813 [STATIC_AVOID] obs_id=1 obs_dist=0.21m obs_s=8.64 ego_s=8.43 side=LEFT | left_clearance=0.14 right_clearance=-0.06 candidate_valid=true rung=0 | cache_used=false path_age=0.000 path_points=81 planning_time_ms=18.1
1786788840.348 [STATIC_AVOID] obs_id=- obs_dist=-m obs_s=- ego_s=9.71 side=- | left_clearance=- right_clearance=- candidate_valid=false rung=- | cache_used=false path_age=- path_points=0 planning_time_ms=0.2 | reason=no_static_obstacle_in_range | cache_reason=obstacle_gone
1786788840.875 [STATIC_AVOID] obs_id=- obs_dist=-m obs_s=- ego_s=11.21 side=- | left_clearance=- right_clearance=- candidate_valid=false rung=- | cache_used=false path_age=- path_points=0 planning_time_ms=0.1 | reason=no_static_obstacle_in_range | cache_reason=no_cache
1786788841.375 [STATIC_AVOID] obs_id=- obs_dist=-m obs_s=- ego_s=12.51 side=- | left_clearance=- right_clearance=- candidate_valid=false rung=- | cache_used=false path_age=- path_points=0 planning_time_ms=0.1 | reason=no_static_obstacle_in_range | cache_reason=no_cache
1786788841.925 [STATIC_AVOID] obs_id=- obs_dist=-m obs_s=- ego_s=14.38 side=- | left_clearance=- right_clearance=- candidate_valid=false rung=- | cache_used=false path_age=- path_points=0 planning_time_ms=0.1 | reason=no_static_obstacle_in_range | cache_reason=no_cache
1786788842.425 [STATIC_AVOID] obs_id=- obs_dist=-m obs_s=- ego_s=15.89 side=- | left_clearance=- right_clearance=- candidate_valid=false rung=- | cache_used=false path_age=- path_points=0 planning_time_ms=0.1 | reason=no_static_obstacle_in_range | cache_reason=no_cache
1786788842.926 [STATIC_AVOID] obs_id=- obs_dist=-m obs_s=- ego_s=17.09 side=- | left_clearance=- right_clearance=- candidate_valid=false rung=- | cache_used=false path_age=- path_points=0 planning_time_ms=0.3 | reason=no_static_obstacle_in_range | cache_reason=no_cache
1786788843.430 [STATIC_AVOID] obs_id=- obs_dist=-m obs_s=- ego_s=18.55 side=- | left_clearance=- right_clearance=- candidate_valid=false rung=- | cache_used=false path_age=- path_points=0 planning_time_ms=0.1 | reason=no_static_obstacle_in_range | cache_reason=no_cache
1786788843.981 [STATIC_AVOID] obs_id=- obs_dist=-m obs_s=- ego_s=20.28 side=- | left_clearance=- right_clearance=- candidate_valid=false rung=- | cache_used=false path_age=- path_points=0 planning_time_ms=0.1 | reason=no_static_obstacle_in_range | cache_reason=no_cache
1786788844.484 [STATIC_AVOID] obs_id=- obs_dist=-m obs_s=- ego_s=21.44 side=- | left_clearance=- right_clearance=- candidate_valid=false rung=- | cache_used=false path_age=- path_points=0 planning_time_ms=0.1 | reason=no_static_obstacle_in_range | cache_reason=no_cache
1786788844.997 [STATIC_AVOID] obs_id=- obs_dist=-m obs_s=- ego_s=23.17 side=- | left_clearance=- right_clearance=- candidate_valid=false rung=- | cache_used=false path_age=- path_points=0 planning_time_ms=0.1 | reason=no_static_obstacle_in_range | cache_reason=no_cache
1786788845.532 [STATIC_AVOID] obs_id=- obs_dist=-m obs_s=- ego_s=24.86 side=- | left_clearance=- right_clearance=- candidate_valid=false rung=- | cache_used=false path_age=- path_points=0 planning_time_ms=0.1 | reason=no_static_obstacle_in_range | cache_reason=no_cache
1786788846.035 [STATIC_AVOID] obs_id=- obs_dist=-m obs_s=- ego_s=26.50 side=- | left_clearance=- right_clearance=- candidate_valid=false rung=- | cache_used=false path_age=- path_points=0 planning_time_ms=0.1 | reason=no_static_obstacle_in_range | cache_reason=no_cache
1786788846.542 [STATIC_AVOID] obs_id=- obs_dist=-m obs_s=- ego_s=28.07 side=- | left_clearance=- right_clearance=- candidate_valid=false rung=- | cache_used=false path_age=- path_points=0 planning_time_ms=0.1 | reason=no_static_obstacle_in_range | cache_reason=no_cache
1786788847.051 [STATIC_AVOID] obs_id=- obs_dist=-m obs_s=- ego_s=29.98 side=- | left_clearance=- right_clearance=- candidate_valid=false rung=- | cache_used=false path_age=- path_points=0 planning_time_ms=0.1 | reason=no_static_obstacle_in_range | cache_reason=no_cache
1786788847.588 [STATIC_AVOID] obs_id=- obs_dist=-m obs_s=- ego_s=31.65 side=- | left_clearance=- right_clearance=- candidate_valid=false rung=- | cache_used=false path_age=- path_points=0 planning_time_ms=0.1 | reason=no_static_obstacle_in_range | cache_reason=no_cache
1786788848.131 [STATIC_AVOID] obs_id=- obs_dist=-m obs_s=- ego_s=33.86 side=- | left_clearance=- right_clearance=- candidate_valid=false rung=- | cache_used=false path_age=- path_points=0 planning_time_ms=1.3 | reason=no_static_obstacle_in_range | cache_reason=no_cache
1786788848.633 [STATIC_AVOID] obs_id=- obs_dist=-m obs_s=- ego_s=0.81 side=- | left_clearance=- right_clearance=- candidate_valid=false rung=- | cache_used=false path_age=- path_points=0 planning_time_ms=0.1 | reason=no_static_obstacle_in_range | cache_reason=no_cache
1786788849.137 [STATIC_AVOID] obs_id=- obs_dist=-m obs_s=- ego_s=2.21 side=- | left_clearance=- right_clearance=- candidate_valid=false rung=- | cache_used=false path_age=- path_points=0 planning_time_ms=0.1 | reason=no_static_obstacle_in_range | cache_reason=no_cache
1786788849.645 [STATIC_AVOID] obs_id=3 obs_dist=5.56m obs_s=8.64 ego_s=3.08 side=LEFT | left_clearance=0.40 right_clearance=0.10 candidate_valid=false rung=- | cache_used=false path_age=- path_points=0 planning_time_ms=4.2 | reason=obstacle_clearance | cache_reason=cache_expired
1786788850.185 [STATIC_AVOID] obs_id=3 obs_dist=4.51m obs_s=8.62 ego_s=4.11 side=LEFT | left_clearance=0.48 right_clearance=0.04 candidate_valid=true rung=0 | cache_used=false path_age=0.000 path_points=101 planning_time_ms=7.0
1786788850.715 [STATIC_AVOID] obs_id=3 obs_dist=3.52m obs_s=8.61 ego_s=5.09 side=LEFT | left_clearance=0.46 right_clearance=0.03 candidate_valid=true rung=0 | cache_used=false path_age=0.000 path_points=92 planning_time_ms=17.3
1786788851.251 [STATIC_AVOID] obs_id=3 obs_dist=2.47m obs_s=8.61 ego_s=6.14 side=LEFT | left_clearance=0.23 right_clearance=0.04 candidate_valid=false rung=- | cache_used=false path_age=- path_points=0 planning_time_ms=10.5 | reason=obstacle_clearance | cache_reason=cache_expired
1786788851.781 [STATIC_AVOID] obs_id=3 obs_dist=0.31m obs_s=8.61 ego_s=8.30 side=LEFT | left_clearance=0.06 right_clearance=-0.04 candidate_valid=true rung=0 | cache_used=false path_age=0.000 path_points=81 planning_time_ms=5.8
1786788852.334 [STATIC_AVOID] obs_id=- obs_dist=-m obs_s=- ego_s=9.84 side=- | left_clearance=- right_clearance=- candidate_valid=false rung=- | cache_used=false path_age=- path_points=0 planning_time_ms=0.1 | reason=no_static_obstacle_in_range | cache_reason=no_cache
1786788852.879 [STATIC_AVOID] obs_id=- obs_dist=-m obs_s=- ego_s=11.12 side=- | left_clearance=- right_clearance=- candidate_valid=false rung=- | cache_used=false path_age=- path_points=0 planning_time_ms=0.1 | reason=no_static_obstacle_in_range | cache_reason=no_cache
1786788853.381 [STATIC_AVOID] obs_id=- obs_dist=-m obs_s=- ego_s=12.51 side=- | left_clearance=- right_clearance=- candidate_valid=false rung=- | cache_used=false path_age=- path_points=0 planning_time_ms=0.1 | reason=no_static_obstacle_in_range | cache_reason=no_cache
1786788853.894 [STATIC_AVOID] obs_id=- obs_dist=-m obs_s=- ego_s=14.04 side=- | left_clearance=- right_clearance=- candidate_valid=false rung=- | cache_used=false path_age=- path_points=0 planning_time_ms=0.1 | reason=no_static_obstacle_in_range | cache_reason=no_cache
1786788854.435 [STATIC_AVOID] obs_id=- obs_dist=-m obs_s=- ego_s=15.61 side=- | left_clearance=- right_clearance=- candidate_valid=false rung=- | cache_used=false path_age=- path_points=0 planning_time_ms=0.1 | reason=no_static_obstacle_in_range | cache_reason=no_cache
1786788854.983 [STATIC_AVOID] obs_id=5 obs_dist=4.56m obs_s=21.24 ego_s=16.68 side=- | left_clearance=- right_clearance=- candidate_valid=false rung=- | cache_used=false path_age=- path_points=0 planning_time_ms=0.2 | reason=raceline_already_clear | cache_reason=no_cache
1786788855.532 [STATIC_AVOID] obs_id=5 obs_dist=3.54m obs_s=21.14 ego_s=17.60 side=- | left_clearance=- right_clearance=- candidate_valid=false rung=- | cache_used=false path_age=- path_points=0 planning_time_ms=0.2 | reason=raceline_already_clear | cache_reason=no_cache
1786788856.082 [STATIC_AVOID] obs_id=5 obs_dist=2.89m obs_s=21.14 ego_s=18.25 side=- | left_clearance=- right_clearance=- candidate_valid=false rung=- | cache_used=false path_age=- path_points=0 planning_time_ms=0.2 | reason=raceline_already_clear | cache_reason=no_cache
1786788856.633 [STATIC_AVOID] obs_id=5 obs_dist=1.47m obs_s=21.13 ego_s=19.66 side=- | left_clearance=- right_clearance=- candidate_valid=false rung=- | cache_used=false path_age=- path_points=0 planning_time_ms=0.1 | reason=raceline_already_clear | cache_reason=no_cache
1786788857.155 [STATIC_AVOID] obs_id=5 obs_dist=0.38m obs_s=21.12 ego_s=20.75 side=RIGHT | left_clearance=-0.10 right_clearance=0.51 candidate_valid=true rung=0 | cache_used=false path_age=0.000 path_points=81 planning_time_ms=14.9
1786788857.685 [STATIC_AVOID] obs_id=- obs_dist=-m obs_s=- ego_s=23.20 side=- | left_clearance=- right_clearance=- candidate_valid=false rung=- | cache_used=false path_age=- path_points=0 planning_time_ms=0.1 | reason=no_static_obstacle_in_range | cache_reason=no_cache
1786788858.233 [STATIC_AVOID] obs_id=- obs_dist=-m obs_s=- ego_s=24.87 side=- | left_clearance=- right_clearance=- candidate_valid=false rung=- | cache_used=false path_age=- path_points=0 planning_time_ms=0.2 | reason=no_static_obstacle_in_range | cache_reason=no_cache
1786788858.795 [STATIC_AVOID] obs_id=- obs_dist=-m obs_s=- ego_s=26.71 side=- | left_clearance=- right_clearance=- candidate_valid=false rung=- | cache_used=false path_age=- path_points=0 planning_time_ms=17.6 | reason=no_static_obstacle_in_range | cache_reason=no_cache
1786788859.341 [STATIC_AVOID] obs_id=- obs_dist=-m obs_s=- ego_s=28.70 side=- | left_clearance=- right_clearance=- candidate_valid=false rung=- | cache_used=false path_age=- path_points=0 planning_time_ms=1.3 | reason=no_static_obstacle_in_range | cache_reason=no_cache
1786788859.887 [STATIC_AVOID] obs_id=- obs_dist=-m obs_s=- ego_s=30.64 side=- | left_clearance=- right_clearance=- candidate_valid=false rung=- | cache_used=false path_age=- path_points=0 planning_time_ms=2.0 | reason=no_static_obstacle_in_range | cache_reason=no_cache
1786788860.435 [STATIC_AVOID] obs_id=- obs_dist=-m obs_s=- ego_s=32.59 side=- | left_clearance=- right_clearance=- candidate_valid=false rung=- | cache_used=false path_age=- path_points=0 planning_time_ms=0.1 | reason=no_static_obstacle_in_range | cache_reason=no_cache
1786788860.942 [STATIC_AVOID] obs_id=- obs_dist=-m obs_s=- ego_s=34.36 side=- | left_clearance=- right_clearance=- candidate_valid=false rung=- | cache_used=false path_age=- path_points=0 planning_time_ms=0.2 | reason=no_static_obstacle_in_range | cache_reason=no_cache
1786788861.486 [STATIC_AVOID] obs_id=- obs_dist=-m obs_s=- ego_s=1.63 side=- | left_clearance=- right_clearance=- candidate_valid=false rung=- | cache_used=false path_age=- path_points=0 planning_time_ms=0.2 | reason=no_static_obstacle_in_range | cache_reason=no_cache
1786788861.994 [STATIC_AVOID] obs_id=6 obs_dist=5.94m obs_s=8.78 ego_s=2.84 side=LEFT | left_clearance=0.34 right_clearance=-0.03 candidate_valid=true rung=0 | cache_used=false path_age=0.000 path_points=117 planning_time_ms=12.2
1786788862.703 [STATIC_AVOID] obs_id=6 obs_dist=4.77m obs_s=8.74 ego_s=3.98 side=LEFT | left_clearance=0.46 right_clearance=-0.02 candidate_valid=false rung=- | cache_used=false path_age=- path_points=0 planning_time_ms=20.9 | reason=obstacle_clearance | cache_reason=cache_expired
1786788863.277 [STATIC_AVOID] obs_id=6 obs_dist=3.94m obs_s=8.71 ego_s=4.78 side=LEFT | left_clearance=0.40 right_clearance=-0.01 candidate_valid=true rung=0 | cache_used=false path_age=0.000 path_points=96 planning_time_ms=9.9
1786788863.803 [STATIC_AVOID] obs_id=6 obs_dist=2.41m obs_s=8.69 ego_s=6.28 side=LEFT | left_clearance=0.15 right_clearance=0.02 candidate_valid=true rung=0 | cache_used=false path_age=0.000 path_points=88 planning_time_ms=8.8
1786788864.365 [STATIC_AVOID] obs_id=6 obs_dist=0.57m obs_s=8.67 ego_s=8.10 side=LEFT | left_clearance=0.20 right_clearance=-0.06 candidate_valid=true rung=0 | cache_used=false path_age=0.000 path_points=81 planning_time_ms=9.1
1786788864.940 [STATIC_AVOID] obs_id=6 obs_dist=-0.61m obs_s=8.68 ego_s=9.29 side=LEFT | left_clearance=0.08 right_clearance=-0.03 candidate_valid=true rung=0 | cache_used=false path_age=0.000 path_points=81 planning_time_ms=12.4
1786788865.487 [STATIC_AVOID] obs_id=- obs_dist=-m obs_s=- ego_s=10.75 side=- | left_clearance=- right_clearance=- candidate_valid=false rung=- | cache_used=false path_age=- path_points=0 planning_time_ms=0.1 | reason=no_static_obstacle_in_range | cache_reason=no_cache
1786788866.026 [STATIC_AVOID] obs_id=- obs_dist=-m obs_s=- ego_s=12.24 side=- | left_clearance=- right_clearance=- candidate_valid=false rung=- | cache_used=false path_age=- path_points=0 planning_time_ms=1.1 | reason=no_static_obstacle_in_range | cache_reason=no_cache
1786788866.541 [STATIC_AVOID] obs_id=- obs_dist=-m obs_s=- ego_s=13.83 side=- | left_clearance=- right_clearance=- candidate_valid=false rung=- | cache_used=false path_age=- path_points=0 planning_time_ms=0.1 | reason=no_static_obstacle_in_range | cache_reason=no_cache
1786788867.081 [STATIC_AVOID] obs_id=- obs_dist=-m obs_s=- ego_s=15.49 side=- | left_clearance=- right_clearance=- candidate_valid=false rung=- | cache_used=false path_age=- path_points=0 planning_time_ms=0.1 | reason=no_static_obstacle_in_range | cache_reason=no_cache
1786788867.634 [STATIC_AVOID] obs_id=7 obs_dist=4.67m obs_s=21.23 ego_s=16.56 side=- | left_clearance=- right_clearance=- candidate_valid=false rung=- | cache_used=false path_age=- path_points=0 planning_time_ms=0.1 | reason=raceline_already_clear | cache_reason=no_cache
1786788868.138 [STATIC_AVOID] obs_id=7 obs_dist=3.24m obs_s=21.23 ego_s=17.99 side=- | left_clearance=- right_clearance=- candidate_valid=false rung=- | cache_used=false path_age=- path_points=0 planning_time_ms=0.2 | reason=raceline_already_clear | cache_reason=no_cache
1786788868.686 [STATIC_AVOID] obs_id=- obs_dist=-m obs_s=- ego_s=19.83 side=- | left_clearance=- right_clearance=- candidate_valid=false rung=- | cache_used=false path_age=- path_points=0 planning_time_ms=1.6 | reason=no_static_obstacle_in_range | cache_reason=no_cache
1786788869.236 [STATIC_AVOID] obs_id=- obs_dist=-m obs_s=- ego_s=21.59 side=- | left_clearance=- right_clearance=- candidate_valid=false rung=- | cache_used=false path_age=- path_points=0 planning_time_ms=0.1 | reason=no_static_obstacle_in_range | cache_reason=no_cache
1786788869.776 [STATIC_AVOID] obs_id=- obs_dist=-m obs_s=- ego_s=23.49 side=- | left_clearance=- right_clearance=- candidate_valid=false rung=- | cache_used=false path_age=- path_points=0 planning_time_ms=0.1 | reason=no_static_obstacle_in_range | cache_reason=no_cache
1786788870.284 [STATIC_AVOID] obs_id=- obs_dist=-m obs_s=- ego_s=25.10 side=- | left_clearance=- right_clearance=- candidate_valid=false rung=- | cache_used=false path_age=- path_points=0 planning_time_ms=0.1 | reason=no_static_obstacle_in_range | cache_reason=no_cache
1786788870.833 [STATIC_AVOID] obs_id=- obs_dist=-m obs_s=- ego_s=26.73 side=- | left_clearance=- right_clearance=- candidate_valid=false rung=- | cache_used=false path_age=- path_points=0 planning_time_ms=0.1 | reason=no_static_obstacle_in_range | cache_reason=no_cache
1786788871.334 [STATIC_AVOID] obs_id=- obs_dist=-m obs_s=- ego_s=28.39 side=- | left_clearance=- right_clearance=- candidate_valid=false rung=- | cache_used=false path_age=- path_points=0 planning_time_ms=0.1 | reason=no_static_obstacle_in_range | cache_reason=no_cache
1786788871.888 [STATIC_AVOID] obs_id=- obs_dist=-m obs_s=- ego_s=30.25 side=- | left_clearance=- right_clearance=- candidate_valid=false rung=- | cache_used=false path_age=- path_points=0 planning_time_ms=0.1 | reason=no_static_obstacle_in_range | cache_reason=no_cache
1786788872.394 [STATIC_AVOID] obs_id=- obs_dist=-m obs_s=- ego_s=32.10 side=- | left_clearance=- right_clearance=- candidate_valid=false rung=- | cache_used=false path_age=- path_points=0 planning_time_ms=0.1 | reason=no_static_obstacle_in_range | cache_reason=no_cache
1786788872.926 [STATIC_AVOID] obs_id=- obs_dist=-m obs_s=- ego_s=34.17 side=- | left_clearance=- right_clearance=- candidate_valid=false rung=- | cache_used=false path_age=- path_points=0 planning_time_ms=0.1 | reason=no_static_obstacle_in_range | cache_reason=no_cache
1786788873.433 [STATIC_AVOID] obs_id=- obs_dist=-m obs_s=- ego_s=1.20 side=- | left_clearance=- right_clearance=- candidate_valid=false rung=- | cache_used=false path_age=- path_points=0 planning_time_ms=0.1 | reason=no_static_obstacle_in_range | cache_reason=no_cache
1786788874.004 [STATIC_AVOID] obs_id=- obs_dist=-m obs_s=- ego_s=2.56 side=- | left_clearance=- right_clearance=- candidate_valid=false rung=- | cache_used=false path_age=- path_points=0 planning_time_ms=0.2 | reason=no_static_obstacle_in_range | cache_reason=no_cache
1786788874.537 [STATIC_AVOID] obs_id=9 obs_dist=5.27m obs_s=8.76 ego_s=3.49 side=LEFT | left_clearance=0.46 right_clearance=-0.01 candidate_valid=false rung=- | cache_used=false path_age=- path_points=0 planning_time_ms=12.5 | reason=obstacle_clearance | cache_reason=cache_collision
1786788875.053 [STATIC_AVOID] obs_id=9 obs_dist=4.52m obs_s=8.73 ego_s=4.20 side=LEFT | left_clearance=0.46 right_clearance=-0.01 candidate_valid=true rung=0 | cache_used=false path_age=0.000 path_points=101 planning_time_ms=24.4
1786788875.605 [STATIC_AVOID] obs_id=9 obs_dist=3.70m obs_s=8.70 ego_s=5.00 side=LEFT | left_clearance=0.41 right_clearance=0.01 candidate_valid=true rung=0 | cache_used=false path_age=0.000 path_points=94 planning_time_ms=7.9
1786788876.162 [STATIC_AVOID] obs_id=9 obs_dist=2.43m obs_s=8.68 ego_s=6.25 side=LEFT | left_clearance=0.22 right_clearance=0.01 candidate_valid=true rung=0 | cache_used=false path_age=0.000 path_points=86 planning_time_ms=9.1
1786788876.663 [STATIC_AVOID] obs_id=9 obs_dist=0.82m obs_s=8.67 ego_s=7.86 side=LEFT | left_clearance=0.23 right_clearance=-0.03 candidate_valid=true rung=0 | cache_used=false path_age=0.000 path_points=81 planning_time_ms=9.7
1786788877.243 [STATIC_AVOID] obs_id=9 obs_dist=-0.52m obs_s=8.67 ego_s=9.19 side=LEFT | left_clearance=0.03 right_clearance=-0.06 candidate_valid=true rung=0 | cache_used=false path_age=0.000 path_points=81 planning_time_ms=24.4
1786788877.787 [STATIC_AVOID] obs_id=- obs_dist=-m obs_s=- ego_s=10.67 side=- | left_clearance=- right_clearance=- candidate_valid=false rung=- | cache_used=false path_age=- path_points=0 planning_time_ms=0.1 | reason=no_static_obstacle_in_range | cache_reason=no_cache
1786788878.333 [STATIC_AVOID] obs_id=- obs_dist=-m obs_s=- ego_s=12.01 side=- | left_clearance=- right_clearance=- candidate_valid=false rung=- | cache_used=false path_age=- path_points=0 planning_time_ms=0.1 | reason=no_static_obstacle_in_range | cache_reason=no_cache
1786788878.876 [STATIC_AVOID] obs_id=- obs_dist=-m obs_s=- ego_s=13.68 side=- | left_clearance=- right_clearance=- candidate_valid=false rung=- | cache_used=false path_age=- path_points=0 planning_time_ms=0.1 | reason=no_static_obstacle_in_range | cache_reason=no_cache
1786788879.380 [STATIC_AVOID] obs_id=- obs_dist=-m obs_s=- ego_s=15.14 side=- | left_clearance=- right_clearance=- candidate_valid=false rung=- | cache_used=false path_age=- path_points=0 planning_time_ms=0.1 | reason=no_static_obstacle_in_range | cache_reason=no_cache
1786788879.896 [STATIC_AVOID] obs_id=- obs_dist=-m obs_s=- ego_s=16.14 side=- | left_clearance=- right_clearance=- candidate_valid=false rung=- | cache_used=false path_age=- path_points=0 planning_time_ms=0.1 | reason=no_static_obstacle_in_range | cache_reason=no_cache
1786788880.427 [STATIC_AVOID] obs_id=10 obs_dist=4.09m obs_s=21.21 ego_s=17.12 side=- | left_clearance=- right_clearance=- candidate_valid=false rung=- | cache_used=false path_age=- path_points=0 planning_time_ms=0.2 | reason=raceline_already_clear | cache_reason=no_cache
1786788880.931 [STATIC_AVOID] obs_id=10 obs_dist=2.94m obs_s=21.14 ego_s=18.20 side=- | left_clearance=- right_clearance=- candidate_valid=false rung=- | cache_used=false path_age=- path_points=0 planning_time_ms=0.2 | reason=raceline_already_clear | cache_reason=no_cache
1786788881.442 [STATIC_AVOID] obs_id=10 obs_dist=1.46m obs_s=21.11 ego_s=19.65 side=- | left_clearance=- right_clearance=- candidate_valid=false rung=- | cache_used=true path_age=0.099 path_points=85 planning_time_ms=0.3 | reason=raceline_already_clear
1786788881.949 [STATIC_AVOID] obs_id=10 obs_dist=-0.49m obs_s=21.10 ego_s=21.59 side=- | left_clearance=- right_clearance=- candidate_valid=false rung=- | cache_used=false path_age=- path_points=0 planning_time_ms=0.2 | reason=raceline_already_clear | cache_reason=no_cache
1786788882.494 [STATIC_AVOID] obs_id=- obs_dist=-m obs_s=- ego_s=23.42 side=- | left_clearance=- right_clearance=- candidate_valid=false rung=- | cache_used=false path_age=- path_points=0 planning_time_ms=0.1 | reason=no_static_obstacle_in_range | cache_reason=no_cache
1786788883.038 [STATIC_AVOID] obs_id=- obs_dist=-m obs_s=- ego_s=25.06 side=- | left_clearance=- right_clearance=- candidate_valid=false rung=- | cache_used=false path_age=- path_points=0 planning_time_ms=0.1 | reason=no_static_obstacle_in_range | cache_reason=no_cache
1786788883.580 [STATIC_AVOID] obs_id=- obs_dist=-m obs_s=- ego_s=27.03 side=- | left_clearance=- right_clearance=- candidate_valid=false rung=- | cache_used=false path_age=- path_points=0 planning_time_ms=0.3 | reason=no_static_obstacle_in_range | cache_reason=no_cache
1786788884.095 [STATIC_AVOID] obs_id=- obs_dist=-m obs_s=- ego_s=28.73 side=- | left_clearance=- right_clearance=- candidate_valid=false rung=- | cache_used=false path_age=- path_points=0 planning_time_ms=0.1 | reason=no_static_obstacle_in_range | cache_reason=no_cache
1786788884.631 [STATIC_AVOID] obs_id=- obs_dist=-m obs_s=- ego_s=30.83 side=- | left_clearance=- right_clearance=- candidate_valid=false rung=- | cache_used=false path_age=- path_points=0 planning_time_ms=0.2 | reason=no_static_obstacle_in_range | cache_reason=no_cache
1786788885.135 [STATIC_AVOID] obs_id=- obs_dist=-m obs_s=- ego_s=32.44 side=- | left_clearance=- right_clearance=- candidate_valid=false rung=- | cache_used=false path_age=- path_points=0 planning_time_ms=0.1 | reason=no_static_obstacle_in_range | cache_reason=no_cache
1786788885.638 [STATIC_AVOID] obs_id=- obs_dist=-m obs_s=- ego_s=34.25 side=- | left_clearance=- right_clearance=- candidate_valid=false rung=- | cache_used=false path_age=- path_points=0 planning_time_ms=0.1 | reason=no_static_obstacle_in_range | cache_reason=no_cache
1786788886.179 [STATIC_AVOID] obs_id=- obs_dist=-m obs_s=- ego_s=1.51 side=- | left_clearance=- right_clearance=- candidate_valid=false rung=- | cache_used=false path_age=- path_points=0 planning_time_ms=0.1 | reason=no_static_obstacle_in_range | cache_reason=no_cache
1786788886.737 [STATIC_AVOID] obs_id=11 obs_dist=5.62m obs_s=8.61 ego_s=2.99 side=LEFT | left_clearance=0.41 right_clearance=0.04 candidate_valid=true rung=0 | cache_used=false path_age=0.000 path_points=114 planning_time_ms=10.4
1786788887.250 [STATIC_AVOID] obs_id=11 obs_dist=4.89m obs_s=8.62 ego_s=3.73 side=LEFT | left_clearance=0.46 right_clearance=0.01 candidate_valid=true rung=2 | cache_used=false path_age=0.000 path_points=111 planning_time_ms=21.1
1786788887.806 [STATIC_AVOID] obs_id=11 obs_dist=4.09m obs_s=8.62 ego_s=4.53 side=LEFT | left_clearance=0.50 right_clearance=0.01 candidate_valid=true rung=2 | cache_used=false path_age=0.000 path_points=102 planning_time_ms=26.9
1786788888.320 [STATIC_AVOID] obs_id=11 obs_dist=2.95m obs_s=8.62 ego_s=5.67 side=LEFT | left_clearance=0.10 right_clearance=0.02 candidate_valid=true rung=2 | cache_used=false path_age=0.000 path_points=106 planning_time_ms=28.6
1786788888.877 [STATIC_AVOID] obs_id=11 obs_dist=1.06m obs_s=8.61 ego_s=7.55 side=LEFT | left_clearance=0.24 right_clearance=0.04 candidate_valid=false rung=- | cache_used=true path_age=0.113 path_points=81 planning_time_ms=24.7 | reason=obstacle_clearance
1786788889.418 [STATIC_AVOID] obs_id=11 obs_dist=-0.06m obs_s=8.63 ego_s=8.68 side=LEFT | left_clearance=0.07 right_clearance=-0.05 candidate_valid=true rung=0 | cache_used=false path_age=0.000 path_points=81 planning_time_ms=4.6
1786788889.936 [STATIC_AVOID] obs_id=- obs_dist=-m obs_s=- ego_s=10.12 side=- | left_clearance=- right_clearance=- candidate_valid=false rung=- | cache_used=false path_age=- path_points=0 planning_time_ms=0.1 | reason=no_static_obstacle_in_range | cache_reason=no_cache
1786788890.484 [STATIC_AVOID] obs_id=- obs_dist=-m obs_s=- ego_s=11.48 side=- | left_clearance=- right_clearance=- candidate_valid=false rung=- | cache_used=false path_age=- path_points=0 planning_time_ms=0.1 | reason=no_static_obstacle_in_range | cache_reason=no_cache
1786788890.994 [STATIC_AVOID] obs_id=- obs_dist=-m obs_s=- ego_s=12.79 side=- | left_clearance=- right_clearance=- candidate_valid=false rung=- | cache_used=false path_age=- path_points=0 planning_time_ms=0.1 | reason=no_static_obstacle_in_range | cache_reason=no_cache
1786788891.535 [STATIC_AVOID] obs_id=- obs_dist=-m obs_s=- ego_s=14.63 side=- | left_clearance=- right_clearance=- candidate_valid=false rung=- | cache_used=false path_age=- path_points=0 planning_time_ms=0.1 | reason=no_static_obstacle_in_range | cache_reason=no_cache
1786788892.077 [STATIC_AVOID] obs_id=- obs_dist=-m obs_s=- ego_s=16.10 side=- | left_clearance=- right_clearance=- candidate_valid=false rung=- | cache_used=false path_age=- path_points=0 planning_time_ms=0.2 | reason=no_static_obstacle_in_range | cache_reason=no_cache
1786788892.578 [STATIC_AVOID] obs_id=- obs_dist=-m obs_s=- ego_s=17.06 side=- | left_clearance=- right_clearance=- candidate_valid=false rung=- | cache_used=false path_age=- path_points=0 planning_time_ms=0.2 | reason=no_static_obstacle_in_range | cache_reason=no_cache
1786788893.080 [STATIC_AVOID] obs_id=12 obs_dist=2.79m obs_s=21.13 ego_s=18.34 side=- | left_clearance=- right_clearance=- candidate_valid=false rung=- | cache_used=false path_age=- path_points=0 planning_time_ms=0.2 | reason=raceline_already_clear | cache_reason=no_cache
1786788893.634 [STATIC_AVOID] obs_id=- obs_dist=-m obs_s=- ego_s=20.75 side=- | left_clearance=- right_clearance=- candidate_valid=false rung=- | cache_used=false path_age=- path_points=0 planning_time_ms=0.1 | reason=no_static_obstacle_in_range | cache_reason=no_cache
1786788894.178 [STATIC_AVOID] obs_id=- obs_dist=-m obs_s=- ego_s=22.13 side=- | left_clearance=- right_clearance=- candidate_valid=false rung=- | cache_used=false path_age=- path_points=0 planning_time_ms=0.1 | reason=no_static_obstacle_in_range | cache_reason=no_cache
1786788894.706 [STATIC_AVOID] obs_id=- obs_dist=-m obs_s=- ego_s=23.71 side=- | left_clearance=- right_clearance=- candidate_valid=false rung=- | cache_used=false path_age=- path_points=0 planning_time_ms=0.1 | reason=no_static_obstacle_in_range | cache_reason=no_cache
1786788895.236 [STATIC_AVOID] obs_id=- obs_dist=-m obs_s=- ego_s=25.73 side=- | left_clearance=- right_clearance=- candidate_valid=false rung=- | cache_used=false path_age=- path_points=0 planning_time_ms=0.1 | reason=no_static_obstacle_in_range | cache_reason=no_cache
1786788895.741 [STATIC_AVOID] obs_id=- obs_dist=-m obs_s=- ego_s=27.27 side=- | left_clearance=- right_clearance=- candidate_valid=false rung=- | cache_used=false path_age=- path_points=0 planning_time_ms=0.2 | reason=no_static_obstacle_in_range | cache_reason=no_cache
1786788896.280 [STATIC_AVOID] obs_id=- obs_dist=-m obs_s=- ego_s=28.57 side=- | left_clearance=- right_clearance=- candidate_valid=false rung=- | cache_used=false path_age=- path_points=0 planning_time_ms=2.4 | reason=no_static_obstacle_in_range | cache_reason=no_cache
1786788896.781 [STATIC_AVOID] obs_id=- obs_dist=-m obs_s=- ego_s=30.30 side=- | left_clearance=- right_clearance=- candidate_valid=false rung=- | cache_used=false path_age=- path_points=0 planning_time_ms=0.1 | reason=no_static_obstacle_in_range | cache_reason=no_cache
1786788897.330 [STATIC_AVOID] obs_id=- obs_dist=-m obs_s=- ego_s=32.31 side=- | left_clearance=- right_clearance=- candidate_valid=false rung=- | cache_used=false path_age=- path_points=0 planning_time_ms=0.1 | reason=no_static_obstacle_in_range | cache_reason=no_cache
1786788897.831 [STATIC_AVOID] obs_id=- obs_dist=-m obs_s=- ego_s=34.19 side=- | left_clearance=- right_clearance=- candidate_valid=false rung=- | cache_used=false path_age=- path_points=0 planning_time_ms=0.1 | reason=no_static_obstacle_in_range | cache_reason=no_cache
1786788898.380 [STATIC_AVOID] obs_id=- obs_dist=-m obs_s=- ego_s=1.06 side=- | left_clearance=- right_clearance=- candidate_valid=false rung=- | cache_used=false path_age=- path_points=0 planning_time_ms=0.1 | reason=no_static_obstacle_in_range | cache_reason=no_cache
1786788898.883 [STATIC_AVOID] obs_id=- obs_dist=-m obs_s=- ego_s=2.50 side=- | left_clearance=- right_clearance=- candidate_valid=false rung=- | cache_used=false path_age=- path_points=0 planning_time_ms=0.1 | reason=no_static_obstacle_in_range | cache_reason=no_cache
1786788899.442 [STATIC_AVOID] obs_id=14 obs_dist=5.27m obs_s=8.74 ego_s=3.47 side=LEFT | left_clearance=0.51 right_clearance=-0.07 candidate_valid=false rung=- | cache_used=false path_age=- path_points=0 planning_time_ms=14.2 | reason=obstacle_clearance | cache_reason=cache_collision
1786788900.052 [STATIC_AVOID] obs_id=14 obs_dist=4.45m obs_s=8.70 ego_s=4.25 side=LEFT | left_clearance=0.52 right_clearance=-0.07 candidate_valid=false rung=- | cache_used=false path_age=- path_points=0 planning_time_ms=34.7 | reason=obstacle_clearance | cache_reason=cache_collision
1786788900.676 [STATIC_AVOID] obs_id=14 obs_dist=3.18m obs_s=8.68 ego_s=5.50 side=LEFT | left_clearance=0.19 right_clearance=-0.04 candidate_valid=true rung=2 | cache_used=false path_age=0.000 path_points=105 planning_time_ms=41.7
1786788901.251 [STATIC_AVOID] obs_id=14 obs_dist=1.25m obs_s=8.66 ego_s=7.41 side=LEFT | left_clearance=0.12 right_clearance=-0.06 candidate_valid=true rung=2 | cache_used=false path_age=0.000 path_points=87 planning_time_ms=21.1
1786788901.773 [STATIC_AVOID] obs_id=14 obs_dist=-0.23m obs_s=8.67 ego_s=8.90 side=LEFT | left_clearance=0.08 right_clearance=-0.09 candidate_valid=true rung=0 | cache_used=false path_age=0.000 path_points=81 planning_time_ms=3.0
1786788902.333 [STATIC_AVOID] obs_id=- obs_dist=-m obs_s=- ego_s=10.29 side=- | left_clearance=- right_clearance=- candidate_valid=false rung=- | cache_used=false path_age=- path_points=0 planning_time_ms=0.2 | reason=no_static_obstacle_in_range | cache_reason=obstacle_gone
1786788902.882 [STATIC_AVOID] obs_id=- obs_dist=-m obs_s=- ego_s=11.75 side=- | left_clearance=- right_clearance=- candidate_valid=false rung=- | cache_used=false path_age=- path_points=0 planning_time_ms=0.1 | reason=no_static_obstacle_in_range | cache_reason=no_cache
1786788903.434 [STATIC_AVOID] obs_id=- obs_dist=-m obs_s=- ego_s=13.18 side=- | left_clearance=- right_clearance=- candidate_valid=false rung=- | cache_used=false path_age=- path_points=0 planning_time_ms=0.1 | reason=no_static_obstacle_in_range | cache_reason=no_cache
1786788903.936 [STATIC_AVOID] obs_id=- obs_dist=-m obs_s=- ego_s=14.99 side=- | left_clearance=- right_clearance=- candidate_valid=false rung=- | cache_used=false path_age=- path_points=0 planning_time_ms=0.1 | reason=no_static_obstacle_in_range | cache_reason=no_cache
1786788904.436 [STATIC_AVOID] obs_id=- obs_dist=-m obs_s=- ego_s=16.01 side=- | left_clearance=- right_clearance=- candidate_valid=false rung=- | cache_used=false path_age=- path_points=0 planning_time_ms=0.1 | reason=no_static_obstacle_in_range | cache_reason=no_cache
1786788904.986 [STATIC_AVOID] obs_id=- obs_dist=-m obs_s=- ego_s=17.11 side=- | left_clearance=- right_clearance=- candidate_valid=false rung=- | cache_used=false path_age=- path_points=0 planning_time_ms=0.1 | reason=no_static_obstacle_in_range | cache_reason=no_cache
1786788905.536 [STATIC_AVOID] obs_id=- obs_dist=-m obs_s=- ego_s=18.64 side=- | left_clearance=- right_clearance=- candidate_valid=false rung=- | cache_used=false path_age=- path_points=0 planning_time_ms=0.1 | reason=no_static_obstacle_in_range | cache_reason=no_cache
1786788906.084 [STATIC_AVOID] obs_id=15 obs_dist=0.49m obs_s=21.07 ego_s=20.58 side=- | left_clearance=- right_clearance=- candidate_valid=false rung=- | cache_used=false path_age=- path_points=0 planning_time_ms=2.7 | reason=raceline_already_clear | cache_reason=no_cache
1786788906.632 [STATIC_AVOID] obs_id=- obs_dist=-m obs_s=- ego_s=22.32 side=- | left_clearance=- right_clearance=- candidate_valid=false rung=- | cache_used=false path_age=- path_points=0 planning_time_ms=0.1 | reason=no_static_obstacle_in_range | cache_reason=no_cache
1786788907.177 [STATIC_AVOID] obs_id=- obs_dist=-m obs_s=- ego_s=24.15 side=- | left_clearance=- right_clearance=- candidate_valid=false rung=- | cache_used=false path_age=- path_points=0 planning_time_ms=0.3 | reason=no_static_obstacle_in_range | cache_reason=no_cache
1786788907.688 [STATIC_AVOID] obs_id=- obs_dist=-m obs_s=- ego_s=25.77 side=- | left_clearance=- right_clearance=- candidate_valid=false rung=- | cache_used=false path_age=- path_points=0 planning_time_ms=0.1 | reason=no_static_obstacle_in_range | cache_reason=no_cache
1786788908.230 [STATIC_AVOID] obs_id=- obs_dist=-m obs_s=- ego_s=27.71 side=- | left_clearance=- right_clearance=- candidate_valid=false rung=- | cache_used=false path_age=- path_points=0 planning_time_ms=0.1 | reason=no_static_obstacle_in_range | cache_reason=no_cache
1786788908.783 [STATIC_AVOID] obs_id=- obs_dist=-m obs_s=- ego_s=29.58 side=- | left_clearance=- right_clearance=- candidate_valid=false rung=- | cache_used=false path_age=- path_points=0 planning_time_ms=0.1 | reason=no_static_obstacle_in_range | cache_reason=no_cache
1786788909.284 [STATIC_AVOID] obs_id=- obs_dist=-m obs_s=- ego_s=31.27 side=- | left_clearance=- right_clearance=- candidate_valid=false rung=- | cache_used=false path_age=- path_points=0 planning_time_ms=0.1 | reason=no_static_obstacle_in_range | cache_reason=no_cache
1786788909.835 [STATIC_AVOID] obs_id=- obs_dist=-m obs_s=- ego_s=33.28 side=- | left_clearance=- right_clearance=- candidate_valid=false rung=- | cache_used=false path_age=- path_points=0 planning_time_ms=0.1 | reason=no_static_obstacle_in_range | cache_reason=no_cache
1786788910.381 [STATIC_AVOID] obs_id=- obs_dist=-m obs_s=- ego_s=0.62 side=- | left_clearance=- right_clearance=- candidate_valid=false rung=- | cache_used=false path_age=- path_points=0 planning_time_ms=0.1 | reason=no_static_obstacle_in_range | cache_reason=no_cache
1786788910.929 [STATIC_AVOID] obs_id=- obs_dist=-m obs_s=- ego_s=2.02 side=- | left_clearance=- right_clearance=- candidate_valid=false rung=- | cache_used=false path_age=- path_points=0 planning_time_ms=0.1 | reason=no_static_obstacle_in_range | cache_reason=no_cache
1786788911.439 [STATIC_AVOID] obs_id=16 obs_dist=5.68m obs_s=8.76 ego_s=3.08 side=LEFT | left_clearance=0.51 right_clearance=-0.06 candidate_valid=false rung=- | cache_used=true path_age=0.063 path_points=113 planning_time_ms=6.6 | reason=obstacle_clearance
1786788911.950 [STATIC_AVOID] obs_id=16 obs_dist=5.09m obs_s=8.74 ego_s=3.65 side=LEFT | left_clearance=0.51 right_clearance=-0.05 candidate_valid=true rung=0 | cache_used=false path_age=0.000 path_points=106 planning_time_ms=19.4
1786788912.516 [STATIC_AVOID] obs_id=16 obs_dist=4.94m obs_s=8.71 ego_s=3.77 side=LEFT | left_clearance=0.50 right_clearance=-0.05 candidate_valid=true rung=0 | cache_used=false path_age=0.000 path_points=105 planning_time_ms=11.1
1786788913.094 [STATIC_AVOID] obs_id=16 obs_dist=4.92m obs_s=8.69 ego_s=3.77 side=LEFT | left_clearance=0.49 right_clearance=-0.05 candidate_valid=true rung=0 | cache_used=false path_age=0.000 path_points=105 planning_time_ms=15.1
1786788913.615 [STATIC_AVOID] obs_id=16 obs_dist=4.90m obs_s=8.68 ego_s=3.77 side=LEFT | left_clearance=0.54 right_clearance=-0.05 candidate_valid=true rung=0 | cache_used=false path_age=0.000 path_points=105 planning_time_ms=13.0
1786788914.203 [STATIC_AVOID] obs_id=16 obs_dist=4.89m obs_s=8.67 ego_s=3.77 side=LEFT | left_clearance=0.54 right_clearance=-0.04 candidate_valid=true rung=0 | cache_used=false path_age=0.000 path_points=104 planning_time_ms=16.6
1786788914.705 [STATIC_AVOID] obs_id=16 obs_dist=4.89m obs_s=8.66 ego_s=3.77 side=LEFT | left_clearance=0.54 right_clearance=-0.05 candidate_valid=true rung=2 | cache_used=false path_age=0.000 path_points=110 planning_time_ms=30.5
1786788915.207 [STATIC_AVOID] obs_id=16 obs_dist=4.88m obs_s=8.66 ego_s=3.78 side=LEFT | left_clearance=0.54 right_clearance=-0.04 candidate_valid=true rung=2 | cache_used=false path_age=0.000 path_points=110 planning_time_ms=20.5
1786788915.708 [STATIC_AVOID] obs_id=16 obs_dist=4.88m obs_s=8.65 ego_s=3.77 side=LEFT | left_clearance=0.53 right_clearance=-0.05 candidate_valid=true rung=2 | cache_used=false path_age=0.000 path_points=110 planning_time_ms=33.1
1786788916.216 [STATIC_AVOID] obs_id=16 obs_dist=4.88m obs_s=8.65 ego_s=3.77 side=LEFT | left_clearance=0.54 right_clearance=-0.05 candidate_valid=true rung=2 | cache_used=false path_age=0.000 path_points=110 planning_time_ms=18.9
1786788916.765 [STATIC_AVOID] obs_id=16 obs_dist=4.87m obs_s=8.64 ego_s=3.77 side=LEFT | left_clearance=0.54 right_clearance=-0.04 candidate_valid=true rung=2 | cache_used=false path_age=0.000 path_points=110 planning_time_ms=29.0
1786788917.334 [STATIC_AVOID] obs_id=16 obs_dist=4.87m obs_s=8.64 ego_s=3.77 side=LEFT | left_clearance=0.54 right_clearance=-0.04 candidate_valid=true rung=2 | cache_used=false path_age=0.000 path_points=110 planning_time_ms=17.1
1786788918.046 [STATIC_AVOID] obs_id=16 obs_dist=4.86m obs_s=8.64 ego_s=3.77 side=LEFT | left_clearance=0.54 right_clearance=-0.05 candidate_valid=true rung=2 | cache_used=false path_age=0.000 path_points=110 planning_time_ms=28.1
1786788918.618 [STATIC_AVOID] obs_id=16 obs_dist=4.86m obs_s=8.64 ego_s=3.77 side=LEFT | left_clearance=0.54 right_clearance=-0.05 candidate_valid=true rung=2 | cache_used=false path_age=0.000 path_points=110 planning_time_ms=24.2
1786788919.196 [STATIC_AVOID] obs_id=16 obs_dist=4.86m obs_s=8.63 ego_s=3.77 side=LEFT | left_clearance=0.55 right_clearance=-0.04 candidate_valid=true rung=2 | cache_used=false path_age=0.000 path_points=110 planning_time_ms=31.0
1786788919.784 [STATIC_AVOID] obs_id=16 obs_dist=4.86m obs_s=8.63 ego_s=3.77 side=LEFT | left_clearance=0.54 right_clearance=-0.05 candidate_valid=true rung=2 | cache_used=false path_age=0.000 path_points=110 planning_time_ms=36.8
1786788920.304 [STATIC_AVOID] obs_id=16 obs_dist=4.86m obs_s=8.63 ego_s=3.77 side=LEFT | left_clearance=0.54 right_clearance=-0.05 candidate_valid=true rung=2 | cache_used=false path_age=0.000 path_points=110 planning_time_ms=24.9
1786788920.822 [STATIC_AVOID] obs_id=16 obs_dist=4.86m obs_s=8.63 ego_s=3.77 side=LEFT | left_clearance=0.54 right_clearance=-0.04 candidate_valid=true rung=2 | cache_used=false path_age=0.000 path_points=110 planning_time_ms=22.0
1786788921.341 [STATIC_AVOID] obs_id=16 obs_dist=4.86m obs_s=8.63 ego_s=3.77 side=LEFT | left_clearance=0.54 right_clearance=-0.04 candidate_valid=true rung=2 | cache_used=false path_age=0.000 path_points=110 planning_time_ms=25.3
1786788921.887 [STATIC_AVOID] obs_id=16 obs_dist=4.86m obs_s=8.63 ego_s=3.77 side=LEFT | left_clearance=0.54 right_clearance=-0.04 candidate_valid=true rung=2 | cache_used=false path_age=0.000 path_points=110 planning_time_ms=35.4
1786788922.411 [STATIC_AVOID] obs_id=16 obs_dist=4.85m obs_s=8.63 ego_s=3.78 side=LEFT | left_clearance=0.55 right_clearance=-0.04 candidate_valid=true rung=2 | cache_used=false path_age=0.000 path_points=110 planning_time_ms=53.1
1786788922.928 [STATIC_AVOID] obs_id=16 obs_dist=4.85m obs_s=8.63 ego_s=3.77 side=LEFT | left_clearance=0.54 right_clearance=-0.04 candidate_valid=true rung=2 | cache_used=false path_age=0.000 path_points=110 planning_time_ms=23.5
1786788923.519 [STATIC_AVOID] obs_id=16 obs_dist=4.85m obs_s=8.63 ego_s=3.77 side=LEFT | left_clearance=0.55 right_clearance=-0.04 candidate_valid=true rung=2 | cache_used=false path_age=0.000 path_points=110 planning_time_ms=7.0
1786788924.038 [STATIC_AVOID] obs_id=16 obs_dist=4.85m obs_s=8.63 ego_s=3.77 side=LEFT | left_clearance=0.55 right_clearance=-0.04 candidate_valid=true rung=2 | cache_used=false path_age=0.000 path_points=110 planning_time_ms=35.3
1786788924.576 [STATIC_AVOID] obs_id=16 obs_dist=4.85m obs_s=8.62 ego_s=3.78 side=LEFT | left_clearance=0.54 right_clearance=-0.04 candidate_valid=true rung=0 | cache_used=false path_age=0.000 path_points=104 planning_time_ms=9.2
1786788925.091 [STATIC_AVOID] obs_id=16 obs_dist=4.85m obs_s=8.62 ego_s=3.77 side=LEFT | left_clearance=0.54 right_clearance=-0.04 candidate_valid=true rung=2 | cache_used=false path_age=0.000 path_points=110 planning_time_ms=31.0
1786788925.681 [STATIC_AVOID] obs_id=16 obs_dist=4.85m obs_s=8.62 ego_s=3.77 side=LEFT | left_clearance=0.54 right_clearance=-0.05 candidate_valid=true rung=2 | cache_used=false path_age=0.000 path_points=110 planning_time_ms=24.1
1786788926.266 [STATIC_AVOID] obs_id=16 obs_dist=4.85m obs_s=8.62 ego_s=3.77 side=LEFT | left_clearance=0.54 right_clearance=-0.05 candidate_valid=true rung=0 | cache_used=false path_age=0.000 path_points=104 planning_time_ms=16.9
1786788926.807 [STATIC_AVOID] obs_id=16 obs_dist=4.85m obs_s=8.62 ego_s=3.77 side=LEFT | left_clearance=0.55 right_clearance=-0.04 candidate_valid=true rung=0 | cache_used=false path_age=0.000 path_points=104 planning_time_ms=16.4
1786788927.322 [STATIC_AVOID] obs_id=16 obs_dist=4.85m obs_s=8.62 ego_s=3.77 side=LEFT | left_clearance=0.54 right_clearance=-0.04 candidate_valid=true rung=0 | cache_used=false path_age=0.000 path_points=104 planning_time_ms=5.5
1786788927.841 [STATIC_AVOID] obs_id=16 obs_dist=4.85m obs_s=8.62 ego_s=3.77 side=LEFT | left_clearance=0.54 right_clearance=-0.04 candidate_valid=true rung=2 | cache_used=false path_age=0.000 path_points=110 planning_time_ms=11.8
1786788928.352 [STATIC_AVOID] obs_id=16 obs_dist=4.85m obs_s=8.62 ego_s=3.77 side=LEFT | left_clearance=0.55 right_clearance=-0.04 candidate_valid=true rung=0 | cache_used=false path_age=0.000 path_points=104 planning_time_ms=13.4
1786788928.888 [STATIC_AVOID] obs_id=16 obs_dist=4.84m obs_s=8.62 ego_s=3.78 side=LEFT | left_clearance=0.54 right_clearance=-0.04 candidate_valid=true rung=0 | cache_used=false path_age=0.000 path_points=104 planning_time_ms=10.5
1786788929.395 [STATIC_AVOID] obs_id=16 obs_dist=4.85m obs_s=8.62 ego_s=3.77 side=LEFT | left_clearance=0.54 right_clearance=-0.05 candidate_valid=true rung=0 | cache_used=false path_age=0.000 path_points=104 planning_time_ms=15.0
1786788929.908 [STATIC_AVOID] obs_id=16 obs_dist=4.85m obs_s=8.62 ego_s=3.77 side=LEFT | left_clearance=0.54 right_clearance=-0.04 candidate_valid=true rung=0 | cache_used=false path_age=0.000 path_points=104 planning_time_ms=13.7
1786788930.490 [STATIC_AVOID] obs_id=16 obs_dist=4.85m obs_s=8.62 ego_s=3.77 side=LEFT | left_clearance=0.54 right_clearance=-0.05 candidate_valid=true rung=0 | cache_used=false path_age=0.000 path_points=104 planning_time_ms=23.7
1786788931.033 [STATIC_AVOID] obs_id=16 obs_dist=4.84m obs_s=8.62 ego_s=3.78 side=LEFT | left_clearance=0.54 right_clearance=-0.04 candidate_valid=true rung=0 | cache_used=false path_age=0.000 path_points=104 planning_time_ms=12.3
1786788931.614 [STATIC_AVOID] obs_id=16 obs_dist=4.85m obs_s=8.62 ego_s=3.77 side=LEFT | left_clearance=0.54 right_clearance=-0.05 candidate_valid=true rung=0 | cache_used=false path_age=0.000 path_points=104 planning_time_ms=9.1
1786788932.161 [STATIC_AVOID] obs_id=16 obs_dist=4.85m obs_s=8.62 ego_s=3.77 side=LEFT | left_clearance=0.55 right_clearance=-0.04 candidate_valid=true rung=0 | cache_used=false path_age=0.000 path_points=104 planning_time_ms=11.7
1786788932.705 [STATIC_AVOID] obs_id=16 obs_dist=4.84m obs_s=8.62 ego_s=3.77 side=LEFT | left_clearance=0.54 right_clearance=-0.04 candidate_valid=true rung=0 | cache_used=false path_age=0.000 path_points=104 planning_time_ms=8.9
1786788933.286 [STATIC_AVOID] obs_id=16 obs_dist=4.85m obs_s=8.62 ego_s=3.77 side=LEFT | left_clearance=0.54 right_clearance=-0.04 candidate_valid=true rung=0 | cache_used=false path_age=0.000 path_points=104 planning_time_ms=22.8
1786788933.817 [STATIC_AVOID] obs_id=16 obs_dist=4.85m obs_s=8.62 ego_s=3.77 side=LEFT | left_clearance=0.54 right_clearance=-0.04 candidate_valid=true rung=0 | cache_used=false path_age=0.000 path_points=104 planning_time_ms=13.8
1786788934.340 [STATIC_AVOID] obs_id=16 obs_dist=4.85m obs_s=8.62 ego_s=3.77 side=LEFT | left_clearance=0.54 right_clearance=-0.04 candidate_valid=true rung=0 | cache_used=false path_age=0.000 path_points=104 planning_time_ms=16.1
1786788934.863 [STATIC_AVOID] obs_id=16 obs_dist=4.84m obs_s=8.62 ego_s=3.78 side=LEFT | left_clearance=0.54 right_clearance=-0.04 candidate_valid=true rung=0 | cache_used=false path_age=0.000 path_points=104 planning_time_ms=12.2
1786788935.380 [STATIC_AVOID] obs_id=16 obs_dist=4.84m obs_s=8.62 ego_s=3.77 side=LEFT | left_clearance=0.54 right_clearance=-0.04 candidate_valid=true rung=0 | cache_used=false path_age=0.000 path_points=104 planning_time_ms=12.9
1786788935.911 [STATIC_AVOID] obs_id=16 obs_dist=4.84m obs_s=8.62 ego_s=3.77 side=LEFT | left_clearance=0.54 right_clearance=-0.04 candidate_valid=true rung=0 | cache_used=false path_age=0.000 path_points=104 planning_time_ms=14.5
1786788936.437 [STATIC_AVOID] obs_id=16 obs_dist=4.84m obs_s=8.62 ego_s=3.77 side=LEFT | left_clearance=0.54 right_clearance=-0.04 candidate_valid=true rung=0 | cache_used=false path_age=0.000 path_points=104 planning_time_ms=3.6
1786788936.973 [STATIC_AVOID] obs_id=16 obs_dist=4.84m obs_s=8.62 ego_s=3.77 side=LEFT | left_clearance=0.55 right_clearance=-0.04 candidate_valid=true rung=0 | cache_used=false path_age=0.000 path_points=104 planning_time_ms=18.9
1786788937.487 [STATIC_AVOID] obs_id=16 obs_dist=4.85m obs_s=8.62 ego_s=3.77 side=LEFT | left_clearance=0.54 right_clearance=-0.04 candidate_valid=true rung=0 | cache_used=false path_age=0.000 path_points=104 planning_time_ms=3.4
1786788937.991 [STATIC_AVOID] obs_id=16 obs_dist=4.84m obs_s=8.62 ego_s=3.77 side=LEFT | left_clearance=0.54 right_clearance=-0.04 candidate_valid=true rung=0 | cache_used=false path_age=0.000 path_points=104 planning_time_ms=16.7
1786788938.494 [STATIC_AVOID] obs_id=16 obs_dist=4.84m obs_s=8.62 ego_s=3.77 side=LEFT | left_clearance=0.54 right_clearance=-0.04 candidate_valid=true rung=0 | cache_used=false path_age=0.000 path_points=104 planning_time_ms=18.2
1786788939.053 [STATIC_AVOID] obs_id=16 obs_dist=4.84m obs_s=8.62 ego_s=3.77 side=LEFT | left_clearance=0.54 right_clearance=-0.05 candidate_valid=true rung=0 | cache_used=false path_age=0.000 path_points=104 planning_time_ms=10.9
1786788939.632 [STATIC_AVOID] obs_id=16 obs_dist=4.84m obs_s=8.62 ego_s=3.77 side=LEFT | left_clearance=0.54 right_clearance=-0.05 candidate_valid=true rung=0 | cache_used=false path_age=0.000 path_points=104 planning_time_ms=7.6
1786788940.179 [STATIC_AVOID] obs_id=16 obs_dist=4.84m obs_s=8.62 ego_s=3.77 side=LEFT | left_clearance=0.54 right_clearance=-0.04 candidate_valid=true rung=0 | cache_used=false path_age=0.000 path_points=104 planning_time_ms=7.1
1786788940.731 [STATIC_AVOID] obs_id=16 obs_dist=4.84m obs_s=8.62 ego_s=3.77 side=LEFT | left_clearance=0.54 right_clearance=-0.04 candidate_valid=true rung=0 | cache_used=false path_age=0.000 path_points=104 planning_time_ms=10.6
1786788941.253 [STATIC_AVOID] obs_id=16 obs_dist=4.84m obs_s=8.62 ego_s=3.78 side=LEFT | left_clearance=0.54 right_clearance=-0.05 candidate_valid=true rung=0 | cache_used=false path_age=0.000 path_points=104 planning_time_ms=6.7
1786788941.762 [STATIC_AVOID] obs_id=16 obs_dist=4.84m obs_s=8.62 ego_s=3.78 side=LEFT | left_clearance=0.54 right_clearance=-0.05 candidate_valid=true rung=0 | cache_used=false path_age=0.000 path_points=104 planning_time_ms=6.6
1786788942.343 [STATIC_AVOID] obs_id=16 obs_dist=4.85m obs_s=8.62 ego_s=3.77 side=LEFT | left_clearance=0.54 right_clearance=-0.05 candidate_valid=true rung=0 | cache_used=false path_age=0.000 path_points=104 planning_time_ms=3.4
1786788942.847 [STATIC_AVOID] obs_id=16 obs_dist=4.84m obs_s=8.61 ego_s=3.77 side=LEFT | left_clearance=0.54 right_clearance=-0.05 candidate_valid=true rung=0 | cache_used=false path_age=0.000 path_points=104 planning_time_ms=15.2
1786788943.388 [STATIC_AVOID] obs_id=16 obs_dist=4.84m obs_s=8.61 ego_s=3.78 side=LEFT | left_clearance=0.55 right_clearance=-0.03 candidate_valid=true rung=0 | cache_used=false path_age=0.000 path_points=104 planning_time_ms=14.0
1786788943.928 [STATIC_AVOID] obs_id=16 obs_dist=4.84m obs_s=8.61 ego_s=3.77 side=LEFT | left_clearance=0.54 right_clearance=-0.05 candidate_valid=true rung=0 | cache_used=false path_age=0.000 path_points=104 planning_time_ms=8.5
1786788944.447 [STATIC_AVOID] obs_id=16 obs_dist=4.84m obs_s=8.61 ego_s=3.77 side=LEFT | left_clearance=0.54 right_clearance=-0.05 candidate_valid=true rung=0 | cache_used=false path_age=0.000 path_points=104 planning_time_ms=17.8
1786788944.990 [STATIC_AVOID] obs_id=16 obs_dist=4.84m obs_s=8.61 ego_s=3.77 side=LEFT | left_clearance=0.54 right_clearance=-0.04 candidate_valid=true rung=0 | cache_used=false path_age=0.000 path_points=104 planning_time_ms=10.2
1786788945.500 [STATIC_AVOID] obs_id=16 obs_dist=4.84m obs_s=8.61 ego_s=3.78 side=LEFT | left_clearance=0.55 right_clearance=-0.03 candidate_valid=true rung=0 | cache_used=false path_age=0.000 path_points=104 planning_time_ms=3.3
1786788946.054 [STATIC_AVOID] obs_id=16 obs_dist=4.84m obs_s=8.61 ego_s=3.77 side=LEFT | left_clearance=0.54 right_clearance=-0.04 candidate_valid=true rung=0 | cache_used=false path_age=0.000 path_points=104 planning_time_ms=12.7
1786788946.623 [STATIC_AVOID] obs_id=16 obs_dist=4.84m obs_s=8.61 ego_s=3.78 side=LEFT | left_clearance=0.54 right_clearance=-0.05 candidate_valid=true rung=0 | cache_used=false path_age=0.000 path_points=104 planning_time_ms=7.1
1786788947.127 [STATIC_AVOID] obs_id=16 obs_dist=4.84m obs_s=8.61 ego_s=3.77 side=LEFT | left_clearance=0.54 right_clearance=-0.04 candidate_valid=true rung=0 | cache_used=false path_age=0.000 path_points=104 planning_time_ms=6.6
1786788947.663 [STATIC_AVOID] obs_id=16 obs_dist=4.84m obs_s=8.61 ego_s=3.77 side=LEFT | left_clearance=0.54 right_clearance=-0.04 candidate_valid=true rung=0 | cache_used=false path_age=0.000 path_points=104 planning_time_ms=6.5
1786788948.168 [STATIC_AVOID] obs_id=16 obs_dist=4.84m obs_s=8.61 ego_s=3.77 side=LEFT | left_clearance=0.54 right_clearance=-0.04 candidate_valid=true rung=0 | cache_used=false path_age=0.000 path_points=104 planning_time_ms=8.0
1786788948.710 [STATIC_AVOID] obs_id=16 obs_dist=4.84m obs_s=8.61 ego_s=3.77 side=LEFT | left_clearance=0.55 right_clearance=-0.04 candidate_valid=true rung=0 | cache_used=false path_age=0.000 path_points=104 planning_time_ms=5.5
1786788949.229 [STATIC_AVOID] obs_id=16 obs_dist=4.84m obs_s=8.61 ego_s=3.77 side=LEFT | left_clearance=0.54 right_clearance=-0.05 candidate_valid=true rung=0 | cache_used=false path_age=0.000 path_points=104 planning_time_ms=4.2
1786788949.761 [STATIC_AVOID] obs_id=16 obs_dist=4.84m obs_s=8.61 ego_s=3.77 side=LEFT | left_clearance=0.54 right_clearance=-0.05 candidate_valid=true rung=0 | cache_used=false path_age=0.000 path_points=104 planning_time_ms=9.8
1786788950.261 [STATIC_AVOID] obs_id=16 obs_dist=4.84m obs_s=8.61 ego_s=3.77 side=LEFT | left_clearance=0.54 right_clearance=-0.04 candidate_valid=true rung=0 | cache_used=false path_age=0.000 path_points=104 planning_time_ms=7.0
1786788950.855 [STATIC_AVOID] obs_id=16 obs_dist=4.84m obs_s=8.61 ego_s=3.77 side=LEFT | left_clearance=0.54 right_clearance=-0.05 candidate_valid=true rung=0 | cache_used=false path_age=0.000 path_points=104 planning_time_ms=28.1
1786788951.385 [STATIC_AVOID] obs_id=16 obs_dist=4.84m obs_s=8.61 ego_s=3.77 side=LEFT | left_clearance=0.55 right_clearance=-0.04 candidate_valid=true rung=0 | cache_used=false path_age=0.000 path_points=104 planning_time_ms=3.4
1786788951.892 [STATIC_AVOID] obs_id=16 obs_dist=4.84m obs_s=8.61 ego_s=3.77 side=LEFT | left_clearance=0.54 right_clearance=-0.05 candidate_valid=true rung=0 | cache_used=false path_age=0.000 path_points=104 planning_time_ms=3.7
1786788952.438 [STATIC_AVOID] obs_id=16 obs_dist=4.84m obs_s=8.61 ego_s=3.78 side=LEFT | left_clearance=0.53 right_clearance=-0.05 candidate_valid=true rung=0 | cache_used=false path_age=0.000 path_points=104 planning_time_ms=10.0
1786788952.954 [STATIC_AVOID] obs_id=16 obs_dist=4.84m obs_s=8.61 ego_s=3.77 side=LEFT | left_clearance=0.54 right_clearance=-0.04 candidate_valid=true rung=0 | cache_used=false path_age=0.000 path_points=104 planning_time_ms=14.3
1786788953.490 [STATIC_AVOID] obs_id=16 obs_dist=4.84m obs_s=8.61 ego_s=3.77 side=LEFT | left_clearance=0.54 right_clearance=-0.05 candidate_valid=true rung=0 | cache_used=false path_age=0.000 path_points=104 planning_time_ms=6.8
1786788954.080 [STATIC_AVOID] obs_id=16 obs_dist=4.84m obs_s=8.61 ego_s=3.77 side=LEFT | left_clearance=0.54 right_clearance=-0.05 candidate_valid=true rung=0 | cache_used=false path_age=0.000 path_points=104 planning_time_ms=15.1
1786788954.635 [STATIC_AVOID] obs_id=16 obs_dist=4.84m obs_s=8.61 ego_s=3.77 side=LEFT | left_clearance=0.54 right_clearance=-0.05 candidate_valid=true rung=0 | cache_used=false path_age=0.000 path_points=104 planning_time_ms=8.0
1786788955.151 [STATIC_AVOID] obs_id=16 obs_dist=4.84m obs_s=8.61 ego_s=3.78 side=LEFT | left_clearance=0.54 right_clearance=-0.04 candidate_valid=true rung=0 | cache_used=false path_age=0.000 path_points=104 planning_time_ms=8.4
1786788955.665 [STATIC_AVOID] obs_id=16 obs_dist=4.84m obs_s=8.61 ego_s=3.78 side=LEFT | left_clearance=0.54 right_clearance=-0.05 candidate_valid=true rung=0 | cache_used=false path_age=0.000 path_points=104 planning_time_ms=9.1
1786788956.243 [STATIC_AVOID] obs_id=16 obs_dist=4.84m obs_s=8.61 ego_s=3.78 side=LEFT | left_clearance=0.54 right_clearance=-0.05 candidate_valid=true rung=0 | cache_used=false path_age=0.000 path_points=104 planning_time_ms=11.1
1786788956.745 [STATIC_AVOID] obs_id=16 obs_dist=4.84m obs_s=8.61 ego_s=3.78 side=LEFT | left_clearance=0.54 right_clearance=-0.04 candidate_valid=true rung=0 | cache_used=false path_age=0.000 path_points=104 planning_time_ms=12.7
1786788957.286 [STATIC_AVOID] obs_id=16 obs_dist=4.84m obs_s=8.61 ego_s=3.77 side=LEFT | left_clearance=0.54 right_clearance=-0.04 candidate_valid=true rung=0 | cache_used=false path_age=0.000 path_points=104 planning_time_ms=5.9
1786788957.829 [STATIC_AVOID] obs_id=16 obs_dist=4.84m obs_s=8.61 ego_s=3.77 side=LEFT | left_clearance=0.54 right_clearance=-0.04 candidate_valid=true rung=0 | cache_used=false path_age=0.000 path_points=104 planning_time_ms=17.8
1786788958.342 [STATIC_AVOID] obs_id=16 obs_dist=4.84m obs_s=8.61 ego_s=3.77 side=LEFT | left_clearance=0.55 right_clearance=-0.04 candidate_valid=true rung=0 | cache_used=false path_age=0.000 path_points=104 planning_time_ms=4.7
1786788958.882 [STATIC_AVOID] obs_id=16 obs_dist=4.84m obs_s=8.61 ego_s=3.77 side=LEFT | left_clearance=0.55 right_clearance=-0.04 candidate_valid=true rung=0 | cache_used=false path_age=0.000 path_points=104 planning_time_ms=4.6
1786788959.401 [STATIC_AVOID] obs_id=16 obs_dist=4.84m obs_s=8.61 ego_s=3.78 side=LEFT | left_clearance=0.54 right_clearance=-0.04 candidate_valid=true rung=0 | cache_used=false path_age=0.000 path_points=104 planning_time_ms=6.8
1786788960.000 [STATIC_AVOID] obs_id=16 obs_dist=4.84m obs_s=8.61 ego_s=3.77 side=LEFT | left_clearance=0.54 right_clearance=-0.05 candidate_valid=true rung=0 | cache_used=false path_age=0.000 path_points=104 planning_time_ms=14.9
1786788960.581 [STATIC_AVOID] obs_id=16 obs_dist=4.85m obs_s=8.61 ego_s=3.76 side=LEFT | left_clearance=0.54 right_clearance=-0.05 candidate_valid=true rung=2 | cache_used=false path_age=0.000 path_points=110 planning_time_ms=20.2
1786788961.155 [STATIC_AVOID] obs_id=16 obs_dist=4.86m obs_s=8.61 ego_s=3.76 side=LEFT | left_clearance=0.54 right_clearance=-0.04 candidate_valid=true rung=2 | cache_used=false path_age=0.000 path_points=110 planning_time_ms=17.8
1786788961.726 [STATIC_AVOID] obs_id=16 obs_dist=4.85m obs_s=8.61 ego_s=3.76 side=LEFT | left_clearance=0.54 right_clearance=-0.04 candidate_valid=true rung=0 | cache_used=false path_age=0.000 path_points=104 planning_time_ms=13.5
1786788962.264 [STATIC_AVOID] obs_id=16 obs_dist=4.85m obs_s=8.61 ego_s=3.77 side=LEFT | left_clearance=0.54 right_clearance=-0.04 candidate_valid=true rung=0 | cache_used=false path_age=0.000 path_points=104 planning_time_ms=15.4
1786788962.796 [STATIC_AVOID] obs_id=16 obs_dist=4.90m obs_s=8.61 ego_s=3.72 side=LEFT | left_clearance=0.55 right_clearance=-0.04 candidate_valid=true rung=0 | cache_used=false path_age=0.000 path_points=104 planning_time_ms=18.7
1786788963.376 [STATIC_AVOID] obs_id=16 obs_dist=5.17m obs_s=8.61 ego_s=3.44 side=LEFT | left_clearance=0.56 right_clearance=-0.03 candidate_valid=true rung=2 | cache_used=false path_age=0.000 path_points=113 planning_time_ms=31.0
1786788963.904 [STATIC_AVOID] obs_id=16 obs_dist=5.29m obs_s=8.61 ego_s=3.33 side=LEFT | left_clearance=0.55 right_clearance=-0.04 candidate_valid=true rung=2 | cache_used=false path_age=0.000 path_points=114 planning_time_ms=21.5
1786788964.413 [STATIC_AVOID] obs_id=16 obs_dist=5.26m obs_s=8.61 ego_s=3.35 side=LEFT | left_clearance=0.56 right_clearance=-0.03 candidate_valid=false rung=- | cache_used=false path_age=- path_points=0 planning_time_ms=11.7 | reason=obstacle_clearance | cache_reason=cache_collision
1786788964.918 [STATIC_AVOID] obs_id=16 obs_dist=4.35m obs_s=8.61 ego_s=4.26 side=LEFT | left_clearance=0.53 right_clearance=-0.03 candidate_valid=false rung=- | cache_used=false path_age=- path_points=0 planning_time_ms=11.3 | reason=obstacle_clearance | cache_reason=no_cache
1786788965.488 [STATIC_AVOID] obs_id=16 obs_dist=3.06m obs_s=8.61 ego_s=5.55 side=LEFT | left_clearance=0.37 right_clearance=-0.03 candidate_valid=false rung=- | cache_used=false path_age=- path_points=0 planning_time_ms=15.6 | reason=obstacle_clearance | cache_reason=cache_collision
1786788966.035 [STATIC_AVOID] obs_id=16 obs_dist=1.56m obs_s=8.61 ego_s=7.05 side=LEFT | left_clearance=0.38 right_clearance=-0.02 candidate_valid=true rung=0 | cache_used=false path_age=0.000 path_points=81 planning_time_ms=5.4
1786788966.602 [STATIC_AVOID] obs_id=16 obs_dist=0.69m obs_s=8.61 ego_s=7.92 side=LEFT | left_clearance=0.59 right_clearance=-0.01 candidate_valid=false rung=- | cache_used=false path_age=- path_points=0 planning_time_ms=24.2 | reason=map_occupied | cache_reason=cache_expired
1786788967.250 [STATIC_AVOID] obs_id=16 obs_dist=0.29m obs_s=8.61 ego_s=8.32 side=RIGHT | left_clearance=0.47 right_clearance=-0.04 candidate_valid=true rung=1 | cache_used=false path_age=0.000 path_points=81 planning_time_ms=21.5
1786788967.822 [STATIC_AVOID] obs_id=16 obs_dist=0.47m obs_s=8.90 ego_s=8.43 side=LEFT | left_clearance=0.57 right_clearance=-0.18 candidate_valid=true rung=0 | cache_used=false path_age=0.000 path_points=81 planning_time_ms=18.6
1786788968.338 [STATIC_AVOID] obs_id=16 obs_dist=0.48m obs_s=8.90 ego_s=8.42 side=LEFT | left_clearance=0.56 right_clearance=-0.18 candidate_valid=true rung=0 | cache_used=false path_age=0.000 path_points=81 planning_time_ms=6.3
1786788968.850 [STATIC_AVOID] obs_id=16 obs_dist=0.48m obs_s=8.90 ego_s=8.42 side=LEFT | left_clearance=0.57 right_clearance=-0.18 candidate_valid=true rung=0 | cache_used=false path_age=0.000 path_points=81 planning_time_ms=6.8
1786788969.376 [STATIC_AVOID] obs_id=- obs_dist=-m obs_s=- ego_s=8.43 side=- | left_clearance=- right_clearance=- candidate_valid=false rung=- | cache_used=false path_age=- path_points=0 planning_time_ms=0.2 | reason=no_static_obstacle_in_range | cache_reason=obstacle_gone
1786788969.886 [STATIC_AVOID] obs_id=- obs_dist=-m obs_s=- ego_s=9.20 side=- | left_clearance=- right_clearance=- candidate_valid=false rung=- | cache_used=false path_age=- path_points=0 planning_time_ms=0.1 | reason=no_static_obstacle_in_range | cache_reason=no_cache
1786788970.457 [STATIC_AVOID] obs_id=- obs_dist=-m obs_s=- ego_s=7.85 side=- | left_clearance=- right_clearance=- candidate_valid=false rung=- | cache_used=false path_age=- path_points=0 planning_time_ms=0.1 | reason=no_static_obstacle_in_range | cache_reason=no_cache
1786788971.000 [STATIC_AVOID] obs_id=- obs_dist=-m obs_s=- ego_s=7.82 side=- | left_clearance=- right_clearance=- candidate_valid=false rung=- | cache_used=false path_age=- path_points=0 planning_time_ms=0.1 | reason=no_static_obstacle_in_range | cache_reason=no_cache
1786788971.547 [STATIC_AVOID] obs_id=- obs_dist=-m obs_s=- ego_s=7.83 side=- | left_clearance=- right_clearance=- candidate_valid=false rung=- | cache_used=false path_age=- path_points=0 planning_time_ms=0.1 | reason=no_static_obstacle_in_range | cache_reason=no_cache
1786788972.079 [STATIC_AVOID] obs_id=- obs_dist=-m obs_s=- ego_s=7.83 side=- | left_clearance=- right_clearance=- candidate_valid=false rung=- | cache_used=false path_age=- path_points=0 planning_time_ms=0.1 | reason=no_static_obstacle_in_range | cache_reason=no_cache
1786788972.631 [STATIC_AVOID] obs_id=- obs_dist=-m obs_s=- ego_s=7.84 side=- | left_clearance=- right_clearance=- candidate_valid=false rung=- | cache_used=false path_age=- path_points=0 planning_time_ms=0.1 | reason=no_static_obstacle_in_range | cache_reason=no_cache
1786788973.175 [STATIC_AVOID] obs_id=- obs_dist=-m obs_s=- ego_s=7.83 side=- | left_clearance=- right_clearance=- candidate_valid=false rung=- | cache_used=false path_age=- path_points=0 planning_time_ms=0.1 | reason=no_static_obstacle_in_range | cache_reason=no_cache
1786788973.677 [STATIC_AVOID] obs_id=- obs_dist=-m obs_s=- ego_s=7.82 side=- | left_clearance=- right_clearance=- candidate_valid=false rung=- | cache_used=false path_age=- path_points=0 planning_time_ms=0.1 | reason=no_static_obstacle_in_range | cache_reason=no_cache
1786788974.181 [STATIC_AVOID] obs_id=- obs_dist=-m obs_s=- ego_s=7.82 side=- | left_clearance=- right_clearance=- candidate_valid=false rung=- | cache_used=false path_age=- path_points=0 planning_time_ms=0.1 | reason=no_static_obstacle_in_range | cache_reason=no_cache
1786788974.686 [STATIC_AVOID] obs_id=- obs_dist=-m obs_s=- ego_s=7.83 side=- | left_clearance=- right_clearance=- candidate_valid=false rung=- | cache_used=false path_age=- path_points=0 planning_time_ms=0.1 | reason=no_static_obstacle_in_range | cache_reason=no_cache
1786788975.229 [STATIC_AVOID] obs_id=- obs_dist=-m obs_s=- ego_s=7.82 side=- | left_clearance=- right_clearance=- candidate_valid=false rung=- | cache_used=false path_age=- path_points=0 planning_time_ms=0.1 | reason=no_static_obstacle_in_range | cache_reason=no_cache
1786788975.733 [STATIC_AVOID] obs_id=- obs_dist=-m obs_s=- ego_s=7.84 side=- | left_clearance=- right_clearance=- candidate_valid=false rung=- | cache_used=false path_age=- path_points=0 planning_time_ms=0.9 | reason=no_static_obstacle_in_range | cache_reason=no_cache
1786788976.276 [STATIC_AVOID] obs_id=- obs_dist=-m obs_s=- ego_s=7.84 side=- | left_clearance=- right_clearance=- candidate_valid=false rung=- | cache_used=false path_age=- path_points=0 planning_time_ms=0.1 | reason=no_static_obstacle_in_range | cache_reason=no_cache
1786788976.783 [STATIC_AVOID] obs_id=- obs_dist=-m obs_s=- ego_s=7.82 side=- | left_clearance=- right_clearance=- candidate_valid=false rung=- | cache_used=false path_age=- path_points=0 planning_time_ms=0.1 | reason=no_static_obstacle_in_range | cache_reason=no_cache
1786788977.284 [STATIC_AVOID] obs_id=- obs_dist=-m obs_s=- ego_s=7.82 side=- | left_clearance=- right_clearance=- candidate_valid=false rung=- | cache_used=false path_age=- path_points=0 planning_time_ms=0.2 | reason=no_static_obstacle_in_range | cache_reason=no_cache
1786788977.831 [STATIC_AVOID] obs_id=- obs_dist=-m obs_s=- ego_s=7.82 side=- | left_clearance=- right_clearance=- candidate_valid=false rung=- | cache_used=false path_age=- path_points=0 planning_time_ms=0.1 | reason=no_static_obstacle_in_range | cache_reason=no_cache
1786788978.337 [STATIC_AVOID] obs_id=- obs_dist=-m obs_s=- ego_s=7.82 side=- | left_clearance=- right_clearance=- candidate_valid=false rung=- | cache_used=false path_age=- path_points=0 planning_time_ms=0.1 | reason=no_static_obstacle_in_range | cache_reason=no_cache
1786788978.841 [STATIC_AVOID] obs_id=- obs_dist=-m obs_s=- ego_s=7.83 side=- | left_clearance=- right_clearance=- candidate_valid=false rung=- | cache_used=false path_age=- path_points=0 planning_time_ms=0.1 | reason=no_static_obstacle_in_range | cache_reason=no_cache
1786788979.386 [STATIC_AVOID] obs_id=- obs_dist=-m obs_s=- ego_s=7.83 side=- | left_clearance=- right_clearance=- candidate_valid=false rung=- | cache_used=false path_age=- path_points=0 planning_time_ms=0.1 | reason=no_static_obstacle_in_range | cache_reason=no_cache
1786788979.934 [STATIC_AVOID] obs_id=- obs_dist=-m obs_s=- ego_s=7.82 side=- | left_clearance=- right_clearance=- candidate_valid=false rung=- | cache_used=false path_age=- path_points=0 planning_time_ms=0.1 | reason=no_static_obstacle_in_range | cache_reason=no_cache
1786788980.503 [STATIC_AVOID] obs_id=- obs_dist=-m obs_s=- ego_s=7.84 side=- | left_clearance=- right_clearance=- candidate_valid=false rung=- | cache_used=false path_age=- path_points=0 planning_time_ms=0.1 | reason=no_static_obstacle_in_range | cache_reason=no_cache
1786788981.036 [STATIC_AVOID] obs_id=- obs_dist=-m obs_s=- ego_s=7.82 side=- | left_clearance=- right_clearance=- candidate_valid=false rung=- | cache_used=false path_age=- path_points=0 planning_time_ms=0.1 | reason=no_static_obstacle_in_range | cache_reason=no_cache
1786788981.585 [STATIC_AVOID] obs_id=- obs_dist=-m obs_s=- ego_s=7.84 side=- | left_clearance=- right_clearance=- candidate_valid=false rung=- | cache_used=false path_age=- path_points=0 planning_time_ms=0.1 | reason=no_static_obstacle_in_range | cache_reason=no_cache
1786788982.133 [STATIC_AVOID] obs_id=- obs_dist=-m obs_s=- ego_s=7.85 side=- | left_clearance=- right_clearance=- candidate_valid=false rung=- | cache_used=false path_age=- path_points=0 planning_time_ms=0.1 | reason=no_static_obstacle_in_range | cache_reason=no_cache
1786788982.635 [STATIC_AVOID] obs_id=- obs_dist=-m obs_s=- ego_s=7.84 side=- | left_clearance=- right_clearance=- candidate_valid=false rung=- | cache_used=false path_age=- path_points=0 planning_time_ms=0.1 | reason=no_static_obstacle_in_range | cache_reason=no_cache
1786788983.182 [STATIC_AVOID] obs_id=- obs_dist=-m obs_s=- ego_s=7.85 side=- | left_clearance=- right_clearance=- candidate_valid=false rung=- | cache_used=false path_age=- path_points=0 planning_time_ms=0.1 | reason=no_static_obstacle_in_range | cache_reason=no_cache
1786788983.682 [STATIC_AVOID] obs_id=- obs_dist=-m obs_s=- ego_s=7.85 side=- | left_clearance=- right_clearance=- candidate_valid=false rung=- | cache_used=false path_age=- path_points=0 planning_time_ms=0.1 | reason=no_static_obstacle_in_range | cache_reason=no_cache
1786788984.188 [STATIC_AVOID] obs_id=- obs_dist=-m obs_s=- ego_s=7.85 side=- | left_clearance=- right_clearance=- candidate_valid=false rung=- | cache_used=false path_age=- path_points=0 planning_time_ms=0.1 | reason=no_static_obstacle_in_range | cache_reason=no_cache
1786788984.736 [STATIC_AVOID] obs_id=- obs_dist=-m obs_s=- ego_s=7.77 side=- | left_clearance=- right_clearance=- candidate_valid=false rung=- | cache_used=false path_age=- path_points=0 planning_time_ms=0.1 | reason=no_static_obstacle_in_range | cache_reason=no_cache
1786788985.242 [STATIC_AVOID] obs_id=- obs_dist=-m obs_s=- ego_s=7.74 side=- | left_clearance=- right_clearance=- candidate_valid=false rung=- | cache_used=false path_age=- path_points=0 planning_time_ms=0.1 | reason=no_static_obstacle_in_range | cache_reason=no_cache
1786788985.792 [STATIC_AVOID] obs_id=- obs_dist=-m obs_s=- ego_s=7.74 side=- | left_clearance=- right_clearance=- candidate_valid=false rung=- | cache_used=false path_age=- path_points=0 planning_time_ms=0.1 | reason=no_static_obstacle_in_range | cache_reason=no_cache
1786788986.328 [STATIC_AVOID] obs_id=- obs_dist=-m obs_s=- ego_s=7.75 side=- | left_clearance=- right_clearance=- candidate_valid=false rung=- | cache_used=false path_age=- path_points=0 planning_time_ms=0.1 | reason=no_static_obstacle_in_range | cache_reason=no_cache
1786788986.832 [STATIC_AVOID] obs_id=- obs_dist=-m obs_s=- ego_s=7.68 side=- | left_clearance=- right_clearance=- candidate_valid=false rung=- | cache_used=false path_age=- path_points=0 planning_time_ms=0.1 | reason=no_static_obstacle_in_range | cache_reason=no_cache
1786788987.389 [STATIC_AVOID] obs_id=- obs_dist=-m obs_s=- ego_s=7.62 side=- | left_clearance=- right_clearance=- candidate_valid=false rung=- | cache_used=false path_age=- path_points=0 planning_time_ms=0.1 | reason=no_static_obstacle_in_range | cache_reason=no_cache
1786788987.939 [STATIC_AVOID] obs_id=- obs_dist=-m obs_s=- ego_s=7.62 side=- | left_clearance=- right_clearance=- candidate_valid=false rung=- | cache_used=false path_age=- path_points=0 planning_time_ms=0.1 | reason=no_static_obstacle_in_range | cache_reason=no_cache
1786788988.499 [STATIC_AVOID] obs_id=- obs_dist=-m obs_s=- ego_s=7.62 side=- | left_clearance=- right_clearance=- candidate_valid=false rung=- | cache_used=false path_age=- path_points=0 planning_time_ms=0.1 | reason=no_static_obstacle_in_range | cache_reason=no_cache
1786788989.009 [STATIC_AVOID] obs_id=- obs_dist=-m obs_s=- ego_s=7.62 side=- | left_clearance=- right_clearance=- candidate_valid=false rung=- | cache_used=false path_age=- path_points=0 planning_time_ms=0.1 | reason=no_static_obstacle_in_range | cache_reason=no_cache
1786788989.537 [STATIC_AVOID] obs_id=- obs_dist=-m obs_s=- ego_s=7.60 side=- | left_clearance=- right_clearance=- candidate_valid=false rung=- | cache_used=false path_age=- path_points=0 planning_time_ms=1.4 | reason=no_static_obstacle_in_range | cache_reason=no_cache
1786788990.077 [STATIC_AVOID] obs_id=- obs_dist=-m obs_s=- ego_s=7.62 side=- | left_clearance=- right_clearance=- candidate_valid=false rung=- | cache_used=false path_age=- path_points=0 planning_time_ms=0.1 | reason=no_static_obstacle_in_range | cache_reason=no_cache
1786788990.590 [STATIC_AVOID] obs_id=- obs_dist=-m obs_s=- ego_s=7.62 side=- | left_clearance=- right_clearance=- candidate_valid=false rung=- | cache_used=false path_age=- path_points=0 planning_time_ms=0.1 | reason=no_static_obstacle_in_range | cache_reason=no_cache
1786788991.142 [STATIC_AVOID] obs_id=- obs_dist=-m obs_s=- ego_s=7.59 side=- | left_clearance=- right_clearance=- candidate_valid=false rung=- | cache_used=false path_age=- path_points=0 planning_time_ms=0.3 | reason=no_static_obstacle_in_range | cache_reason=no_cache
1786788991.677 [STATIC_AVOID] obs_id=- obs_dist=-m obs_s=- ego_s=7.61 side=- | left_clearance=- right_clearance=- candidate_valid=false rung=- | cache_used=false path_age=- path_points=0 planning_time_ms=0.1 | reason=no_static_obstacle_in_range | cache_reason=no_cache
1786788992.180 [STATIC_AVOID] obs_id=- obs_dist=-m obs_s=- ego_s=7.57 side=- | left_clearance=- right_clearance=- candidate_valid=false rung=- | cache_used=false path_age=- path_points=0 planning_time_ms=0.1 | reason=no_static_obstacle_in_range | cache_reason=no_cache
1786788992.690 [STATIC_AVOID] obs_id=- obs_dist=-m obs_s=- ego_s=7.54 side=- | left_clearance=- right_clearance=- candidate_valid=false rung=- | cache_used=false path_age=- path_points=0 planning_time_ms=0.1 | reason=no_static_obstacle_in_range | cache_reason=no_cache
1786788993.232 [STATIC_AVOID] obs_id=- obs_dist=-m obs_s=- ego_s=7.54 side=- | left_clearance=- right_clearance=- candidate_valid=false rung=- | cache_used=false path_age=- path_points=0 planning_time_ms=0.1 | reason=no_static_obstacle_in_range | cache_reason=no_cache
1786788993.734 [STATIC_AVOID] obs_id=- obs_dist=-m obs_s=- ego_s=7.54 side=- | left_clearance=- right_clearance=- candidate_valid=false rung=- | cache_used=false path_age=- path_points=0 planning_time_ms=0.1 | reason=no_static_obstacle_in_range | cache_reason=no_cache
1786788994.285 [STATIC_AVOID] obs_id=- obs_dist=-m obs_s=- ego_s=7.52 side=- | left_clearance=- right_clearance=- candidate_valid=false rung=- | cache_used=false path_age=- path_points=0 planning_time_ms=0.1 | reason=no_static_obstacle_in_range | cache_reason=no_cache
1786788994.826 [STATIC_AVOID] obs_id=- obs_dist=-m obs_s=- ego_s=7.53 side=- | left_clearance=- right_clearance=- candidate_valid=false rung=- | cache_used=false path_age=- path_points=0 planning_time_ms=0.1 | reason=no_static_obstacle_in_range | cache_reason=no_cache
1786788995.378 [STATIC_AVOID] obs_id=- obs_dist=-m obs_s=- ego_s=7.54 side=- | left_clearance=- right_clearance=- candidate_valid=false rung=- | cache_used=false path_age=- path_points=0 planning_time_ms=0.1 | reason=no_static_obstacle_in_range | cache_reason=no_cache
1786788995.907 [STATIC_AVOID] obs_id=- obs_dist=-m obs_s=- ego_s=7.53 side=- | left_clearance=- right_clearance=- candidate_valid=false rung=- | cache_used=false path_age=- path_points=0 planning_time_ms=0.1 | reason=no_static_obstacle_in_range | cache_reason=no_cache
1786788996.430 [STATIC_AVOID] obs_id=- obs_dist=-m obs_s=- ego_s=7.53 side=- | left_clearance=- right_clearance=- candidate_valid=false rung=- | cache_used=false path_age=- path_points=0 planning_time_ms=0.1 | reason=no_static_obstacle_in_range | cache_reason=no_cache
1786788996.938 [STATIC_AVOID] obs_id=- obs_dist=-m obs_s=- ego_s=7.54 side=- | left_clearance=- right_clearance=- candidate_valid=false rung=- | cache_used=false path_age=- path_points=0 planning_time_ms=0.1 | reason=no_static_obstacle_in_range | cache_reason=no_cache
1786788997.484 [STATIC_AVOID] obs_id=- obs_dist=-m obs_s=- ego_s=7.53 side=- | left_clearance=- right_clearance=- candidate_valid=false rung=- | cache_used=false path_age=- path_points=0 planning_time_ms=0.1 | reason=no_static_obstacle_in_range | cache_reason=no_cache
1786788997.994 [STATIC_AVOID] obs_id=- obs_dist=-m obs_s=- ego_s=7.52 side=- | left_clearance=- right_clearance=- candidate_valid=false rung=- | cache_used=false path_age=- path_points=0 planning_time_ms=0.1 | reason=no_static_obstacle_in_range | cache_reason=no_cache
1786788998.530 [STATIC_AVOID] obs_id=- obs_dist=-m obs_s=- ego_s=7.54 side=- | left_clearance=- right_clearance=- candidate_valid=false rung=- | cache_used=false path_age=- path_points=0 planning_time_ms=0.6 | reason=no_static_obstacle_in_range | cache_reason=no_cache
1786788999.077 [STATIC_AVOID] obs_id=- obs_dist=-m obs_s=- ego_s=7.53 side=- | left_clearance=- right_clearance=- candidate_valid=false rung=- | cache_used=false path_age=- path_points=0 planning_time_ms=0.2 | reason=no_static_obstacle_in_range | cache_reason=no_cache
1786788999.626 [STATIC_AVOID] obs_id=- obs_dist=-m obs_s=- ego_s=7.54 side=- | left_clearance=- right_clearance=- candidate_valid=false rung=- | cache_used=false path_age=- path_points=0 planning_time_ms=0.1 | reason=no_static_obstacle_in_range | cache_reason=no_cache
1786789000.129 [STATIC_AVOID] obs_id=- obs_dist=-m obs_s=- ego_s=7.54 side=- | left_clearance=- right_clearance=- candidate_valid=false rung=- | cache_used=false path_age=- path_points=0 planning_time_ms=0.1 | reason=no_static_obstacle_in_range | cache_reason=no_cache
1786789000.685 [STATIC_AVOID] obs_id=- obs_dist=-m obs_s=- ego_s=7.55 side=- | left_clearance=- right_clearance=- candidate_valid=false rung=- | cache_used=false path_age=- path_points=0 planning_time_ms=0.4 | reason=no_static_obstacle_in_range | cache_reason=no_cache
1786789001.236 [STATIC_AVOID] obs_id=- obs_dist=-m obs_s=- ego_s=7.54 side=- | left_clearance=- right_clearance=- candidate_valid=false rung=- | cache_used=false path_age=- path_points=0 planning_time_ms=0.1 | reason=no_static_obstacle_in_range | cache_reason=no_cache
1786789001.739 [STATIC_AVOID] obs_id=- obs_dist=-m obs_s=- ego_s=7.53 side=- | left_clearance=- right_clearance=- candidate_valid=false rung=- | cache_used=false path_age=- path_points=0 planning_time_ms=0.3 | reason=no_static_obstacle_in_range | cache_reason=no_cache
1786789002.275 [STATIC_AVOID] obs_id=- obs_dist=-m obs_s=- ego_s=7.53 side=- | left_clearance=- right_clearance=- candidate_valid=false rung=- | cache_used=false path_age=- path_points=0 planning_time_ms=0.1 | reason=no_static_obstacle_in_range | cache_reason=no_cache
1786789002.777 [STATIC_AVOID] obs_id=- obs_dist=-m obs_s=- ego_s=7.54 side=- | left_clearance=- right_clearance=- candidate_valid=false rung=- | cache_used=false path_age=- path_points=0 planning_time_ms=0.1 | reason=no_static_obstacle_in_range | cache_reason=no_cache
1786789003.285 [STATIC_AVOID] obs_id=- obs_dist=-m obs_s=- ego_s=7.53 side=- | left_clearance=- right_clearance=- candidate_valid=false rung=- | cache_used=false path_age=- path_points=0 planning_time_ms=0.1 | reason=no_static_obstacle_in_range | cache_reason=no_cache
1786789003.826 [STATIC_AVOID] obs_id=- obs_dist=-m obs_s=- ego_s=7.53 side=- | left_clearance=- right_clearance=- candidate_valid=false rung=- | cache_used=false path_age=- path_points=0 planning_time_ms=0.1 | reason=no_static_obstacle_in_range | cache_reason=no_cache
1786789004.333 [STATIC_AVOID] obs_id=- obs_dist=-m obs_s=- ego_s=7.53 side=- | left_clearance=- right_clearance=- candidate_valid=false rung=- | cache_used=false path_age=- path_points=0 planning_time_ms=0.1 | reason=no_static_obstacle_in_range | cache_reason=no_cache
1786789004.834 [STATIC_AVOID] obs_id=- obs_dist=-m obs_s=- ego_s=7.53 side=- | left_clearance=- right_clearance=- candidate_valid=false rung=- | cache_used=false path_age=- path_points=0 planning_time_ms=0.1 | reason=no_static_obstacle_in_range | cache_reason=no_cache
1786789005.378 [STATIC_AVOID] obs_id=- obs_dist=-m obs_s=- ego_s=7.53 side=- | left_clearance=- right_clearance=- candidate_valid=false rung=- | cache_used=false path_age=- path_points=0 planning_time_ms=0.1 | reason=no_static_obstacle_in_range | cache_reason=no_cache
1786789005.894 [STATIC_AVOID] obs_id=- obs_dist=-m obs_s=- ego_s=7.56 side=- | left_clearance=- right_clearance=- candidate_valid=false rung=- | cache_used=false path_age=- path_points=0 planning_time_ms=0.1 | reason=no_static_obstacle_in_range | cache_reason=no_cache
1786789006.428 [STATIC_AVOID] obs_id=- obs_dist=-m obs_s=- ego_s=7.53 side=- | left_clearance=- right_clearance=- candidate_valid=false rung=- | cache_used=false path_age=- path_points=0 planning_time_ms=0.1 | reason=no_static_obstacle_in_range | cache_reason=no_cache
1786789006.932 [STATIC_AVOID] obs_id=- obs_dist=-m obs_s=- ego_s=7.54 side=- | left_clearance=- right_clearance=- candidate_valid=false rung=- | cache_used=false path_age=- path_points=0 planning_time_ms=0.1 | reason=no_static_obstacle_in_range | cache_reason=no_cache
1786789007.482 [STATIC_AVOID] obs_id=- obs_dist=-m obs_s=- ego_s=7.53 side=- | left_clearance=- right_clearance=- candidate_valid=false rung=- | cache_used=false path_age=- path_points=0 planning_time_ms=0.1 | reason=no_static_obstacle_in_range | cache_reason=no_cache
1786789008.029 [STATIC_AVOID] obs_id=- obs_dist=-m obs_s=- ego_s=7.53 side=- | left_clearance=- right_clearance=- candidate_valid=false rung=- | cache_used=false path_age=- path_points=0 planning_time_ms=0.1 | reason=no_static_obstacle_in_range | cache_reason=no_cache
1786789008.535 [STATIC_AVOID] obs_id=- obs_dist=-m obs_s=- ego_s=7.53 side=- | left_clearance=- right_clearance=- candidate_valid=false rung=- | cache_used=false path_age=- path_points=0 planning_time_ms=0.8 | reason=no_static_obstacle_in_range | cache_reason=no_cache
1786789009.084 [STATIC_AVOID] obs_id=- obs_dist=-m obs_s=- ego_s=7.53 side=- | left_clearance=- right_clearance=- candidate_valid=false rung=- | cache_used=false path_age=- path_points=0 planning_time_ms=0.1 | reason=no_static_obstacle_in_range | cache_reason=no_cache
1786789009.631 [STATIC_AVOID] obs_id=- obs_dist=-m obs_s=- ego_s=7.54 side=- | left_clearance=- right_clearance=- candidate_valid=false rung=- | cache_used=false path_age=- path_points=0 planning_time_ms=0.1 | reason=no_static_obstacle_in_range | cache_reason=no_cache
1786789010.135 [STATIC_AVOID] obs_id=- obs_dist=-m obs_s=- ego_s=7.55 side=- | left_clearance=- right_clearance=- candidate_valid=false rung=- | cache_used=false path_age=- path_points=0 planning_time_ms=0.1 | reason=no_static_obstacle_in_range | cache_reason=no_cache
1786789010.679 [STATIC_AVOID] obs_id=- obs_dist=-m obs_s=- ego_s=7.54 side=- | left_clearance=- right_clearance=- candidate_valid=false rung=- | cache_used=false path_age=- path_points=0 planning_time_ms=0.1 | reason=no_static_obstacle_in_range | cache_reason=no_cache
1786789011.227 [STATIC_AVOID] obs_id=- obs_dist=-m obs_s=- ego_s=7.53 side=- | left_clearance=- right_clearance=- candidate_valid=false rung=- | cache_used=false path_age=- path_points=0 planning_time_ms=0.1 | reason=no_static_obstacle_in_range | cache_reason=no_cache
1786789011.730 [STATIC_AVOID] obs_id=- obs_dist=-m obs_s=- ego_s=7.55 side=- | left_clearance=- right_clearance=- candidate_valid=false rung=- | cache_used=false path_age=- path_points=0 planning_time_ms=0.1 | reason=no_static_obstacle_in_range | cache_reason=no_cache
1786789012.235 [STATIC_AVOID] obs_id=- obs_dist=-m obs_s=- ego_s=7.53 side=- | left_clearance=- right_clearance=- candidate_valid=false rung=- | cache_used=false path_age=- path_points=0 planning_time_ms=0.1 | reason=no_static_obstacle_in_range | cache_reason=no_cache
1786789012.781 [STATIC_AVOID] obs_id=24 obs_dist=-0.01m obs_s=7.56 ego_s=7.56 side=- | left_clearance=- right_clearance=- candidate_valid=false rung=- | cache_used=false path_age=- path_points=0 planning_time_ms=0.1 | reason=raceline_already_clear | cache_reason=no_cache
1786789013.326 [STATIC_AVOID] obs_id=- obs_dist=-m obs_s=- ego_s=7.68 side=- | left_clearance=- right_clearance=- candidate_valid=false rung=- | cache_used=false path_age=- path_points=0 planning_time_ms=0.1 | reason=no_static_obstacle_in_range | cache_reason=no_cache
1786789013.831 [STATIC_AVOID] obs_id=- obs_dist=-m obs_s=- ego_s=7.15 side=- | left_clearance=- right_clearance=- candidate_valid=false rung=- | cache_used=false path_age=- path_points=0 planning_time_ms=0.1 | reason=no_static_obstacle_in_range | cache_reason=no_cache
1786789014.380 [STATIC_AVOID] obs_id=- obs_dist=-m obs_s=- ego_s=6.76 side=- | left_clearance=- right_clearance=- candidate_valid=false rung=- | cache_used=false path_age=- path_points=0 planning_time_ms=0.1 | reason=no_static_obstacle_in_range | cache_reason=no_cache
1786789014.881 [STATIC_AVOID] obs_id=- obs_dist=-m obs_s=- ego_s=6.81 side=- | left_clearance=- right_clearance=- candidate_valid=false rung=- | cache_used=false path_age=- path_points=0 planning_time_ms=0.1 | reason=no_static_obstacle_in_range | cache_reason=no_cache
1786789015.425 [STATIC_AVOID] obs_id=41 obs_dist=-0.88m obs_s=6.11 ego_s=6.99 side=- | left_clearance=- right_clearance=- candidate_valid=false rung=- | cache_used=false path_age=- path_points=0 planning_time_ms=0.1 | reason=raceline_already_clear | cache_reason=no_cache
1786789015.951 [STATIC_AVOID] obs_id=48 obs_dist=4.18m obs_s=11.15 ego_s=6.97 side=- | left_clearance=-0.02 right_clearance=0.18 candidate_valid=false rung=- | cache_used=false path_age=- path_points=0 planning_time_ms=15.6 | reason=track_too_narrow | cache_reason=no_cache
1786789016.484 [STATIC_AVOID] obs_id=- obs_dist=-m obs_s=- ego_s=7.15 side=- | left_clearance=- right_clearance=- candidate_valid=false rung=- | cache_used=false path_age=- path_points=0 planning_time_ms=0.1 | reason=no_static_obstacle_in_range | cache_reason=no_cache
1786789017.044 [STATIC_AVOID] obs_id=- obs_dist=-m obs_s=- ego_s=7.10 side=- | left_clearance=- right_clearance=- candidate_valid=false rung=- | cache_used=false path_age=- path_points=0 planning_time_ms=0.1 | reason=no_static_obstacle_in_range | cache_reason=no_cache
1786789017.567 [STATIC_AVOID] obs_id=58 obs_dist=-0.09m obs_s=6.97 ego_s=7.06 side=- | left_clearance=0.99 right_clearance=-0.10 candidate_valid=false rung=- | cache_used=false path_age=- path_points=0 planning_time_ms=27.6 | reason=map_occupied | cache_reason=no_cache
1786789018.078 [STATIC_AVOID] obs_id=- obs_dist=-m obs_s=- ego_s=6.63 side=- | left_clearance=- right_clearance=- candidate_valid=false rung=- | cache_used=false path_age=- path_points=0 planning_time_ms=0.1 | reason=no_static_obstacle_in_range | cache_reason=no_cache
1786789018.592 [STATIC_AVOID] obs_id=- obs_dist=-m obs_s=- ego_s=6.74 side=- | left_clearance=- right_clearance=- candidate_valid=false rung=- | cache_used=false path_age=- path_points=0 planning_time_ms=0.1 | reason=no_static_obstacle_in_range | cache_reason=no_cache
1786789019.092 [STATIC_AVOID] obs_id=- obs_dist=-m obs_s=- ego_s=6.78 side=- | left_clearance=- right_clearance=- candidate_valid=false rung=- | cache_used=false path_age=- path_points=0 planning_time_ms=0.1 | reason=no_static_obstacle_in_range | cache_reason=no_cache
1786789019.641 [STATIC_AVOID] obs_id=- obs_dist=-m obs_s=- ego_s=6.84 side=- | left_clearance=- right_clearance=- candidate_valid=false rung=- | cache_used=false path_age=- path_points=0 planning_time_ms=0.1 | reason=no_static_obstacle_in_range | cache_reason=no_cache
1786789020.187 [STATIC_AVOID] obs_id=- obs_dist=-m obs_s=- ego_s=7.05 side=- | left_clearance=- right_clearance=- candidate_valid=false rung=- | cache_used=false path_age=- path_points=0 planning_time_ms=2.9 | reason=no_static_obstacle_in_range | cache_reason=no_cache
1786789020.726 [STATIC_AVOID] obs_id=- obs_dist=-m obs_s=- ego_s=8.11 side=- | left_clearance=- right_clearance=- candidate_valid=false rung=- | cache_used=false path_age=- path_points=0 planning_time_ms=0.1 | reason=no_static_obstacle_in_range | cache_reason=no_cache
1786789021.230 [STATIC_AVOID] obs_id=- obs_dist=-m obs_s=- ego_s=5.74 side=- | left_clearance=- right_clearance=- candidate_valid=false rung=- | cache_used=false path_age=- path_points=0 planning_time_ms=0.1 | reason=no_static_obstacle_in_range | cache_reason=no_cache
1786789021.732 [STATIC_AVOID] obs_id=- obs_dist=-m obs_s=- ego_s=5.38 side=- | left_clearance=- right_clearance=- candidate_valid=false rung=- | cache_used=false path_age=- path_points=0 planning_time_ms=0.1 | reason=no_static_obstacle_in_range | cache_reason=no_cache
1786789022.276 [STATIC_AVOID] obs_id=- obs_dist=-m obs_s=- ego_s=5.53 side=- | left_clearance=- right_clearance=- candidate_valid=false rung=- | cache_used=false path_age=- path_points=0 planning_time_ms=0.1 | reason=no_static_obstacle_in_range | cache_reason=no_cache
1786789022.787 [STATIC_AVOID] obs_id=- obs_dist=-m obs_s=- ego_s=6.71 side=- | left_clearance=- right_clearance=- candidate_valid=false rung=- | cache_used=false path_age=- path_points=0 planning_time_ms=0.2 | reason=no_static_obstacle_in_range | cache_reason=no_cache
1786789023.327 [STATIC_AVOID] obs_id=- obs_dist=-m obs_s=- ego_s=6.35 side=- | left_clearance=- right_clearance=- candidate_valid=false rung=- | cache_used=false path_age=- path_points=0 planning_time_ms=0.1 | reason=no_static_obstacle_in_range | cache_reason=no_cache
1786789023.888 [STATIC_AVOID] obs_id=- obs_dist=-m obs_s=- ego_s=5.18 side=- | left_clearance=- right_clearance=- candidate_valid=false rung=- | cache_used=false path_age=- path_points=0 planning_time_ms=0.1 | reason=no_static_obstacle_in_range | cache_reason=no_cache
1786789024.433 [STATIC_AVOID] obs_id=- obs_dist=-m obs_s=- ego_s=3.25 side=- | left_clearance=- right_clearance=- candidate_valid=false rung=- | cache_used=false path_age=- path_points=0 planning_time_ms=0.1 | reason=no_static_obstacle_in_range | cache_reason=no_cache
1786789024.954 [STATIC_AVOID] obs_id=81 obs_dist=0.01m obs_s=3.05 ego_s=3.03 side=LEFT | left_clearance=0.85 right_clearance=-0.14 candidate_valid=true rung=0 | cache_used=false path_age=0.000 path_points=81 planning_time_ms=3.1
1786789025.478 [STATIC_AVOID] obs_id=81 obs_dist=0.05m obs_s=2.98 ego_s=2.93 side=RIGHT | left_clearance=0.84 right_clearance=-0.15 candidate_valid=false rung=- | cache_used=false path_age=- path_points=0 planning_time_ms=3.6 | reason=map_occupied | cache_reason=no_cache
1786789025.983 [STATIC_AVOID] obs_id=81 obs_dist=-0.27m obs_s=2.94 ego_s=3.20 side=LEFT | left_clearance=0.73 right_clearance=-0.23 candidate_valid=true rung=0 | cache_used=false path_age=0.000 path_points=81 planning_time_ms=3.1
1786789026.534 [STATIC_AVOID] obs_id=81 obs_dist=-0.39m obs_s=2.98 ego_s=3.37 side=LEFT | left_clearance=0.74 right_clearance=-0.20 candidate_valid=true rung=0 | cache_used=false path_age=0.000 path_points=81 planning_time_ms=3.0
1786789027.079 [STATIC_AVOID] obs_id=91 obs_dist=-0.25m obs_s=5.89 ego_s=6.14 side=- | left_clearance=0.98 right_clearance=-0.10 candidate_valid=false rung=- | cache_used=false path_age=- path_points=0 planning_time_ms=4.1 | reason=map_occupied | cache_reason=no_cache
1786789027.581 [STATIC_AVOID] obs_id=91 obs_dist=-0.29m obs_s=5.88 ego_s=6.17 side=- | left_clearance=1.03 right_clearance=-0.06 candidate_valid=false rung=- | cache_used=false path_age=- path_points=0 planning_time_ms=5.8 | reason=map_occupied | cache_reason=no_cache
1786789028.083 [STATIC_AVOID] obs_id=97 obs_dist=-0.58m obs_s=3.51 ego_s=4.08 side=- | left_clearance=0.95 right_clearance=-0.13 candidate_valid=false rung=- | cache_used=false path_age=- path_points=0 planning_time_ms=3.7 | reason=map_occupied | cache_reason=no_cache
1786789028.626 [STATIC_AVOID] obs_id=- obs_dist=-m obs_s=- ego_s=4.12 side=- | left_clearance=- right_clearance=- candidate_valid=false rung=- | cache_used=false path_age=- path_points=0 planning_time_ms=0.1 | reason=no_static_obstacle_in_range | cache_reason=no_cache
1786789029.126 [STATIC_AVOID] obs_id=- obs_dist=-m obs_s=- ego_s=3.60 side=- | left_clearance=- right_clearance=- candidate_valid=false rung=- | cache_used=false path_age=- path_points=0 planning_time_ms=0.3 | reason=no_static_obstacle_in_range | cache_reason=no_cache
1786789029.626 [STATIC_AVOID] obs_id=- obs_dist=-m obs_s=- ego_s=3.66 side=- | left_clearance=- right_clearance=- candidate_valid=false rung=- | cache_used=false path_age=- path_points=0 planning_time_ms=0.1 | reason=no_static_obstacle_in_range | cache_reason=no_cache
1786789030.130 [STATIC_AVOID] obs_id=97 obs_dist=-0.38m obs_s=3.46 ego_s=3.84 side=- | left_clearance=0.85 right_clearance=-0.17 candidate_valid=false rung=- | cache_used=false path_age=- path_points=0 planning_time_ms=3.8 | reason=map_occupied | cache_reason=no_cache
1786789030.635 [STATIC_AVOID] obs_id=97 obs_dist=-0.67m obs_s=3.45 ego_s=4.11 side=- | left_clearance=0.98 right_clearance=-0.09 candidate_valid=false rung=- | cache_used=false path_age=- path_points=0 planning_time_ms=9.3 | reason=map_occupied | cache_reason=no_cache
1786789031.177 [STATIC_AVOID] obs_id=- obs_dist=-m obs_s=- ego_s=6.35 side=- | left_clearance=- right_clearance=- candidate_valid=false rung=- | cache_used=false path_age=- path_points=0 planning_time_ms=0.1 | reason=no_static_obstacle_in_range | cache_reason=no_cache
1786789031.733 [STATIC_AVOID] obs_id=- obs_dist=-m obs_s=- ego_s=6.45 side=- | left_clearance=- right_clearance=- candidate_valid=false rung=- | cache_used=false path_age=- path_points=0 planning_time_ms=0.1 | reason=no_static_obstacle_in_range | cache_reason=no_cache
1786789032.278 [STATIC_AVOID] obs_id=- obs_dist=-m obs_s=- ego_s=6.44 side=- | left_clearance=- right_clearance=- candidate_valid=false rung=- | cache_used=false path_age=- path_points=0 planning_time_ms=0.1 | reason=no_static_obstacle_in_range | cache_reason=no_cache
1786789032.780 [STATIC_AVOID] obs_id=- obs_dist=-m obs_s=- ego_s=6.46 side=- | left_clearance=- right_clearance=- candidate_valid=false rung=- | cache_used=false path_age=- path_points=0 planning_time_ms=0.1 | reason=no_static_obstacle_in_range | cache_reason=no_cache
1786789033.297 [STATIC_AVOID] obs_id=- obs_dist=-m obs_s=- ego_s=6.44 side=- | left_clearance=- right_clearance=- candidate_valid=false rung=- | cache_used=false path_age=- path_points=0 planning_time_ms=0.1 | reason=no_static_obstacle_in_range | cache_reason=no_cache
1786789033.830 [STATIC_AVOID] obs_id=- obs_dist=-m obs_s=- ego_s=6.45 side=- | left_clearance=- right_clearance=- candidate_valid=false rung=- | cache_used=false path_age=- path_points=0 planning_time_ms=0.1 | reason=no_static_obstacle_in_range | cache_reason=no_cache
1786789034.390 [STATIC_AVOID] obs_id=- obs_dist=-m obs_s=- ego_s=6.46 side=- | left_clearance=- right_clearance=- candidate_valid=false rung=- | cache_used=false path_age=- path_points=0 planning_time_ms=3.6 | reason=no_static_obstacle_in_range | cache_reason=no_cache
1786789034.934 [STATIC_AVOID] obs_id=- obs_dist=-m obs_s=- ego_s=6.44 side=- | left_clearance=- right_clearance=- candidate_valid=false rung=- | cache_used=false path_age=- path_points=0 planning_time_ms=1.0 | reason=no_static_obstacle_in_range | cache_reason=no_cache
1786789035.445 [STATIC_AVOID] obs_id=- obs_dist=-m obs_s=- ego_s=6.45 side=- | left_clearance=- right_clearance=- candidate_valid=false rung=- | cache_used=false path_age=- path_points=0 planning_time_ms=3.8 | reason=no_static_obstacle_in_range | cache_reason=no_cache
1786789035.949 [STATIC_AVOID] obs_id=- obs_dist=-m obs_s=- ego_s=6.44 side=- | left_clearance=- right_clearance=- candidate_valid=false rung=- | cache_used=false path_age=- path_points=0 planning_time_ms=0.1 | reason=no_static_obstacle_in_range | cache_reason=no_cache
