# static_avoidance_node debug log started 20260815_155721
1786777044.858 [STATIC_AVOID] obs_id=- obs_dist=-m obs_s=- ego_s=15.96 side=- | left_clearance=- right_clearance=- candidate_valid=false rung=- | cache_used=false path_age=- path_points=0 planning_time_ms=0.2 | reason=no_static_obstacle_in_range | cache_reason=no_cache
1786777045.359 [STATIC_AVOID] obs_id=- obs_dist=-m obs_s=- ego_s=15.96 side=- | left_clearance=- right_clearance=- candidate_valid=false rung=- | cache_used=false path_age=- path_points=0 planning_time_ms=8.3 | reason=no_static_obstacle_in_range | cache_reason=no_cache
1786777045.904 [STATIC_AVOID] obs_id=- obs_dist=-m obs_s=- ego_s=5.63 side=- | left_clearance=- right_clearance=- candidate_valid=false rung=- | cache_used=false path_age=- path_points=0 planning_time_ms=0.1 | reason=no_static_obstacle_in_range | cache_reason=no_cache
1786777046.459 [STATIC_AVOID] obs_id=- obs_dist=-m obs_s=- ego_s=5.63 side=- | left_clearance=- right_clearance=- candidate_valid=false rung=- | cache_used=false path_age=- path_points=0 planning_time_ms=0.1 | reason=no_static_obstacle_in_range | cache_reason=no_cache
1786777047.011 [STATIC_AVOID] obs_id=- obs_dist=-m obs_s=- ego_s=5.63 side=- | left_clearance=- right_clearance=- candidate_valid=false rung=- | cache_used=false path_age=- path_points=0 planning_time_ms=0.1 | reason=no_static_obstacle_in_range | cache_reason=no_cache
1786777047.564 [STATIC_AVOID] obs_id=- obs_dist=-m obs_s=- ego_s=5.63 side=- | left_clearance=- right_clearance=- candidate_valid=false rung=- | cache_used=false path_age=- path_points=0 planning_time_ms=0.1 | reason=no_static_obstacle_in_range | cache_reason=no_cache
1786777048.106 [STATIC_AVOID] obs_id=- obs_dist=-m obs_s=- ego_s=5.63 side=- | left_clearance=- right_clearance=- candidate_valid=false rung=- | cache_used=false path_age=- path_points=0 planning_time_ms=0.1 | reason=no_static_obstacle_in_range | cache_reason=no_cache
1786777048.607 [STATIC_AVOID] obs_id=- obs_dist=-m obs_s=- ego_s=5.63 side=- | left_clearance=- right_clearance=- candidate_valid=false rung=- | cache_used=false path_age=- path_points=0 planning_time_ms=0.1 | reason=no_static_obstacle_in_range | cache_reason=no_cache
1786777049.159 [STATIC_AVOID] obs_id=- obs_dist=-m obs_s=- ego_s=5.62 side=- | left_clearance=- right_clearance=- candidate_valid=false rung=- | cache_used=false path_age=- path_points=0 planning_time_ms=0.1 | reason=no_static_obstacle_in_range | cache_reason=no_cache
1786777049.703 [STATIC_AVOID] obs_id=- obs_dist=-m obs_s=- ego_s=5.63 side=- | left_clearance=- right_clearance=- candidate_valid=false rung=- | cache_used=false path_age=- path_points=0 planning_time_ms=0.1 | reason=no_static_obstacle_in_range | cache_reason=no_cache
1786777050.207 [STATIC_AVOID] obs_id=- obs_dist=-m obs_s=- ego_s=5.65 side=- | left_clearance=- right_clearance=- candidate_valid=false rung=- | cache_used=false path_age=- path_points=0 planning_time_ms=0.1 | reason=no_static_obstacle_in_range | cache_reason=no_cache
1786777050.771 [STATIC_AVOID] obs_id=- obs_dist=-m obs_s=- ego_s=5.64 side=- | left_clearance=- right_clearance=- candidate_valid=false rung=- | cache_used=false path_age=- path_points=0 planning_time_ms=0.1 | reason=no_static_obstacle_in_range | cache_reason=no_cache
1786777051.303 [STATIC_AVOID] obs_id=- obs_dist=-m obs_s=- ego_s=5.64 side=- | left_clearance=- right_clearance=- candidate_valid=false rung=- | cache_used=false path_age=- path_points=0 planning_time_ms=0.1 | reason=no_static_obstacle_in_range | cache_reason=no_cache
1786777051.869 [STATIC_AVOID] obs_id=- obs_dist=-m obs_s=- ego_s=5.66 side=- | left_clearance=- right_clearance=- candidate_valid=false rung=- | cache_used=false path_age=- path_points=0 planning_time_ms=0.1 | reason=no_static_obstacle_in_range | cache_reason=no_cache
1786777052.402 [STATIC_AVOID] obs_id=- obs_dist=-m obs_s=- ego_s=5.88 side=- | left_clearance=- right_clearance=- candidate_valid=false rung=- | cache_used=false path_age=- path_points=0 planning_time_ms=0.1 | reason=no_static_obstacle_in_range | cache_reason=no_cache
1786777052.915 [STATIC_AVOID] obs_id=- obs_dist=-m obs_s=- ego_s=6.87 side=- | left_clearance=- right_clearance=- candidate_valid=false rung=- | cache_used=false path_age=- path_points=0 planning_time_ms=0.1 | reason=no_static_obstacle_in_range | cache_reason=no_cache
1786777053.419 [STATIC_AVOID] obs_id=4 obs_dist=3.19m obs_s=12.06 ego_s=8.87 side=RIGHT | left_clearance=-0.22 right_clearance=0.33 candidate_valid=true rung=0 | cache_used=false path_age=0.000 path_points=100 planning_time_ms=8.6
1786777053.925 [STATIC_AVOID] obs_id=4 obs_dist=1.66m obs_s=12.20 ego_s=10.54 side=RIGHT | left_clearance=-0.18 right_clearance=0.22 candidate_valid=true rung=0 | cache_used=false path_age=0.000 path_points=82 planning_time_ms=14.2
1786777054.467 [STATIC_AVOID] obs_id=4 obs_dist=0.26m obs_s=12.24 ego_s=11.97 side=RIGHT | left_clearance=-0.12 right_clearance=0.22 candidate_valid=true rung=0 | cache_used=false path_age=0.000 path_points=76 planning_time_ms=11.1
1786777055.003 [STATIC_AVOID] obs_id=- obs_dist=-m obs_s=- ego_s=13.27 side=- | left_clearance=- right_clearance=- candidate_valid=false rung=- | cache_used=false path_age=- path_points=0 planning_time_ms=0.1 | reason=no_static_obstacle_in_range | cache_reason=no_cache
1786777055.550 [STATIC_AVOID] obs_id=- obs_dist=-m obs_s=- ego_s=14.75 side=- | left_clearance=- right_clearance=- candidate_valid=false rung=- | cache_used=false path_age=- path_points=0 planning_time_ms=0.1 | reason=no_static_obstacle_in_range | cache_reason=no_cache
1786777056.057 [STATIC_AVOID] obs_id=- obs_dist=-m obs_s=- ego_s=16.09 side=- | left_clearance=- right_clearance=- candidate_valid=false rung=- | cache_used=false path_age=- path_points=0 planning_time_ms=0.1 | reason=no_static_obstacle_in_range | cache_reason=no_cache
1786777056.604 [STATIC_AVOID] obs_id=- obs_dist=-m obs_s=- ego_s=17.43 side=- | left_clearance=- right_clearance=- candidate_valid=false rung=- | cache_used=false path_age=- path_points=0 planning_time_ms=0.1 | reason=no_static_obstacle_in_range | cache_reason=no_cache
1786777057.105 [STATIC_AVOID] obs_id=- obs_dist=-m obs_s=- ego_s=18.91 side=- | left_clearance=- right_clearance=- candidate_valid=false rung=- | cache_used=false path_age=- path_points=0 planning_time_ms=0.1 | reason=no_static_obstacle_in_range | cache_reason=no_cache
1786777057.607 [STATIC_AVOID] obs_id=- obs_dist=-m obs_s=- ego_s=20.89 side=- | left_clearance=- right_clearance=- candidate_valid=false rung=- | cache_used=false path_age=- path_points=0 planning_time_ms=0.2 | reason=no_static_obstacle_in_range | cache_reason=no_cache
1786777058.110 [STATIC_AVOID] obs_id=- obs_dist=-m obs_s=- ego_s=22.47 side=- | left_clearance=- right_clearance=- candidate_valid=false rung=- | cache_used=false path_age=- path_points=0 planning_time_ms=0.1 | reason=no_static_obstacle_in_range | cache_reason=no_cache
1786777058.655 [STATIC_AVOID] obs_id=- obs_dist=-m obs_s=- ego_s=1.55 side=- | left_clearance=- right_clearance=- candidate_valid=false rung=- | cache_used=false path_age=- path_points=0 planning_time_ms=0.1 | reason=no_static_obstacle_in_range | cache_reason=no_cache
1786777059.157 [STATIC_AVOID] obs_id=- obs_dist=-m obs_s=- ego_s=3.01 side=- | left_clearance=- right_clearance=- candidate_valid=false rung=- | cache_used=false path_age=- path_points=0 planning_time_ms=0.3 | reason=no_static_obstacle_in_range | cache_reason=no_cache
1786777059.661 [STATIC_AVOID] obs_id=- obs_dist=-m obs_s=- ego_s=4.35 side=- | left_clearance=- right_clearance=- candidate_valid=false rung=- | cache_used=false path_age=- path_points=0 planning_time_ms=0.1 | reason=no_static_obstacle_in_range | cache_reason=no_cache
1786777060.200 [STATIC_AVOID] obs_id=- obs_dist=-m obs_s=- ego_s=5.72 side=- | left_clearance=- right_clearance=- candidate_valid=false rung=- | cache_used=false path_age=- path_points=0 planning_time_ms=0.3 | reason=no_static_obstacle_in_range | cache_reason=no_cache
1786777060.802 [STATIC_AVOID] obs_id=8 obs_dist=4.53m obs_s=11.96 ego_s=7.43 side=LEFT | left_clearance=0.29 right_clearance=-0.31 candidate_valid=true rung=0 | cache_used=false path_age=0.000 path_points=113 planning_time_ms=12.6
1786777061.304 [STATIC_AVOID] obs_id=- obs_dist=-m obs_s=- ego_s=8.66 side=- | left_clearance=- right_clearance=- candidate_valid=false rung=- | cache_used=false path_age=- path_points=0 planning_time_ms=0.1 | reason=no_static_obstacle_in_range | cache_reason=no_cache
1786777061.809 [STATIC_AVOID] obs_id=- obs_dist=-m obs_s=- ego_s=10.29 side=- | left_clearance=- right_clearance=- candidate_valid=false rung=- | cache_used=false path_age=- path_points=0 planning_time_ms=0.1 | reason=no_static_obstacle_in_range | cache_reason=no_cache
1786777062.350 [STATIC_AVOID] obs_id=- obs_dist=-m obs_s=- ego_s=11.39 side=- | left_clearance=- right_clearance=- candidate_valid=false rung=- | cache_used=false path_age=- path_points=0 planning_time_ms=0.1 | reason=no_static_obstacle_in_range | cache_reason=no_cache
1786777062.860 [STATIC_AVOID] obs_id=- obs_dist=-m obs_s=- ego_s=11.68 side=- | left_clearance=- right_clearance=- candidate_valid=false rung=- | cache_used=false path_age=- path_points=0 planning_time_ms=0.1 | reason=no_static_obstacle_in_range | cache_reason=no_cache
1786777063.401 [STATIC_AVOID] obs_id=- obs_dist=-m obs_s=- ego_s=11.93 side=- | left_clearance=- right_clearance=- candidate_valid=false rung=- | cache_used=false path_age=- path_points=0 planning_time_ms=0.1 | reason=no_static_obstacle_in_range | cache_reason=no_cache
1786777063.906 [STATIC_AVOID] obs_id=- obs_dist=-m obs_s=- ego_s=12.99 side=- | left_clearance=- right_clearance=- candidate_valid=false rung=- | cache_used=false path_age=- path_points=0 planning_time_ms=0.1 | reason=no_static_obstacle_in_range | cache_reason=no_cache
1786777064.471 [STATIC_AVOID] obs_id=- obs_dist=-m obs_s=- ego_s=14.63 side=- | left_clearance=- right_clearance=- candidate_valid=false rung=- | cache_used=false path_age=- path_points=0 planning_time_ms=0.1 | reason=no_static_obstacle_in_range | cache_reason=no_cache
1786777065.004 [STATIC_AVOID] obs_id=- obs_dist=-m obs_s=- ego_s=16.35 side=- | left_clearance=- right_clearance=- candidate_valid=false rung=- | cache_used=false path_age=- path_points=0 planning_time_ms=0.1 | reason=no_static_obstacle_in_range | cache_reason=no_cache
1786777065.551 [STATIC_AVOID] obs_id=- obs_dist=-m obs_s=- ego_s=17.72 side=- | left_clearance=- right_clearance=- candidate_valid=false rung=- | cache_used=false path_age=- path_points=0 planning_time_ms=0.1 | reason=no_static_obstacle_in_range | cache_reason=no_cache
1786777066.061 [STATIC_AVOID] obs_id=- obs_dist=-m obs_s=- ego_s=19.32 side=- | left_clearance=- right_clearance=- candidate_valid=false rung=- | cache_used=false path_age=- path_points=0 planning_time_ms=5.0 | reason=no_static_obstacle_in_range | cache_reason=no_cache
1786777066.605 [STATIC_AVOID] obs_id=- obs_dist=-m obs_s=- ego_s=21.10 side=- | left_clearance=- right_clearance=- candidate_valid=false rung=- | cache_used=false path_age=- path_points=0 planning_time_ms=0.1 | reason=no_static_obstacle_in_range | cache_reason=no_cache
1786777067.150 [STATIC_AVOID] obs_id=- obs_dist=-m obs_s=- ego_s=0.33 side=- | left_clearance=- right_clearance=- candidate_valid=false rung=- | cache_used=false path_age=- path_points=0 planning_time_ms=0.1 | reason=no_static_obstacle_in_range | cache_reason=no_cache
1786777067.650 [STATIC_AVOID] obs_id=- obs_dist=-m obs_s=- ego_s=1.22 side=- | left_clearance=- right_clearance=- candidate_valid=false rung=- | cache_used=false path_age=- path_points=0 planning_time_ms=0.1 | reason=no_static_obstacle_in_range | cache_reason=no_cache
1786777068.157 [STATIC_AVOID] obs_id=- obs_dist=-m obs_s=- ego_s=2.38 side=- | left_clearance=- right_clearance=- candidate_valid=false rung=- | cache_used=false path_age=- path_points=0 planning_time_ms=0.2 | reason=no_static_obstacle_in_range | cache_reason=no_cache
1786777068.710 [STATIC_AVOID] obs_id=- obs_dist=-m obs_s=- ego_s=3.81 side=- | left_clearance=- right_clearance=- candidate_valid=false rung=- | cache_used=false path_age=- path_points=0 planning_time_ms=0.1 | reason=no_static_obstacle_in_range | cache_reason=no_cache
1786777069.262 [STATIC_AVOID] obs_id=- obs_dist=-m obs_s=- ego_s=4.66 side=- | left_clearance=- right_clearance=- candidate_valid=false rung=- | cache_used=false path_age=- path_points=0 planning_time_ms=0.1 | reason=no_static_obstacle_in_range | cache_reason=no_cache
1786777069.838 [STATIC_AVOID] obs_id=12 obs_dist=5.94m obs_s=11.45 ego_s=5.51 side=LEFT | left_clearance=0.29 right_clearance=-0.31 candidate_valid=true rung=0 | cache_used=false path_age=0.000 path_points=118 planning_time_ms=15.0
1786777070.353 [STATIC_AVOID] obs_id=12 obs_dist=4.63m obs_s=11.43 ego_s=6.80 side=LEFT | left_clearance=0.18 right_clearance=-0.16 candidate_valid=true rung=0 | cache_used=false path_age=0.000 path_points=108 planning_time_ms=3.5
1786777071.121 [STATIC_AVOID] obs_id=12 obs_dist=3.51m obs_s=11.43 ego_s=7.92 side=LEFT | left_clearance=0.10 right_clearance=-0.07 candidate_valid=true rung=0 | cache_used=false path_age=0.000 path_points=91 planning_time_ms=3.3
1786777071.640 [STATIC_AVOID] obs_id=12 obs_dist=3.34m obs_s=11.41 ego_s=8.07 side=LEFT | left_clearance=0.11 right_clearance=-0.09 candidate_valid=true rung=0 | cache_used=false path_age=0.000 path_points=89 planning_time_ms=6.2
1786777072.180 [STATIC_AVOID] obs_id=12 obs_dist=2.53m obs_s=11.40 ego_s=8.87 side=LEFT | left_clearance=0.14 right_clearance=-0.05 candidate_valid=true rung=0 | cache_used=false path_age=0.000 path_points=86 planning_time_ms=6.6
1786777072.703 [STATIC_AVOID] obs_id=13 obs_dist=0.60m obs_s=11.26 ego_s=10.66 side=RIGHT | left_clearance=-0.02 right_clearance=0.02 candidate_valid=true rung=0 | cache_used=false path_age=0.000 path_points=76 planning_time_ms=3.5
1786777073.205 [STATIC_AVOID] obs_id=- obs_dist=-m obs_s=- ego_s=12.00 side=- | left_clearance=- right_clearance=- candidate_valid=false rung=- | cache_used=false path_age=- path_points=0 planning_time_ms=0.1 | reason=no_static_obstacle_in_range | cache_reason=no_cache
1786777073.716 [STATIC_AVOID] obs_id=- obs_dist=-m obs_s=- ego_s=13.27 side=- | left_clearance=- right_clearance=- candidate_valid=false rung=- | cache_used=false path_age=- path_points=0 planning_time_ms=0.1 | reason=no_static_obstacle_in_range | cache_reason=no_cache
1786777074.256 [STATIC_AVOID] obs_id=- obs_dist=-m obs_s=- ego_s=15.10 side=- | left_clearance=- right_clearance=- candidate_valid=false rung=- | cache_used=false path_age=- path_points=0 planning_time_ms=0.2 | reason=no_static_obstacle_in_range | cache_reason=no_cache
1786777074.806 [STATIC_AVOID] obs_id=- obs_dist=-m obs_s=- ego_s=16.39 side=- | left_clearance=- right_clearance=- candidate_valid=false rung=- | cache_used=false path_age=- path_points=0 planning_time_ms=0.1 | reason=no_static_obstacle_in_range | cache_reason=no_cache
1786777075.318 [STATIC_AVOID] obs_id=- obs_dist=-m obs_s=- ego_s=17.74 side=- | left_clearance=- right_clearance=- candidate_valid=false rung=- | cache_used=false path_age=- path_points=0 planning_time_ms=0.1 | reason=no_static_obstacle_in_range | cache_reason=no_cache
1786777075.849 [STATIC_AVOID] obs_id=- obs_dist=-m obs_s=- ego_s=19.69 side=- | left_clearance=- right_clearance=- candidate_valid=false rung=- | cache_used=false path_age=- path_points=0 planning_time_ms=0.1 | reason=no_static_obstacle_in_range | cache_reason=no_cache
1786777076.358 [STATIC_AVOID] obs_id=- obs_dist=-m obs_s=- ego_s=21.20 side=- | left_clearance=- right_clearance=- candidate_valid=false rung=- | cache_used=false path_age=- path_points=0 planning_time_ms=0.1 | reason=no_static_obstacle_in_range | cache_reason=no_cache
1786777076.879 [STATIC_AVOID] obs_id=- obs_dist=-m obs_s=- ego_s=0.55 side=- | left_clearance=- right_clearance=- candidate_valid=false rung=- | cache_used=false path_age=- path_points=0 planning_time_ms=1.8 | reason=no_static_obstacle_in_range | cache_reason=no_cache
1786777077.406 [STATIC_AVOID] obs_id=- obs_dist=-m obs_s=- ego_s=1.49 side=- | left_clearance=- right_clearance=- candidate_valid=false rung=- | cache_used=false path_age=- path_points=0 planning_time_ms=0.4 | reason=no_static_obstacle_in_range | cache_reason=no_cache
1786777077.956 [STATIC_AVOID] obs_id=- obs_dist=-m obs_s=- ego_s=3.03 side=- | left_clearance=- right_clearance=- candidate_valid=false rung=- | cache_used=false path_age=- path_points=0 planning_time_ms=0.1 | reason=no_static_obstacle_in_range | cache_reason=no_cache
1786777078.504 [STATIC_AVOID] obs_id=- obs_dist=-m obs_s=- ego_s=4.17 side=- | left_clearance=- right_clearance=- candidate_valid=false rung=- | cache_used=false path_age=- path_points=0 planning_time_ms=0.1 | reason=no_static_obstacle_in_range | cache_reason=no_cache
1786777079.006 [STATIC_AVOID] obs_id=- obs_dist=-m obs_s=- ego_s=5.01 side=- | left_clearance=- right_clearance=- candidate_valid=false rung=- | cache_used=false path_age=- path_points=0 planning_time_ms=0.1 | reason=no_static_obstacle_in_range | cache_reason=no_cache
1786777079.563 [STATIC_AVOID] obs_id=17 obs_dist=5.70m obs_s=11.72 ego_s=6.02 side=LEFT | left_clearance=0.28 right_clearance=-0.27 candidate_valid=true rung=0 | cache_used=false path_age=0.000 path_points=116 planning_time_ms=13.9
1786777080.072 [STATIC_AVOID] obs_id=17 obs_dist=4.69m obs_s=11.72 ego_s=7.03 side=LEFT | left_clearance=0.22 right_clearance=-0.23 candidate_valid=true rung=0 | cache_used=false path_age=0.000 path_points=103 planning_time_ms=3.7
1786777080.614 [STATIC_AVOID] obs_id=17 obs_dist=4.01m obs_s=11.70 ego_s=7.70 side=LEFT | left_clearance=0.19 right_clearance=-0.17 candidate_valid=true rung=0 | cache_used=false path_age=0.000 path_points=96 planning_time_ms=9.2
1786777081.170 [STATIC_AVOID] obs_id=17 obs_dist=3.13m obs_s=11.70 ego_s=8.56 side=LEFT | left_clearance=0.19 right_clearance=-0.17 candidate_valid=true rung=0 | cache_used=false path_age=0.000 path_points=89 planning_time_ms=15.1
1786777081.714 [STATIC_AVOID] obs_id=17 obs_dist=1.35m obs_s=11.68 ego_s=10.33 side=LEFT | left_clearance=0.19 right_clearance=-0.15 candidate_valid=true rung=0 | cache_used=false path_age=0.000 path_points=79 planning_time_ms=11.7
1786777082.265 [STATIC_AVOID] obs_id=- obs_dist=-m obs_s=- ego_s=12.11 side=- | left_clearance=- right_clearance=- candidate_valid=false rung=- | cache_used=false path_age=- path_points=0 planning_time_ms=0.1 | reason=no_static_obstacle_in_range | cache_reason=no_cache
1786777082.816 [STATIC_AVOID] obs_id=- obs_dist=-m obs_s=- ego_s=13.23 side=- | left_clearance=- right_clearance=- candidate_valid=false rung=- | cache_used=false path_age=- path_points=0 planning_time_ms=0.1 | reason=no_static_obstacle_in_range | cache_reason=no_cache
1786777083.364 [STATIC_AVOID] obs_id=- obs_dist=-m obs_s=- ego_s=14.76 side=- | left_clearance=- right_clearance=- candidate_valid=false rung=- | cache_used=false path_age=- path_points=0 planning_time_ms=0.2 | reason=no_static_obstacle_in_range | cache_reason=no_cache
1786777083.916 [STATIC_AVOID] obs_id=- obs_dist=-m obs_s=- ego_s=16.11 side=- | left_clearance=- right_clearance=- candidate_valid=false rung=- | cache_used=false path_age=- path_points=0 planning_time_ms=0.1 | reason=no_static_obstacle_in_range | cache_reason=no_cache
1786777084.465 [STATIC_AVOID] obs_id=- obs_dist=-m obs_s=- ego_s=17.48 side=- | left_clearance=- right_clearance=- candidate_valid=false rung=- | cache_used=false path_age=- path_points=0 planning_time_ms=0.2 | reason=no_static_obstacle_in_range | cache_reason=no_cache
1786777085.003 [STATIC_AVOID] obs_id=- obs_dist=-m obs_s=- ego_s=19.41 side=- | left_clearance=- right_clearance=- candidate_valid=false rung=- | cache_used=false path_age=- path_points=0 planning_time_ms=0.1 | reason=no_static_obstacle_in_range | cache_reason=no_cache
1786777085.508 [STATIC_AVOID] obs_id=- obs_dist=-m obs_s=- ego_s=21.21 side=- | left_clearance=- right_clearance=- candidate_valid=false rung=- | cache_used=false path_age=- path_points=0 planning_time_ms=0.1 | reason=no_static_obstacle_in_range | cache_reason=no_cache
1786777086.058 [STATIC_AVOID] obs_id=- obs_dist=-m obs_s=- ego_s=0.70 side=- | left_clearance=- right_clearance=- candidate_valid=false rung=- | cache_used=false path_age=- path_points=0 planning_time_ms=0.4 | reason=no_static_obstacle_in_range | cache_reason=no_cache
1786777086.606 [STATIC_AVOID] obs_id=- obs_dist=-m obs_s=- ego_s=1.93 side=- | left_clearance=- right_clearance=- candidate_valid=false rung=- | cache_used=false path_age=- path_points=0 planning_time_ms=0.1 | reason=no_static_obstacle_in_range | cache_reason=no_cache
1786777087.151 [STATIC_AVOID] obs_id=- obs_dist=-m obs_s=- ego_s=3.35 side=- | left_clearance=- right_clearance=- candidate_valid=false rung=- | cache_used=false path_age=- path_points=0 planning_time_ms=0.1 | reason=no_static_obstacle_in_range | cache_reason=no_cache
1786777087.661 [STATIC_AVOID] obs_id=- obs_dist=-m obs_s=- ego_s=4.59 side=- | left_clearance=- right_clearance=- candidate_valid=false rung=- | cache_used=false path_age=- path_points=0 planning_time_ms=0.1 | reason=no_static_obstacle_in_range | cache_reason=no_cache
1786777088.205 [STATIC_AVOID] obs_id=- obs_dist=-m obs_s=- ego_s=5.58 side=- | left_clearance=- right_clearance=- candidate_valid=false rung=- | cache_used=false path_age=- path_points=0 planning_time_ms=0.1 | reason=no_static_obstacle_in_range | cache_reason=no_cache
1786777088.781 [STATIC_AVOID] obs_id=20 obs_dist=4.48m obs_s=11.54 ego_s=7.06 side=LEFT | left_clearance=0.24 right_clearance=-0.03 candidate_valid=true rung=0 | cache_used=false path_age=0.000 path_points=110 planning_time_ms=30.3
1786777089.324 [STATIC_AVOID] obs_id=20 obs_dist=3.30m obs_s=11.57 ego_s=8.26 side=LEFT | left_clearance=0.01 right_clearance=0.01 candidate_valid=true rung=0 | cache_used=false path_age=0.000 path_points=93 planning_time_ms=3.3
1786777089.845 [STATIC_AVOID] obs_id=20 obs_dist=2.35m obs_s=11.56 ego_s=9.21 side=LEFT | left_clearance=0.02 right_clearance=-0.01 candidate_valid=true rung=0 | cache_used=false path_age=0.000 path_points=79 planning_time_ms=5.6
1786777090.423 [STATIC_AVOID] obs_id=20 obs_dist=1.30m obs_s=11.56 ego_s=10.27 side=LEFT | left_clearance=0.03 right_clearance=0.01 candidate_valid=true rung=0 | cache_used=false path_age=0.000 path_points=76 planning_time_ms=13.7
1786777090.993 [STATIC_AVOID] obs_id=20 obs_dist=-0.25m obs_s=11.56 ego_s=11.81 side=LEFT | left_clearance=0.08 right_clearance=0.06 candidate_valid=true rung=0 | cache_used=false path_age=0.000 path_points=76 planning_time_ms=33.8
1786777091.501 [STATIC_AVOID] obs_id=- obs_dist=-m obs_s=- ego_s=13.20 side=- | left_clearance=- right_clearance=- candidate_valid=false rung=- | cache_used=false path_age=- path_points=0 planning_time_ms=0.1 | reason=no_static_obstacle_in_range | cache_reason=no_cache
1786777092.009 [STATIC_AVOID] obs_id=- obs_dist=-m obs_s=- ego_s=14.57 side=- | left_clearance=- right_clearance=- candidate_valid=false rung=- | cache_used=false path_age=- path_points=0 planning_time_ms=0.1 | reason=no_static_obstacle_in_range | cache_reason=no_cache
1786777092.546 [STATIC_AVOID] obs_id=- obs_dist=-m obs_s=- ego_s=15.69 side=- | left_clearance=- right_clearance=- candidate_valid=false rung=- | cache_used=false path_age=- path_points=0 planning_time_ms=0.1 | reason=no_static_obstacle_in_range | cache_reason=no_cache
1786777093.055 [STATIC_AVOID] obs_id=- obs_dist=-m obs_s=- ego_s=16.82 side=- | left_clearance=- right_clearance=- candidate_valid=false rung=- | cache_used=false path_age=- path_points=0 planning_time_ms=0.1 | reason=no_static_obstacle_in_range | cache_reason=no_cache
1786777093.587 [STATIC_AVOID] obs_id=- obs_dist=-m obs_s=- ego_s=18.21 side=- | left_clearance=- right_clearance=- candidate_valid=false rung=- | cache_used=false path_age=- path_points=0 planning_time_ms=0.1 | reason=no_static_obstacle_in_range | cache_reason=no_cache
1786777094.108 [STATIC_AVOID] obs_id=- obs_dist=-m obs_s=- ego_s=20.16 side=- | left_clearance=- right_clearance=- candidate_valid=false rung=- | cache_used=false path_age=- path_points=0 planning_time_ms=0.1 | reason=no_static_obstacle_in_range | cache_reason=no_cache
1786777094.621 [STATIC_AVOID] obs_id=- obs_dist=-m obs_s=- ego_s=21.62 side=- | left_clearance=- right_clearance=- candidate_valid=false rung=- | cache_used=false path_age=- path_points=0 planning_time_ms=0.1 | reason=no_static_obstacle_in_range | cache_reason=no_cache
1786777095.162 [STATIC_AVOID] obs_id=- obs_dist=-m obs_s=- ego_s=0.89 side=- | left_clearance=- right_clearance=- candidate_valid=false rung=- | cache_used=false path_age=- path_points=0 planning_time_ms=4.3 | reason=no_static_obstacle_in_range | cache_reason=no_cache
1786777095.709 [STATIC_AVOID] obs_id=- obs_dist=-m obs_s=- ego_s=2.18 side=- | left_clearance=- right_clearance=- candidate_valid=false rung=- | cache_used=false path_age=- path_points=0 planning_time_ms=0.1 | reason=no_static_obstacle_in_range | cache_reason=no_cache
1786777096.211 [STATIC_AVOID] obs_id=- obs_dist=-m obs_s=- ego_s=3.55 side=- | left_clearance=- right_clearance=- candidate_valid=false rung=- | cache_used=false path_age=- path_points=0 planning_time_ms=0.1 | reason=no_static_obstacle_in_range | cache_reason=no_cache
1786777096.768 [STATIC_AVOID] obs_id=- obs_dist=-m obs_s=- ego_s=4.91 side=- | left_clearance=- right_clearance=- candidate_valid=false rung=- | cache_used=false path_age=- path_points=0 planning_time_ms=0.1 | reason=no_static_obstacle_in_range | cache_reason=no_cache
1786777097.269 [STATIC_AVOID] obs_id=21 obs_dist=5.46m obs_s=11.60 ego_s=6.14 side=LEFT | left_clearance=0.11 right_clearance=-0.10 candidate_valid=true rung=0 | cache_used=false path_age=0.000 path_points=119 planning_time_ms=3.6
1786777097.806 [STATIC_AVOID] obs_id=21 obs_dist=3.62m obs_s=11.67 ego_s=8.05 side=LEFT | left_clearance=-0.00 right_clearance=0.04 candidate_valid=true rung=0 | cache_used=false path_age=0.000 path_points=98 planning_time_ms=5.9
1786777098.363 [STATIC_AVOID] obs_id=21 obs_dist=2.31m obs_s=11.64 ego_s=9.33 side=RIGHT | left_clearance=0.01 right_clearance=0.04 candidate_valid=true rung=0 | cache_used=false path_age=0.000 path_points=84 planning_time_ms=13.5
1786777098.870 [STATIC_AVOID] obs_id=21 obs_dist=1.28m obs_s=11.61 ego_s=10.33 side=RIGHT | left_clearance=-0.03 right_clearance=-0.03 candidate_valid=true rung=0 | cache_used=false path_age=0.000 path_points=76 planning_time_ms=15.0
1786777099.409 [STATIC_AVOID] obs_id=21 obs_dist=0.19m obs_s=11.61 ego_s=11.42 side=LEFT | left_clearance=-0.02 right_clearance=-0.02 candidate_valid=true rung=0 | cache_used=false path_age=0.000 path_points=76 planning_time_ms=5.6
1786777099.951 [STATIC_AVOID] obs_id=- obs_dist=-m obs_s=- ego_s=12.72 side=- | left_clearance=- right_clearance=- candidate_valid=false rung=- | cache_used=false path_age=- path_points=0 planning_time_ms=0.1 | reason=no_static_obstacle_in_range | cache_reason=no_cache
1786777100.472 [STATIC_AVOID] obs_id=- obs_dist=-m obs_s=- ego_s=13.50 side=- | left_clearance=- right_clearance=- candidate_valid=false rung=- | cache_used=false path_age=- path_points=0 planning_time_ms=0.1 | reason=no_static_obstacle_in_range | cache_reason=no_cache
1786777101.004 [STATIC_AVOID] obs_id=- obs_dist=-m obs_s=- ego_s=15.15 side=- | left_clearance=- right_clearance=- candidate_valid=false rung=- | cache_used=false path_age=- path_points=0 planning_time_ms=0.1 | reason=no_static_obstacle_in_range | cache_reason=no_cache
1786777101.509 [STATIC_AVOID] obs_id=- obs_dist=-m obs_s=- ego_s=16.02 side=- | left_clearance=- right_clearance=- candidate_valid=false rung=- | cache_used=false path_age=- path_points=0 planning_time_ms=0.1 | reason=no_static_obstacle_in_range | cache_reason=no_cache
1786777102.065 [STATIC_AVOID] obs_id=- obs_dist=-m obs_s=- ego_s=17.07 side=- | left_clearance=- right_clearance=- candidate_valid=false rung=- | cache_used=false path_age=- path_points=0 planning_time_ms=0.2 | reason=no_static_obstacle_in_range | cache_reason=no_cache
1786777102.604 [STATIC_AVOID] obs_id=- obs_dist=-m obs_s=- ego_s=18.75 side=- | left_clearance=- right_clearance=- candidate_valid=false rung=- | cache_used=false path_age=- path_points=0 planning_time_ms=0.1 | reason=no_static_obstacle_in_range | cache_reason=no_cache
1786777103.116 [STATIC_AVOID] obs_id=- obs_dist=-m obs_s=- ego_s=20.36 side=- | left_clearance=- right_clearance=- candidate_valid=false rung=- | cache_used=false path_age=- path_points=0 planning_time_ms=0.7 | reason=no_static_obstacle_in_range | cache_reason=no_cache
1786777103.664 [STATIC_AVOID] obs_id=- obs_dist=-m obs_s=- ego_s=21.92 side=- | left_clearance=- right_clearance=- candidate_valid=false rung=- | cache_used=false path_age=- path_points=0 planning_time_ms=0.1 | reason=no_static_obstacle_in_range | cache_reason=no_cache
1786777104.210 [STATIC_AVOID] obs_id=- obs_dist=-m obs_s=- ego_s=1.06 side=- | left_clearance=- right_clearance=- candidate_valid=false rung=- | cache_used=false path_age=- path_points=0 planning_time_ms=0.2 | reason=no_static_obstacle_in_range | cache_reason=no_cache
1786777104.768 [STATIC_AVOID] obs_id=- obs_dist=-m obs_s=- ego_s=2.45 side=- | left_clearance=- right_clearance=- candidate_valid=false rung=- | cache_used=false path_age=- path_points=0 planning_time_ms=0.1 | reason=no_static_obstacle_in_range | cache_reason=no_cache
1786777105.304 [STATIC_AVOID] obs_id=- obs_dist=-m obs_s=- ego_s=4.02 side=- | left_clearance=- right_clearance=- candidate_valid=false rung=- | cache_used=false path_age=- path_points=0 planning_time_ms=0.1 | reason=no_static_obstacle_in_range | cache_reason=no_cache
1786777105.812 [STATIC_AVOID] obs_id=- obs_dist=-m obs_s=- ego_s=4.93 side=- | left_clearance=- right_clearance=- candidate_valid=false rung=- | cache_used=false path_age=- path_points=0 planning_time_ms=0.1 | reason=no_static_obstacle_in_range | cache_reason=no_cache
1786777106.362 [STATIC_AVOID] obs_id=- obs_dist=-m obs_s=- ego_s=6.56 side=- | left_clearance=- right_clearance=- candidate_valid=false rung=- | cache_used=false path_age=- path_points=0 planning_time_ms=0.1 | reason=no_static_obstacle_in_range | cache_reason=no_cache
1786777106.872 [STATIC_AVOID] obs_id=- obs_dist=-m obs_s=- ego_s=7.91 side=- | left_clearance=- right_clearance=- candidate_valid=false rung=- | cache_used=false path_age=- path_points=0 planning_time_ms=0.1 | reason=no_static_obstacle_in_range | cache_reason=no_cache
1786777107.406 [STATIC_AVOID] obs_id=- obs_dist=-m obs_s=- ego_s=9.75 side=- | left_clearance=- right_clearance=- candidate_valid=false rung=- | cache_used=false path_age=- path_points=0 planning_time_ms=0.1 | reason=no_static_obstacle_in_range | cache_reason=no_cache
1786777107.966 [STATIC_AVOID] obs_id=- obs_dist=-m obs_s=- ego_s=11.32 side=- | left_clearance=- right_clearance=- candidate_valid=false rung=- | cache_used=false path_age=- path_points=0 planning_time_ms=0.1 | reason=no_static_obstacle_in_range | cache_reason=no_cache
1786777108.490 [STATIC_AVOID] obs_id=23 obs_dist=2.10m obs_s=14.42 ego_s=12.31 side=RIGHT | left_clearance=-0.37 right_clearance=0.52 candidate_valid=true rung=0 | cache_used=false path_age=0.000 path_points=79 planning_time_ms=8.1
1786777108.991 [STATIC_AVOID] obs_id=23 obs_dist=1.20m obs_s=14.30 ego_s=13.10 side=RIGHT | left_clearance=-0.29 right_clearance=0.40 candidate_valid=true rung=0 | cache_used=false path_age=0.000 path_points=76 planning_time_ms=17.6
1786777109.510 [STATIC_AVOID] obs_id=23 obs_dist=0.45m obs_s=14.24 ego_s=13.79 side=RIGHT | left_clearance=-0.30 right_clearance=0.32 candidate_valid=true rung=0 | cache_used=false path_age=0.000 path_points=76 planning_time_ms=15.3
1786777110.045 [STATIC_AVOID] obs_id=23 obs_dist=-0.29m obs_s=14.28 ego_s=14.57 side=RIGHT | left_clearance=-0.27 right_clearance=0.38 candidate_valid=true rung=0 | cache_used=false path_age=0.000 path_points=76 planning_time_ms=2.8
1786777110.551 [STATIC_AVOID] obs_id=- obs_dist=-m obs_s=- ego_s=16.12 side=- | left_clearance=- right_clearance=- candidate_valid=false rung=- | cache_used=false path_age=- path_points=0 planning_time_ms=0.1 | reason=no_static_obstacle_in_range | cache_reason=no_cache
1786777111.062 [STATIC_AVOID] obs_id=- obs_dist=-m obs_s=- ego_s=17.40 side=- | left_clearance=- right_clearance=- candidate_valid=false rung=- | cache_used=false path_age=- path_points=0 planning_time_ms=0.1 | reason=no_static_obstacle_in_range | cache_reason=no_cache
1786777111.565 [STATIC_AVOID] obs_id=- obs_dist=-m obs_s=- ego_s=19.14 side=- | left_clearance=- right_clearance=- candidate_valid=false rung=- | cache_used=false path_age=- path_points=0 planning_time_ms=0.1 | reason=no_static_obstacle_in_range | cache_reason=no_cache
1786777112.109 [STATIC_AVOID] obs_id=- obs_dist=-m obs_s=- ego_s=21.11 side=- | left_clearance=- right_clearance=- candidate_valid=false rung=- | cache_used=false path_age=- path_points=0 planning_time_ms=0.3 | reason=no_static_obstacle_in_range | cache_reason=no_cache
1786777112.614 [STATIC_AVOID] obs_id=- obs_dist=-m obs_s=- ego_s=0.20 side=- | left_clearance=- right_clearance=- candidate_valid=false rung=- | cache_used=false path_age=- path_points=0 planning_time_ms=0.1 | reason=no_static_obstacle_in_range | cache_reason=no_cache
1786777113.159 [STATIC_AVOID] obs_id=- obs_dist=-m obs_s=- ego_s=1.67 side=- | left_clearance=- right_clearance=- candidate_valid=false rung=- | cache_used=false path_age=- path_points=0 planning_time_ms=0.1 | reason=no_static_obstacle_in_range | cache_reason=no_cache
1786777113.700 [STATIC_AVOID] obs_id=- obs_dist=-m obs_s=- ego_s=3.23 side=- | left_clearance=- right_clearance=- candidate_valid=false rung=- | cache_used=false path_age=- path_points=0 planning_time_ms=0.1 | reason=no_static_obstacle_in_range | cache_reason=no_cache
1786777114.259 [STATIC_AVOID] obs_id=- obs_dist=-m obs_s=- ego_s=4.70 side=- | left_clearance=- right_clearance=- candidate_valid=false rung=- | cache_used=false path_age=- path_points=0 planning_time_ms=0.1 | reason=no_static_obstacle_in_range | cache_reason=no_cache
1786777114.804 [STATIC_AVOID] obs_id=- obs_dist=-m obs_s=- ego_s=5.63 side=- | left_clearance=- right_clearance=- candidate_valid=false rung=- | cache_used=false path_age=- path_points=0 planning_time_ms=0.1 | reason=no_static_obstacle_in_range | cache_reason=no_cache
1786777115.306 [STATIC_AVOID] obs_id=- obs_dist=-m obs_s=- ego_s=7.01 side=- | left_clearance=- right_clearance=- candidate_valid=false rung=- | cache_used=false path_age=- path_points=0 planning_time_ms=0.1 | reason=no_static_obstacle_in_range | cache_reason=no_cache
1786777115.811 [STATIC_AVOID] obs_id=- obs_dist=-m obs_s=- ego_s=8.66 side=- | left_clearance=- right_clearance=- candidate_valid=false rung=- | cache_used=false path_age=- path_points=0 planning_time_ms=0.1 | reason=no_static_obstacle_in_range | cache_reason=no_cache
1786777116.355 [STATIC_AVOID] obs_id=- obs_dist=-m obs_s=- ego_s=10.52 side=- | left_clearance=- right_clearance=- candidate_valid=false rung=- | cache_used=false path_age=- path_points=0 planning_time_ms=0.1 | reason=no_static_obstacle_in_range | cache_reason=no_cache
1786777116.911 [STATIC_AVOID] obs_id=- obs_dist=-m obs_s=- ego_s=12.07 side=- | left_clearance=- right_clearance=- candidate_valid=false rung=- | cache_used=false path_age=- path_points=0 planning_time_ms=0.2 | reason=no_static_obstacle_in_range | cache_reason=no_cache
1786777117.441 [STATIC_AVOID] obs_id=29 obs_dist=2.80m obs_s=16.20 ego_s=13.39 side=LEFT | left_clearance=0.42 right_clearance=-0.36 candidate_valid=true rung=0 | cache_used=false path_age=0.000 path_points=91 planning_time_ms=13.5
1786777117.941 [STATIC_AVOID] obs_id=30 obs_dist=2.04m obs_s=16.80 ego_s=14.76 side=LEFT | left_clearance=0.15 right_clearance=-0.21 candidate_valid=true rung=0 | cache_used=false path_age=0.000 path_points=78 planning_time_ms=5.1
1786777118.466 [STATIC_AVOID] obs_id=31 obs_dist=1.22m obs_s=16.81 ego_s=15.59 side=LEFT | left_clearance=0.14 right_clearance=-0.16 candidate_valid=true rung=0 | cache_used=false path_age=0.000 path_points=76 planning_time_ms=15.9
1786777118.989 [STATIC_AVOID] obs_id=31 obs_dist=0.70m obs_s=16.81 ego_s=16.11 side=LEFT | left_clearance=0.13 right_clearance=-0.17 candidate_valid=true rung=0 | cache_used=false path_age=0.000 path_points=76 planning_time_ms=18.0
1786777119.531 [STATIC_AVOID] obs_id=31 obs_dist=-0.52m obs_s=16.80 ego_s=17.32 side=LEFT | left_clearance=0.25 right_clearance=-0.14 candidate_valid=true rung=0 | cache_used=false path_age=0.000 path_points=76 planning_time_ms=14.2
1786777120.050 [STATIC_AVOID] obs_id=- obs_dist=-m obs_s=- ego_s=18.83 side=- | left_clearance=- right_clearance=- candidate_valid=false rung=- | cache_used=false path_age=- path_points=0 planning_time_ms=0.1 | reason=no_static_obstacle_in_range | cache_reason=no_cache
1786777120.553 [STATIC_AVOID] obs_id=- obs_dist=-m obs_s=- ego_s=20.78 side=- | left_clearance=- right_clearance=- candidate_valid=false rung=- | cache_used=false path_age=- path_points=0 planning_time_ms=0.1 | reason=no_static_obstacle_in_range | cache_reason=no_cache
1786777121.058 [STATIC_AVOID] obs_id=- obs_dist=-m obs_s=- ego_s=0.11 side=- | left_clearance=- right_clearance=- candidate_valid=false rung=- | cache_used=false path_age=- path_points=0 planning_time_ms=0.1 | reason=no_static_obstacle_in_range | cache_reason=no_cache
1786777121.600 [STATIC_AVOID] obs_id=- obs_dist=-m obs_s=- ego_s=1.70 side=- | left_clearance=- right_clearance=- candidate_valid=false rung=- | cache_used=false path_age=- path_points=0 planning_time_ms=0.1 | reason=no_static_obstacle_in_range | cache_reason=no_cache
1786777122.108 [STATIC_AVOID] obs_id=- obs_dist=-m obs_s=- ego_s=3.12 side=- | left_clearance=- right_clearance=- candidate_valid=false rung=- | cache_used=false path_age=- path_points=0 planning_time_ms=0.5 | reason=no_static_obstacle_in_range | cache_reason=no_cache
1786777122.661 [STATIC_AVOID] obs_id=- obs_dist=-m obs_s=- ego_s=4.49 side=- | left_clearance=- right_clearance=- candidate_valid=false rung=- | cache_used=false path_age=- path_points=0 planning_time_ms=0.1 | reason=no_static_obstacle_in_range | cache_reason=no_cache
1786777123.202 [STATIC_AVOID] obs_id=- obs_dist=-m obs_s=- ego_s=5.75 side=- | left_clearance=- right_clearance=- candidate_valid=false rung=- | cache_used=false path_age=- path_points=0 planning_time_ms=0.1 | reason=no_static_obstacle_in_range | cache_reason=no_cache
1786777123.704 [STATIC_AVOID] obs_id=- obs_dist=-m obs_s=- ego_s=7.14 side=- | left_clearance=- right_clearance=- candidate_valid=false rung=- | cache_used=false path_age=- path_points=0 planning_time_ms=0.1 | reason=no_static_obstacle_in_range | cache_reason=no_cache
1786777124.208 [STATIC_AVOID] obs_id=- obs_dist=-m obs_s=- ego_s=8.84 side=- | left_clearance=- right_clearance=- candidate_valid=false rung=- | cache_used=false path_age=- path_points=0 planning_time_ms=1.9 | reason=no_static_obstacle_in_range | cache_reason=no_cache
1786777124.753 [STATIC_AVOID] obs_id=- obs_dist=-m obs_s=- ego_s=10.62 side=- | left_clearance=- right_clearance=- candidate_valid=false rung=- | cache_used=false path_age=- path_points=0 planning_time_ms=0.1 | reason=no_static_obstacle_in_range | cache_reason=no_cache
1786777125.304 [STATIC_AVOID] obs_id=- obs_dist=-m obs_s=- ego_s=12.46 side=- | left_clearance=- right_clearance=- candidate_valid=false rung=- | cache_used=false path_age=- path_points=0 planning_time_ms=0.1 | reason=no_static_obstacle_in_range | cache_reason=no_cache
1786777125.806 [STATIC_AVOID] obs_id=- obs_dist=-m obs_s=- ego_s=13.84 side=- | left_clearance=- right_clearance=- candidate_valid=false rung=- | cache_used=false path_age=- path_points=0 planning_time_ms=0.1 | reason=no_static_obstacle_in_range | cache_reason=no_cache
1786777126.405 [STATIC_AVOID] obs_id=33 obs_dist=1.50m obs_s=16.91 ego_s=15.40 side=RIGHT | left_clearance=-0.04 right_clearance=0.24 candidate_valid=true rung=0 | cache_used=false path_age=0.000 path_points=76 planning_time_ms=17.8
1786777126.929 [STATIC_AVOID] obs_id=34 obs_dist=0.73m obs_s=16.92 ego_s=16.19 side=RIGHT | left_clearance=-0.24 right_clearance=0.30 candidate_valid=true rung=0 | cache_used=false path_age=0.000 path_points=76 planning_time_ms=20.7
1786777127.436 [STATIC_AVOID] obs_id=34 obs_dist=-0.32m obs_s=16.84 ego_s=17.15 side=RIGHT | left_clearance=-0.25 right_clearance=0.27 candidate_valid=true rung=0 | cache_used=false path_age=0.000 path_points=76 planning_time_ms=9.2
1786777127.958 [STATIC_AVOID] obs_id=- obs_dist=-m obs_s=- ego_s=19.19 side=- | left_clearance=- right_clearance=- candidate_valid=false rung=- | cache_used=false path_age=- path_points=0 planning_time_ms=1.4 | reason=no_static_obstacle_in_range | cache_reason=no_cache
1786777128.484 [STATIC_AVOID] obs_id=- obs_dist=-m obs_s=- ego_s=20.68 side=- | left_clearance=- right_clearance=- candidate_valid=false rung=- | cache_used=false path_age=- path_points=0 planning_time_ms=0.1 | reason=no_static_obstacle_in_range | cache_reason=no_cache
1786777129.003 [STATIC_AVOID] obs_id=- obs_dist=-m obs_s=- ego_s=0.14 side=- | left_clearance=- right_clearance=- candidate_valid=false rung=- | cache_used=false path_age=- path_points=0 planning_time_ms=0.1 | reason=no_static_obstacle_in_range | cache_reason=no_cache
1786777129.510 [STATIC_AVOID] obs_id=- obs_dist=-m obs_s=- ego_s=1.33 side=- | left_clearance=- right_clearance=- candidate_valid=false rung=- | cache_used=false path_age=- path_points=0 planning_time_ms=0.1 | reason=no_static_obstacle_in_range | cache_reason=no_cache
1786777130.013 [STATIC_AVOID] obs_id=- obs_dist=-m obs_s=- ego_s=2.45 side=- | left_clearance=- right_clearance=- candidate_valid=false rung=- | cache_used=false path_age=- path_points=0 planning_time_ms=0.1 | reason=no_static_obstacle_in_range | cache_reason=no_cache
1786777130.556 [STATIC_AVOID] obs_id=- obs_dist=-m obs_s=- ego_s=3.95 side=- | left_clearance=- right_clearance=- candidate_valid=false rung=- | cache_used=false path_age=- path_points=0 planning_time_ms=0.1 | reason=no_static_obstacle_in_range | cache_reason=no_cache
1786777131.065 [STATIC_AVOID] obs_id=- obs_dist=-m obs_s=- ego_s=4.83 side=- | left_clearance=- right_clearance=- candidate_valid=false rung=- | cache_used=false path_age=- path_points=0 planning_time_ms=0.1 | reason=no_static_obstacle_in_range | cache_reason=no_cache
1786777131.604 [STATIC_AVOID] obs_id=- obs_dist=-m obs_s=- ego_s=6.11 side=- | left_clearance=- right_clearance=- candidate_valid=false rung=- | cache_used=false path_age=- path_points=0 planning_time_ms=0.1 | reason=no_static_obstacle_in_range | cache_reason=no_cache
1786777132.109 [STATIC_AVOID] obs_id=- obs_dist=-m obs_s=- ego_s=7.61 side=- | left_clearance=- right_clearance=- candidate_valid=false rung=- | cache_used=false path_age=- path_points=0 planning_time_ms=0.1 | reason=no_static_obstacle_in_range | cache_reason=no_cache
1786777132.660 [STATIC_AVOID] obs_id=- obs_dist=-m obs_s=- ego_s=9.52 side=- | left_clearance=- right_clearance=- candidate_valid=false rung=- | cache_used=false path_age=- path_points=0 planning_time_ms=0.1 | reason=no_static_obstacle_in_range | cache_reason=no_cache
1786777133.210 [STATIC_AVOID] obs_id=- obs_dist=-m obs_s=- ego_s=11.45 side=- | left_clearance=- right_clearance=- candidate_valid=false rung=- | cache_used=false path_age=- path_points=0 planning_time_ms=0.1 | reason=no_static_obstacle_in_range | cache_reason=no_cache
1786777133.760 [STATIC_AVOID] obs_id=- obs_dist=-m obs_s=- ego_s=12.73 side=- | left_clearance=- right_clearance=- candidate_valid=false rung=- | cache_used=false path_age=- path_points=0 planning_time_ms=0.1 | reason=no_static_obstacle_in_range | cache_reason=no_cache
1786777134.261 [STATIC_AVOID] obs_id=- obs_dist=-m obs_s=- ego_s=14.04 side=- | left_clearance=- right_clearance=- candidate_valid=false rung=- | cache_used=false path_age=- path_points=0 planning_time_ms=0.1 | reason=no_static_obstacle_in_range | cache_reason=no_cache
1786777134.800 [STATIC_AVOID] obs_id=- obs_dist=-m obs_s=- ego_s=15.38 side=- | left_clearance=- right_clearance=- candidate_valid=false rung=- | cache_used=false path_age=- path_points=0 planning_time_ms=0.1 | reason=no_static_obstacle_in_range | cache_reason=no_cache
1786777135.313 [STATIC_AVOID] obs_id=35 obs_dist=3.28m obs_s=19.14 ego_s=15.86 side=RIGHT | left_clearance=-0.19 right_clearance=0.38 candidate_valid=false rung=- | cache_used=true path_age=0.150 path_points=90 planning_time_ms=16.2 | reason=track_too_narrow
1786777135.854 [STATIC_AVOID] obs_id=36 obs_dist=2.16m obs_s=18.89 ego_s=16.73 side=RIGHT | left_clearance=-0.10 right_clearance=0.21 candidate_valid=true rung=0 | cache_used=false path_age=0.000 path_points=77 planning_time_ms=6.8
1786777136.366 [STATIC_AVOID] obs_id=37 obs_dist=1.40m obs_s=19.33 ego_s=17.93 side=RIGHT | left_clearance=-0.13 right_clearance=0.29 candidate_valid=true rung=0 | cache_used=false path_age=0.000 path_points=76 planning_time_ms=9.0
1786777136.939 [STATIC_AVOID] obs_id=37 obs_dist=0.52m obs_s=19.34 ego_s=18.81 side=RIGHT | left_clearance=-0.27 right_clearance=0.33 candidate_valid=true rung=0 | cache_used=false path_age=0.000 path_points=76 planning_time_ms=13.3
1786777137.508 [STATIC_AVOID] obs_id=- obs_dist=-m obs_s=- ego_s=20.66 side=- | left_clearance=- right_clearance=- candidate_valid=false rung=- | cache_used=false path_age=- path_points=0 planning_time_ms=3.7 | reason=no_static_obstacle_in_range | cache_reason=obstacle_gone
1786777138.064 [STATIC_AVOID] obs_id=- obs_dist=-m obs_s=- ego_s=0.13 side=- | left_clearance=- right_clearance=- candidate_valid=false rung=- | cache_used=false path_age=- path_points=0 planning_time_ms=0.1 | reason=no_static_obstacle_in_range | cache_reason=no_cache
1786777138.607 [STATIC_AVOID] obs_id=- obs_dist=-m obs_s=- ego_s=1.45 side=- | left_clearance=- right_clearance=- candidate_valid=false rung=- | cache_used=false path_age=- path_points=0 planning_time_ms=0.1 | reason=no_static_obstacle_in_range | cache_reason=no_cache
1786777139.107 [STATIC_AVOID] obs_id=- obs_dist=-m obs_s=- ego_s=2.85 side=- | left_clearance=- right_clearance=- candidate_valid=false rung=- | cache_used=false path_age=- path_points=0 planning_time_ms=0.1 | reason=no_static_obstacle_in_range | cache_reason=no_cache
1786777139.614 [STATIC_AVOID] obs_id=- obs_dist=-m obs_s=- ego_s=4.25 side=- | left_clearance=- right_clearance=- candidate_valid=false rung=- | cache_used=false path_age=- path_points=0 planning_time_ms=0.1 | reason=no_static_obstacle_in_range | cache_reason=no_cache
1786777140.153 [STATIC_AVOID] obs_id=- obs_dist=-m obs_s=- ego_s=5.29 side=- | left_clearance=- right_clearance=- candidate_valid=false rung=- | cache_used=false path_age=- path_points=0 planning_time_ms=0.1 | reason=no_static_obstacle_in_range | cache_reason=no_cache
1786777140.705 [STATIC_AVOID] obs_id=- obs_dist=-m obs_s=- ego_s=7.09 side=- | left_clearance=- right_clearance=- candidate_valid=false rung=- | cache_used=false path_age=- path_points=0 planning_time_ms=0.1 | reason=no_static_obstacle_in_range | cache_reason=no_cache
1786777141.211 [STATIC_AVOID] obs_id=- obs_dist=-m obs_s=- ego_s=8.80 side=- | left_clearance=- right_clearance=- candidate_valid=false rung=- | cache_used=false path_age=- path_points=0 planning_time_ms=0.1 | reason=no_static_obstacle_in_range | cache_reason=no_cache
1786777141.717 [STATIC_AVOID] obs_id=- obs_dist=-m obs_s=- ego_s=10.33 side=- | left_clearance=- right_clearance=- candidate_valid=false rung=- | cache_used=false path_age=- path_points=0 planning_time_ms=0.1 | reason=no_static_obstacle_in_range | cache_reason=no_cache
1786777142.252 [STATIC_AVOID] obs_id=- obs_dist=-m obs_s=- ego_s=12.27 side=- | left_clearance=- right_clearance=- candidate_valid=false rung=- | cache_used=false path_age=- path_points=0 planning_time_ms=0.1 | reason=no_static_obstacle_in_range | cache_reason=no_cache
1786777142.759 [STATIC_AVOID] obs_id=- obs_dist=-m obs_s=- ego_s=13.52 side=- | left_clearance=- right_clearance=- candidate_valid=false rung=- | cache_used=false path_age=- path_points=0 planning_time_ms=1.5 | reason=no_static_obstacle_in_range | cache_reason=no_cache
1786777143.304 [STATIC_AVOID] obs_id=- obs_dist=-m obs_s=- ego_s=15.30 side=- | left_clearance=- right_clearance=- candidate_valid=false rung=- | cache_used=false path_age=- path_points=0 planning_time_ms=0.1 | reason=no_static_obstacle_in_range | cache_reason=no_cache
1786777143.806 [STATIC_AVOID] obs_id=- obs_dist=-m obs_s=- ego_s=16.21 side=- | left_clearance=- right_clearance=- candidate_valid=false rung=- | cache_used=false path_age=- path_points=0 planning_time_ms=2.9 | reason=no_static_obstacle_in_range | cache_reason=no_cache
1786777144.361 [STATIC_AVOID] obs_id=38 obs_dist=2.52m obs_s=20.17 ego_s=17.65 side=RIGHT | left_clearance=-0.16 right_clearance=0.30 candidate_valid=true rung=0 | cache_used=false path_age=0.000 path_points=89 planning_time_ms=18.1
1786777144.876 [STATIC_AVOID] obs_id=38 obs_dist=1.20m obs_s=20.32 ego_s=19.12 side=RIGHT | left_clearance=-0.17 right_clearance=0.34 candidate_valid=true rung=0 | cache_used=false path_age=0.000 path_points=76 planning_time_ms=12.8
1786777145.394 [STATIC_AVOID] obs_id=39 obs_dist=-0.50m obs_s=20.35 ego_s=20.85 side=RIGHT | left_clearance=-0.33 right_clearance=0.43 candidate_valid=true rung=0 | cache_used=false path_age=0.000 path_points=76 planning_time_ms=19.0
1786777145.913 [STATIC_AVOID] obs_id=- obs_dist=-m obs_s=- ego_s=0.20 side=- | left_clearance=- right_clearance=- candidate_valid=false rung=- | cache_used=false path_age=- path_points=0 planning_time_ms=0.5 | reason=no_static_obstacle_in_range | cache_reason=no_cache
1786777146.472 [STATIC_AVOID] obs_id=- obs_dist=-m obs_s=- ego_s=1.63 side=- | left_clearance=- right_clearance=- candidate_valid=false rung=- | cache_used=false path_age=- path_points=0 planning_time_ms=0.1 | reason=no_static_obstacle_in_range | cache_reason=no_cache
1786777147.005 [STATIC_AVOID] obs_id=- obs_dist=-m obs_s=- ego_s=2.90 side=- | left_clearance=- right_clearance=- candidate_valid=false rung=- | cache_used=false path_age=- path_points=0 planning_time_ms=0.1 | reason=no_static_obstacle_in_range | cache_reason=no_cache
1786777147.512 [STATIC_AVOID] obs_id=- obs_dist=-m obs_s=- ego_s=4.23 side=- | left_clearance=- right_clearance=- candidate_valid=false rung=- | cache_used=false path_age=- path_points=0 planning_time_ms=0.1 | reason=no_static_obstacle_in_range | cache_reason=no_cache
1786777148.057 [STATIC_AVOID] obs_id=- obs_dist=-m obs_s=- ego_s=5.23 side=- | left_clearance=- right_clearance=- candidate_valid=false rung=- | cache_used=false path_age=- path_points=0 planning_time_ms=0.2 | reason=no_static_obstacle_in_range | cache_reason=no_cache
1786777148.652 [STATIC_AVOID] obs_id=- obs_dist=-m obs_s=- ego_s=6.62 side=- | left_clearance=- right_clearance=- candidate_valid=false rung=- | cache_used=false path_age=- path_points=0 planning_time_ms=0.1 | reason=no_static_obstacle_in_range | cache_reason=no_cache
1786777149.203 [STATIC_AVOID] obs_id=- obs_dist=-m obs_s=- ego_s=8.43 side=- | left_clearance=- right_clearance=- candidate_valid=false rung=- | cache_used=false path_age=- path_points=0 planning_time_ms=0.1 | reason=no_static_obstacle_in_range | cache_reason=no_cache
1786777149.717 [STATIC_AVOID] obs_id=- obs_dist=-m obs_s=- ego_s=10.32 side=- | left_clearance=- right_clearance=- candidate_valid=false rung=- | cache_used=false path_age=- path_points=0 planning_time_ms=0.1 | reason=no_static_obstacle_in_range | cache_reason=no_cache
1786777150.267 [STATIC_AVOID] obs_id=- obs_dist=-m obs_s=- ego_s=11.82 side=- | left_clearance=- right_clearance=- candidate_valid=false rung=- | cache_used=false path_age=- path_points=0 planning_time_ms=1.3 | reason=no_static_obstacle_in_range | cache_reason=no_cache
1786777150.813 [STATIC_AVOID] obs_id=- obs_dist=-m obs_s=- ego_s=12.93 side=- | left_clearance=- right_clearance=- candidate_valid=false rung=- | cache_used=false path_age=- path_points=0 planning_time_ms=0.1 | reason=no_static_obstacle_in_range | cache_reason=no_cache
1786777151.360 [STATIC_AVOID] obs_id=- obs_dist=-m obs_s=- ego_s=14.54 side=- | left_clearance=- right_clearance=- candidate_valid=false rung=- | cache_used=false path_age=- path_points=0 planning_time_ms=0.1 | reason=no_static_obstacle_in_range | cache_reason=no_cache
1786777151.907 [STATIC_AVOID] obs_id=- obs_dist=-m obs_s=- ego_s=15.90 side=- | left_clearance=- right_clearance=- candidate_valid=false rung=- | cache_used=false path_age=- path_points=0 planning_time_ms=0.1 | reason=no_static_obstacle_in_range | cache_reason=no_cache
1786777152.421 [STATIC_AVOID] obs_id=43 obs_dist=4.30m obs_s=20.97 ego_s=16.66 side=RIGHT | left_clearance=-0.01 right_clearance=0.14 candidate_valid=true rung=0 | cache_used=false path_age=0.000 path_points=104 planning_time_ms=13.1
1786777152.957 [STATIC_AVOID] obs_id=43 obs_dist=3.22m obs_s=21.08 ego_s=17.87 side=RIGHT | left_clearance=-0.16 right_clearance=0.18 candidate_valid=true rung=0 | cache_used=false path_age=0.000 path_points=98 planning_time_ms=3.5
1786777153.506 [STATIC_AVOID] obs_id=43 obs_dist=1.42m obs_s=21.11 ego_s=19.69 side=RIGHT | left_clearance=-0.21 right_clearance=0.33 candidate_valid=true rung=0 | cache_used=false path_age=0.000 path_points=76 planning_time_ms=30.7
1786777154.016 [STATIC_AVOID] obs_id=43 obs_dist=0.57m obs_s=21.11 ego_s=20.55 side=RIGHT | left_clearance=-0.24 right_clearance=0.29 candidate_valid=true rung=0 | cache_used=false path_age=0.000 path_points=76 planning_time_ms=11.5
1786777154.550 [STATIC_AVOID] obs_id=- obs_dist=-m obs_s=- ego_s=0.38 side=- | left_clearance=- right_clearance=- candidate_valid=false rung=- | cache_used=false path_age=- path_points=0 planning_time_ms=0.1 | reason=no_static_obstacle_in_range | cache_reason=no_cache
1786777155.050 [STATIC_AVOID] obs_id=- obs_dist=-m obs_s=- ego_s=1.50 side=- | left_clearance=- right_clearance=- candidate_valid=false rung=- | cache_used=false path_age=- path_points=0 planning_time_ms=0.1 | reason=no_static_obstacle_in_range | cache_reason=no_cache
1786777155.551 [STATIC_AVOID] obs_id=- obs_dist=-m obs_s=- ego_s=2.63 side=- | left_clearance=- right_clearance=- candidate_valid=false rung=- | cache_used=false path_age=- path_points=0 planning_time_ms=0.1 | reason=no_static_obstacle_in_range | cache_reason=no_cache
1786777156.100 [STATIC_AVOID] obs_id=- obs_dist=-m obs_s=- ego_s=4.12 side=- | left_clearance=- right_clearance=- candidate_valid=false rung=- | cache_used=false path_age=- path_points=0 planning_time_ms=0.1 | reason=no_static_obstacle_in_range | cache_reason=no_cache
1786777156.602 [STATIC_AVOID] obs_id=- obs_dist=-m obs_s=- ego_s=5.05 side=- | left_clearance=- right_clearance=- candidate_valid=false rung=- | cache_used=false path_age=- path_points=0 planning_time_ms=0.1 | reason=no_static_obstacle_in_range | cache_reason=no_cache
1786777157.149 [STATIC_AVOID] obs_id=- obs_dist=-m obs_s=- ego_s=6.09 side=- | left_clearance=- right_clearance=- candidate_valid=false rung=- | cache_used=false path_age=- path_points=0 planning_time_ms=0.1 | reason=no_static_obstacle_in_range | cache_reason=no_cache
1786777157.657 [STATIC_AVOID] obs_id=- obs_dist=-m obs_s=- ego_s=7.62 side=- | left_clearance=- right_clearance=- candidate_valid=false rung=- | cache_used=false path_age=- path_points=0 planning_time_ms=0.1 | reason=no_static_obstacle_in_range | cache_reason=no_cache
1786777158.211 [STATIC_AVOID] obs_id=- obs_dist=-m obs_s=- ego_s=9.37 side=- | left_clearance=- right_clearance=- candidate_valid=false rung=- | cache_used=false path_age=- path_points=0 planning_time_ms=0.1 | reason=no_static_obstacle_in_range | cache_reason=no_cache
1786777158.750 [STATIC_AVOID] obs_id=- obs_dist=-m obs_s=- ego_s=11.03 side=- | left_clearance=- right_clearance=- candidate_valid=false rung=- | cache_used=false path_age=- path_points=0 planning_time_ms=0.1 | reason=no_static_obstacle_in_range | cache_reason=no_cache
1786777159.267 [STATIC_AVOID] obs_id=- obs_dist=-m obs_s=- ego_s=12.53 side=- | left_clearance=- right_clearance=- candidate_valid=false rung=- | cache_used=false path_age=- path_points=0 planning_time_ms=0.1 | reason=no_static_obstacle_in_range | cache_reason=no_cache
1786777159.776 [STATIC_AVOID] obs_id=- obs_dist=-m obs_s=- ego_s=13.21 side=- | left_clearance=- right_clearance=- candidate_valid=false rung=- | cache_used=false path_age=- path_points=0 planning_time_ms=0.1 | reason=no_static_obstacle_in_range | cache_reason=no_cache
1786777160.307 [STATIC_AVOID] obs_id=- obs_dist=-m obs_s=- ego_s=14.73 side=- | left_clearance=- right_clearance=- candidate_valid=false rung=- | cache_used=false path_age=- path_points=0 planning_time_ms=0.1 | reason=no_static_obstacle_in_range | cache_reason=no_cache
1786777160.818 [STATIC_AVOID] obs_id=- obs_dist=-m obs_s=- ego_s=15.75 side=- | left_clearance=- right_clearance=- candidate_valid=false rung=- | cache_used=false path_age=- path_points=0 planning_time_ms=0.1 | reason=no_static_obstacle_in_range | cache_reason=no_cache
1786777161.326 [STATIC_AVOID] obs_id=- obs_dist=-m obs_s=- ego_s=16.36 side=- | left_clearance=- right_clearance=- candidate_valid=false rung=- | cache_used=false path_age=- path_points=0 planning_time_ms=0.5 | reason=no_static_obstacle_in_range | cache_reason=no_cache
1786777161.879 [STATIC_AVOID] obs_id=47 obs_dist=5.26m obs_s=0.42 ego_s=17.64 side=RIGHT | left_clearance=-0.15 right_clearance=0.18 candidate_valid=true rung=0 | cache_used=false path_age=0.000 path_points=117 planning_time_ms=11.9
1786777162.404 [STATIC_AVOID] obs_id=48 obs_dist=3.43m obs_s=0.35 ego_s=19.40 side=RIGHT | left_clearance=-0.23 right_clearance=0.39 candidate_valid=true rung=0 | cache_used=false path_age=0.000 path_points=96 planning_time_ms=13.5
1786777162.923 [STATIC_AVOID] obs_id=48 obs_dist=2.06m obs_s=0.43 ego_s=20.85 side=RIGHT | left_clearance=-0.21 right_clearance=0.26 candidate_valid=true rung=0 | cache_used=false path_age=0.000 path_points=86 planning_time_ms=14.3
1786777163.424 [STATIC_AVOID] obs_id=48 obs_dist=0.51m obs_s=0.44 ego_s=22.41 side=RIGHT | left_clearance=-0.23 right_clearance=0.27 candidate_valid=true rung=0 | cache_used=false path_age=0.000 path_points=76 planning_time_ms=5.2
1786777163.986 [STATIC_AVOID] obs_id=48 obs_dist=-0.47m obs_s=0.45 ego_s=0.92 side=RIGHT | left_clearance=-0.22 right_clearance=0.29 candidate_valid=false rung=- | cache_used=false path_age=- path_points=0 planning_time_ms=15.9 | reason=map_occupied | cache_reason=no_cache
1786777164.507 [STATIC_AVOID] obs_id=- obs_dist=-m obs_s=- ego_s=2.10 side=- | left_clearance=- right_clearance=- candidate_valid=false rung=- | cache_used=false path_age=- path_points=0 planning_time_ms=0.1 | reason=no_static_obstacle_in_range | cache_reason=no_cache
1786777165.055 [STATIC_AVOID] obs_id=- obs_dist=-m obs_s=- ego_s=3.69 side=- | left_clearance=- right_clearance=- candidate_valid=false rung=- | cache_used=false path_age=- path_points=0 planning_time_ms=0.2 | reason=no_static_obstacle_in_range | cache_reason=no_cache
1786777165.558 [STATIC_AVOID] obs_id=- obs_dist=-m obs_s=- ego_s=4.73 side=- | left_clearance=- right_clearance=- candidate_valid=false rung=- | cache_used=false path_age=- path_points=0 planning_time_ms=0.1 | reason=no_static_obstacle_in_range | cache_reason=no_cache
1786777166.103 [STATIC_AVOID] obs_id=- obs_dist=-m obs_s=- ego_s=5.76 side=- | left_clearance=- right_clearance=- candidate_valid=false rung=- | cache_used=false path_age=- path_points=0 planning_time_ms=0.1 | reason=no_static_obstacle_in_range | cache_reason=no_cache
1786777166.604 [STATIC_AVOID] obs_id=- obs_dist=-m obs_s=- ego_s=7.42 side=- | left_clearance=- right_clearance=- candidate_valid=false rung=- | cache_used=false path_age=- path_points=0 planning_time_ms=0.1 | reason=no_static_obstacle_in_range | cache_reason=no_cache
1786777167.109 [STATIC_AVOID] obs_id=- obs_dist=-m obs_s=- ego_s=9.16 side=- | left_clearance=- right_clearance=- candidate_valid=false rung=- | cache_used=false path_age=- path_points=0 planning_time_ms=0.1 | reason=no_static_obstacle_in_range | cache_reason=no_cache
1786777167.610 [STATIC_AVOID] obs_id=- obs_dist=-m obs_s=- ego_s=10.86 side=- | left_clearance=- right_clearance=- candidate_valid=false rung=- | cache_used=false path_age=- path_points=0 planning_time_ms=0.3 | reason=no_static_obstacle_in_range | cache_reason=no_cache
1786777168.160 [STATIC_AVOID] obs_id=- obs_dist=-m obs_s=- ego_s=12.48 side=- | left_clearance=- right_clearance=- candidate_valid=false rung=- | cache_used=false path_age=- path_points=0 planning_time_ms=0.1 | reason=no_static_obstacle_in_range | cache_reason=no_cache
1786777168.708 [STATIC_AVOID] obs_id=- obs_dist=-m obs_s=- ego_s=13.91 side=- | left_clearance=- right_clearance=- candidate_valid=false rung=- | cache_used=false path_age=- path_points=0 planning_time_ms=0.1 | reason=no_static_obstacle_in_range | cache_reason=no_cache
1786777169.267 [STATIC_AVOID] obs_id=- obs_dist=-m obs_s=- ego_s=15.36 side=- | left_clearance=- right_clearance=- candidate_valid=false rung=- | cache_used=false path_age=- path_points=0 planning_time_ms=0.1 | reason=no_static_obstacle_in_range | cache_reason=no_cache
1786777169.812 [STATIC_AVOID] obs_id=- obs_dist=-m obs_s=- ego_s=16.28 side=- | left_clearance=- right_clearance=- candidate_valid=false rung=- | cache_used=false path_age=- path_points=0 planning_time_ms=0.1 | reason=no_static_obstacle_in_range | cache_reason=no_cache
1786777170.367 [STATIC_AVOID] obs_id=- obs_dist=-m obs_s=- ego_s=17.83 side=- | left_clearance=- right_clearance=- candidate_valid=false rung=- | cache_used=false path_age=- path_points=0 planning_time_ms=0.1 | reason=no_static_obstacle_in_range | cache_reason=no_cache
1786777170.911 [STATIC_AVOID] obs_id=- obs_dist=-m obs_s=- ego_s=19.37 side=- | left_clearance=- right_clearance=- candidate_valid=false rung=- | cache_used=false path_age=- path_points=0 planning_time_ms=0.2 | reason=no_static_obstacle_in_range | cache_reason=no_cache
1786777171.413 [STATIC_AVOID] obs_id=- obs_dist=-m obs_s=- ego_s=21.16 side=- | left_clearance=- right_clearance=- candidate_valid=false rung=- | cache_used=false path_age=- path_points=0 planning_time_ms=0.1 | reason=no_static_obstacle_in_range | cache_reason=no_cache
1786777171.920 [STATIC_AVOID] obs_id=- obs_dist=-m obs_s=- ego_s=0.32 side=- | left_clearance=- right_clearance=- candidate_valid=false rung=- | cache_used=false path_age=- path_points=0 planning_time_ms=0.1 | reason=no_static_obstacle_in_range | cache_reason=no_cache
1786777172.457 [STATIC_AVOID] obs_id=- obs_dist=-m obs_s=- ego_s=1.43 side=- | left_clearance=- right_clearance=- candidate_valid=false rung=- | cache_used=false path_age=- path_points=0 planning_time_ms=0.1 | reason=no_static_obstacle_in_range | cache_reason=no_cache
1786777172.967 [STATIC_AVOID] obs_id=- obs_dist=-m obs_s=- ego_s=2.62 side=- | left_clearance=- right_clearance=- candidate_valid=false rung=- | cache_used=false path_age=- path_points=0 planning_time_ms=0.1 | reason=no_static_obstacle_in_range | cache_reason=no_cache
1786777173.511 [STATIC_AVOID] obs_id=- obs_dist=-m obs_s=- ego_s=4.10 side=- | left_clearance=- right_clearance=- candidate_valid=false rung=- | cache_used=false path_age=- path_points=0 planning_time_ms=0.1 | reason=no_static_obstacle_in_range | cache_reason=no_cache
1786777174.012 [STATIC_AVOID] obs_id=- obs_dist=-m obs_s=- ego_s=4.75 side=- | left_clearance=- right_clearance=- candidate_valid=false rung=- | cache_used=false path_age=- path_points=0 planning_time_ms=0.1 | reason=no_static_obstacle_in_range | cache_reason=no_cache
1786777174.558 [STATIC_AVOID] obs_id=- obs_dist=-m obs_s=- ego_s=5.55 side=- | left_clearance=- right_clearance=- candidate_valid=false rung=- | cache_used=false path_age=- path_points=0 planning_time_ms=0.1 | reason=no_static_obstacle_in_range | cache_reason=no_cache
1786777175.077 [STATIC_AVOID] obs_id=- obs_dist=-m obs_s=- ego_s=6.88 side=- | left_clearance=- right_clearance=- candidate_valid=false rung=- | cache_used=false path_age=- path_points=0 planning_time_ms=0.1 | reason=no_static_obstacle_in_range | cache_reason=no_cache
1786777175.638 [STATIC_AVOID] obs_id=- obs_dist=-m obs_s=- ego_s=8.24 side=- | left_clearance=- right_clearance=- candidate_valid=false rung=- | cache_used=false path_age=- path_points=0 planning_time_ms=0.1 | reason=no_static_obstacle_in_range | cache_reason=no_cache
1786777176.150 [STATIC_AVOID] obs_id=- obs_dist=-m obs_s=- ego_s=10.03 side=- | left_clearance=- right_clearance=- candidate_valid=false rung=- | cache_used=false path_age=- path_points=0 planning_time_ms=0.1 | reason=no_static_obstacle_in_range | cache_reason=no_cache
1786777176.656 [STATIC_AVOID] obs_id=- obs_dist=-m obs_s=- ego_s=11.28 side=- | left_clearance=- right_clearance=- candidate_valid=false rung=- | cache_used=false path_age=- path_points=0 planning_time_ms=0.4 | reason=no_static_obstacle_in_range | cache_reason=no_cache
1786777177.200 [STATIC_AVOID] obs_id=- obs_dist=-m obs_s=- ego_s=11.55 side=- | left_clearance=- right_clearance=- candidate_valid=false rung=- | cache_used=false path_age=- path_points=0 planning_time_ms=0.1 | reason=no_static_obstacle_in_range | cache_reason=no_cache
1786777177.708 [STATIC_AVOID] obs_id=- obs_dist=-m obs_s=- ego_s=12.10 side=- | left_clearance=- right_clearance=- candidate_valid=false rung=- | cache_used=false path_age=- path_points=0 planning_time_ms=0.1 | reason=no_static_obstacle_in_range | cache_reason=no_cache
1786777178.250 [STATIC_AVOID] obs_id=- obs_dist=-m obs_s=- ego_s=11.91 side=- | left_clearance=- right_clearance=- candidate_valid=false rung=- | cache_used=false path_age=- path_points=0 planning_time_ms=0.1 | reason=no_static_obstacle_in_range | cache_reason=no_cache
1786777178.750 [STATIC_AVOID] obs_id=- obs_dist=-m obs_s=- ego_s=12.90 side=- | left_clearance=- right_clearance=- candidate_valid=false rung=- | cache_used=false path_age=- path_points=0 planning_time_ms=0.1 | reason=no_static_obstacle_in_range | cache_reason=no_cache
1786777179.305 [STATIC_AVOID] obs_id=- obs_dist=-m obs_s=- ego_s=12.12 side=- | left_clearance=- right_clearance=- candidate_valid=false rung=- | cache_used=false path_age=- path_points=0 planning_time_ms=0.4 | reason=no_static_obstacle_in_range | cache_reason=no_cache
1786777179.808 [STATIC_AVOID] obs_id=- obs_dist=-m obs_s=- ego_s=12.47 side=- | left_clearance=- right_clearance=- candidate_valid=false rung=- | cache_used=false path_age=- path_points=0 planning_time_ms=0.1 | reason=no_static_obstacle_in_range | cache_reason=no_cache
1786777180.350 [STATIC_AVOID] obs_id=- obs_dist=-m obs_s=- ego_s=12.48 side=- | left_clearance=- right_clearance=- candidate_valid=false rung=- | cache_used=false path_age=- path_points=0 planning_time_ms=0.2 | reason=no_static_obstacle_in_range | cache_reason=no_cache
1786777180.900 [STATIC_AVOID] obs_id=- obs_dist=-m obs_s=- ego_s=12.50 side=- | left_clearance=- right_clearance=- candidate_valid=false rung=- | cache_used=false path_age=- path_points=0 planning_time_ms=0.1 | reason=no_static_obstacle_in_range | cache_reason=no_cache
1786777181.450 [STATIC_AVOID] obs_id=- obs_dist=-m obs_s=- ego_s=12.42 side=- | left_clearance=- right_clearance=- candidate_valid=false rung=- | cache_used=false path_age=- path_points=0 planning_time_ms=0.2 | reason=no_static_obstacle_in_range | cache_reason=no_cache
1786777181.950 [STATIC_AVOID] obs_id=- obs_dist=-m obs_s=- ego_s=12.93 side=- | left_clearance=- right_clearance=- candidate_valid=false rung=- | cache_used=false path_age=- path_points=0 planning_time_ms=0.1 | reason=no_static_obstacle_in_range | cache_reason=no_cache
1786777182.451 [STATIC_AVOID] obs_id=- obs_dist=-m obs_s=- ego_s=12.97 side=- | left_clearance=- right_clearance=- candidate_valid=false rung=- | cache_used=false path_age=- path_points=0 planning_time_ms=0.1 | reason=no_static_obstacle_in_range | cache_reason=no_cache
1786777182.959 [STATIC_AVOID] obs_id=- obs_dist=-m obs_s=- ego_s=12.92 side=- | left_clearance=- right_clearance=- candidate_valid=false rung=- | cache_used=false path_age=- path_points=0 planning_time_ms=0.1 | reason=no_static_obstacle_in_range | cache_reason=no_cache
1786777183.500 [STATIC_AVOID] obs_id=- obs_dist=-m obs_s=- ego_s=12.87 side=- | left_clearance=- right_clearance=- candidate_valid=false rung=- | cache_used=false path_age=- path_points=0 planning_time_ms=0.1 | reason=no_static_obstacle_in_range | cache_reason=no_cache
1786777184.002 [STATIC_AVOID] obs_id=- obs_dist=-m obs_s=- ego_s=12.79 side=- | left_clearance=- right_clearance=- candidate_valid=false rung=- | cache_used=false path_age=- path_points=0 planning_time_ms=0.2 | reason=no_static_obstacle_in_range | cache_reason=no_cache
1786777184.552 [STATIC_AVOID] obs_id=- obs_dist=-m obs_s=- ego_s=12.79 side=- | left_clearance=- right_clearance=- candidate_valid=false rung=- | cache_used=false path_age=- path_points=0 planning_time_ms=0.1 | reason=no_static_obstacle_in_range | cache_reason=no_cache
1786777185.065 [STATIC_AVOID] obs_id=- obs_dist=-m obs_s=- ego_s=12.77 side=- | left_clearance=- right_clearance=- candidate_valid=false rung=- | cache_used=false path_age=- path_points=0 planning_time_ms=2.9 | reason=no_static_obstacle_in_range | cache_reason=no_cache
1786777185.605 [STATIC_AVOID] obs_id=- obs_dist=-m obs_s=- ego_s=12.85 side=- | left_clearance=- right_clearance=- candidate_valid=false rung=- | cache_used=false path_age=- path_points=0 planning_time_ms=0.6 | reason=no_static_obstacle_in_range | cache_reason=no_cache
1786777186.153 [STATIC_AVOID] obs_id=- obs_dist=-m obs_s=- ego_s=12.89 side=- | left_clearance=- right_clearance=- candidate_valid=false rung=- | cache_used=false path_age=- path_points=0 planning_time_ms=0.1 | reason=no_static_obstacle_in_range | cache_reason=no_cache
1786777186.666 [STATIC_AVOID] obs_id=- obs_dist=-m obs_s=- ego_s=12.92 side=- | left_clearance=- right_clearance=- candidate_valid=false rung=- | cache_used=false path_age=- path_points=0 planning_time_ms=0.1 | reason=no_static_obstacle_in_range | cache_reason=no_cache
1786777187.207 [STATIC_AVOID] obs_id=- obs_dist=-m obs_s=- ego_s=12.95 side=- | left_clearance=- right_clearance=- candidate_valid=false rung=- | cache_used=false path_age=- path_points=0 planning_time_ms=0.1 | reason=no_static_obstacle_in_range | cache_reason=no_cache
1786777187.749 [STATIC_AVOID] obs_id=- obs_dist=-m obs_s=- ego_s=12.98 side=- | left_clearance=- right_clearance=- candidate_valid=false rung=- | cache_used=false path_age=- path_points=0 planning_time_ms=0.1 | reason=no_static_obstacle_in_range | cache_reason=no_cache
1786777188.252 [STATIC_AVOID] obs_id=- obs_dist=-m obs_s=- ego_s=13.01 side=- | left_clearance=- right_clearance=- candidate_valid=false rung=- | cache_used=false path_age=- path_points=0 planning_time_ms=0.1 | reason=no_static_obstacle_in_range | cache_reason=no_cache
1786777188.752 [STATIC_AVOID] obs_id=- obs_dist=-m obs_s=- ego_s=13.03 side=- | left_clearance=- right_clearance=- candidate_valid=false rung=- | cache_used=false path_age=- path_points=0 planning_time_ms=0.1 | reason=no_static_obstacle_in_range | cache_reason=no_cache
1786777189.264 [STATIC_AVOID] obs_id=- obs_dist=-m obs_s=- ego_s=13.05 side=- | left_clearance=- right_clearance=- candidate_valid=false rung=- | cache_used=false path_age=- path_points=0 planning_time_ms=0.1 | reason=no_static_obstacle_in_range | cache_reason=no_cache
1786777189.769 [STATIC_AVOID] obs_id=- obs_dist=-m obs_s=- ego_s=12.85 side=- | left_clearance=- right_clearance=- candidate_valid=false rung=- | cache_used=false path_age=- path_points=0 planning_time_ms=0.1 | reason=no_static_obstacle_in_range | cache_reason=no_cache
1786777190.310 [STATIC_AVOID] obs_id=- obs_dist=-m obs_s=- ego_s=12.89 side=- | left_clearance=- right_clearance=- candidate_valid=false rung=- | cache_used=false path_age=- path_points=0 planning_time_ms=0.1 | reason=no_static_obstacle_in_range | cache_reason=no_cache
1786777190.856 [STATIC_AVOID] obs_id=- obs_dist=-m obs_s=- ego_s=12.91 side=- | left_clearance=- right_clearance=- candidate_valid=false rung=- | cache_used=false path_age=- path_points=0 planning_time_ms=0.2 | reason=no_static_obstacle_in_range | cache_reason=no_cache
1786777191.400 [STATIC_AVOID] obs_id=- obs_dist=-m obs_s=- ego_s=12.94 side=- | left_clearance=- right_clearance=- candidate_valid=false rung=- | cache_used=false path_age=- path_points=0 planning_time_ms=0.1 | reason=no_static_obstacle_in_range | cache_reason=no_cache
1786777191.912 [STATIC_AVOID] obs_id=- obs_dist=-m obs_s=- ego_s=12.98 side=- | left_clearance=- right_clearance=- candidate_valid=false rung=- | cache_used=false path_age=- path_points=0 planning_time_ms=0.1 | reason=no_static_obstacle_in_range | cache_reason=no_cache
1786777192.463 [STATIC_AVOID] obs_id=- obs_dist=-m obs_s=- ego_s=13.02 side=- | left_clearance=- right_clearance=- candidate_valid=false rung=- | cache_used=false path_age=- path_points=0 planning_time_ms=6.8 | reason=no_static_obstacle_in_range | cache_reason=no_cache
1786777193.010 [STATIC_AVOID] obs_id=- obs_dist=-m obs_s=- ego_s=13.05 side=- | left_clearance=- right_clearance=- candidate_valid=false rung=- | cache_used=false path_age=- path_points=0 planning_time_ms=0.1 | reason=no_static_obstacle_in_range | cache_reason=no_cache
1786777193.512 [STATIC_AVOID] obs_id=- obs_dist=-m obs_s=- ego_s=13.07 side=- | left_clearance=- right_clearance=- candidate_valid=false rung=- | cache_used=false path_age=- path_points=0 planning_time_ms=0.1 | reason=no_static_obstacle_in_range | cache_reason=no_cache
1786777194.056 [STATIC_AVOID] obs_id=- obs_dist=-m obs_s=- ego_s=13.07 side=- | left_clearance=- right_clearance=- candidate_valid=false rung=- | cache_used=false path_age=- path_points=0 planning_time_ms=0.1 | reason=no_static_obstacle_in_range | cache_reason=no_cache
1786777194.557 [STATIC_AVOID] obs_id=- obs_dist=-m obs_s=- ego_s=13.08 side=- | left_clearance=- right_clearance=- candidate_valid=false rung=- | cache_used=false path_age=- path_points=0 planning_time_ms=0.1 | reason=no_static_obstacle_in_range | cache_reason=no_cache
1786777195.109 [STATIC_AVOID] obs_id=- obs_dist=-m obs_s=- ego_s=13.08 side=- | left_clearance=- right_clearance=- candidate_valid=false rung=- | cache_used=false path_age=- path_points=0 planning_time_ms=0.1 | reason=no_static_obstacle_in_range | cache_reason=no_cache
1786777195.660 [STATIC_AVOID] obs_id=- obs_dist=-m obs_s=- ego_s=13.08 side=- | left_clearance=- right_clearance=- candidate_valid=false rung=- | cache_used=false path_age=- path_points=0 planning_time_ms=0.1 | reason=no_static_obstacle_in_range | cache_reason=no_cache
1786777196.202 [STATIC_AVOID] obs_id=- obs_dist=-m obs_s=- ego_s=13.09 side=- | left_clearance=- right_clearance=- candidate_valid=false rung=- | cache_used=false path_age=- path_points=0 planning_time_ms=0.1 | reason=no_static_obstacle_in_range | cache_reason=no_cache
1786777196.752 [STATIC_AVOID] obs_id=- obs_dist=-m obs_s=- ego_s=13.10 side=- | left_clearance=- right_clearance=- candidate_valid=false rung=- | cache_used=false path_age=- path_points=0 planning_time_ms=0.1 | reason=no_static_obstacle_in_range | cache_reason=no_cache
1786777197.302 [STATIC_AVOID] obs_id=- obs_dist=-m obs_s=- ego_s=13.11 side=- | left_clearance=- right_clearance=- candidate_valid=false rung=- | cache_used=false path_age=- path_points=0 planning_time_ms=0.1 | reason=no_static_obstacle_in_range | cache_reason=no_cache
1786777197.802 [STATIC_AVOID] obs_id=- obs_dist=-m obs_s=- ego_s=13.11 side=- | left_clearance=- right_clearance=- candidate_valid=false rung=- | cache_used=false path_age=- path_points=0 planning_time_ms=0.1 | reason=no_static_obstacle_in_range | cache_reason=no_cache
1786777198.308 [STATIC_AVOID] obs_id=- obs_dist=-m obs_s=- ego_s=13.12 side=- | left_clearance=- right_clearance=- candidate_valid=false rung=- | cache_used=false path_age=- path_points=0 planning_time_ms=0.1 | reason=no_static_obstacle_in_range | cache_reason=no_cache
1786777198.814 [STATIC_AVOID] obs_id=- obs_dist=-m obs_s=- ego_s=13.13 side=- | left_clearance=- right_clearance=- candidate_valid=false rung=- | cache_used=false path_age=- path_points=0 planning_time_ms=0.1 | reason=no_static_obstacle_in_range | cache_reason=no_cache
1786777199.354 [STATIC_AVOID] obs_id=- obs_dist=-m obs_s=- ego_s=13.13 side=- | left_clearance=- right_clearance=- candidate_valid=false rung=- | cache_used=false path_age=- path_points=0 planning_time_ms=0.1 | reason=no_static_obstacle_in_range | cache_reason=no_cache
1786777199.900 [STATIC_AVOID] obs_id=- obs_dist=-m obs_s=- ego_s=13.15 side=- | left_clearance=- right_clearance=- candidate_valid=false rung=- | cache_used=false path_age=- path_points=0 planning_time_ms=0.1 | reason=no_static_obstacle_in_range | cache_reason=no_cache
1786777200.400 [STATIC_AVOID] obs_id=- obs_dist=-m obs_s=- ego_s=13.16 side=- | left_clearance=- right_clearance=- candidate_valid=false rung=- | cache_used=false path_age=- path_points=0 planning_time_ms=0.1 | reason=no_static_obstacle_in_range | cache_reason=no_cache
1786777200.914 [STATIC_AVOID] obs_id=- obs_dist=-m obs_s=- ego_s=13.24 side=- | left_clearance=- right_clearance=- candidate_valid=false rung=- | cache_used=false path_age=- path_points=0 planning_time_ms=0.1 | reason=no_static_obstacle_in_range | cache_reason=no_cache
1786777201.453 [STATIC_AVOID] obs_id=- obs_dist=-m obs_s=- ego_s=13.67 side=- | left_clearance=- right_clearance=- candidate_valid=false rung=- | cache_used=false path_age=- path_points=0 planning_time_ms=0.1 | reason=no_static_obstacle_in_range | cache_reason=no_cache
1786777202.147 [STATIC_AVOID] obs_id=- obs_dist=-m obs_s=- ego_s=15.09 side=- | left_clearance=- right_clearance=- candidate_valid=false rung=- | cache_used=false path_age=- path_points=0 planning_time_ms=0.1 | reason=no_static_obstacle_in_range | cache_reason=obstacle_gone
1786777202.650 [STATIC_AVOID] obs_id=- obs_dist=-m obs_s=- ego_s=14.38 side=- | left_clearance=- right_clearance=- candidate_valid=false rung=- | cache_used=false path_age=- path_points=0 planning_time_ms=0.1 | reason=no_static_obstacle_in_range | cache_reason=no_cache
1786777203.166 [STATIC_AVOID] obs_id=- obs_dist=-m obs_s=- ego_s=13.58 side=- | left_clearance=- right_clearance=- candidate_valid=false rung=- | cache_used=false path_age=- path_points=0 planning_time_ms=0.1 | reason=no_static_obstacle_in_range | cache_reason=no_cache
1786777203.703 [STATIC_AVOID] obs_id=- obs_dist=-m obs_s=- ego_s=14.00 side=- | left_clearance=- right_clearance=- candidate_valid=false rung=- | cache_used=false path_age=- path_points=0 planning_time_ms=0.1 | reason=no_static_obstacle_in_range | cache_reason=no_cache
1786777204.205 [STATIC_AVOID] obs_id=- obs_dist=-m obs_s=- ego_s=13.55 side=- | left_clearance=- right_clearance=- candidate_valid=false rung=- | cache_used=false path_age=- path_points=0 planning_time_ms=0.1 | reason=no_static_obstacle_in_range | cache_reason=no_cache
1786777204.778 [STATIC_AVOID] obs_id=- obs_dist=-m obs_s=- ego_s=13.11 side=- | left_clearance=- right_clearance=- candidate_valid=false rung=- | cache_used=false path_age=- path_points=0 planning_time_ms=0.1 | reason=no_static_obstacle_in_range | cache_reason=no_cache
1786777205.352 [STATIC_AVOID] obs_id=- obs_dist=-m obs_s=- ego_s=13.86 side=- | left_clearance=- right_clearance=- candidate_valid=false rung=- | cache_used=false path_age=- path_points=0 planning_time_ms=0.1 | reason=no_static_obstacle_in_range | cache_reason=no_cache
1786777205.856 [STATIC_AVOID] obs_id=- obs_dist=-m obs_s=- ego_s=13.92 side=- | left_clearance=- right_clearance=- candidate_valid=false rung=- | cache_used=false path_age=- path_points=0 planning_time_ms=0.1 | reason=no_static_obstacle_in_range | cache_reason=no_cache
1786777206.374 [STATIC_AVOID] obs_id=- obs_dist=-m obs_s=- ego_s=13.64 side=- | left_clearance=- right_clearance=- candidate_valid=false rung=- | cache_used=false path_age=- path_points=0 planning_time_ms=0.1 | reason=no_static_obstacle_in_range | cache_reason=no_cache
1786777206.901 [STATIC_AVOID] obs_id=- obs_dist=-m obs_s=- ego_s=13.78 side=- | left_clearance=- right_clearance=- candidate_valid=false rung=- | cache_used=false path_age=- path_points=0 planning_time_ms=0.2 | reason=no_static_obstacle_in_range | cache_reason=no_cache
1786777207.403 [STATIC_AVOID] obs_id=- obs_dist=-m obs_s=- ego_s=13.32 side=- | left_clearance=- right_clearance=- candidate_valid=false rung=- | cache_used=false path_age=- path_points=0 planning_time_ms=0.2 | reason=no_static_obstacle_in_range | cache_reason=no_cache
1786777207.916 [STATIC_AVOID] obs_id=- obs_dist=-m obs_s=- ego_s=13.25 side=- | left_clearance=- right_clearance=- candidate_valid=false rung=- | cache_used=false path_age=- path_points=0 planning_time_ms=0.1 | reason=no_static_obstacle_in_range | cache_reason=no_cache
1786777208.458 [STATIC_AVOID] obs_id=- obs_dist=-m obs_s=- ego_s=13.05 side=- | left_clearance=- right_clearance=- candidate_valid=false rung=- | cache_used=false path_age=- path_points=0 planning_time_ms=0.1 | reason=no_static_obstacle_in_range | cache_reason=no_cache
1786777209.006 [STATIC_AVOID] obs_id=- obs_dist=-m obs_s=- ego_s=13.10 side=- | left_clearance=- right_clearance=- candidate_valid=false rung=- | cache_used=false path_age=- path_points=0 planning_time_ms=0.1 | reason=no_static_obstacle_in_range | cache_reason=no_cache
1786777209.560 [STATIC_AVOID] obs_id=- obs_dist=-m obs_s=- ego_s=13.08 side=- | left_clearance=- right_clearance=- candidate_valid=false rung=- | cache_used=false path_age=- path_points=0 planning_time_ms=0.2 | reason=no_static_obstacle_in_range | cache_reason=no_cache
1786777210.107 [STATIC_AVOID] obs_id=- obs_dist=-m obs_s=- ego_s=12.93 side=- | left_clearance=- right_clearance=- candidate_valid=false rung=- | cache_used=false path_age=- path_points=0 planning_time_ms=0.1 | reason=no_static_obstacle_in_range | cache_reason=no_cache
1786777210.660 [STATIC_AVOID] obs_id=- obs_dist=-m obs_s=- ego_s=13.18 side=- | left_clearance=- right_clearance=- candidate_valid=false rung=- | cache_used=false path_age=- path_points=0 planning_time_ms=0.1 | reason=no_static_obstacle_in_range | cache_reason=no_cache
1786777211.204 [STATIC_AVOID] obs_id=- obs_dist=-m obs_s=- ego_s=13.92 side=- | left_clearance=- right_clearance=- candidate_valid=false rung=- | cache_used=false path_age=- path_points=0 planning_time_ms=0.1 | reason=no_static_obstacle_in_range | cache_reason=no_cache
1786777211.736 [STATIC_AVOID] obs_id=- obs_dist=-m obs_s=- ego_s=13.38 side=- | left_clearance=- right_clearance=- candidate_valid=false rung=- | cache_used=false path_age=- path_points=0 planning_time_ms=0.1 | reason=no_static_obstacle_in_range | cache_reason=no_cache
1786777212.236 [STATIC_AVOID] obs_id=- obs_dist=-m obs_s=- ego_s=12.87 side=- | left_clearance=- right_clearance=- candidate_valid=false rung=- | cache_used=false path_age=- path_points=0 planning_time_ms=0.1 | reason=no_static_obstacle_in_range | cache_reason=no_cache
1786777212.752 [STATIC_AVOID] obs_id=- obs_dist=-m obs_s=- ego_s=12.85 side=- | left_clearance=- right_clearance=- candidate_valid=false rung=- | cache_used=false path_age=- path_points=0 planning_time_ms=0.1 | reason=no_static_obstacle_in_range | cache_reason=no_cache
1786777213.268 [STATIC_AVOID] obs_id=- obs_dist=-m obs_s=- ego_s=12.82 side=- | left_clearance=- right_clearance=- candidate_valid=false rung=- | cache_used=false path_age=- path_points=0 planning_time_ms=0.1 | reason=no_static_obstacle_in_range | cache_reason=no_cache
1786777213.803 [STATIC_AVOID] obs_id=- obs_dist=-m obs_s=- ego_s=12.91 side=- | left_clearance=- right_clearance=- candidate_valid=false rung=- | cache_used=false path_age=- path_points=0 planning_time_ms=0.1 | reason=no_static_obstacle_in_range | cache_reason=no_cache
1786777214.316 [STATIC_AVOID] obs_id=- obs_dist=-m obs_s=- ego_s=12.88 side=- | left_clearance=- right_clearance=- candidate_valid=false rung=- | cache_used=false path_age=- path_points=0 planning_time_ms=0.1 | reason=no_static_obstacle_in_range | cache_reason=no_cache
1786777214.831 [STATIC_AVOID] obs_id=- obs_dist=-m obs_s=- ego_s=12.92 side=- | left_clearance=- right_clearance=- candidate_valid=false rung=- | cache_used=false path_age=- path_points=0 planning_time_ms=0.2 | reason=no_static_obstacle_in_range | cache_reason=no_cache
1786777215.368 [STATIC_AVOID] obs_id=- obs_dist=-m obs_s=- ego_s=13.30 side=- | left_clearance=- right_clearance=- candidate_valid=false rung=- | cache_used=false path_age=- path_points=0 planning_time_ms=0.1 | reason=no_static_obstacle_in_range | cache_reason=no_cache
1786777215.900 [STATIC_AVOID] obs_id=- obs_dist=-m obs_s=- ego_s=13.27 side=- | left_clearance=- right_clearance=- candidate_valid=false rung=- | cache_used=false path_age=- path_points=0 planning_time_ms=0.1 | reason=no_static_obstacle_in_range | cache_reason=no_cache
1786777216.451 [STATIC_AVOID] obs_id=- obs_dist=-m obs_s=- ego_s=13.28 side=- | left_clearance=- right_clearance=- candidate_valid=false rung=- | cache_used=false path_age=- path_points=0 planning_time_ms=0.1 | reason=no_static_obstacle_in_range | cache_reason=no_cache
1786777216.954 [STATIC_AVOID] obs_id=- obs_dist=-m obs_s=- ego_s=13.27 side=- | left_clearance=- right_clearance=- candidate_valid=false rung=- | cache_used=false path_age=- path_points=0 planning_time_ms=0.1 | reason=no_static_obstacle_in_range | cache_reason=no_cache
