# static_avoidance_node debug log started 20260815_192956
1786789800.632 [STATIC_AVOID] obs_id=- obs_dist=-m obs_s=- ego_s=16.40 side=- | left_clearance=- right_clearance=- candidate_valid=false rung=- | cache_used=false path_age=- path_points=0 planning_time_ms=0.2 | reason=no_static_obstacle_in_range | cache_reason=no_cache
1786789801.262 [STATIC_AVOID] obs_id=1 obs_dist=-0.24m obs_s=16.16 ego_s=16.40 side=RIGHT | left_clearance=-0.21 right_clearance=0.14 candidate_valid=true rung=0 | cache_used=false path_age=0.000 path_points=76 planning_time_ms=2.9
1786789801.822 [STATIC_AVOID] obs_id=1 obs_dist=-0.24m obs_s=16.16 ego_s=16.40 side=RIGHT | left_clearance=-0.17 right_clearance=0.18 candidate_valid=true rung=0 | cache_used=false path_age=0.000 path_points=76 planning_time_ms=14.5
1786789802.353 [STATIC_AVOID] obs_id=1 obs_dist=-0.24m obs_s=16.16 ego_s=16.40 side=RIGHT | left_clearance=-0.18 right_clearance=0.17 candidate_valid=true rung=0 | cache_used=false path_age=0.000 path_points=76 planning_time_ms=13.3
1786789802.857 [STATIC_AVOID] obs_id=1 obs_dist=-0.23m obs_s=16.17 ego_s=16.40 side=RIGHT | left_clearance=-0.19 right_clearance=0.16 candidate_valid=true rung=0 | cache_used=false path_age=0.000 path_points=76 planning_time_ms=8.8
1786789803.384 [STATIC_AVOID] obs_id=1 obs_dist=-0.24m obs_s=16.17 ego_s=16.40 side=RIGHT | left_clearance=-0.17 right_clearance=0.18 candidate_valid=true rung=0 | cache_used=false path_age=0.000 path_points=76 planning_time_ms=5.0
1786789803.893 [STATIC_AVOID] obs_id=1 obs_dist=-0.23m obs_s=16.16 ego_s=16.40 side=RIGHT | left_clearance=-0.18 right_clearance=0.16 candidate_valid=true rung=0 | cache_used=false path_age=0.000 path_points=76 planning_time_ms=8.9
1786789804.429 [STATIC_AVOID] obs_id=1 obs_dist=-0.23m obs_s=16.16 ego_s=16.40 side=RIGHT | left_clearance=-0.20 right_clearance=0.15 candidate_valid=true rung=0 | cache_used=false path_age=0.000 path_points=76 planning_time_ms=2.8
1786789804.958 [STATIC_AVOID] obs_id=1 obs_dist=-0.24m obs_s=16.16 ego_s=16.40 side=RIGHT | left_clearance=-0.21 right_clearance=0.14 candidate_valid=true rung=0 | cache_used=false path_age=0.000 path_points=76 planning_time_ms=2.9
1786789805.461 [STATIC_AVOID] obs_id=1 obs_dist=-0.24m obs_s=16.16 ego_s=16.40 side=RIGHT | left_clearance=-0.19 right_clearance=0.15 candidate_valid=true rung=0 | cache_used=false path_age=0.000 path_points=76 planning_time_ms=7.4
1786789805.974 [STATIC_AVOID] obs_id=1 obs_dist=-0.23m obs_s=16.16 ego_s=16.40 side=RIGHT | left_clearance=-0.21 right_clearance=0.14 candidate_valid=true rung=0 | cache_used=false path_age=0.000 path_points=76 planning_time_ms=4.1
1786789806.492 [STATIC_AVOID] obs_id=1 obs_dist=-0.24m obs_s=16.16 ego_s=16.40 side=RIGHT | left_clearance=-0.21 right_clearance=0.14 candidate_valid=true rung=0 | cache_used=false path_age=0.000 path_points=76 planning_time_ms=15.3
1786789807.044 [STATIC_AVOID] obs_id=1 obs_dist=-0.23m obs_s=16.16 ego_s=16.40 side=RIGHT | left_clearance=-0.20 right_clearance=0.14 candidate_valid=true rung=0 | cache_used=false path_age=0.000 path_points=76 planning_time_ms=9.5
1786789807.559 [STATIC_AVOID] obs_id=1 obs_dist=-0.24m obs_s=16.16 ego_s=16.40 side=RIGHT | left_clearance=-0.20 right_clearance=0.15 candidate_valid=true rung=0 | cache_used=false path_age=0.000 path_points=76 planning_time_ms=3.2
1786789808.100 [STATIC_AVOID] obs_id=1 obs_dist=-0.24m obs_s=16.16 ego_s=16.40 side=RIGHT | left_clearance=-0.19 right_clearance=0.15 candidate_valid=true rung=0 | cache_used=false path_age=0.000 path_points=76 planning_time_ms=13.3
1786789808.670 [STATIC_AVOID] obs_id=1 obs_dist=-0.23m obs_s=16.16 ego_s=16.40 side=RIGHT | left_clearance=-0.17 right_clearance=0.17 candidate_valid=true rung=0 | cache_used=false path_age=0.000 path_points=76 planning_time_ms=8.3
1786789809.187 [STATIC_AVOID] obs_id=1 obs_dist=-0.23m obs_s=16.16 ego_s=16.40 side=RIGHT | left_clearance=-0.20 right_clearance=0.15 candidate_valid=true rung=0 | cache_used=false path_age=0.000 path_points=76 planning_time_ms=4.6
1786789809.739 [STATIC_AVOID] obs_id=1 obs_dist=-0.23m obs_s=16.16 ego_s=16.40 side=RIGHT | left_clearance=-0.18 right_clearance=0.16 candidate_valid=true rung=0 | cache_used=false path_age=0.000 path_points=76 planning_time_ms=6.9
1786789810.240 [STATIC_AVOID] obs_id=1 obs_dist=-0.23m obs_s=16.16 ego_s=16.40 side=RIGHT | left_clearance=-0.18 right_clearance=0.16 candidate_valid=true rung=0 | cache_used=false path_age=0.000 path_points=76 planning_time_ms=6.5
1786789810.795 [STATIC_AVOID] obs_id=1 obs_dist=-0.24m obs_s=16.16 ego_s=16.40 side=RIGHT | left_clearance=-0.14 right_clearance=0.19 candidate_valid=true rung=0 | cache_used=false path_age=0.000 path_points=76 planning_time_ms=7.9
1786789811.331 [STATIC_AVOID] obs_id=1 obs_dist=-0.23m obs_s=16.17 ego_s=16.40 side=RIGHT | left_clearance=-0.18 right_clearance=0.15 candidate_valid=true rung=0 | cache_used=false path_age=0.000 path_points=76 planning_time_ms=17.3
1786789811.835 [STATIC_AVOID] obs_id=- obs_dist=-m obs_s=- ego_s=16.30 side=- | left_clearance=- right_clearance=- candidate_valid=false rung=- | cache_used=false path_age=- path_points=0 planning_time_ms=0.1 | reason=no_static_obstacle_in_range | cache_reason=no_cache
1786789812.385 [STATIC_AVOID] obs_id=- obs_dist=-m obs_s=- ego_s=16.29 side=- | left_clearance=- right_clearance=- candidate_valid=false rung=- | cache_used=false path_age=- path_points=0 planning_time_ms=0.2 | reason=no_static_obstacle_in_range | cache_reason=no_cache
1786789812.912 [STATIC_AVOID] obs_id=3 obs_dist=-0.50m obs_s=15.85 ego_s=16.36 side=RIGHT | left_clearance=-0.14 right_clearance=0.27 candidate_valid=true rung=0 | cache_used=false path_age=0.000 path_points=76 planning_time_ms=3.6
1786789813.434 [STATIC_AVOID] obs_id=- obs_dist=-m obs_s=- ego_s=16.55 side=- | left_clearance=- right_clearance=- candidate_valid=false rung=- | cache_used=false path_age=- path_points=0 planning_time_ms=0.1 | reason=no_static_obstacle_in_range | cache_reason=no_cache
1786789813.938 [STATIC_AVOID] obs_id=- obs_dist=-m obs_s=- ego_s=16.09 side=- | left_clearance=- right_clearance=- candidate_valid=false rung=- | cache_used=false path_age=- path_points=0 planning_time_ms=0.1 | reason=no_static_obstacle_in_range | cache_reason=no_cache
1786789814.477 [STATIC_AVOID] obs_id=- obs_dist=-m obs_s=- ego_s=16.09 side=- | left_clearance=- right_clearance=- candidate_valid=false rung=- | cache_used=false path_age=- path_points=0 planning_time_ms=0.1 | reason=no_static_obstacle_in_range | cache_reason=no_cache
1786789815.031 [STATIC_AVOID] obs_id=12 obs_dist=5.54m obs_s=20.89 ego_s=15.35 side=- | left_clearance=0.41 right_clearance=-0.14 candidate_valid=false rung=- | cache_used=false path_age=- path_points=0 planning_time_ms=3.8 | reason=map_occupied | cache_reason=no_cache
1786789815.536 [STATIC_AVOID] obs_id=- obs_dist=-m obs_s=- ego_s=11.95 side=- | left_clearance=- right_clearance=- candidate_valid=false rung=- | cache_used=false path_age=- path_points=0 planning_time_ms=0.1 | reason=no_static_obstacle_in_range | cache_reason=no_cache
1786789816.075 [STATIC_AVOID] obs_id=- obs_dist=-m obs_s=- ego_s=12.74 side=- | left_clearance=- right_clearance=- candidate_valid=false rung=- | cache_used=false path_age=- path_points=0 planning_time_ms=0.2 | reason=no_static_obstacle_in_range | cache_reason=no_cache
1786789816.589 [STATIC_AVOID] obs_id=- obs_dist=-m obs_s=- ego_s=13.67 side=- | left_clearance=- right_clearance=- candidate_valid=false rung=- | cache_used=false path_age=- path_points=0 planning_time_ms=0.1 | reason=no_static_obstacle_in_range | cache_reason=no_cache
1786789817.127 [STATIC_AVOID] obs_id=- obs_dist=-m obs_s=- ego_s=10.42 side=- | left_clearance=- right_clearance=- candidate_valid=false rung=- | cache_used=false path_age=- path_points=0 planning_time_ms=0.1 | reason=no_static_obstacle_in_range | cache_reason=no_cache
1786789817.674 [STATIC_AVOID] obs_id=- obs_dist=-m obs_s=- ego_s=8.79 side=- | left_clearance=- right_clearance=- candidate_valid=false rung=- | cache_used=false path_age=- path_points=0 planning_time_ms=0.1 | reason=no_static_obstacle_in_range | cache_reason=no_cache
1786789818.237 [STATIC_AVOID] obs_id=- obs_dist=-m obs_s=- ego_s=7.41 side=- | left_clearance=- right_clearance=- candidate_valid=false rung=- | cache_used=false path_age=- path_points=0 planning_time_ms=0.1 | reason=no_static_obstacle_in_range | cache_reason=no_cache
1786789818.747 [STATIC_AVOID] obs_id=- obs_dist=-m obs_s=- ego_s=6.74 side=- | left_clearance=- right_clearance=- candidate_valid=false rung=- | cache_used=false path_age=- path_points=0 planning_time_ms=0.1 | reason=no_static_obstacle_in_range | cache_reason=no_cache
1786789819.282 [STATIC_AVOID] obs_id=- obs_dist=-m obs_s=- ego_s=5.84 side=- | left_clearance=- right_clearance=- candidate_valid=false rung=- | cache_used=false path_age=- path_points=0 planning_time_ms=0.1 | reason=no_static_obstacle_in_range | cache_reason=no_cache
1786789819.787 [STATIC_AVOID] obs_id=- obs_dist=-m obs_s=- ego_s=8.10 side=- | left_clearance=- right_clearance=- candidate_valid=false rung=- | cache_used=false path_age=- path_points=0 planning_time_ms=0.1 | reason=no_static_obstacle_in_range | cache_reason=no_cache
1786789820.340 [STATIC_AVOID] obs_id=- obs_dist=-m obs_s=- ego_s=9.13 side=- | left_clearance=- right_clearance=- candidate_valid=false rung=- | cache_used=false path_age=- path_points=0 planning_time_ms=0.1 | reason=no_static_obstacle_in_range | cache_reason=no_cache
1786789820.877 [STATIC_AVOID] obs_id=- obs_dist=-m obs_s=- ego_s=7.30 side=- | left_clearance=- right_clearance=- candidate_valid=false rung=- | cache_used=false path_age=- path_points=0 planning_time_ms=0.2 | reason=no_static_obstacle_in_range | cache_reason=no_cache
1786789821.384 [STATIC_AVOID] obs_id=- obs_dist=-m obs_s=- ego_s=5.72 side=- | left_clearance=- right_clearance=- candidate_valid=false rung=- | cache_used=false path_age=- path_points=0 planning_time_ms=0.1 | reason=no_static_obstacle_in_range | cache_reason=no_cache
1786789821.934 [STATIC_AVOID] obs_id=- obs_dist=-m obs_s=- ego_s=7.36 side=- | left_clearance=- right_clearance=- candidate_valid=false rung=- | cache_used=false path_age=- path_points=0 planning_time_ms=0.1 | reason=no_static_obstacle_in_range | cache_reason=no_cache
1786789822.519 [STATIC_AVOID] obs_id=34 obs_dist=4.82m obs_s=12.84 ego_s=8.02 side=RIGHT | left_clearance=-0.11 right_clearance=0.35 candidate_valid=true rung=0 | cache_used=false path_age=0.000 path_points=104 planning_time_ms=12.0
1786789823.045 [STATIC_AVOID] obs_id=- obs_dist=-m obs_s=- ego_s=8.31 side=- | left_clearance=- right_clearance=- candidate_valid=false rung=- | cache_used=false path_age=- path_points=0 planning_time_ms=0.1 | reason=no_static_obstacle_in_range | cache_reason=no_cache
1786789823.576 [STATIC_AVOID] obs_id=- obs_dist=-m obs_s=- ego_s=7.62 side=- | left_clearance=- right_clearance=- candidate_valid=false rung=- | cache_used=false path_age=- path_points=0 planning_time_ms=0.2 | reason=no_static_obstacle_in_range | cache_reason=no_cache
1786789824.095 [STATIC_AVOID] obs_id=- obs_dist=-m obs_s=- ego_s=7.45 side=- | left_clearance=- right_clearance=- candidate_valid=false rung=- | cache_used=false path_age=- path_points=0 planning_time_ms=0.1 | reason=no_static_obstacle_in_range | cache_reason=no_cache
1786789824.632 [STATIC_AVOID] obs_id=- obs_dist=-m obs_s=- ego_s=7.51 side=- | left_clearance=- right_clearance=- candidate_valid=false rung=- | cache_used=false path_age=- path_points=0 planning_time_ms=0.1 | reason=no_static_obstacle_in_range | cache_reason=no_cache
1786789825.145 [STATIC_AVOID] obs_id=43 obs_dist=-0.87m obs_s=6.71 ego_s=7.58 side=- | left_clearance=0.25 right_clearance=0.04 candidate_valid=false rung=- | cache_used=false path_age=- path_points=0 planning_time_ms=8.6 | reason=map_occupied | cache_reason=no_cache
1786789825.685 [STATIC_AVOID] obs_id=43 obs_dist=-0.90m obs_s=6.69 ego_s=7.59 side=- | left_clearance=0.18 right_clearance=-0.06 candidate_valid=false rung=- | cache_used=false path_age=- path_points=0 planning_time_ms=25.6 | reason=map_occupied | cache_reason=no_cache
1786789826.193 [STATIC_AVOID] obs_id=- obs_dist=-m obs_s=- ego_s=7.58 side=- | left_clearance=- right_clearance=- candidate_valid=false rung=- | cache_used=false path_age=- path_points=0 planning_time_ms=0.1 | reason=no_static_obstacle_in_range | cache_reason=no_cache
1786789826.726 [STATIC_AVOID] obs_id=- obs_dist=-m obs_s=- ego_s=7.61 side=- | left_clearance=- right_clearance=- candidate_valid=false rung=- | cache_used=false path_age=- path_points=0 planning_time_ms=0.2 | reason=no_static_obstacle_in_range | cache_reason=no_cache
1786789827.231 [STATIC_AVOID] obs_id=- obs_dist=-m obs_s=- ego_s=7.61 side=- | left_clearance=- right_clearance=- candidate_valid=false rung=- | cache_used=false path_age=- path_points=0 planning_time_ms=0.1 | reason=no_static_obstacle_in_range | cache_reason=no_cache
1786789827.749 [STATIC_AVOID] obs_id=- obs_dist=-m obs_s=- ego_s=7.58 side=- | left_clearance=- right_clearance=- candidate_valid=false rung=- | cache_used=false path_age=- path_points=0 planning_time_ms=0.2 | reason=no_static_obstacle_in_range | cache_reason=no_cache
1786789828.280 [STATIC_AVOID] obs_id=- obs_dist=-m obs_s=- ego_s=7.56 side=- | left_clearance=- right_clearance=- candidate_valid=false rung=- | cache_used=false path_age=- path_points=0 planning_time_ms=0.2 | reason=no_static_obstacle_in_range | cache_reason=no_cache
1786789828.780 [STATIC_AVOID] obs_id=- obs_dist=-m obs_s=- ego_s=7.56 side=- | left_clearance=- right_clearance=- candidate_valid=false rung=- | cache_used=false path_age=- path_points=0 planning_time_ms=0.2 | reason=no_static_obstacle_in_range | cache_reason=no_cache
1786789829.332 [STATIC_AVOID] obs_id=- obs_dist=-m obs_s=- ego_s=7.54 side=- | left_clearance=- right_clearance=- candidate_valid=false rung=- | cache_used=false path_age=- path_points=0 planning_time_ms=0.1 | reason=no_static_obstacle_in_range | cache_reason=no_cache
1786789829.877 [STATIC_AVOID] obs_id=- obs_dist=-m obs_s=- ego_s=7.55 side=- | left_clearance=- right_clearance=- candidate_valid=false rung=- | cache_used=false path_age=- path_points=0 planning_time_ms=0.1 | reason=no_static_obstacle_in_range | cache_reason=no_cache
1786789830.380 [STATIC_AVOID] obs_id=- obs_dist=-m obs_s=- ego_s=7.56 side=- | left_clearance=- right_clearance=- candidate_valid=false rung=- | cache_used=false path_age=- path_points=0 planning_time_ms=0.1 | reason=no_static_obstacle_in_range | cache_reason=no_cache
1786789830.903 [STATIC_AVOID] obs_id=- obs_dist=-m obs_s=- ego_s=7.46 side=- | left_clearance=- right_clearance=- candidate_valid=false rung=- | cache_used=false path_age=- path_points=0 planning_time_ms=0.7 | reason=no_static_obstacle_in_range | cache_reason=no_cache
1786789831.424 [STATIC_AVOID] obs_id=- obs_dist=-m obs_s=- ego_s=7.96 side=- | left_clearance=- right_clearance=- candidate_valid=false rung=- | cache_used=false path_age=- path_points=0 planning_time_ms=0.2 | reason=no_static_obstacle_in_range | cache_reason=no_cache
1786789831.931 [STATIC_AVOID] obs_id=48 obs_dist=0.37m obs_s=8.03 ego_s=7.66 side=LEFT | left_clearance=0.38 right_clearance=-0.32 candidate_valid=true rung=0 | cache_used=false path_age=0.000 path_points=76 planning_time_ms=12.6
1786789832.521 [STATIC_AVOID] obs_id=- obs_dist=-m obs_s=- ego_s=7.24 side=- | left_clearance=- right_clearance=- candidate_valid=false rung=- | cache_used=false path_age=- path_points=0 planning_time_ms=0.2 | reason=no_static_obstacle_in_range | cache_reason=obstacle_gone
1786789833.032 [STATIC_AVOID] obs_id=- obs_dist=-m obs_s=- ego_s=6.84 side=- | left_clearance=- right_clearance=- candidate_valid=false rung=- | cache_used=false path_age=- path_points=0 planning_time_ms=0.1 | reason=no_static_obstacle_in_range | cache_reason=no_cache
1786789833.593 [STATIC_AVOID] obs_id=- obs_dist=-m obs_s=- ego_s=6.85 side=- | left_clearance=- right_clearance=- candidate_valid=false rung=- | cache_used=false path_age=- path_points=0 planning_time_ms=0.1 | reason=no_static_obstacle_in_range | cache_reason=no_cache
1786789834.142 [STATIC_AVOID] obs_id=- obs_dist=-m obs_s=- ego_s=6.85 side=- | left_clearance=- right_clearance=- candidate_valid=false rung=- | cache_used=false path_age=- path_points=0 planning_time_ms=0.7 | reason=no_static_obstacle_in_range | cache_reason=no_cache
1786789834.692 [STATIC_AVOID] obs_id=- obs_dist=-m obs_s=- ego_s=6.85 side=- | left_clearance=- right_clearance=- candidate_valid=false rung=- | cache_used=false path_age=- path_points=0 planning_time_ms=3.8 | reason=no_static_obstacle_in_range | cache_reason=no_cache
1786789835.224 [STATIC_AVOID] obs_id=- obs_dist=-m obs_s=- ego_s=6.84 side=- | left_clearance=- right_clearance=- candidate_valid=false rung=- | cache_used=false path_age=- path_points=0 planning_time_ms=0.2 | reason=no_static_obstacle_in_range | cache_reason=no_cache
1786789835.752 [STATIC_AVOID] obs_id=- obs_dist=-m obs_s=- ego_s=6.85 side=- | left_clearance=- right_clearance=- candidate_valid=false rung=- | cache_used=false path_age=- path_points=0 planning_time_ms=0.1 | reason=no_static_obstacle_in_range | cache_reason=no_cache
1786789836.279 [STATIC_AVOID] obs_id=- obs_dist=-m obs_s=- ego_s=6.85 side=- | left_clearance=- right_clearance=- candidate_valid=false rung=- | cache_used=false path_age=- path_points=0 planning_time_ms=0.1 | reason=no_static_obstacle_in_range | cache_reason=no_cache
1786789836.787 [STATIC_AVOID] obs_id=- obs_dist=-m obs_s=- ego_s=6.85 side=- | left_clearance=- right_clearance=- candidate_valid=false rung=- | cache_used=false path_age=- path_points=0 planning_time_ms=0.3 | reason=no_static_obstacle_in_range | cache_reason=no_cache
1786789837.324 [STATIC_AVOID] obs_id=- obs_dist=-m obs_s=- ego_s=6.84 side=- | left_clearance=- right_clearance=- candidate_valid=false rung=- | cache_used=false path_age=- path_points=0 planning_time_ms=0.1 | reason=no_static_obstacle_in_range | cache_reason=no_cache
1786789837.826 [STATIC_AVOID] obs_id=- obs_dist=-m obs_s=- ego_s=6.84 side=- | left_clearance=- right_clearance=- candidate_valid=false rung=- | cache_used=false path_age=- path_points=0 planning_time_ms=0.1 | reason=no_static_obstacle_in_range | cache_reason=no_cache
1786789838.327 [STATIC_AVOID] obs_id=- obs_dist=-m obs_s=- ego_s=6.84 side=- | left_clearance=- right_clearance=- candidate_valid=false rung=- | cache_used=false path_age=- path_points=0 planning_time_ms=0.1 | reason=no_static_obstacle_in_range | cache_reason=no_cache
1786789838.874 [STATIC_AVOID] obs_id=- obs_dist=-m obs_s=- ego_s=6.85 side=- | left_clearance=- right_clearance=- candidate_valid=false rung=- | cache_used=false path_age=- path_points=0 planning_time_ms=0.1 | reason=no_static_obstacle_in_range | cache_reason=no_cache
1786789839.375 [STATIC_AVOID] obs_id=- obs_dist=-m obs_s=- ego_s=6.84 side=- | left_clearance=- right_clearance=- candidate_valid=false rung=- | cache_used=false path_age=- path_points=0 planning_time_ms=0.2 | reason=no_static_obstacle_in_range | cache_reason=no_cache
