# static_avoidance_node debug log started 20260816_221547
1786886152.826 [STATIC_AVOID] obs_id=- obs_dist=-m obs_s=- ego_s=9.77 side=- | left_clearance=- right_clearance=- candidate_valid=false rung=- | cache_used=false path_age=- path_points=0 planning_time_ms=0.2 | reason=no_static_obstacle_in_range | cache_reason=no_cache
1786886153.349 [STATIC_AVOID] obs_id=1 obs_dist=2.35m obs_s=12.12 ego_s=9.77 side=- | left_clearance=0.11 right_clearance=-0.06 candidate_valid=false rung=- | cache_used=false path_age=- path_points=0 planning_time_ms=11.1 | reason=track_too_narrow | cache_reason=no_cache
1786886153.852 [STATIC_AVOID] obs_id=1 obs_dist=2.36m obs_s=12.12 ego_s=9.77 side=- | left_clearance=0.11 right_clearance=-0.06 candidate_valid=false rung=- | cache_used=false path_age=- path_points=0 planning_time_ms=10.2 | reason=track_too_narrow | cache_reason=no_cache
1786886154.418 [STATIC_AVOID] obs_id=1 obs_dist=2.36m obs_s=12.12 ego_s=9.77 side=- | left_clearance=0.11 right_clearance=-0.06 candidate_valid=false rung=- | cache_used=false path_age=- path_points=0 planning_time_ms=27.1 | reason=track_too_narrow | cache_reason=no_cache
1786886154.975 [STATIC_AVOID] obs_id=1 obs_dist=2.34m obs_s=12.12 ego_s=9.78 side=RIGHT | left_clearance=0.11 right_clearance=-0.06 candidate_valid=true rung=1 | cache_used=false path_age=0.000 path_points=81 planning_time_ms=22.3
1786886155.494 [STATIC_AVOID] obs_id=1 obs_dist=2.18m obs_s=12.13 ego_s=9.94 side=RIGHT | left_clearance=0.09 right_clearance=-0.08 candidate_valid=false rung=- | cache_used=true path_age=0.118 path_points=81 planning_time_ms=17.7 | reason=track_too_narrow
1786886156.038 [STATIC_AVOID] obs_id=1 obs_dist=1.17m obs_s=12.12 ego_s=10.95 side=RIGHT | left_clearance=0.13 right_clearance=-0.05 candidate_valid=false rung=- | cache_used=true path_age=0.063 path_points=81 planning_time_ms=7.8 | reason=track_too_narrow
1786886156.574 [STATIC_AVOID] obs_id=1 obs_dist=0.32m obs_s=12.11 ego_s=11.79 side=RIGHT | left_clearance=0.14 right_clearance=-0.04 candidate_valid=true rung=1 | cache_used=false path_age=0.000 path_points=81 planning_time_ms=13.1
1786886157.090 [STATIC_AVOID] obs_id=1 obs_dist=-0.42m obs_s=12.11 ego_s=12.52 side=LEFT | left_clearance=0.09 right_clearance=-0.10 candidate_valid=true rung=0 | cache_used=false path_age=0.000 path_points=81 planning_time_ms=6.1
1786886157.626 [STATIC_AVOID] obs_id=- obs_dist=-m obs_s=- ego_s=13.83 side=- | left_clearance=- right_clearance=- candidate_valid=false rung=- | cache_used=false path_age=- path_points=0 planning_time_ms=0.1 | reason=no_static_obstacle_in_range | cache_reason=no_cache
1786886158.131 [STATIC_AVOID] obs_id=- obs_dist=-m obs_s=- ego_s=15.17 side=- | left_clearance=- right_clearance=- candidate_valid=false rung=- | cache_used=false path_age=- path_points=0 planning_time_ms=0.1 | reason=no_static_obstacle_in_range | cache_reason=no_cache
1786886158.668 [STATIC_AVOID] obs_id=3 obs_dist=5.68m obs_s=22.17 ego_s=16.48 side=RIGHT | left_clearance=0.28 right_clearance=0.40 candidate_valid=true rung=0 | cache_used=false path_age=0.000 path_points=118 planning_time_ms=6.6
1786886159.186 [STATIC_AVOID] obs_id=3 obs_dist=4.25m obs_s=22.17 ego_s=17.91 side=RIGHT | left_clearance=0.29 right_clearance=0.42 candidate_valid=true rung=0 | cache_used=false path_age=0.000 path_points=104 planning_time_ms=5.7
1786886159.703 [STATIC_AVOID] obs_id=3 obs_dist=2.56m obs_s=22.17 ego_s=19.60 side=RIGHT | left_clearance=0.32 right_clearance=0.42 candidate_valid=true rung=0 | cache_used=false path_age=0.000 path_points=94 planning_time_ms=13.2
1786886160.246 [STATIC_AVOID] obs_id=3 obs_dist=0.16m obs_s=22.13 ego_s=21.97 side=RIGHT | left_clearance=0.18 right_clearance=0.39 candidate_valid=true rung=0 | cache_used=false path_age=0.000 path_points=85 planning_time_ms=10.3
1786886160.757 [STATIC_AVOID] obs_id=- obs_dist=-m obs_s=- ego_s=24.94 side=- | left_clearance=- right_clearance=- candidate_valid=false rung=- | cache_used=false path_age=- path_points=0 planning_time_ms=5.4 | reason=no_static_obstacle_in_range | cache_reason=no_cache
1786886161.283 [STATIC_AVOID] obs_id=- obs_dist=-m obs_s=- ego_s=27.00 side=- | left_clearance=- right_clearance=- candidate_valid=false rung=- | cache_used=false path_age=- path_points=0 planning_time_ms=0.1 | reason=no_static_obstacle_in_range | cache_reason=no_cache
1786886161.785 [STATIC_AVOID] obs_id=- obs_dist=-m obs_s=- ego_s=28.30 side=- | left_clearance=- right_clearance=- candidate_valid=false rung=- | cache_used=false path_age=- path_points=0 planning_time_ms=0.3 | reason=no_static_obstacle_in_range | cache_reason=no_cache
1786886162.332 [STATIC_AVOID] obs_id=- obs_dist=-m obs_s=- ego_s=29.93 side=- | left_clearance=- right_clearance=- candidate_valid=false rung=- | cache_used=false path_age=- path_points=0 planning_time_ms=0.1 | reason=no_static_obstacle_in_range | cache_reason=no_cache
1786886162.842 [STATIC_AVOID] obs_id=- obs_dist=-m obs_s=- ego_s=31.24 side=- | left_clearance=- right_clearance=- candidate_valid=false rung=- | cache_used=false path_age=- path_points=0 planning_time_ms=0.1 | reason=no_static_obstacle_in_range | cache_reason=no_cache
1786886163.376 [STATIC_AVOID] obs_id=4 obs_dist=4.34m obs_s=2.61 ego_s=32.79 side=RIGHT | left_clearance=-0.03 right_clearance=0.35 candidate_valid=true rung=0 | cache_used=false path_age=0.000 path_points=105 planning_time_ms=17.7
1786886163.941 [STATIC_AVOID] obs_id=4 obs_dist=2.67m obs_s=2.59 ego_s=34.44 side=RIGHT | left_clearance=-0.07 right_clearance=0.31 candidate_valid=true rung=0 | cache_used=false path_age=0.000 path_points=90 planning_time_ms=3.5
1786886164.459 [STATIC_AVOID] obs_id=4 obs_dist=0.62m obs_s=2.66 ego_s=2.04 side=RIGHT | left_clearance=-0.09 right_clearance=0.28 candidate_valid=true rung=0 | cache_used=false path_age=0.000 path_points=81 planning_time_ms=13.8
1786886165.006 [STATIC_AVOID] obs_id=4 obs_dist=-0.57m obs_s=2.71 ego_s=3.28 side=RIGHT | left_clearance=0.31 right_clearance=0.24 candidate_valid=true rung=0 | cache_used=false path_age=0.000 path_points=81 planning_time_ms=3.0
1786886165.528 [STATIC_AVOID] obs_id=- obs_dist=-m obs_s=- ego_s=5.56 side=- | left_clearance=- right_clearance=- candidate_valid=false rung=- | cache_used=false path_age=- path_points=0 planning_time_ms=0.1 | reason=no_static_obstacle_in_range | cache_reason=no_cache
1786886166.079 [STATIC_AVOID] obs_id=9 obs_dist=4.55m obs_s=12.09 ego_s=7.54 side=RIGHT | left_clearance=-0.07 right_clearance=0.15 candidate_valid=true rung=0 | cache_used=false path_age=0.000 path_points=115 planning_time_ms=5.2
1786886166.631 [STATIC_AVOID] obs_id=9 obs_dist=3.12m obs_s=12.11 ego_s=8.99 side=RIGHT | left_clearance=-0.12 right_clearance=0.09 candidate_valid=true rung=0 | cache_used=false path_age=0.000 path_points=89 planning_time_ms=3.7
1786886167.280 [STATIC_AVOID] obs_id=9 obs_dist=2.44m obs_s=12.11 ego_s=9.67 side=RIGHT | left_clearance=-0.09 right_clearance=0.15 candidate_valid=true rung=0 | cache_used=false path_age=0.000 path_points=81 planning_time_ms=26.0
1786886167.898 [STATIC_AVOID] obs_id=9 obs_dist=1.59m obs_s=12.09 ego_s=10.50 side=RIGHT | left_clearance=-0.03 right_clearance=0.26 candidate_valid=true rung=2 | cache_used=false path_age=0.000 path_points=83 planning_time_ms=30.0
1786886168.426 [STATIC_AVOID] obs_id=- obs_dist=-m obs_s=- ego_s=11.52 side=- | left_clearance=- right_clearance=- candidate_valid=false rung=- | cache_used=false path_age=- path_points=0 planning_time_ms=0.1 | reason=no_static_obstacle_in_range | cache_reason=no_cache
1786886168.927 [STATIC_AVOID] obs_id=- obs_dist=-m obs_s=- ego_s=12.49 side=- | left_clearance=- right_clearance=- candidate_valid=false rung=- | cache_used=false path_age=- path_points=0 planning_time_ms=0.1 | reason=no_static_obstacle_in_range | cache_reason=no_cache
1786886169.451 [STATIC_AVOID] obs_id=- obs_dist=-m obs_s=- ego_s=13.77 side=- | left_clearance=- right_clearance=- candidate_valid=false rung=- | cache_used=false path_age=- path_points=0 planning_time_ms=1.3 | reason=no_static_obstacle_in_range | cache_reason=no_cache
1786886169.981 [STATIC_AVOID] obs_id=- obs_dist=-m obs_s=- ego_s=15.30 side=- | left_clearance=- right_clearance=- candidate_valid=false rung=- | cache_used=false path_age=- path_points=0 planning_time_ms=1.1 | reason=no_static_obstacle_in_range | cache_reason=no_cache
1786886170.486 [STATIC_AVOID] obs_id=14 obs_dist=5.77m obs_s=22.18 ego_s=16.41 side=RIGHT | left_clearance=0.16 right_clearance=0.53 candidate_valid=true rung=0 | cache_used=false path_age=0.000 path_points=115 planning_time_ms=9.1
1786886171.002 [STATIC_AVOID] obs_id=14 obs_dist=4.54m obs_s=22.16 ego_s=17.62 side=LEFT | left_clearance=0.19 right_clearance=0.50 candidate_valid=true rung=1 | cache_used=false path_age=0.000 path_points=105 planning_time_ms=22.2
1786886171.510 [STATIC_AVOID] obs_id=14 obs_dist=2.86m obs_s=22.17 ego_s=19.31 side=RIGHT | left_clearance=0.25 right_clearance=0.46 candidate_valid=true rung=0 | cache_used=false path_age=0.000 path_points=94 planning_time_ms=3.3
1786886172.030 [STATIC_AVOID] obs_id=14 obs_dist=1.40m obs_s=22.19 ego_s=20.79 side=LEFT | left_clearance=0.27 right_clearance=0.45 candidate_valid=true rung=1 | cache_used=false path_age=0.000 path_points=81 planning_time_ms=17.9
1786886172.568 [STATIC_AVOID] obs_id=14 obs_dist=0.40m obs_s=22.20 ego_s=21.81 side=LEFT | left_clearance=0.25 right_clearance=0.40 candidate_valid=true rung=1 | cache_used=false path_age=0.000 path_points=81 planning_time_ms=16.6
1786886173.138 [STATIC_AVOID] obs_id=14 obs_dist=-0.87m obs_s=22.23 ego_s=23.09 side=RIGHT | left_clearance=0.22 right_clearance=0.36 candidate_valid=true rung=0 | cache_used=false path_age=0.000 path_points=81 planning_time_ms=4.4
1786886173.687 [STATIC_AVOID] obs_id=- obs_dist=-m obs_s=- ego_s=24.39 side=- | left_clearance=- right_clearance=- candidate_valid=false rung=- | cache_used=false path_age=- path_points=0 planning_time_ms=0.1 | reason=no_static_obstacle_in_range | cache_reason=no_cache
1786886174.229 [STATIC_AVOID] obs_id=- obs_dist=-m obs_s=- ego_s=26.27 side=- | left_clearance=- right_clearance=- candidate_valid=false rung=- | cache_used=false path_age=- path_points=0 planning_time_ms=0.1 | reason=no_static_obstacle_in_range | cache_reason=no_cache
1786886174.742 [STATIC_AVOID] obs_id=- obs_dist=-m obs_s=- ego_s=27.87 side=- | left_clearance=- right_clearance=- candidate_valid=false rung=- | cache_used=false path_age=- path_points=0 planning_time_ms=0.1 | reason=no_static_obstacle_in_range | cache_reason=no_cache
1786886175.247 [STATIC_AVOID] obs_id=- obs_dist=-m obs_s=- ego_s=29.10 side=- | left_clearance=- right_clearance=- candidate_valid=false rung=- | cache_used=false path_age=- path_points=0 planning_time_ms=0.1 | reason=no_static_obstacle_in_range | cache_reason=no_cache
1786886175.791 [STATIC_AVOID] obs_id=- obs_dist=-m obs_s=- ego_s=30.52 side=- | left_clearance=- right_clearance=- candidate_valid=false rung=- | cache_used=false path_age=- path_points=0 planning_time_ms=0.1 | reason=no_static_obstacle_in_range | cache_reason=no_cache
1786886176.331 [STATIC_AVOID] obs_id=- obs_dist=-m obs_s=- ego_s=31.77 side=- | left_clearance=- right_clearance=- candidate_valid=false rung=- | cache_used=false path_age=- path_points=0 planning_time_ms=0.1 | reason=no_static_obstacle_in_range | cache_reason=no_cache
1786886176.875 [STATIC_AVOID] obs_id=- obs_dist=-m obs_s=- ego_s=32.91 side=- | left_clearance=- right_clearance=- candidate_valid=false rung=- | cache_used=false path_age=- path_points=0 planning_time_ms=0.1 | reason=no_static_obstacle_in_range | cache_reason=no_cache
1786886177.429 [STATIC_AVOID] obs_id=16 obs_dist=5.40m obs_s=5.22 ego_s=34.34 side=- | left_clearance=- right_clearance=- candidate_valid=false rung=- | cache_used=true path_age=0.086 path_points=115 planning_time_ms=0.3 | reason=raceline_already_clear
1786886177.974 [STATIC_AVOID] obs_id=- obs_dist=-m obs_s=- ego_s=2.07 side=- | left_clearance=- right_clearance=- candidate_valid=false rung=- | cache_used=false path_age=- path_points=0 planning_time_ms=0.1 | reason=no_static_obstacle_in_range | cache_reason=no_cache
1786886178.479 [STATIC_AVOID] obs_id=- obs_dist=-m obs_s=- ego_s=3.40 side=- | left_clearance=- right_clearance=- candidate_valid=false rung=- | cache_used=false path_age=- path_points=0 planning_time_ms=0.1 | reason=no_static_obstacle_in_range | cache_reason=no_cache
1786886178.985 [STATIC_AVOID] obs_id=- obs_dist=-m obs_s=- ego_s=4.61 side=- | left_clearance=- right_clearance=- candidate_valid=false rung=- | cache_used=false path_age=- path_points=0 planning_time_ms=0.1 | reason=no_static_obstacle_in_range | cache_reason=no_cache
1786886179.569 [STATIC_AVOID] obs_id=19 obs_dist=5.32m obs_s=11.99 ego_s=6.67 side=RIGHT | left_clearance=-0.03 right_clearance=0.23 candidate_valid=true rung=0 | cache_used=false path_age=0.000 path_points=129 planning_time_ms=3.7
1786886180.081 [STATIC_AVOID] obs_id=19 obs_dist=3.47m obs_s=12.00 ego_s=8.53 side=RIGHT | left_clearance=-0.05 right_clearance=0.25 candidate_valid=true rung=0 | cache_used=false path_age=0.000 path_points=106 planning_time_ms=7.0
1786886180.619 [STATIC_AVOID] obs_id=19 obs_dist=1.69m obs_s=12.00 ego_s=10.31 side=RIGHT | left_clearance=-0.05 right_clearance=0.27 candidate_valid=true rung=0 | cache_used=false path_age=0.000 path_points=81 planning_time_ms=9.0
1786886181.128 [STATIC_AVOID] obs_id=19 obs_dist=0.94m obs_s=11.99 ego_s=11.05 side=RIGHT | left_clearance=-0.16 right_clearance=0.21 candidate_valid=false rung=- | cache_used=false path_age=- path_points=0 planning_time_ms=3.6 | reason=obstacle_clearance | cache_reason=no_cache
1786886181.632 [STATIC_AVOID] obs_id=21 obs_dist=-0.70m obs_s=11.72 ego_s=12.42 side=LEFT | left_clearance=0.38 right_clearance=-0.18 candidate_valid=true rung=0 | cache_used=false path_age=0.000 path_points=81 planning_time_ms=6.8
1786886182.179 [STATIC_AVOID] obs_id=- obs_dist=-m obs_s=- ego_s=13.93 side=- | left_clearance=- right_clearance=- candidate_valid=false rung=- | cache_used=false path_age=- path_points=0 planning_time_ms=0.1 | reason=no_static_obstacle_in_range | cache_reason=no_cache
1786886182.738 [STATIC_AVOID] obs_id=- obs_dist=-m obs_s=- ego_s=15.24 side=- | left_clearance=- right_clearance=- candidate_valid=false rung=- | cache_used=false path_age=- path_points=0 planning_time_ms=0.1 | reason=no_static_obstacle_in_range | cache_reason=no_cache
1786886183.247 [STATIC_AVOID] obs_id=- obs_dist=-m obs_s=- ego_s=16.19 side=- | left_clearance=- right_clearance=- candidate_valid=false rung=- | cache_used=false path_age=- path_points=0 planning_time_ms=0.2 | reason=no_static_obstacle_in_range | cache_reason=no_cache
1786886183.780 [STATIC_AVOID] obs_id=- obs_dist=-m obs_s=- ego_s=17.31 side=- | left_clearance=- right_clearance=- candidate_valid=false rung=- | cache_used=false path_age=- path_points=0 planning_time_ms=0.1 | reason=no_static_obstacle_in_range | cache_reason=no_cache
1786886184.333 [STATIC_AVOID] obs_id=- obs_dist=-m obs_s=- ego_s=19.03 side=- | left_clearance=- right_clearance=- candidate_valid=false rung=- | cache_used=false path_age=- path_points=0 planning_time_ms=0.1 | reason=no_static_obstacle_in_range | cache_reason=no_cache
1786886184.874 [STATIC_AVOID] obs_id=- obs_dist=-m obs_s=- ego_s=21.14 side=- | left_clearance=- right_clearance=- candidate_valid=false rung=- | cache_used=false path_age=- path_points=0 planning_time_ms=0.1 | reason=no_static_obstacle_in_range | cache_reason=no_cache
1786886185.375 [STATIC_AVOID] obs_id=- obs_dist=-m obs_s=- ego_s=23.53 side=- | left_clearance=- right_clearance=- candidate_valid=false rung=- | cache_used=false path_age=- path_points=0 planning_time_ms=0.1 | reason=no_static_obstacle_in_range | cache_reason=no_cache
1786886185.924 [STATIC_AVOID] obs_id=- obs_dist=-m obs_s=- ego_s=25.78 side=- | left_clearance=- right_clearance=- candidate_valid=false rung=- | cache_used=false path_age=- path_points=0 planning_time_ms=0.1 | reason=no_static_obstacle_in_range | cache_reason=no_cache
1786886186.434 [STATIC_AVOID] obs_id=- obs_dist=-m obs_s=- ego_s=27.35 side=- | left_clearance=- right_clearance=- candidate_valid=false rung=- | cache_used=false path_age=- path_points=0 planning_time_ms=0.1 | reason=no_static_obstacle_in_range | cache_reason=no_cache
1786886186.974 [STATIC_AVOID] obs_id=- obs_dist=-m obs_s=- ego_s=28.78 side=- | left_clearance=- right_clearance=- candidate_valid=false rung=- | cache_used=false path_age=- path_points=0 planning_time_ms=0.1 | reason=no_static_obstacle_in_range | cache_reason=no_cache
1786886187.528 [STATIC_AVOID] obs_id=- obs_dist=-m obs_s=- ego_s=30.04 side=- | left_clearance=- right_clearance=- candidate_valid=false rung=- | cache_used=false path_age=- path_points=0 planning_time_ms=0.1 | reason=no_static_obstacle_in_range | cache_reason=no_cache
1786886188.029 [STATIC_AVOID] obs_id=- obs_dist=-m obs_s=- ego_s=31.44 side=- | left_clearance=- right_clearance=- candidate_valid=false rung=- | cache_used=false path_age=- path_points=0 planning_time_ms=0.1 | reason=no_static_obstacle_in_range | cache_reason=no_cache
1786886188.536 [STATIC_AVOID] obs_id=- obs_dist=-m obs_s=- ego_s=32.89 side=- | left_clearance=- right_clearance=- candidate_valid=false rung=- | cache_used=false path_age=- path_points=0 planning_time_ms=0.1 | reason=no_static_obstacle_in_range | cache_reason=no_cache
1786886189.075 [STATIC_AVOID] obs_id=- obs_dist=-m obs_s=- ego_s=34.47 side=- | left_clearance=- right_clearance=- candidate_valid=false rung=- | cache_used=false path_age=- path_points=0 planning_time_ms=0.1 | reason=no_static_obstacle_in_range | cache_reason=no_cache
1786886189.596 [STATIC_AVOID] obs_id=- obs_dist=-m obs_s=- ego_s=0.88 side=- | left_clearance=- right_clearance=- candidate_valid=false rung=- | cache_used=false path_age=- path_points=0 planning_time_ms=0.2 | reason=no_static_obstacle_in_range | cache_reason=no_cache
1786886190.153 [STATIC_AVOID] obs_id=- obs_dist=-m obs_s=- ego_s=2.66 side=- | left_clearance=- right_clearance=- candidate_valid=false rung=- | cache_used=false path_age=- path_points=0 planning_time_ms=0.1 | reason=no_static_obstacle_in_range | cache_reason=no_cache
1786886190.676 [STATIC_AVOID] obs_id=- obs_dist=-m obs_s=- ego_s=4.74 side=- | left_clearance=- right_clearance=- candidate_valid=false rung=- | cache_used=false path_age=- path_points=0 planning_time_ms=0.1 | reason=no_static_obstacle_in_range | cache_reason=no_cache
1786886191.177 [STATIC_AVOID] obs_id=- obs_dist=-m obs_s=- ego_s=6.25 side=- | left_clearance=- right_clearance=- candidate_valid=false rung=- | cache_used=false path_age=- path_points=0 planning_time_ms=0.1 | reason=no_static_obstacle_in_range | cache_reason=no_cache
1786886191.679 [STATIC_AVOID] obs_id=- obs_dist=-m obs_s=- ego_s=7.95 side=- | left_clearance=- right_clearance=- candidate_valid=false rung=- | cache_used=false path_age=- path_points=0 planning_time_ms=0.1 | reason=no_static_obstacle_in_range | cache_reason=no_cache
1786886192.179 [STATIC_AVOID] obs_id=- obs_dist=-m obs_s=- ego_s=9.41 side=- | left_clearance=- right_clearance=- candidate_valid=false rung=- | cache_used=false path_age=- path_points=0 planning_time_ms=0.1 | reason=no_static_obstacle_in_range | cache_reason=no_cache
1786886192.682 [STATIC_AVOID] obs_id=27 obs_dist=0.73m obs_s=11.56 ego_s=10.83 side=RIGHT | left_clearance=-0.04 right_clearance=0.23 candidate_valid=false rung=- | cache_used=false path_age=- path_points=0 planning_time_ms=4.2 | reason=obstacle_clearance | cache_reason=no_cache
1786886193.246 [STATIC_AVOID] obs_id=27 obs_dist=-0.12m obs_s=11.58 ego_s=11.71 side=RIGHT | left_clearance=-0.02 right_clearance=0.12 candidate_valid=true rung=0 | cache_used=false path_age=0.000 path_points=81 planning_time_ms=33.6
1786886193.805 [STATIC_AVOID] obs_id=27 obs_dist=-0.95m obs_s=11.70 ego_s=12.65 side=RIGHT | left_clearance=0.10 right_clearance=0.12 candidate_valid=true rung=0 | cache_used=false path_age=0.000 path_points=81 planning_time_ms=8.0
1786886194.326 [STATIC_AVOID] obs_id=- obs_dist=-m obs_s=- ego_s=14.03 side=- | left_clearance=- right_clearance=- candidate_valid=false rung=- | cache_used=false path_age=- path_points=0 planning_time_ms=0.1 | reason=no_static_obstacle_in_range | cache_reason=no_cache
1786886194.843 [STATIC_AVOID] obs_id=- obs_dist=-m obs_s=- ego_s=15.53 side=- | left_clearance=- right_clearance=- candidate_valid=false rung=- | cache_used=false path_age=- path_points=0 planning_time_ms=0.1 | reason=no_static_obstacle_in_range | cache_reason=no_cache
1786886195.375 [STATIC_AVOID] obs_id=- obs_dist=-m obs_s=- ego_s=17.07 side=- | left_clearance=- right_clearance=- candidate_valid=false rung=- | cache_used=false path_age=- path_points=0 planning_time_ms=0.1 | reason=no_static_obstacle_in_range | cache_reason=no_cache
1786886195.926 [STATIC_AVOID] obs_id=- obs_dist=-m obs_s=- ego_s=19.23 side=- | left_clearance=- right_clearance=- candidate_valid=false rung=- | cache_used=false path_age=- path_points=0 planning_time_ms=0.1 | reason=no_static_obstacle_in_range | cache_reason=no_cache
1786886196.454 [STATIC_AVOID] obs_id=- obs_dist=-m obs_s=- ego_s=21.06 side=- | left_clearance=- right_clearance=- candidate_valid=false rung=- | cache_used=false path_age=- path_points=0 planning_time_ms=0.2 | reason=no_static_obstacle_in_range | cache_reason=no_cache
1786886196.975 [STATIC_AVOID] obs_id=- obs_dist=-m obs_s=- ego_s=23.21 side=- | left_clearance=- right_clearance=- candidate_valid=false rung=- | cache_used=false path_age=- path_points=0 planning_time_ms=0.1 | reason=no_static_obstacle_in_range | cache_reason=no_cache
1786886197.479 [STATIC_AVOID] obs_id=- obs_dist=-m obs_s=- ego_s=25.36 side=- | left_clearance=- right_clearance=- candidate_valid=false rung=- | cache_used=false path_age=- path_points=0 planning_time_ms=0.1 | reason=no_static_obstacle_in_range | cache_reason=no_cache
1786886198.028 [STATIC_AVOID] obs_id=- obs_dist=-m obs_s=- ego_s=27.11 side=- | left_clearance=- right_clearance=- candidate_valid=false rung=- | cache_used=false path_age=- path_points=0 planning_time_ms=0.1 | reason=no_static_obstacle_in_range | cache_reason=no_cache
1786886198.576 [STATIC_AVOID] obs_id=- obs_dist=-m obs_s=- ego_s=28.85 side=- | left_clearance=- right_clearance=- candidate_valid=false rung=- | cache_used=false path_age=- path_points=0 planning_time_ms=0.1 | reason=no_static_obstacle_in_range | cache_reason=no_cache
1786886199.085 [STATIC_AVOID] obs_id=- obs_dist=-m obs_s=- ego_s=30.25 side=- | left_clearance=- right_clearance=- candidate_valid=false rung=- | cache_used=false path_age=- path_points=0 planning_time_ms=0.1 | reason=no_static_obstacle_in_range | cache_reason=no_cache
1786886199.627 [STATIC_AVOID] obs_id=- obs_dist=-m obs_s=- ego_s=32.21 side=- | left_clearance=- right_clearance=- candidate_valid=false rung=- | cache_used=false path_age=- path_points=0 planning_time_ms=0.1 | reason=no_static_obstacle_in_range | cache_reason=no_cache
1786886200.183 [STATIC_AVOID] obs_id=- obs_dist=-m obs_s=- ego_s=33.59 side=- | left_clearance=- right_clearance=- candidate_valid=false rung=- | cache_used=false path_age=- path_points=0 planning_time_ms=0.1 | reason=no_static_obstacle_in_range | cache_reason=no_cache
1786886200.726 [STATIC_AVOID] obs_id=- obs_dist=-m obs_s=- ego_s=0.67 side=- | left_clearance=- right_clearance=- candidate_valid=false rung=- | cache_used=false path_age=- path_points=0 planning_time_ms=0.1 | reason=no_static_obstacle_in_range | cache_reason=no_cache
1786886201.251 [STATIC_AVOID] obs_id=- obs_dist=-m obs_s=- ego_s=2.66 side=- | left_clearance=- right_clearance=- candidate_valid=false rung=- | cache_used=false path_age=- path_points=0 planning_time_ms=0.1 | reason=no_static_obstacle_in_range | cache_reason=no_cache
1786886201.788 [STATIC_AVOID] obs_id=- obs_dist=-m obs_s=- ego_s=3.18 side=- | left_clearance=- right_clearance=- candidate_valid=false rung=- | cache_used=false path_age=- path_points=0 planning_time_ms=0.1 | reason=no_static_obstacle_in_range | cache_reason=no_cache
1786886202.294 [STATIC_AVOID] obs_id=- obs_dist=-m obs_s=- ego_s=4.79 side=- | left_clearance=- right_clearance=- candidate_valid=false rung=- | cache_used=false path_age=- path_points=0 planning_time_ms=0.1 | reason=no_static_obstacle_in_range | cache_reason=no_cache
1786886202.834 [STATIC_AVOID] obs_id=- obs_dist=-m obs_s=- ego_s=6.80 side=- | left_clearance=- right_clearance=- candidate_valid=false rung=- | cache_used=false path_age=- path_points=0 planning_time_ms=0.1 | reason=no_static_obstacle_in_range | cache_reason=no_cache
1786886203.383 [STATIC_AVOID] obs_id=- obs_dist=-m obs_s=- ego_s=8.45 side=- | left_clearance=- right_clearance=- candidate_valid=false rung=- | cache_used=false path_age=- path_points=0 planning_time_ms=0.2 | reason=no_static_obstacle_in_range | cache_reason=no_cache
1786886203.884 [STATIC_AVOID] obs_id=- obs_dist=-m obs_s=- ego_s=9.99 side=- | left_clearance=- right_clearance=- candidate_valid=false rung=- | cache_used=false path_age=- path_points=0 planning_time_ms=0.1 | reason=no_static_obstacle_in_range | cache_reason=no_cache
1786886204.425 [STATIC_AVOID] obs_id=32 obs_dist=0.01m obs_s=11.32 ego_s=11.32 side=RIGHT | left_clearance=-0.07 right_clearance=0.22 candidate_valid=true rung=0 | cache_used=false path_age=0.000 path_points=81 planning_time_ms=28.2
1786886204.981 [STATIC_AVOID] obs_id=- obs_dist=-m obs_s=- ego_s=12.39 side=- | left_clearance=- right_clearance=- candidate_valid=false rung=- | cache_used=false path_age=- path_points=0 planning_time_ms=3.6 | reason=no_static_obstacle_in_range | cache_reason=obstacle_gone
1786886205.524 [STATIC_AVOID] obs_id=- obs_dist=-m obs_s=- ego_s=13.92 side=- | left_clearance=- right_clearance=- candidate_valid=false rung=- | cache_used=false path_age=- path_points=0 planning_time_ms=0.1 | reason=no_static_obstacle_in_range | cache_reason=no_cache
1786886206.044 [STATIC_AVOID] obs_id=- obs_dist=-m obs_s=- ego_s=15.19 side=- | left_clearance=- right_clearance=- candidate_valid=false rung=- | cache_used=false path_age=- path_points=0 planning_time_ms=0.1 | reason=no_static_obstacle_in_range | cache_reason=no_cache
1786886206.574 [STATIC_AVOID] obs_id=- obs_dist=-m obs_s=- ego_s=16.36 side=- | left_clearance=- right_clearance=- candidate_valid=false rung=- | cache_used=false path_age=- path_points=0 planning_time_ms=0.1 | reason=no_static_obstacle_in_range | cache_reason=no_cache
1786886207.079 [STATIC_AVOID] obs_id=- obs_dist=-m obs_s=- ego_s=17.60 side=- | left_clearance=- right_clearance=- candidate_valid=false rung=- | cache_used=false path_age=- path_points=0 planning_time_ms=0.9 | reason=no_static_obstacle_in_range | cache_reason=no_cache
1786886207.628 [STATIC_AVOID] obs_id=- obs_dist=-m obs_s=- ego_s=19.35 side=- | left_clearance=- right_clearance=- candidate_valid=false rung=- | cache_used=false path_age=- path_points=0 planning_time_ms=0.1 | reason=no_static_obstacle_in_range | cache_reason=no_cache
1786886208.175 [STATIC_AVOID] obs_id=- obs_dist=-m obs_s=- ego_s=21.90 side=- | left_clearance=- right_clearance=- candidate_valid=false rung=- | cache_used=false path_age=- path_points=0 planning_time_ms=0.1 | reason=no_static_obstacle_in_range | cache_reason=no_cache
1786886208.677 [STATIC_AVOID] obs_id=- obs_dist=-m obs_s=- ego_s=24.20 side=- | left_clearance=- right_clearance=- candidate_valid=false rung=- | cache_used=false path_age=- path_points=0 planning_time_ms=0.1 | reason=no_static_obstacle_in_range | cache_reason=no_cache
1786886209.180 [STATIC_AVOID] obs_id=- obs_dist=-m obs_s=- ego_s=26.24 side=- | left_clearance=- right_clearance=- candidate_valid=false rung=- | cache_used=false path_age=- path_points=0 planning_time_ms=0.1 | reason=no_static_obstacle_in_range | cache_reason=no_cache
1786886209.744 [STATIC_AVOID] obs_id=- obs_dist=-m obs_s=- ego_s=27.78 side=- | left_clearance=- right_clearance=- candidate_valid=false rung=- | cache_used=false path_age=- path_points=0 planning_time_ms=0.1 | reason=no_static_obstacle_in_range | cache_reason=no_cache
1786886210.280 [STATIC_AVOID] obs_id=- obs_dist=-m obs_s=- ego_s=29.22 side=- | left_clearance=- right_clearance=- candidate_valid=false rung=- | cache_used=false path_age=- path_points=0 planning_time_ms=0.1 | reason=no_static_obstacle_in_range | cache_reason=no_cache
1786886210.827 [STATIC_AVOID] obs_id=- obs_dist=-m obs_s=- ego_s=30.64 side=- | left_clearance=- right_clearance=- candidate_valid=false rung=- | cache_used=false path_age=- path_points=0 planning_time_ms=0.1 | reason=no_static_obstacle_in_range | cache_reason=no_cache
1786886211.331 [STATIC_AVOID] obs_id=- obs_dist=-m obs_s=- ego_s=31.89 side=- | left_clearance=- right_clearance=- candidate_valid=false rung=- | cache_used=false path_age=- path_points=0 planning_time_ms=2.1 | reason=no_static_obstacle_in_range | cache_reason=no_cache
1786886211.882 [STATIC_AVOID] obs_id=- obs_dist=-m obs_s=- ego_s=33.31 side=- | left_clearance=- right_clearance=- candidate_valid=false rung=- | cache_used=false path_age=- path_points=0 planning_time_ms=0.1 | reason=no_static_obstacle_in_range | cache_reason=no_cache
1786886212.440 [STATIC_AVOID] obs_id=- obs_dist=-m obs_s=- ego_s=0.28 side=- | left_clearance=- right_clearance=- candidate_valid=false rung=- | cache_used=false path_age=- path_points=0 planning_time_ms=0.1 | reason=no_static_obstacle_in_range | cache_reason=no_cache
1786886212.984 [STATIC_AVOID] obs_id=- obs_dist=-m obs_s=- ego_s=1.62 side=- | left_clearance=- right_clearance=- candidate_valid=false rung=- | cache_used=false path_age=- path_points=0 planning_time_ms=1.1 | reason=no_static_obstacle_in_range | cache_reason=no_cache
1786886213.531 [STATIC_AVOID] obs_id=- obs_dist=-m obs_s=- ego_s=3.46 side=- | left_clearance=- right_clearance=- candidate_valid=false rung=- | cache_used=false path_age=- path_points=0 planning_time_ms=1.8 | reason=no_static_obstacle_in_range | cache_reason=no_cache
1786886214.037 [STATIC_AVOID] obs_id=36 obs_dist=5.76m obs_s=11.04 ego_s=5.28 side=RIGHT | left_clearance=-0.17 right_clearance=0.25 candidate_valid=true rung=0 | cache_used=false path_age=0.000 path_points=126 planning_time_ms=3.9
1786886214.583 [STATIC_AVOID] obs_id=- obs_dist=-m obs_s=- ego_s=6.77 side=- | left_clearance=- right_clearance=- candidate_valid=false rung=- | cache_used=false path_age=- path_points=0 planning_time_ms=0.1 | reason=no_static_obstacle_in_range | cache_reason=no_cache
1786886215.126 [STATIC_AVOID] obs_id=- obs_dist=-m obs_s=- ego_s=8.32 side=- | left_clearance=- right_clearance=- candidate_valid=false rung=- | cache_used=false path_age=- path_points=0 planning_time_ms=0.1 | reason=no_static_obstacle_in_range | cache_reason=no_cache
1786886215.629 [STATIC_AVOID] obs_id=- obs_dist=-m obs_s=- ego_s=9.69 side=- | left_clearance=- right_clearance=- candidate_valid=false rung=- | cache_used=false path_age=- path_points=0 planning_time_ms=0.1 | reason=no_static_obstacle_in_range | cache_reason=no_cache
1786886216.175 [STATIC_AVOID] obs_id=- obs_dist=-m obs_s=- ego_s=11.10 side=- | left_clearance=- right_clearance=- candidate_valid=false rung=- | cache_used=false path_age=- path_points=0 planning_time_ms=0.1 | reason=no_static_obstacle_in_range | cache_reason=no_cache
1786886216.680 [STATIC_AVOID] obs_id=- obs_dist=-m obs_s=- ego_s=12.26 side=- | left_clearance=- right_clearance=- candidate_valid=false rung=- | cache_used=false path_age=- path_points=0 planning_time_ms=0.3 | reason=no_static_obstacle_in_range | cache_reason=no_cache
1786886217.230 [STATIC_AVOID] obs_id=- obs_dist=-m obs_s=- ego_s=13.58 side=- | left_clearance=- right_clearance=- candidate_valid=false rung=- | cache_used=false path_age=- path_points=0 planning_time_ms=0.1 | reason=no_static_obstacle_in_range | cache_reason=no_cache
1786886217.749 [STATIC_AVOID] obs_id=- obs_dist=-m obs_s=- ego_s=14.98 side=- | left_clearance=- right_clearance=- candidate_valid=false rung=- | cache_used=false path_age=- path_points=0 planning_time_ms=0.1 | reason=no_static_obstacle_in_range | cache_reason=no_cache
1786886218.276 [STATIC_AVOID] obs_id=- obs_dist=-m obs_s=- ego_s=16.12 side=- | left_clearance=- right_clearance=- candidate_valid=false rung=- | cache_used=false path_age=- path_points=0 planning_time_ms=0.1 | reason=no_static_obstacle_in_range | cache_reason=no_cache
1786886218.834 [STATIC_AVOID] obs_id=- obs_dist=-m obs_s=- ego_s=17.52 side=- | left_clearance=- right_clearance=- candidate_valid=false rung=- | cache_used=false path_age=- path_points=0 planning_time_ms=0.1 | reason=no_static_obstacle_in_range | cache_reason=no_cache
1786886219.337 [STATIC_AVOID] obs_id=- obs_dist=-m obs_s=- ego_s=18.63 side=- | left_clearance=- right_clearance=- candidate_valid=false rung=- | cache_used=false path_age=- path_points=0 planning_time_ms=0.1 | reason=no_static_obstacle_in_range | cache_reason=no_cache
1786886219.880 [STATIC_AVOID] obs_id=- obs_dist=-m obs_s=- ego_s=20.72 side=- | left_clearance=- right_clearance=- candidate_valid=false rung=- | cache_used=false path_age=- path_points=0 planning_time_ms=0.1 | reason=no_static_obstacle_in_range | cache_reason=no_cache
1786886220.380 [STATIC_AVOID] obs_id=- obs_dist=-m obs_s=- ego_s=23.35 side=- | left_clearance=- right_clearance=- candidate_valid=false rung=- | cache_used=false path_age=- path_points=0 planning_time_ms=2.4 | reason=no_static_obstacle_in_range | cache_reason=no_cache
1786886220.885 [STATIC_AVOID] obs_id=- obs_dist=-m obs_s=- ego_s=25.07 side=- | left_clearance=- right_clearance=- candidate_valid=false rung=- | cache_used=false path_age=- path_points=0 planning_time_ms=0.1 | reason=no_static_obstacle_in_range | cache_reason=no_cache
1786886221.428 [STATIC_AVOID] obs_id=- obs_dist=-m obs_s=- ego_s=26.75 side=- | left_clearance=- right_clearance=- candidate_valid=false rung=- | cache_used=false path_age=- path_points=0 planning_time_ms=0.1 | reason=no_static_obstacle_in_range | cache_reason=no_cache
1786886221.975 [STATIC_AVOID] obs_id=- obs_dist=-m obs_s=- ego_s=28.11 side=- | left_clearance=- right_clearance=- candidate_valid=false rung=- | cache_used=false path_age=- path_points=0 planning_time_ms=0.1 | reason=no_static_obstacle_in_range | cache_reason=no_cache
1786886222.477 [STATIC_AVOID] obs_id=- obs_dist=-m obs_s=- ego_s=29.18 side=- | left_clearance=- right_clearance=- candidate_valid=false rung=- | cache_used=false path_age=- path_points=0 planning_time_ms=0.1 | reason=no_static_obstacle_in_range | cache_reason=no_cache
1786886222.980 [STATIC_AVOID] obs_id=- obs_dist=-m obs_s=- ego_s=29.71 side=- | left_clearance=- right_clearance=- candidate_valid=false rung=- | cache_used=false path_age=- path_points=0 planning_time_ms=0.3 | reason=no_static_obstacle_in_range | cache_reason=no_cache
1786886223.531 [STATIC_AVOID] obs_id=- obs_dist=-m obs_s=- ego_s=30.42 side=- | left_clearance=- right_clearance=- candidate_valid=false rung=- | cache_used=false path_age=- path_points=0 planning_time_ms=0.1 | reason=no_static_obstacle_in_range | cache_reason=no_cache
1786886224.078 [STATIC_AVOID] obs_id=- obs_dist=-m obs_s=- ego_s=31.40 side=- | left_clearance=- right_clearance=- candidate_valid=false rung=- | cache_used=false path_age=- path_points=0 planning_time_ms=0.1 | reason=no_static_obstacle_in_range | cache_reason=no_cache
1786886224.624 [STATIC_AVOID] obs_id=- obs_dist=-m obs_s=- ego_s=32.58 side=- | left_clearance=- right_clearance=- candidate_valid=false rung=- | cache_used=false path_age=- path_points=0 planning_time_ms=0.1 | reason=no_static_obstacle_in_range | cache_reason=no_cache
1786886225.126 [STATIC_AVOID] obs_id=- obs_dist=-m obs_s=- ego_s=33.79 side=- | left_clearance=- right_clearance=- candidate_valid=false rung=- | cache_used=false path_age=- path_points=0 planning_time_ms=0.1 | reason=no_static_obstacle_in_range | cache_reason=no_cache
1786886225.631 [STATIC_AVOID] obs_id=- obs_dist=-m obs_s=- ego_s=0.95 side=- | left_clearance=- right_clearance=- candidate_valid=false rung=- | cache_used=false path_age=- path_points=0 planning_time_ms=0.1 | reason=no_static_obstacle_in_range | cache_reason=no_cache
1786886226.185 [STATIC_AVOID] obs_id=- obs_dist=-m obs_s=- ego_s=2.25 side=- | left_clearance=- right_clearance=- candidate_valid=false rung=- | cache_used=false path_age=- path_points=0 planning_time_ms=0.1 | reason=no_static_obstacle_in_range | cache_reason=no_cache
1786886226.739 [STATIC_AVOID] obs_id=- obs_dist=-m obs_s=- ego_s=2.90 side=- | left_clearance=- right_clearance=- candidate_valid=false rung=- | cache_used=false path_age=- path_points=0 planning_time_ms=0.1 | reason=no_static_obstacle_in_range | cache_reason=no_cache
1786886227.276 [STATIC_AVOID] obs_id=- obs_dist=-m obs_s=- ego_s=2.61 side=- | left_clearance=- right_clearance=- candidate_valid=false rung=- | cache_used=false path_age=- path_points=0 planning_time_ms=0.1 | reason=no_static_obstacle_in_range | cache_reason=no_cache
1786886227.778 [STATIC_AVOID] obs_id=- obs_dist=-m obs_s=- ego_s=2.92 side=- | left_clearance=- right_clearance=- candidate_valid=false rung=- | cache_used=false path_age=- path_points=0 planning_time_ms=0.1 | reason=no_static_obstacle_in_range | cache_reason=no_cache
1786886228.285 [STATIC_AVOID] obs_id=- obs_dist=-m obs_s=- ego_s=4.21 side=- | left_clearance=- right_clearance=- candidate_valid=false rung=- | cache_used=false path_age=- path_points=0 planning_time_ms=0.1 | reason=no_static_obstacle_in_range | cache_reason=no_cache
1786886228.842 [STATIC_AVOID] obs_id=43 obs_dist=4.64m obs_s=11.12 ego_s=6.47 side=RIGHT | left_clearance=-0.05 right_clearance=0.11 candidate_valid=true rung=0 | cache_used=false path_age=0.000 path_points=122 planning_time_ms=15.7
1786886229.383 [STATIC_AVOID] obs_id=43 obs_dist=2.15m obs_s=11.07 ego_s=8.92 side=RIGHT | left_clearance=-0.09 right_clearance=0.21 candidate_valid=true rung=0 | cache_used=false path_age=0.000 path_points=93 planning_time_ms=6.0
1786886229.889 [STATIC_AVOID] obs_id=43 obs_dist=0.77m obs_s=11.07 ego_s=10.31 side=RIGHT | left_clearance=-0.09 right_clearance=0.22 candidate_valid=false rung=- | cache_used=false path_age=- path_points=0 planning_time_ms=5.0 | reason=obstacle_clearance | cache_reason=cache_collision
1786886230.437 [STATIC_AVOID] obs_id=43 obs_dist=-0.45m obs_s=11.08 ego_s=11.53 side=RIGHT | left_clearance=-0.04 right_clearance=0.24 candidate_valid=true rung=0 | cache_used=false path_age=0.000 path_points=81 planning_time_ms=2.9
1786886230.985 [STATIC_AVOID] obs_id=- obs_dist=-m obs_s=- ego_s=13.29 side=- | left_clearance=- right_clearance=- candidate_valid=false rung=- | cache_used=false path_age=- path_points=0 planning_time_ms=0.2 | reason=no_static_obstacle_in_range | cache_reason=no_cache
1786886231.527 [STATIC_AVOID] obs_id=- obs_dist=-m obs_s=- ego_s=15.09 side=- | left_clearance=- right_clearance=- candidate_valid=false rung=- | cache_used=false path_age=- path_points=0 planning_time_ms=0.1 | reason=no_static_obstacle_in_range | cache_reason=no_cache
1786886232.028 [STATIC_AVOID] obs_id=- obs_dist=-m obs_s=- ego_s=16.48 side=- | left_clearance=- right_clearance=- candidate_valid=false rung=- | cache_used=false path_age=- path_points=0 planning_time_ms=0.1 | reason=no_static_obstacle_in_range | cache_reason=no_cache
1786886232.538 [STATIC_AVOID] obs_id=- obs_dist=-m obs_s=- ego_s=17.98 side=- | left_clearance=- right_clearance=- candidate_valid=false rung=- | cache_used=false path_age=- path_points=0 planning_time_ms=0.2 | reason=no_static_obstacle_in_range | cache_reason=no_cache
1786886233.083 [STATIC_AVOID] obs_id=- obs_dist=-m obs_s=- ego_s=19.75 side=- | left_clearance=- right_clearance=- candidate_valid=false rung=- | cache_used=false path_age=- path_points=0 planning_time_ms=0.2 | reason=no_static_obstacle_in_range | cache_reason=no_cache
1786886233.624 [STATIC_AVOID] obs_id=- obs_dist=-m obs_s=- ego_s=20.47 side=- | left_clearance=- right_clearance=- candidate_valid=false rung=- | cache_used=false path_age=- path_points=0 planning_time_ms=0.1 | reason=no_static_obstacle_in_range | cache_reason=no_cache
1786886234.125 [STATIC_AVOID] obs_id=- obs_dist=-m obs_s=- ego_s=20.61 side=- | left_clearance=- right_clearance=- candidate_valid=false rung=- | cache_used=false path_age=- path_points=0 planning_time_ms=0.1 | reason=no_static_obstacle_in_range | cache_reason=no_cache
1786886234.631 [STATIC_AVOID] obs_id=- obs_dist=-m obs_s=- ego_s=20.61 side=- | left_clearance=- right_clearance=- candidate_valid=false rung=- | cache_used=false path_age=- path_points=0 planning_time_ms=0.1 | reason=no_static_obstacle_in_range | cache_reason=no_cache
1786886235.137 [STATIC_AVOID] obs_id=- obs_dist=-m obs_s=- ego_s=20.61 side=- | left_clearance=- right_clearance=- candidate_valid=false rung=- | cache_used=false path_age=- path_points=0 planning_time_ms=0.2 | reason=no_static_obstacle_in_range | cache_reason=no_cache
1786886235.678 [STATIC_AVOID] obs_id=- obs_dist=-m obs_s=- ego_s=20.61 side=- | left_clearance=- right_clearance=- candidate_valid=false rung=- | cache_used=false path_age=- path_points=0 planning_time_ms=0.1 | reason=no_static_obstacle_in_range | cache_reason=no_cache
1786886236.236 [STATIC_AVOID] obs_id=- obs_dist=-m obs_s=- ego_s=20.60 side=- | left_clearance=- right_clearance=- candidate_valid=false rung=- | cache_used=false path_age=- path_points=0 planning_time_ms=0.1 | reason=no_static_obstacle_in_range | cache_reason=no_cache
1786886236.743 [STATIC_AVOID] obs_id=- obs_dist=-m obs_s=- ego_s=20.61 side=- | left_clearance=- right_clearance=- candidate_valid=false rung=- | cache_used=false path_age=- path_points=0 planning_time_ms=0.1 | reason=no_static_obstacle_in_range | cache_reason=no_cache
1786886237.275 [STATIC_AVOID] obs_id=- obs_dist=-m obs_s=- ego_s=20.60 side=- | left_clearance=- right_clearance=- candidate_valid=false rung=- | cache_used=false path_age=- path_points=0 planning_time_ms=0.1 | reason=no_static_obstacle_in_range | cache_reason=no_cache
1786886237.835 [STATIC_AVOID] obs_id=- obs_dist=-m obs_s=- ego_s=20.60 side=- | left_clearance=- right_clearance=- candidate_valid=false rung=- | cache_used=false path_age=- path_points=0 planning_time_ms=0.2 | reason=no_static_obstacle_in_range | cache_reason=no_cache
1786886238.378 [STATIC_AVOID] obs_id=- obs_dist=-m obs_s=- ego_s=20.60 side=- | left_clearance=- right_clearance=- candidate_valid=false rung=- | cache_used=false path_age=- path_points=0 planning_time_ms=0.1 | reason=no_static_obstacle_in_range | cache_reason=no_cache
1786886238.935 [STATIC_AVOID] obs_id=- obs_dist=-m obs_s=- ego_s=20.61 side=- | left_clearance=- right_clearance=- candidate_valid=false rung=- | cache_used=false path_age=- path_points=0 planning_time_ms=3.5 | reason=no_static_obstacle_in_range | cache_reason=no_cache
1786886239.476 [STATIC_AVOID] obs_id=- obs_dist=-m obs_s=- ego_s=20.60 side=- | left_clearance=- right_clearance=- candidate_valid=false rung=- | cache_used=false path_age=- path_points=0 planning_time_ms=0.2 | reason=no_static_obstacle_in_range | cache_reason=no_cache
1786886239.978 [STATIC_AVOID] obs_id=- obs_dist=-m obs_s=- ego_s=20.61 side=- | left_clearance=- right_clearance=- candidate_valid=false rung=- | cache_used=false path_age=- path_points=0 planning_time_ms=0.1 | reason=no_static_obstacle_in_range | cache_reason=no_cache
1786886240.524 [STATIC_AVOID] obs_id=- obs_dist=-m obs_s=- ego_s=20.60 side=- | left_clearance=- right_clearance=- candidate_valid=false rung=- | cache_used=false path_age=- path_points=0 planning_time_ms=0.1 | reason=no_static_obstacle_in_range | cache_reason=no_cache
1786886241.033 [STATIC_AVOID] obs_id=- obs_dist=-m obs_s=- ego_s=20.61 side=- | left_clearance=- right_clearance=- candidate_valid=false rung=- | cache_used=false path_age=- path_points=0 planning_time_ms=0.1 | reason=no_static_obstacle_in_range | cache_reason=no_cache
1786886241.575 [STATIC_AVOID] obs_id=- obs_dist=-m obs_s=- ego_s=20.61 side=- | left_clearance=- right_clearance=- candidate_valid=false rung=- | cache_used=false path_age=- path_points=0 planning_time_ms=0.1 | reason=no_static_obstacle_in_range | cache_reason=no_cache
1786886242.087 [STATIC_AVOID] obs_id=- obs_dist=-m obs_s=- ego_s=20.61 side=- | left_clearance=- right_clearance=- candidate_valid=false rung=- | cache_used=false path_age=- path_points=0 planning_time_ms=3.4 | reason=no_static_obstacle_in_range | cache_reason=no_cache
1786886242.590 [STATIC_AVOID] obs_id=46 obs_dist=4.19m obs_s=24.80 ego_s=20.61 side=RIGHT | left_clearance=0.22 right_clearance=0.49 candidate_valid=true rung=0 | cache_used=false path_age=0.000 path_points=97 planning_time_ms=3.3
1786886243.120 [STATIC_AVOID] obs_id=46 obs_dist=4.07m obs_s=24.83 ego_s=20.77 side=RIGHT | left_clearance=0.20 right_clearance=0.51 candidate_valid=true rung=0 | cache_used=false path_age=0.000 path_points=96 planning_time_ms=9.7
1786886243.638 [STATIC_AVOID] obs_id=46 obs_dist=3.89m obs_s=24.86 ego_s=20.98 side=RIGHT | left_clearance=0.15 right_clearance=0.48 candidate_valid=true rung=0 | cache_used=false path_age=0.000 path_points=94 planning_time_ms=12.9
1786886244.183 [STATIC_AVOID] obs_id=46 obs_dist=2.33m obs_s=24.91 ego_s=22.58 side=RIGHT | left_clearance=-0.35 right_clearance=0.50 candidate_valid=true rung=0 | cache_used=false path_age=0.000 path_points=95 planning_time_ms=5.4
1786886244.692 [STATIC_AVOID] obs_id=46 obs_dist=0.06m obs_s=24.95 ego_s=24.89 side=RIGHT | left_clearance=-0.40 right_clearance=0.50 candidate_valid=true rung=0 | cache_used=false path_age=0.000 path_points=84 planning_time_ms=10.3
1786886245.232 [STATIC_AVOID] obs_id=- obs_dist=-m obs_s=- ego_s=27.18 side=- | left_clearance=- right_clearance=- candidate_valid=false rung=- | cache_used=false path_age=- path_points=0 planning_time_ms=0.1 | reason=no_static_obstacle_in_range | cache_reason=no_cache
1786886245.758 [STATIC_AVOID] obs_id=- obs_dist=-m obs_s=- ego_s=28.09 side=- | left_clearance=- right_clearance=- candidate_valid=false rung=- | cache_used=false path_age=- path_points=0 planning_time_ms=0.2 | reason=no_static_obstacle_in_range | cache_reason=no_cache
1786886246.276 [STATIC_AVOID] obs_id=- obs_dist=-m obs_s=- ego_s=28.58 side=- | left_clearance=- right_clearance=- candidate_valid=false rung=- | cache_used=false path_age=- path_points=0 planning_time_ms=0.1 | reason=no_static_obstacle_in_range | cache_reason=no_cache
1786886246.778 [STATIC_AVOID] obs_id=- obs_dist=-m obs_s=- ego_s=28.76 side=- | left_clearance=- right_clearance=- candidate_valid=false rung=- | cache_used=false path_age=- path_points=0 planning_time_ms=0.1 | reason=no_static_obstacle_in_range | cache_reason=no_cache
1786886247.279 [STATIC_AVOID] obs_id=- obs_dist=-m obs_s=- ego_s=28.87 side=- | left_clearance=- right_clearance=- candidate_valid=false rung=- | cache_used=false path_age=- path_points=0 planning_time_ms=0.1 | reason=no_static_obstacle_in_range | cache_reason=no_cache
1786886247.789 [STATIC_AVOID] obs_id=- obs_dist=-m obs_s=- ego_s=28.88 side=- | left_clearance=- right_clearance=- candidate_valid=false rung=- | cache_used=false path_age=- path_points=0 planning_time_ms=0.1 | reason=no_static_obstacle_in_range | cache_reason=no_cache
1786886248.333 [STATIC_AVOID] obs_id=- obs_dist=-m obs_s=- ego_s=28.90 side=- | left_clearance=- right_clearance=- candidate_valid=false rung=- | cache_used=false path_age=- path_points=0 planning_time_ms=0.1 | reason=no_static_obstacle_in_range | cache_reason=no_cache
1786886248.833 [STATIC_AVOID] obs_id=- obs_dist=-m obs_s=- ego_s=28.56 side=- | left_clearance=- right_clearance=- candidate_valid=false rung=- | cache_used=false path_age=- path_points=0 planning_time_ms=0.1 | reason=no_static_obstacle_in_range | cache_reason=no_cache
1786886249.335 [STATIC_AVOID] obs_id=- obs_dist=-m obs_s=- ego_s=28.39 side=- | left_clearance=- right_clearance=- candidate_valid=false rung=- | cache_used=false path_age=- path_points=0 planning_time_ms=0.1 | reason=no_static_obstacle_in_range | cache_reason=no_cache
1786886249.849 [STATIC_AVOID] obs_id=- obs_dist=-m obs_s=- ego_s=28.03 side=- | left_clearance=- right_clearance=- candidate_valid=false rung=- | cache_used=false path_age=- path_points=0 planning_time_ms=0.2 | reason=no_static_obstacle_in_range | cache_reason=no_cache
1786886250.380 [STATIC_AVOID] obs_id=- obs_dist=-m obs_s=- ego_s=27.66 side=- | left_clearance=- right_clearance=- candidate_valid=false rung=- | cache_used=false path_age=- path_points=0 planning_time_ms=0.1 | reason=no_static_obstacle_in_range | cache_reason=no_cache
1786886250.892 [STATIC_AVOID] obs_id=- obs_dist=-m obs_s=- ego_s=27.69 side=- | left_clearance=- right_clearance=- candidate_valid=false rung=- | cache_used=false path_age=- path_points=0 planning_time_ms=0.1 | reason=no_static_obstacle_in_range | cache_reason=no_cache
1786886251.436 [STATIC_AVOID] obs_id=- obs_dist=-m obs_s=- ego_s=27.05 side=- | left_clearance=- right_clearance=- candidate_valid=false rung=- | cache_used=false path_age=- path_points=0 planning_time_ms=0.1 | reason=no_static_obstacle_in_range | cache_reason=no_cache
1786886251.983 [STATIC_AVOID] obs_id=- obs_dist=-m obs_s=- ego_s=25.98 side=- | left_clearance=- right_clearance=- candidate_valid=false rung=- | cache_used=false path_age=- path_points=0 planning_time_ms=0.1 | reason=no_static_obstacle_in_range | cache_reason=no_cache
1786886252.547 [STATIC_AVOID] obs_id=- obs_dist=-m obs_s=- ego_s=24.28 side=- | left_clearance=- right_clearance=- candidate_valid=false rung=- | cache_used=false path_age=- path_points=0 planning_time_ms=0.1 | reason=no_static_obstacle_in_range | cache_reason=no_cache
1786886253.078 [STATIC_AVOID] obs_id=- obs_dist=-m obs_s=- ego_s=22.56 side=- | left_clearance=- right_clearance=- candidate_valid=false rung=- | cache_used=false path_age=- path_points=0 planning_time_ms=0.1 | reason=no_static_obstacle_in_range | cache_reason=no_cache
1786886253.625 [STATIC_AVOID] obs_id=- obs_dist=-m obs_s=- ego_s=20.95 side=- | left_clearance=- right_clearance=- candidate_valid=false rung=- | cache_used=false path_age=- path_points=0 planning_time_ms=0.1 | reason=no_static_obstacle_in_range | cache_reason=no_cache
1786886254.128 [STATIC_AVOID] obs_id=- obs_dist=-m obs_s=- ego_s=19.89 side=- | left_clearance=- right_clearance=- candidate_valid=false rung=- | cache_used=false path_age=- path_points=0 planning_time_ms=0.1 | reason=no_static_obstacle_in_range | cache_reason=no_cache
1786886254.684 [STATIC_AVOID] obs_id=- obs_dist=-m obs_s=- ego_s=18.28 side=- | left_clearance=- right_clearance=- candidate_valid=false rung=- | cache_used=false path_age=- path_points=0 planning_time_ms=0.1 | reason=no_static_obstacle_in_range | cache_reason=no_cache
1786886255.236 [STATIC_AVOID] obs_id=- obs_dist=-m obs_s=- ego_s=16.78 side=- | left_clearance=- right_clearance=- candidate_valid=false rung=- | cache_used=false path_age=- path_points=0 planning_time_ms=0.2 | reason=no_static_obstacle_in_range | cache_reason=no_cache
1786886255.783 [STATIC_AVOID] obs_id=- obs_dist=-m obs_s=- ego_s=16.28 side=- | left_clearance=- right_clearance=- candidate_valid=false rung=- | cache_used=false path_age=- path_points=0 planning_time_ms=0.1 | reason=no_static_obstacle_in_range | cache_reason=no_cache
1786886256.328 [STATIC_AVOID] obs_id=- obs_dist=-m obs_s=- ego_s=15.59 side=- | left_clearance=- right_clearance=- candidate_valid=false rung=- | cache_used=false path_age=- path_points=0 planning_time_ms=0.1 | reason=no_static_obstacle_in_range | cache_reason=no_cache
1786886256.845 [STATIC_AVOID] obs_id=- obs_dist=-m obs_s=- ego_s=14.69 side=- | left_clearance=- right_clearance=- candidate_valid=false rung=- | cache_used=false path_age=- path_points=0 planning_time_ms=0.1 | reason=no_static_obstacle_in_range | cache_reason=no_cache
1786886257.382 [STATIC_AVOID] obs_id=- obs_dist=-m obs_s=- ego_s=14.52 side=- | left_clearance=- right_clearance=- candidate_valid=false rung=- | cache_used=false path_age=- path_points=0 planning_time_ms=0.1 | reason=no_static_obstacle_in_range | cache_reason=no_cache
1786886257.927 [STATIC_AVOID] obs_id=- obs_dist=-m obs_s=- ego_s=14.34 side=- | left_clearance=- right_clearance=- candidate_valid=false rung=- | cache_used=false path_age=- path_points=0 planning_time_ms=0.1 | reason=no_static_obstacle_in_range | cache_reason=no_cache
1786886258.437 [STATIC_AVOID] obs_id=- obs_dist=-m obs_s=- ego_s=13.92 side=- | left_clearance=- right_clearance=- candidate_valid=false rung=- | cache_used=false path_age=- path_points=0 planning_time_ms=0.2 | reason=no_static_obstacle_in_range | cache_reason=no_cache
1786886258.988 [STATIC_AVOID] obs_id=- obs_dist=-m obs_s=- ego_s=13.71 side=- | left_clearance=- right_clearance=- candidate_valid=false rung=- | cache_used=false path_age=- path_points=0 planning_time_ms=0.1 | reason=no_static_obstacle_in_range | cache_reason=no_cache
1786886259.527 [STATIC_AVOID] obs_id=- obs_dist=-m obs_s=- ego_s=13.71 side=- | left_clearance=- right_clearance=- candidate_valid=false rung=- | cache_used=false path_age=- path_points=0 planning_time_ms=0.1 | reason=no_static_obstacle_in_range | cache_reason=no_cache
1786886260.037 [STATIC_AVOID] obs_id=- obs_dist=-m obs_s=- ego_s=13.72 side=- | left_clearance=- right_clearance=- candidate_valid=false rung=- | cache_used=false path_age=- path_points=0 planning_time_ms=0.1 | reason=no_static_obstacle_in_range | cache_reason=no_cache
1786886260.575 [STATIC_AVOID] obs_id=- obs_dist=-m obs_s=- ego_s=13.72 side=- | left_clearance=- right_clearance=- candidate_valid=false rung=- | cache_used=false path_age=- path_points=0 planning_time_ms=0.1 | reason=no_static_obstacle_in_range | cache_reason=no_cache
1786886261.075 [STATIC_AVOID] obs_id=- obs_dist=-m obs_s=- ego_s=13.71 side=- | left_clearance=- right_clearance=- candidate_valid=false rung=- | cache_used=false path_age=- path_points=0 planning_time_ms=0.1 | reason=no_static_obstacle_in_range | cache_reason=no_cache
1786886261.618 [STATIC_AVOID] obs_id=- obs_dist=-m obs_s=- ego_s=13.72 side=- | left_clearance=- right_clearance=- candidate_valid=false rung=- | cache_used=false path_age=- path_points=0 planning_time_ms=0.1 | reason=no_static_obstacle_in_range | cache_reason=no_cache
1786886262.126 [STATIC_AVOID] obs_id=- obs_dist=-m obs_s=- ego_s=13.71 side=- | left_clearance=- right_clearance=- candidate_valid=false rung=- | cache_used=false path_age=- path_points=0 planning_time_ms=0.1 | reason=no_static_obstacle_in_range | cache_reason=no_cache
1786886262.677 [STATIC_AVOID] obs_id=- obs_dist=-m obs_s=- ego_s=13.67 side=- | left_clearance=- right_clearance=- candidate_valid=false rung=- | cache_used=false path_age=- path_points=0 planning_time_ms=0.1 | reason=no_static_obstacle_in_range | cache_reason=no_cache
1786886263.255 [STATIC_AVOID] obs_id=- obs_dist=-m obs_s=- ego_s=13.88 side=- | left_clearance=- right_clearance=- candidate_valid=false rung=- | cache_used=false path_age=- path_points=0 planning_time_ms=7.6 | reason=no_static_obstacle_in_range | cache_reason=no_cache
1786886263.781 [STATIC_AVOID] obs_id=- obs_dist=-m obs_s=- ego_s=13.92 side=- | left_clearance=- right_clearance=- candidate_valid=false rung=- | cache_used=false path_age=- path_points=0 planning_time_ms=0.5 | reason=no_static_obstacle_in_range | cache_reason=no_cache
1786886264.324 [STATIC_AVOID] obs_id=- obs_dist=-m obs_s=- ego_s=13.84 side=- | left_clearance=- right_clearance=- candidate_valid=false rung=- | cache_used=false path_age=- path_points=0 planning_time_ms=0.1 | reason=no_static_obstacle_in_range | cache_reason=no_cache
1786886264.829 [STATIC_AVOID] obs_id=- obs_dist=-m obs_s=- ego_s=13.83 side=- | left_clearance=- right_clearance=- candidate_valid=false rung=- | cache_used=false path_age=- path_points=0 planning_time_ms=0.1 | reason=no_static_obstacle_in_range | cache_reason=no_cache
1786886265.369 [STATIC_AVOID] obs_id=- obs_dist=-m obs_s=- ego_s=13.65 side=- | left_clearance=- right_clearance=- candidate_valid=false rung=- | cache_used=false path_age=- path_points=0 planning_time_ms=0.1 | reason=no_static_obstacle_in_range | cache_reason=no_cache
1786886265.887 [STATIC_AVOID] obs_id=- obs_dist=-m obs_s=- ego_s=12.25 side=- | left_clearance=- right_clearance=- candidate_valid=false rung=- | cache_used=false path_age=- path_points=0 planning_time_ms=0.1 | reason=no_static_obstacle_in_range | cache_reason=no_cache
1786886266.436 [STATIC_AVOID] obs_id=- obs_dist=-m obs_s=- ego_s=12.15 side=- | left_clearance=- right_clearance=- candidate_valid=false rung=- | cache_used=false path_age=- path_points=0 planning_time_ms=0.1 | reason=no_static_obstacle_in_range | cache_reason=no_cache
1786886266.975 [STATIC_AVOID] obs_id=- obs_dist=-m obs_s=- ego_s=12.16 side=- | left_clearance=- right_clearance=- candidate_valid=false rung=- | cache_used=false path_age=- path_points=0 planning_time_ms=0.1 | reason=no_static_obstacle_in_range | cache_reason=no_cache
1786886267.524 [STATIC_AVOID] obs_id=- obs_dist=-m obs_s=- ego_s=12.16 side=- | left_clearance=- right_clearance=- candidate_valid=false rung=- | cache_used=false path_age=- path_points=0 planning_time_ms=0.1 | reason=no_static_obstacle_in_range | cache_reason=no_cache
1786886268.025 [STATIC_AVOID] obs_id=- obs_dist=-m obs_s=- ego_s=12.16 side=- | left_clearance=- right_clearance=- candidate_valid=false rung=- | cache_used=false path_age=- path_points=0 planning_time_ms=0.1 | reason=no_static_obstacle_in_range | cache_reason=no_cache
1786886268.528 [STATIC_AVOID] obs_id=- obs_dist=-m obs_s=- ego_s=12.17 side=- | left_clearance=- right_clearance=- candidate_valid=false rung=- | cache_used=false path_age=- path_points=0 planning_time_ms=0.1 | reason=no_static_obstacle_in_range | cache_reason=no_cache
1786886269.036 [STATIC_AVOID] obs_id=- obs_dist=-m obs_s=- ego_s=12.16 side=- | left_clearance=- right_clearance=- candidate_valid=false rung=- | cache_used=false path_age=- path_points=0 planning_time_ms=0.1 | reason=no_static_obstacle_in_range | cache_reason=no_cache
