# state_machine debug log started 20260816_185020  map='0815test3'
1786873827.842 [OBSTACLES] cur_s=8.35 cur_d=-0.01 vs=0.00 n=0 [none]
1786873827.842 [STATE_CHANGE] None -> GB_TRACK src=GB_TRACK s=8.35 d=-0.01 vs=0.00
1786873828.355 [OBSTACLES] cur_s=8.35 cur_d=-0.01 vs=0.00 n=0 [none]
1786873828.860 [OBSTACLES] cur_s=8.35 cur_d=-0.01 vs=0.00 n=0 [none]
1786873829.391 [OBSTACLES] cur_s=8.35 cur_d=-0.01 vs=0.00 n=0 [none]
1786873829.949 [OBSTACLES] cur_s=8.35 cur_d=-0.01 vs=0.00 n=0 [none]
1786873830.458 [OBSTACLES] cur_s=8.35 cur_d=-0.00 vs=0.00 n=0 [none]
1786873830.985 [OBSTACLES] cur_s=8.35 cur_d=-0.01 vs=0.00 n=0 [none]
1786873831.517 [OBSTACLES] cur_s=8.35 cur_d=-0.01 vs=0.00 n=0 [none]
1786873832.068 [OBSTACLES] cur_s=8.35 cur_d=-0.01 vs=0.00 n=0 [none]
1786873832.587 [OBSTACLES] cur_s=8.35 cur_d=-0.01 vs=0.00 n=0 [none]
1786873833.089 [OBSTACLES] cur_s=8.35 cur_d=-0.01 vs=0.00 n=0 [none]
1786873833.603 [OBSTACLES] cur_s=8.35 cur_d=-0.01 vs=0.00 n=0 [none]
1786873834.105 [OBSTACLES] cur_s=8.35 cur_d=-0.01 vs=0.00 n=0 [none]
1786873834.639 [OBSTACLES] cur_s=8.35 cur_d=-0.01 vs=0.00 n=0 [none]
1786873835.243 [OBSTACLES] cur_s=8.35 cur_d=-0.01 vs=0.00 n=0 [none]
1786873835.798 [OBSTACLES] cur_s=8.35 cur_d=-0.01 vs=0.00 n=0 [none]
1786873836.324 [OBSTACLES] cur_s=8.35 cur_d=-0.01 vs=0.00 n=0 [none]
1786873836.835 [OBSTACLES] cur_s=8.35 cur_d=-0.01 vs=0.00 n=0 [none]
1786873837.369 [OBSTACLES] cur_s=8.35 cur_d=-0.01 vs=0.00 n=0 [none]
1786873837.881 [OBSTACLES] cur_s=8.35 cur_d=-0.01 vs=0.00 n=0 [none]
1786873838.409 [OBSTACLES] cur_s=8.35 cur_d=-0.01 vs=0.00 n=0 [none]
1786873838.927 [OBSTACLES] cur_s=8.47 cur_d=0.03 vs=0.92 n=0 [none]
1786873839.507 [OBSTACLES] cur_s=9.75 cur_d=0.03 vs=2.93 n=0 [none]
1786873840.026 [OBSTACLES] cur_s=11.10 cur_d=0.14 vs=2.47 n=0 [none]
1786873840.560 [OBSTACLES] cur_s=12.63 cur_d=0.21 vs=2.98 n=0 [none]
1786873841.080 [OBSTACLES] cur_s=14.14 cur_d=0.19 vs=3.54 n=0 [none]
1786873841.585 [OBSTACLES] cur_s=15.01 cur_d=0.19 vs=2.66 n=0 [none]
1786873841.832 [STATE_CHANGE] GB_TRACK -> LOSTLINE src=GB_TRACK s=16.29 d=-0.42 vs=2.22
1786873842.074 [STATE_CHANGE] LOSTLINE -> GB_TRACK src=GB_TRACK s=16.71 d=-0.28 vs=2.30
1786873842.112 [OBSTACLES] cur_s=16.80 cur_d=-0.26 vs=2.43 n=0 [none]
1786873842.617 [OBSTACLES] cur_s=17.93 cur_d=0.05 vs=2.78 n=0 [none]
1786873842.883 [STATE_CHANGE] GB_TRACK -> LOSTLINE src=GB_TRACK s=18.71 d=0.35 vs=3.02
1786873843.119 [OBSTACLES] cur_s=19.89 cur_d=0.41 vs=4.27 n=0 [none]
1786873843.284 [STATE_CHANGE] LOSTLINE -> GB_TRACK src=GB_TRACK s=20.57 d=0.26 vs=4.45
1786873843.645 [OBSTACLES] cur_s=22.21 cur_d=-0.41 vs=4.84 n=0 [none]
1786873843.645 [STATE_CHANGE] GB_TRACK -> LOSTLINE src=GB_TRACK s=22.21 d=-0.41 vs=4.84
1786873843.858 [STATIC_OT] state=GB_TRACK path_exists=0 path_locked=0 path_ttl_ok=0 path_safe=0 on_spline=0 speed=4.84 raw_wpnts=0 raw_age=-s decision=TRAILING reason=NO_STATIC_PATH
1786873843.875 [STATE_CHANGE] LOSTLINE -> TRAILING src=GB_TRACK s=23.63 d=-0.44 vs=4.84
1786873844.105 [STATIC_OT] state=TRAILING path_exists=0 path_locked=0 path_ttl_ok=0 path_safe=0 on_spline=0 speed=4.72 raw_wpnts=0 raw_age=-s decision=TRAILING reason=NO_STATIC_PATH
1786873844.182 [OBSTACLES] cur_s=24.30 cur_d=-0.28 vs=4.39 n=1 [id=3 static=1 gap=4.42m d=0.20 size=0.17]
1786873844.267 [STATIC_OT_TRANSITION] first_valid_path_to_overtake_ms=0.0
1786873844.271 [STATE_CHANGE] TRAILING -> OVERTAKE src=OVERTAKE s=24.47 d=-0.22 vs=4.27
1786873844.321 [STATIC_OT] state=OVERTAKE path_exists=1 path_locked=1 path_ttl_ok=1 path_safe=1 on_spline=0 speed=4.01 raw_wpnts=131 raw_age=0.45s decision=OVERTAKE
1786873844.404 [STATE_CHANGE] OVERTAKE -> GB_TRACK src=GB_TRACK s=25.09 d=0.04 vs=3.94
1786873844.640 [STATE_CHANGE] GB_TRACK -> LOSTLINE src=GB_TRACK s=26.34 d=0.30 vs=3.41
1786873844.690 [OBSTACLES] cur_s=26.74 cur_d=0.23 vs=3.62 n=0 [none]
1786873844.691 [STATE_CHANGE] LOSTLINE -> GB_TRACK src=GB_TRACK s=26.74 d=0.23 vs=3.62
1786873845.219 [OBSTACLES] cur_s=28.14 cur_d=0.06 vs=3.58 n=0 [none]
1786873845.755 [OBSTACLES] cur_s=29.85 cur_d=0.15 vs=3.53 n=0 [none]
1786873846.263 [OBSTACLES] cur_s=31.69 cur_d=0.27 vs=3.50 n=0 [none]
1786873846.795 [OBSTACLES] cur_s=33.82 cur_d=0.30 vs=3.22 n=0 [none]
1786873846.797 [STATE_CHANGE] GB_TRACK -> LOSTLINE src=GB_TRACK s=33.82 d=0.30 vs=3.22
1786873846.961 [STATE_CHANGE] LOSTLINE -> GB_TRACK src=GB_TRACK s=0.17 d=0.28 vs=3.27
1786873847.367 [OBSTACLES] cur_s=1.42 cur_d=0.17 vs=4.14 n=0 [none]
1786873847.919 [OBSTACLES] cur_s=3.62 cur_d=0.36 vs=4.93 n=0 [none]
1786873847.920 [STATE_CHANGE] GB_TRACK -> LOSTLINE src=GB_TRACK s=3.62 d=0.36 vs=4.93
1786873848.146 [STATE_CHANGE] LOSTLINE -> GB_TRACK src=GB_TRACK s=4.57 d=0.22 vs=4.83
1786873848.452 [OBSTACLES] cur_s=6.23 cur_d=-0.04 vs=4.95 n=0 [none]
1786873848.986 [OBSTACLES] cur_s=8.83 cur_d=0.10 vs=3.98 n=0 [none]
1786873849.518 [OBSTACLES] cur_s=10.43 cur_d=0.11 vs=2.59 n=0 [none]
1786873850.061 [OBSTACLES] cur_s=11.59 cur_d=-0.13 vs=2.31 n=0 [none]
1786873850.580 [OBSTACLES] cur_s=13.01 cur_d=0.15 vs=3.22 n=0 [none]
1786873851.092 [OBSTACLES] cur_s=14.72 cur_d=0.36 vs=3.22 n=0 [none]
1786873851.092 [STATE_CHANGE] GB_TRACK -> LOSTLINE src=GB_TRACK s=14.72 d=0.36 vs=3.22
1786873851.370 [STATE_CHANGE] LOSTLINE -> GB_TRACK src=GB_TRACK s=15.47 d=0.29 vs=2.36
1786873851.615 [OBSTACLES] cur_s=16.04 cur_d=0.01 vs=1.98 n=0 [none]
1786873852.122 [OBSTACLES] cur_s=17.26 cur_d=-0.04 vs=2.68 n=0 [none]
1786873852.637 [OBSTACLES] cur_s=18.67 cur_d=0.29 vs=3.45 n=0 [none]
1786873852.684 [STATE_CHANGE] GB_TRACK -> LOSTLINE src=GB_TRACK s=18.84 d=0.30 vs=3.54
1786873852.786 [STATE_CHANGE] LOSTLINE -> GB_TRACK src=GB_TRACK s=19.25 d=0.28 vs=4.03
1786873853.150 [OBSTACLES] cur_s=20.94 cur_d=-0.09 vs=4.80 n=0 [none]
1786873853.653 [OBSTACLES] cur_s=22.95 cur_d=-0.21 vs=4.90 n=0 [none]
1786873854.173 [OBSTACLES] cur_s=25.40 cur_d=0.24 vs=4.46 n=0 [none]
1786873854.696 [OBSTACLES] cur_s=27.63 cur_d=0.27 vs=3.79 n=0 [none]
1786873854.803 [STATE_CHANGE] GB_TRACK -> LOSTLINE src=GB_TRACK s=27.83 d=0.29 vs=3.70
1786873855.090 [STATE_CHANGE] LOSTLINE -> GB_TRACK src=GB_TRACK s=28.97 d=0.28 vs=3.59
1786873855.223 [OBSTACLES] cur_s=29.57 cur_d=0.21 vs=3.56 n=0 [none]
1786873855.794 [OBSTACLES] cur_s=31.50 cur_d=0.12 vs=3.50 n=0 [none]
1786873856.236 [STATE_CHANGE] GB_TRACK -> LOSTLINE src=GB_TRACK s=33.21 d=0.31 vs=3.25
1786873856.324 [OBSTACLES] cur_s=33.44 cur_d=0.35 vs=3.26 n=0 [none]
1786873856.855 [OBSTACLES] cur_s=1.12 cur_d=0.31 vs=3.89 n=0 [none]
1786873857.101 [STATE_CHANGE] LOSTLINE -> GB_TRACK src=GB_TRACK s=1.86 d=0.27 vs=4.61
1786873857.384 [OBSTACLES] cur_s=2.97 cur_d=0.28 vs=4.92 n=0 [none]
1786873857.932 [OBSTACLES] cur_s=5.47 cur_d=0.05 vs=4.94 n=0 [none]
1786873858.623 [OBSTACLES] cur_s=8.00 cur_d=0.02 vs=4.54 n=0 [none]
1786873859.139 [OBSTACLES] cur_s=10.82 cur_d=0.03 vs=2.60 n=0 [none]
1786873859.665 [OBSTACLES] cur_s=11.76 cur_d=-0.26 vs=2.17 n=0 [none]
1786873860.191 [OBSTACLES] cur_s=12.65 cur_d=-0.13 vs=2.86 n=0 [none]
1786873860.589 [STATE_CHANGE] GB_TRACK -> LOSTLINE src=GB_TRACK s=14.17 d=0.29 vs=3.13
1786873860.735 [OBSTACLES] cur_s=14.42 cur_d=0.34 vs=3.03 n=0 [none]
1786873861.184 [STATE_CHANGE] LOSTLINE -> GB_TRACK src=GB_TRACK s=15.65 d=0.13 vs=1.40
1786873861.239 [OBSTACLES] cur_s=15.69 cur_d=0.07 vs=1.32 n=0 [none]
1786873861.764 [OBSTACLES] cur_s=16.59 cur_d=-0.22 vs=2.11 n=0 [none]
1786873862.279 [OBSTACLES] cur_s=17.66 cur_d=-0.02 vs=2.88 n=0 [none]
1786873862.615 [STATE_CHANGE] GB_TRACK -> LOSTLINE src=GB_TRACK s=18.82 d=0.30 vs=3.47
1786873862.765 [STATE_CHANGE] LOSTLINE -> GB_TRACK src=GB_TRACK s=19.48 d=0.27 vs=4.06
1786873862.852 [OBSTACLES] cur_s=19.80 cur_d=0.22 vs=4.15 n=0 [none]
1786873863.290 [STATE_CHANGE] GB_TRACK -> LOSTLINE src=GB_TRACK s=21.72 d=-0.30 vs=4.92
1786873863.352 [OBSTACLES] cur_s=21.91 cur_d=-0.31 vs=4.93 n=0 [none]
1786873863.661 [STATE_CHANGE] LOSTLINE -> GB_TRACK src=GB_TRACK s=23.71 d=-0.11 vs=4.78
1786873863.907 [OBSTACLES] cur_s=24.62 cur_d=0.16 vs=4.50 n=0 [none]
1786873864.124 [STATE_CHANGE] GB_TRACK -> LOSTLINE src=GB_TRACK s=25.31 d=0.29 vs=4.18
1786873864.407 [OBSTACLES] cur_s=26.49 cur_d=0.24 vs=3.99 n=0 [none]
1786873864.407 [STATE_CHANGE] LOSTLINE -> GB_TRACK src=GB_TRACK s=26.49 d=0.24 vs=3.99
1786873864.919 [OBSTACLES] cur_s=28.31 cur_d=0.30 vs=3.59 n=0 [none]
1786873864.919 [STATE_CHANGE] GB_TRACK -> LOSTLINE src=GB_TRACK s=28.31 d=0.30 vs=3.59
1786873865.156 [STATE_CHANGE] LOSTLINE -> GB_TRACK src=GB_TRACK s=28.96 d=0.29 vs=3.57
1786873865.498 [OBSTACLES] cur_s=30.53 cur_d=0.12 vs=3.60 n=0 [none]
1786873866.052 [OBSTACLES] cur_s=32.33 cur_d=0.13 vs=3.37 n=0 [none]
1786873866.324 [STATE_CHANGE] GB_TRACK -> LOSTLINE src=GB_TRACK s=33.47 d=0.35 vs=3.25
1786873866.580 [OBSTACLES] cur_s=34.50 cur_d=0.45 vs=3.29 n=0 [none]
1786873867.126 [OBSTACLES] cur_s=2.20 cur_d=0.30 vs=4.61 n=0 [none]
1786873867.628 [OBSTACLES] cur_s=4.14 cur_d=0.26 vs=4.88 n=0 [none]
1786873867.632 [STATE_CHANGE] LOSTLINE -> GB_TRACK src=GB_TRACK s=4.14 d=0.26 vs=4.88
1786873868.233 [OBSTACLES] cur_s=7.28 cur_d=-0.11 vs=4.88 n=0 [none]
1786873868.784 [OBSTACLES] cur_s=9.25 cur_d=0.12 vs=3.70 n=0 [none]
1786873869.290 [OBSTACLES] cur_s=10.86 cur_d=-0.04 vs=2.16 n=0 [none]
1786873869.800 [OBSTACLES] cur_s=12.03 cur_d=-0.01 vs=2.52 n=0 [none]
1786873870.308 [OBSTACLES] cur_s=13.64 cur_d=0.14 vs=3.79 n=0 [none]
1786873870.683 [STATE_CHANGE] GB_TRACK -> LOSTLINE src=GB_TRACK s=14.79 d=0.33 vs=3.26
1786873870.850 [OBSTACLES] cur_s=15.53 cur_d=0.28 vs=2.23 n=0 [none]
1786873870.853 [STATE_CHANGE] LOSTLINE -> GB_TRACK src=GB_TRACK s=15.53 d=0.28 vs=2.23
1786873871.384 [OBSTACLES] cur_s=16.58 cur_d=-0.22 vs=2.03 n=0 [none]
1786873871.898 [OBSTACLES] cur_s=17.46 cur_d=-0.15 vs=2.80 n=0 [none]
1786873872.426 [OBSTACLES] cur_s=19.30 cur_d=0.28 vs=4.10 n=0 [none]
1786873872.927 [OBSTACLES] cur_s=21.37 cur_d=-0.18 vs=4.85 n=0 [none]
1786873873.100 [STATE_CHANGE] GB_TRACK -> LOSTLINE src=GB_TRACK s=22.35 d=-0.30 vs=4.95
1786873873.182 [STATE_CHANGE] LOSTLINE -> GB_TRACK src=GB_TRACK s=22.74 d=-0.29 vs=4.93
1786873873.499 [OBSTACLES] cur_s=24.10 cur_d=-0.08 vs=4.63 n=0 [none]
1786873874.033 [OBSTACLES] cur_s=26.13 cur_d=0.21 vs=4.15 n=0 [none]
1786873874.400 [STATE_CHANGE] GB_TRACK -> LOSTLINE src=GB_TRACK s=27.55 d=0.37 vs=3.71
1786873874.534 [OBSTACLES] cur_s=28.00 cur_d=0.44 vs=3.63 n=0 [none]
1786873875.042 [OBSTACLES] cur_s=29.42 cur_d=0.50 vs=1.85 n=0 [none]
1786873875.546 [OBSTACLES] cur_s=30.23 cur_d=0.49 vs=1.97 n=0 [none]
1786873875.668 [STATE_CHANGE] LOSTLINE -> GB_TRACK src=GB_TRACK s=30.44 d=0.26 vs=2.30
1786873877.130 [OBSTACLES] cur_s=30.77 cur_d=-0.12 vs=2.06 n=0 [none]
1786873877.773 [OBSTACLES] cur_s=31.43 cur_d=-0.78 vs=0.00 n=0 [none]
1786873877.773 [STATE_CHANGE] GB_TRACK -> LOSTLINE src=GB_TRACK s=31.43 d=-0.78 vs=0.00
1786873878.360 [OBSTACLES] cur_s=32.49 cur_d=-1.28 vs=0.61 n=0 [none]
1786873879.030 [OBSTACLES] cur_s=33.02 cur_d=-1.73 vs=1.50 n=0 [none]
1786873879.462 [STATIC_OT] state=GB_TRACK path_exists=0 path_locked=0 path_ttl_ok=0 path_safe=0 on_spline=0 speed=1.76 raw_wpnts=0 raw_age=-s decision=TRAILING reason=NO_STATIC_PATH
1786873879.462 [STATE_CHANGE] LOSTLINE -> TRAILING src=GB_TRACK s=32.81 d=-1.36 vs=1.76
1786873879.539 [OBSTACLES] cur_s=32.94 cur_d=-1.19 vs=1.79 n=1 [id=5 static=0 gap=11.72m d=0.10 size=0.22]
1786873879.702 [STATIC_OT] state=TRAILING path_exists=0 path_locked=0 path_ttl_ok=0 path_safe=0 on_spline=0 speed=1.05 raw_wpnts=0 raw_age=-s decision=TRAILING reason=NO_STATIC_PATH
1786873879.916 [STATIC_OT] state=TRAILING path_exists=0 path_locked=0 path_ttl_ok=0 path_safe=0 on_spline=0 speed=0.79 raw_wpnts=0 raw_age=-s decision=TRAILING reason=NO_STATIC_PATH
1786873880.110 [OBSTACLES] cur_s=34.35 cur_d=-1.40 vs=0.21 n=0 [none]
1786873880.113 [STATE_CHANGE] TRAILING -> LOSTLINE src=GB_TRACK s=34.35 d=-1.40 vs=0.21
1786873880.617 [OBSTACLES] cur_s=33.88 cur_d=-0.16 vs=-1.28 n=0 [none]
1786873880.620 [STATE_CHANGE] LOSTLINE -> GB_TRACK src=GB_TRACK s=33.88 d=-0.16 vs=-1.28
1786873880.883 [STATE_CHANGE] GB_TRACK -> LOSTLINE src=GB_TRACK s=33.08 d=0.47 vs=-0.28
1786873881.122 [OBSTACLES] cur_s=32.93 cur_d=0.68 vs=0.10 n=0 [none]
1786873881.641 [OBSTACLES] cur_s=33.15 cur_d=1.00 vs=0.18 n=0 [none]
1786873882.154 [OBSTACLES] cur_s=33.31 cur_d=1.10 vs=0.11 n=0 [none]
1786873882.793 [OBSTACLES] cur_s=33.31 cur_d=1.10 vs=0.00 n=0 [none]
1786873883.305 [OBSTACLES] cur_s=33.31 cur_d=1.10 vs=0.00 n=0 [none]
1786873883.835 [OBSTACLES] cur_s=33.31 cur_d=1.10 vs=0.00 n=0 [none]
1786873885.084 [OBSTACLES] cur_s=33.31 cur_d=1.10 vs=0.00 n=0 [none]
1786873886.052 [OBSTACLES] cur_s=33.31 cur_d=1.10 vs=0.00 n=0 [none]
