# static_avoidance_node debug log started 20260816_154615
1786862781.866 [STATIC_AVOID] obs_id=- obs_dist=-m obs_s=- ego_s=16.19 side=- | left_clearance=- right_clearance=- candidate_valid=false rung=- | cache_used=false path_age=- path_points=0 planning_time_ms=0.2 | reason=no_static_obstacle_in_range | cache_reason=no_cache
1786862782.410 [STATIC_AVOID] obs_id=- obs_dist=-m obs_s=- ego_s=16.14 side=- | left_clearance=- right_clearance=- candidate_valid=false rung=- | cache_used=false path_age=- path_points=0 planning_time_ms=0.1 | reason=no_static_obstacle_in_range | cache_reason=no_cache
1786862782.956 [STATIC_AVOID] obs_id=- obs_dist=-m obs_s=- ego_s=16.14 side=- | left_clearance=- right_clearance=- candidate_valid=false rung=- | cache_used=false path_age=- path_points=0 planning_time_ms=0.1 | reason=no_static_obstacle_in_range | cache_reason=no_cache
1786862783.513 [STATIC_AVOID] obs_id=- obs_dist=-m obs_s=- ego_s=16.14 side=- | left_clearance=- right_clearance=- candidate_valid=false rung=- | cache_used=false path_age=- path_points=0 planning_time_ms=2.4 | reason=no_static_obstacle_in_range | cache_reason=no_cache
1786862784.054 [STATIC_AVOID] obs_id=- obs_dist=-m obs_s=- ego_s=16.14 side=- | left_clearance=- right_clearance=- candidate_valid=false rung=- | cache_used=false path_age=- path_points=0 planning_time_ms=0.1 | reason=no_static_obstacle_in_range | cache_reason=no_cache
1786862784.558 [STATIC_AVOID] obs_id=- obs_dist=-m obs_s=- ego_s=16.14 side=- | left_clearance=- right_clearance=- candidate_valid=false rung=- | cache_used=false path_age=- path_points=0 planning_time_ms=0.1 | reason=no_static_obstacle_in_range | cache_reason=no_cache
1786862785.102 [STATIC_AVOID] obs_id=- obs_dist=-m obs_s=- ego_s=16.14 side=- | left_clearance=- right_clearance=- candidate_valid=false rung=- | cache_used=false path_age=- path_points=0 planning_time_ms=0.1 | reason=no_static_obstacle_in_range | cache_reason=no_cache
1786862785.610 [STATIC_AVOID] obs_id=- obs_dist=-m obs_s=- ego_s=16.14 side=- | left_clearance=- right_clearance=- candidate_valid=false rung=- | cache_used=false path_age=- path_points=0 planning_time_ms=0.2 | reason=no_static_obstacle_in_range | cache_reason=no_cache
1786862786.169 [STATIC_AVOID] obs_id=- obs_dist=-m obs_s=- ego_s=16.17 side=- | left_clearance=- right_clearance=- candidate_valid=false rung=- | cache_used=false path_age=- path_points=0 planning_time_ms=0.1 | reason=no_static_obstacle_in_range | cache_reason=no_cache
1786862786.709 [STATIC_AVOID] obs_id=- obs_dist=-m obs_s=- ego_s=16.52 side=- | left_clearance=- right_clearance=- candidate_valid=false rung=- | cache_used=false path_age=- path_points=0 planning_time_ms=0.5 | reason=no_static_obstacle_in_range | cache_reason=no_cache
1786862787.210 [STATIC_AVOID] obs_id=- obs_dist=-m obs_s=- ego_s=17.77 side=- | left_clearance=- right_clearance=- candidate_valid=false rung=- | cache_used=false path_age=- path_points=0 planning_time_ms=0.1 | reason=no_static_obstacle_in_range | cache_reason=no_cache
1786862787.766 [STATIC_AVOID] obs_id=- obs_dist=-m obs_s=- ego_s=20.30 side=- | left_clearance=- right_clearance=- candidate_valid=false rung=- | cache_used=false path_age=- path_points=0 planning_time_ms=0.1 | reason=no_static_obstacle_in_range | cache_reason=no_cache
1786862788.277 [STATIC_AVOID] obs_id=- obs_dist=-m obs_s=- ego_s=22.59 side=- | left_clearance=- right_clearance=- candidate_valid=false rung=- | cache_used=false path_age=- path_points=0 planning_time_ms=1.0 | reason=no_static_obstacle_in_range | cache_reason=no_cache
1786862788.791 [STATIC_AVOID] obs_id=1 obs_dist=4.17m obs_s=29.00 ego_s=24.82 side=RIGHT | left_clearance=-0.13 right_clearance=0.41 candidate_valid=true rung=0 | cache_used=false path_age=0.000 path_points=121 planning_time_ms=62.4
1786862789.386 [STATIC_AVOID] obs_id=1 obs_dist=1.64m obs_s=28.98 ego_s=27.34 side=RIGHT | left_clearance=-0.14 right_clearance=0.42 candidate_valid=false rung=- | cache_used=true path_age=0.165 path_points=90 planning_time_ms=26.2 | reason=obstacle_clearance
1786862789.902 [STATIC_AVOID] obs_id=- obs_dist=-m obs_s=- ego_s=28.91 side=- | left_clearance=- right_clearance=- candidate_valid=false rung=- | cache_used=false path_age=- path_points=0 planning_time_ms=0.1 | reason=no_static_obstacle_in_range | cache_reason=no_cache
1786862790.406 [STATIC_AVOID] obs_id=- obs_dist=-m obs_s=- ego_s=28.69 side=- | left_clearance=- right_clearance=- candidate_valid=false rung=- | cache_used=false path_age=- path_points=0 planning_time_ms=0.1 | reason=no_static_obstacle_in_range | cache_reason=no_cache
1786862790.914 [STATIC_AVOID] obs_id=- obs_dist=-m obs_s=- ego_s=28.66 side=- | left_clearance=- right_clearance=- candidate_valid=false rung=- | cache_used=false path_age=- path_points=0 planning_time_ms=0.1 | reason=no_static_obstacle_in_range | cache_reason=no_cache
1786862791.419 [STATIC_AVOID] obs_id=- obs_dist=-m obs_s=- ego_s=28.66 side=- | left_clearance=- right_clearance=- candidate_valid=false rung=- | cache_used=false path_age=- path_points=0 planning_time_ms=0.1 | reason=no_static_obstacle_in_range | cache_reason=no_cache
1786862791.979 [STATIC_AVOID] obs_id=- obs_dist=-m obs_s=- ego_s=28.62 side=- | left_clearance=- right_clearance=- candidate_valid=false rung=- | cache_used=false path_age=- path_points=0 planning_time_ms=0.1 | reason=no_static_obstacle_in_range | cache_reason=no_cache
1786862792.512 [STATIC_AVOID] obs_id=- obs_dist=-m obs_s=- ego_s=28.41 side=- | left_clearance=- right_clearance=- candidate_valid=false rung=- | cache_used=false path_age=- path_points=0 planning_time_ms=2.7 | reason=no_static_obstacle_in_range | cache_reason=no_cache
1786862793.060 [STATIC_AVOID] obs_id=- obs_dist=-m obs_s=- ego_s=27.82 side=- | left_clearance=- right_clearance=- candidate_valid=false rung=- | cache_used=false path_age=- path_points=0 planning_time_ms=0.1 | reason=no_static_obstacle_in_range | cache_reason=no_cache
1786862793.573 [STATIC_AVOID] obs_id=- obs_dist=-m obs_s=- ego_s=27.51 side=- | left_clearance=- right_clearance=- candidate_valid=false rung=- | cache_used=false path_age=- path_points=0 planning_time_ms=0.1 | reason=no_static_obstacle_in_range | cache_reason=no_cache
1786862794.102 [STATIC_AVOID] obs_id=- obs_dist=-m obs_s=- ego_s=27.42 side=- | left_clearance=- right_clearance=- candidate_valid=false rung=- | cache_used=false path_age=- path_points=0 planning_time_ms=0.1 | reason=no_static_obstacle_in_range | cache_reason=no_cache
1786862794.615 [STATIC_AVOID] obs_id=- obs_dist=-m obs_s=- ego_s=27.44 side=- | left_clearance=- right_clearance=- candidate_valid=false rung=- | cache_used=false path_age=- path_points=0 planning_time_ms=0.1 | reason=no_static_obstacle_in_range | cache_reason=no_cache
1786862795.171 [STATIC_AVOID] obs_id=- obs_dist=-m obs_s=- ego_s=27.66 side=- | left_clearance=- right_clearance=- candidate_valid=false rung=- | cache_used=false path_age=- path_points=0 planning_time_ms=0.1 | reason=no_static_obstacle_in_range | cache_reason=no_cache
1786862795.715 [STATIC_AVOID] obs_id=- obs_dist=-m obs_s=- ego_s=27.75 side=- | left_clearance=- right_clearance=- candidate_valid=false rung=- | cache_used=false path_age=- path_points=0 planning_time_ms=0.1 | reason=no_static_obstacle_in_range | cache_reason=no_cache
1786862796.269 [STATIC_AVOID] obs_id=- obs_dist=-m obs_s=- ego_s=27.75 side=- | left_clearance=- right_clearance=- candidate_valid=false rung=- | cache_used=false path_age=- path_points=0 planning_time_ms=2.5 | reason=no_static_obstacle_in_range | cache_reason=no_cache
1786862796.774 [STATIC_AVOID] obs_id=- obs_dist=-m obs_s=- ego_s=27.75 side=- | left_clearance=- right_clearance=- candidate_valid=false rung=- | cache_used=false path_age=- path_points=0 planning_time_ms=2.9 | reason=no_static_obstacle_in_range | cache_reason=no_cache
1786862797.314 [STATIC_AVOID] obs_id=- obs_dist=-m obs_s=- ego_s=27.76 side=- | left_clearance=- right_clearance=- candidate_valid=false rung=- | cache_used=false path_age=- path_points=0 planning_time_ms=0.1 | reason=no_static_obstacle_in_range | cache_reason=no_cache
1786862797.816 [STATIC_AVOID] obs_id=- obs_dist=-m obs_s=- ego_s=27.79 side=- | left_clearance=- right_clearance=- candidate_valid=false rung=- | cache_used=false path_age=- path_points=0 planning_time_ms=0.1 | reason=no_static_obstacle_in_range | cache_reason=no_cache
1786862798.355 [STATIC_AVOID] obs_id=- obs_dist=-m obs_s=- ego_s=27.79 side=- | left_clearance=- right_clearance=- candidate_valid=false rung=- | cache_used=false path_age=- path_points=0 planning_time_ms=0.1 | reason=no_static_obstacle_in_range | cache_reason=no_cache
1786862798.904 [STATIC_AVOID] obs_id=- obs_dist=-m obs_s=- ego_s=27.75 side=- | left_clearance=- right_clearance=- candidate_valid=false rung=- | cache_used=false path_age=- path_points=0 planning_time_ms=0.1 | reason=no_static_obstacle_in_range | cache_reason=no_cache
1786862799.411 [STATIC_AVOID] obs_id=- obs_dist=-m obs_s=- ego_s=27.43 side=- | left_clearance=- right_clearance=- candidate_valid=false rung=- | cache_used=false path_age=- path_points=0 planning_time_ms=0.1 | reason=no_static_obstacle_in_range | cache_reason=no_cache
1786862799.951 [STATIC_AVOID] obs_id=- obs_dist=-m obs_s=- ego_s=27.16 side=- | left_clearance=- right_clearance=- candidate_valid=false rung=- | cache_used=false path_age=- path_points=0 planning_time_ms=0.1 | reason=no_static_obstacle_in_range | cache_reason=no_cache
1786862800.461 [STATIC_AVOID] obs_id=- obs_dist=-m obs_s=- ego_s=27.03 side=- | left_clearance=- right_clearance=- candidate_valid=false rung=- | cache_used=false path_age=- path_points=0 planning_time_ms=0.1 | reason=no_static_obstacle_in_range | cache_reason=no_cache
1786862801.006 [STATIC_AVOID] obs_id=- obs_dist=-m obs_s=- ego_s=26.94 side=- | left_clearance=- right_clearance=- candidate_valid=false rung=- | cache_used=false path_age=- path_points=0 planning_time_ms=0.1 | reason=no_static_obstacle_in_range | cache_reason=no_cache
1786862801.508 [STATIC_AVOID] obs_id=- obs_dist=-m obs_s=- ego_s=26.49 side=- | left_clearance=- right_clearance=- candidate_valid=false rung=- | cache_used=false path_age=- path_points=0 planning_time_ms=0.1 | reason=no_static_obstacle_in_range | cache_reason=no_cache
1786862802.010 [STATIC_AVOID] obs_id=- obs_dist=-m obs_s=- ego_s=26.67 side=- | left_clearance=- right_clearance=- candidate_valid=false rung=- | cache_used=false path_age=- path_points=0 planning_time_ms=0.1 | reason=no_static_obstacle_in_range | cache_reason=no_cache
1786862802.519 [STATIC_AVOID] obs_id=- obs_dist=-m obs_s=- ego_s=26.68 side=- | left_clearance=- right_clearance=- candidate_valid=false rung=- | cache_used=false path_age=- path_points=0 planning_time_ms=0.9 | reason=no_static_obstacle_in_range | cache_reason=no_cache
1786862803.058 [STATIC_AVOID] obs_id=- obs_dist=-m obs_s=- ego_s=26.68 side=- | left_clearance=- right_clearance=- candidate_valid=false rung=- | cache_used=false path_age=- path_points=0 planning_time_ms=0.1 | reason=no_static_obstacle_in_range | cache_reason=no_cache
1786862803.611 [STATIC_AVOID] obs_id=- obs_dist=-m obs_s=- ego_s=26.68 side=- | left_clearance=- right_clearance=- candidate_valid=false rung=- | cache_used=false path_age=- path_points=0 planning_time_ms=0.2 | reason=no_static_obstacle_in_range | cache_reason=no_cache
1786862804.169 [STATIC_AVOID] obs_id=- obs_dist=-m obs_s=- ego_s=26.64 side=- | left_clearance=- right_clearance=- candidate_valid=false rung=- | cache_used=false path_age=- path_points=0 planning_time_ms=0.1 | reason=no_static_obstacle_in_range | cache_reason=no_cache
1786862804.716 [STATIC_AVOID] obs_id=- obs_dist=-m obs_s=- ego_s=26.63 side=- | left_clearance=- right_clearance=- candidate_valid=false rung=- | cache_used=false path_age=- path_points=0 planning_time_ms=0.1 | reason=no_static_obstacle_in_range | cache_reason=no_cache
1786862805.264 [STATIC_AVOID] obs_id=- obs_dist=-m obs_s=- ego_s=27.60 side=- | left_clearance=- right_clearance=- candidate_valid=false rung=- | cache_used=false path_age=- path_points=0 planning_time_ms=2.4 | reason=no_static_obstacle_in_range | cache_reason=no_cache
1786862805.808 [STATIC_AVOID] obs_id=- obs_dist=-m obs_s=- ego_s=27.60 side=- | left_clearance=- right_clearance=- candidate_valid=false rung=- | cache_used=false path_age=- path_points=0 planning_time_ms=0.1 | reason=no_static_obstacle_in_range | cache_reason=no_cache
1786862806.340 [STATIC_AVOID] obs_id=- obs_dist=-m obs_s=- ego_s=27.60 side=- | left_clearance=- right_clearance=- candidate_valid=false rung=- | cache_used=false path_age=- path_points=0 planning_time_ms=0.1 | reason=no_static_obstacle_in_range | cache_reason=no_cache
1786862806.855 [STATIC_AVOID] obs_id=- obs_dist=-m obs_s=- ego_s=27.34 side=- | left_clearance=- right_clearance=- candidate_valid=false rung=- | cache_used=false path_age=- path_points=0 planning_time_ms=0.1 | reason=no_static_obstacle_in_range | cache_reason=no_cache
1786862807.364 [STATIC_AVOID] obs_id=- obs_dist=-m obs_s=- ego_s=26.62 side=- | left_clearance=- right_clearance=- candidate_valid=false rung=- | cache_used=false path_age=- path_points=0 planning_time_ms=0.1 | reason=no_static_obstacle_in_range | cache_reason=no_cache
1786862807.912 [STATIC_AVOID] obs_id=- obs_dist=-m obs_s=- ego_s=25.55 side=- | left_clearance=- right_clearance=- candidate_valid=false rung=- | cache_used=false path_age=- path_points=0 planning_time_ms=0.1 | reason=no_static_obstacle_in_range | cache_reason=no_cache
1786862808.437 [STATIC_AVOID] obs_id=- obs_dist=-m obs_s=- ego_s=24.53 side=- | left_clearance=- right_clearance=- candidate_valid=false rung=- | cache_used=false path_age=- path_points=0 planning_time_ms=0.1 | reason=no_static_obstacle_in_range | cache_reason=no_cache
1786862808.960 [STATIC_AVOID] obs_id=- obs_dist=-m obs_s=- ego_s=23.37 side=- | left_clearance=- right_clearance=- candidate_valid=false rung=- | cache_used=false path_age=- path_points=0 planning_time_ms=0.1 | reason=no_static_obstacle_in_range | cache_reason=no_cache
1786862809.502 [STATIC_AVOID] obs_id=- obs_dist=-m obs_s=- ego_s=23.12 side=- | left_clearance=- right_clearance=- candidate_valid=false rung=- | cache_used=false path_age=- path_points=0 planning_time_ms=0.1 | reason=no_static_obstacle_in_range | cache_reason=no_cache
1786862810.022 [STATIC_AVOID] obs_id=- obs_dist=-m obs_s=- ego_s=22.10 side=- | left_clearance=- right_clearance=- candidate_valid=false rung=- | cache_used=false path_age=- path_points=0 planning_time_ms=3.5 | reason=no_static_obstacle_in_range | cache_reason=no_cache
1786862810.556 [STATIC_AVOID] obs_id=- obs_dist=-m obs_s=- ego_s=20.66 side=- | left_clearance=- right_clearance=- candidate_valid=false rung=- | cache_used=false path_age=- path_points=0 planning_time_ms=0.1 | reason=no_static_obstacle_in_range | cache_reason=no_cache
1786862811.056 [STATIC_AVOID] obs_id=- obs_dist=-m obs_s=- ego_s=19.60 side=- | left_clearance=- right_clearance=- candidate_valid=false rung=- | cache_used=false path_age=- path_points=0 planning_time_ms=0.1 | reason=no_static_obstacle_in_range | cache_reason=no_cache
1786862811.558 [STATIC_AVOID] obs_id=- obs_dist=-m obs_s=- ego_s=18.55 side=- | left_clearance=- right_clearance=- candidate_valid=false rung=- | cache_used=false path_age=- path_points=0 planning_time_ms=0.1 | reason=no_static_obstacle_in_range | cache_reason=no_cache
1786862812.060 [STATIC_AVOID] obs_id=- obs_dist=-m obs_s=- ego_s=17.71 side=- | left_clearance=- right_clearance=- candidate_valid=false rung=- | cache_used=false path_age=- path_points=0 planning_time_ms=0.2 | reason=no_static_obstacle_in_range | cache_reason=no_cache
1786862812.613 [STATIC_AVOID] obs_id=- obs_dist=-m obs_s=- ego_s=17.28 side=- | left_clearance=- right_clearance=- candidate_valid=false rung=- | cache_used=false path_age=- path_points=0 planning_time_ms=0.1 | reason=no_static_obstacle_in_range | cache_reason=no_cache
1786862813.165 [STATIC_AVOID] obs_id=- obs_dist=-m obs_s=- ego_s=17.12 side=- | left_clearance=- right_clearance=- candidate_valid=false rung=- | cache_used=false path_age=- path_points=0 planning_time_ms=0.1 | reason=no_static_obstacle_in_range | cache_reason=no_cache
1786862813.702 [STATIC_AVOID] obs_id=- obs_dist=-m obs_s=- ego_s=17.24 side=- | left_clearance=- right_clearance=- candidate_valid=false rung=- | cache_used=false path_age=- path_points=0 planning_time_ms=0.1 | reason=no_static_obstacle_in_range | cache_reason=no_cache
1786862814.210 [STATIC_AVOID] obs_id=- obs_dist=-m obs_s=- ego_s=17.23 side=- | left_clearance=- right_clearance=- candidate_valid=false rung=- | cache_used=false path_age=- path_points=0 planning_time_ms=0.1 | reason=no_static_obstacle_in_range | cache_reason=no_cache
1786862814.757 [STATIC_AVOID] obs_id=- obs_dist=-m obs_s=- ego_s=17.23 side=- | left_clearance=- right_clearance=- candidate_valid=false rung=- | cache_used=false path_age=- path_points=0 planning_time_ms=0.1 | reason=no_static_obstacle_in_range | cache_reason=no_cache
1786862815.280 [STATIC_AVOID] obs_id=- obs_dist=-m obs_s=- ego_s=17.23 side=- | left_clearance=- right_clearance=- candidate_valid=false rung=- | cache_used=false path_age=- path_points=0 planning_time_ms=0.1 | reason=no_static_obstacle_in_range | cache_reason=no_cache
1786862815.823 [STATIC_AVOID] obs_id=- obs_dist=-m obs_s=- ego_s=17.23 side=- | left_clearance=- right_clearance=- candidate_valid=false rung=- | cache_used=false path_age=- path_points=0 planning_time_ms=3.5 | reason=no_static_obstacle_in_range | cache_reason=no_cache
1786862816.357 [STATIC_AVOID] obs_id=- obs_dist=-m obs_s=- ego_s=17.23 side=- | left_clearance=- right_clearance=- candidate_valid=false rung=- | cache_used=false path_age=- path_points=0 planning_time_ms=0.1 | reason=no_static_obstacle_in_range | cache_reason=no_cache
1786862816.869 [STATIC_AVOID] obs_id=- obs_dist=-m obs_s=- ego_s=17.23 side=- | left_clearance=- right_clearance=- candidate_valid=false rung=- | cache_used=false path_age=- path_points=0 planning_time_ms=0.1 | reason=no_static_obstacle_in_range | cache_reason=no_cache
1786862817.405 [STATIC_AVOID] obs_id=- obs_dist=-m obs_s=- ego_s=16.75 side=- | left_clearance=- right_clearance=- candidate_valid=false rung=- | cache_used=false path_age=- path_points=0 planning_time_ms=0.3 | reason=no_static_obstacle_in_range | cache_reason=no_cache
1786862817.910 [STATIC_AVOID] obs_id=- obs_dist=-m obs_s=- ego_s=16.76 side=- | left_clearance=- right_clearance=- candidate_valid=false rung=- | cache_used=false path_age=- path_points=0 planning_time_ms=0.1 | reason=no_static_obstacle_in_range | cache_reason=no_cache
1786862818.454 [STATIC_AVOID] obs_id=- obs_dist=-m obs_s=- ego_s=16.76 side=- | left_clearance=- right_clearance=- candidate_valid=false rung=- | cache_used=false path_age=- path_points=0 planning_time_ms=0.1 | reason=no_static_obstacle_in_range | cache_reason=no_cache
1786862819.005 [STATIC_AVOID] obs_id=- obs_dist=-m obs_s=- ego_s=16.76 side=- | left_clearance=- right_clearance=- candidate_valid=false rung=- | cache_used=false path_age=- path_points=0 planning_time_ms=0.1 | reason=no_static_obstacle_in_range | cache_reason=no_cache
1786862819.511 [STATIC_AVOID] obs_id=- obs_dist=-m obs_s=- ego_s=16.80 side=- | left_clearance=- right_clearance=- candidate_valid=false rung=- | cache_used=false path_age=- path_points=0 planning_time_ms=0.1 | reason=no_static_obstacle_in_range | cache_reason=no_cache
1786862820.062 [STATIC_AVOID] obs_id=- obs_dist=-m obs_s=- ego_s=17.30 side=- | left_clearance=- right_clearance=- candidate_valid=false rung=- | cache_used=false path_age=- path_points=0 planning_time_ms=4.5 | reason=no_static_obstacle_in_range | cache_reason=no_cache
1786862820.565 [STATIC_AVOID] obs_id=- obs_dist=-m obs_s=- ego_s=18.59 side=- | left_clearance=- right_clearance=- candidate_valid=false rung=- | cache_used=false path_age=- path_points=0 planning_time_ms=0.1 | reason=no_static_obstacle_in_range | cache_reason=no_cache
1786862821.107 [STATIC_AVOID] obs_id=- obs_dist=-m obs_s=- ego_s=21.03 side=- | left_clearance=- right_clearance=- candidate_valid=false rung=- | cache_used=false path_age=- path_points=0 planning_time_ms=0.1 | reason=no_static_obstacle_in_range | cache_reason=no_cache
1786862821.607 [STATIC_AVOID] obs_id=- obs_dist=-m obs_s=- ego_s=23.31 side=- | left_clearance=- right_clearance=- candidate_valid=false rung=- | cache_used=false path_age=- path_points=0 planning_time_ms=0.1 | reason=no_static_obstacle_in_range | cache_reason=no_cache
1786862822.162 [STATIC_AVOID] obs_id=- obs_dist=-m obs_s=- ego_s=25.68 side=- | left_clearance=- right_clearance=- candidate_valid=false rung=- | cache_used=false path_age=- path_points=0 planning_time_ms=0.1 | reason=no_static_obstacle_in_range | cache_reason=no_cache
1786862822.664 [STATIC_AVOID] obs_id=- obs_dist=-m obs_s=- ego_s=27.70 side=- | left_clearance=- right_clearance=- candidate_valid=false rung=- | cache_used=false path_age=- path_points=0 planning_time_ms=0.1 | reason=no_static_obstacle_in_range | cache_reason=no_cache
1786862823.207 [STATIC_AVOID] obs_id=- obs_dist=-m obs_s=- ego_s=29.55 side=- | left_clearance=- right_clearance=- candidate_valid=false rung=- | cache_used=false path_age=- path_points=0 planning_time_ms=0.1 | reason=no_static_obstacle_in_range | cache_reason=no_cache
1786862823.758 [STATIC_AVOID] obs_id=- obs_dist=-m obs_s=- ego_s=31.03 side=- | left_clearance=- right_clearance=- candidate_valid=false rung=- | cache_used=false path_age=- path_points=0 planning_time_ms=0.1 | reason=no_static_obstacle_in_range | cache_reason=no_cache
1786862824.263 [STATIC_AVOID] obs_id=- obs_dist=-m obs_s=- ego_s=32.65 side=- | left_clearance=- right_clearance=- candidate_valid=false rung=- | cache_used=false path_age=- path_points=0 planning_time_ms=0.1 | reason=no_static_obstacle_in_range | cache_reason=no_cache
1786862824.766 [STATIC_AVOID] obs_id=- obs_dist=-m obs_s=- ego_s=0.44 side=- | left_clearance=- right_clearance=- candidate_valid=false rung=- | cache_used=false path_age=- path_points=0 planning_time_ms=0.1 | reason=no_static_obstacle_in_range | cache_reason=no_cache
1786862825.305 [STATIC_AVOID] obs_id=- obs_dist=-m obs_s=- ego_s=2.45 side=- | left_clearance=- right_clearance=- candidate_valid=false rung=- | cache_used=false path_age=- path_points=0 planning_time_ms=0.1 | reason=no_static_obstacle_in_range | cache_reason=no_cache
1786862825.837 [STATIC_AVOID] obs_id=- obs_dist=-m obs_s=- ego_s=4.15 side=- | left_clearance=- right_clearance=- candidate_valid=false rung=- | cache_used=false path_age=- path_points=0 planning_time_ms=0.1 | reason=no_static_obstacle_in_range | cache_reason=no_cache
1786862826.352 [STATIC_AVOID] obs_id=- obs_dist=-m obs_s=- ego_s=6.80 side=- | left_clearance=- right_clearance=- candidate_valid=false rung=- | cache_used=false path_age=- path_points=0 planning_time_ms=0.1 | reason=no_static_obstacle_in_range | cache_reason=no_cache
1786862826.852 [STATIC_AVOID] obs_id=- obs_dist=-m obs_s=- ego_s=9.11 side=- | left_clearance=- right_clearance=- candidate_valid=false rung=- | cache_used=false path_age=- path_points=0 planning_time_ms=0.1 | reason=no_static_obstacle_in_range | cache_reason=no_cache
1786862827.362 [STATIC_AVOID] obs_id=- obs_dist=-m obs_s=- ego_s=10.43 side=- | left_clearance=- right_clearance=- candidate_valid=false rung=- | cache_used=false path_age=- path_points=0 planning_time_ms=0.1 | reason=no_static_obstacle_in_range | cache_reason=no_cache
1786862827.906 [STATIC_AVOID] obs_id=- obs_dist=-m obs_s=- ego_s=11.74 side=- | left_clearance=- right_clearance=- candidate_valid=false rung=- | cache_used=false path_age=- path_points=0 planning_time_ms=0.1 | reason=no_static_obstacle_in_range | cache_reason=no_cache
1786862828.455 [STATIC_AVOID] obs_id=- obs_dist=-m obs_s=- ego_s=13.20 side=- | left_clearance=- right_clearance=- candidate_valid=false rung=- | cache_used=false path_age=- path_points=0 planning_time_ms=0.1 | reason=no_static_obstacle_in_range | cache_reason=no_cache
1786862829.008 [STATIC_AVOID] obs_id=- obs_dist=-m obs_s=- ego_s=15.11 side=- | left_clearance=- right_clearance=- candidate_valid=false rung=- | cache_used=false path_age=- path_points=0 planning_time_ms=0.1 | reason=no_static_obstacle_in_range | cache_reason=no_cache
1786862829.522 [STATIC_AVOID] obs_id=- obs_dist=-m obs_s=- ego_s=16.08 side=- | left_clearance=- right_clearance=- candidate_valid=false rung=- | cache_used=false path_age=- path_points=0 planning_time_ms=0.1 | reason=no_static_obstacle_in_range | cache_reason=no_cache
1786862830.029 [STATIC_AVOID] obs_id=- obs_dist=-m obs_s=- ego_s=16.88 side=- | left_clearance=- right_clearance=- candidate_valid=false rung=- | cache_used=false path_age=- path_points=0 planning_time_ms=0.1 | reason=no_static_obstacle_in_range | cache_reason=no_cache
1786862830.564 [STATIC_AVOID] obs_id=- obs_dist=-m obs_s=- ego_s=17.60 side=- | left_clearance=- right_clearance=- candidate_valid=false rung=- | cache_used=false path_age=- path_points=0 planning_time_ms=0.1 | reason=no_static_obstacle_in_range | cache_reason=no_cache
1786862831.112 [STATIC_AVOID] obs_id=- obs_dist=-m obs_s=- ego_s=19.67 side=- | left_clearance=- right_clearance=- candidate_valid=false rung=- | cache_used=false path_age=- path_points=0 planning_time_ms=0.1 | reason=no_static_obstacle_in_range | cache_reason=no_cache
1786862831.658 [STATIC_AVOID] obs_id=- obs_dist=-m obs_s=- ego_s=22.05 side=- | left_clearance=- right_clearance=- candidate_valid=false rung=- | cache_used=false path_age=- path_points=0 planning_time_ms=0.1 | reason=no_static_obstacle_in_range | cache_reason=no_cache
1786862832.235 [STATIC_AVOID] obs_id=5 obs_dist=4.43m obs_s=29.26 ego_s=24.83 side=RIGHT | left_clearance=-0.11 right_clearance=0.39 candidate_valid=true rung=0 | cache_used=false path_age=0.000 path_points=121 planning_time_ms=9.3
1786862832.855 [STATIC_AVOID] obs_id=5 obs_dist=2.12m obs_s=29.23 ego_s=27.11 side=RIGHT | left_clearance=-0.10 right_clearance=0.41 candidate_valid=false rung=- | cache_used=false path_age=- path_points=0 planning_time_ms=20.7 | reason=obstacle_clearance | cache_reason=cache_collision
1786862833.404 [STATIC_AVOID] obs_id=- obs_dist=-m obs_s=- ego_s=28.69 side=- | left_clearance=- right_clearance=- candidate_valid=false rung=- | cache_used=false path_age=- path_points=0 planning_time_ms=0.2 | reason=no_static_obstacle_in_range | cache_reason=no_cache
1786862833.905 [STATIC_AVOID] obs_id=- obs_dist=-m obs_s=- ego_s=29.02 side=- | left_clearance=- right_clearance=- candidate_valid=false rung=- | cache_used=false path_age=- path_points=0 planning_time_ms=0.1 | reason=no_static_obstacle_in_range | cache_reason=no_cache
1786862834.417 [STATIC_AVOID] obs_id=- obs_dist=-m obs_s=- ego_s=29.00 side=- | left_clearance=- right_clearance=- candidate_valid=false rung=- | cache_used=false path_age=- path_points=0 planning_time_ms=0.2 | reason=no_static_obstacle_in_range | cache_reason=no_cache
1786862834.926 [STATIC_AVOID] obs_id=- obs_dist=-m obs_s=- ego_s=29.00 side=- | left_clearance=- right_clearance=- candidate_valid=false rung=- | cache_used=false path_age=- path_points=0 planning_time_ms=0.1 | reason=no_static_obstacle_in_range | cache_reason=no_cache
1786862835.463 [STATIC_AVOID] obs_id=- obs_dist=-m obs_s=- ego_s=29.00 side=- | left_clearance=- right_clearance=- candidate_valid=false rung=- | cache_used=false path_age=- path_points=0 planning_time_ms=0.1 | reason=no_static_obstacle_in_range | cache_reason=no_cache
1786862836.006 [STATIC_AVOID] obs_id=- obs_dist=-m obs_s=- ego_s=29.00 side=- | left_clearance=- right_clearance=- candidate_valid=false rung=- | cache_used=false path_age=- path_points=0 planning_time_ms=0.1 | reason=no_static_obstacle_in_range | cache_reason=no_cache
1786862836.555 [STATIC_AVOID] obs_id=- obs_dist=-m obs_s=- ego_s=29.00 side=- | left_clearance=- right_clearance=- candidate_valid=false rung=- | cache_used=false path_age=- path_points=0 planning_time_ms=0.1 | reason=no_static_obstacle_in_range | cache_reason=no_cache
1786862837.105 [STATIC_AVOID] obs_id=- obs_dist=-m obs_s=- ego_s=29.00 side=- | left_clearance=- right_clearance=- candidate_valid=false rung=- | cache_used=false path_age=- path_points=0 planning_time_ms=0.1 | reason=no_static_obstacle_in_range | cache_reason=no_cache
1786862837.608 [STATIC_AVOID] obs_id=- obs_dist=-m obs_s=- ego_s=28.98 side=- | left_clearance=- right_clearance=- candidate_valid=false rung=- | cache_used=false path_age=- path_points=0 planning_time_ms=0.1 | reason=no_static_obstacle_in_range | cache_reason=no_cache
1786862838.158 [STATIC_AVOID] obs_id=- obs_dist=-m obs_s=- ego_s=28.25 side=- | left_clearance=- right_clearance=- candidate_valid=false rung=- | cache_used=false path_age=- path_points=0 planning_time_ms=0.1 | reason=no_static_obstacle_in_range | cache_reason=no_cache
1786862838.709 [STATIC_AVOID] obs_id=- obs_dist=-m obs_s=- ego_s=27.98 side=- | left_clearance=- right_clearance=- candidate_valid=false rung=- | cache_used=false path_age=- path_points=0 planning_time_ms=0.7 | reason=no_static_obstacle_in_range | cache_reason=no_cache
1786862839.269 [STATIC_AVOID] obs_id=- obs_dist=-m obs_s=- ego_s=27.98 side=- | left_clearance=- right_clearance=- candidate_valid=false rung=- | cache_used=false path_age=- path_points=0 planning_time_ms=0.1 | reason=no_static_obstacle_in_range | cache_reason=no_cache
1786862839.805 [STATIC_AVOID] obs_id=- obs_dist=-m obs_s=- ego_s=27.99 side=- | left_clearance=- right_clearance=- candidate_valid=false rung=- | cache_used=false path_age=- path_points=0 planning_time_ms=0.1 | reason=no_static_obstacle_in_range | cache_reason=no_cache
1786862840.316 [STATIC_AVOID] obs_id=- obs_dist=-m obs_s=- ego_s=27.99 side=- | left_clearance=- right_clearance=- candidate_valid=false rung=- | cache_used=false path_age=- path_points=0 planning_time_ms=1.7 | reason=no_static_obstacle_in_range | cache_reason=no_cache
1786862840.824 [STATIC_AVOID] obs_id=- obs_dist=-m obs_s=- ego_s=27.97 side=- | left_clearance=- right_clearance=- candidate_valid=false rung=- | cache_used=false path_age=- path_points=0 planning_time_ms=0.1 | reason=no_static_obstacle_in_range | cache_reason=no_cache
1786862841.371 [STATIC_AVOID] obs_id=- obs_dist=-m obs_s=- ego_s=27.58 side=- | left_clearance=- right_clearance=- candidate_valid=false rung=- | cache_used=false path_age=- path_points=0 planning_time_ms=0.1 | reason=no_static_obstacle_in_range | cache_reason=no_cache
1786862841.910 [STATIC_AVOID] obs_id=- obs_dist=-m obs_s=- ego_s=27.48 side=- | left_clearance=- right_clearance=- candidate_valid=false rung=- | cache_used=false path_age=- path_points=0 planning_time_ms=0.1 | reason=no_static_obstacle_in_range | cache_reason=no_cache
1786862842.413 [STATIC_AVOID] obs_id=- obs_dist=-m obs_s=- ego_s=27.18 side=- | left_clearance=- right_clearance=- candidate_valid=false rung=- | cache_used=false path_age=- path_points=0 planning_time_ms=0.1 | reason=no_static_obstacle_in_range | cache_reason=no_cache
1786862842.919 [STATIC_AVOID] obs_id=- obs_dist=-m obs_s=- ego_s=26.46 side=- | left_clearance=- right_clearance=- candidate_valid=false rung=- | cache_used=false path_age=- path_points=0 planning_time_ms=0.1 | reason=no_static_obstacle_in_range | cache_reason=no_cache
1786862843.456 [STATIC_AVOID] obs_id=- obs_dist=-m obs_s=- ego_s=25.25 side=- | left_clearance=- right_clearance=- candidate_valid=false rung=- | cache_used=false path_age=- path_points=0 planning_time_ms=0.1 | reason=no_static_obstacle_in_range | cache_reason=no_cache
1786862843.964 [STATIC_AVOID] obs_id=- obs_dist=-m obs_s=- ego_s=24.01 side=- | left_clearance=- right_clearance=- candidate_valid=false rung=- | cache_used=false path_age=- path_points=0 planning_time_ms=0.1 | reason=no_static_obstacle_in_range | cache_reason=no_cache
1786862844.507 [STATIC_AVOID] obs_id=- obs_dist=-m obs_s=- ego_s=22.58 side=- | left_clearance=- right_clearance=- candidate_valid=false rung=- | cache_used=false path_age=- path_points=0 planning_time_ms=0.2 | reason=no_static_obstacle_in_range | cache_reason=no_cache
1786862845.055 [STATIC_AVOID] obs_id=- obs_dist=-m obs_s=- ego_s=21.57 side=- | left_clearance=- right_clearance=- candidate_valid=false rung=- | cache_used=false path_age=- path_points=0 planning_time_ms=0.2 | reason=no_static_obstacle_in_range | cache_reason=no_cache
1786862845.557 [STATIC_AVOID] obs_id=- obs_dist=-m obs_s=- ego_s=21.04 side=- | left_clearance=- right_clearance=- candidate_valid=false rung=- | cache_used=false path_age=- path_points=0 planning_time_ms=0.1 | reason=no_static_obstacle_in_range | cache_reason=no_cache
1786862846.109 [STATIC_AVOID] obs_id=- obs_dist=-m obs_s=- ego_s=20.48 side=- | left_clearance=- right_clearance=- candidate_valid=false rung=- | cache_used=false path_age=- path_points=0 planning_time_ms=0.1 | reason=no_static_obstacle_in_range | cache_reason=no_cache
1786862846.622 [STATIC_AVOID] obs_id=- obs_dist=-m obs_s=- ego_s=19.99 side=- | left_clearance=- right_clearance=- candidate_valid=false rung=- | cache_used=false path_age=- path_points=0 planning_time_ms=0.1 | reason=no_static_obstacle_in_range | cache_reason=no_cache
1786862847.160 [STATIC_AVOID] obs_id=- obs_dist=-m obs_s=- ego_s=19.75 side=- | left_clearance=- right_clearance=- candidate_valid=false rung=- | cache_used=false path_age=- path_points=0 planning_time_ms=0.1 | reason=no_static_obstacle_in_range | cache_reason=no_cache
1786862847.717 [STATIC_AVOID] obs_id=- obs_dist=-m obs_s=- ego_s=19.74 side=- | left_clearance=- right_clearance=- candidate_valid=false rung=- | cache_used=false path_age=- path_points=0 planning_time_ms=0.2 | reason=no_static_obstacle_in_range | cache_reason=no_cache
1786862848.276 [STATIC_AVOID] obs_id=- obs_dist=-m obs_s=- ego_s=19.71 side=- | left_clearance=- right_clearance=- candidate_valid=false rung=- | cache_used=false path_age=- path_points=0 planning_time_ms=0.1 | reason=no_static_obstacle_in_range | cache_reason=no_cache
1786862848.803 [STATIC_AVOID] obs_id=- obs_dist=-m obs_s=- ego_s=19.70 side=- | left_clearance=- right_clearance=- candidate_valid=false rung=- | cache_used=false path_age=- path_points=0 planning_time_ms=0.1 | reason=no_static_obstacle_in_range | cache_reason=no_cache
1786862849.344 [STATIC_AVOID] obs_id=- obs_dist=-m obs_s=- ego_s=19.70 side=- | left_clearance=- right_clearance=- candidate_valid=false rung=- | cache_used=false path_age=- path_points=0 planning_time_ms=0.1 | reason=no_static_obstacle_in_range | cache_reason=no_cache
1786862849.852 [STATIC_AVOID] obs_id=- obs_dist=-m obs_s=- ego_s=19.69 side=- | left_clearance=- right_clearance=- candidate_valid=false rung=- | cache_used=false path_age=- path_points=0 planning_time_ms=0.1 | reason=no_static_obstacle_in_range | cache_reason=no_cache
1786862850.360 [STATIC_AVOID] obs_id=- obs_dist=-m obs_s=- ego_s=19.69 side=- | left_clearance=- right_clearance=- candidate_valid=false rung=- | cache_used=false path_age=- path_points=0 planning_time_ms=0.4 | reason=no_static_obstacle_in_range | cache_reason=no_cache
1786862850.860 [STATIC_AVOID] obs_id=- obs_dist=-m obs_s=- ego_s=19.70 side=- | left_clearance=- right_clearance=- candidate_valid=false rung=- | cache_used=false path_age=- path_points=0 planning_time_ms=0.1 | reason=no_static_obstacle_in_range | cache_reason=no_cache
1786862851.402 [STATIC_AVOID] obs_id=- obs_dist=-m obs_s=- ego_s=19.70 side=- | left_clearance=- right_clearance=- candidate_valid=false rung=- | cache_used=false path_age=- path_points=0 planning_time_ms=0.1 | reason=no_static_obstacle_in_range | cache_reason=no_cache
1786862851.909 [STATIC_AVOID] obs_id=- obs_dist=-m obs_s=- ego_s=19.71 side=- | left_clearance=- right_clearance=- candidate_valid=false rung=- | cache_used=false path_age=- path_points=0 planning_time_ms=0.1 | reason=no_static_obstacle_in_range | cache_reason=no_cache
1786862852.452 [STATIC_AVOID] obs_id=- obs_dist=-m obs_s=- ego_s=19.71 side=- | left_clearance=- right_clearance=- candidate_valid=false rung=- | cache_used=false path_age=- path_points=0 planning_time_ms=0.1 | reason=no_static_obstacle_in_range | cache_reason=no_cache
1786862852.954 [STATIC_AVOID] obs_id=- obs_dist=-m obs_s=- ego_s=19.71 side=- | left_clearance=- right_clearance=- candidate_valid=false rung=- | cache_used=false path_age=- path_points=0 planning_time_ms=0.1 | reason=no_static_obstacle_in_range | cache_reason=no_cache
1786862853.457 [STATIC_AVOID] obs_id=- obs_dist=-m obs_s=- ego_s=19.70 side=- | left_clearance=- right_clearance=- candidate_valid=false rung=- | cache_used=false path_age=- path_points=0 planning_time_ms=0.2 | reason=no_static_obstacle_in_range | cache_reason=no_cache
1786862853.957 [STATIC_AVOID] obs_id=- obs_dist=-m obs_s=- ego_s=19.71 side=- | left_clearance=- right_clearance=- candidate_valid=false rung=- | cache_used=false path_age=- path_points=0 planning_time_ms=0.1 | reason=no_static_obstacle_in_range | cache_reason=no_cache
1786862854.460 [STATIC_AVOID] obs_id=- obs_dist=-m obs_s=- ego_s=19.71 side=- | left_clearance=- right_clearance=- candidate_valid=false rung=- | cache_used=false path_age=- path_points=0 planning_time_ms=3.9 | reason=no_static_obstacle_in_range | cache_reason=no_cache
1786862855.009 [STATIC_AVOID] obs_id=- obs_dist=-m obs_s=- ego_s=19.71 side=- | left_clearance=- right_clearance=- candidate_valid=false rung=- | cache_used=false path_age=- path_points=0 planning_time_ms=0.1 | reason=no_static_obstacle_in_range | cache_reason=no_cache
1786862855.515 [STATIC_AVOID] obs_id=- obs_dist=-m obs_s=- ego_s=19.71 side=- | left_clearance=- right_clearance=- candidate_valid=false rung=- | cache_used=false path_age=- path_points=0 planning_time_ms=0.1 | reason=no_static_obstacle_in_range | cache_reason=no_cache
1786862856.016 [STATIC_AVOID] obs_id=- obs_dist=-m obs_s=- ego_s=19.72 side=- | left_clearance=- right_clearance=- candidate_valid=false rung=- | cache_used=false path_age=- path_points=0 planning_time_ms=0.1 | reason=no_static_obstacle_in_range | cache_reason=no_cache
1786862856.558 [STATIC_AVOID] obs_id=- obs_dist=-m obs_s=- ego_s=19.71 side=- | left_clearance=- right_clearance=- candidate_valid=false rung=- | cache_used=false path_age=- path_points=0 planning_time_ms=0.1 | reason=no_static_obstacle_in_range | cache_reason=no_cache
1786862857.104 [STATIC_AVOID] obs_id=- obs_dist=-m obs_s=- ego_s=19.96 side=- | left_clearance=- right_clearance=- candidate_valid=false rung=- | cache_used=false path_age=- path_points=0 planning_time_ms=0.2 | reason=no_static_obstacle_in_range | cache_reason=no_cache
1786862857.608 [STATIC_AVOID] obs_id=- obs_dist=-m obs_s=- ego_s=20.32 side=- | left_clearance=- right_clearance=- candidate_valid=false rung=- | cache_used=false path_age=- path_points=0 planning_time_ms=0.1 | reason=no_static_obstacle_in_range | cache_reason=no_cache
1786862858.112 [STATIC_AVOID] obs_id=- obs_dist=-m obs_s=- ego_s=20.56 side=- | left_clearance=- right_clearance=- candidate_valid=false rung=- | cache_used=false path_age=- path_points=0 planning_time_ms=0.1 | reason=no_static_obstacle_in_range | cache_reason=no_cache
1786862858.614 [STATIC_AVOID] obs_id=- obs_dist=-m obs_s=- ego_s=20.96 side=- | left_clearance=- right_clearance=- candidate_valid=false rung=- | cache_used=false path_age=- path_points=0 planning_time_ms=1.3 | reason=no_static_obstacle_in_range | cache_reason=no_cache
1786862859.154 [STATIC_AVOID] obs_id=- obs_dist=-m obs_s=- ego_s=21.52 side=- | left_clearance=- right_clearance=- candidate_valid=false rung=- | cache_used=false path_age=- path_points=0 planning_time_ms=0.1 | reason=no_static_obstacle_in_range | cache_reason=no_cache
1786862859.660 [STATIC_AVOID] obs_id=- obs_dist=-m obs_s=- ego_s=21.41 side=- | left_clearance=- right_clearance=- candidate_valid=false rung=- | cache_used=false path_age=- path_points=0 planning_time_ms=1.1 | reason=no_static_obstacle_in_range | cache_reason=no_cache
1786862860.212 [STATIC_AVOID] obs_id=- obs_dist=-m obs_s=- ego_s=21.41 side=- | left_clearance=- right_clearance=- candidate_valid=false rung=- | cache_used=false path_age=- path_points=0 planning_time_ms=4.6 | reason=no_static_obstacle_in_range | cache_reason=no_cache
1786862860.713 [STATIC_AVOID] obs_id=- obs_dist=-m obs_s=- ego_s=21.39 side=- | left_clearance=- right_clearance=- candidate_valid=false rung=- | cache_used=false path_age=- path_points=0 planning_time_ms=0.1 | reason=no_static_obstacle_in_range | cache_reason=no_cache
