# state_machine debug log started 20260815_185748  map='0815test3'
1786787876.256 [OBSTACLES] cur_s=6.54 cur_d=-0.00 vs=0.00 n=0 [none]
1786787876.257 [STATE_CHANGE] None -> GB_TRACK src=GB_TRACK s=6.54 d=-0.00 vs=0.00
1786787876.768 [OBSTACLES] cur_s=6.55 cur_d=-0.00 vs=0.00 n=0 [none]
1786787877.326 [OBSTACLES] cur_s=6.54 cur_d=-0.00 vs=0.00 n=0 [none]
1786787877.831 [OBSTACLES] cur_s=6.54 cur_d=-0.00 vs=0.00 n=0 [none]
1786787878.401 [OBSTACLES] cur_s=6.54 cur_d=-0.00 vs=0.00 n=0 [none]
1786787878.931 [OBSTACLES] cur_s=6.54 cur_d=0.00 vs=0.00 n=0 [none]
1786787879.468 [OBSTACLES] cur_s=6.54 cur_d=-0.00 vs=0.00 n=0 [none]
1786787880.023 [OBSTACLES] cur_s=6.54 cur_d=0.00 vs=0.00 n=0 [none]
1786787880.592 [OBSTACLES] cur_s=6.54 cur_d=-0.00 vs=0.00 n=0 [none]
1786787881.118 [OBSTACLES] cur_s=6.54 cur_d=-0.00 vs=0.00 n=0 [none]
1786787881.649 [OBSTACLES] cur_s=6.54 cur_d=-0.00 vs=0.00 n=0 [none]
1786787882.170 [OBSTACLES] cur_s=6.54 cur_d=-0.00 vs=0.00 n=0 [none]
1786787882.695 [OBSTACLES] cur_s=6.54 cur_d=-0.00 vs=0.00 n=0 [none]
1786787883.281 [OBSTACLES] cur_s=6.55 cur_d=-0.00 vs=0.00 n=0 [none]
1786787883.791 [OBSTACLES] cur_s=6.54 cur_d=-0.00 vs=0.00 n=0 [none]
1786787884.317 [OBSTACLES] cur_s=6.54 cur_d=-0.00 vs=0.00 n=0 [none]
1786787884.825 [OBSTACLES] cur_s=6.54 cur_d=-0.00 vs=0.00 n=0 [none]
1786787885.388 [OBSTACLES] cur_s=6.55 cur_d=-0.00 vs=0.00 n=0 [none]
1786787885.931 [OBSTACLES] cur_s=6.54 cur_d=-0.00 vs=0.00 n=0 [none]
1786787886.491 [OBSTACLES] cur_s=6.54 cur_d=-0.00 vs=0.00 n=0 [none]
1786787887.028 [OBSTACLES] cur_s=6.54 cur_d=0.00 vs=0.00 n=0 [none]
1786787887.699 [OBSTACLES] cur_s=6.54 cur_d=-0.00 vs=0.00 n=0 [none]
1786787888.209 [OBSTACLES] cur_s=6.55 cur_d=-0.00 vs=0.00 n=0 [none]
1786787888.805 [OBSTACLES] cur_s=6.54 cur_d=-0.00 vs=0.00 n=0 [none]
1786787889.307 [OBSTACLES] cur_s=6.55 cur_d=-0.00 vs=0.00 n=0 [none]
1786787889.816 [OBSTACLES] cur_s=6.54 cur_d=-0.00 vs=0.00 n=0 [none]
1786787890.323 [OBSTACLES] cur_s=6.55 cur_d=-0.00 vs=0.00 n=0 [none]
1786787890.828 [OBSTACLES] cur_s=6.54 cur_d=-0.00 vs=0.00 n=0 [none]
1786787891.358 [OBSTACLES] cur_s=6.54 cur_d=-0.00 vs=0.00 n=0 [none]
1786787891.966 [OBSTACLES] cur_s=6.55 cur_d=-0.00 vs=0.00 n=0 [none]
1786787892.523 [OBSTACLES] cur_s=6.55 cur_d=-0.00 vs=0.00 n=0 [none]
1786787893.064 [OBSTACLES] cur_s=6.54 cur_d=-0.00 vs=0.00 n=0 [none]
1786787893.606 [OBSTACLES] cur_s=6.54 cur_d=-0.00 vs=0.00 n=0 [none]
1786787894.113 [OBSTACLES] cur_s=6.54 cur_d=-0.00 vs=0.00 n=0 [none]
1786787894.631 [OBSTACLES] cur_s=6.55 cur_d=-0.00 vs=0.00 n=0 [none]
1786787895.172 [OBSTACLES] cur_s=6.54 cur_d=-0.00 vs=0.00 n=0 [none]
1786787895.752 [OBSTACLES] cur_s=6.54 cur_d=-0.00 vs=0.00 n=0 [none]
1786787896.288 [OBSTACLES] cur_s=6.54 cur_d=-0.00 vs=0.00 n=0 [none]
1786787896.833 [OBSTACLES] cur_s=6.54 cur_d=-0.00 vs=0.00 n=0 [none]
1786787897.352 [OBSTACLES] cur_s=6.54 cur_d=-0.00 vs=0.00 n=0 [none]
1786787897.904 [OBSTACLES] cur_s=6.54 cur_d=0.00 vs=0.00 n=0 [none]
1786787898.465 [OBSTACLES] cur_s=6.54 cur_d=-0.00 vs=0.00 n=0 [none]
1786787898.972 [OBSTACLES] cur_s=6.54 cur_d=-0.00 vs=0.00 n=0 [none]
1786787899.477 [OBSTACLES] cur_s=6.54 cur_d=-0.00 vs=0.00 n=0 [none]
1786787900.010 [OBSTACLES] cur_s=6.55 cur_d=-0.00 vs=0.00 n=0 [none]
1786787900.672 [OBSTACLES] cur_s=6.55 cur_d=-0.00 vs=0.00 n=0 [none]
1786787901.203 [OBSTACLES] cur_s=6.54 cur_d=-0.00 vs=0.00 n=0 [none]
1786787901.732 [OBSTACLES] cur_s=6.54 cur_d=-0.00 vs=0.00 n=0 [none]
1786787902.301 [OBSTACLES] cur_s=6.54 cur_d=-0.00 vs=0.00 n=0 [none]
1786787902.832 [OBSTACLES] cur_s=6.54 cur_d=-0.00 vs=0.00 n=0 [none]
1786787903.436 [OBSTACLES] cur_s=6.55 cur_d=-0.00 vs=0.00 n=0 [none]
1786787903.947 [OBSTACLES] cur_s=6.54 cur_d=-0.00 vs=0.00 n=0 [none]
1786787904.452 [OBSTACLES] cur_s=6.54 cur_d=-0.00 vs=0.00 n=0 [none]
1786787904.962 [OBSTACLES] cur_s=6.54 cur_d=-0.00 vs=0.00 n=0 [none]
1786787905.498 [OBSTACLES] cur_s=6.54 cur_d=-0.00 vs=0.00 n=0 [none]
1786787906.042 [OBSTACLES] cur_s=6.55 cur_d=-0.00 vs=0.00 n=0 [none]
1786787906.562 [OBSTACLES] cur_s=6.54 cur_d=-0.00 vs=0.00 n=0 [none]
1786787907.076 [OBSTACLES] cur_s=6.54 cur_d=-0.00 vs=0.00 n=0 [none]
1786787907.577 [OBSTACLES] cur_s=6.54 cur_d=-0.00 vs=0.00 n=0 [none]
1786787908.087 [OBSTACLES] cur_s=6.55 cur_d=-0.00 vs=0.00 n=0 [none]
1786787908.616 [OBSTACLES] cur_s=6.54 cur_d=-0.00 vs=0.00 n=0 [none]
1786787909.161 [OBSTACLES] cur_s=6.54 cur_d=-0.00 vs=0.00 n=0 [none]
1786787909.701 [OBSTACLES] cur_s=6.54 cur_d=-0.00 vs=0.00 n=0 [none]
1786787910.203 [OBSTACLES] cur_s=6.54 cur_d=-0.00 vs=0.00 n=0 [none]
1786787910.737 [OBSTACLES] cur_s=6.54 cur_d=-0.00 vs=0.00 n=0 [none]
1786787911.293 [OBSTACLES] cur_s=6.54 cur_d=-0.00 vs=0.00 n=0 [none]
1786787911.803 [OBSTACLES] cur_s=6.54 cur_d=-0.00 vs=0.00 n=0 [none]
1786787912.305 [OBSTACLES] cur_s=6.54 cur_d=-0.00 vs=0.00 n=0 [none]
1786787912.826 [OBSTACLES] cur_s=6.54 cur_d=-0.00 vs=0.00 n=0 [none]
1786787913.342 [OBSTACLES] cur_s=6.54 cur_d=-0.00 vs=0.00 n=0 [none]
1786787913.847 [OBSTACLES] cur_s=6.54 cur_d=-0.00 vs=0.00 n=0 [none]
1786787914.403 [OBSTACLES] cur_s=6.54 cur_d=-0.00 vs=0.00 n=0 [none]
1786787914.921 [OBSTACLES] cur_s=6.60 cur_d=-0.01 vs=0.72 n=0 [none]
1786787915.452 [OBSTACLES] cur_s=7.60 cur_d=0.06 vs=3.27 n=0 [none]
1786787915.956 [OBSTACLES] cur_s=9.45 cur_d=0.10 vs=3.28 n=0 [none]
1786787916.496 [OBSTACLES] cur_s=10.88 cur_d=-0.00 vs=2.48 n=0 [none]
1786787916.859 [STATE_CHANGE] GB_TRACK -> LOSTLINE src=GB_TRACK s=11.90 d=0.32 vs=2.33
1786787916.914 [STATE_CHANGE] LOSTLINE -> RECOVERY src=RECOVERY s=12.04 d=0.35 vs=2.41
1786787917.022 [OBSTACLES] cur_s=12.30 cur_d=0.35 vs=2.51 n=0 [none]
1786787917.428 [STATE_CHANGE] RECOVERY -> GB_TRACK src=GB_TRACK s=13.69 d=0.05 vs=2.91
1786787917.664 [OBSTACLES] cur_s=14.52 cur_d=-0.06 vs=3.10 n=0 [none]
1786787918.202 [OBSTACLES] cur_s=16.02 cur_d=0.10 vs=2.53 n=0 [none]
1786787918.749 [OBSTACLES] cur_s=17.27 cur_d=0.19 vs=2.80 n=1 [id=1 static=1 gap=2.13m d=0.70 size=0.26]
1786787918.972 [STATIC_OT] state=GB_TRACK path_exists=0 path_locked=0 path_ttl_ok=0 path_safe=0 on_spline=0 speed=3.17 raw_wpnts=0 raw_age=-s decision=TRAILING reason=NO_STATIC_PATH
1786787918.974 [STATE_CHANGE] GB_TRACK -> TRAILING src=GB_TRACK s=17.96 d=0.30 vs=3.17
1786787919.200 [STATIC_OT] state=TRAILING path_exists=0 path_locked=0 path_ttl_ok=0 path_safe=0 on_spline=0 speed=3.41 raw_wpnts=0 raw_age=-s decision=TRAILING reason=NO_STATIC_PATH
1786787919.285 [OBSTACLES] cur_s=18.78 cur_d=0.35 vs=3.18 n=0 [none]
1786787919.285 [STATE_CHANGE] TRAILING -> LOSTLINE src=GB_TRACK s=18.78 d=0.35 vs=3.18
1786787919.411 [STATE_CHANGE] LOSTLINE -> RECOVERY src=RECOVERY s=18.92 d=0.34 vs=3.15
1786787919.701 [STATE_CHANGE] RECOVERY -> GB_TRACK src=GB_TRACK s=20.17 d=0.05 vs=3.24
1786787919.797 [OBSTACLES] cur_s=20.34 cur_d=0.02 vs=3.29 n=0 [none]
1786787920.297 [OBSTACLES] cur_s=22.40 cur_d=-0.06 vs=3.44 n=0 [none]
1786787920.800 [OBSTACLES] cur_s=23.98 cur_d=-0.10 vs=3.44 n=0 [none]
1786787921.357 [OBSTACLES] cur_s=25.85 cur_d=-0.01 vs=3.43 n=0 [none]
1786787921.867 [OBSTACLES] cur_s=27.73 cur_d=0.18 vs=3.44 n=0 [none]
1786787922.628 [OBSTACLES] cur_s=30.04 cur_d=0.18 vs=3.39 n=0 [none]
1786787922.849 [STATE_CHANGE] GB_TRACK -> LOSTLINE src=GB_TRACK s=30.91 d=0.32 vs=3.40
1786787923.137 [OBSTACLES] cur_s=32.34 cur_d=0.30 vs=3.34 n=0 [none]
1786787923.181 [STATE_CHANGE] LOSTLINE -> GB_TRACK src=GB_TRACK s=32.44 d=0.28 vs=3.32
1786787923.651 [OBSTACLES] cur_s=33.86 cur_d=0.19 vs=3.27 n=0 [none]
1786787924.210 [OBSTACLES] cur_s=1.24 cur_d=0.31 vs=3.44 n=0 [none]
1786787924.210 [STATE_CHANGE] GB_TRACK -> LOSTLINE src=GB_TRACK s=1.24 d=0.31 vs=3.44
1786787924.405 [STATE_CHANGE] LOSTLINE -> GB_TRACK src=GB_TRACK s=1.60 d=0.28 vs=3.41
1786787924.784 [OBSTACLES] cur_s=2.91 cur_d=0.01 vs=3.41 n=0 [none]
1786787925.288 [OBSTACLES] cur_s=4.56 cur_d=0.05 vs=3.44 n=0 [none]
1786787925.835 [OBSTACLES] cur_s=6.59 cur_d=-0.09 vs=3.43 n=0 [none]
1786787926.382 [OBSTACLES] cur_s=8.35 cur_d=-0.07 vs=3.41 n=0 [none]
1786787927.004 [OBSTACLES] cur_s=10.51 cur_d=0.05 vs=2.62 n=0 [none]
1786787927.524 [OBSTACLES] cur_s=11.71 cur_d=-0.01 vs=2.39 n=0 [none]
1786787928.038 [OBSTACLES] cur_s=13.15 cur_d=0.24 vs=3.24 n=0 [none]
1786787928.144 [STATE_CHANGE] GB_TRACK -> LOSTLINE src=GB_TRACK s=13.50 d=0.29 vs=3.36
1786787928.237 [STATE_CHANGE] LOSTLINE -> RECOVERY src=RECOVERY s=13.82 d=0.37 vs=3.39
1786787928.564 [OBSTACLES] cur_s=14.51 cur_d=0.26 vs=3.12 n=0 [none]
1786787929.131 [OBSTACLES] cur_s=16.15 cur_d=-0.27 vs=2.40 n=0 [none]
1786787929.435 [STATE_CHANGE] RECOVERY -> GB_TRACK src=GB_TRACK s=16.64 d=-0.03 vs=2.26
1786787929.655 [OBSTACLES] cur_s=16.98 cur_d=0.12 vs=2.33 n=0 [none]
1786787930.196 [OBSTACLES] cur_s=18.31 cur_d=0.01 vs=3.18 n=0 [none]
1786787930.753 [OBSTACLES] cur_s=19.21 cur_d=0.03 vs=3.34 n=0 [none]
1786787930.952 [STATE_CHANGE] GB_TRACK -> LOSTLINE src=GB_TRACK s=20.47 d=0.50 vs=3.04
1786787931.280 [OBSTACLES] cur_s=21.65 cur_d=0.66 vs=2.54 n=0 [none]
1786787931.686 [STATE_CHANGE] LOSTLINE -> GB_TRACK src=GB_TRACK s=22.53 d=0.28 vs=1.69
1786787931.869 [OBSTACLES] cur_s=23.01 cur_d=0.17 vs=2.66 n=0 [none]
1786787932.388 [OBSTACLES] cur_s=24.79 cur_d=0.19 vs=3.42 n=0 [none]
1786787932.918 [OBSTACLES] cur_s=26.43 cur_d=0.02 vs=3.43 n=0 [none]
1786787933.384 [STATE_CHANGE] GB_TRACK -> RECOVERY src=RECOVERY s=28.34 d=0.31 vs=3.42
1786787933.428 [OBSTACLES] cur_s=28.53 cur_d=0.33 vs=3.47 n=0 [none]
1786787933.931 [OBSTACLES] cur_s=30.07 cur_d=0.06 vs=2.93 n=0 [none]
1786787934.460 [OBSTACLES] cur_s=31.79 cur_d=0.30 vs=3.38 n=0 [none]
1786787934.984 [OBSTACLES] cur_s=33.21 cur_d=0.16 vs=3.16 n=0 [none]
1786787935.512 [OBSTACLES] cur_s=0.38 cur_d=0.17 vs=3.34 n=0 [none]
1786787936.071 [OBSTACLES] cur_s=2.46 cur_d=0.13 vs=3.33 n=0 [none]
1786787936.157 [STATE_CHANGE] RECOVERY -> GB_TRACK src=GB_TRACK s=2.82 d=0.05 vs=3.34
1786787936.645 [OBSTACLES] cur_s=4.14 cur_d=-0.04 vs=3.44 n=0 [none]
1786787937.278 [OBSTACLES] cur_s=6.49 cur_d=0.03 vs=3.44 n=0 [none]
1786787937.783 [OBSTACLES] cur_s=7.97 cur_d=-0.16 vs=3.44 n=0 [none]
1786787938.383 [OBSTACLES] cur_s=10.01 cur_d=0.14 vs=3.01 n=0 [none]
1786787938.911 [OBSTACLES] cur_s=11.43 cur_d=-0.03 vs=2.31 n=0 [none]
1786787939.436 [OBSTACLES] cur_s=12.78 cur_d=0.24 vs=2.87 n=0 [none]
1786787939.551 [STATE_CHANGE] GB_TRACK -> LOSTLINE src=GB_TRACK s=13.02 d=0.31 vs=3.08
1786787939.943 [OBSTACLES] cur_s=14.65 cur_d=0.37 vs=2.96 n=0 [none]
1786787940.030 [STATE_CHANGE] LOSTLINE -> GB_TRACK src=GB_TRACK s=14.87 d=0.26 vs=2.65
1786787940.442 [STATE_CHANGE] GB_TRACK -> LOSTLINE src=GB_TRACK s=15.50 d=-0.32 vs=2.00
1786787940.527 [OBSTACLES] cur_s=15.65 cur_d=-0.39 vs=1.91 n=0 [none]
1786787940.847 [STATE_CHANGE] LOSTLINE -> GB_TRACK src=GB_TRACK s=16.48 d=-0.24 vs=2.34
1786787941.156 [OBSTACLES] cur_s=16.84 cur_d=0.01 vs=2.10 n=0 [none]
1786787941.816 [OBSTACLES] cur_s=18.40 cur_d=0.03 vs=2.92 n=0 [none]
1786787942.329 [OBSTACLES] cur_s=19.32 cur_d=-0.14 vs=3.39 n=0 [none]
1786787942.632 [STATE_CHANGE] GB_TRACK -> LOSTLINE src=GB_TRACK s=21.00 d=0.34 vs=3.10
1786787942.851 [OBSTACLES] cur_s=21.58 cur_d=0.51 vs=3.36 n=0 [none]
1786787943.234 [STATE_CHANGE] LOSTLINE -> GB_TRACK src=GB_TRACK s=22.79 d=0.22 vs=2.86
1786787943.377 [OBSTACLES] cur_s=22.99 cur_d=0.03 vs=3.00 n=0 [none]
1786787943.969 [OBSTACLES] cur_s=25.29 cur_d=0.12 vs=3.24 n=0 [none]
1786787944.601 [OBSTACLES] cur_s=27.27 cur_d=0.02 vs=3.22 n=0 [none]
1786787945.006 [STATE_CHANGE] GB_TRACK -> LOSTLINE src=GB_TRACK s=28.66 d=-0.31 vs=3.07
1786787945.148 [OBSTACLES] cur_s=28.88 cur_d=-0.35 vs=3.11 n=0 [none]
1786787945.660 [OBSTACLES] cur_s=30.06 cur_d=-0.26 vs=3.22 n=0 [none]
1786787945.660 [STATE_CHANGE] LOSTLINE -> GB_TRACK src=GB_TRACK s=30.06 d=-0.26 vs=3.22
1786787946.128 [STATE_CHANGE] GB_TRACK -> LOSTLINE src=GB_TRACK s=31.61 d=0.30 vs=3.11
1786787946.167 [OBSTACLES] cur_s=31.73 cur_d=0.31 vs=3.13 n=0 [none]
1786787946.328 [STATE_CHANGE] LOSTLINE -> GB_TRACK src=GB_TRACK s=32.21 d=0.28 vs=3.09
1786787946.746 [OBSTACLES] cur_s=33.43 cur_d=-0.17 vs=2.87 n=0 [none]
1786787947.309 [OBSTACLES] cur_s=0.46 cur_d=-0.09 vs=3.28 n=0 [none]
1786787947.815 [OBSTACLES] cur_s=1.87 cur_d=0.22 vs=3.43 n=0 [none]
1786787948.428 [OBSTACLES] cur_s=3.85 cur_d=-0.18 vs=3.43 n=0 [none]
1786787948.949 [OBSTACLES] cur_s=5.86 cur_d=-0.01 vs=3.41 n=0 [none]
1786787949.458 [OBSTACLES] cur_s=7.56 cur_d=-0.15 vs=3.41 n=0 [none]
1786787949.969 [OBSTACLES] cur_s=9.18 cur_d=0.00 vs=3.31 n=0 [none]
1786787950.478 [OBSTACLES] cur_s=10.56 cur_d=0.18 vs=2.51 n=0 [none]
1786787951.125 [OBSTACLES] cur_s=12.09 cur_d=-0.01 vs=2.53 n=0 [none]
1786787951.649 [OBSTACLES] cur_s=13.94 cur_d=0.32 vs=3.37 n=0 [none]
1786787951.650 [STATE_CHANGE] GB_TRACK -> LOSTLINE src=GB_TRACK s=13.94 d=0.32 vs=3.37
1786787951.762 [STATE_CHANGE] LOSTLINE -> GB_TRACK src=GB_TRACK s=14.27 d=0.25 vs=3.33
1786787952.165 [OBSTACLES] cur_s=15.61 cur_d=-0.09 vs=2.48 n=0 [none]
1786787952.695 [OBSTACLES] cur_s=16.75 cur_d=0.15 vs=2.47 n=0 [none]
1786787953.234 [OBSTACLES] cur_s=18.11 cur_d=0.12 vs=3.19 n=0 [none]
1786787953.747 [OBSTACLES] cur_s=19.10 cur_d=0.24 vs=3.42 n=0 [none]
1786787954.309 [OBSTACLES] cur_s=21.46 cur_d=0.00 vs=3.27 n=0 [none]
1786787954.689 [STATE_CHANGE] GB_TRACK -> LOSTLINE src=GB_TRACK s=23.14 d=-0.35 vs=3.42
1786787954.869 [OBSTACLES] cur_s=23.79 cur_d=-0.20 vs=3.23 n=0 [none]
1786787954.869 [STATE_CHANGE] LOSTLINE -> GB_TRACK src=GB_TRACK s=23.79 d=-0.20 vs=3.23
1786787955.440 [OBSTACLES] cur_s=25.27 cur_d=0.14 vs=3.42 n=0 [none]
1786787955.970 [OBSTACLES] cur_s=27.12 cur_d=-0.08 vs=3.39 n=0 [none]
1786787956.375 [STATE_CHANGE] GB_TRACK -> LOSTLINE src=GB_TRACK s=28.68 d=0.33 vs=3.39
1786787956.457 [STATE_CHANGE] LOSTLINE -> GB_TRACK src=GB_TRACK s=28.90 d=0.29 vs=3.39
1786787956.524 [OBSTACLES] cur_s=29.10 cur_d=0.23 vs=3.42 n=0 [none]
1786787957.054 [OBSTACLES] cur_s=30.82 cur_d=-0.09 vs=3.42 n=0 [none]
1786787957.561 [OBSTACLES] cur_s=32.62 cur_d=0.22 vs=3.10 n=0 [none]
1786787958.095 [OBSTACLES] cur_s=34.46 cur_d=0.17 vs=3.39 n=0 [none]
1786787958.650 [OBSTACLES] cur_s=1.28 cur_d=0.15 vs=3.39 n=0 [none]
1786787959.254 [OBSTACLES] cur_s=3.51 cur_d=0.06 vs=3.37 n=0 [none]
1786787959.852 [OBSTACLES] cur_s=5.73 cur_d=-0.09 vs=3.42 n=0 [none]
1786787960.363 [OBSTACLES] cur_s=7.22 cur_d=-0.04 vs=3.44 n=0 [none]
1786787960.959 [OBSTACLES] cur_s=9.48 cur_d=0.04 vs=3.26 n=0 [none]
1786787961.518 [OBSTACLES] cur_s=11.00 cur_d=0.06 vs=2.46 n=0 [none]
1786787962.020 [OBSTACLES] cur_s=12.36 cur_d=0.12 vs=2.87 n=0 [none]
1786787962.565 [OBSTACLES] cur_s=14.19 cur_d=0.19 vs=3.43 n=0 [none]
1786787963.156 [OBSTACLES] cur_s=15.87 cur_d=-0.05 vs=2.40 n=0 [none]
1786787963.661 [OBSTACLES] cur_s=16.90 cur_d=0.13 vs=2.52 n=0 [none]
1786787964.167 [OBSTACLES] cur_s=18.47 cur_d=0.26 vs=3.27 n=0 [none]
1786787964.674 [OBSTACLES] cur_s=20.78 cur_d=0.11 vs=3.42 n=0 [none]
1786787965.233 [OBSTACLES] cur_s=22.78 cur_d=-0.07 vs=3.39 n=0 [none]
1786787965.751 [OBSTACLES] cur_s=24.45 cur_d=-0.15 vs=3.42 n=0 [none]
1786787965.783 [STATIC_OT] state=GB_TRACK path_exists=0 path_locked=0 path_ttl_ok=0 path_safe=0 on_spline=0 speed=3.41 raw_wpnts=0 raw_age=-s decision=TRAILING reason=NO_STATIC_PATH
1786787965.784 [STATE_CHANGE] GB_TRACK -> TRAILING src=GB_TRACK s=24.56 d=-0.13 vs=3.41
1786787965.962 [STATIC_OT_TRANSITION] first_valid_path_to_overtake_ms=0.1
1786787965.971 [STATE_CHANGE] TRAILING -> OVERTAKE src=OVERTAKE s=24.90 d=-0.07 vs=3.39
1786787966.383 [OBSTACLES] cur_s=26.00 cur_d=0.15 vs=3.11 n=1 [id=3 static=1 gap=2.84m d=0.21 size=0.15]
1786787966.926 [OBSTACLES] cur_s=27.68 cur_d=-0.07 vs=3.15 n=0 [none]
1786787967.485 [OBSTACLES] cur_s=29.01 cur_d=-0.10 vs=2.92 n=0 [none]
1786787968.023 [OBSTACLES] cur_s=30.76 cur_d=0.15 vs=3.42 n=0 [none]
1786787968.527 [OBSTACLES] cur_s=32.45 cur_d=0.14 vs=3.37 n=0 [none]
1786787969.033 [OBSTACLES] cur_s=34.37 cur_d=0.24 vs=3.39 n=0 [none]
1786787969.319 [STATE_CHANGE] OVERTAKE -> LOSTLINE src=GB_TRACK s=0.65 d=0.23 vs=3.43
1786787969.362 [STATE_CHANGE] LOSTLINE -> GB_TRACK src=GB_TRACK s=0.67 d=0.23 vs=3.43
1786787969.587 [OBSTACLES] cur_s=1.38 cur_d=0.23 vs=3.45 n=0 [none]
1786787970.162 [OBSTACLES] cur_s=3.70 cur_d=0.02 vs=3.43 n=0 [none]
1786787970.676 [OBSTACLES] cur_s=5.38 cur_d=-0.13 vs=3.45 n=0 [none]
1786787971.238 [OBSTACLES] cur_s=7.40 cur_d=-0.04 vs=3.45 n=0 [none]
1786787971.747 [OBSTACLES] cur_s=9.22 cur_d=-0.03 vs=3.35 n=0 [none]
1786787972.287 [OBSTACLES] cur_s=10.82 cur_d=0.09 vs=2.51 n=0 [none]
1786787972.824 [OBSTACLES] cur_s=12.23 cur_d=0.21 vs=2.73 n=0 [none]
1786787973.326 [OBSTACLES] cur_s=13.86 cur_d=0.25 vs=3.40 n=0 [none]
1786787973.839 [OBSTACLES] cur_s=15.26 cur_d=-0.04 vs=2.67 n=0 [none]
1786787974.663 [OBSTACLES] cur_s=17.39 cur_d=0.19 vs=2.79 n=0 [none]
1786787975.216 [OBSTACLES] cur_s=19.20 cur_d=0.09 vs=3.41 n=0 [none]
1786787975.797 [OBSTACLES] cur_s=20.96 cur_d=0.08 vs=3.44 n=0 [none]
1786787976.334 [OBSTACLES] cur_s=22.94 cur_d=-0.24 vs=3.43 n=0 [none]
1786787976.945 [OBSTACLES] cur_s=24.69 cur_d=0.07 vs=3.39 n=0 [none]
1786787977.507 [OBSTACLES] cur_s=26.76 cur_d=-0.05 vs=3.43 n=0 [none]
1786787978.020 [OBSTACLES] cur_s=28.55 cur_d=0.25 vs=3.31 n=0 [none]
1786787978.568 [OBSTACLES] cur_s=30.28 cur_d=0.10 vs=3.42 n=0 [none]
1786787979.069 [OBSTACLES] cur_s=32.20 cur_d=0.23 vs=3.35 n=0 [none]
1786787979.316 [STATE_CHANGE] GB_TRACK -> LOSTLINE src=GB_TRACK s=33.01 d=0.32 vs=3.30
1786787979.604 [OBSTACLES] cur_s=34.17 cur_d=0.30 vs=3.34 n=0 [none]
1786787979.660 [STATE_CHANGE] LOSTLINE -> GB_TRACK src=GB_TRACK s=34.46 d=0.26 vs=3.38
1786787980.170 [OBSTACLES] cur_s=1.18 cur_d=0.20 vs=3.38 n=0 [none]
1786787980.436 [STATE_CHANGE] GB_TRACK -> LOSTLINE src=GB_TRACK s=2.02 d=0.32 vs=3.44
1786787980.599 [STATE_CHANGE] LOSTLINE -> GB_TRACK src=GB_TRACK s=2.54 d=0.28 vs=3.41
1786787980.696 [OBSTACLES] cur_s=2.90 cur_d=0.22 vs=3.35 n=0 [none]
1786787981.268 [OBSTACLES] cur_s=4.85 cur_d=-0.13 vs=3.45 n=0 [none]
1786787981.827 [OBSTACLES] cur_s=6.98 cur_d=0.03 vs=3.45 n=0 [none]
1786787982.339 [OBSTACLES] cur_s=8.48 cur_d=-0.11 vs=3.45 n=0 [none]
1786787982.860 [OBSTACLES] cur_s=10.22 cur_d=0.13 vs=2.80 n=0 [none]
1786787983.464 [OBSTACLES] cur_s=11.90 cur_d=-0.06 vs=2.43 n=0 [none]
1786787984.032 [OBSTACLES] cur_s=13.24 cur_d=0.23 vs=3.27 n=0 [none]
1786787984.207 [STATE_CHANGE] GB_TRACK -> LOSTLINE src=GB_TRACK s=13.77 d=0.31 vs=3.39
1786787984.405 [STATE_CHANGE] LOSTLINE -> GB_TRACK src=GB_TRACK s=14.59 d=0.26 vs=3.04
1786787984.606 [OBSTACLES] cur_s=15.04 cur_d=0.00 vs=2.65 n=0 [none]
1786787985.126 [OBSTACLES] cur_s=16.21 cur_d=-0.17 vs=2.41 n=0 [none]
1786787985.643 [OBSTACLES] cur_s=16.97 cur_d=0.05 vs=2.35 n=0 [none]
1786787986.206 [OBSTACLES] cur_s=18.52 cur_d=0.00 vs=3.32 n=0 [none]
1786787986.731 [OBSTACLES] cur_s=20.19 cur_d=0.07 vs=3.33 n=0 [none]
1786787987.297 [OBSTACLES] cur_s=22.35 cur_d=0.01 vs=3.31 n=0 [none]
1786787987.835 [OBSTACLES] cur_s=24.16 cur_d=-0.20 vs=3.39 n=0 [none]
1786787988.423 [OBSTACLES] cur_s=26.35 cur_d=0.20 vs=3.42 n=0 [none]
1786787988.970 [OBSTACLES] cur_s=28.12 cur_d=-0.04 vs=3.42 n=0 [none]
1786787989.497 [OBSTACLES] cur_s=29.81 cur_d=0.23 vs=3.38 n=0 [none]
1786787990.028 [OBSTACLES] cur_s=31.59 cur_d=0.17 vs=3.40 n=0 [none]
1786787990.633 [OBSTACLES] cur_s=33.88 cur_d=0.27 vs=3.32 n=0 [none]
1786787990.917 [STATE_CHANGE] GB_TRACK -> LOSTLINE src=GB_TRACK s=0.22 d=0.30 vs=3.43
1786787991.022 [STATE_CHANGE] LOSTLINE -> GB_TRACK src=GB_TRACK s=0.75 d=0.27 vs=3.44
1786787991.155 [OBSTACLES] cur_s=0.99 cur_d=0.28 vs=3.45 n=0 [none]
1786787991.726 [OBSTACLES] cur_s=2.83 cur_d=0.12 vs=3.42 n=0 [none]
1786787992.404 [OBSTACLES] cur_s=5.20 cur_d=-0.12 vs=3.46 n=0 [none]
1786787992.936 [OBSTACLES] cur_s=7.20 cur_d=-0.08 vs=3.44 n=0 [none]
1786787993.511 [OBSTACLES] cur_s=9.08 cur_d=0.01 vs=3.38 n=0 [none]
1786787994.023 [OBSTACLES] cur_s=10.74 cur_d=0.05 vs=2.56 n=0 [none]
1786787994.542 [OBSTACLES] cur_s=12.07 cur_d=0.20 vs=2.57 n=0 [none]
1786787995.083 [OBSTACLES] cur_s=13.95 cur_d=0.23 vs=3.40 n=0 [none]
1786787995.587 [OBSTACLES] cur_s=15.37 cur_d=-0.07 vs=2.65 n=0 [none]
1786787996.112 [OBSTACLES] cur_s=16.53 cur_d=0.12 vs=2.39 n=0 [none]
1786787996.755 [OBSTACLES] cur_s=18.18 cur_d=0.17 vs=3.10 n=0 [none]
1786787997.303 [OBSTACLES] cur_s=19.51 cur_d=0.13 vs=3.37 n=0 [none]
1786787997.485 [STATE_CHANGE] GB_TRACK -> LOSTLINE src=GB_TRACK s=20.42 d=0.30 vs=3.26
1786787997.811 [OBSTACLES] cur_s=21.31 cur_d=0.40 vs=3.40 n=0 [none]
1786787998.010 [STATE_CHANGE] LOSTLINE -> GB_TRACK src=GB_TRACK s=22.20 d=0.21 vs=3.08
1786787998.476 [OBSTACLES] cur_s=23.42 cur_d=-0.25 vs=3.41 n=0 [none]
1786787999.085 [OBSTACLES] cur_s=25.83 cur_d=0.25 vs=3.44 n=0 [none]
1786787999.634 [OBSTACLES] cur_s=27.64 cur_d=0.03 vs=3.42 n=0 [none]
1786788000.167 [OBSTACLES] cur_s=29.51 cur_d=0.25 vs=3.44 n=0 [none]
1786788000.728 [OBSTACLES] cur_s=31.29 cur_d=0.23 vs=3.44 n=0 [none]
1786788001.050 [STATE_CHANGE] GB_TRACK -> LOSTLINE src=GB_TRACK s=32.68 d=0.31 vs=3.32
1786788001.270 [OBSTACLES] cur_s=33.50 cur_d=0.35 vs=3.30 n=0 [none]
1786788001.550 [STATE_CHANGE] LOSTLINE -> GB_TRACK src=GB_TRACK s=0.15 d=0.28 vs=3.41
1786788001.789 [OBSTACLES] cur_s=0.58 cur_d=0.22 vs=3.42 n=0 [none]
1786788002.412 [OBSTACLES] cur_s=2.62 cur_d=0.17 vs=3.40 n=0 [none]
1786788002.947 [OBSTACLES] cur_s=4.48 cur_d=-0.05 vs=3.46 n=0 [none]
1786788003.505 [OBSTACLES] cur_s=6.48 cur_d=0.03 vs=3.46 n=0 [none]
1786788004.020 [OBSTACLES] cur_s=8.38 cur_d=-0.12 vs=3.46 n=0 [none]
1786788004.583 [OBSTACLES] cur_s=10.41 cur_d=0.12 vs=2.73 n=0 [none]
1786788005.091 [OBSTACLES] cur_s=11.65 cur_d=0.04 vs=2.38 n=0 [none]
1786788005.661 [OBSTACLES] cur_s=12.94 cur_d=0.17 vs=3.35 n=0 [none]
1786788006.237 [OBSTACLES] cur_s=14.87 cur_d=0.06 vs=3.00 n=0 [none]
1786788006.743 [OBSTACLES] cur_s=16.14 cur_d=-0.11 vs=2.40 n=0 [none]
1786788007.261 [OBSTACLES] cur_s=17.04 cur_d=0.10 vs=2.46 n=0 [none]
1786788007.801 [OBSTACLES] cur_s=18.53 cur_d=0.07 vs=3.32 n=0 [none]
1786788008.384 [OBSTACLES] cur_s=19.74 cur_d=0.09 vs=3.37 n=0 [none]
1786788008.554 [STATE_CHANGE] GB_TRACK -> LOSTLINE src=GB_TRACK s=20.92 d=0.40 vs=3.23
1786788008.919 [OBSTACLES] cur_s=22.23 cur_d=0.42 vs=2.69 n=0 [none]
1786788008.973 [STATE_CHANGE] LOSTLINE -> RECOVERY src=RECOVERY s=22.39 d=0.38 vs=2.60
1786788009.301 [STATE_CHANGE] RECOVERY -> GB_TRACK src=GB_TRACK s=23.34 d=0.03 vs=2.86
1786788009.506 [OBSTACLES] cur_s=23.84 cur_d=-0.09 vs=3.15 n=0 [none]
1786788010.027 [OBSTACLES] cur_s=25.66 cur_d=0.19 vs=3.38 n=0 [none]
1786788010.587 [OBSTACLES] cur_s=27.57 cur_d=-0.01 vs=3.39 n=0 [none]
1786788011.107 [OBSTACLES] cur_s=29.33 cur_d=0.10 vs=3.36 n=0 [none]
1786788011.421 [STATE_CHANGE] GB_TRACK -> LOSTLINE src=GB_TRACK s=30.51 d=0.29 vs=3.43
1786788011.655 [OBSTACLES] cur_s=31.40 cur_d=0.29 vs=3.44 n=0 [none]
1786788011.658 [STATE_CHANGE] LOSTLINE -> GB_TRACK src=GB_TRACK s=31.40 d=0.29 vs=3.44
1786788012.211 [OBSTACLES] cur_s=33.41 cur_d=0.22 vs=3.25 n=0 [none]
1786788012.630 [STATE_CHANGE] GB_TRACK -> LOSTLINE src=GB_TRACK s=0.27 d=0.30 vs=3.42
1786788012.731 [OBSTACLES] cur_s=0.57 cur_d=0.32 vs=3.42 n=0 [none]
1786788013.192 [STATE_CHANGE] LOSTLINE -> GB_TRACK src=GB_TRACK s=1.77 d=0.29 vs=3.43
1786788013.232 [OBSTACLES] cur_s=1.94 cur_d=0.26 vs=3.42 n=0 [none]
1786788013.733 [OBSTACLES] cur_s=3.80 cur_d=0.02 vs=3.44 n=0 [none]
1786788014.255 [OBSTACLES] cur_s=5.54 cur_d=0.00 vs=3.45 n=0 [none]
1786788014.763 [OBSTACLES] cur_s=7.26 cur_d=-0.02 vs=3.45 n=0 [none]
1786788015.320 [OBSTACLES] cur_s=9.31 cur_d=-0.02 vs=3.33 n=0 [none]
1786788015.855 [OBSTACLES] cur_s=11.01 cur_d=0.10 vs=2.50 n=0 [none]
1786788016.432 [OBSTACLES] cur_s=12.17 cur_d=0.07 vs=2.59 n=0 [none]
1786788016.790 [STATE_CHANGE] GB_TRACK -> LOSTLINE src=GB_TRACK s=13.56 d=0.30 vs=3.36
1786788016.990 [OBSTACLES] cur_s=14.18 cur_d=0.40 vs=3.41 n=0 [none]
1786788017.208 [STATE_CHANGE] LOSTLINE -> GB_TRACK src=GB_TRACK s=14.82 d=0.25 vs=2.87
1786788017.510 [OBSTACLES] cur_s=15.60 cur_d=-0.25 vs=2.13 n=0 [none]
1786788017.618 [STATE_CHANGE] GB_TRACK -> RECOVERY src=RECOVERY s=15.73 d=-0.30 vs=2.10
1786788018.079 [OBSTACLES] cur_s=16.65 cur_d=-0.16 vs=2.56 n=0 [none]
1786788018.325 [STATE_CHANGE] RECOVERY -> GB_TRACK src=GB_TRACK s=16.92 d=-0.05 vs=2.68
1786788018.601 [OBSTACLES] cur_s=17.64 cur_d=0.08 vs=2.85 n=0 [none]
1786788019.115 [OBSTACLES] cur_s=19.45 cur_d=-0.08 vs=3.43 n=0 [none]
1786788019.622 [OBSTACLES] cur_s=21.02 cur_d=0.09 vs=3.44 n=0 [none]
1786788020.143 [OBSTACLES] cur_s=22.87 cur_d=-0.14 vs=3.39 n=0 [none]
1786788020.653 [OBSTACLES] cur_s=24.60 cur_d=-0.09 vs=3.35 n=0 [none]
1786788021.155 [OBSTACLES] cur_s=26.12 cur_d=0.19 vs=3.44 n=0 [none]
1786788021.691 [OBSTACLES] cur_s=28.12 cur_d=-0.02 vs=3.41 n=0 [none]
1786788022.237 [OBSTACLES] cur_s=29.95 cur_d=0.26 vs=3.42 n=0 [none]
1786788022.991 [OBSTACLES] cur_s=32.64 cur_d=0.15 vs=3.33 n=0 [none]
1786788023.331 [STATE_CHANGE] GB_TRACK -> LOSTLINE src=GB_TRACK s=33.95 d=0.29 vs=3.29
1786788023.518 [OBSTACLES] cur_s=34.42 cur_d=0.31 vs=3.41 n=0 [none]
1786788023.828 [STATE_CHANGE] LOSTLINE -> GB_TRACK src=GB_TRACK s=0.90 d=0.27 vs=3.45
1786788024.043 [OBSTACLES] cur_s=1.43 cur_d=0.26 vs=3.45 n=0 [none]
1786788024.603 [OBSTACLES] cur_s=3.50 cur_d=0.12 vs=3.45 n=0 [none]
1786788025.106 [OBSTACLES] cur_s=5.29 cur_d=-0.03 vs=3.46 n=0 [none]
1786788025.631 [OBSTACLES] cur_s=7.25 cur_d=-0.07 vs=3.46 n=0 [none]
1786788026.162 [OBSTACLES] cur_s=9.21 cur_d=-0.01 vs=3.39 n=0 [none]
1786788026.710 [OBSTACLES] cur_s=10.66 cur_d=0.05 vs=2.54 n=0 [none]
1786788027.252 [OBSTACLES] cur_s=12.19 cur_d=0.22 vs=2.66 n=0 [none]
1786788027.810 [OBSTACLES] cur_s=13.80 cur_d=0.25 vs=3.39 n=0 [none]
1786788028.397 [OBSTACLES] cur_s=15.58 cur_d=-0.08 vs=2.43 n=0 [none]
1786788028.934 [OBSTACLES] cur_s=16.68 cur_d=0.12 vs=2.39 n=0 [none]
1786788029.459 [OBSTACLES] cur_s=18.27 cur_d=0.20 vs=3.26 n=0 [none]
1786788030.014 [OBSTACLES] cur_s=19.93 cur_d=0.13 vs=3.43 n=0 [none]
1786788030.585 [OBSTACLES] cur_s=22.04 cur_d=0.01 vs=3.39 n=0 [none]
1786788031.123 [OBSTACLES] cur_s=23.91 cur_d=-0.22 vs=3.40 n=0 [none]
1786788031.654 [OBSTACLES] cur_s=25.84 cur_d=0.18 vs=3.45 n=0 [none]
1786788032.218 [OBSTACLES] cur_s=27.72 cur_d=-0.08 vs=3.42 n=0 [none]
1786788032.749 [OBSTACLES] cur_s=29.21 cur_d=0.18 vs=3.34 n=0 [none]
1786788033.278 [OBSTACLES] cur_s=31.12 cur_d=0.18 vs=3.43 n=0 [none]
1786788033.807 [OBSTACLES] cur_s=32.96 cur_d=0.19 vs=3.26 n=0 [none]
1786788033.996 [STATE_CHANGE] GB_TRACK -> LOSTLINE src=GB_TRACK s=33.76 d=0.32 vs=3.27
1786788034.395 [OBSTACLES] cur_s=0.37 cur_d=0.31 vs=3.45 n=0 [none]
1786788034.446 [STATE_CHANGE] LOSTLINE -> GB_TRACK src=GB_TRACK s=0.90 d=0.29 vs=3.45
1786788034.938 [OBSTACLES] cur_s=2.20 cur_d=0.25 vs=3.45 n=0 [none]
1786788035.488 [OBSTACLES] cur_s=4.17 cur_d=0.01 vs=3.42 n=0 [none]
1786788036.052 [OBSTACLES] cur_s=6.15 cur_d=-0.11 vs=3.44 n=0 [none]
1786788036.585 [OBSTACLES] cur_s=7.92 cur_d=-0.02 vs=3.46 n=0 [none]
1786788037.113 [OBSTACLES] cur_s=9.77 cur_d=-0.02 vs=3.13 n=0 [none]
1786788037.632 [OBSTACLES] cur_s=11.28 cur_d=0.16 vs=2.45 n=0 [none]
1786788038.150 [OBSTACLES] cur_s=12.59 cur_d=0.16 vs=2.87 n=0 [none]
1786788038.530 [STATE_CHANGE] GB_TRACK -> LOSTLINE src=GB_TRACK s=13.80 d=0.30 vs=3.38
1786788038.721 [OBSTACLES] cur_s=14.29 cur_d=0.39 vs=3.37 n=0 [none]
1786788038.945 [STATE_CHANGE] LOSTLINE -> GB_TRACK src=GB_TRACK s=15.13 d=0.15 vs=2.46
1786788039.235 [OBSTACLES] cur_s=15.71 cur_d=-0.23 vs=1.99 n=0 [none]
1786788039.736 [OBSTACLES] cur_s=16.66 cur_d=-0.13 vs=2.43 n=0 [none]
1786788040.350 [OBSTACLES] cur_s=17.77 cur_d=0.11 vs=2.75 n=0 [none]
1786788040.891 [OBSTACLES] cur_s=19.64 cur_d=-0.16 vs=3.42 n=0 [none]
1786788041.457 [OBSTACLES] cur_s=21.65 cur_d=0.11 vs=3.42 n=0 [none]
1786788042.002 [OBSTACLES] cur_s=23.53 cur_d=-0.27 vs=3.44 n=0 [none]
1786788042.565 [OBSTACLES] cur_s=25.31 cur_d=0.10 vs=3.40 n=0 [none]
1786788043.087 [OBSTACLES] cur_s=27.11 cur_d=0.05 vs=3.44 n=0 [none]
1786788043.666 [OBSTACLES] cur_s=29.04 cur_d=0.21 vs=3.42 n=0 [none]
1786788044.218 [OBSTACLES] cur_s=31.16 cur_d=0.20 vs=3.43 n=0 [none]
1786788044.561 [STATE_CHANGE] GB_TRACK -> LOSTLINE src=GB_TRACK s=32.56 d=0.30 vs=3.32
1786788044.825 [OBSTACLES] cur_s=33.77 cur_d=0.37 vs=3.29 n=0 [none]
1786788045.077 [STATE_CHANGE] LOSTLINE -> GB_TRACK src=GB_TRACK s=0.15 d=0.27 vs=3.40
1786788045.347 [OBSTACLES] cur_s=0.63 cur_d=0.21 vs=3.43 n=0 [none]
1786788045.803 [STATE_CHANGE] GB_TRACK -> LOSTLINE src=GB_TRACK s=1.95 d=0.30 vs=3.45
1786788045.891 [OBSTACLES] cur_s=2.15 cur_d=0.29 vs=3.45 n=0 [none]
1786788045.895 [STATE_CHANGE] LOSTLINE -> GB_TRACK src=GB_TRACK s=2.15 d=0.29 vs=3.45
1786788046.431 [OBSTACLES] cur_s=4.07 cur_d=-0.05 vs=3.43 n=0 [none]
1786788046.941 [OBSTACLES] cur_s=5.97 cur_d=-0.02 vs=3.43 n=0 [none]
1786788047.462 [OBSTACLES] cur_s=7.90 cur_d=-0.09 vs=3.44 n=0 [none]
1786788048.013 [OBSTACLES] cur_s=9.68 cur_d=0.02 vs=3.08 n=0 [none]
1786788048.557 [OBSTACLES] cur_s=11.19 cur_d=0.04 vs=2.37 n=0 [none]
1786788049.122 [OBSTACLES] cur_s=12.54 cur_d=0.01 vs=2.82 n=0 [none]
1786788049.634 [OBSTACLES] cur_s=13.80 cur_d=0.25 vs=3.40 n=0 [none]
1786788049.766 [STATE_CHANGE] GB_TRACK -> LOSTLINE src=GB_TRACK s=14.22 d=0.29 vs=3.40
1786788049.846 [STATE_CHANGE] LOSTLINE -> GB_TRACK src=GB_TRACK s=14.57 d=0.25 vs=3.29
1786788050.104 [STATE_CHANGE] GB_TRACK -> LOSTLINE src=GB_TRACK s=15.60 d=-0.41 vs=2.25
1786788050.178 [OBSTACLES] cur_s=15.76 cur_d=-0.50 vs=2.07 n=0 [none]
1786788050.759 [OBSTACLES] cur_s=16.53 cur_d=-0.37 vs=1.87 n=0 [none]
1786788050.928 [STATE_CHANGE] LOSTLINE -> GB_TRACK src=GB_TRACK s=16.71 d=-0.20 vs=1.81
1786788051.289 [OBSTACLES] cur_s=17.64 cur_d=0.08 vs=2.52 n=0 [none]
1786788051.847 [OBSTACLES] cur_s=19.32 cur_d=-0.04 vs=3.40 n=0 [none]
1786788052.412 [OBSTACLES] cur_s=21.13 cur_d=0.12 vs=3.44 n=0 [none]
1786788052.932 [OBSTACLES] cur_s=22.96 cur_d=-0.29 vs=3.39 n=0 [none]
1786788052.933 [STATE_CHANGE] GB_TRACK -> RECOVERY src=RECOVERY s=22.96 d=-0.29 vs=3.39
1786788053.515 [OBSTACLES] cur_s=24.86 cur_d=0.02 vs=3.07 n=0 [none]
1786788053.520 [STATE_CHANGE] RECOVERY -> GB_TRACK src=GB_TRACK s=24.86 d=0.02 vs=3.07
1786788054.073 [OBSTACLES] cur_s=26.44 cur_d=-0.05 vs=3.40 n=0 [none]
1786788054.581 [OBSTACLES] cur_s=27.83 cur_d=0.21 vs=3.37 n=0 [none]
1786788054.739 [STATE_CHANGE] GB_TRACK -> LOSTLINE src=GB_TRACK s=28.40 d=0.32 vs=3.42
1786788054.881 [STATE_CHANGE] LOSTLINE -> GB_TRACK src=GB_TRACK s=29.13 d=0.21 vs=3.42
1786788055.117 [OBSTACLES] cur_s=29.80 cur_d=0.09 vs=3.37 n=0 [none]
1786788055.629 [OBSTACLES] cur_s=31.49 cur_d=0.07 vs=3.38 n=0 [none]
1786788056.032 [STATE_CHANGE] GB_TRACK -> LOSTLINE src=GB_TRACK s=33.16 d=0.31 vs=3.33
1786788056.197 [OBSTACLES] cur_s=33.59 cur_d=0.28 vs=3.28 n=0 [none]
1786788056.200 [STATE_CHANGE] LOSTLINE -> GB_TRACK src=GB_TRACK s=33.59 d=0.28 vs=3.28
1786788056.737 [OBSTACLES] cur_s=0.74 cur_d=0.07 vs=3.41 n=0 [none]
1786788057.338 [OBSTACLES] cur_s=2.57 cur_d=0.27 vs=3.42 n=0 [none]
1786788057.852 [OBSTACLES] cur_s=4.45 cur_d=-0.17 vs=3.42 n=0 [none]
1786788058.362 [OBSTACLES] cur_s=6.47 cur_d=0.01 vs=3.41 n=0 [none]
1786788058.891 [OBSTACLES] cur_s=8.06 cur_d=-0.09 vs=3.42 n=0 [none]
1786788059.459 [OBSTACLES] cur_s=9.81 cur_d=0.03 vs=3.03 n=0 [none]
1786788060.046 [OBSTACLES] cur_s=11.39 cur_d=0.02 vs=2.29 n=0 [none]
1786788060.574 [OBSTACLES] cur_s=12.55 cur_d=-0.01 vs=2.82 n=0 [none]
1786788060.942 [STATE_CHANGE] GB_TRACK -> LOSTLINE src=GB_TRACK s=14.03 d=0.42 vs=3.28
1786788061.140 [OBSTACLES] cur_s=14.66 cur_d=0.52 vs=2.91 n=0 [none]
1786788061.417 [STATE_CHANGE] LOSTLINE -> GB_TRACK src=GB_TRACK s=15.31 d=0.25 vs=1.90
1786788061.689 [OBSTACLES] cur_s=15.71 cur_d=-0.29 vs=1.53 n=0 [none]
1786788061.804 [STATE_CHANGE] GB_TRACK -> LOSTLINE src=GB_TRACK s=15.85 d=-0.39 vs=1.70
1786788061.962 [STATE_CHANGE] LOSTLINE -> RECOVERY src=RECOVERY s=16.06 d=-0.43 vs=1.96
1786788062.270 [OBSTACLES] cur_s=16.54 cur_d=-0.39 vs=2.26 n=0 [none]
1786788062.653 [STATE_CHANGE] RECOVERY -> GB_TRACK src=GB_TRACK s=17.28 d=-0.04 vs=2.79
1786788062.903 [OBSTACLES] cur_s=18.01 cur_d=0.13 vs=3.17 n=0 [none]
1786788063.471 [OBSTACLES] cur_s=19.79 cur_d=-0.05 vs=3.39 n=0 [none]
1786788064.002 [OBSTACLES] cur_s=21.95 cur_d=0.02 vs=3.44 n=0 [none]
1786788064.517 [OBSTACLES] cur_s=23.44 cur_d=-0.12 vs=3.40 n=0 [none]
1786788065.048 [OBSTACLES] cur_s=25.16 cur_d=-0.04 vs=3.35 n=0 [none]
1786788065.618 [OBSTACLES] cur_s=27.09 cur_d=0.16 vs=3.40 n=0 [none]
1786788066.160 [OBSTACLES] cur_s=28.90 cur_d=0.01 vs=3.40 n=0 [none]
1786788066.711 [OBSTACLES] cur_s=30.76 cur_d=0.26 vs=3.40 n=0 [none]
1786788067.256 [OBSTACLES] cur_s=32.78 cur_d=0.12 vs=3.31 n=0 [none]
1786788067.758 [OBSTACLES] cur_s=34.37 cur_d=0.18 vs=3.38 n=0 [none]
1786788068.082 [STATE_CHANGE] GB_TRACK -> LOSTLINE src=GB_TRACK s=0.95 d=0.29 vs=3.42
1786788068.197 [STATE_CHANGE] LOSTLINE -> RECOVERY src=RECOVERY s=1.19 d=0.32 vs=3.44
1786788068.288 [OBSTACLES] cur_s=1.24 cur_d=0.32 vs=3.44 n=0 [none]
1786788068.702 [STATE_CHANGE] RECOVERY -> GB_TRACK src=GB_TRACK s=3.08 d=0.04 vs=3.41
1786788068.838 [OBSTACLES] cur_s=3.40 cur_d=0.01 vs=3.43 n=0 [none]
1786788069.351 [OBSTACLES] cur_s=5.48 cur_d=-0.05 vs=3.45 n=0 [none]
1786788069.873 [OBSTACLES] cur_s=7.08 cur_d=-0.03 vs=3.46 n=0 [none]
1786788070.420 [OBSTACLES] cur_s=8.70 cur_d=-0.09 vs=3.45 n=0 [none]
1786788070.973 [OBSTACLES] cur_s=10.58 cur_d=0.12 vs=2.60 n=0 [none]
1786788071.489 [OBSTACLES] cur_s=12.00 cur_d=0.04 vs=2.50 n=0 [none]
1786788072.090 [OBSTACLES] cur_s=13.71 cur_d=0.32 vs=3.39 n=0 [none]
1786788072.091 [STATE_CHANGE] GB_TRACK -> LOSTLINE src=GB_TRACK s=13.71 d=0.32 vs=3.39
1786788072.490 [STATE_CHANGE] LOSTLINE -> GB_TRACK src=GB_TRACK s=14.75 d=0.27 vs=2.95
1786788072.604 [OBSTACLES] cur_s=15.12 cur_d=0.07 vs=2.58 n=0 [none]
1786788072.905 [STATE_CHANGE] GB_TRACK -> LOSTLINE src=GB_TRACK s=15.83 d=-0.32 vs=2.12
1786788073.113 [OBSTACLES] cur_s=16.31 cur_d=-0.31 vs=2.35 n=0 [none]
1786788073.208 [STATE_CHANGE] LOSTLINE -> GB_TRACK src=GB_TRACK s=16.41 d=-0.29 vs=2.40
1786788073.650 [OBSTACLES] cur_s=17.28 cur_d=0.02 vs=2.37 n=0 [none]
1786788074.186 [OBSTACLES] cur_s=18.83 cur_d=0.00 vs=3.38 n=0 [none]
1786788074.729 [OBSTACLES] cur_s=20.70 cur_d=0.09 vs=3.44 n=0 [none]
1786788075.357 [OBSTACLES] cur_s=23.12 cur_d=-0.20 vs=3.43 n=0 [none]
1786788075.904 [OBSTACLES] cur_s=24.76 cur_d=0.02 vs=3.38 n=0 [none]
1786788076.467 [OBSTACLES] cur_s=26.32 cur_d=0.10 vs=3.42 n=0 [none]
1786788076.969 [OBSTACLES] cur_s=27.88 cur_d=0.07 vs=3.40 n=0 [none]
1786788077.482 [OBSTACLES] cur_s=29.84 cur_d=0.25 vs=3.44 n=0 [none]
1786788077.986 [OBSTACLES] cur_s=31.84 cur_d=0.17 vs=3.43 n=0 [none]
1786788078.253 [STATE_CHANGE] GB_TRACK -> LOSTLINE src=GB_TRACK s=32.93 d=0.29 vs=3.28
1786788078.548 [OBSTACLES] cur_s=33.74 cur_d=0.39 vs=3.29 n=0 [none]
1786788078.840 [STATE_CHANGE] LOSTLINE -> GB_TRACK src=GB_TRACK s=0.29 d=0.26 vs=3.42
1786788079.104 [OBSTACLES] cur_s=1.13 cur_d=0.23 vs=3.41 n=0 [none]
1786788079.293 [STATE_CHANGE] GB_TRACK -> LOSTLINE src=GB_TRACK s=1.56 d=0.29 vs=3.41
1786788079.604 [STATE_CHANGE] LOSTLINE -> RECOVERY src=RECOVERY s=2.60 d=0.35 vs=3.42
1786788079.684 [OBSTACLES] cur_s=2.94 cur_d=0.29 vs=3.36 n=0 [none]
1786788080.220 [OBSTACLES] cur_s=4.88 cur_d=-0.11 vs=3.45 n=0 [none]
1786788080.505 [STATE_CHANGE] RECOVERY -> GB_TRACK src=GB_TRACK s=5.94 d=-0.04 vs=3.42
1786788080.737 [OBSTACLES] cur_s=6.75 cur_d=0.03 vs=3.45 n=0 [none]
1786788081.284 [OBSTACLES] cur_s=8.63 cur_d=-0.12 vs=3.45 n=0 [none]
1786788081.815 [OBSTACLES] cur_s=10.23 cur_d=0.07 vs=2.80 n=0 [none]
1786788082.330 [OBSTACLES] cur_s=11.54 cur_d=0.07 vs=2.35 n=0 [none]
1786788082.864 [OBSTACLES] cur_s=12.98 cur_d=0.08 vs=3.22 n=0 [none]
1786788083.317 [STATE_CHANGE] GB_TRACK -> RECOVERY src=RECOVERY s=14.03 d=0.31 vs=3.30
1786788083.375 [OBSTACLES] cur_s=14.13 cur_d=0.33 vs=3.42 n=0 [none]
1786788083.758 [STATE_CHANGE] RECOVERY -> LOSTLINE src=GB_TRACK s=15.64 d=-0.38 vs=1.66
1786788083.876 [OBSTACLES] cur_s=15.78 cur_d=-0.58 vs=1.66 n=0 [none]
1786788083.877 [STATE_CHANGE] LOSTLINE -> RECOVERY src=RECOVERY s=15.78 d=-0.58 vs=1.66
1786788084.163 [STATE_CHANGE] RECOVERY -> LOSTLINE src=GB_TRACK s=16.17 d=-0.86 vs=1.85
1786788084.249 [STATE_CHANGE] LOSTLINE -> RECOVERY src=RECOVERY s=16.25 d=-0.87 vs=1.71
1786788084.383 [OBSTACLES] cur_s=16.42 cur_d=-0.87 vs=1.94 n=0 [none]
1786788084.934 [OBSTACLES] cur_s=17.41 cur_d=-0.16 vs=2.89 n=0 [none]
1786788085.087 [STATE_CHANGE] RECOVERY -> GB_TRACK src=GB_TRACK s=17.85 d=-0.04 vs=3.33
1786788085.558 [OBSTACLES] cur_s=19.34 cur_d=-0.10 vs=3.44 n=0 [none]
1786788086.067 [OBSTACLES] cur_s=21.03 cur_d=0.01 vs=3.43 n=0 [none]
1786788086.619 [OBSTACLES] cur_s=22.86 cur_d=-0.11 vs=3.41 n=0 [none]
1786788087.163 [OBSTACLES] cur_s=24.63 cur_d=-0.06 vs=3.35 n=0 [none]
1786788087.695 [OBSTACLES] cur_s=26.38 cur_d=0.16 vs=3.42 n=0 [none]
1786788088.261 [OBSTACLES] cur_s=28.05 cur_d=-0.00 vs=3.41 n=0 [none]
1786788088.832 [OBSTACLES] cur_s=30.00 cur_d=0.26 vs=3.46 n=0 [none]
1786788089.447 [OBSTACLES] cur_s=32.29 cur_d=0.16 vs=3.37 n=0 [none]
1786788089.830 [STATE_CHANGE] GB_TRACK -> LOSTLINE src=GB_TRACK s=33.68 d=0.30 vs=3.27
1786788089.958 [OBSTACLES] cur_s=34.15 cur_d=0.34 vs=3.36 n=0 [none]
1786788090.141 [STATE_CHANGE] LOSTLINE -> RECOVERY src=RECOVERY s=0.27 d=0.32 vs=3.43
1786788090.530 [OBSTACLES] cur_s=1.36 cur_d=0.27 vs=3.44 n=0 [none]
1786788091.289 [OBSTACLES] cur_s=3.86 cur_d=0.12 vs=3.43 n=0 [none]
1786788091.489 [STATE_CHANGE] RECOVERY -> GB_TRACK src=GB_TRACK s=4.67 d=0.01 vs=3.43
1786788091.879 [OBSTACLES] cur_s=6.09 cur_d=-0.13 vs=3.45 n=0 [none]
1786788092.398 [OBSTACLES] cur_s=7.66 cur_d=-0.07 vs=3.44 n=0 [none]
1786788092.909 [OBSTACLES] cur_s=9.70 cur_d=0.02 vs=3.20 n=0 [none]
1786788093.494 [OBSTACLES] cur_s=11.19 cur_d=0.11 vs=2.39 n=0 [none]
1786788094.042 [OBSTACLES] cur_s=12.69 cur_d=0.29 vs=3.09 n=0 [none]
1786788094.548 [OBSTACLES] cur_s=14.50 cur_d=0.12 vs=3.23 n=0 [none]
1786788095.082 [OBSTACLES] cur_s=16.15 cur_d=0.03 vs=2.47 n=0 [none]
1786788095.617 [OBSTACLES] cur_s=17.23 cur_d=0.25 vs=2.73 n=0 [none]
1786788095.745 [STATE_CHANGE] GB_TRACK -> LOSTLINE src=GB_TRACK s=17.82 d=0.35 vs=2.99
1786788095.984 [STATE_CHANGE] LOSTLINE -> RECOVERY src=RECOVERY s=18.37 d=0.31 vs=3.33
1786788096.130 [OBSTACLES] cur_s=18.93 cur_d=0.21 vs=3.34 n=0 [none]
1786788096.485 [STATE_CHANGE] RECOVERY -> GB_TRACK src=GB_TRACK s=20.17 d=0.01 vs=3.43
1786788096.688 [OBSTACLES] cur_s=20.91 cur_d=-0.00 vs=3.43 n=0 [none]
1786788097.205 [OBSTACLES] cur_s=22.72 cur_d=-0.03 vs=3.41 n=0 [none]
1786788097.788 [OBSTACLES] cur_s=24.46 cur_d=-0.16 vs=3.41 n=0 [none]
1786788098.309 [OBSTACLES] cur_s=26.54 cur_d=0.11 vs=3.45 n=0 [none]
1786788098.850 [OBSTACLES] cur_s=28.15 cur_d=0.11 vs=3.43 n=0 [none]
1786788099.375 [OBSTACLES] cur_s=29.93 cur_d=0.25 vs=3.42 n=0 [none]
1786788099.583 [STATE_CHANGE] GB_TRACK -> LOSTLINE src=GB_TRACK s=30.72 d=0.29 vs=3.44
1786788099.741 [STATE_CHANGE] LOSTLINE -> GB_TRACK src=GB_TRACK s=31.35 d=0.29 vs=3.45
1786788099.969 [OBSTACLES] cur_s=32.37 cur_d=0.26 vs=3.38 n=0 [none]
1786788100.472 [OBSTACLES] cur_s=34.06 cur_d=0.32 vs=3.33 n=0 [none]
1786788100.475 [STATE_CHANGE] GB_TRACK -> LOSTLINE src=GB_TRACK s=34.06 d=0.32 vs=3.33
1786788100.854 [STATE_CHANGE] LOSTLINE -> GB_TRACK src=GB_TRACK s=0.58 d=0.29 vs=3.44
1786788100.891 [STATE_CHANGE] GB_TRACK -> LOSTLINE src=GB_TRACK s=0.80 d=0.30 vs=3.44
1786788100.958 [STATE_CHANGE] LOSTLINE -> GB_TRACK src=GB_TRACK s=0.85 d=0.28 vs=3.44
1786788101.008 [OBSTACLES] cur_s=0.95 cur_d=0.29 vs=3.44 n=0 [none]
1786788101.012 [STATE_CHANGE] GB_TRACK -> LOSTLINE src=GB_TRACK s=0.95 d=0.29 vs=3.44
1786788101.493 [STATE_CHANGE] LOSTLINE -> GB_TRACK src=GB_TRACK s=2.97 d=0.13 vs=2.97
1786788101.605 [OBSTACLES] cur_s=3.28 cur_d=0.07 vs=2.68 n=0 [none]
1786788102.114 [OBSTACLES] cur_s=4.24 cur_d=-0.20 vs=1.59 n=0 [none]
1786788102.388 [STATE_CHANGE] GB_TRACK -> LOSTLINE src=GB_TRACK s=4.54 d=-0.30 vs=0.96
1786788102.645 [OBSTACLES] cur_s=4.57 cur_d=-0.31 vs=0.00 n=0 [none]
1786788103.214 [OBSTACLES] cur_s=4.58 cur_d=-0.31 vs=0.00 n=0 [none]
1786788103.781 [OBSTACLES] cur_s=4.58 cur_d=-0.31 vs=0.00 n=0 [none]
1786788104.303 [OBSTACLES] cur_s=4.59 cur_d=-0.31 vs=0.00 n=0 [none]
1786788105.099 [OBSTACLES] cur_s=4.54 cur_d=-0.30 vs=-0.29 n=0 [none]
1786788105.207 [STATE_CHANGE] LOSTLINE -> GB_TRACK src=GB_TRACK s=4.50 d=-0.29 vs=0.00
1786788105.636 [OBSTACLES] cur_s=4.41 cur_d=-0.25 vs=-0.36 n=0 [none]
1786788106.137 [OBSTACLES] cur_s=4.28 cur_d=-0.20 vs=-0.60 n=0 [none]
1786788106.684 [OBSTACLES] cur_s=3.75 cur_d=-0.03 vs=-0.70 n=0 [none]
1786788107.250 [OBSTACLES] cur_s=3.12 cur_d=0.17 vs=-1.59 n=0 [none]
1786788107.451 [STATE_CHANGE] GB_TRACK -> LOSTLINE src=GB_TRACK s=2.81 d=0.32 vs=-1.52
1786788107.767 [OBSTACLES] cur_s=2.43 cur_d=0.51 vs=-0.89 n=0 [none]
1786788108.106 [STATE_CHANGE] LOSTLINE -> RECOVERY src=RECOVERY s=2.25 d=0.58 vs=-0.33
1786788108.286 [OBSTACLES] cur_s=2.24 cur_d=0.59 vs=0.00 n=0 [none]
1786788108.803 [OBSTACLES] cur_s=2.34 cur_d=0.53 vs=1.22 n=0 [none]
1786788109.339 [OBSTACLES] cur_s=2.88 cur_d=0.28 vs=0.51 n=0 [none]
1786788109.949 [OBSTACLES] cur_s=2.96 cur_d=0.24 vs=0.00 n=0 [none]
1786788110.555 [OBSTACLES] cur_s=2.95 cur_d=0.24 vs=0.00 n=0 [none]
1786788111.090 [OBSTACLES] cur_s=2.95 cur_d=0.24 vs=0.00 n=0 [none]
1786788111.666 [OBSTACLES] cur_s=2.95 cur_d=0.24 vs=0.00 n=0 [none]
1786788112.167 [OBSTACLES] cur_s=2.95 cur_d=0.24 vs=0.00 n=0 [none]
1786788112.690 [OBSTACLES] cur_s=2.95 cur_d=0.24 vs=0.00 n=0 [none]
1786788113.269 [OBSTACLES] cur_s=3.02 cur_d=0.22 vs=0.29 n=0 [none]
1786788113.824 [OBSTACLES] cur_s=3.44 cur_d=0.07 vs=0.88 n=0 [none]
1786788113.878 [STATE_CHANGE] RECOVERY -> GB_TRACK src=GB_TRACK s=3.52 d=0.03 vs=0.95
1786788114.359 [OBSTACLES] cur_s=4.14 cur_d=-0.10 vs=1.97 n=0 [none]
1786788114.775 [STATE_CHANGE] GB_TRACK -> LOSTLINE src=GB_TRACK s=4.82 d=0.29 vs=0.86
1786788114.876 [OBSTACLES] cur_s=4.90 cur_d=0.34 vs=0.68 n=0 [none]
1786788115.181 [STATE_CHANGE] LOSTLINE -> RECOVERY src=RECOVERY s=5.03 d=0.37 vs=0.30
1786788115.437 [OBSTACLES] cur_s=5.09 cur_d=0.37 vs=0.00 n=0 [none]
1786788115.957 [OBSTACLES] cur_s=5.09 cur_d=0.38 vs=0.00 n=0 [none]
1786788116.464 [OBSTACLES] cur_s=5.16 cur_d=0.29 vs=0.00 n=0 [none]
1786788116.986 [OBSTACLES] cur_s=5.20 cur_d=0.28 vs=0.00 n=0 [none]
1786788117.560 [OBSTACLES] cur_s=5.20 cur_d=0.28 vs=0.00 n=0 [none]
1786788118.089 [OBSTACLES] cur_s=5.20 cur_d=0.28 vs=0.00 n=0 [none]
1786788118.674 [OBSTACLES] cur_s=5.20 cur_d=0.28 vs=0.00 n=0 [none]
1786788119.187 [OBSTACLES] cur_s=5.20 cur_d=0.28 vs=0.00 n=0 [none]
1786788119.757 [OBSTACLES] cur_s=5.20 cur_d=0.28 vs=0.00 n=0 [none]
1786788120.261 [OBSTACLES] cur_s=5.20 cur_d=0.28 vs=0.00 n=0 [none]
1786788120.786 [OBSTACLES] cur_s=5.19 cur_d=0.28 vs=0.00 n=0 [none]
1786788121.302 [OBSTACLES] cur_s=5.18 cur_d=0.28 vs=0.00 n=0 [none]
1786788121.824 [OBSTACLES] cur_s=5.19 cur_d=0.28 vs=0.00 n=0 [none]
1786788122.339 [OBSTACLES] cur_s=5.19 cur_d=0.28 vs=0.00 n=0 [none]
1786788123.030 [OBSTACLES] cur_s=5.20 cur_d=0.28 vs=0.00 n=0 [none]
1786788123.612 [OBSTACLES] cur_s=5.20 cur_d=0.28 vs=0.00 n=0 [none]
1786788124.156 [OBSTACLES] cur_s=5.21 cur_d=0.28 vs=0.00 n=0 [none]
1786788124.677 [OBSTACLES] cur_s=5.20 cur_d=0.28 vs=0.00 n=0 [none]
1786788125.138 [STATE_CHANGE] RECOVERY -> LOSTLINE src=GB_TRACK s=5.20 d=0.28 vs=0.00
1786788125.199 [OBSTACLES] cur_s=5.20 cur_d=0.28 vs=0.00 n=0 [none]
1786788125.207 [STATE_CHANGE] LOSTLINE -> GB_TRACK src=GB_TRACK s=5.20 d=0.28 vs=0.00
1786788125.777 [OBSTACLES] cur_s=5.20 cur_d=0.28 vs=0.00 n=0 [none]
1786788126.352 [OBSTACLES] cur_s=5.20 cur_d=0.28 vs=0.00 n=0 [none]
1786788126.899 [OBSTACLES] cur_s=5.20 cur_d=0.28 vs=0.00 n=0 [none]
1786788127.406 [OBSTACLES] cur_s=5.20 cur_d=0.28 vs=0.00 n=0 [none]
1786788127.934 [OBSTACLES] cur_s=5.20 cur_d=0.28 vs=0.00 n=0 [none]
1786788128.438 [OBSTACLES] cur_s=5.20 cur_d=0.28 vs=0.00 n=0 [none]
1786788128.988 [OBSTACLES] cur_s=5.20 cur_d=0.28 vs=0.00 n=0 [none]
1786788129.534 [OBSTACLES] cur_s=5.20 cur_d=0.28 vs=0.00 n=0 [none]
1786788130.084 [OBSTACLES] cur_s=5.20 cur_d=0.28 vs=0.00 n=0 [none]
1786788130.640 [OBSTACLES] cur_s=5.20 cur_d=0.28 vs=0.00 n=0 [none]
1786788131.167 [OBSTACLES] cur_s=5.20 cur_d=0.28 vs=0.00 n=0 [none]
1786788131.675 [OBSTACLES] cur_s=5.20 cur_d=0.28 vs=0.00 n=0 [none]
1786788132.197 [OBSTACLES] cur_s=5.20 cur_d=0.28 vs=0.00 n=0 [none]
1786788132.805 [OBSTACLES] cur_s=5.20 cur_d=0.28 vs=0.00 n=0 [none]
1786788133.317 [OBSTACLES] cur_s=5.20 cur_d=0.28 vs=0.00 n=0 [none]
1786788133.828 [OBSTACLES] cur_s=5.20 cur_d=0.28 vs=0.00 n=0 [none]
1786788134.400 [OBSTACLES] cur_s=5.20 cur_d=0.28 vs=0.00 n=0 [none]
1786788134.987 [OBSTACLES] cur_s=5.21 cur_d=0.28 vs=0.00 n=0 [none]
1786788135.555 [OBSTACLES] cur_s=5.20 cur_d=0.28 vs=0.00 n=0 [none]
1786788136.127 [OBSTACLES] cur_s=5.21 cur_d=0.28 vs=0.00 n=0 [none]
1786788136.663 [OBSTACLES] cur_s=5.20 cur_d=0.28 vs=0.00 n=0 [none]
1786788137.250 [OBSTACLES] cur_s=5.21 cur_d=0.28 vs=0.00 n=0 [none]
1786788137.950 [OBSTACLES] cur_s=5.21 cur_d=0.28 vs=0.00 n=0 [none]
1786788138.475 [OBSTACLES] cur_s=5.20 cur_d=0.28 vs=0.00 n=0 [none]
1786788139.148 [OBSTACLES] cur_s=5.20 cur_d=0.28 vs=0.00 n=0 [none]
1786788139.649 [OBSTACLES] cur_s=5.20 cur_d=0.28 vs=0.00 n=0 [none]
1786788140.153 [OBSTACLES] cur_s=5.21 cur_d=0.28 vs=0.00 n=0 [none]
1786788140.689 [OBSTACLES] cur_s=5.21 cur_d=0.28 vs=0.00 n=0 [none]
1786788141.197 [OBSTACLES] cur_s=5.20 cur_d=0.28 vs=0.00 n=0 [none]
1786788141.743 [OBSTACLES] cur_s=5.21 cur_d=0.28 vs=0.00 n=0 [none]
1786788142.275 [OBSTACLES] cur_s=5.20 cur_d=0.28 vs=0.00 n=0 [none]
1786788142.823 [OBSTACLES] cur_s=5.20 cur_d=0.28 vs=0.00 n=0 [none]
1786788143.388 [OBSTACLES] cur_s=5.20 cur_d=0.28 vs=0.00 n=0 [none]
1786788143.946 [OBSTACLES] cur_s=5.20 cur_d=0.28 vs=0.00 n=0 [none]
1786788144.504 [OBSTACLES] cur_s=5.20 cur_d=0.28 vs=0.00 n=0 [none]
1786788145.358 [OBSTACLES] cur_s=5.20 cur_d=0.28 vs=0.00 n=0 [none]
1786788145.948 [OBSTACLES] cur_s=5.20 cur_d=0.28 vs=0.00 n=0 [none]
1786788146.694 [OBSTACLES] cur_s=5.21 cur_d=0.28 vs=0.00 n=0 [none]
1786788147.260 [OBSTACLES] cur_s=5.20 cur_d=0.28 vs=0.00 n=0 [none]
1786788147.934 [OBSTACLES] cur_s=5.21 cur_d=0.28 vs=0.00 n=0 [none]
1786788148.472 [OBSTACLES] cur_s=5.21 cur_d=0.28 vs=0.00 n=0 [none]
1786788149.084 [OBSTACLES] cur_s=5.20 cur_d=0.28 vs=0.00 n=0 [none]
1786788149.605 [OBSTACLES] cur_s=5.21 cur_d=0.28 vs=0.00 n=0 [none]
1786788150.140 [OBSTACLES] cur_s=5.20 cur_d=0.28 vs=0.00 n=0 [none]
1786788150.719 [OBSTACLES] cur_s=5.21 cur_d=0.28 vs=0.00 n=0 [none]
1786788151.222 [OBSTACLES] cur_s=5.21 cur_d=0.28 vs=0.00 n=0 [none]
1786788151.764 [OBSTACLES] cur_s=5.20 cur_d=0.28 vs=0.00 n=0 [none]
1786788152.284 [OBSTACLES] cur_s=5.20 cur_d=0.28 vs=0.00 n=0 [none]
1786788152.859 [OBSTACLES] cur_s=5.20 cur_d=0.28 vs=0.00 n=0 [none]
1786788153.371 [OBSTACLES] cur_s=5.20 cur_d=0.28 vs=0.00 n=0 [none]
1786788153.883 [OBSTACLES] cur_s=5.20 cur_d=0.28 vs=0.00 n=0 [none]
1786788154.471 [OBSTACLES] cur_s=5.20 cur_d=0.28 vs=0.00 n=0 [none]
1786788155.002 [OBSTACLES] cur_s=5.20 cur_d=0.28 vs=0.00 n=0 [none]
1786788155.532 [OBSTACLES] cur_s=5.20 cur_d=0.28 vs=0.00 n=0 [none]
1786788156.076 [OBSTACLES] cur_s=5.20 cur_d=0.28 vs=0.00 n=0 [none]
1786788156.688 [OBSTACLES] cur_s=5.20 cur_d=0.28 vs=0.00 n=0 [none]
1786788157.212 [OBSTACLES] cur_s=5.20 cur_d=0.28 vs=0.00 n=0 [none]
1786788157.753 [OBSTACLES] cur_s=5.20 cur_d=0.28 vs=0.00 n=0 [none]
1786788158.385 [OBSTACLES] cur_s=5.21 cur_d=0.28 vs=0.00 n=0 [none]
1786788158.932 [OBSTACLES] cur_s=5.20 cur_d=0.28 vs=0.00 n=0 [none]
1786788159.500 [OBSTACLES] cur_s=5.19 cur_d=0.28 vs=0.00 n=0 [none]
1786788160.029 [OBSTACLES] cur_s=5.19 cur_d=0.28 vs=0.00 n=0 [none]
1786788160.553 [OBSTACLES] cur_s=5.18 cur_d=0.28 vs=0.00 n=0 [none]
1786788161.083 [OBSTACLES] cur_s=5.19 cur_d=0.28 vs=0.00 n=0 [none]
1786788161.583 [OBSTACLES] cur_s=5.18 cur_d=0.28 vs=0.00 n=0 [none]
1786788162.119 [OBSTACLES] cur_s=5.18 cur_d=0.28 vs=0.00 n=0 [none]
1786788162.646 [OBSTACLES] cur_s=5.18 cur_d=0.28 vs=0.00 n=0 [none]
1786788163.202 [OBSTACLES] cur_s=5.19 cur_d=0.28 vs=0.00 n=0 [none]
1786788163.738 [OBSTACLES] cur_s=5.19 cur_d=0.28 vs=0.00 n=0 [none]
1786788164.262 [OBSTACLES] cur_s=5.20 cur_d=0.28 vs=0.00 n=0 [none]
1786788164.775 [OBSTACLES] cur_s=5.19 cur_d=0.28 vs=0.00 n=0 [none]
1786788165.286 [OBSTACLES] cur_s=5.18 cur_d=0.28 vs=0.00 n=0 [none]
1786788165.799 [OBSTACLES] cur_s=5.18 cur_d=0.28 vs=0.00 n=0 [none]
1786788166.428 [OBSTACLES] cur_s=5.19 cur_d=0.28 vs=0.00 n=0 [none]
1786788166.976 [OBSTACLES] cur_s=5.19 cur_d=0.28 vs=0.00 n=0 [none]
1786788167.546 [OBSTACLES] cur_s=5.18 cur_d=0.28 vs=0.00 n=0 [none]
1786788168.093 [OBSTACLES] cur_s=5.19 cur_d=0.28 vs=0.00 n=0 [none]
1786788168.613 [OBSTACLES] cur_s=5.18 cur_d=0.28 vs=0.00 n=0 [none]
1786788169.202 [OBSTACLES] cur_s=5.20 cur_d=0.28 vs=0.00 n=0 [none]
1786788169.714 [OBSTACLES] cur_s=5.20 cur_d=0.28 vs=0.00 n=0 [none]
1786788170.269 [OBSTACLES] cur_s=5.20 cur_d=0.28 vs=0.00 n=0 [none]
1786788170.813 [OBSTACLES] cur_s=5.19 cur_d=0.28 vs=0.00 n=0 [none]
1786788171.333 [OBSTACLES] cur_s=5.20 cur_d=0.28 vs=0.00 n=0 [none]
1786788171.834 [OBSTACLES] cur_s=5.20 cur_d=0.28 vs=0.00 n=0 [none]
1786788172.405 [OBSTACLES] cur_s=5.20 cur_d=0.28 vs=0.00 n=0 [none]
1786788172.957 [OBSTACLES] cur_s=5.20 cur_d=0.28 vs=0.00 n=0 [none]
1786788173.473 [OBSTACLES] cur_s=5.20 cur_d=0.28 vs=0.00 n=0 [none]
1786788174.074 [OBSTACLES] cur_s=5.19 cur_d=0.28 vs=0.00 n=0 [none]
1786788174.590 [OBSTACLES] cur_s=5.18 cur_d=0.28 vs=0.00 n=0 [none]
1786788175.105 [OBSTACLES] cur_s=5.18 cur_d=0.28 vs=0.00 n=0 [none]
1786788175.685 [OBSTACLES] cur_s=5.19 cur_d=0.28 vs=0.00 n=0 [none]
1786788176.225 [OBSTACLES] cur_s=5.19 cur_d=0.28 vs=0.00 n=0 [none]
1786788176.735 [OBSTACLES] cur_s=5.18 cur_d=0.28 vs=0.00 n=0 [none]
1786788177.262 [OBSTACLES] cur_s=5.18 cur_d=0.28 vs=0.00 n=0 [none]
1786788177.811 [OBSTACLES] cur_s=5.19 cur_d=0.28 vs=0.00 n=0 [none]
1786788178.366 [OBSTACLES] cur_s=5.19 cur_d=0.28 vs=0.00 n=0 [none]
1786788178.879 [OBSTACLES] cur_s=5.19 cur_d=0.28 vs=0.00 n=0 [none]
1786788179.403 [OBSTACLES] cur_s=5.19 cur_d=0.28 vs=0.00 n=0 [none]
1786788179.957 [OBSTACLES] cur_s=5.20 cur_d=0.28 vs=0.00 n=0 [none]
1786788180.463 [OBSTACLES] cur_s=5.20 cur_d=0.28 vs=0.00 n=0 [none]
1786788180.995 [OBSTACLES] cur_s=5.20 cur_d=0.28 vs=0.00 n=0 [none]
1786788181.545 [OBSTACLES] cur_s=5.20 cur_d=0.28 vs=0.00 n=0 [none]
1786788182.063 [OBSTACLES] cur_s=5.20 cur_d=0.28 vs=0.00 n=0 [none]
1786788182.586 [OBSTACLES] cur_s=5.20 cur_d=0.28 vs=0.00 n=0 [none]
1786788183.115 [OBSTACLES] cur_s=5.21 cur_d=0.28 vs=0.00 n=0 [none]
1786788183.659 [OBSTACLES] cur_s=5.20 cur_d=0.28 vs=0.00 n=0 [none]
1786788184.188 [OBSTACLES] cur_s=5.20 cur_d=0.28 vs=0.00 n=0 [none]
1786788184.786 [OBSTACLES] cur_s=5.20 cur_d=0.28 vs=0.00 n=0 [none]
1786788185.375 [OBSTACLES] cur_s=5.20 cur_d=0.28 vs=0.00 n=0 [none]
1786788185.930 [OBSTACLES] cur_s=5.21 cur_d=0.28 vs=0.00 n=0 [none]
1786788186.487 [OBSTACLES] cur_s=5.20 cur_d=0.28 vs=0.00 n=0 [none]
1786788187.014 [OBSTACLES] cur_s=5.21 cur_d=0.28 vs=0.00 n=0 [none]
1786788187.530 [OBSTACLES] cur_s=5.20 cur_d=0.28 vs=0.00 n=0 [none]
1786788188.031 [OBSTACLES] cur_s=5.20 cur_d=0.28 vs=0.00 n=0 [none]
1786788188.601 [OBSTACLES] cur_s=5.20 cur_d=0.28 vs=0.00 n=0 [none]
1786788189.103 [OBSTACLES] cur_s=5.20 cur_d=0.28 vs=0.00 n=0 [none]
1786788189.648 [OBSTACLES] cur_s=5.19 cur_d=0.28 vs=0.00 n=0 [none]
1786788190.171 [OBSTACLES] cur_s=5.21 cur_d=0.28 vs=0.00 n=0 [none]
1786788190.683 [OBSTACLES] cur_s=5.21 cur_d=0.28 vs=0.00 n=0 [none]
1786788191.203 [OBSTACLES] cur_s=5.20 cur_d=0.28 vs=0.00 n=0 [none]
1786788191.704 [OBSTACLES] cur_s=5.20 cur_d=0.28 vs=0.00 n=0 [none]
1786788192.221 [OBSTACLES] cur_s=5.20 cur_d=0.28 vs=0.00 n=0 [none]
1786788192.977 [OBSTACLES] cur_s=5.20 cur_d=0.28 vs=0.00 n=0 [none]
1786788193.490 [OBSTACLES] cur_s=5.20 cur_d=0.28 vs=0.00 n=0 [none]
1786788194.024 [OBSTACLES] cur_s=5.20 cur_d=0.28 vs=0.00 n=0 [none]
1786788194.540 [OBSTACLES] cur_s=5.20 cur_d=0.28 vs=0.00 n=0 [none]
1786788195.108 [OBSTACLES] cur_s=5.20 cur_d=0.28 vs=0.00 n=0 [none]
1786788195.615 [OBSTACLES] cur_s=5.20 cur_d=0.28 vs=0.00 n=0 [none]
1786788196.147 [OBSTACLES] cur_s=5.20 cur_d=0.28 vs=0.00 n=0 [none]
1786788196.663 [OBSTACLES] cur_s=5.21 cur_d=0.28 vs=0.00 n=0 [none]
1786788197.177 [OBSTACLES] cur_s=5.20 cur_d=0.28 vs=0.00 n=0 [none]
1786788197.699 [OBSTACLES] cur_s=5.20 cur_d=0.28 vs=0.00 n=0 [none]
1786788198.234 [OBSTACLES] cur_s=5.20 cur_d=0.28 vs=0.00 n=0 [none]
1786788198.850 [OBSTACLES] cur_s=5.20 cur_d=0.28 vs=0.00 n=0 [none]
1786788199.423 [OBSTACLES] cur_s=5.20 cur_d=0.28 vs=0.00 n=0 [none]
1786788199.933 [OBSTACLES] cur_s=5.20 cur_d=0.28 vs=0.00 n=0 [none]
1786788200.435 [OBSTACLES] cur_s=5.20 cur_d=0.28 vs=0.00 n=0 [none]
1786788201.025 [OBSTACLES] cur_s=5.20 cur_d=0.28 vs=0.00 n=0 [none]
1786788201.692 [OBSTACLES] cur_s=5.20 cur_d=0.28 vs=0.00 n=0 [none]
1786788202.220 [OBSTACLES] cur_s=5.20 cur_d=0.28 vs=0.00 n=0 [none]
1786788202.734 [OBSTACLES] cur_s=5.20 cur_d=0.28 vs=0.00 n=0 [none]
1786788203.386 [OBSTACLES] cur_s=5.20 cur_d=0.28 vs=0.00 n=0 [none]
1786788203.898 [OBSTACLES] cur_s=5.20 cur_d=0.28 vs=0.00 n=0 [none]
1786788204.416 [OBSTACLES] cur_s=5.20 cur_d=0.28 vs=0.00 n=0 [none]
1786788204.946 [OBSTACLES] cur_s=5.20 cur_d=0.28 vs=0.00 n=0 [none]
1786788205.485 [OBSTACLES] cur_s=5.20 cur_d=0.28 vs=0.00 n=0 [none]
1786788206.030 [OBSTACLES] cur_s=5.20 cur_d=0.28 vs=0.00 n=0 [none]
1786788206.540 [OBSTACLES] cur_s=5.20 cur_d=0.28 vs=0.00 n=0 [none]
1786788207.161 [OBSTACLES] cur_s=5.20 cur_d=0.28 vs=0.00 n=0 [none]
1786788207.665 [OBSTACLES] cur_s=5.20 cur_d=0.28 vs=0.00 n=0 [none]
1786788208.257 [OBSTACLES] cur_s=5.20 cur_d=0.28 vs=0.00 n=0 [none]
1786788208.866 [OBSTACLES] cur_s=5.20 cur_d=0.28 vs=0.00 n=0 [none]
1786788209.402 [OBSTACLES] cur_s=5.20 cur_d=0.28 vs=0.00 n=0 [none]
1786788209.924 [OBSTACLES] cur_s=5.21 cur_d=0.28 vs=0.00 n=0 [none]
1786788210.457 [OBSTACLES] cur_s=5.20 cur_d=0.28 vs=0.00 n=0 [none]
1786788211.007 [OBSTACLES] cur_s=5.20 cur_d=0.28 vs=0.00 n=0 [none]
1786788211.577 [OBSTACLES] cur_s=5.20 cur_d=0.28 vs=0.00 n=0 [none]
1786788212.081 [OBSTACLES] cur_s=5.20 cur_d=0.28 vs=0.00 n=0 [none]
1786788212.614 [OBSTACLES] cur_s=5.19 cur_d=0.28 vs=0.00 n=0 [none]
1786788213.142 [OBSTACLES] cur_s=5.19 cur_d=0.28 vs=0.00 n=0 [none]
1786788213.681 [OBSTACLES] cur_s=5.19 cur_d=0.28 vs=0.00 n=0 [none]
1786788214.237 [OBSTACLES] cur_s=5.18 cur_d=0.28 vs=0.00 n=0 [none]
1786788214.829 [OBSTACLES] cur_s=5.19 cur_d=0.28 vs=0.00 n=0 [none]
1786788215.408 [OBSTACLES] cur_s=5.19 cur_d=0.28 vs=0.00 n=0 [none]
1786788215.920 [OBSTACLES] cur_s=5.19 cur_d=0.28 vs=0.00 n=0 [none]
1786788216.447 [OBSTACLES] cur_s=5.19 cur_d=0.28 vs=0.00 n=0 [none]
1786788217.061 [OBSTACLES] cur_s=5.18 cur_d=0.28 vs=0.00 n=0 [none]
1786788217.574 [OBSTACLES] cur_s=5.19 cur_d=0.28 vs=0.00 n=0 [none]
1786788218.093 [OBSTACLES] cur_s=5.20 cur_d=0.28 vs=0.00 n=0 [none]
1786788218.613 [OBSTACLES] cur_s=5.18 cur_d=0.28 vs=0.00 n=0 [none]
1786788219.151 [OBSTACLES] cur_s=5.18 cur_d=0.28 vs=0.00 n=0 [none]
1786788219.740 [OBSTACLES] cur_s=5.18 cur_d=0.28 vs=0.00 n=0 [none]
1786788220.256 [OBSTACLES] cur_s=5.20 cur_d=0.28 vs=0.00 n=0 [none]
1786788220.761 [OBSTACLES] cur_s=5.20 cur_d=0.28 vs=0.00 n=0 [none]
1786788221.313 [OBSTACLES] cur_s=5.20 cur_d=0.28 vs=0.00 n=0 [none]
1786788221.851 [OBSTACLES] cur_s=5.19 cur_d=0.28 vs=0.00 n=0 [none]
1786788222.374 [OBSTACLES] cur_s=5.18 cur_d=0.28 vs=0.00 n=0 [none]
1786788222.907 [OBSTACLES] cur_s=5.18 cur_d=0.28 vs=0.00 n=0 [none]
1786788223.434 [OBSTACLES] cur_s=5.18 cur_d=0.28 vs=0.00 n=0 [none]
1786788223.958 [OBSTACLES] cur_s=5.19 cur_d=0.28 vs=0.00 n=0 [none]
1786788224.480 [OBSTACLES] cur_s=5.20 cur_d=0.28 vs=0.00 n=0 [none]
1786788225.022 [OBSTACLES] cur_s=5.20 cur_d=0.28 vs=0.00 n=0 [none]
1786788225.613 [OBSTACLES] cur_s=5.20 cur_d=0.28 vs=0.00 n=0 [none]
1786788226.147 [OBSTACLES] cur_s=5.20 cur_d=0.28 vs=0.00 n=0 [none]
1786788226.661 [OBSTACLES] cur_s=5.21 cur_d=0.28 vs=0.00 n=0 [none]
1786788227.203 [OBSTACLES] cur_s=5.20 cur_d=0.28 vs=0.00 n=0 [none]
1786788227.728 [OBSTACLES] cur_s=5.20 cur_d=0.28 vs=0.00 n=0 [none]
1786788228.258 [OBSTACLES] cur_s=5.20 cur_d=0.28 vs=0.00 n=0 [none]
1786788228.788 [OBSTACLES] cur_s=5.20 cur_d=0.28 vs=0.00 n=0 [none]
1786788229.321 [OBSTACLES] cur_s=5.21 cur_d=0.28 vs=0.00 n=0 [none]
1786788229.847 [OBSTACLES] cur_s=5.21 cur_d=0.28 vs=0.00 n=0 [none]
1786788230.357 [OBSTACLES] cur_s=5.20 cur_d=0.28 vs=0.00 n=0 [none]
1786788230.912 [OBSTACLES] cur_s=5.20 cur_d=0.28 vs=0.00 n=0 [none]
1786788231.417 [OBSTACLES] cur_s=5.19 cur_d=0.28 vs=0.00 n=0 [none]
1786788231.922 [OBSTACLES] cur_s=5.20 cur_d=0.28 vs=0.00 n=0 [none]
1786788232.423 [OBSTACLES] cur_s=5.20 cur_d=0.28 vs=0.00 n=0 [none]
1786788232.965 [OBSTACLES] cur_s=5.20 cur_d=0.28 vs=0.00 n=0 [none]
1786788233.509 [OBSTACLES] cur_s=5.20 cur_d=0.28 vs=0.00 n=0 [none]
1786788234.058 [OBSTACLES] cur_s=5.21 cur_d=0.28 vs=0.00 n=0 [none]
1786788234.568 [OBSTACLES] cur_s=5.20 cur_d=0.28 vs=0.00 n=0 [none]
1786788235.080 [OBSTACLES] cur_s=5.20 cur_d=0.28 vs=0.00 n=0 [none]
1786788235.656 [OBSTACLES] cur_s=5.20 cur_d=0.28 vs=0.00 n=0 [none]
1786788236.201 [OBSTACLES] cur_s=5.20 cur_d=0.28 vs=0.00 n=0 [none]
1786788236.735 [OBSTACLES] cur_s=5.20 cur_d=0.28 vs=0.00 n=0 [none]
1786788237.345 [OBSTACLES] cur_s=5.20 cur_d=0.28 vs=0.00 n=0 [none]
1786788237.896 [OBSTACLES] cur_s=5.20 cur_d=0.28 vs=0.00 n=0 [none]
1786788238.402 [OBSTACLES] cur_s=5.20 cur_d=0.28 vs=0.00 n=0 [none]
1786788238.950 [OBSTACLES] cur_s=5.20 cur_d=0.28 vs=0.00 n=0 [none]
1786788239.472 [OBSTACLES] cur_s=5.21 cur_d=0.28 vs=0.00 n=0 [none]
1786788239.974 [OBSTACLES] cur_s=5.20 cur_d=0.28 vs=0.00 n=0 [none]
1786788240.528 [OBSTACLES] cur_s=5.19 cur_d=0.28 vs=0.00 n=0 [none]
1786788241.085 [OBSTACLES] cur_s=5.19 cur_d=0.28 vs=0.00 n=0 [none]
1786788241.612 [OBSTACLES] cur_s=5.19 cur_d=0.28 vs=0.00 n=0 [none]
1786788242.121 [OBSTACLES] cur_s=5.19 cur_d=0.28 vs=0.00 n=0 [none]
1786788242.668 [OBSTACLES] cur_s=5.20 cur_d=0.28 vs=0.00 n=0 [none]
1786788243.191 [OBSTACLES] cur_s=5.20 cur_d=0.28 vs=0.00 n=0 [none]
1786788243.706 [OBSTACLES] cur_s=5.20 cur_d=0.28 vs=0.00 n=0 [none]
1786788244.248 [OBSTACLES] cur_s=5.20 cur_d=0.28 vs=0.00 n=0 [none]
1786788244.845 [OBSTACLES] cur_s=5.19 cur_d=0.28 vs=0.00 n=0 [none]
1786788245.354 [OBSTACLES] cur_s=5.19 cur_d=0.28 vs=0.00 n=0 [none]
1786788245.919 [OBSTACLES] cur_s=5.18 cur_d=0.28 vs=0.00 n=0 [none]
1786788246.444 [OBSTACLES] cur_s=5.18 cur_d=0.28 vs=0.00 n=0 [none]
1786788246.980 [OBSTACLES] cur_s=5.18 cur_d=0.28 vs=0.00 n=0 [none]
1786788247.492 [OBSTACLES] cur_s=5.18 cur_d=0.28 vs=0.00 n=0 [none]
1786788248.006 [OBSTACLES] cur_s=5.18 cur_d=0.28 vs=0.00 n=0 [none]
1786788248.577 [OBSTACLES] cur_s=5.18 cur_d=0.28 vs=0.00 n=0 [none]
1786788249.122 [OBSTACLES] cur_s=5.19 cur_d=0.28 vs=0.00 n=0 [none]
1786788249.665 [OBSTACLES] cur_s=5.20 cur_d=0.28 vs=0.00 n=0 [none]
1786788250.168 [OBSTACLES] cur_s=5.20 cur_d=0.28 vs=0.00 n=0 [none]
1786788250.735 [OBSTACLES] cur_s=5.21 cur_d=0.28 vs=0.00 n=0 [none]
1786788251.282 [OBSTACLES] cur_s=5.20 cur_d=0.28 vs=0.00 n=0 [none]
1786788251.830 [OBSTACLES] cur_s=5.20 cur_d=0.28 vs=0.00 n=0 [none]
1786788252.367 [OBSTACLES] cur_s=5.20 cur_d=0.28 vs=0.00 n=0 [none]
1786788252.904 [OBSTACLES] cur_s=5.20 cur_d=0.28 vs=0.00 n=0 [none]
1786788253.486 [OBSTACLES] cur_s=5.20 cur_d=0.28 vs=0.00 n=0 [none]
1786788254.046 [OBSTACLES] cur_s=5.20 cur_d=0.28 vs=0.00 n=0 [none]
1786788254.584 [OBSTACLES] cur_s=5.20 cur_d=0.28 vs=0.00 n=0 [none]
1786788255.116 [OBSTACLES] cur_s=5.20 cur_d=0.28 vs=0.00 n=0 [none]
1786788255.635 [OBSTACLES] cur_s=5.20 cur_d=0.28 vs=0.00 n=0 [none]
1786788256.149 [OBSTACLES] cur_s=5.20 cur_d=0.28 vs=0.00 n=0 [none]
1786788256.649 [OBSTACLES] cur_s=5.20 cur_d=0.28 vs=0.00 n=0 [none]
1786788257.168 [OBSTACLES] cur_s=5.20 cur_d=0.28 vs=0.00 n=0 [none]
1786788257.722 [OBSTACLES] cur_s=5.20 cur_d=0.28 vs=0.00 n=0 [none]
1786788258.234 [OBSTACLES] cur_s=5.21 cur_d=0.28 vs=0.00 n=0 [none]
1786788258.735 [OBSTACLES] cur_s=5.21 cur_d=0.28 vs=0.00 n=0 [none]
1786788259.248 [OBSTACLES] cur_s=5.21 cur_d=0.28 vs=0.00 n=0 [none]
1786788259.837 [OBSTACLES] cur_s=5.19 cur_d=0.28 vs=0.00 n=0 [none]
1786788260.396 [OBSTACLES] cur_s=5.20 cur_d=0.28 vs=0.00 n=0 [none]
1786788260.987 [OBSTACLES] cur_s=5.21 cur_d=0.28 vs=0.00 n=0 [none]
1786788261.509 [OBSTACLES] cur_s=5.21 cur_d=0.28 vs=0.00 n=0 [none]
1786788262.038 [OBSTACLES] cur_s=5.19 cur_d=0.28 vs=0.00 n=0 [none]
1786788262.575 [OBSTACLES] cur_s=5.19 cur_d=0.28 vs=0.00 n=0 [none]
1786788263.108 [OBSTACLES] cur_s=5.18 cur_d=0.28 vs=0.00 n=0 [none]
1786788263.621 [OBSTACLES] cur_s=5.18 cur_d=0.28 vs=0.00 n=0 [none]
1786788264.136 [OBSTACLES] cur_s=5.18 cur_d=0.28 vs=0.00 n=0 [none]
1786788264.674 [OBSTACLES] cur_s=5.18 cur_d=0.28 vs=0.00 n=0 [none]
1786788265.270 [OBSTACLES] cur_s=5.17 cur_d=0.28 vs=0.00 n=0 [none]
1786788265.824 [OBSTACLES] cur_s=5.19 cur_d=0.28 vs=0.00 n=0 [none]
1786788266.367 [OBSTACLES] cur_s=5.19 cur_d=0.28 vs=0.00 n=0 [none]
1786788266.921 [OBSTACLES] cur_s=5.19 cur_d=0.28 vs=0.00 n=0 [none]
1786788267.435 [OBSTACLES] cur_s=5.20 cur_d=0.28 vs=0.00 n=0 [none]
1786788267.936 [OBSTACLES] cur_s=5.21 cur_d=0.28 vs=0.00 n=0 [none]
1786788268.448 [OBSTACLES] cur_s=5.20 cur_d=0.28 vs=0.00 n=0 [none]
1786788268.964 [OBSTACLES] cur_s=5.21 cur_d=0.28 vs=0.00 n=0 [none]
1786788269.471 [OBSTACLES] cur_s=5.21 cur_d=0.28 vs=0.00 n=0 [none]
1786788270.053 [OBSTACLES] cur_s=5.21 cur_d=0.28 vs=0.00 n=0 [none]
1786788270.638 [OBSTACLES] cur_s=5.20 cur_d=0.28 vs=0.00 n=0 [none]
1786788271.141 [OBSTACLES] cur_s=5.21 cur_d=0.28 vs=0.00 n=0 [none]
1786788271.726 [OBSTACLES] cur_s=5.20 cur_d=0.28 vs=0.00 n=0 [none]
1786788272.238 [OBSTACLES] cur_s=5.20 cur_d=0.28 vs=0.00 n=0 [none]
1786788272.793 [OBSTACLES] cur_s=5.21 cur_d=0.28 vs=0.00 n=0 [none]
1786788273.304 [OBSTACLES] cur_s=5.20 cur_d=0.28 vs=0.00 n=0 [none]
1786788273.833 [OBSTACLES] cur_s=5.20 cur_d=0.28 vs=0.00 n=0 [none]
1786788274.403 [OBSTACLES] cur_s=5.19 cur_d=0.28 vs=0.00 n=0 [none]
1786788274.957 [OBSTACLES] cur_s=5.20 cur_d=0.28 vs=0.00 n=0 [none]
1786788275.563 [OBSTACLES] cur_s=5.19 cur_d=0.28 vs=0.00 n=0 [none]
1786788276.104 [OBSTACLES] cur_s=5.20 cur_d=0.28 vs=0.00 n=0 [none]
1786788276.653 [OBSTACLES] cur_s=5.21 cur_d=0.28 vs=0.00 n=0 [none]
1786788277.207 [OBSTACLES] cur_s=5.20 cur_d=0.28 vs=0.00 n=0 [none]
1786788277.723 [OBSTACLES] cur_s=5.20 cur_d=0.28 vs=0.00 n=0 [none]
1786788278.275 [OBSTACLES] cur_s=5.20 cur_d=0.28 vs=0.00 n=0 [none]
1786788278.901 [OBSTACLES] cur_s=5.19 cur_d=0.28 vs=0.00 n=0 [none]
1786788279.439 [OBSTACLES] cur_s=5.20 cur_d=0.28 vs=0.00 n=0 [none]
1786788279.967 [OBSTACLES] cur_s=5.20 cur_d=0.28 vs=0.00 n=0 [none]
1786788280.578 [OBSTACLES] cur_s=5.19 cur_d=0.28 vs=0.00 n=0 [none]
1786788281.098 [OBSTACLES] cur_s=5.20 cur_d=0.28 vs=0.00 n=0 [none]
1786788281.618 [OBSTACLES] cur_s=5.20 cur_d=0.28 vs=0.00 n=0 [none]
1786788282.153 [OBSTACLES] cur_s=5.21 cur_d=0.28 vs=0.00 n=0 [none]
1786788282.675 [OBSTACLES] cur_s=5.20 cur_d=0.28 vs=0.00 n=0 [none]
1786788283.254 [OBSTACLES] cur_s=5.20 cur_d=0.28 vs=0.00 n=0 [none]
1786788283.837 [OBSTACLES] cur_s=5.20 cur_d=0.28 vs=0.00 n=0 [none]
