# static_avoidance_node debug log started 20260816_142405
1786857850.701 [STATIC_AVOID] obs_id=- obs_dist=-m obs_s=- ego_s=5.37 side=- | left_clearance=- right_clearance=- candidate_valid=false rung=- | cache_used=false path_age=- path_points=0 planning_time_ms=0.6 | reason=no_static_obstacle_in_range | cache_reason=no_cache
1786857851.249 [STATIC_AVOID] obs_id=- obs_dist=-m obs_s=- ego_s=5.37 side=- | left_clearance=- right_clearance=- candidate_valid=false rung=- | cache_used=false path_age=- path_points=0 planning_time_ms=0.1 | reason=no_static_obstacle_in_range | cache_reason=no_cache
1786857851.794 [STATIC_AVOID] obs_id=- obs_dist=-m obs_s=- ego_s=5.37 side=- | left_clearance=- right_clearance=- candidate_valid=false rung=- | cache_used=false path_age=- path_points=0 planning_time_ms=0.1 | reason=no_static_obstacle_in_range | cache_reason=no_cache
1786857852.333 [STATIC_AVOID] obs_id=- obs_dist=-m obs_s=- ego_s=5.37 side=- | left_clearance=- right_clearance=- candidate_valid=false rung=- | cache_used=false path_age=- path_points=0 planning_time_ms=0.2 | reason=no_static_obstacle_in_range | cache_reason=no_cache
1786857852.853 [STATIC_AVOID] obs_id=- obs_dist=-m obs_s=- ego_s=5.37 side=- | left_clearance=- right_clearance=- candidate_valid=false rung=- | cache_used=false path_age=- path_points=0 planning_time_ms=0.1 | reason=no_static_obstacle_in_range | cache_reason=no_cache
1786857853.417 [STATIC_AVOID] obs_id=- obs_dist=-m obs_s=- ego_s=5.37 side=- | left_clearance=- right_clearance=- candidate_valid=false rung=- | cache_used=false path_age=- path_points=0 planning_time_ms=0.1 | reason=no_static_obstacle_in_range | cache_reason=no_cache
1786857853.962 [STATIC_AVOID] obs_id=- obs_dist=-m obs_s=- ego_s=5.37 side=- | left_clearance=- right_clearance=- candidate_valid=false rung=- | cache_used=false path_age=- path_points=0 planning_time_ms=0.1 | reason=no_static_obstacle_in_range | cache_reason=no_cache
1786857854.502 [STATIC_AVOID] obs_id=- obs_dist=-m obs_s=- ego_s=5.37 side=- | left_clearance=- right_clearance=- candidate_valid=false rung=- | cache_used=false path_age=- path_points=0 planning_time_ms=0.1 | reason=no_static_obstacle_in_range | cache_reason=no_cache
1786857855.047 [STATIC_AVOID] obs_id=- obs_dist=-m obs_s=- ego_s=5.37 side=- | left_clearance=- right_clearance=- candidate_valid=false rung=- | cache_used=false path_age=- path_points=0 planning_time_ms=0.1 | reason=no_static_obstacle_in_range | cache_reason=no_cache
1786857855.551 [STATIC_AVOID] obs_id=- obs_dist=-m obs_s=- ego_s=5.37 side=- | left_clearance=- right_clearance=- candidate_valid=false rung=- | cache_used=false path_age=- path_points=0 planning_time_ms=0.1 | reason=no_static_obstacle_in_range | cache_reason=no_cache
1786857856.103 [STATIC_AVOID] obs_id=- obs_dist=-m obs_s=- ego_s=5.68 side=- | left_clearance=- right_clearance=- candidate_valid=false rung=- | cache_used=false path_age=- path_points=0 planning_time_ms=2.4 | reason=no_static_obstacle_in_range | cache_reason=no_cache
1786857856.654 [STATIC_AVOID] obs_id=- obs_dist=-m obs_s=- ego_s=7.25 side=- | left_clearance=- right_clearance=- candidate_valid=false rung=- | cache_used=false path_age=- path_points=0 planning_time_ms=0.1 | reason=no_static_obstacle_in_range | cache_reason=no_cache
1786857857.199 [STATIC_AVOID] obs_id=- obs_dist=-m obs_s=- ego_s=8.04 side=- | left_clearance=- right_clearance=- candidate_valid=false rung=- | cache_used=false path_age=- path_points=0 planning_time_ms=0.1 | reason=no_static_obstacle_in_range | cache_reason=no_cache
1786857857.702 [STATIC_AVOID] obs_id=- obs_dist=-m obs_s=- ego_s=8.01 side=- | left_clearance=- right_clearance=- candidate_valid=false rung=- | cache_used=false path_age=- path_points=0 planning_time_ms=0.1 | reason=no_static_obstacle_in_range | cache_reason=no_cache
1786857858.254 [STATIC_AVOID] obs_id=- obs_dist=-m obs_s=- ego_s=7.73 side=- | left_clearance=- right_clearance=- candidate_valid=false rung=- | cache_used=false path_age=- path_points=0 planning_time_ms=0.1 | reason=no_static_obstacle_in_range | cache_reason=no_cache
1786857858.757 [STATIC_AVOID] obs_id=- obs_dist=-m obs_s=- ego_s=6.81 side=- | left_clearance=- right_clearance=- candidate_valid=false rung=- | cache_used=false path_age=- path_points=0 planning_time_ms=0.1 | reason=no_static_obstacle_in_range | cache_reason=no_cache
1786857859.312 [STATIC_AVOID] obs_id=- obs_dist=-m obs_s=- ego_s=6.19 side=- | left_clearance=- right_clearance=- candidate_valid=false rung=- | cache_used=false path_age=- path_points=0 planning_time_ms=0.1 | reason=no_static_obstacle_in_range | cache_reason=no_cache
1786857859.855 [STATIC_AVOID] obs_id=- obs_dist=-m obs_s=- ego_s=5.33 side=- | left_clearance=- right_clearance=- candidate_valid=false rung=- | cache_used=false path_age=- path_points=0 planning_time_ms=0.1 | reason=no_static_obstacle_in_range | cache_reason=no_cache
1786857860.426 [STATIC_AVOID] obs_id=- obs_dist=-m obs_s=- ego_s=5.06 side=- | left_clearance=- right_clearance=- candidate_valid=false rung=- | cache_used=false path_age=- path_points=0 planning_time_ms=0.1 | reason=no_static_obstacle_in_range | cache_reason=no_cache
1786857860.952 [STATIC_AVOID] obs_id=- obs_dist=-m obs_s=- ego_s=5.15 side=- | left_clearance=- right_clearance=- candidate_valid=false rung=- | cache_used=false path_age=- path_points=0 planning_time_ms=1.2 | reason=no_static_obstacle_in_range | cache_reason=no_cache
1786857861.505 [STATIC_AVOID] obs_id=- obs_dist=-m obs_s=- ego_s=6.14 side=- | left_clearance=- right_clearance=- candidate_valid=false rung=- | cache_used=false path_age=- path_points=0 planning_time_ms=0.1 | reason=no_static_obstacle_in_range | cache_reason=no_cache
1786857862.050 [STATIC_AVOID] obs_id=- obs_dist=-m obs_s=- ego_s=6.46 side=- | left_clearance=- right_clearance=- candidate_valid=false rung=- | cache_used=false path_age=- path_points=0 planning_time_ms=0.1 | reason=no_static_obstacle_in_range | cache_reason=no_cache
1786857862.556 [STATIC_AVOID] obs_id=- obs_dist=-m obs_s=- ego_s=6.47 side=- | left_clearance=- right_clearance=- candidate_valid=false rung=- | cache_used=false path_age=- path_points=0 planning_time_ms=0.2 | reason=no_static_obstacle_in_range | cache_reason=no_cache
1786857863.096 [STATIC_AVOID] obs_id=- obs_dist=-m obs_s=- ego_s=6.48 side=- | left_clearance=- right_clearance=- candidate_valid=false rung=- | cache_used=false path_age=- path_points=0 planning_time_ms=0.1 | reason=no_static_obstacle_in_range | cache_reason=no_cache
1786857863.614 [STATIC_AVOID] obs_id=- obs_dist=-m obs_s=- ego_s=6.29 side=- | left_clearance=- right_clearance=- candidate_valid=false rung=- | cache_used=false path_age=- path_points=0 planning_time_ms=0.1 | reason=no_static_obstacle_in_range | cache_reason=no_cache
1786857864.146 [STATIC_AVOID] obs_id=- obs_dist=-m obs_s=- ego_s=6.03 side=- | left_clearance=- right_clearance=- candidate_valid=false rung=- | cache_used=false path_age=- path_points=0 planning_time_ms=0.1 | reason=no_static_obstacle_in_range | cache_reason=no_cache
1786857864.711 [STATIC_AVOID] obs_id=- obs_dist=-m obs_s=- ego_s=5.44 side=- | left_clearance=- right_clearance=- candidate_valid=false rung=- | cache_used=false path_age=- path_points=0 planning_time_ms=2.3 | reason=no_static_obstacle_in_range | cache_reason=no_cache
1786857865.244 [STATIC_AVOID] obs_id=- obs_dist=-m obs_s=- ego_s=5.22 side=- | left_clearance=- right_clearance=- candidate_valid=false rung=- | cache_used=false path_age=- path_points=0 planning_time_ms=0.1 | reason=no_static_obstacle_in_range | cache_reason=no_cache
1786857865.757 [STATIC_AVOID] obs_id=- obs_dist=-m obs_s=- ego_s=5.23 side=- | left_clearance=- right_clearance=- candidate_valid=false rung=- | cache_used=false path_age=- path_points=0 planning_time_ms=0.1 | reason=no_static_obstacle_in_range | cache_reason=no_cache
1786857866.303 [STATIC_AVOID] obs_id=- obs_dist=-m obs_s=- ego_s=5.24 side=- | left_clearance=- right_clearance=- candidate_valid=false rung=- | cache_used=false path_age=- path_points=0 planning_time_ms=0.1 | reason=no_static_obstacle_in_range | cache_reason=no_cache
1786857866.844 [STATIC_AVOID] obs_id=- obs_dist=-m obs_s=- ego_s=5.24 side=- | left_clearance=- right_clearance=- candidate_valid=false rung=- | cache_used=false path_age=- path_points=0 planning_time_ms=0.1 | reason=no_static_obstacle_in_range | cache_reason=no_cache
1786857867.347 [STATIC_AVOID] obs_id=- obs_dist=-m obs_s=- ego_s=5.23 side=- | left_clearance=- right_clearance=- candidate_valid=false rung=- | cache_used=false path_age=- path_points=0 planning_time_ms=0.1 | reason=no_static_obstacle_in_range | cache_reason=no_cache
1786857867.847 [STATIC_AVOID] obs_id=- obs_dist=-m obs_s=- ego_s=5.23 side=- | left_clearance=- right_clearance=- candidate_valid=false rung=- | cache_used=false path_age=- path_points=0 planning_time_ms=0.1 | reason=no_static_obstacle_in_range | cache_reason=no_cache
1786857868.348 [STATIC_AVOID] obs_id=- obs_dist=-m obs_s=- ego_s=5.23 side=- | left_clearance=- right_clearance=- candidate_valid=false rung=- | cache_used=false path_age=- path_points=0 planning_time_ms=0.1 | reason=no_static_obstacle_in_range | cache_reason=no_cache
1786857868.913 [STATIC_AVOID] obs_id=- obs_dist=-m obs_s=- ego_s=5.23 side=- | left_clearance=- right_clearance=- candidate_valid=false rung=- | cache_used=false path_age=- path_points=0 planning_time_ms=0.1 | reason=no_static_obstacle_in_range | cache_reason=no_cache
1786857869.449 [STATIC_AVOID] obs_id=- obs_dist=-m obs_s=- ego_s=5.23 side=- | left_clearance=- right_clearance=- candidate_valid=false rung=- | cache_used=false path_age=- path_points=0 planning_time_ms=0.1 | reason=no_static_obstacle_in_range | cache_reason=no_cache
1786857869.996 [STATIC_AVOID] obs_id=- obs_dist=-m obs_s=- ego_s=5.21 side=- | left_clearance=- right_clearance=- candidate_valid=false rung=- | cache_used=false path_age=- path_points=0 planning_time_ms=0.1 | reason=no_static_obstacle_in_range | cache_reason=no_cache
1786857870.501 [STATIC_AVOID] obs_id=- obs_dist=-m obs_s=- ego_s=5.13 side=- | left_clearance=- right_clearance=- candidate_valid=false rung=- | cache_used=false path_age=- path_points=0 planning_time_ms=0.2 | reason=no_static_obstacle_in_range | cache_reason=no_cache
1786857871.004 [STATIC_AVOID] obs_id=- obs_dist=-m obs_s=- ego_s=5.13 side=- | left_clearance=- right_clearance=- candidate_valid=false rung=- | cache_used=false path_age=- path_points=0 planning_time_ms=0.1 | reason=no_static_obstacle_in_range | cache_reason=no_cache
1786857871.505 [STATIC_AVOID] obs_id=- obs_dist=-m obs_s=- ego_s=5.15 side=- | left_clearance=- right_clearance=- candidate_valid=false rung=- | cache_used=false path_age=- path_points=0 planning_time_ms=0.1 | reason=no_static_obstacle_in_range | cache_reason=no_cache
1786857872.069 [STATIC_AVOID] obs_id=- obs_dist=-m obs_s=- ego_s=5.16 side=- | left_clearance=- right_clearance=- candidate_valid=false rung=- | cache_used=false path_age=- path_points=0 planning_time_ms=0.1 | reason=no_static_obstacle_in_range | cache_reason=no_cache
1786857872.595 [STATIC_AVOID] obs_id=- obs_dist=-m obs_s=- ego_s=5.46 side=- | left_clearance=- right_clearance=- candidate_valid=false rung=- | cache_used=false path_age=- path_points=0 planning_time_ms=0.1 | reason=no_static_obstacle_in_range | cache_reason=no_cache
1786857873.124 [STATIC_AVOID] obs_id=- obs_dist=-m obs_s=- ego_s=6.21 side=- | left_clearance=- right_clearance=- candidate_valid=false rung=- | cache_used=false path_age=- path_points=0 planning_time_ms=0.1 | reason=no_static_obstacle_in_range | cache_reason=no_cache
1786857873.659 [STATIC_AVOID] obs_id=- obs_dist=-m obs_s=- ego_s=8.38 side=- | left_clearance=- right_clearance=- candidate_valid=false rung=- | cache_used=false path_age=- path_points=0 planning_time_ms=0.1 | reason=no_static_obstacle_in_range | cache_reason=no_cache
1786857874.203 [STATIC_AVOID] obs_id=- obs_dist=-m obs_s=- ego_s=10.06 side=- | left_clearance=- right_clearance=- candidate_valid=false rung=- | cache_used=false path_age=- path_points=0 planning_time_ms=0.1 | reason=no_static_obstacle_in_range | cache_reason=no_cache
1786857874.707 [STATIC_AVOID] obs_id=1 obs_dist=2.92m obs_s=14.07 ego_s=11.15 side=LEFT | left_clearance=0.32 right_clearance=-0.16 candidate_valid=true rung=0 | cache_used=false path_age=0.000 path_points=88 planning_time_ms=10.5
1786857875.250 [STATIC_AVOID] obs_id=- obs_dist=-m obs_s=- ego_s=12.59 side=- | left_clearance=- right_clearance=- candidate_valid=false rung=- | cache_used=false path_age=- path_points=0 planning_time_ms=1.0 | reason=no_static_obstacle_in_range | cache_reason=no_cache
1786857875.753 [STATIC_AVOID] obs_id=- obs_dist=-m obs_s=- ego_s=13.50 side=- | left_clearance=- right_clearance=- candidate_valid=false rung=- | cache_used=false path_age=- path_points=0 planning_time_ms=0.8 | reason=no_static_obstacle_in_range | cache_reason=no_cache
1786857876.301 [STATIC_AVOID] obs_id=- obs_dist=-m obs_s=- ego_s=15.13 side=- | left_clearance=- right_clearance=- candidate_valid=false rung=- | cache_used=false path_age=- path_points=0 planning_time_ms=0.1 | reason=no_static_obstacle_in_range | cache_reason=no_cache
1786857876.803 [STATIC_AVOID] obs_id=- obs_dist=-m obs_s=- ego_s=16.27 side=- | left_clearance=- right_clearance=- candidate_valid=false rung=- | cache_used=false path_age=- path_points=0 planning_time_ms=0.1 | reason=no_static_obstacle_in_range | cache_reason=no_cache
1786857877.304 [STATIC_AVOID] obs_id=- obs_dist=-m obs_s=- ego_s=17.52 side=- | left_clearance=- right_clearance=- candidate_valid=false rung=- | cache_used=false path_age=- path_points=0 planning_time_ms=0.2 | reason=no_static_obstacle_in_range | cache_reason=no_cache
1786857877.846 [STATIC_AVOID] obs_id=- obs_dist=-m obs_s=- ego_s=19.37 side=- | left_clearance=- right_clearance=- candidate_valid=false rung=- | cache_used=false path_age=- path_points=0 planning_time_ms=0.1 | reason=no_static_obstacle_in_range | cache_reason=no_cache
1786857878.439 [STATIC_AVOID] obs_id=3 obs_dist=5.00m obs_s=25.69 ego_s=20.68 side=LEFT | left_clearance=0.50 right_clearance=-0.12 candidate_valid=true rung=0 | cache_used=false path_age=0.000 path_points=106 planning_time_ms=30.7
1786857878.950 [STATIC_AVOID] obs_id=- obs_dist=-m obs_s=- ego_s=21.52 side=- | left_clearance=- right_clearance=- candidate_valid=false rung=- | cache_used=false path_age=- path_points=0 planning_time_ms=0.4 | reason=no_static_obstacle_in_range | cache_reason=no_cache
1786857879.451 [STATIC_AVOID] obs_id=- obs_dist=-m obs_s=- ego_s=22.57 side=- | left_clearance=- right_clearance=- candidate_valid=false rung=- | cache_used=false path_age=- path_points=0 planning_time_ms=0.1 | reason=no_static_obstacle_in_range | cache_reason=no_cache
1786857879.956 [STATIC_AVOID] obs_id=- obs_dist=-m obs_s=- ego_s=24.33 side=- | left_clearance=- right_clearance=- candidate_valid=false rung=- | cache_used=false path_age=- path_points=0 planning_time_ms=0.1 | reason=no_static_obstacle_in_range | cache_reason=no_cache
1786857880.520 [STATIC_AVOID] obs_id=- obs_dist=-m obs_s=- ego_s=25.70 side=- | left_clearance=- right_clearance=- candidate_valid=false rung=- | cache_used=false path_age=- path_points=0 planning_time_ms=1.3 | reason=no_static_obstacle_in_range | cache_reason=no_cache
1786857881.084 [STATIC_AVOID] obs_id=4 obs_dist=1.79m obs_s=29.24 ego_s=27.45 side=RIGHT | left_clearance=-0.16 right_clearance=0.52 candidate_valid=true rung=0 | cache_used=false path_age=0.000 path_points=84 planning_time_ms=19.4
1786857881.589 [STATIC_AVOID] obs_id=4 obs_dist=0.92m obs_s=29.23 ego_s=28.31 side=RIGHT | left_clearance=-0.13 right_clearance=0.65 candidate_valid=false rung=- | cache_used=true path_age=0.101 path_points=81 planning_time_ms=6.7 | reason=obstacle_clearance
1786857882.122 [STATIC_AVOID] obs_id=- obs_dist=-m obs_s=- ego_s=28.35 side=- | left_clearance=- right_clearance=- candidate_valid=false rung=- | cache_used=false path_age=- path_points=0 planning_time_ms=0.2 | reason=no_static_obstacle_in_range | cache_reason=no_cache
1786857882.658 [STATIC_AVOID] obs_id=- obs_dist=-m obs_s=- ego_s=28.68 side=- | left_clearance=- right_clearance=- candidate_valid=false rung=- | cache_used=false path_age=- path_points=0 planning_time_ms=0.1 | reason=no_static_obstacle_in_range | cache_reason=no_cache
1786857883.205 [STATIC_AVOID] obs_id=- obs_dist=-m obs_s=- ego_s=29.29 side=- | left_clearance=- right_clearance=- candidate_valid=false rung=- | cache_used=false path_age=- path_points=0 planning_time_ms=0.1 | reason=no_static_obstacle_in_range | cache_reason=no_cache
1786857883.714 [STATIC_AVOID] obs_id=- obs_dist=-m obs_s=- ego_s=30.16 side=- | left_clearance=- right_clearance=- candidate_valid=false rung=- | cache_used=false path_age=- path_points=0 planning_time_ms=0.1 | reason=no_static_obstacle_in_range | cache_reason=no_cache
1786857884.255 [STATIC_AVOID] obs_id=- obs_dist=-m obs_s=- ego_s=31.97 side=- | left_clearance=- right_clearance=- candidate_valid=false rung=- | cache_used=false path_age=- path_points=0 planning_time_ms=0.1 | reason=no_static_obstacle_in_range | cache_reason=no_cache
1786857884.803 [STATIC_AVOID] obs_id=- obs_dist=-m obs_s=- ego_s=33.97 side=- | left_clearance=- right_clearance=- candidate_valid=false rung=- | cache_used=false path_age=- path_points=0 planning_time_ms=0.1 | reason=no_static_obstacle_in_range | cache_reason=no_cache
1786857885.327 [STATIC_AVOID] obs_id=- obs_dist=-m obs_s=- ego_s=1.20 side=- | left_clearance=- right_clearance=- candidate_valid=false rung=- | cache_used=false path_age=- path_points=0 planning_time_ms=0.1 | reason=no_static_obstacle_in_range | cache_reason=no_cache
1786857885.857 [STATIC_AVOID] obs_id=- obs_dist=-m obs_s=- ego_s=2.86 side=- | left_clearance=- right_clearance=- candidate_valid=false rung=- | cache_used=false path_age=- path_points=0 planning_time_ms=0.1 | reason=no_static_obstacle_in_range | cache_reason=no_cache
1786857886.401 [STATIC_AVOID] obs_id=- obs_dist=-m obs_s=- ego_s=4.36 side=- | left_clearance=- right_clearance=- candidate_valid=false rung=- | cache_used=false path_age=- path_points=0 planning_time_ms=0.3 | reason=no_static_obstacle_in_range | cache_reason=no_cache
1786857886.946 [STATIC_AVOID] obs_id=- obs_dist=-m obs_s=- ego_s=6.40 side=- | left_clearance=- right_clearance=- candidate_valid=false rung=- | cache_used=false path_age=- path_points=0 planning_time_ms=0.1 | reason=no_static_obstacle_in_range | cache_reason=no_cache
1786857887.450 [STATIC_AVOID] obs_id=- obs_dist=-m obs_s=- ego_s=7.97 side=- | left_clearance=- right_clearance=- candidate_valid=false rung=- | cache_used=false path_age=- path_points=0 planning_time_ms=1.0 | reason=no_static_obstacle_in_range | cache_reason=no_cache
1786857887.957 [STATIC_AVOID] obs_id=- obs_dist=-m obs_s=- ego_s=9.57 side=- | left_clearance=- right_clearance=- candidate_valid=false rung=- | cache_used=false path_age=- path_points=0 planning_time_ms=0.1 | reason=no_static_obstacle_in_range | cache_reason=no_cache
1786857888.495 [STATIC_AVOID] obs_id=- obs_dist=-m obs_s=- ego_s=10.92 side=- | left_clearance=- right_clearance=- candidate_valid=false rung=- | cache_used=false path_age=- path_points=0 planning_time_ms=0.1 | reason=no_static_obstacle_in_range | cache_reason=no_cache
1786857888.997 [STATIC_AVOID] obs_id=- obs_dist=-m obs_s=- ego_s=12.18 side=- | left_clearance=- right_clearance=- candidate_valid=false rung=- | cache_used=false path_age=- path_points=0 planning_time_ms=0.1 | reason=no_static_obstacle_in_range | cache_reason=no_cache
1786857889.558 [STATIC_AVOID] obs_id=- obs_dist=-m obs_s=- ego_s=13.75 side=- | left_clearance=- right_clearance=- candidate_valid=false rung=- | cache_used=false path_age=- path_points=0 planning_time_ms=0.1 | reason=no_static_obstacle_in_range | cache_reason=no_cache
1786857890.094 [STATIC_AVOID] obs_id=- obs_dist=-m obs_s=- ego_s=15.49 side=- | left_clearance=- right_clearance=- candidate_valid=false rung=- | cache_used=false path_age=- path_points=0 planning_time_ms=0.1 | reason=no_static_obstacle_in_range | cache_reason=no_cache
1786857890.610 [STATIC_AVOID] obs_id=- obs_dist=-m obs_s=- ego_s=16.31 side=- | left_clearance=- right_clearance=- candidate_valid=false rung=- | cache_used=false path_age=- path_points=0 planning_time_ms=0.1 | reason=no_static_obstacle_in_range | cache_reason=no_cache
1786857891.146 [STATIC_AVOID] obs_id=- obs_dist=-m obs_s=- ego_s=17.58 side=- | left_clearance=- right_clearance=- candidate_valid=false rung=- | cache_used=false path_age=- path_points=0 planning_time_ms=0.2 | reason=no_static_obstacle_in_range | cache_reason=no_cache
1786857891.660 [STATIC_AVOID] obs_id=- obs_dist=-m obs_s=- ego_s=19.09 side=- | left_clearance=- right_clearance=- candidate_valid=false rung=- | cache_used=false path_age=- path_points=0 planning_time_ms=0.1 | reason=no_static_obstacle_in_range | cache_reason=no_cache
1786857892.208 [STATIC_AVOID] obs_id=8 obs_dist=5.40m obs_s=25.72 ego_s=20.32 side=LEFT | left_clearance=0.58 right_clearance=-0.23 candidate_valid=true rung=0 | cache_used=false path_age=0.000 path_points=110 planning_time_ms=29.7
1786857892.806 [STATIC_AVOID] obs_id=8 obs_dist=4.66m obs_s=25.81 ego_s=21.15 side=LEFT | left_clearance=0.62 right_clearance=-0.16 candidate_valid=true rung=2 | cache_used=false path_age=0.000 path_points=108 planning_time_ms=30.8
1786857893.352 [STATIC_AVOID] obs_id=8 obs_dist=3.19m obs_s=25.86 ego_s=22.68 side=LEFT | left_clearance=0.36 right_clearance=-0.24 candidate_valid=true rung=0 | cache_used=false path_age=0.000 path_points=99 planning_time_ms=6.8
1786857893.860 [STATIC_AVOID] obs_id=8 obs_dist=1.64m obs_s=25.87 ego_s=24.23 side=LEFT | left_clearance=0.35 right_clearance=-0.26 candidate_valid=true rung=0 | cache_used=false path_age=0.000 path_points=84 planning_time_ms=10.8
1786857894.370 [STATIC_AVOID] obs_id=8 obs_dist=-0.28m obs_s=25.88 ego_s=26.16 side=LEFT | left_clearance=0.34 right_clearance=-0.25 candidate_valid=true rung=0 | cache_used=false path_age=0.000 path_points=81 planning_time_ms=18.9
1786857894.896 [STATIC_AVOID] obs_id=- obs_dist=-m obs_s=- ego_s=27.35 side=- | left_clearance=- right_clearance=- candidate_valid=false rung=- | cache_used=false path_age=- path_points=0 planning_time_ms=0.1 | reason=no_static_obstacle_in_range | cache_reason=no_cache
1786857895.397 [STATIC_AVOID] obs_id=- obs_dist=-m obs_s=- ego_s=27.72 side=- | left_clearance=- right_clearance=- candidate_valid=false rung=- | cache_used=false path_age=- path_points=0 planning_time_ms=0.1 | reason=no_static_obstacle_in_range | cache_reason=no_cache
1786857895.902 [STATIC_AVOID] obs_id=- obs_dist=-m obs_s=- ego_s=27.60 side=- | left_clearance=- right_clearance=- candidate_valid=false rung=- | cache_used=false path_age=- path_points=0 planning_time_ms=0.1 | reason=no_static_obstacle_in_range | cache_reason=no_cache
1786857896.450 [STATIC_AVOID] obs_id=- obs_dist=-m obs_s=- ego_s=27.61 side=- | left_clearance=- right_clearance=- candidate_valid=false rung=- | cache_used=false path_age=- path_points=0 planning_time_ms=4.2 | reason=no_static_obstacle_in_range | cache_reason=no_cache
1786857897.009 [STATIC_AVOID] obs_id=- obs_dist=-m obs_s=- ego_s=27.61 side=- | left_clearance=- right_clearance=- candidate_valid=false rung=- | cache_used=false path_age=- path_points=0 planning_time_ms=0.1 | reason=no_static_obstacle_in_range | cache_reason=no_cache
1786857897.553 [STATIC_AVOID] obs_id=- obs_dist=-m obs_s=- ego_s=27.60 side=- | left_clearance=- right_clearance=- candidate_valid=false rung=- | cache_used=false path_age=- path_points=0 planning_time_ms=0.1 | reason=no_static_obstacle_in_range | cache_reason=no_cache
1786857898.064 [STATIC_AVOID] obs_id=- obs_dist=-m obs_s=- ego_s=27.56 side=- | left_clearance=- right_clearance=- candidate_valid=false rung=- | cache_used=false path_age=- path_points=0 planning_time_ms=0.1 | reason=no_static_obstacle_in_range | cache_reason=no_cache
1786857898.619 [STATIC_AVOID] obs_id=- obs_dist=-m obs_s=- ego_s=27.56 side=- | left_clearance=- right_clearance=- candidate_valid=false rung=- | cache_used=false path_age=- path_points=0 planning_time_ms=5.0 | reason=no_static_obstacle_in_range | cache_reason=no_cache
1786857899.119 [STATIC_AVOID] obs_id=- obs_dist=-m obs_s=- ego_s=27.56 side=- | left_clearance=- right_clearance=- candidate_valid=false rung=- | cache_used=false path_age=- path_points=0 planning_time_ms=0.1 | reason=no_static_obstacle_in_range | cache_reason=no_cache
1786857899.653 [STATIC_AVOID] obs_id=- obs_dist=-m obs_s=- ego_s=27.53 side=- | left_clearance=- right_clearance=- candidate_valid=false rung=- | cache_used=false path_age=- path_points=0 planning_time_ms=0.1 | reason=no_static_obstacle_in_range | cache_reason=no_cache
1786857900.199 [STATIC_AVOID] obs_id=- obs_dist=-m obs_s=- ego_s=27.52 side=- | left_clearance=- right_clearance=- candidate_valid=false rung=- | cache_used=false path_age=- path_points=0 planning_time_ms=0.1 | reason=no_static_obstacle_in_range | cache_reason=no_cache
1786857900.703 [STATIC_AVOID] obs_id=- obs_dist=-m obs_s=- ego_s=27.46 side=- | left_clearance=- right_clearance=- candidate_valid=false rung=- | cache_used=false path_age=- path_points=0 planning_time_ms=0.1 | reason=no_static_obstacle_in_range | cache_reason=no_cache
1786857901.248 [STATIC_AVOID] obs_id=- obs_dist=-m obs_s=- ego_s=27.54 side=- | left_clearance=- right_clearance=- candidate_valid=false rung=- | cache_used=false path_age=- path_points=0 planning_time_ms=0.2 | reason=no_static_obstacle_in_range | cache_reason=no_cache
1786857901.751 [STATIC_AVOID] obs_id=- obs_dist=-m obs_s=- ego_s=27.35 side=- | left_clearance=- right_clearance=- candidate_valid=false rung=- | cache_used=false path_age=- path_points=0 planning_time_ms=0.1 | reason=no_static_obstacle_in_range | cache_reason=no_cache
1786857902.294 [STATIC_AVOID] obs_id=- obs_dist=-m obs_s=- ego_s=26.85 side=- | left_clearance=- right_clearance=- candidate_valid=false rung=- | cache_used=false path_age=- path_points=0 planning_time_ms=0.1 | reason=no_static_obstacle_in_range | cache_reason=no_cache
1786857902.805 [STATIC_AVOID] obs_id=- obs_dist=-m obs_s=- ego_s=26.71 side=- | left_clearance=- right_clearance=- candidate_valid=false rung=- | cache_used=false path_age=- path_points=0 planning_time_ms=0.1 | reason=no_static_obstacle_in_range | cache_reason=no_cache
1786857903.307 [STATIC_AVOID] obs_id=- obs_dist=-m obs_s=- ego_s=26.68 side=- | left_clearance=- right_clearance=- candidate_valid=false rung=- | cache_used=false path_age=- path_points=0 planning_time_ms=0.1 | reason=no_static_obstacle_in_range | cache_reason=no_cache
1786857903.848 [STATIC_AVOID] obs_id=- obs_dist=-m obs_s=- ego_s=26.67 side=- | left_clearance=- right_clearance=- candidate_valid=false rung=- | cache_used=false path_age=- path_points=0 planning_time_ms=0.1 | reason=no_static_obstacle_in_range | cache_reason=no_cache
1786857904.350 [STATIC_AVOID] obs_id=- obs_dist=-m obs_s=- ego_s=26.67 side=- | left_clearance=- right_clearance=- candidate_valid=false rung=- | cache_used=false path_age=- path_points=0 planning_time_ms=0.1 | reason=no_static_obstacle_in_range | cache_reason=no_cache
1786857904.901 [STATIC_AVOID] obs_id=- obs_dist=-m obs_s=- ego_s=26.67 side=- | left_clearance=- right_clearance=- candidate_valid=false rung=- | cache_used=false path_age=- path_points=0 planning_time_ms=0.1 | reason=no_static_obstacle_in_range | cache_reason=no_cache
1786857905.449 [STATIC_AVOID] obs_id=- obs_dist=-m obs_s=- ego_s=26.67 side=- | left_clearance=- right_clearance=- candidate_valid=false rung=- | cache_used=false path_age=- path_points=0 planning_time_ms=0.1 | reason=no_static_obstacle_in_range | cache_reason=no_cache
1786857905.954 [STATIC_AVOID] obs_id=- obs_dist=-m obs_s=- ego_s=26.68 side=- | left_clearance=- right_clearance=- candidate_valid=false rung=- | cache_used=false path_age=- path_points=0 planning_time_ms=0.1 | reason=no_static_obstacle_in_range | cache_reason=no_cache
1786857906.469 [STATIC_AVOID] obs_id=- obs_dist=-m obs_s=- ego_s=26.68 side=- | left_clearance=- right_clearance=- candidate_valid=false rung=- | cache_used=false path_age=- path_points=0 planning_time_ms=0.1 | reason=no_static_obstacle_in_range | cache_reason=no_cache
1786857907.004 [STATIC_AVOID] obs_id=- obs_dist=-m obs_s=- ego_s=26.67 side=- | left_clearance=- right_clearance=- candidate_valid=false rung=- | cache_used=false path_age=- path_points=0 planning_time_ms=0.2 | reason=no_static_obstacle_in_range | cache_reason=no_cache
1786857907.544 [STATIC_AVOID] obs_id=- obs_dist=-m obs_s=- ego_s=26.67 side=- | left_clearance=- right_clearance=- candidate_valid=false rung=- | cache_used=false path_age=- path_points=0 planning_time_ms=0.1 | reason=no_static_obstacle_in_range | cache_reason=no_cache
1786857908.060 [STATIC_AVOID] obs_id=- obs_dist=-m obs_s=- ego_s=26.67 side=- | left_clearance=- right_clearance=- candidate_valid=false rung=- | cache_used=false path_age=- path_points=0 planning_time_ms=0.1 | reason=no_static_obstacle_in_range | cache_reason=no_cache
1786857908.609 [STATIC_AVOID] obs_id=- obs_dist=-m obs_s=- ego_s=26.66 side=- | left_clearance=- right_clearance=- candidate_valid=false rung=- | cache_used=false path_age=- path_points=0 planning_time_ms=0.1 | reason=no_static_obstacle_in_range | cache_reason=no_cache
1786857909.149 [STATIC_AVOID] obs_id=- obs_dist=-m obs_s=- ego_s=26.67 side=- | left_clearance=- right_clearance=- candidate_valid=false rung=- | cache_used=false path_age=- path_points=0 planning_time_ms=5.1 | reason=no_static_obstacle_in_range | cache_reason=no_cache
1786857909.672 [STATIC_AVOID] obs_id=- obs_dist=-m obs_s=- ego_s=26.67 side=- | left_clearance=- right_clearance=- candidate_valid=false rung=- | cache_used=false path_age=- path_points=0 planning_time_ms=0.2 | reason=no_static_obstacle_in_range | cache_reason=no_cache
1786857910.200 [STATIC_AVOID] obs_id=- obs_dist=-m obs_s=- ego_s=26.67 side=- | left_clearance=- right_clearance=- candidate_valid=false rung=- | cache_used=false path_age=- path_points=0 planning_time_ms=0.3 | reason=no_static_obstacle_in_range | cache_reason=no_cache
1786857910.750 [STATIC_AVOID] obs_id=- obs_dist=-m obs_s=- ego_s=26.67 side=- | left_clearance=- right_clearance=- candidate_valid=false rung=- | cache_used=false path_age=- path_points=0 planning_time_ms=0.1 | reason=no_static_obstacle_in_range | cache_reason=no_cache
1786857911.295 [STATIC_AVOID] obs_id=- obs_dist=-m obs_s=- ego_s=26.67 side=- | left_clearance=- right_clearance=- candidate_valid=false rung=- | cache_used=false path_age=- path_points=0 planning_time_ms=0.1 | reason=no_static_obstacle_in_range | cache_reason=no_cache
1786857911.797 [STATIC_AVOID] obs_id=- obs_dist=-m obs_s=- ego_s=26.67 side=- | left_clearance=- right_clearance=- candidate_valid=false rung=- | cache_used=false path_age=- path_points=0 planning_time_ms=0.1 | reason=no_static_obstacle_in_range | cache_reason=no_cache
1786857912.350 [STATIC_AVOID] obs_id=- obs_dist=-m obs_s=- ego_s=26.67 side=- | left_clearance=- right_clearance=- candidate_valid=false rung=- | cache_used=false path_age=- path_points=0 planning_time_ms=0.5 | reason=no_static_obstacle_in_range | cache_reason=no_cache
1786857912.898 [STATIC_AVOID] obs_id=- obs_dist=-m obs_s=- ego_s=26.67 side=- | left_clearance=- right_clearance=- candidate_valid=false rung=- | cache_used=false path_age=- path_points=0 planning_time_ms=0.1 | reason=no_static_obstacle_in_range | cache_reason=no_cache
1786857913.400 [STATIC_AVOID] obs_id=- obs_dist=-m obs_s=- ego_s=26.67 side=- | left_clearance=- right_clearance=- candidate_valid=false rung=- | cache_used=false path_age=- path_points=0 planning_time_ms=0.1 | reason=no_static_obstacle_in_range | cache_reason=no_cache
1786857913.950 [STATIC_AVOID] obs_id=- obs_dist=-m obs_s=- ego_s=26.67 side=- | left_clearance=- right_clearance=- candidate_valid=false rung=- | cache_used=false path_age=- path_points=0 planning_time_ms=0.1 | reason=no_static_obstacle_in_range | cache_reason=no_cache
1786857914.495 [STATIC_AVOID] obs_id=- obs_dist=-m obs_s=- ego_s=26.67 side=- | left_clearance=- right_clearance=- candidate_valid=false rung=- | cache_used=false path_age=- path_points=0 planning_time_ms=0.1 | reason=no_static_obstacle_in_range | cache_reason=no_cache
1786857915.002 [STATIC_AVOID] obs_id=- obs_dist=-m obs_s=- ego_s=26.67 side=- | left_clearance=- right_clearance=- candidate_valid=false rung=- | cache_used=false path_age=- path_points=0 planning_time_ms=2.2 | reason=no_static_obstacle_in_range | cache_reason=no_cache
1786857915.504 [STATIC_AVOID] obs_id=- obs_dist=-m obs_s=- ego_s=26.67 side=- | left_clearance=- right_clearance=- candidate_valid=false rung=- | cache_used=false path_age=- path_points=0 planning_time_ms=1.2 | reason=no_static_obstacle_in_range | cache_reason=no_cache
1786857916.061 [STATIC_AVOID] obs_id=- obs_dist=-m obs_s=- ego_s=26.67 side=- | left_clearance=- right_clearance=- candidate_valid=false rung=- | cache_used=false path_age=- path_points=0 planning_time_ms=0.1 | reason=no_static_obstacle_in_range | cache_reason=no_cache
1786857916.608 [STATIC_AVOID] obs_id=- obs_dist=-m obs_s=- ego_s=26.67 side=- | left_clearance=- right_clearance=- candidate_valid=false rung=- | cache_used=false path_age=- path_points=0 planning_time_ms=0.1 | reason=no_static_obstacle_in_range | cache_reason=no_cache
1786857917.210 [STATIC_AVOID] obs_id=- obs_dist=-m obs_s=- ego_s=26.67 side=- | left_clearance=- right_clearance=- candidate_valid=false rung=- | cache_used=false path_age=- path_points=0 planning_time_ms=0.1 | reason=no_static_obstacle_in_range | cache_reason=no_cache
1786857917.762 [STATIC_AVOID] obs_id=- obs_dist=-m obs_s=- ego_s=26.72 side=- | left_clearance=- right_clearance=- candidate_valid=false rung=- | cache_used=false path_age=- path_points=0 planning_time_ms=0.1 | reason=no_static_obstacle_in_range | cache_reason=no_cache
1786857918.299 [STATIC_AVOID] obs_id=- obs_dist=-m obs_s=- ego_s=26.72 side=- | left_clearance=- right_clearance=- candidate_valid=false rung=- | cache_used=false path_age=- path_points=0 planning_time_ms=0.1 | reason=no_static_obstacle_in_range | cache_reason=no_cache
1786857918.810 [STATIC_AVOID] obs_id=- obs_dist=-m obs_s=- ego_s=26.72 side=- | left_clearance=- right_clearance=- candidate_valid=false rung=- | cache_used=false path_age=- path_points=0 planning_time_ms=0.1 | reason=no_static_obstacle_in_range | cache_reason=no_cache
1786857919.350 [STATIC_AVOID] obs_id=- obs_dist=-m obs_s=- ego_s=26.72 side=- | left_clearance=- right_clearance=- candidate_valid=false rung=- | cache_used=false path_age=- path_points=0 planning_time_ms=1.8 | reason=no_static_obstacle_in_range | cache_reason=no_cache
1786857919.851 [STATIC_AVOID] obs_id=- obs_dist=-m obs_s=- ego_s=26.72 side=- | left_clearance=- right_clearance=- candidate_valid=false rung=- | cache_used=false path_age=- path_points=0 planning_time_ms=2.5 | reason=no_static_obstacle_in_range | cache_reason=no_cache
1786857920.408 [STATIC_AVOID] obs_id=- obs_dist=-m obs_s=- ego_s=26.72 side=- | left_clearance=- right_clearance=- candidate_valid=false rung=- | cache_used=false path_age=- path_points=0 planning_time_ms=0.1 | reason=no_static_obstacle_in_range | cache_reason=no_cache
1786857920.953 [STATIC_AVOID] obs_id=- obs_dist=-m obs_s=- ego_s=26.72 side=- | left_clearance=- right_clearance=- candidate_valid=false rung=- | cache_used=false path_age=- path_points=0 planning_time_ms=0.1 | reason=no_static_obstacle_in_range | cache_reason=no_cache
1786857921.535 [STATIC_AVOID] obs_id=- obs_dist=-m obs_s=- ego_s=26.72 side=- | left_clearance=- right_clearance=- candidate_valid=false rung=- | cache_used=false path_age=- path_points=0 planning_time_ms=0.1 | reason=no_static_obstacle_in_range | cache_reason=no_cache
1786857922.050 [STATIC_AVOID] obs_id=- obs_dist=-m obs_s=- ego_s=26.72 side=- | left_clearance=- right_clearance=- candidate_valid=false rung=- | cache_used=false path_age=- path_points=0 planning_time_ms=0.1 | reason=no_static_obstacle_in_range | cache_reason=no_cache
1786857922.571 [STATIC_AVOID] obs_id=- obs_dist=-m obs_s=- ego_s=26.72 side=- | left_clearance=- right_clearance=- candidate_valid=false rung=- | cache_used=false path_age=- path_points=0 planning_time_ms=0.1 | reason=no_static_obstacle_in_range | cache_reason=no_cache
1786857923.108 [STATIC_AVOID] obs_id=- obs_dist=-m obs_s=- ego_s=26.72 side=- | left_clearance=- right_clearance=- candidate_valid=false rung=- | cache_used=false path_age=- path_points=0 planning_time_ms=0.1 | reason=no_static_obstacle_in_range | cache_reason=no_cache
1786857923.688 [STATIC_AVOID] obs_id=- obs_dist=-m obs_s=- ego_s=26.71 side=- | left_clearance=- right_clearance=- candidate_valid=false rung=- | cache_used=false path_age=- path_points=0 planning_time_ms=0.1 | reason=no_static_obstacle_in_range | cache_reason=no_cache
1786857924.200 [STATIC_AVOID] obs_id=- obs_dist=-m obs_s=- ego_s=26.72 side=- | left_clearance=- right_clearance=- candidate_valid=false rung=- | cache_used=false path_age=- path_points=0 planning_time_ms=0.1 | reason=no_static_obstacle_in_range | cache_reason=no_cache
1786857924.736 [STATIC_AVOID] obs_id=- obs_dist=-m obs_s=- ego_s=26.72 side=- | left_clearance=- right_clearance=- candidate_valid=false rung=- | cache_used=false path_age=- path_points=0 planning_time_ms=3.4 | reason=no_static_obstacle_in_range | cache_reason=no_cache
1786857925.255 [STATIC_AVOID] obs_id=- obs_dist=-m obs_s=- ego_s=26.71 side=- | left_clearance=- right_clearance=- candidate_valid=false rung=- | cache_used=false path_age=- path_points=0 planning_time_ms=0.1 | reason=no_static_obstacle_in_range | cache_reason=no_cache
1786857925.802 [STATIC_AVOID] obs_id=- obs_dist=-m obs_s=- ego_s=26.72 side=- | left_clearance=- right_clearance=- candidate_valid=false rung=- | cache_used=false path_age=- path_points=0 planning_time_ms=0.1 | reason=no_static_obstacle_in_range | cache_reason=no_cache
1786857926.304 [STATIC_AVOID] obs_id=- obs_dist=-m obs_s=- ego_s=26.72 side=- | left_clearance=- right_clearance=- candidate_valid=false rung=- | cache_used=false path_age=- path_points=0 planning_time_ms=0.1 | reason=no_static_obstacle_in_range | cache_reason=no_cache
1786857926.856 [STATIC_AVOID] obs_id=- obs_dist=-m obs_s=- ego_s=26.73 side=- | left_clearance=- right_clearance=- candidate_valid=false rung=- | cache_used=false path_age=- path_points=0 planning_time_ms=3.1 | reason=no_static_obstacle_in_range | cache_reason=no_cache
1786857927.404 [STATIC_AVOID] obs_id=- obs_dist=-m obs_s=- ego_s=26.73 side=- | left_clearance=- right_clearance=- candidate_valid=false rung=- | cache_used=false path_age=- path_points=0 planning_time_ms=0.1 | reason=no_static_obstacle_in_range | cache_reason=no_cache
1786857927.948 [STATIC_AVOID] obs_id=- obs_dist=-m obs_s=- ego_s=26.73 side=- | left_clearance=- right_clearance=- candidate_valid=false rung=- | cache_used=false path_age=- path_points=0 planning_time_ms=0.1 | reason=no_static_obstacle_in_range | cache_reason=no_cache
1786857928.450 [STATIC_AVOID] obs_id=- obs_dist=-m obs_s=- ego_s=26.72 side=- | left_clearance=- right_clearance=- candidate_valid=false rung=- | cache_used=false path_age=- path_points=0 planning_time_ms=0.1 | reason=no_static_obstacle_in_range | cache_reason=no_cache
1786857928.994 [STATIC_AVOID] obs_id=- obs_dist=-m obs_s=- ego_s=26.72 side=- | left_clearance=- right_clearance=- candidate_valid=false rung=- | cache_used=false path_age=- path_points=0 planning_time_ms=0.1 | reason=no_static_obstacle_in_range | cache_reason=no_cache
1786857929.503 [STATIC_AVOID] obs_id=- obs_dist=-m obs_s=- ego_s=26.72 side=- | left_clearance=- right_clearance=- candidate_valid=false rung=- | cache_used=false path_age=- path_points=0 planning_time_ms=0.1 | reason=no_static_obstacle_in_range | cache_reason=no_cache
1786857930.003 [STATIC_AVOID] obs_id=- obs_dist=-m obs_s=- ego_s=26.73 side=- | left_clearance=- right_clearance=- candidate_valid=false rung=- | cache_used=false path_age=- path_points=0 planning_time_ms=1.7 | reason=no_static_obstacle_in_range | cache_reason=no_cache
1786857930.505 [STATIC_AVOID] obs_id=- obs_dist=-m obs_s=- ego_s=26.73 side=- | left_clearance=- right_clearance=- candidate_valid=false rung=- | cache_used=false path_age=- path_points=0 planning_time_ms=1.3 | reason=no_static_obstacle_in_range | cache_reason=no_cache
1786857931.054 [STATIC_AVOID] obs_id=- obs_dist=-m obs_s=- ego_s=26.72 side=- | left_clearance=- right_clearance=- candidate_valid=false rung=- | cache_used=false path_age=- path_points=0 planning_time_ms=0.1 | reason=no_static_obstacle_in_range | cache_reason=no_cache
1786857931.606 [STATIC_AVOID] obs_id=- obs_dist=-m obs_s=- ego_s=26.73 side=- | left_clearance=- right_clearance=- candidate_valid=false rung=- | cache_used=false path_age=- path_points=0 planning_time_ms=0.1 | reason=no_static_obstacle_in_range | cache_reason=no_cache
1786857932.155 [STATIC_AVOID] obs_id=- obs_dist=-m obs_s=- ego_s=26.73 side=- | left_clearance=- right_clearance=- candidate_valid=false rung=- | cache_used=false path_age=- path_points=0 planning_time_ms=0.1 | reason=no_static_obstacle_in_range | cache_reason=no_cache
1786857932.669 [STATIC_AVOID] obs_id=- obs_dist=-m obs_s=- ego_s=26.73 side=- | left_clearance=- right_clearance=- candidate_valid=false rung=- | cache_used=false path_age=- path_points=0 planning_time_ms=0.1 | reason=no_static_obstacle_in_range | cache_reason=no_cache
1786857933.181 [STATIC_AVOID] obs_id=- obs_dist=-m obs_s=- ego_s=26.72 side=- | left_clearance=- right_clearance=- candidate_valid=false rung=- | cache_used=false path_age=- path_points=0 planning_time_ms=1.4 | reason=no_static_obstacle_in_range | cache_reason=no_cache
1786857933.699 [STATIC_AVOID] obs_id=- obs_dist=-m obs_s=- ego_s=26.73 side=- | left_clearance=- right_clearance=- candidate_valid=false rung=- | cache_used=false path_age=- path_points=0 planning_time_ms=0.1 | reason=no_static_obstacle_in_range | cache_reason=no_cache
1786857934.205 [STATIC_AVOID] obs_id=- obs_dist=-m obs_s=- ego_s=26.72 side=- | left_clearance=- right_clearance=- candidate_valid=false rung=- | cache_used=false path_age=- path_points=0 planning_time_ms=0.1 | reason=no_static_obstacle_in_range | cache_reason=no_cache
1786857934.748 [STATIC_AVOID] obs_id=- obs_dist=-m obs_s=- ego_s=26.73 side=- | left_clearance=- right_clearance=- candidate_valid=false rung=- | cache_used=false path_age=- path_points=0 planning_time_ms=0.1 | reason=no_static_obstacle_in_range | cache_reason=no_cache
1786857935.250 [STATIC_AVOID] obs_id=- obs_dist=-m obs_s=- ego_s=26.72 side=- | left_clearance=- right_clearance=- candidate_valid=false rung=- | cache_used=false path_age=- path_points=0 planning_time_ms=0.1 | reason=no_static_obstacle_in_range | cache_reason=no_cache
1786857935.753 [STATIC_AVOID] obs_id=- obs_dist=-m obs_s=- ego_s=26.72 side=- | left_clearance=- right_clearance=- candidate_valid=false rung=- | cache_used=false path_age=- path_points=0 planning_time_ms=0.1 | reason=no_static_obstacle_in_range | cache_reason=no_cache
1786857936.295 [STATIC_AVOID] obs_id=- obs_dist=-m obs_s=- ego_s=26.73 side=- | left_clearance=- right_clearance=- candidate_valid=false rung=- | cache_used=false path_age=- path_points=0 planning_time_ms=0.1 | reason=no_static_obstacle_in_range | cache_reason=no_cache
1786857936.796 [STATIC_AVOID] obs_id=- obs_dist=-m obs_s=- ego_s=26.73 side=- | left_clearance=- right_clearance=- candidate_valid=false rung=- | cache_used=false path_age=- path_points=0 planning_time_ms=0.1 | reason=no_static_obstacle_in_range | cache_reason=no_cache
1786857937.303 [STATIC_AVOID] obs_id=- obs_dist=-m obs_s=- ego_s=26.72 side=- | left_clearance=- right_clearance=- candidate_valid=false rung=- | cache_used=false path_age=- path_points=0 planning_time_ms=0.1 | reason=no_static_obstacle_in_range | cache_reason=no_cache
1786857937.854 [STATIC_AVOID] obs_id=- obs_dist=-m obs_s=- ego_s=26.73 side=- | left_clearance=- right_clearance=- candidate_valid=false rung=- | cache_used=false path_age=- path_points=0 planning_time_ms=0.1 | reason=no_static_obstacle_in_range | cache_reason=no_cache
1786857938.403 [STATIC_AVOID] obs_id=- obs_dist=-m obs_s=- ego_s=26.73 side=- | left_clearance=- right_clearance=- candidate_valid=false rung=- | cache_used=false path_age=- path_points=0 planning_time_ms=0.1 | reason=no_static_obstacle_in_range | cache_reason=no_cache
1786857938.950 [STATIC_AVOID] obs_id=- obs_dist=-m obs_s=- ego_s=26.74 side=- | left_clearance=- right_clearance=- candidate_valid=false rung=- | cache_used=false path_age=- path_points=0 planning_time_ms=0.1 | reason=no_static_obstacle_in_range | cache_reason=no_cache
1786857939.495 [STATIC_AVOID] obs_id=- obs_dist=-m obs_s=- ego_s=26.74 side=- | left_clearance=- right_clearance=- candidate_valid=false rung=- | cache_used=false path_age=- path_points=0 planning_time_ms=0.1 | reason=no_static_obstacle_in_range | cache_reason=no_cache
1786857940.002 [STATIC_AVOID] obs_id=- obs_dist=-m obs_s=- ego_s=26.73 side=- | left_clearance=- right_clearance=- candidate_valid=false rung=- | cache_used=false path_age=- path_points=0 planning_time_ms=0.1 | reason=no_static_obstacle_in_range | cache_reason=no_cache
1786857940.552 [STATIC_AVOID] obs_id=- obs_dist=-m obs_s=- ego_s=26.73 side=- | left_clearance=- right_clearance=- candidate_valid=false rung=- | cache_used=false path_age=- path_points=0 planning_time_ms=0.1 | reason=no_static_obstacle_in_range | cache_reason=no_cache
1786857941.094 [STATIC_AVOID] obs_id=- obs_dist=-m obs_s=- ego_s=26.73 side=- | left_clearance=- right_clearance=- candidate_valid=false rung=- | cache_used=false path_age=- path_points=0 planning_time_ms=0.1 | reason=no_static_obstacle_in_range | cache_reason=no_cache
1786857941.645 [STATIC_AVOID] obs_id=- obs_dist=-m obs_s=- ego_s=26.73 side=- | left_clearance=- right_clearance=- candidate_valid=false rung=- | cache_used=false path_age=- path_points=0 planning_time_ms=0.1 | reason=no_static_obstacle_in_range | cache_reason=no_cache
1786857942.194 [STATIC_AVOID] obs_id=- obs_dist=-m obs_s=- ego_s=26.73 side=- | left_clearance=- right_clearance=- candidate_valid=false rung=- | cache_used=false path_age=- path_points=0 planning_time_ms=0.1 | reason=no_static_obstacle_in_range | cache_reason=no_cache
1786857942.694 [STATIC_AVOID] obs_id=- obs_dist=-m obs_s=- ego_s=26.73 side=- | left_clearance=- right_clearance=- candidate_valid=false rung=- | cache_used=false path_age=- path_points=0 planning_time_ms=0.1 | reason=no_static_obstacle_in_range | cache_reason=no_cache
1786857943.245 [STATIC_AVOID] obs_id=- obs_dist=-m obs_s=- ego_s=26.73 side=- | left_clearance=- right_clearance=- candidate_valid=false rung=- | cache_used=false path_age=- path_points=0 planning_time_ms=0.1 | reason=no_static_obstacle_in_range | cache_reason=no_cache
1786857943.745 [STATIC_AVOID] obs_id=- obs_dist=-m obs_s=- ego_s=26.73 side=- | left_clearance=- right_clearance=- candidate_valid=false rung=- | cache_used=false path_age=- path_points=0 planning_time_ms=0.2 | reason=no_static_obstacle_in_range | cache_reason=no_cache
1786857944.294 [STATIC_AVOID] obs_id=- obs_dist=-m obs_s=- ego_s=26.73 side=- | left_clearance=- right_clearance=- candidate_valid=false rung=- | cache_used=false path_age=- path_points=0 planning_time_ms=0.1 | reason=no_static_obstacle_in_range | cache_reason=no_cache
1786857944.798 [STATIC_AVOID] obs_id=- obs_dist=-m obs_s=- ego_s=26.73 side=- | left_clearance=- right_clearance=- candidate_valid=false rung=- | cache_used=false path_age=- path_points=0 planning_time_ms=0.8 | reason=no_static_obstacle_in_range | cache_reason=no_cache
1786857945.344 [STATIC_AVOID] obs_id=- obs_dist=-m obs_s=- ego_s=26.73 side=- | left_clearance=- right_clearance=- candidate_valid=false rung=- | cache_used=false path_age=- path_points=0 planning_time_ms=0.1 | reason=no_static_obstacle_in_range | cache_reason=no_cache
1786857945.894 [STATIC_AVOID] obs_id=- obs_dist=-m obs_s=- ego_s=26.73 side=- | left_clearance=- right_clearance=- candidate_valid=false rung=- | cache_used=false path_age=- path_points=0 planning_time_ms=0.1 | reason=no_static_obstacle_in_range | cache_reason=no_cache
1786857946.412 [STATIC_AVOID] obs_id=- obs_dist=-m obs_s=- ego_s=26.73 side=- | left_clearance=- right_clearance=- candidate_valid=false rung=- | cache_used=false path_age=- path_points=0 planning_time_ms=0.1 | reason=no_static_obstacle_in_range | cache_reason=no_cache
1786857946.946 [STATIC_AVOID] obs_id=- obs_dist=-m obs_s=- ego_s=26.73 side=- | left_clearance=- right_clearance=- candidate_valid=false rung=- | cache_used=false path_age=- path_points=0 planning_time_ms=0.1 | reason=no_static_obstacle_in_range | cache_reason=no_cache
1786857947.494 [STATIC_AVOID] obs_id=- obs_dist=-m obs_s=- ego_s=26.73 side=- | left_clearance=- right_clearance=- candidate_valid=false rung=- | cache_used=false path_age=- path_points=0 planning_time_ms=0.1 | reason=no_static_obstacle_in_range | cache_reason=no_cache
1786857947.995 [STATIC_AVOID] obs_id=- obs_dist=-m obs_s=- ego_s=26.73 side=- | left_clearance=- right_clearance=- candidate_valid=false rung=- | cache_used=false path_age=- path_points=0 planning_time_ms=0.1 | reason=no_static_obstacle_in_range | cache_reason=no_cache
1786857948.505 [STATIC_AVOID] obs_id=- obs_dist=-m obs_s=- ego_s=26.74 side=- | left_clearance=- right_clearance=- candidate_valid=false rung=- | cache_used=false path_age=- path_points=0 planning_time_ms=5.7 | reason=no_static_obstacle_in_range | cache_reason=no_cache
1786857949.019 [STATIC_AVOID] obs_id=- obs_dist=-m obs_s=- ego_s=26.73 side=- | left_clearance=- right_clearance=- candidate_valid=false rung=- | cache_used=false path_age=- path_points=0 planning_time_ms=21.2 | reason=no_static_obstacle_in_range | cache_reason=no_cache
1786857949.560 [STATIC_AVOID] obs_id=- obs_dist=-m obs_s=- ego_s=26.78 side=- | left_clearance=- right_clearance=- candidate_valid=false rung=- | cache_used=false path_age=- path_points=0 planning_time_ms=0.1 | reason=no_static_obstacle_in_range | cache_reason=no_cache
1786857950.061 [STATIC_AVOID] obs_id=- obs_dist=-m obs_s=- ego_s=27.70 side=- | left_clearance=- right_clearance=- candidate_valid=false rung=- | cache_used=false path_age=- path_points=0 planning_time_ms=0.2 | reason=no_static_obstacle_in_range | cache_reason=no_cache
1786857950.609 [STATIC_AVOID] obs_id=- obs_dist=-m obs_s=- ego_s=29.73 side=- | left_clearance=- right_clearance=- candidate_valid=false rung=- | cache_used=false path_age=- path_points=0 planning_time_ms=0.1 | reason=no_static_obstacle_in_range | cache_reason=no_cache
1786857951.157 [STATIC_AVOID] obs_id=- obs_dist=-m obs_s=- ego_s=31.55 side=- | left_clearance=- right_clearance=- candidate_valid=false rung=- | cache_used=false path_age=- path_points=0 planning_time_ms=0.2 | reason=no_static_obstacle_in_range | cache_reason=no_cache
1786857951.707 [STATIC_AVOID] obs_id=- obs_dist=-m obs_s=- ego_s=32.86 side=- | left_clearance=- right_clearance=- candidate_valid=false rung=- | cache_used=false path_age=- path_points=0 planning_time_ms=1.1 | reason=no_static_obstacle_in_range | cache_reason=no_cache
1786857952.252 [STATIC_AVOID] obs_id=- obs_dist=-m obs_s=- ego_s=0.79 side=- | left_clearance=- right_clearance=- candidate_valid=false rung=- | cache_used=false path_age=- path_points=0 planning_time_ms=0.1 | reason=no_static_obstacle_in_range | cache_reason=no_cache
1786857952.794 [STATIC_AVOID] obs_id=- obs_dist=-m obs_s=- ego_s=2.39 side=- | left_clearance=- right_clearance=- candidate_valid=false rung=- | cache_used=false path_age=- path_points=0 planning_time_ms=0.1 | reason=no_static_obstacle_in_range | cache_reason=no_cache
1786857953.301 [STATIC_AVOID] obs_id=- obs_dist=-m obs_s=- ego_s=3.78 side=- | left_clearance=- right_clearance=- candidate_valid=false rung=- | cache_used=false path_age=- path_points=0 planning_time_ms=0.1 | reason=no_static_obstacle_in_range | cache_reason=no_cache
1786857953.806 [STATIC_AVOID] obs_id=- obs_dist=-m obs_s=- ego_s=5.55 side=- | left_clearance=- right_clearance=- candidate_valid=false rung=- | cache_used=false path_age=- path_points=0 planning_time_ms=0.1 | reason=no_static_obstacle_in_range | cache_reason=no_cache
1786857954.356 [STATIC_AVOID] obs_id=- obs_dist=-m obs_s=- ego_s=7.60 side=- | left_clearance=- right_clearance=- candidate_valid=false rung=- | cache_used=false path_age=- path_points=0 planning_time_ms=0.1 | reason=no_static_obstacle_in_range | cache_reason=no_cache
1786857954.863 [STATIC_AVOID] obs_id=- obs_dist=-m obs_s=- ego_s=9.12 side=- | left_clearance=- right_clearance=- candidate_valid=false rung=- | cache_used=false path_age=- path_points=0 planning_time_ms=5.5 | reason=no_static_obstacle_in_range | cache_reason=no_cache
1786857955.400 [STATIC_AVOID] obs_id=- obs_dist=-m obs_s=- ego_s=10.82 side=- | left_clearance=- right_clearance=- candidate_valid=false rung=- | cache_used=false path_age=- path_points=0 planning_time_ms=0.1 | reason=no_static_obstacle_in_range | cache_reason=no_cache
1786857955.947 [STATIC_AVOID] obs_id=- obs_dist=-m obs_s=- ego_s=12.12 side=- | left_clearance=- right_clearance=- candidate_valid=false rung=- | cache_used=false path_age=- path_points=0 planning_time_ms=0.1 | reason=no_static_obstacle_in_range | cache_reason=no_cache
1786857956.452 [STATIC_AVOID] obs_id=- obs_dist=-m obs_s=- ego_s=13.14 side=- | left_clearance=- right_clearance=- candidate_valid=false rung=- | cache_used=false path_age=- path_points=0 planning_time_ms=7.8 | reason=no_static_obstacle_in_range | cache_reason=no_cache
1786857957.002 [STATIC_AVOID] obs_id=- obs_dist=-m obs_s=- ego_s=15.51 side=- | left_clearance=- right_clearance=- candidate_valid=false rung=- | cache_used=false path_age=- path_points=0 planning_time_ms=0.1 | reason=no_static_obstacle_in_range | cache_reason=no_cache
1786857957.557 [STATIC_AVOID] obs_id=- obs_dist=-m obs_s=- ego_s=16.39 side=- | left_clearance=- right_clearance=- candidate_valid=false rung=- | cache_used=false path_age=- path_points=0 planning_time_ms=0.1 | reason=no_static_obstacle_in_range | cache_reason=no_cache
1786857958.095 [STATIC_AVOID] obs_id=- obs_dist=-m obs_s=- ego_s=17.74 side=- | left_clearance=- right_clearance=- candidate_valid=false rung=- | cache_used=false path_age=- path_points=0 planning_time_ms=0.1 | reason=no_static_obstacle_in_range | cache_reason=no_cache
1786857958.616 [STATIC_AVOID] obs_id=- obs_dist=-m obs_s=- ego_s=19.64 side=- | left_clearance=- right_clearance=- candidate_valid=false rung=- | cache_used=false path_age=- path_points=0 planning_time_ms=0.1 | reason=no_static_obstacle_in_range | cache_reason=no_cache
1786857959.153 [STATIC_AVOID] obs_id=- obs_dist=-m obs_s=- ego_s=21.34 side=- | left_clearance=- right_clearance=- candidate_valid=false rung=- | cache_used=false path_age=- path_points=0 planning_time_ms=0.1 | reason=no_static_obstacle_in_range | cache_reason=no_cache
1786857959.656 [STATIC_AVOID] obs_id=- obs_dist=-m obs_s=- ego_s=23.01 side=- | left_clearance=- right_clearance=- candidate_valid=false rung=- | cache_used=false path_age=- path_points=0 planning_time_ms=0.1 | reason=no_static_obstacle_in_range | cache_reason=no_cache
1786857960.177 [STATIC_AVOID] obs_id=14 obs_dist=4.88m obs_s=29.15 ego_s=24.28 side=RIGHT | left_clearance=-0.12 right_clearance=0.40 candidate_valid=true rung=2 | cache_used=false path_age=0.000 path_points=118 planning_time_ms=18.9
1786857960.705 [STATIC_AVOID] obs_id=- obs_dist=-m obs_s=- ego_s=25.17 side=- | left_clearance=- right_clearance=- candidate_valid=false rung=- | cache_used=false path_age=- path_points=0 planning_time_ms=0.2 | reason=no_static_obstacle_in_range | cache_reason=obstacle_gone
1786857961.254 [STATIC_AVOID] obs_id=- obs_dist=-m obs_s=- ego_s=26.73 side=- | left_clearance=- right_clearance=- candidate_valid=false rung=- | cache_used=false path_age=- path_points=0 planning_time_ms=0.1 | reason=no_static_obstacle_in_range | cache_reason=no_cache
1786857961.796 [STATIC_AVOID] obs_id=- obs_dist=-m obs_s=- ego_s=28.30 side=- | left_clearance=- right_clearance=- candidate_valid=false rung=- | cache_used=false path_age=- path_points=0 planning_time_ms=0.1 | reason=no_static_obstacle_in_range | cache_reason=no_cache
1786857962.297 [STATIC_AVOID] obs_id=16 obs_dist=0.19m obs_s=28.99 ego_s=28.80 side=RIGHT | left_clearance=-0.13 right_clearance=0.62 candidate_valid=true rung=0 | cache_used=false path_age=0.000 path_points=81 planning_time_ms=2.8
1786857962.805 [STATIC_AVOID] obs_id=- obs_dist=-m obs_s=- ego_s=28.64 side=- | left_clearance=- right_clearance=- candidate_valid=false rung=- | cache_used=false path_age=- path_points=0 planning_time_ms=2.0 | reason=no_static_obstacle_in_range | cache_reason=no_cache
1786857963.355 [STATIC_AVOID] obs_id=- obs_dist=-m obs_s=- ego_s=28.62 side=- | left_clearance=- right_clearance=- candidate_valid=false rung=- | cache_used=false path_age=- path_points=0 planning_time_ms=0.1 | reason=no_static_obstacle_in_range | cache_reason=no_cache
1786857963.899 [STATIC_AVOID] obs_id=- obs_dist=-m obs_s=- ego_s=28.63 side=- | left_clearance=- right_clearance=- candidate_valid=false rung=- | cache_used=false path_age=- path_points=0 planning_time_ms=0.2 | reason=no_static_obstacle_in_range | cache_reason=no_cache
1786857964.452 [STATIC_AVOID] obs_id=- obs_dist=-m obs_s=- ego_s=28.64 side=- | left_clearance=- right_clearance=- candidate_valid=false rung=- | cache_used=false path_age=- path_points=0 planning_time_ms=0.1 | reason=no_static_obstacle_in_range | cache_reason=no_cache
1786857964.994 [STATIC_AVOID] obs_id=- obs_dist=-m obs_s=- ego_s=28.64 side=- | left_clearance=- right_clearance=- candidate_valid=false rung=- | cache_used=false path_age=- path_points=0 planning_time_ms=0.1 | reason=no_static_obstacle_in_range | cache_reason=no_cache
1786857965.494 [STATIC_AVOID] obs_id=- obs_dist=-m obs_s=- ego_s=28.64 side=- | left_clearance=- right_clearance=- candidate_valid=false rung=- | cache_used=false path_age=- path_points=0 planning_time_ms=0.2 | reason=no_static_obstacle_in_range | cache_reason=no_cache
1786857966.002 [STATIC_AVOID] obs_id=- obs_dist=-m obs_s=- ego_s=28.64 side=- | left_clearance=- right_clearance=- candidate_valid=false rung=- | cache_used=false path_age=- path_points=0 planning_time_ms=0.1 | reason=no_static_obstacle_in_range | cache_reason=no_cache
1786857966.546 [STATIC_AVOID] obs_id=- obs_dist=-m obs_s=- ego_s=28.63 side=- | left_clearance=- right_clearance=- candidate_valid=false rung=- | cache_used=false path_age=- path_points=0 planning_time_ms=0.1 | reason=no_static_obstacle_in_range | cache_reason=no_cache
1786857967.094 [STATIC_AVOID] obs_id=- obs_dist=-m obs_s=- ego_s=28.62 side=- | left_clearance=- right_clearance=- candidate_valid=false rung=- | cache_used=false path_age=- path_points=0 planning_time_ms=0.1 | reason=no_static_obstacle_in_range | cache_reason=no_cache
1786857967.601 [STATIC_AVOID] obs_id=- obs_dist=-m obs_s=- ego_s=28.61 side=- | left_clearance=- right_clearance=- candidate_valid=false rung=- | cache_used=false path_age=- path_points=0 planning_time_ms=0.1 | reason=no_static_obstacle_in_range | cache_reason=no_cache
1786857968.149 [STATIC_AVOID] obs_id=- obs_dist=-m obs_s=- ego_s=28.61 side=- | left_clearance=- right_clearance=- candidate_valid=false rung=- | cache_used=false path_age=- path_points=0 planning_time_ms=0.1 | reason=no_static_obstacle_in_range | cache_reason=no_cache
1786857968.708 [STATIC_AVOID] obs_id=- obs_dist=-m obs_s=- ego_s=28.61 side=- | left_clearance=- right_clearance=- candidate_valid=false rung=- | cache_used=false path_age=- path_points=0 planning_time_ms=0.1 | reason=no_static_obstacle_in_range | cache_reason=no_cache
1786857969.247 [STATIC_AVOID] obs_id=- obs_dist=-m obs_s=- ego_s=28.62 side=- | left_clearance=- right_clearance=- candidate_valid=false rung=- | cache_used=false path_age=- path_points=0 planning_time_ms=0.1 | reason=no_static_obstacle_in_range | cache_reason=no_cache
1786857969.755 [STATIC_AVOID] obs_id=- obs_dist=-m obs_s=- ego_s=28.60 side=- | left_clearance=- right_clearance=- candidate_valid=false rung=- | cache_used=false path_age=- path_points=0 planning_time_ms=0.1 | reason=no_static_obstacle_in_range | cache_reason=no_cache
1786857970.313 [STATIC_AVOID] obs_id=- obs_dist=-m obs_s=- ego_s=28.59 side=- | left_clearance=- right_clearance=- candidate_valid=false rung=- | cache_used=false path_age=- path_points=0 planning_time_ms=0.1 | reason=no_static_obstacle_in_range | cache_reason=no_cache
1786857970.850 [STATIC_AVOID] obs_id=- obs_dist=-m obs_s=- ego_s=28.33 side=- | left_clearance=- right_clearance=- candidate_valid=false rung=- | cache_used=false path_age=- path_points=0 planning_time_ms=0.1 | reason=no_static_obstacle_in_range | cache_reason=no_cache
1786857971.350 [STATIC_AVOID] obs_id=- obs_dist=-m obs_s=- ego_s=28.21 side=- | left_clearance=- right_clearance=- candidate_valid=false rung=- | cache_used=false path_age=- path_points=0 planning_time_ms=0.1 | reason=no_static_obstacle_in_range | cache_reason=no_cache
1786857971.855 [STATIC_AVOID] obs_id=- obs_dist=-m obs_s=- ego_s=28.19 side=- | left_clearance=- right_clearance=- candidate_valid=false rung=- | cache_used=false path_age=- path_points=0 planning_time_ms=0.1 | reason=no_static_obstacle_in_range | cache_reason=no_cache
1786857972.398 [STATIC_AVOID] obs_id=- obs_dist=-m obs_s=- ego_s=28.20 side=- | left_clearance=- right_clearance=- candidate_valid=false rung=- | cache_used=false path_age=- path_points=0 planning_time_ms=0.1 | reason=no_static_obstacle_in_range | cache_reason=no_cache
1786857972.902 [STATIC_AVOID] obs_id=- obs_dist=-m obs_s=- ego_s=28.19 side=- | left_clearance=- right_clearance=- candidate_valid=false rung=- | cache_used=false path_age=- path_points=0 planning_time_ms=0.1 | reason=no_static_obstacle_in_range | cache_reason=no_cache
1786857973.455 [STATIC_AVOID] obs_id=- obs_dist=-m obs_s=- ego_s=28.20 side=- | left_clearance=- right_clearance=- candidate_valid=false rung=- | cache_used=false path_age=- path_points=0 planning_time_ms=0.1 | reason=no_static_obstacle_in_range | cache_reason=no_cache
1786857973.963 [STATIC_AVOID] obs_id=- obs_dist=-m obs_s=- ego_s=28.19 side=- | left_clearance=- right_clearance=- candidate_valid=false rung=- | cache_used=false path_age=- path_points=0 planning_time_ms=0.1 | reason=no_static_obstacle_in_range | cache_reason=no_cache
1786857974.500 [STATIC_AVOID] obs_id=- obs_dist=-m obs_s=- ego_s=28.19 side=- | left_clearance=- right_clearance=- candidate_valid=false rung=- | cache_used=false path_age=- path_points=0 planning_time_ms=0.1 | reason=no_static_obstacle_in_range | cache_reason=no_cache
1786857975.001 [STATIC_AVOID] obs_id=- obs_dist=-m obs_s=- ego_s=28.19 side=- | left_clearance=- right_clearance=- candidate_valid=false rung=- | cache_used=false path_age=- path_points=0 planning_time_ms=0.1 | reason=no_static_obstacle_in_range | cache_reason=no_cache
1786857975.509 [STATIC_AVOID] obs_id=- obs_dist=-m obs_s=- ego_s=28.19 side=- | left_clearance=- right_clearance=- candidate_valid=false rung=- | cache_used=false path_age=- path_points=0 planning_time_ms=0.1 | reason=no_static_obstacle_in_range | cache_reason=no_cache
1786857976.052 [STATIC_AVOID] obs_id=- obs_dist=-m obs_s=- ego_s=28.19 side=- | left_clearance=- right_clearance=- candidate_valid=false rung=- | cache_used=false path_age=- path_points=0 planning_time_ms=0.1 | reason=no_static_obstacle_in_range | cache_reason=no_cache
1786857976.596 [STATIC_AVOID] obs_id=- obs_dist=-m obs_s=- ego_s=28.19 side=- | left_clearance=- right_clearance=- candidate_valid=false rung=- | cache_used=false path_age=- path_points=0 planning_time_ms=0.2 | reason=no_static_obstacle_in_range | cache_reason=no_cache
1786857977.106 [STATIC_AVOID] obs_id=- obs_dist=-m obs_s=- ego_s=28.19 side=- | left_clearance=- right_clearance=- candidate_valid=false rung=- | cache_used=false path_age=- path_points=0 planning_time_ms=0.1 | reason=no_static_obstacle_in_range | cache_reason=no_cache
1786857977.645 [STATIC_AVOID] obs_id=- obs_dist=-m obs_s=- ego_s=28.19 side=- | left_clearance=- right_clearance=- candidate_valid=false rung=- | cache_used=false path_age=- path_points=0 planning_time_ms=0.1 | reason=no_static_obstacle_in_range | cache_reason=no_cache
1786857978.158 [STATIC_AVOID] obs_id=- obs_dist=-m obs_s=- ego_s=28.19 side=- | left_clearance=- right_clearance=- candidate_valid=false rung=- | cache_used=false path_age=- path_points=0 planning_time_ms=0.1 | reason=no_static_obstacle_in_range | cache_reason=no_cache
1786857978.698 [STATIC_AVOID] obs_id=- obs_dist=-m obs_s=- ego_s=28.19 side=- | left_clearance=- right_clearance=- candidate_valid=false rung=- | cache_used=false path_age=- path_points=0 planning_time_ms=0.2 | reason=no_static_obstacle_in_range | cache_reason=no_cache
1786857979.246 [STATIC_AVOID] obs_id=- obs_dist=-m obs_s=- ego_s=28.19 side=- | left_clearance=- right_clearance=- candidate_valid=false rung=- | cache_used=false path_age=- path_points=0 planning_time_ms=0.1 | reason=no_static_obstacle_in_range | cache_reason=no_cache
1786857979.757 [STATIC_AVOID] obs_id=- obs_dist=-m obs_s=- ego_s=28.19 side=- | left_clearance=- right_clearance=- candidate_valid=false rung=- | cache_used=false path_age=- path_points=0 planning_time_ms=0.1 | reason=no_static_obstacle_in_range | cache_reason=no_cache
1786857980.294 [STATIC_AVOID] obs_id=- obs_dist=-m obs_s=- ego_s=5.04 side=- | left_clearance=- right_clearance=- candidate_valid=false rung=- | cache_used=false path_age=- path_points=0 planning_time_ms=0.1 | reason=no_static_obstacle_in_range | cache_reason=no_cache
1786857980.803 [STATIC_AVOID] obs_id=- obs_dist=-m obs_s=- ego_s=5.33 side=- | left_clearance=- right_clearance=- candidate_valid=false rung=- | cache_used=false path_age=- path_points=0 planning_time_ms=0.1 | reason=no_static_obstacle_in_range | cache_reason=no_cache
1786857981.346 [STATIC_AVOID] obs_id=- obs_dist=-m obs_s=- ego_s=5.48 side=- | left_clearance=- right_clearance=- candidate_valid=false rung=- | cache_used=false path_age=- path_points=0 planning_time_ms=0.2 | reason=no_static_obstacle_in_range | cache_reason=no_cache
1786857981.850 [STATIC_AVOID] obs_id=- obs_dist=-m obs_s=- ego_s=5.68 side=- | left_clearance=- right_clearance=- candidate_valid=false rung=- | cache_used=false path_age=- path_points=0 planning_time_ms=0.1 | reason=no_static_obstacle_in_range | cache_reason=no_cache
1786857982.360 [STATIC_AVOID] obs_id=- obs_dist=-m obs_s=- ego_s=5.71 side=- | left_clearance=- right_clearance=- candidate_valid=false rung=- | cache_used=false path_age=- path_points=0 planning_time_ms=0.1 | reason=no_static_obstacle_in_range | cache_reason=no_cache
1786857982.919 [STATIC_AVOID] obs_id=- obs_dist=-m obs_s=- ego_s=5.73 side=- | left_clearance=- right_clearance=- candidate_valid=false rung=- | cache_used=false path_age=- path_points=0 planning_time_ms=2.2 | reason=no_static_obstacle_in_range | cache_reason=no_cache
1786857983.454 [STATIC_AVOID] obs_id=- obs_dist=-m obs_s=- ego_s=5.77 side=- | left_clearance=- right_clearance=- candidate_valid=false rung=- | cache_used=false path_age=- path_points=0 planning_time_ms=0.2 | reason=no_static_obstacle_in_range | cache_reason=no_cache
1786857984.001 [STATIC_AVOID] obs_id=- obs_dist=-m obs_s=- ego_s=6.15 side=- | left_clearance=- right_clearance=- candidate_valid=false rung=- | cache_used=false path_age=- path_points=0 planning_time_ms=0.1 | reason=no_static_obstacle_in_range | cache_reason=no_cache
1786857984.505 [STATIC_AVOID] obs_id=- obs_dist=-m obs_s=- ego_s=27.93 side=- | left_clearance=- right_clearance=- candidate_valid=false rung=- | cache_used=false path_age=- path_points=0 planning_time_ms=0.1 | reason=no_static_obstacle_in_range | cache_reason=no_cache
1786857985.047 [STATIC_AVOID] obs_id=- obs_dist=-m obs_s=- ego_s=28.35 side=- | left_clearance=- right_clearance=- candidate_valid=false rung=- | cache_used=false path_age=- path_points=0 planning_time_ms=0.1 | reason=no_static_obstacle_in_range | cache_reason=no_cache
1786857985.598 [STATIC_AVOID] obs_id=- obs_dist=-m obs_s=- ego_s=28.35 side=- | left_clearance=- right_clearance=- candidate_valid=false rung=- | cache_used=false path_age=- path_points=0 planning_time_ms=0.1 | reason=no_static_obstacle_in_range | cache_reason=no_cache
1786857986.111 [STATIC_AVOID] obs_id=- obs_dist=-m obs_s=- ego_s=28.35 side=- | left_clearance=- right_clearance=- candidate_valid=false rung=- | cache_used=false path_age=- path_points=0 planning_time_ms=0.1 | reason=no_static_obstacle_in_range | cache_reason=no_cache
1786857986.665 [STATIC_AVOID] obs_id=- obs_dist=-m obs_s=- ego_s=28.35 side=- | left_clearance=- right_clearance=- candidate_valid=false rung=- | cache_used=false path_age=- path_points=0 planning_time_ms=0.1 | reason=no_static_obstacle_in_range | cache_reason=no_cache
1786857987.201 [STATIC_AVOID] obs_id=- obs_dist=-m obs_s=- ego_s=28.35 side=- | left_clearance=- right_clearance=- candidate_valid=false rung=- | cache_used=false path_age=- path_points=0 planning_time_ms=0.1 | reason=no_static_obstacle_in_range | cache_reason=no_cache
1786857987.705 [STATIC_AVOID] obs_id=- obs_dist=-m obs_s=- ego_s=28.35 side=- | left_clearance=- right_clearance=- candidate_valid=false rung=- | cache_used=false path_age=- path_points=0 planning_time_ms=0.1 | reason=no_static_obstacle_in_range | cache_reason=no_cache
1786857988.206 [STATIC_AVOID] obs_id=- obs_dist=-m obs_s=- ego_s=28.33 side=- | left_clearance=- right_clearance=- candidate_valid=false rung=- | cache_used=false path_age=- path_points=0 planning_time_ms=0.1 | reason=no_static_obstacle_in_range | cache_reason=no_cache
1786857988.711 [STATIC_AVOID] obs_id=- obs_dist=-m obs_s=- ego_s=28.33 side=- | left_clearance=- right_clearance=- candidate_valid=false rung=- | cache_used=false path_age=- path_points=0 planning_time_ms=0.1 | reason=no_static_obstacle_in_range | cache_reason=no_cache
1786857989.212 [STATIC_AVOID] obs_id=- obs_dist=-m obs_s=- ego_s=28.34 side=- | left_clearance=- right_clearance=- candidate_valid=false rung=- | cache_used=false path_age=- path_points=0 planning_time_ms=0.1 | reason=no_static_obstacle_in_range | cache_reason=no_cache
1786857989.750 [STATIC_AVOID] obs_id=- obs_dist=-m obs_s=- ego_s=28.35 side=- | left_clearance=- right_clearance=- candidate_valid=false rung=- | cache_used=false path_age=- path_points=0 planning_time_ms=0.1 | reason=no_static_obstacle_in_range | cache_reason=no_cache
1786857990.295 [STATIC_AVOID] obs_id=- obs_dist=-m obs_s=- ego_s=28.35 side=- | left_clearance=- right_clearance=- candidate_valid=false rung=- | cache_used=false path_age=- path_points=0 planning_time_ms=0.4 | reason=no_static_obstacle_in_range | cache_reason=no_cache
1786857990.804 [STATIC_AVOID] obs_id=- obs_dist=-m obs_s=- ego_s=28.35 side=- | left_clearance=- right_clearance=- candidate_valid=false rung=- | cache_used=false path_age=- path_points=0 planning_time_ms=0.1 | reason=no_static_obstacle_in_range | cache_reason=no_cache
1786857991.351 [STATIC_AVOID] obs_id=- obs_dist=-m obs_s=- ego_s=28.35 side=- | left_clearance=- right_clearance=- candidate_valid=false rung=- | cache_used=false path_age=- path_points=0 planning_time_ms=0.1 | reason=no_static_obstacle_in_range | cache_reason=no_cache
1786857991.913 [STATIC_AVOID] obs_id=- obs_dist=-m obs_s=- ego_s=28.35 side=- | left_clearance=- right_clearance=- candidate_valid=false rung=- | cache_used=false path_age=- path_points=0 planning_time_ms=0.1 | reason=no_static_obstacle_in_range | cache_reason=no_cache
1786857992.455 [STATIC_AVOID] obs_id=- obs_dist=-m obs_s=- ego_s=28.35 side=- | left_clearance=- right_clearance=- candidate_valid=false rung=- | cache_used=false path_age=- path_points=0 planning_time_ms=0.2 | reason=no_static_obstacle_in_range | cache_reason=no_cache
1786857993.000 [STATIC_AVOID] obs_id=- obs_dist=-m obs_s=- ego_s=28.35 side=- | left_clearance=- right_clearance=- candidate_valid=false rung=- | cache_used=false path_age=- path_points=0 planning_time_ms=1.5 | reason=no_static_obstacle_in_range | cache_reason=no_cache
1786857993.501 [STATIC_AVOID] obs_id=- obs_dist=-m obs_s=- ego_s=28.35 side=- | left_clearance=- right_clearance=- candidate_valid=false rung=- | cache_used=false path_age=- path_points=0 planning_time_ms=0.1 | reason=no_static_obstacle_in_range | cache_reason=no_cache
1786857994.058 [STATIC_AVOID] obs_id=- obs_dist=-m obs_s=- ego_s=28.35 side=- | left_clearance=- right_clearance=- candidate_valid=false rung=- | cache_used=false path_age=- path_points=0 planning_time_ms=0.1 | reason=no_static_obstacle_in_range | cache_reason=no_cache
1786857994.594 [STATIC_AVOID] obs_id=- obs_dist=-m obs_s=- ego_s=28.35 side=- | left_clearance=- right_clearance=- candidate_valid=false rung=- | cache_used=false path_age=- path_points=0 planning_time_ms=0.1 | reason=no_static_obstacle_in_range | cache_reason=no_cache
1786857995.108 [STATIC_AVOID] obs_id=- obs_dist=-m obs_s=- ego_s=28.35 side=- | left_clearance=- right_clearance=- candidate_valid=false rung=- | cache_used=false path_age=- path_points=0 planning_time_ms=0.1 | reason=no_static_obstacle_in_range | cache_reason=no_cache
1786857995.655 [STATIC_AVOID] obs_id=- obs_dist=-m obs_s=- ego_s=28.35 side=- | left_clearance=- right_clearance=- candidate_valid=false rung=- | cache_used=false path_age=- path_points=0 planning_time_ms=0.2 | reason=no_static_obstacle_in_range | cache_reason=no_cache
1786857996.196 [STATIC_AVOID] obs_id=- obs_dist=-m obs_s=- ego_s=28.34 side=- | left_clearance=- right_clearance=- candidate_valid=false rung=- | cache_used=false path_age=- path_points=0 planning_time_ms=0.1 | reason=no_static_obstacle_in_range | cache_reason=no_cache
1786857996.747 [STATIC_AVOID] obs_id=- obs_dist=-m obs_s=- ego_s=28.35 side=- | left_clearance=- right_clearance=- candidate_valid=false rung=- | cache_used=false path_age=- path_points=0 planning_time_ms=0.1 | reason=no_static_obstacle_in_range | cache_reason=no_cache
1786857997.295 [STATIC_AVOID] obs_id=- obs_dist=-m obs_s=- ego_s=28.34 side=- | left_clearance=- right_clearance=- candidate_valid=false rung=- | cache_used=false path_age=- path_points=0 planning_time_ms=0.1 | reason=no_static_obstacle_in_range | cache_reason=no_cache
1786857997.832 [STATIC_AVOID] obs_id=18 obs_dist=2.08m obs_s=30.42 ego_s=28.34 side=- | left_clearance=-0.23 right_clearance=1.31 candidate_valid=false rung=- | cache_used=false path_age=- path_points=0 planning_time_ms=21.1 | reason=obstacle_clearance | cache_reason=no_cache
1786857998.381 [STATIC_AVOID] obs_id=18 obs_dist=2.04m obs_s=30.36 ego_s=28.32 side=RIGHT | left_clearance=-0.18 right_clearance=1.33 candidate_valid=true rung=0 | cache_used=false path_age=0.000 path_points=81 planning_time_ms=14.4
1786857998.947 [STATIC_AVOID] obs_id=18 obs_dist=2.06m obs_s=30.37 ego_s=28.31 side=LEFT | left_clearance=-0.10 right_clearance=1.29 candidate_valid=true rung=1 | cache_used=false path_age=0.000 path_points=81 planning_time_ms=24.2
1786857999.453 [STATIC_AVOID] obs_id=19 obs_dist=2.14m obs_s=30.46 ego_s=28.32 side=- | left_clearance=- right_clearance=- candidate_valid=false rung=- | cache_used=false path_age=- path_points=0 planning_time_ms=0.2 | reason=raceline_already_clear | cache_reason=cache_expired
1786857999.994 [STATIC_AVOID] obs_id=- obs_dist=-m obs_s=- ego_s=28.32 side=- | left_clearance=- right_clearance=- candidate_valid=false rung=- | cache_used=false path_age=- path_points=0 planning_time_ms=0.1 | reason=no_static_obstacle_in_range | cache_reason=no_cache
1786858000.495 [STATIC_AVOID] obs_id=- obs_dist=-m obs_s=- ego_s=28.32 side=- | left_clearance=- right_clearance=- candidate_valid=false rung=- | cache_used=false path_age=- path_points=0 planning_time_ms=0.1 | reason=no_static_obstacle_in_range | cache_reason=no_cache
1786858000.999 [STATIC_AVOID] obs_id=- obs_dist=-m obs_s=- ego_s=28.32 side=- | left_clearance=- right_clearance=- candidate_valid=false rung=- | cache_used=false path_age=- path_points=0 planning_time_ms=0.1 | reason=no_static_obstacle_in_range | cache_reason=no_cache
1786858001.559 [STATIC_AVOID] obs_id=- obs_dist=-m obs_s=- ego_s=28.33 side=- | left_clearance=- right_clearance=- candidate_valid=false rung=- | cache_used=false path_age=- path_points=0 planning_time_ms=0.1 | reason=no_static_obstacle_in_range | cache_reason=no_cache
1786858002.117 [STATIC_AVOID] obs_id=- obs_dist=-m obs_s=- ego_s=28.35 side=- | left_clearance=- right_clearance=- candidate_valid=false rung=- | cache_used=false path_age=- path_points=0 planning_time_ms=0.1 | reason=no_static_obstacle_in_range | cache_reason=no_cache
1786858002.650 [STATIC_AVOID] obs_id=- obs_dist=-m obs_s=- ego_s=28.35 side=- | left_clearance=- right_clearance=- candidate_valid=false rung=- | cache_used=false path_age=- path_points=0 planning_time_ms=0.1 | reason=no_static_obstacle_in_range | cache_reason=no_cache
1786858003.150 [STATIC_AVOID] obs_id=- obs_dist=-m obs_s=- ego_s=28.36 side=- | left_clearance=- right_clearance=- candidate_valid=false rung=- | cache_used=false path_age=- path_points=0 planning_time_ms=0.1 | reason=no_static_obstacle_in_range | cache_reason=no_cache
1786858003.657 [STATIC_AVOID] obs_id=- obs_dist=-m obs_s=- ego_s=28.36 side=- | left_clearance=- right_clearance=- candidate_valid=false rung=- | cache_used=false path_age=- path_points=0 planning_time_ms=0.1 | reason=no_static_obstacle_in_range | cache_reason=no_cache
1786858004.198 [STATIC_AVOID] obs_id=- obs_dist=-m obs_s=- ego_s=28.36 side=- | left_clearance=- right_clearance=- candidate_valid=false rung=- | cache_used=false path_age=- path_points=0 planning_time_ms=1.3 | reason=no_static_obstacle_in_range | cache_reason=no_cache
1786858004.744 [STATIC_AVOID] obs_id=- obs_dist=-m obs_s=- ego_s=28.36 side=- | left_clearance=- right_clearance=- candidate_valid=false rung=- | cache_used=false path_age=- path_points=0 planning_time_ms=0.1 | reason=no_static_obstacle_in_range | cache_reason=no_cache
1786858005.249 [STATIC_AVOID] obs_id=- obs_dist=-m obs_s=- ego_s=28.36 side=- | left_clearance=- right_clearance=- candidate_valid=false rung=- | cache_used=false path_age=- path_points=0 planning_time_ms=0.1 | reason=no_static_obstacle_in_range | cache_reason=no_cache
1786858005.794 [STATIC_AVOID] obs_id=- obs_dist=-m obs_s=- ego_s=28.36 side=- | left_clearance=- right_clearance=- candidate_valid=false rung=- | cache_used=false path_age=- path_points=0 planning_time_ms=0.1 | reason=no_static_obstacle_in_range | cache_reason=no_cache
1786858006.298 [STATIC_AVOID] obs_id=- obs_dist=-m obs_s=- ego_s=28.36 side=- | left_clearance=- right_clearance=- candidate_valid=false rung=- | cache_used=false path_age=- path_points=0 planning_time_ms=0.1 | reason=no_static_obstacle_in_range | cache_reason=no_cache
1786858006.845 [STATIC_AVOID] obs_id=- obs_dist=-m obs_s=- ego_s=28.36 side=- | left_clearance=- right_clearance=- candidate_valid=false rung=- | cache_used=false path_age=- path_points=0 planning_time_ms=0.5 | reason=no_static_obstacle_in_range | cache_reason=no_cache
1786858007.350 [STATIC_AVOID] obs_id=- obs_dist=-m obs_s=- ego_s=28.36 side=- | left_clearance=- right_clearance=- candidate_valid=false rung=- | cache_used=false path_age=- path_points=0 planning_time_ms=0.1 | reason=no_static_obstacle_in_range | cache_reason=no_cache
1786858007.898 [STATIC_AVOID] obs_id=- obs_dist=-m obs_s=- ego_s=28.36 side=- | left_clearance=- right_clearance=- candidate_valid=false rung=- | cache_used=false path_age=- path_points=0 planning_time_ms=0.1 | reason=no_static_obstacle_in_range | cache_reason=no_cache
1786858008.406 [STATIC_AVOID] obs_id=- obs_dist=-m obs_s=- ego_s=28.36 side=- | left_clearance=- right_clearance=- candidate_valid=false rung=- | cache_used=false path_age=- path_points=0 planning_time_ms=0.1 | reason=no_static_obstacle_in_range | cache_reason=no_cache
1786858008.952 [STATIC_AVOID] obs_id=- obs_dist=-m obs_s=- ego_s=28.36 side=- | left_clearance=- right_clearance=- candidate_valid=false rung=- | cache_used=false path_age=- path_points=0 planning_time_ms=0.1 | reason=no_static_obstacle_in_range | cache_reason=no_cache
1786858009.498 [STATIC_AVOID] obs_id=- obs_dist=-m obs_s=- ego_s=28.35 side=- | left_clearance=- right_clearance=- candidate_valid=false rung=- | cache_used=false path_age=- path_points=0 planning_time_ms=0.1 | reason=no_static_obstacle_in_range | cache_reason=no_cache
1786858010.052 [STATIC_AVOID] obs_id=- obs_dist=-m obs_s=- ego_s=28.34 side=- | left_clearance=- right_clearance=- candidate_valid=false rung=- | cache_used=false path_age=- path_points=0 planning_time_ms=2.7 | reason=no_static_obstacle_in_range | cache_reason=no_cache
1786858010.553 [STATIC_AVOID] obs_id=- obs_dist=-m obs_s=- ego_s=28.35 side=- | left_clearance=- right_clearance=- candidate_valid=false rung=- | cache_used=false path_age=- path_points=0 planning_time_ms=0.1 | reason=no_static_obstacle_in_range | cache_reason=no_cache
1786858011.101 [STATIC_AVOID] obs_id=- obs_dist=-m obs_s=- ego_s=28.35 side=- | left_clearance=- right_clearance=- candidate_valid=false rung=- | cache_used=false path_age=- path_points=0 planning_time_ms=0.1 | reason=no_static_obstacle_in_range | cache_reason=no_cache
1786858011.605 [STATIC_AVOID] obs_id=- obs_dist=-m obs_s=- ego_s=28.35 side=- | left_clearance=- right_clearance=- candidate_valid=false rung=- | cache_used=false path_age=- path_points=0 planning_time_ms=0.1 | reason=no_static_obstacle_in_range | cache_reason=no_cache
1786858012.155 [STATIC_AVOID] obs_id=- obs_dist=-m obs_s=- ego_s=28.36 side=- | left_clearance=- right_clearance=- candidate_valid=false rung=- | cache_used=false path_age=- path_points=0 planning_time_ms=0.1 | reason=no_static_obstacle_in_range | cache_reason=no_cache
1786858012.694 [STATIC_AVOID] obs_id=- obs_dist=-m obs_s=- ego_s=28.35 side=- | left_clearance=- right_clearance=- candidate_valid=false rung=- | cache_used=false path_age=- path_points=0 planning_time_ms=0.1 | reason=no_static_obstacle_in_range | cache_reason=no_cache
1786858013.197 [STATIC_AVOID] obs_id=- obs_dist=-m obs_s=- ego_s=28.35 side=- | left_clearance=- right_clearance=- candidate_valid=false rung=- | cache_used=false path_age=- path_points=0 planning_time_ms=0.1 | reason=no_static_obstacle_in_range | cache_reason=no_cache
1786858013.701 [STATIC_AVOID] obs_id=- obs_dist=-m obs_s=- ego_s=28.35 side=- | left_clearance=- right_clearance=- candidate_valid=false rung=- | cache_used=false path_age=- path_points=0 planning_time_ms=0.1 | reason=no_static_obstacle_in_range | cache_reason=no_cache
1786858014.201 [STATIC_AVOID] obs_id=- obs_dist=-m obs_s=- ego_s=28.35 side=- | left_clearance=- right_clearance=- candidate_valid=false rung=- | cache_used=false path_age=- path_points=0 planning_time_ms=0.1 | reason=no_static_obstacle_in_range | cache_reason=no_cache
1786858014.747 [STATIC_AVOID] obs_id=- obs_dist=-m obs_s=- ego_s=28.35 side=- | left_clearance=- right_clearance=- candidate_valid=false rung=- | cache_used=false path_age=- path_points=0 planning_time_ms=0.1 | reason=no_static_obstacle_in_range | cache_reason=no_cache
1786858015.255 [STATIC_AVOID] obs_id=- obs_dist=-m obs_s=- ego_s=28.35 side=- | left_clearance=- right_clearance=- candidate_valid=false rung=- | cache_used=false path_age=- path_points=0 planning_time_ms=0.1 | reason=no_static_obstacle_in_range | cache_reason=no_cache
