# state_machine debug log started 20260816_152741  map='0815test3'
1786861669.350 [OBSTACLES] cur_s=7.96 cur_d=0.35 vs=0.00 n=0 [none]
1786861669.350 [STATE_CHANGE] None -> LOSTLINE src=GB_TRACK s=7.96 d=0.35 vs=0.00
1786861669.582 [STATE_CHANGE] LOSTLINE -> RECOVERY src=RECOVERY s=7.96 d=0.35 vs=-0.00
1786861669.853 [OBSTACLES] cur_s=7.96 cur_d=0.35 vs=-0.00 n=0 [none]
1786861670.381 [OBSTACLES] cur_s=7.96 cur_d=0.35 vs=0.00 n=0 [none]
1786861670.951 [OBSTACLES] cur_s=7.96 cur_d=0.35 vs=0.00 n=0 [none]
1786861671.519 [OBSTACLES] cur_s=7.96 cur_d=0.35 vs=0.00 n=0 [none]
1786861672.052 [OBSTACLES] cur_s=7.96 cur_d=0.34 vs=-0.00 n=0 [none]
1786861672.597 [OBSTACLES] cur_s=7.96 cur_d=0.35 vs=-0.00 n=0 [none]
1786861673.109 [OBSTACLES] cur_s=7.96 cur_d=0.35 vs=0.00 n=0 [none]
1786861673.660 [OBSTACLES] cur_s=7.96 cur_d=0.35 vs=0.00 n=0 [none]
1786861674.216 [OBSTACLES] cur_s=7.96 cur_d=0.35 vs=0.00 n=0 [none]
1786861674.763 [OBSTACLES] cur_s=7.96 cur_d=0.34 vs=0.00 n=0 [none]
1786861675.331 [OBSTACLES] cur_s=7.96 cur_d=0.35 vs=0.00 n=0 [none]
1786861675.873 [OBSTACLES] cur_s=7.96 cur_d=0.34 vs=-0.00 n=0 [none]
1786861676.403 [OBSTACLES] cur_s=8.00 cur_d=0.35 vs=0.00 n=0 [none]
1786861676.930 [OBSTACLES] cur_s=8.12 cur_d=0.34 vs=-0.35 n=0 [none]
1786861677.451 [OBSTACLES] cur_s=7.96 cur_d=0.35 vs=-0.85 n=0 [none]
1786861677.977 [OBSTACLES] cur_s=7.68 cur_d=0.37 vs=-0.84 n=0 [none]
1786861678.516 [OBSTACLES] cur_s=7.44 cur_d=0.37 vs=-1.07 n=0 [none]
1786861678.556 [STATE_CHANGE] RECOVERY -> LOSTLINE src=GB_TRACK s=7.44 d=0.37 vs=-1.06
1786861678.606 [STATE_CHANGE] LOSTLINE -> RECOVERY src=RECOVERY s=7.41 d=0.37 vs=-1.12
1786861679.066 [OBSTACLES] cur_s=7.27 cur_d=0.36 vs=-1.25 n=0 [none]
1786861679.415 [STATE_CHANGE] RECOVERY -> LOSTLINE src=GB_TRACK s=6.93 d=0.33 vs=-1.10
1786861679.644 [OBSTACLES] cur_s=6.68 cur_d=0.33 vs=-0.97 n=0 [none]
1786861680.171 [OBSTACLES] cur_s=6.47 cur_d=0.34 vs=-0.00 n=0 [none]
1786861680.609 [STATE_CHANGE] LOSTLINE -> RECOVERY src=RECOVERY s=6.50 d=0.33 vs=0.00
1786861680.707 [OBSTACLES] cur_s=6.48 cur_d=0.34 vs=-0.00 n=0 [none]
1786861681.366 [OBSTACLES] cur_s=6.50 cur_d=0.33 vs=-0.00 n=0 [none]
1786861681.883 [OBSTACLES] cur_s=6.49 cur_d=0.34 vs=-0.00 n=0 [none]
1786861682.394 [OBSTACLES] cur_s=6.50 cur_d=0.34 vs=0.00 n=0 [none]
1786861682.935 [OBSTACLES] cur_s=6.49 cur_d=0.34 vs=-0.00 n=0 [none]
1786861683.439 [OBSTACLES] cur_s=6.48 cur_d=0.34 vs=0.00 n=0 [none]
1786861684.003 [OBSTACLES] cur_s=6.49 cur_d=0.34 vs=0.00 n=0 [none]
1786861684.508 [OBSTACLES] cur_s=6.49 cur_d=0.34 vs=0.00 n=0 [none]
1786861685.060 [OBSTACLES] cur_s=6.49 cur_d=0.34 vs=0.00 n=0 [none]
1786861685.213 [STATE_CHANGE] RECOVERY -> LOSTLINE src=GB_TRACK s=7.99 d=-6.32 vs=5.83
1786861685.675 [OBSTACLES] cur_s=8.14 cur_d=-6.42 vs=3.91 n=0 [none]
1786861686.190 [OBSTACLES] cur_s=8.05 cur_d=-6.47 vs=2.30 n=0 [none]
1786861686.702 [OBSTACLES] cur_s=8.02 cur_d=-6.48 vs=1.18 n=0 [none]
1786861687.229 [OBSTACLES] cur_s=7.99 cur_d=-6.50 vs=0.51 n=0 [none]
1786861687.736 [OBSTACLES] cur_s=7.98 cur_d=-6.50 vs=0.15 n=0 [none]
1786861688.240 [OBSTACLES] cur_s=7.96 cur_d=-6.51 vs=-0.11 n=0 [none]
1786861688.747 [OBSTACLES] cur_s=7.96 cur_d=-6.51 vs=-0.23 n=0 [none]
1786861689.322 [OBSTACLES] cur_s=7.96 cur_d=-6.51 vs=-0.27 n=0 [none]
1786861690.080 [OBSTACLES] cur_s=7.96 cur_d=-6.51 vs=-0.26 n=0 [none]
1786861690.597 [OBSTACLES] cur_s=7.96 cur_d=-6.51 vs=-0.23 n=0 [none]
1786861691.113 [OBSTACLES] cur_s=7.96 cur_d=-6.51 vs=-0.19 n=0 [none]
1786861691.622 [OBSTACLES] cur_s=7.96 cur_d=-6.51 vs=-0.16 n=0 [none]
1786861692.140 [OBSTACLES] cur_s=7.96 cur_d=-6.51 vs=-0.13 n=0 [none]
1786861692.676 [OBSTACLES] cur_s=7.96 cur_d=-6.51 vs=-0.09 n=0 [none]
1786861693.295 [OBSTACLES] cur_s=7.96 cur_d=-6.51 vs=-0.06 n=0 [none]
1786861693.817 [OBSTACLES] cur_s=7.97 cur_d=-6.51 vs=-0.04 n=0 [none]
1786861694.374 [OBSTACLES] cur_s=7.97 cur_d=-6.51 vs=-0.03 n=0 [none]
1786861694.878 [OBSTACLES] cur_s=7.96 cur_d=-6.51 vs=-0.02 n=0 [none]
1786861695.387 [OBSTACLES] cur_s=7.96 cur_d=-6.51 vs=-0.02 n=0 [none]
1786861695.874 [STATE_CHANGE] LOSTLINE -> RECOVERY src=RECOVERY s=16.41 d=-1.67 vs=5.98
1786861695.901 [OBSTACLES] cur_s=16.46 cur_d=-1.75 vs=5.91 n=0 [none]
1786861696.427 [OBSTACLES] cur_s=16.34 cur_d=-1.55 vs=3.65 n=0 [none]
1786861696.944 [OBSTACLES] cur_s=16.28 cur_d=-1.47 vs=2.16 n=0 [none]
1786861697.482 [OBSTACLES] cur_s=16.29 cur_d=-1.48 vs=1.07 n=0 [none]
1786861697.994 [OBSTACLES] cur_s=16.25 cur_d=-1.42 vs=0.32 n=0 [none]
1786861698.497 [OBSTACLES] cur_s=16.24 cur_d=-1.41 vs=-0.04 n=0 [none]
1786861699.029 [OBSTACLES] cur_s=16.22 cur_d=-1.40 vs=-0.27 n=0 [none]
1786861699.586 [OBSTACLES] cur_s=16.21 cur_d=-1.39 vs=-0.37 n=0 [none]
1786861700.108 [OBSTACLES] cur_s=16.22 cur_d=-1.40 vs=-0.37 n=0 [none]
1786861700.601 [STATE_CHANGE] RECOVERY -> LOSTLINE src=GB_TRACK s=16.18 d=-1.36 vs=-0.45
1786861700.627 [OBSTACLES] cur_s=16.18 cur_d=-1.35 vs=-0.46 n=0 [none]
1786861700.628 [STATE_CHANGE] LOSTLINE -> RECOVERY src=RECOVERY s=16.18 d=-1.35 vs=-0.46
1786861701.153 [OBSTACLES] cur_s=17.07 cur_d=-0.07 vs=-0.22 n=0 [none]
1786861701.685 [OBSTACLES] cur_s=17.08 cur_d=-0.06 vs=-0.19 n=0 [none]
1786861702.253 [OBSTACLES] cur_s=17.09 cur_d=-0.07 vs=-0.14 n=0 [none]
1786861702.762 [OBSTACLES] cur_s=17.09 cur_d=-0.07 vs=-0.11 n=0 [none]
1786861703.328 [OBSTACLES] cur_s=17.09 cur_d=-0.07 vs=-0.08 n=0 [none]
1786861703.840 [OBSTACLES] cur_s=17.09 cur_d=-0.08 vs=-0.06 n=0 [none]
1786861704.342 [OBSTACLES] cur_s=17.08 cur_d=-0.06 vs=-0.05 n=0 [none]
1786861704.473 [STATE_CHANGE] RECOVERY -> GB_TRACK src=GB_TRACK s=17.07 d=-0.05 vs=-0.06
1786861704.746 [STATE_CHANGE] GB_TRACK -> LOSTLINE src=GB_TRACK s=16.68 d=-0.70 vs=0.04
1786861704.855 [OBSTACLES] cur_s=16.66 cur_d=-0.75 vs=0.05 n=0 [none]
1786861704.941 [STATE_CHANGE] LOSTLINE -> RECOVERY src=RECOVERY s=16.66 d=-0.76 vs=0.04
1786861705.376 [OBSTACLES] cur_s=16.66 cur_d=-0.76 vs=0.03 n=0 [none]
1786861705.880 [OBSTACLES] cur_s=16.66 cur_d=-0.76 vs=0.02 n=0 [none]
1786861706.401 [OBSTACLES] cur_s=16.66 cur_d=-0.76 vs=0.01 n=0 [none]
1786861706.926 [OBSTACLES] cur_s=16.66 cur_d=-0.76 vs=0.00 n=0 [none]
1786861707.461 [OBSTACLES] cur_s=16.66 cur_d=-0.76 vs=0.00 n=0 [none]
1786861708.007 [OBSTACLES] cur_s=16.66 cur_d=-0.76 vs=-0.00 n=0 [none]
1786861708.552 [OBSTACLES] cur_s=16.65 cur_d=-0.76 vs=-0.00 n=0 [none]
1786861709.072 [OBSTACLES] cur_s=16.43 cur_d=-0.74 vs=-0.17 n=0 [none]
1786861709.574 [OBSTACLES] cur_s=16.44 cur_d=-0.74 vs=-0.11 n=0 [none]
1786861710.128 [OBSTACLES] cur_s=16.44 cur_d=-0.74 vs=-0.06 n=0 [none]
1786861710.652 [OBSTACLES] cur_s=16.44 cur_d=-0.74 vs=-0.03 n=0 [none]
1786861711.158 [OBSTACLES] cur_s=16.44 cur_d=-0.74 vs=-0.01 n=0 [none]
1786861711.689 [OBSTACLES] cur_s=16.44 cur_d=-0.74 vs=-0.00 n=0 [none]
1786861712.242 [OBSTACLES] cur_s=16.45 cur_d=-0.74 vs=0.01 n=0 [none]
1786861712.774 [OBSTACLES] cur_s=16.44 cur_d=-0.74 vs=0.01 n=0 [none]
1786861713.322 [OBSTACLES] cur_s=16.44 cur_d=-0.74 vs=0.01 n=0 [none]
1786861713.824 [OBSTACLES] cur_s=16.45 cur_d=-0.74 vs=0.01 n=0 [none]
1786861714.337 [OBSTACLES] cur_s=16.44 cur_d=-0.74 vs=0.01 n=0 [none]
1786861714.868 [OBSTACLES] cur_s=16.59 cur_d=-0.98 vs=0.25 n=0 [none]
1786861714.868 [STATE_CHANGE] RECOVERY -> LOSTLINE src=GB_TRACK s=16.59 d=-0.98 vs=0.25
1786861714.959 [STATE_CHANGE] LOSTLINE -> RECOVERY src=RECOVERY s=16.60 d=-1.00 vs=0.26
1786861715.372 [OBSTACLES] cur_s=16.60 cur_d=-1.01 vs=0.18 n=0 [none]
1786861715.960 [OBSTACLES] cur_s=16.60 cur_d=-1.01 vs=0.10 n=0 [none]
1786861716.483 [OBSTACLES] cur_s=16.59 cur_d=-1.01 vs=0.05 n=0 [none]
1786861716.989 [OBSTACLES] cur_s=16.59 cur_d=-1.01 vs=0.02 n=0 [none]
1786861717.551 [OBSTACLES] cur_s=16.59 cur_d=-1.01 vs=0.00 n=0 [none]
1786861718.095 [OBSTACLES] cur_s=16.59 cur_d=-1.01 vs=-0.01 n=0 [none]
1786861718.644 [OBSTACLES] cur_s=16.60 cur_d=-1.00 vs=-0.00 n=0 [none]
1786861719.210 [OBSTACLES] cur_s=16.60 cur_d=-1.00 vs=-0.01 n=0 [none]
1786861719.791 [OBSTACLES] cur_s=16.59 cur_d=-1.01 vs=-0.02 n=0 [none]
1786861720.301 [OBSTACLES] cur_s=16.59 cur_d=-1.01 vs=-0.09 n=0 [none]
1786861720.893 [OBSTACLES] cur_s=16.74 cur_d=-0.79 vs=-0.09 n=0 [none]
1786861721.422 [OBSTACLES] cur_s=16.56 cur_d=-1.13 vs=-0.53 n=0 [none]
1786861721.689 [STATE_CHANGE] RECOVERY -> LOSTLINE src=GB_TRACK s=16.49 d=-1.28 vs=-0.46
1786861721.957 [OBSTACLES] cur_s=16.45 cur_d=-1.46 vs=-0.30 n=0 [none]
1786861721.958 [STATE_CHANGE] LOSTLINE -> RECOVERY src=RECOVERY s=16.45 d=-1.46 vs=-0.30
1786861722.605 [OBSTACLES] cur_s=16.36 cur_d=-1.71 vs=-0.04 n=0 [none]
1786861723.232 [OBSTACLES] cur_s=16.36 cur_d=-1.70 vs=-0.02 n=0 [none]
1786861723.763 [OBSTACLES] cur_s=16.37 cur_d=-1.70 vs=-0.01 n=0 [none]
1786861724.352 [OBSTACLES] cur_s=16.36 cur_d=-1.74 vs=0.01 n=0 [none]
1786861724.901 [OBSTACLES] cur_s=16.37 cur_d=-1.70 vs=-0.00 n=0 [none]
1786861725.272 [STATE_CHANGE] RECOVERY -> LOSTLINE src=GB_TRACK s=16.18 d=-2.19 vs=-0.17
1786861725.418 [OBSTACLES] cur_s=16.17 cur_d=-2.22 vs=-0.16 n=0 [none]
1786861725.931 [OBSTACLES] cur_s=16.17 cur_d=-2.23 vs=-0.10 n=0 [none]
1786861726.444 [OBSTACLES] cur_s=16.17 cur_d=-2.23 vs=-0.06 n=0 [none]
1786861726.966 [OBSTACLES] cur_s=16.17 cur_d=-2.23 vs=-0.03 n=0 [none]
1786861727.504 [OBSTACLES] cur_s=16.17 cur_d=-2.22 vs=-0.02 n=0 [none]
1786861728.030 [OBSTACLES] cur_s=16.17 cur_d=-2.23 vs=0.00 n=0 [none]
1786861728.550 [OBSTACLES] cur_s=16.17 cur_d=-2.23 vs=0.01 n=0 [none]
1786861729.071 [OBSTACLES] cur_s=16.17 cur_d=-2.23 vs=0.01 n=0 [none]
1786861729.595 [OBSTACLES] cur_s=16.18 cur_d=-2.23 vs=0.01 n=0 [none]
1786861730.096 [OBSTACLES] cur_s=16.23 cur_d=-1.75 vs=-0.05 n=0 [none]
1786861730.142 [STATE_CHANGE] LOSTLINE -> RECOVERY src=RECOVERY s=16.23 d=-1.74 vs=-0.05
1786861730.844 [OBSTACLES] cur_s=16.22 cur_d=-1.74 vs=-0.02 n=0 [none]
1786861731.358 [OBSTACLES] cur_s=16.23 cur_d=-1.74 vs=-0.01 n=0 [none]
1786861731.867 [OBSTACLES] cur_s=16.23 cur_d=-1.74 vs=-0.00 n=0 [none]
1786861732.373 [OBSTACLES] cur_s=16.22 cur_d=-1.74 vs=-0.00 n=0 [none]
1786861732.913 [OBSTACLES] cur_s=16.22 cur_d=-1.74 vs=0.00 n=0 [none]
1786861733.422 [OBSTACLES] cur_s=16.23 cur_d=-1.75 vs=0.01 n=0 [none]
1786861733.703 [STATE_CHANGE] RECOVERY -> LOSTLINE src=GB_TRACK s=16.09 d=-1.15 vs=-0.39
1786861733.872 [STATE_CHANGE] LOSTLINE -> RECOVERY src=RECOVERY s=16.09 d=-1.14 vs=-0.37
1786861733.931 [OBSTACLES] cur_s=16.09 cur_d=-1.15 vs=-0.32 n=0 [none]
1786861734.471 [OBSTACLES] cur_s=16.10 cur_d=-1.15 vs=-0.18 n=0 [none]
1786861735.020 [OBSTACLES] cur_s=16.09 cur_d=-1.16 vs=-0.11 n=0 [none]
1786861735.309 [STATE_CHANGE] RECOVERY -> LOSTLINE src=GB_TRACK s=16.36 d=-1.59 vs=0.51
1786861735.555 [OBSTACLES] cur_s=16.41 cur_d=-1.70 vs=0.53 n=0 [none]
1786861735.772 [STATE_CHANGE] LOSTLINE -> RECOVERY src=RECOVERY s=16.40 d=-1.69 vs=0.43
1786861736.060 [OBSTACLES] cur_s=16.40 cur_d=-1.70 vs=0.35 n=0 [none]
1786861736.576 [OBSTACLES] cur_s=16.41 cur_d=-1.69 vs=0.22 n=0 [none]
1786861737.161 [OBSTACLES] cur_s=16.40 cur_d=-1.69 vs=0.12 n=0 [none]
1786861737.662 [OBSTACLES] cur_s=16.39 cur_d=-1.69 vs=0.06 n=0 [none]
1786861738.168 [OBSTACLES] cur_s=16.39 cur_d=-1.69 vs=0.03 n=0 [none]
1786861738.679 [OBSTACLES] cur_s=16.39 cur_d=-1.68 vs=0.01 n=0 [none]
1786861739.242 [OBSTACLES] cur_s=16.39 cur_d=-1.68 vs=-0.01 n=0 [none]
1786861739.804 [OBSTACLES] cur_s=16.39 cur_d=-1.68 vs=-0.01 n=0 [none]
1786861740.323 [OBSTACLES] cur_s=16.32 cur_d=-1.67 vs=-0.12 n=0 [none]
1786861740.876 [OBSTACLES] cur_s=16.33 cur_d=-1.66 vs=-0.07 n=0 [none]
1786861741.402 [OBSTACLES] cur_s=16.43 cur_d=-1.68 vs=0.10 n=0 [none]
1786861741.974 [OBSTACLES] cur_s=16.39 cur_d=-1.70 vs=0.07 n=0 [none]
1786861742.482 [OBSTACLES] cur_s=16.41 cur_d=-1.69 vs=0.06 n=0 [none]
1786861742.990 [OBSTACLES] cur_s=16.42 cur_d=-1.69 vs=0.04 n=0 [none]
1786861743.509 [OBSTACLES] cur_s=16.43 cur_d=-1.69 vs=-0.01 n=0 [none]
1786861744.031 [OBSTACLES] cur_s=16.42 cur_d=-1.69 vs=-0.02 n=0 [none]
1786861744.547 [OBSTACLES] cur_s=16.39 cur_d=-1.69 vs=-0.01 n=0 [none]
1786861745.088 [OBSTACLES] cur_s=16.40 cur_d=-1.69 vs=-0.00 n=0 [none]
1786861745.634 [OBSTACLES] cur_s=16.43 cur_d=-1.69 vs=-0.01 n=0 [none]
1786861745.712 [STATE_CHANGE] RECOVERY -> LOSTLINE src=GB_TRACK s=16.39 d=-1.69 vs=-0.01
1786861746.143 [OBSTACLES] cur_s=16.41 cur_d=-1.69 vs=0.00 n=0 [none]
1786861746.332 [STATE_CHANGE] LOSTLINE -> RECOVERY src=RECOVERY s=16.41 d=-1.69 vs=-0.00
1786861746.677 [OBSTACLES] cur_s=16.39 cur_d=-1.68 vs=0.09 n=0 [none]
1786861747.237 [OBSTACLES] cur_s=16.53 cur_d=-1.28 vs=1.16 n=0 [none]
1786861747.777 [OBSTACLES] cur_s=17.30 cur_d=-0.43 vs=2.90 n=0 [none]
1786861748.116 [STATE_CHANGE] RECOVERY -> GB_TRACK src=GB_TRACK s=18.49 d=-0.04 vs=3.41
1786861748.302 [OBSTACLES] cur_s=19.16 cur_d=0.02 vs=3.45 n=0 [none]
1786861748.833 [OBSTACLES] cur_s=20.83 cur_d=0.05 vs=3.45 n=0 [none]
1786861749.392 [OBSTACLES] cur_s=22.95 cur_d=0.02 vs=3.45 n=0 [none]
1786861750.004 [OBSTACLES] cur_s=24.98 cur_d=-0.08 vs=3.45 n=0 [none]
1786861750.556 [OBSTACLES] cur_s=26.83 cur_d=0.13 vs=3.41 n=0 [none]
1786861751.152 [OBSTACLES] cur_s=29.01 cur_d=0.13 vs=3.43 n=0 [none]
1786861751.748 [OBSTACLES] cur_s=30.80 cur_d=-0.01 vs=3.42 n=0 [none]
1786861752.282 [OBSTACLES] cur_s=33.14 cur_d=0.07 vs=3.29 n=0 [none]
1786861752.806 [OBSTACLES] cur_s=33.96 cur_d=0.01 vs=2.17 n=0 [none]
1786861753.312 [OBSTACLES] cur_s=33.44 cur_d=-0.03 vs=0.80 n=0 [none]
1786861753.884 [OBSTACLES] cur_s=33.38 cur_d=0.01 vs=0.32 n=0 [none]
1786861754.421 [OBSTACLES] cur_s=33.23 cur_d=0.08 vs=0.14 n=0 [none]
1786861754.938 [OBSTACLES] cur_s=33.18 cur_d=0.09 vs=-0.02 n=0 [none]
1786861755.629 [OBSTACLES] cur_s=33.17 cur_d=0.23 vs=0.02 n=0 [none]
1786861756.141 [OBSTACLES] cur_s=33.17 cur_d=0.20 vs=-0.06 n=0 [none]
1786861756.654 [OBSTACLES] cur_s=33.16 cur_d=0.21 vs=-0.04 n=0 [none]
1786861757.181 [OBSTACLES] cur_s=33.18 cur_d=0.26 vs=-0.03 n=0 [none]
1786861757.703 [OBSTACLES] cur_s=33.19 cur_d=0.26 vs=0.00 n=0 [none]
1786861758.252 [OBSTACLES] cur_s=33.19 cur_d=0.26 vs=0.01 n=0 [none]
1786861758.762 [OBSTACLES] cur_s=33.17 cur_d=0.28 vs=-0.01 n=0 [none]
1786861759.298 [OBSTACLES] cur_s=33.20 cur_d=0.26 vs=0.02 n=0 [none]
1786861759.641 [STATE_CHANGE] GB_TRACK -> LOSTLINE src=GB_TRACK s=33.16 d=0.31 vs=-0.03
1786861759.808 [OBSTACLES] cur_s=33.15 cur_d=0.33 vs=-0.04 n=0 [none]
1786861760.319 [OBSTACLES] cur_s=33.16 cur_d=0.38 vs=-0.04 n=0 [none]
1786861760.859 [OBSTACLES] cur_s=33.13 cur_d=0.44 vs=-0.05 n=0 [none]
1786861761.379 [OBSTACLES] cur_s=33.12 cur_d=0.45 vs=-0.04 n=0 [none]
1786861761.879 [OBSTACLES] cur_s=33.16 cur_d=0.46 vs=-0.01 n=0 [none]
1786861762.446 [OBSTACLES] cur_s=33.21 cur_d=0.49 vs=0.00 n=0 [none]
1786861762.947 [OBSTACLES] cur_s=33.25 cur_d=0.54 vs=0.00 n=0 [none]
1786861763.471 [OBSTACLES] cur_s=33.24 cur_d=0.55 vs=-0.00 n=0 [none]
1786861764.062 [OBSTACLES] cur_s=32.94 cur_d=0.33 vs=-0.59 n=1 [id=5 static=1 gap=0.69m d=-0.29 size=0.19]
1786861764.064 [STATIC_OT] state=GB_TRACK path_exists=0 path_locked=0 path_ttl_ok=0 path_safe=0 on_spline=0 speed=-0.59 raw_wpnts=0 raw_age=-s decision=TRAILING reason=NO_STATIC_PATH
1786861764.067 [STATE_CHANGE] LOSTLINE -> TRAILING src=GB_TRACK s=32.94 d=0.33 vs=-0.59
1786861764.312 [STATIC_OT] state=TRAILING path_exists=0 path_locked=0 path_ttl_ok=0 path_safe=0 on_spline=0 speed=-1.02 raw_wpnts=0 raw_age=-s decision=TRAILING reason=NO_STATIC_PATH
1786861764.553 [STATIC_OT] state=TRAILING path_exists=1 path_locked=0 path_ttl_ok=1 path_safe=0 on_spline=1 speed=-0.96 raw_wpnts=81 raw_age=0.77s decision=TRAILING reason=PATH_BLOCKED blocked_obs_id=5 gap=0.87m free_dist=-0.217m branch=static/geom
1786861764.668 [OBSTACLES] cur_s=32.59 cur_d=0.23 vs=-0.91 n=2 [id=5 static=1 gap=0.82m d=-0.27 size=0.23; id=8 static=1 gap=0.37m d=-0.87 size=0.45]
1786861764.797 [STATE_CHANGE] TRAILING -> LOSTLINE src=GB_TRACK s=32.57 d=0.22 vs=-0.80
1786861764.889 [STATE_CHANGE] LOSTLINE -> GB_TRACK src=GB_TRACK s=32.59 d=0.24 vs=-0.56
1786861765.192 [OBSTACLES] cur_s=32.48 cur_d=0.21 vs=-0.33 n=0 [none]
1786861765.458 [STATE_CHANGE] GB_TRACK -> LOSTLINE src=GB_TRACK s=32.42 d=0.39 vs=-0.31
1786861765.715 [OBSTACLES] cur_s=34.40 cur_d=0.35 vs=0.53 n=0 [none]
1786861765.775 [STATE_CHANGE] LOSTLINE -> GB_TRACK src=GB_TRACK s=0.15 d=0.20 vs=0.54
1786861765.903 [STATE_CHANGE] GB_TRACK -> LOSTLINE src=GB_TRACK s=0.96 d=-0.39 vs=1.06
1786861766.236 [OBSTACLES] cur_s=2.02 cur_d=-2.08 vs=1.41 n=0 [none]
1786861766.791 [OBSTACLES] cur_s=3.33 cur_d=-4.45 vs=2.79 n=0 [none]
1786861767.333 [OBSTACLES] cur_s=4.56 cur_d=-7.37 vs=0.66 n=0 [none]
1786861767.896 [OBSTACLES] cur_s=6.00 cur_d=-10.37 vs=0.26 n=0 [none]
1786861768.402 [OBSTACLES] cur_s=7.02 cur_d=-13.03 vs=-1.88 n=0 [none]
1786861768.942 [OBSTACLES] cur_s=8.21 cur_d=-16.00 vs=0.81 n=0 [none]
1786861769.637 [OBSTACLES] cur_s=8.80 cur_d=-19.16 vs=0.15 n=0 [none]
1786861770.176 [OBSTACLES] cur_s=8.90 cur_d=-19.96 vs=-0.41 n=0 [none]
1786861770.703 [OBSTACLES] cur_s=8.88 cur_d=-20.78 vs=-1.37 n=0 [none]
1786861771.239 [OBSTACLES] cur_s=8.91 cur_d=-21.16 vs=-0.94 n=0 [none]
1786861771.798 [OBSTACLES] cur_s=9.10 cur_d=-20.97 vs=0.22 n=0 [none]
1786861772.330 [OBSTACLES] cur_s=9.28 cur_d=-21.03 vs=0.88 n=0 [none]
1786861772.899 [OBSTACLES] cur_s=9.34 cur_d=-20.95 vs=1.14 n=0 [none]
1786861773.402 [OBSTACLES] cur_s=9.38 cur_d=-20.95 vs=1.12 n=0 [none]
1786861773.930 [OBSTACLES] cur_s=9.37 cur_d=-20.98 vs=0.90 n=0 [none]
1786861774.485 [OBSTACLES] cur_s=9.31 cur_d=-21.03 vs=0.48 n=0 [none]
1786861775.010 [OBSTACLES] cur_s=9.30 cur_d=-21.04 vs=0.38 n=0 [none]
1786861775.569 [OBSTACLES] cur_s=9.38 cur_d=-21.03 vs=0.39 n=0 [none]
1786861776.141 [OBSTACLES] cur_s=28.93 cur_d=-1.07 vs=-0.06 n=0 [none]
1786861776.691 [OBSTACLES] cur_s=28.91 cur_d=-1.18 vs=0.03 n=0 [none]
1786861776.692 [STATE_CHANGE] LOSTLINE -> RECOVERY src=RECOVERY s=28.91 d=-1.18 vs=0.03
1786861777.210 [OBSTACLES] cur_s=28.91 cur_d=-1.17 vs=0.04 n=0 [none]
1786861777.756 [OBSTACLES] cur_s=28.92 cur_d=-1.17 vs=0.05 n=0 [none]
1786861778.293 [OBSTACLES] cur_s=28.91 cur_d=-1.17 vs=0.05 n=0 [none]
1786861778.843 [OBSTACLES] cur_s=28.91 cur_d=-1.18 vs=0.04 n=0 [none]
1786861779.351 [OBSTACLES] cur_s=28.90 cur_d=-1.17 vs=0.03 n=0 [none]
1786861779.873 [OBSTACLES] cur_s=28.92 cur_d=-1.18 vs=0.04 n=0 [none]
1786861780.077 [STATIC_OT] state=RECOVERY path_exists=0 path_locked=0 path_ttl_ok=0 path_safe=0 on_spline=0 speed=0.04 raw_wpnts=0 raw_age=-s decision=TRAILING reason=NO_STATIC_PATH
1786861780.083 [STATE_CHANGE] RECOVERY -> TRAILING src=RECOVERY s=28.92 d=-1.19 vs=0.04
1786861780.315 [STATIC_OT] state=TRAILING path_exists=0 path_locked=0 path_ttl_ok=0 path_safe=0 on_spline=0 speed=0.05 raw_wpnts=0 raw_age=-s decision=TRAILING reason=NO_STATIC_PATH
1786861780.447 [OBSTACLES] cur_s=28.57 cur_d=-1.67 vs=0.04 n=1 [id=20 static=1 gap=5.75m d=0.30 size=0.30]
1786861780.457 [STATIC_OT_TRANSITION] first_valid_path_to_overtake_ms=0.0
1786861780.467 [STATE_CHANGE] TRAILING -> OVERTAKE src=OVERTAKE s=28.57 d=-1.67 vs=0.04
1786861780.566 [STATIC_OT] state=OVERTAKE path_exists=1 path_locked=1 path_ttl_ok=1 path_safe=1 on_spline=0 speed=0.04 raw_wpnts=112 raw_age=0.61s decision=OVERTAKE
1786861780.822 [STATE_CHANGE] OVERTAKE -> LOSTLINE src=GB_TRACK s=28.57 d=-1.67 vs=0.03
1786861780.990 [OBSTACLES] cur_s=28.57 cur_d=-1.67 vs=0.03 n=0 [none]
1786861781.495 [OBSTACLES] cur_s=28.57 cur_d=-1.67 vs=0.02 n=0 [none]
1786861782.020 [OBSTACLES] cur_s=28.57 cur_d=-1.67 vs=0.01 n=0 [none]
1786861782.574 [OBSTACLES] cur_s=28.57 cur_d=-1.67 vs=0.01 n=0 [none]
1786861783.170 [OBSTACLES] cur_s=28.57 cur_d=-1.67 vs=0.01 n=0 [none]
1786861783.686 [OBSTACLES] cur_s=28.57 cur_d=-1.67 vs=0.00 n=0 [none]
1786861783.733 [STATE_CHANGE] LOSTLINE -> RECOVERY src=RECOVERY s=28.57 d=-1.67 vs=-0.00
1786861784.187 [OBSTACLES] cur_s=28.57 cur_d=-1.67 vs=0.00 n=0 [none]
1786861784.730 [OBSTACLES] cur_s=28.57 cur_d=-1.67 vs=-0.00 n=0 [none]
1786861785.243 [OBSTACLES] cur_s=28.57 cur_d=-1.67 vs=-0.00 n=0 [none]
1786861785.772 [OBSTACLES] cur_s=28.57 cur_d=-1.67 vs=-0.00 n=0 [none]
1786861786.281 [OBSTACLES] cur_s=28.57 cur_d=-1.67 vs=-0.00 n=0 [none]
1786861786.844 [OBSTACLES] cur_s=28.57 cur_d=-1.67 vs=-0.00 n=0 [none]
1786861787.248 [STATE_CHANGE] RECOVERY -> LOSTLINE src=GB_TRACK s=28.81 d=-2.08 vs=0.36
1786861787.366 [OBSTACLES] cur_s=28.82 cur_d=-2.10 vs=0.34 n=0 [none]
1786861787.939 [OBSTACLES] cur_s=28.81 cur_d=-2.07 vs=0.18 n=0 [none]
1786861788.649 [OBSTACLES] cur_s=28.81 cur_d=-2.07 vs=0.07 n=0 [none]
1786861789.220 [OBSTACLES] cur_s=28.81 cur_d=-2.07 vs=0.03 n=0 [none]
1786861789.335 [STATE_CHANGE] LOSTLINE -> RECOVERY src=RECOVERY s=28.81 d=-2.06 vs=0.02
1786861789.749 [OBSTACLES] cur_s=28.81 cur_d=-2.06 vs=0.00 n=0 [none]
1786861790.253 [OBSTACLES] cur_s=28.81 cur_d=-2.06 vs=-0.01 n=0 [none]
1786861790.788 [OBSTACLES] cur_s=29.15 cur_d=-2.06 vs=0.17 n=0 [none]
1786861791.326 [OBSTACLES] cur_s=29.15 cur_d=-2.05 vs=0.09 n=0 [none]
1786861791.901 [OBSTACLES] cur_s=29.14 cur_d=-2.05 vs=0.04 n=0 [none]
1786861792.423 [OBSTACLES] cur_s=29.14 cur_d=-2.05 vs=0.01 n=0 [none]
1786861793.013 [OBSTACLES] cur_s=29.14 cur_d=-2.05 vs=-0.01 n=0 [none]
1786861793.585 [OBSTACLES] cur_s=29.15 cur_d=-2.05 vs=-0.01 n=0 [none]
1786861794.090 [OBSTACLES] cur_s=29.15 cur_d=-2.04 vs=-0.01 n=0 [none]
1786861794.621 [OBSTACLES] cur_s=29.14 cur_d=-2.05 vs=-0.02 n=0 [none]
1786861795.174 [OBSTACLES] cur_s=29.15 cur_d=-2.05 vs=-0.01 n=0 [none]
1786861795.689 [OBSTACLES] cur_s=29.14 cur_d=-2.05 vs=-0.01 n=0 [none]
1786861796.221 [OBSTACLES] cur_s=29.14 cur_d=-2.05 vs=-0.01 n=0 [none]
1786861796.732 [OBSTACLES] cur_s=29.14 cur_d=-2.05 vs=-0.01 n=0 [none]
1786861797.279 [OBSTACLES] cur_s=29.14 cur_d=-2.05 vs=-0.01 n=0 [none]
1786861797.808 [OBSTACLES] cur_s=29.14 cur_d=-2.05 vs=-0.00 n=0 [none]
1786861798.319 [OBSTACLES] cur_s=29.14 cur_d=-2.05 vs=-0.00 n=0 [none]
1786861798.831 [OBSTACLES] cur_s=29.14 cur_d=-2.05 vs=-0.00 n=0 [none]
1786861799.269 [STATE_CHANGE] RECOVERY -> LOSTLINE src=GB_TRACK s=29.14 d=-2.05 vs=-0.00
1786861799.406 [OBSTACLES] cur_s=29.15 cur_d=-2.05 vs=0.00 n=0 [none]
1786861799.477 [STATIC_OT] state=GB_TRACK path_exists=0 path_locked=0 path_ttl_ok=0 path_safe=0 on_spline=0 speed=0.00 raw_wpnts=0 raw_age=-s decision=TRAILING reason=NO_STATIC_PATH
1786861799.480 [STATE_CHANGE] LOSTLINE -> TRAILING src=GB_TRACK s=29.15 d=-2.05 vs=0.00
1786861799.759 [STATIC_OT] state=TRAILING path_exists=0 path_locked=0 path_ttl_ok=0 path_safe=0 on_spline=0 speed=-0.00 raw_wpnts=0 raw_age=-s decision=TRAILING reason=NO_STATIC_PATH
1786861800.041 [OBSTACLES] cur_s=29.15 cur_d=-2.05 vs=0.00 n=0 [none]
1786861800.042 [STATE_CHANGE] TRAILING -> LOSTLINE src=GB_TRACK s=29.15 d=-2.05 vs=0.00
1786861800.095 [STATIC_OT] state=GB_TRACK path_exists=0 path_locked=0 path_ttl_ok=0 path_safe=0 on_spline=0 speed=-0.00 raw_wpnts=0 raw_age=-s decision=TRAILING reason=NO_STATIC_PATH
1786861800.103 [STATE_CHANGE] LOSTLINE -> TRAILING src=GB_TRACK s=29.15 d=-2.05 vs=-0.00
1786861800.271 [STATE_CHANGE] TRAILING -> RECOVERY src=RECOVERY s=29.15 d=-2.05 vs=-0.00
