# static_avoidance_node debug log started 20260816_182729
1786872453.981 [STATIC_AVOID] obs_id=- obs_dist=-m obs_s=- ego_s=7.93 side=- | left_clearance=- right_clearance=- candidate_valid=false rung=- | cache_used=false path_age=- path_points=0 planning_time_ms=0.2 | reason=no_static_obstacle_in_range | cache_reason=no_cache
1786872454.518 [STATIC_AVOID] obs_id=- obs_dist=-m obs_s=- ego_s=7.93 side=- | left_clearance=- right_clearance=- candidate_valid=false rung=- | cache_used=false path_age=- path_points=0 planning_time_ms=0.1 | reason=no_static_obstacle_in_range | cache_reason=no_cache
1786872455.039 [STATIC_AVOID] obs_id=- obs_dist=-m obs_s=- ego_s=7.93 side=- | left_clearance=- right_clearance=- candidate_valid=false rung=- | cache_used=false path_age=- path_points=0 planning_time_ms=0.1 | reason=no_static_obstacle_in_range | cache_reason=no_cache
1786872455.574 [STATIC_AVOID] obs_id=- obs_dist=-m obs_s=- ego_s=7.93 side=- | left_clearance=- right_clearance=- candidate_valid=false rung=- | cache_used=false path_age=- path_points=0 planning_time_ms=0.1 | reason=no_static_obstacle_in_range | cache_reason=no_cache
1786872456.075 [STATIC_AVOID] obs_id=- obs_dist=-m obs_s=- ego_s=7.93 side=- | left_clearance=- right_clearance=- candidate_valid=false rung=- | cache_used=false path_age=- path_points=0 planning_time_ms=0.1 | reason=no_static_obstacle_in_range | cache_reason=no_cache
1786872456.629 [STATIC_AVOID] obs_id=- obs_dist=-m obs_s=- ego_s=8.02 side=- | left_clearance=- right_clearance=- candidate_valid=false rung=- | cache_used=false path_age=- path_points=0 planning_time_ms=0.1 | reason=no_static_obstacle_in_range | cache_reason=no_cache
1786872457.177 [STATIC_AVOID] obs_id=- obs_dist=-m obs_s=- ego_s=9.57 side=- | left_clearance=- right_clearance=- candidate_valid=false rung=- | cache_used=false path_age=- path_points=0 planning_time_ms=0.1 | reason=no_static_obstacle_in_range | cache_reason=no_cache
1786872457.727 [STATIC_AVOID] obs_id=- obs_dist=-m obs_s=- ego_s=11.11 side=- | left_clearance=- right_clearance=- candidate_valid=false rung=- | cache_used=false path_age=- path_points=0 planning_time_ms=0.1 | reason=no_static_obstacle_in_range | cache_reason=no_cache
1786872458.229 [STATIC_AVOID] obs_id=- obs_dist=-m obs_s=- ego_s=10.81 side=- | left_clearance=- right_clearance=- candidate_valid=false rung=- | cache_used=false path_age=- path_points=0 planning_time_ms=0.1 | reason=no_static_obstacle_in_range | cache_reason=no_cache
1786872458.788 [STATIC_AVOID] obs_id=- obs_dist=-m obs_s=- ego_s=9.79 side=- | left_clearance=- right_clearance=- candidate_valid=false rung=- | cache_used=false path_age=- path_points=0 planning_time_ms=0.1 | reason=no_static_obstacle_in_range | cache_reason=no_cache
1786872459.317 [STATIC_AVOID] obs_id=- obs_dist=-m obs_s=- ego_s=9.64 side=- | left_clearance=- right_clearance=- candidate_valid=false rung=- | cache_used=false path_age=- path_points=0 planning_time_ms=0.1 | reason=no_static_obstacle_in_range | cache_reason=no_cache
1786872459.820 [STATIC_AVOID] obs_id=- obs_dist=-m obs_s=- ego_s=9.63 side=- | left_clearance=- right_clearance=- candidate_valid=false rung=- | cache_used=false path_age=- path_points=0 planning_time_ms=0.1 | reason=no_static_obstacle_in_range | cache_reason=no_cache
1786872460.331 [STATIC_AVOID] obs_id=- obs_dist=-m obs_s=- ego_s=9.41 side=- | left_clearance=- right_clearance=- candidate_valid=false rung=- | cache_used=false path_age=- path_points=0 planning_time_ms=0.1 | reason=no_static_obstacle_in_range | cache_reason=no_cache
1786872460.833 [STATIC_AVOID] obs_id=- obs_dist=-m obs_s=- ego_s=8.53 side=- | left_clearance=- right_clearance=- candidate_valid=false rung=- | cache_used=false path_age=- path_points=0 planning_time_ms=0.1 | reason=no_static_obstacle_in_range | cache_reason=no_cache
1786872461.387 [STATIC_AVOID] obs_id=- obs_dist=-m obs_s=- ego_s=7.81 side=- | left_clearance=- right_clearance=- candidate_valid=false rung=- | cache_used=false path_age=- path_points=0 planning_time_ms=0.1 | reason=no_static_obstacle_in_range | cache_reason=no_cache
1786872461.933 [STATIC_AVOID] obs_id=- obs_dist=-m obs_s=- ego_s=7.79 side=- | left_clearance=- right_clearance=- candidate_valid=false rung=- | cache_used=false path_age=- path_points=0 planning_time_ms=0.1 | reason=no_static_obstacle_in_range | cache_reason=no_cache
1786872462.474 [STATIC_AVOID] obs_id=- obs_dist=-m obs_s=- ego_s=7.51 side=- | left_clearance=- right_clearance=- candidate_valid=false rung=- | cache_used=false path_age=- path_points=0 planning_time_ms=0.1 | reason=no_static_obstacle_in_range | cache_reason=no_cache
1786872462.974 [STATIC_AVOID] obs_id=- obs_dist=-m obs_s=- ego_s=7.51 side=- | left_clearance=- right_clearance=- candidate_valid=false rung=- | cache_used=false path_age=- path_points=0 planning_time_ms=0.2 | reason=no_static_obstacle_in_range | cache_reason=no_cache
1786872463.532 [STATIC_AVOID] obs_id=- obs_dist=-m obs_s=- ego_s=7.31 side=- | left_clearance=- right_clearance=- candidate_valid=false rung=- | cache_used=false path_age=- path_points=0 planning_time_ms=0.1 | reason=no_static_obstacle_in_range | cache_reason=no_cache
1786872464.074 [STATIC_AVOID] obs_id=- obs_dist=-m obs_s=- ego_s=7.30 side=- | left_clearance=- right_clearance=- candidate_valid=false rung=- | cache_used=false path_age=- path_points=0 planning_time_ms=0.1 | reason=no_static_obstacle_in_range | cache_reason=no_cache
1786872464.624 [STATIC_AVOID] obs_id=- obs_dist=-m obs_s=- ego_s=7.25 side=- | left_clearance=- right_clearance=- candidate_valid=false rung=- | cache_used=false path_age=- path_points=0 planning_time_ms=0.1 | reason=no_static_obstacle_in_range | cache_reason=no_cache
1786872465.178 [STATIC_AVOID] obs_id=- obs_dist=-m obs_s=- ego_s=7.24 side=- | left_clearance=- right_clearance=- candidate_valid=false rung=- | cache_used=false path_age=- path_points=0 planning_time_ms=0.1 | reason=no_static_obstacle_in_range | cache_reason=no_cache
1786872465.724 [STATIC_AVOID] obs_id=- obs_dist=-m obs_s=- ego_s=7.24 side=- | left_clearance=- right_clearance=- candidate_valid=false rung=- | cache_used=false path_age=- path_points=0 planning_time_ms=0.1 | reason=no_static_obstacle_in_range | cache_reason=no_cache
1786872466.273 [STATIC_AVOID] obs_id=- obs_dist=-m obs_s=- ego_s=16.59 side=- | left_clearance=- right_clearance=- candidate_valid=false rung=- | cache_used=false path_age=- path_points=0 planning_time_ms=2.5 | reason=no_static_obstacle_in_range | cache_reason=no_cache
1786872466.777 [STATIC_AVOID] obs_id=- obs_dist=-m obs_s=- ego_s=16.88 side=- | left_clearance=- right_clearance=- candidate_valid=false rung=- | cache_used=false path_age=- path_points=0 planning_time_ms=0.1 | reason=no_static_obstacle_in_range | cache_reason=no_cache
1786872467.324 [STATIC_AVOID] obs_id=- obs_dist=-m obs_s=- ego_s=17.00 side=- | left_clearance=- right_clearance=- candidate_valid=false rung=- | cache_used=false path_age=- path_points=0 planning_time_ms=0.6 | reason=no_static_obstacle_in_range | cache_reason=no_cache
1786872467.878 [STATIC_AVOID] obs_id=- obs_dist=-m obs_s=- ego_s=17.50 side=- | left_clearance=- right_clearance=- candidate_valid=false rung=- | cache_used=false path_age=- path_points=0 planning_time_ms=0.1 | reason=no_static_obstacle_in_range | cache_reason=no_cache
1786872468.434 [STATIC_AVOID] obs_id=- obs_dist=-m obs_s=- ego_s=17.50 side=- | left_clearance=- right_clearance=- candidate_valid=false rung=- | cache_used=false path_age=- path_points=0 planning_time_ms=0.1 | reason=no_static_obstacle_in_range | cache_reason=no_cache
1786872468.970 [STATIC_AVOID] obs_id=- obs_dist=-m obs_s=- ego_s=17.47 side=- | left_clearance=- right_clearance=- candidate_valid=false rung=- | cache_used=false path_age=- path_points=0 planning_time_ms=0.1 | reason=no_static_obstacle_in_range | cache_reason=no_cache
1786872469.485 [STATIC_AVOID] obs_id=5 obs_dist=0.87m obs_s=18.24 ego_s=17.36 side=LEFT | left_clearance=0.45 right_clearance=-0.30 candidate_valid=true rung=0 | cache_used=false path_age=0.000 path_points=81 planning_time_ms=10.3
1786872470.034 [STATIC_AVOID] obs_id=5 obs_dist=1.04m obs_s=18.30 ego_s=17.26 side=LEFT | left_clearance=0.30 right_clearance=-0.34 candidate_valid=false rung=- | cache_used=false path_age=- path_points=0 planning_time_ms=12.5 | reason=obstacle_clearance | cache_reason=no_cache
1786872470.572 [STATIC_AVOID] obs_id=- obs_dist=-m obs_s=- ego_s=17.11 side=- | left_clearance=- right_clearance=- candidate_valid=false rung=- | cache_used=false path_age=- path_points=0 planning_time_ms=0.1 | reason=no_static_obstacle_in_range | cache_reason=no_cache
1786872471.073 [STATIC_AVOID] obs_id=- obs_dist=-m obs_s=- ego_s=16.92 side=- | left_clearance=- right_clearance=- candidate_valid=false rung=- | cache_used=false path_age=- path_points=0 planning_time_ms=0.1 | reason=no_static_obstacle_in_range | cache_reason=no_cache
1786872471.632 [STATIC_AVOID] obs_id=- obs_dist=-m obs_s=- ego_s=16.88 side=- | left_clearance=- right_clearance=- candidate_valid=false rung=- | cache_used=false path_age=- path_points=0 planning_time_ms=0.1 | reason=no_static_obstacle_in_range | cache_reason=no_cache
1786872472.175 [STATIC_AVOID] obs_id=- obs_dist=-m obs_s=- ego_s=16.83 side=- | left_clearance=- right_clearance=- candidate_valid=false rung=- | cache_used=false path_age=- path_points=0 planning_time_ms=0.1 | reason=no_static_obstacle_in_range | cache_reason=no_cache
1786872472.728 [STATIC_AVOID] obs_id=- obs_dist=-m obs_s=- ego_s=16.68 side=- | left_clearance=- right_clearance=- candidate_valid=false rung=- | cache_used=false path_age=- path_points=0 planning_time_ms=0.1 | reason=no_static_obstacle_in_range | cache_reason=no_cache
1786872473.277 [STATIC_AVOID] obs_id=- obs_dist=-m obs_s=- ego_s=16.63 side=- | left_clearance=- right_clearance=- candidate_valid=false rung=- | cache_used=false path_age=- path_points=0 planning_time_ms=0.1 | reason=no_static_obstacle_in_range | cache_reason=no_cache
1786872473.835 [STATIC_AVOID] obs_id=- obs_dist=-m obs_s=- ego_s=16.26 side=- | left_clearance=- right_clearance=- candidate_valid=false rung=- | cache_used=false path_age=- path_points=0 planning_time_ms=0.1 | reason=no_static_obstacle_in_range | cache_reason=no_cache
1786872474.380 [STATIC_AVOID] obs_id=- obs_dist=-m obs_s=- ego_s=16.13 side=- | left_clearance=- right_clearance=- candidate_valid=false rung=- | cache_used=false path_age=- path_points=0 planning_time_ms=0.1 | reason=no_static_obstacle_in_range | cache_reason=no_cache
1786872474.921 [STATIC_AVOID] obs_id=- obs_dist=-m obs_s=- ego_s=16.13 side=- | left_clearance=- right_clearance=- candidate_valid=false rung=- | cache_used=false path_age=- path_points=0 planning_time_ms=0.1 | reason=no_static_obstacle_in_range | cache_reason=no_cache
1786872475.427 [STATIC_AVOID] obs_id=- obs_dist=-m obs_s=- ego_s=16.13 side=- | left_clearance=- right_clearance=- candidate_valid=false rung=- | cache_used=false path_age=- path_points=0 planning_time_ms=0.1 | reason=no_static_obstacle_in_range | cache_reason=no_cache
1786872475.930 [STATIC_AVOID] obs_id=- obs_dist=-m obs_s=- ego_s=16.13 side=- | left_clearance=- right_clearance=- candidate_valid=false rung=- | cache_used=false path_age=- path_points=0 planning_time_ms=5.7 | reason=no_static_obstacle_in_range | cache_reason=no_cache
1786872476.472 [STATIC_AVOID] obs_id=- obs_dist=-m obs_s=- ego_s=16.14 side=- | left_clearance=- right_clearance=- candidate_valid=false rung=- | cache_used=false path_age=- path_points=0 planning_time_ms=0.1 | reason=no_static_obstacle_in_range | cache_reason=no_cache
1786872477.019 [STATIC_AVOID] obs_id=- obs_dist=-m obs_s=- ego_s=16.14 side=- | left_clearance=- right_clearance=- candidate_valid=false rung=- | cache_used=false path_age=- path_points=0 planning_time_ms=0.1 | reason=no_static_obstacle_in_range | cache_reason=no_cache
1786872477.526 [STATIC_AVOID] obs_id=- obs_dist=-m obs_s=- ego_s=16.14 side=- | left_clearance=- right_clearance=- candidate_valid=false rung=- | cache_used=false path_age=- path_points=0 planning_time_ms=0.1 | reason=no_static_obstacle_in_range | cache_reason=no_cache
1786872478.069 [STATIC_AVOID] obs_id=- obs_dist=-m obs_s=- ego_s=16.14 side=- | left_clearance=- right_clearance=- candidate_valid=false rung=- | cache_used=false path_age=- path_points=0 planning_time_ms=0.1 | reason=no_static_obstacle_in_range | cache_reason=no_cache
1786872478.584 [STATIC_AVOID] obs_id=- obs_dist=-m obs_s=- ego_s=16.14 side=- | left_clearance=- right_clearance=- candidate_valid=false rung=- | cache_used=false path_age=- path_points=0 planning_time_ms=0.1 | reason=no_static_obstacle_in_range | cache_reason=no_cache
1786872479.128 [STATIC_AVOID] obs_id=- obs_dist=-m obs_s=- ego_s=16.13 side=- | left_clearance=- right_clearance=- candidate_valid=false rung=- | cache_used=false path_age=- path_points=0 planning_time_ms=0.1 | reason=no_static_obstacle_in_range | cache_reason=no_cache
1786872479.677 [STATIC_AVOID] obs_id=- obs_dist=-m obs_s=- ego_s=16.69 side=- | left_clearance=- right_clearance=- candidate_valid=false rung=- | cache_used=false path_age=- path_points=0 planning_time_ms=0.1 | reason=no_static_obstacle_in_range | cache_reason=no_cache
1786872480.178 [STATIC_AVOID] obs_id=- obs_dist=-m obs_s=- ego_s=16.58 side=- | left_clearance=- right_clearance=- candidate_valid=false rung=- | cache_used=false path_age=- path_points=0 planning_time_ms=0.1 | reason=no_static_obstacle_in_range | cache_reason=no_cache
1786872480.723 [STATIC_AVOID] obs_id=- obs_dist=-m obs_s=- ego_s=16.58 side=- | left_clearance=- right_clearance=- candidate_valid=false rung=- | cache_used=false path_age=- path_points=0 planning_time_ms=0.1 | reason=no_static_obstacle_in_range | cache_reason=no_cache
1786872481.272 [STATIC_AVOID] obs_id=- obs_dist=-m obs_s=- ego_s=16.58 side=- | left_clearance=- right_clearance=- candidate_valid=false rung=- | cache_used=false path_age=- path_points=0 planning_time_ms=0.1 | reason=no_static_obstacle_in_range | cache_reason=no_cache
1786872481.821 [STATIC_AVOID] obs_id=- obs_dist=-m obs_s=- ego_s=16.68 side=- | left_clearance=- right_clearance=- candidate_valid=false rung=- | cache_used=false path_age=- path_points=0 planning_time_ms=0.1 | reason=no_static_obstacle_in_range | cache_reason=no_cache
1786872482.327 [STATIC_AVOID] obs_id=- obs_dist=-m obs_s=- ego_s=17.27 side=- | left_clearance=- right_clearance=- candidate_valid=false rung=- | cache_used=false path_age=- path_points=0 planning_time_ms=0.1 | reason=no_static_obstacle_in_range | cache_reason=no_cache
1786872482.898 [STATIC_AVOID] obs_id=- obs_dist=-m obs_s=- ego_s=18.73 side=- | left_clearance=- right_clearance=- candidate_valid=false rung=- | cache_used=false path_age=- path_points=0 planning_time_ms=0.1 | reason=no_static_obstacle_in_range | cache_reason=no_cache
1786872483.423 [STATIC_AVOID] obs_id=- obs_dist=-m obs_s=- ego_s=21.20 side=- | left_clearance=- right_clearance=- candidate_valid=false rung=- | cache_used=false path_age=- path_points=0 planning_time_ms=2.4 | reason=no_static_obstacle_in_range | cache_reason=no_cache
1786872483.926 [STATIC_AVOID] obs_id=- obs_dist=-m obs_s=- ego_s=23.16 side=- | left_clearance=- right_clearance=- candidate_valid=false rung=- | cache_used=false path_age=- path_points=0 planning_time_ms=0.1 | reason=no_static_obstacle_in_range | cache_reason=no_cache
1786872484.426 [STATIC_AVOID] obs_id=- obs_dist=-m obs_s=- ego_s=25.83 side=- | left_clearance=- right_clearance=- candidate_valid=false rung=- | cache_used=false path_age=- path_points=0 planning_time_ms=0.1 | reason=no_static_obstacle_in_range | cache_reason=no_cache
1786872484.969 [STATIC_AVOID] obs_id=- obs_dist=-m obs_s=- ego_s=28.26 side=- | left_clearance=- right_clearance=- candidate_valid=false rung=- | cache_used=false path_age=- path_points=0 planning_time_ms=0.1 | reason=no_static_obstacle_in_range | cache_reason=no_cache
1786872485.473 [STATIC_AVOID] obs_id=- obs_dist=-m obs_s=- ego_s=29.89 side=- | left_clearance=- right_clearance=- candidate_valid=false rung=- | cache_used=false path_age=- path_points=0 planning_time_ms=0.1 | reason=no_static_obstacle_in_range | cache_reason=no_cache
1786872486.017 [STATIC_AVOID] obs_id=- obs_dist=-m obs_s=- ego_s=31.95 side=- | left_clearance=- right_clearance=- candidate_valid=false rung=- | cache_used=false path_age=- path_points=0 planning_time_ms=0.1 | reason=no_static_obstacle_in_range | cache_reason=no_cache
1786872486.524 [STATIC_AVOID] obs_id=- obs_dist=-m obs_s=- ego_s=33.74 side=- | left_clearance=- right_clearance=- candidate_valid=false rung=- | cache_used=false path_age=- path_points=0 planning_time_ms=0.1 | reason=no_static_obstacle_in_range | cache_reason=no_cache
1786872487.071 [STATIC_AVOID] obs_id=10 obs_dist=3.17m obs_s=3.86 ego_s=0.69 side=- | left_clearance=- right_clearance=- candidate_valid=false rung=- | cache_used=true path_age=0.217 path_points=108 planning_time_ms=0.4 | reason=raceline_already_clear
1786872487.626 [STATIC_AVOID] obs_id=- obs_dist=-m obs_s=- ego_s=3.42 side=- | left_clearance=- right_clearance=- candidate_valid=false rung=- | cache_used=false path_age=- path_points=0 planning_time_ms=0.1 | reason=no_static_obstacle_in_range | cache_reason=no_cache
1786872488.171 [STATIC_AVOID] obs_id=- obs_dist=-m obs_s=- ego_s=6.11 side=- | left_clearance=- right_clearance=- candidate_valid=false rung=- | cache_used=false path_age=- path_points=0 planning_time_ms=0.1 | reason=no_static_obstacle_in_range | cache_reason=no_cache
1786872488.717 [STATIC_AVOID] obs_id=- obs_dist=-m obs_s=- ego_s=8.80 side=- | left_clearance=- right_clearance=- candidate_valid=false rung=- | cache_used=false path_age=- path_points=0 planning_time_ms=0.1 | reason=no_static_obstacle_in_range | cache_reason=no_cache
1786872489.272 [STATIC_AVOID] obs_id=- obs_dist=-m obs_s=- ego_s=10.73 side=- | left_clearance=- right_clearance=- candidate_valid=false rung=- | cache_used=false path_age=- path_points=0 planning_time_ms=0.1 | reason=no_static_obstacle_in_range | cache_reason=no_cache
1786872489.824 [STATIC_AVOID] obs_id=- obs_dist=-m obs_s=- ego_s=11.80 side=- | left_clearance=- right_clearance=- candidate_valid=false rung=- | cache_used=false path_age=- path_points=0 planning_time_ms=0.1 | reason=no_static_obstacle_in_range | cache_reason=no_cache
1786872490.383 [STATIC_AVOID] obs_id=- obs_dist=-m obs_s=- ego_s=13.30 side=- | left_clearance=- right_clearance=- candidate_valid=false rung=- | cache_used=false path_age=- path_points=0 planning_time_ms=0.1 | reason=no_static_obstacle_in_range | cache_reason=no_cache
1786872490.895 [STATIC_AVOID] obs_id=- obs_dist=-m obs_s=- ego_s=14.90 side=- | left_clearance=- right_clearance=- candidate_valid=false rung=- | cache_used=false path_age=- path_points=0 planning_time_ms=0.1 | reason=no_static_obstacle_in_range | cache_reason=no_cache
1786872491.427 [STATIC_AVOID] obs_id=- obs_dist=-m obs_s=- ego_s=16.26 side=- | left_clearance=- right_clearance=- candidate_valid=false rung=- | cache_used=false path_age=- path_points=0 planning_time_ms=0.1 | reason=no_static_obstacle_in_range | cache_reason=no_cache
1786872491.930 [STATIC_AVOID] obs_id=- obs_dist=-m obs_s=- ego_s=17.41 side=- | left_clearance=- right_clearance=- candidate_valid=false rung=- | cache_used=false path_age=- path_points=0 planning_time_ms=0.1 | reason=no_static_obstacle_in_range | cache_reason=no_cache
1786872492.477 [STATIC_AVOID] obs_id=- obs_dist=-m obs_s=- ego_s=19.49 side=- | left_clearance=- right_clearance=- candidate_valid=false rung=- | cache_used=false path_age=- path_points=0 planning_time_ms=0.1 | reason=no_static_obstacle_in_range | cache_reason=no_cache
1786872493.024 [STATIC_AVOID] obs_id=- obs_dist=-m obs_s=- ego_s=22.21 side=- | left_clearance=- right_clearance=- candidate_valid=false rung=- | cache_used=false path_age=- path_points=0 planning_time_ms=0.3 | reason=no_static_obstacle_in_range | cache_reason=no_cache
1786872493.530 [STATIC_AVOID] obs_id=- obs_dist=-m obs_s=- ego_s=24.76 side=- | left_clearance=- right_clearance=- candidate_valid=false rung=- | cache_used=false path_age=- path_points=0 planning_time_ms=0.1 | reason=no_static_obstacle_in_range | cache_reason=no_cache
1786872494.072 [STATIC_AVOID] obs_id=- obs_dist=-m obs_s=- ego_s=27.21 side=- | left_clearance=- right_clearance=- candidate_valid=false rung=- | cache_used=false path_age=- path_points=0 planning_time_ms=0.1 | reason=no_static_obstacle_in_range | cache_reason=no_cache
1786872494.576 [STATIC_AVOID] obs_id=13 obs_dist=0.64m obs_s=29.11 ego_s=28.46 side=RIGHT | left_clearance=-0.18 right_clearance=0.45 candidate_valid=false rung=- | cache_used=false path_age=- path_points=0 planning_time_ms=5.9 | reason=obstacle_clearance | cache_reason=no_cache
1786872495.126 [STATIC_AVOID] obs_id=- obs_dist=-m obs_s=- ego_s=28.98 side=- | left_clearance=- right_clearance=- candidate_valid=false rung=- | cache_used=false path_age=- path_points=0 planning_time_ms=0.1 | reason=no_static_obstacle_in_range | cache_reason=no_cache
1786872495.629 [STATIC_AVOID] obs_id=- obs_dist=-m obs_s=- ego_s=29.04 side=- | left_clearance=- right_clearance=- candidate_valid=false rung=- | cache_used=false path_age=- path_points=0 planning_time_ms=0.1 | reason=no_static_obstacle_in_range | cache_reason=no_cache
1786872496.171 [STATIC_AVOID] obs_id=- obs_dist=-m obs_s=- ego_s=29.04 side=- | left_clearance=- right_clearance=- candidate_valid=false rung=- | cache_used=false path_age=- path_points=0 planning_time_ms=0.1 | reason=no_static_obstacle_in_range | cache_reason=no_cache
1786872496.672 [STATIC_AVOID] obs_id=- obs_dist=-m obs_s=- ego_s=29.06 side=- | left_clearance=- right_clearance=- candidate_valid=false rung=- | cache_used=false path_age=- path_points=0 planning_time_ms=0.1 | reason=no_static_obstacle_in_range | cache_reason=no_cache
1786872497.223 [STATIC_AVOID] obs_id=- obs_dist=-m obs_s=- ego_s=29.06 side=- | left_clearance=- right_clearance=- candidate_valid=false rung=- | cache_used=false path_age=- path_points=0 planning_time_ms=0.1 | reason=no_static_obstacle_in_range | cache_reason=no_cache
1786872497.724 [STATIC_AVOID] obs_id=- obs_dist=-m obs_s=- ego_s=28.94 side=- | left_clearance=- right_clearance=- candidate_valid=false rung=- | cache_used=false path_age=- path_points=0 planning_time_ms=0.1 | reason=no_static_obstacle_in_range | cache_reason=no_cache
1786872498.274 [STATIC_AVOID] obs_id=- obs_dist=-m obs_s=- ego_s=28.33 side=- | left_clearance=- right_clearance=- candidate_valid=false rung=- | cache_used=false path_age=- path_points=0 planning_time_ms=0.3 | reason=no_static_obstacle_in_range | cache_reason=no_cache
1786872498.820 [STATIC_AVOID] obs_id=- obs_dist=-m obs_s=- ego_s=28.09 side=- | left_clearance=- right_clearance=- candidate_valid=false rung=- | cache_used=false path_age=- path_points=0 planning_time_ms=0.3 | reason=no_static_obstacle_in_range | cache_reason=no_cache
1786872499.376 [STATIC_AVOID] obs_id=- obs_dist=-m obs_s=- ego_s=28.03 side=- | left_clearance=- right_clearance=- candidate_valid=false rung=- | cache_used=false path_age=- path_points=0 planning_time_ms=0.1 | reason=no_static_obstacle_in_range | cache_reason=no_cache
1786872499.886 [STATIC_AVOID] obs_id=- obs_dist=-m obs_s=- ego_s=28.01 side=- | left_clearance=- right_clearance=- candidate_valid=false rung=- | cache_used=false path_age=- path_points=0 planning_time_ms=0.1 | reason=no_static_obstacle_in_range | cache_reason=no_cache
1786872500.418 [STATIC_AVOID] obs_id=- obs_dist=-m obs_s=- ego_s=28.00 side=- | left_clearance=- right_clearance=- candidate_valid=false rung=- | cache_used=false path_age=- path_points=0 planning_time_ms=0.6 | reason=no_static_obstacle_in_range | cache_reason=no_cache
1786872500.918 [STATIC_AVOID] obs_id=- obs_dist=-m obs_s=- ego_s=28.00 side=- | left_clearance=- right_clearance=- candidate_valid=false rung=- | cache_used=false path_age=- path_points=0 planning_time_ms=0.1 | reason=no_static_obstacle_in_range | cache_reason=no_cache
1786872501.479 [STATIC_AVOID] obs_id=- obs_dist=-m obs_s=- ego_s=28.00 side=- | left_clearance=- right_clearance=- candidate_valid=false rung=- | cache_used=false path_age=- path_points=0 planning_time_ms=0.1 | reason=no_static_obstacle_in_range | cache_reason=no_cache
1786872502.027 [STATIC_AVOID] obs_id=- obs_dist=-m obs_s=- ego_s=28.01 side=- | left_clearance=- right_clearance=- candidate_valid=false rung=- | cache_used=false path_age=- path_points=0 planning_time_ms=0.1 | reason=no_static_obstacle_in_range | cache_reason=no_cache
1786872502.572 [STATIC_AVOID] obs_id=- obs_dist=-m obs_s=- ego_s=28.00 side=- | left_clearance=- right_clearance=- candidate_valid=false rung=- | cache_used=false path_age=- path_points=0 planning_time_ms=0.1 | reason=no_static_obstacle_in_range | cache_reason=no_cache
1786872503.120 [STATIC_AVOID] obs_id=- obs_dist=-m obs_s=- ego_s=28.00 side=- | left_clearance=- right_clearance=- candidate_valid=false rung=- | cache_used=false path_age=- path_points=0 planning_time_ms=0.1 | reason=no_static_obstacle_in_range | cache_reason=no_cache
1786872503.667 [STATIC_AVOID] obs_id=- obs_dist=-m obs_s=- ego_s=28.01 side=- | left_clearance=- right_clearance=- candidate_valid=false rung=- | cache_used=false path_age=- path_points=0 planning_time_ms=0.1 | reason=no_static_obstacle_in_range | cache_reason=no_cache
1786872504.174 [STATIC_AVOID] obs_id=- obs_dist=-m obs_s=- ego_s=28.00 side=- | left_clearance=- right_clearance=- candidate_valid=false rung=- | cache_used=false path_age=- path_points=0 planning_time_ms=0.1 | reason=no_static_obstacle_in_range | cache_reason=no_cache
1786872504.720 [STATIC_AVOID] obs_id=- obs_dist=-m obs_s=- ego_s=28.00 side=- | left_clearance=- right_clearance=- candidate_valid=false rung=- | cache_used=false path_age=- path_points=0 planning_time_ms=0.1 | reason=no_static_obstacle_in_range | cache_reason=no_cache
1786872505.224 [STATIC_AVOID] obs_id=- obs_dist=-m obs_s=- ego_s=28.00 side=- | left_clearance=- right_clearance=- candidate_valid=false rung=- | cache_used=false path_age=- path_points=0 planning_time_ms=0.3 | reason=no_static_obstacle_in_range | cache_reason=no_cache
1786872505.776 [STATIC_AVOID] obs_id=- obs_dist=-m obs_s=- ego_s=28.00 side=- | left_clearance=- right_clearance=- candidate_valid=false rung=- | cache_used=false path_age=- path_points=0 planning_time_ms=0.1 | reason=no_static_obstacle_in_range | cache_reason=no_cache
1786872506.318 [STATIC_AVOID] obs_id=- obs_dist=-m obs_s=- ego_s=28.00 side=- | left_clearance=- right_clearance=- candidate_valid=false rung=- | cache_used=false path_age=- path_points=0 planning_time_ms=0.1 | reason=no_static_obstacle_in_range | cache_reason=no_cache
1786872506.826 [STATIC_AVOID] obs_id=- obs_dist=-m obs_s=- ego_s=28.00 side=- | left_clearance=- right_clearance=- candidate_valid=false rung=- | cache_used=false path_age=- path_points=0 planning_time_ms=0.1 | reason=no_static_obstacle_in_range | cache_reason=no_cache
1786872507.383 [STATIC_AVOID] obs_id=- obs_dist=-m obs_s=- ego_s=28.01 side=- | left_clearance=- right_clearance=- candidate_valid=false rung=- | cache_used=false path_age=- path_points=0 planning_time_ms=0.1 | reason=no_static_obstacle_in_range | cache_reason=no_cache
1786872507.920 [STATIC_AVOID] obs_id=- obs_dist=-m obs_s=- ego_s=28.13 side=- | left_clearance=- right_clearance=- candidate_valid=false rung=- | cache_used=false path_age=- path_points=0 planning_time_ms=0.1 | reason=no_static_obstacle_in_range | cache_reason=no_cache
1786872508.470 [STATIC_AVOID] obs_id=- obs_dist=-m obs_s=- ego_s=28.19 side=- | left_clearance=- right_clearance=- candidate_valid=false rung=- | cache_used=false path_age=- path_points=0 planning_time_ms=0.1 | reason=no_static_obstacle_in_range | cache_reason=no_cache
1786872508.984 [STATIC_AVOID] obs_id=- obs_dist=-m obs_s=- ego_s=28.20 side=- | left_clearance=- right_clearance=- candidate_valid=false rung=- | cache_used=false path_age=- path_points=0 planning_time_ms=0.1 | reason=no_static_obstacle_in_range | cache_reason=no_cache
1786872509.519 [STATIC_AVOID] obs_id=- obs_dist=-m obs_s=- ego_s=28.20 side=- | left_clearance=- right_clearance=- candidate_valid=false rung=- | cache_used=false path_age=- path_points=0 planning_time_ms=0.1 | reason=no_static_obstacle_in_range | cache_reason=no_cache
1786872510.023 [STATIC_AVOID] obs_id=- obs_dist=-m obs_s=- ego_s=28.20 side=- | left_clearance=- right_clearance=- candidate_valid=false rung=- | cache_used=false path_age=- path_points=0 planning_time_ms=0.2 | reason=no_static_obstacle_in_range | cache_reason=no_cache
1786872510.581 [STATIC_AVOID] obs_id=- obs_dist=-m obs_s=- ego_s=28.20 side=- | left_clearance=- right_clearance=- candidate_valid=false rung=- | cache_used=false path_age=- path_points=0 planning_time_ms=0.1 | reason=no_static_obstacle_in_range | cache_reason=no_cache
1786872511.123 [STATIC_AVOID] obs_id=- obs_dist=-m obs_s=- ego_s=28.22 side=- | left_clearance=- right_clearance=- candidate_valid=false rung=- | cache_used=false path_age=- path_points=0 planning_time_ms=0.5 | reason=no_static_obstacle_in_range | cache_reason=no_cache
1786872511.635 [STATIC_AVOID] obs_id=- obs_dist=-m obs_s=- ego_s=28.85 side=- | left_clearance=- right_clearance=- candidate_valid=false rung=- | cache_used=false path_age=- path_points=0 planning_time_ms=0.1 | reason=no_static_obstacle_in_range | cache_reason=no_cache
1786872512.179 [STATIC_AVOID] obs_id=- obs_dist=-m obs_s=- ego_s=30.44 side=- | left_clearance=- right_clearance=- candidate_valid=false rung=- | cache_used=false path_age=- path_points=0 planning_time_ms=0.1 | reason=no_static_obstacle_in_range | cache_reason=no_cache
1786872512.729 [STATIC_AVOID] obs_id=- obs_dist=-m obs_s=- ego_s=32.68 side=- | left_clearance=- right_clearance=- candidate_valid=false rung=- | cache_used=false path_age=- path_points=0 planning_time_ms=0.5 | reason=no_static_obstacle_in_range | cache_reason=no_cache
1786872513.274 [STATIC_AVOID] obs_id=- obs_dist=-m obs_s=- ego_s=34.26 side=- | left_clearance=- right_clearance=- candidate_valid=false rung=- | cache_used=false path_age=- path_points=0 planning_time_ms=0.2 | reason=no_static_obstacle_in_range | cache_reason=no_cache
1786872513.821 [STATIC_AVOID] obs_id=- obs_dist=-m obs_s=- ego_s=1.48 side=- | left_clearance=- right_clearance=- candidate_valid=false rung=- | cache_used=false path_age=- path_points=0 planning_time_ms=0.1 | reason=no_static_obstacle_in_range | cache_reason=no_cache
1786872514.322 [STATIC_AVOID] obs_id=- obs_dist=-m obs_s=- ego_s=3.75 side=- | left_clearance=- right_clearance=- candidate_valid=false rung=- | cache_used=false path_age=- path_points=0 planning_time_ms=0.1 | reason=no_static_obstacle_in_range | cache_reason=no_cache
1786872514.872 [STATIC_AVOID] obs_id=- obs_dist=-m obs_s=- ego_s=6.58 side=- | left_clearance=- right_clearance=- candidate_valid=false rung=- | cache_used=false path_age=- path_points=0 planning_time_ms=4.9 | reason=no_static_obstacle_in_range | cache_reason=no_cache
1786872515.373 [STATIC_AVOID] obs_id=- obs_dist=-m obs_s=- ego_s=8.82 side=- | left_clearance=- right_clearance=- candidate_valid=false rung=- | cache_used=false path_age=- path_points=0 planning_time_ms=0.2 | reason=no_static_obstacle_in_range | cache_reason=no_cache
1786872515.875 [STATIC_AVOID] obs_id=- obs_dist=-m obs_s=- ego_s=10.53 side=- | left_clearance=- right_clearance=- candidate_valid=false rung=- | cache_used=false path_age=- path_points=0 planning_time_ms=0.1 | reason=no_static_obstacle_in_range | cache_reason=no_cache
1786872516.392 [STATIC_AVOID] obs_id=- obs_dist=-m obs_s=- ego_s=11.49 side=- | left_clearance=- right_clearance=- candidate_valid=false rung=- | cache_used=false path_age=- path_points=0 planning_time_ms=0.1 | reason=no_static_obstacle_in_range | cache_reason=no_cache
1786872516.924 [STATIC_AVOID] obs_id=- obs_dist=-m obs_s=- ego_s=13.05 side=- | left_clearance=- right_clearance=- candidate_valid=false rung=- | cache_used=false path_age=- path_points=0 planning_time_ms=0.1 | reason=no_static_obstacle_in_range | cache_reason=no_cache
1786872517.427 [STATIC_AVOID] obs_id=- obs_dist=-m obs_s=- ego_s=14.74 side=- | left_clearance=- right_clearance=- candidate_valid=false rung=- | cache_used=false path_age=- path_points=0 planning_time_ms=0.1 | reason=no_static_obstacle_in_range | cache_reason=no_cache
1786872517.968 [STATIC_AVOID] obs_id=- obs_dist=-m obs_s=- ego_s=16.17 side=- | left_clearance=- right_clearance=- candidate_valid=false rung=- | cache_used=false path_age=- path_points=0 planning_time_ms=0.1 | reason=no_static_obstacle_in_range | cache_reason=no_cache
1786872518.526 [STATIC_AVOID] obs_id=- obs_dist=-m obs_s=- ego_s=17.52 side=- | left_clearance=- right_clearance=- candidate_valid=false rung=- | cache_used=false path_age=- path_points=0 planning_time_ms=0.1 | reason=no_static_obstacle_in_range | cache_reason=no_cache
1786872519.076 [STATIC_AVOID] obs_id=- obs_dist=-m obs_s=- ego_s=19.55 side=- | left_clearance=- right_clearance=- candidate_valid=false rung=- | cache_used=false path_age=- path_points=0 planning_time_ms=0.1 | reason=no_static_obstacle_in_range | cache_reason=no_cache
1786872519.618 [STATIC_AVOID] obs_id=- obs_dist=-m obs_s=- ego_s=21.74 side=- | left_clearance=- right_clearance=- candidate_valid=false rung=- | cache_used=false path_age=- path_points=0 planning_time_ms=0.1 | reason=no_static_obstacle_in_range | cache_reason=no_cache
1786872520.184 [STATIC_AVOID] obs_id=14 obs_dist=4.92m obs_s=29.14 ego_s=24.21 side=RIGHT | left_clearance=-0.14 right_clearance=0.31 candidate_valid=true rung=0 | cache_used=false path_age=0.000 path_points=128 planning_time_ms=8.5
1786872520.697 [STATIC_AVOID] obs_id=14 obs_dist=2.66m obs_s=29.16 ego_s=26.50 side=RIGHT | left_clearance=-0.15 right_clearance=0.33 candidate_valid=true rung=0 | cache_used=false path_age=0.000 path_points=97 planning_time_ms=11.9
1786872521.235 [STATIC_AVOID] obs_id=14 obs_dist=1.46m obs_s=29.21 ego_s=27.75 side=RIGHT | left_clearance=-0.19 right_clearance=0.43 candidate_valid=true rung=0 | cache_used=false path_age=0.000 path_points=81 planning_time_ms=11.4
1786872521.825 [STATIC_AVOID] obs_id=- obs_dist=-m obs_s=- ego_s=28.22 side=- | left_clearance=- right_clearance=- candidate_valid=false rung=- | cache_used=false path_age=- path_points=0 planning_time_ms=0.2 | reason=no_static_obstacle_in_range | cache_reason=obstacle_gone
1786872522.373 [STATIC_AVOID] obs_id=- obs_dist=-m obs_s=- ego_s=28.70 side=- | left_clearance=- right_clearance=- candidate_valid=false rung=- | cache_used=false path_age=- path_points=0 planning_time_ms=0.1 | reason=no_static_obstacle_in_range | cache_reason=no_cache
1786872522.890 [STATIC_AVOID] obs_id=- obs_dist=-m obs_s=- ego_s=28.70 side=- | left_clearance=- right_clearance=- candidate_valid=false rung=- | cache_used=false path_age=- path_points=0 planning_time_ms=0.1 | reason=no_static_obstacle_in_range | cache_reason=no_cache
1786872523.425 [STATIC_AVOID] obs_id=- obs_dist=-m obs_s=- ego_s=28.68 side=- | left_clearance=- right_clearance=- candidate_valid=false rung=- | cache_used=false path_age=- path_points=0 planning_time_ms=0.1 | reason=no_static_obstacle_in_range | cache_reason=no_cache
1786872523.928 [STATIC_AVOID] obs_id=- obs_dist=-m obs_s=- ego_s=28.16 side=- | left_clearance=- right_clearance=- candidate_valid=false rung=- | cache_used=false path_age=- path_points=0 planning_time_ms=0.1 | reason=no_static_obstacle_in_range | cache_reason=no_cache
1786872524.470 [STATIC_AVOID] obs_id=- obs_dist=-m obs_s=- ego_s=27.85 side=- | left_clearance=- right_clearance=- candidate_valid=false rung=- | cache_used=false path_age=- path_points=0 planning_time_ms=0.1 | reason=no_static_obstacle_in_range | cache_reason=no_cache
1786872525.026 [STATIC_AVOID] obs_id=- obs_dist=-m obs_s=- ego_s=28.35 side=- | left_clearance=- right_clearance=- candidate_valid=false rung=- | cache_used=false path_age=- path_points=0 planning_time_ms=0.8 | reason=no_static_obstacle_in_range | cache_reason=no_cache
1786872525.580 [STATIC_AVOID] obs_id=- obs_dist=-m obs_s=- ego_s=29.57 side=- | left_clearance=- right_clearance=- candidate_valid=false rung=- | cache_used=false path_age=- path_points=0 planning_time_ms=0.1 | reason=no_static_obstacle_in_range | cache_reason=no_cache
1786872526.118 [STATIC_AVOID] obs_id=- obs_dist=-m obs_s=- ego_s=31.22 side=- | left_clearance=- right_clearance=- candidate_valid=false rung=- | cache_used=false path_age=- path_points=0 planning_time_ms=0.1 | reason=no_static_obstacle_in_range | cache_reason=no_cache
1786872526.625 [STATIC_AVOID] obs_id=- obs_dist=-m obs_s=- ego_s=33.22 side=- | left_clearance=- right_clearance=- candidate_valid=false rung=- | cache_used=false path_age=- path_points=0 planning_time_ms=0.1 | reason=no_static_obstacle_in_range | cache_reason=no_cache
1786872527.172 [STATIC_AVOID] obs_id=- obs_dist=-m obs_s=- ego_s=0.61 side=- | left_clearance=- right_clearance=- candidate_valid=false rung=- | cache_used=false path_age=- path_points=0 planning_time_ms=0.1 | reason=no_static_obstacle_in_range | cache_reason=no_cache
1786872527.677 [STATIC_AVOID] obs_id=- obs_dist=-m obs_s=- ego_s=2.70 side=- | left_clearance=- right_clearance=- candidate_valid=false rung=- | cache_used=false path_age=- path_points=0 planning_time_ms=0.1 | reason=no_static_obstacle_in_range | cache_reason=no_cache
1786872528.178 [STATIC_AVOID] obs_id=- obs_dist=-m obs_s=- ego_s=4.86 side=- | left_clearance=- right_clearance=- candidate_valid=false rung=- | cache_used=false path_age=- path_points=0 planning_time_ms=0.1 | reason=no_static_obstacle_in_range | cache_reason=no_cache
1786872528.699 [STATIC_AVOID] obs_id=- obs_dist=-m obs_s=- ego_s=7.38 side=- | left_clearance=- right_clearance=- candidate_valid=false rung=- | cache_used=false path_age=- path_points=0 planning_time_ms=0.1 | reason=no_static_obstacle_in_range | cache_reason=no_cache
1786872529.221 [STATIC_AVOID] obs_id=- obs_dist=-m obs_s=- ego_s=9.57 side=- | left_clearance=- right_clearance=- candidate_valid=false rung=- | cache_used=false path_age=- path_points=0 planning_time_ms=0.1 | reason=no_static_obstacle_in_range | cache_reason=no_cache
1786872529.731 [STATIC_AVOID] obs_id=- obs_dist=-m obs_s=- ego_s=10.92 side=- | left_clearance=- right_clearance=- candidate_valid=false rung=- | cache_used=false path_age=- path_points=0 planning_time_ms=0.1 | reason=no_static_obstacle_in_range | cache_reason=no_cache
1786872530.231 [STATIC_AVOID] obs_id=- obs_dist=-m obs_s=- ego_s=12.02 side=- | left_clearance=- right_clearance=- candidate_valid=false rung=- | cache_used=false path_age=- path_points=0 planning_time_ms=0.1 | reason=no_static_obstacle_in_range | cache_reason=no_cache
1786872530.735 [STATIC_AVOID] obs_id=- obs_dist=-m obs_s=- ego_s=13.57 side=- | left_clearance=- right_clearance=- candidate_valid=false rung=- | cache_used=false path_age=- path_points=0 planning_time_ms=0.1 | reason=no_static_obstacle_in_range | cache_reason=no_cache
1786872531.274 [STATIC_AVOID] obs_id=- obs_dist=-m obs_s=- ego_s=15.44 side=- | left_clearance=- right_clearance=- candidate_valid=false rung=- | cache_used=false path_age=- path_points=0 planning_time_ms=0.1 | reason=no_static_obstacle_in_range | cache_reason=no_cache
1786872531.784 [STATIC_AVOID] obs_id=- obs_dist=-m obs_s=- ego_s=16.62 side=- | left_clearance=- right_clearance=- candidate_valid=false rung=- | cache_used=false path_age=- path_points=0 planning_time_ms=0.1 | reason=no_static_obstacle_in_range | cache_reason=no_cache
1786872532.330 [STATIC_AVOID] obs_id=- obs_dist=-m obs_s=- ego_s=18.25 side=- | left_clearance=- right_clearance=- candidate_valid=false rung=- | cache_used=false path_age=- path_points=0 planning_time_ms=0.1 | reason=no_static_obstacle_in_range | cache_reason=no_cache
1786872532.901 [STATIC_AVOID] obs_id=- obs_dist=-m obs_s=- ego_s=20.58 side=- | left_clearance=- right_clearance=- candidate_valid=false rung=- | cache_used=false path_age=- path_points=0 planning_time_ms=0.1 | reason=no_static_obstacle_in_range | cache_reason=no_cache
1786872533.425 [STATIC_AVOID] obs_id=- obs_dist=-m obs_s=- ego_s=23.50 side=- | left_clearance=- right_clearance=- candidate_valid=false rung=- | cache_used=false path_age=- path_points=0 planning_time_ms=0.1 | reason=no_static_obstacle_in_range | cache_reason=no_cache
1786872533.930 [STATIC_AVOID] obs_id=- obs_dist=-m obs_s=- ego_s=25.72 side=- | left_clearance=- right_clearance=- candidate_valid=false rung=- | cache_used=false path_age=- path_points=0 planning_time_ms=0.1 | reason=no_static_obstacle_in_range | cache_reason=no_cache
1786872534.482 [STATIC_AVOID] obs_id=15 obs_dist=1.31m obs_s=29.21 ego_s=27.90 side=RIGHT | left_clearance=-0.16 right_clearance=0.44 candidate_valid=false rung=- | cache_used=true path_age=0.065 path_points=84 planning_time_ms=13.8 | reason=obstacle_clearance
1786872535.058 [STATIC_AVOID] obs_id=15 obs_dist=0.62m obs_s=29.16 ego_s=28.54 side=RIGHT | left_clearance=-0.16 right_clearance=0.77 candidate_valid=false rung=- | cache_used=true path_age=0.228 path_points=81 planning_time_ms=4.0 | reason=obstacle_clearance
1786872535.577 [STATIC_AVOID] obs_id=- obs_dist=-m obs_s=- ego_s=29.11 side=- | left_clearance=- right_clearance=- candidate_valid=false rung=- | cache_used=false path_age=- path_points=0 planning_time_ms=0.1 | reason=no_static_obstacle_in_range | cache_reason=no_cache
1786872536.078 [STATIC_AVOID] obs_id=- obs_dist=-m obs_s=- ego_s=29.31 side=- | left_clearance=- right_clearance=- candidate_valid=false rung=- | cache_used=false path_age=- path_points=0 planning_time_ms=0.1 | reason=no_static_obstacle_in_range | cache_reason=no_cache
1786872536.627 [STATIC_AVOID] obs_id=- obs_dist=-m obs_s=- ego_s=29.40 side=- | left_clearance=- right_clearance=- candidate_valid=false rung=- | cache_used=false path_age=- path_points=0 planning_time_ms=0.1 | reason=no_static_obstacle_in_range | cache_reason=no_cache
1786872537.167 [STATIC_AVOID] obs_id=- obs_dist=-m obs_s=- ego_s=29.42 side=- | left_clearance=- right_clearance=- candidate_valid=false rung=- | cache_used=false path_age=- path_points=0 planning_time_ms=0.1 | reason=no_static_obstacle_in_range | cache_reason=no_cache
1786872537.671 [STATIC_AVOID] obs_id=- obs_dist=-m obs_s=- ego_s=29.44 side=- | left_clearance=- right_clearance=- candidate_valid=false rung=- | cache_used=false path_age=- path_points=0 planning_time_ms=0.1 | reason=no_static_obstacle_in_range | cache_reason=no_cache
1786872538.177 [STATIC_AVOID] obs_id=- obs_dist=-m obs_s=- ego_s=29.41 side=- | left_clearance=- right_clearance=- candidate_valid=false rung=- | cache_used=false path_age=- path_points=0 planning_time_ms=0.1 | reason=no_static_obstacle_in_range | cache_reason=no_cache
1786872538.728 [STATIC_AVOID] obs_id=- obs_dist=-m obs_s=- ego_s=29.68 side=- | left_clearance=- right_clearance=- candidate_valid=false rung=- | cache_used=false path_age=- path_points=0 planning_time_ms=0.1 | reason=no_static_obstacle_in_range | cache_reason=no_cache
1786872539.276 [STATIC_AVOID] obs_id=- obs_dist=-m obs_s=- ego_s=28.91 side=- | left_clearance=- right_clearance=- candidate_valid=false rung=- | cache_used=false path_age=- path_points=0 planning_time_ms=0.1 | reason=no_static_obstacle_in_range | cache_reason=no_cache
1786872539.779 [STATIC_AVOID] obs_id=- obs_dist=-m obs_s=- ego_s=28.73 side=- | left_clearance=- right_clearance=- candidate_valid=false rung=- | cache_used=false path_age=- path_points=0 planning_time_ms=0.2 | reason=no_static_obstacle_in_range | cache_reason=no_cache
1786872540.325 [STATIC_AVOID] obs_id=- obs_dist=-m obs_s=- ego_s=28.73 side=- | left_clearance=- right_clearance=- candidate_valid=false rung=- | cache_used=false path_age=- path_points=0 planning_time_ms=0.1 | reason=no_static_obstacle_in_range | cache_reason=no_cache
1786872540.881 [STATIC_AVOID] obs_id=- obs_dist=-m obs_s=- ego_s=28.73 side=- | left_clearance=- right_clearance=- candidate_valid=false rung=- | cache_used=false path_age=- path_points=0 planning_time_ms=0.1 | reason=no_static_obstacle_in_range | cache_reason=no_cache
1786872541.418 [STATIC_AVOID] obs_id=- obs_dist=-m obs_s=- ego_s=28.73 side=- | left_clearance=- right_clearance=- candidate_valid=false rung=- | cache_used=false path_age=- path_points=0 planning_time_ms=0.2 | reason=no_static_obstacle_in_range | cache_reason=no_cache
1786872541.967 [STATIC_AVOID] obs_id=- obs_dist=-m obs_s=- ego_s=28.73 side=- | left_clearance=- right_clearance=- candidate_valid=false rung=- | cache_used=false path_age=- path_points=0 planning_time_ms=0.1 | reason=no_static_obstacle_in_range | cache_reason=no_cache
1786872542.518 [STATIC_AVOID] obs_id=- obs_dist=-m obs_s=- ego_s=28.73 side=- | left_clearance=- right_clearance=- candidate_valid=false rung=- | cache_used=false path_age=- path_points=0 planning_time_ms=0.1 | reason=no_static_obstacle_in_range | cache_reason=no_cache
1786872543.067 [STATIC_AVOID] obs_id=- obs_dist=-m obs_s=- ego_s=28.73 side=- | left_clearance=- right_clearance=- candidate_valid=false rung=- | cache_used=false path_age=- path_points=0 planning_time_ms=0.1 | reason=no_static_obstacle_in_range | cache_reason=no_cache
1786872543.568 [STATIC_AVOID] obs_id=- obs_dist=-m obs_s=- ego_s=28.73 side=- | left_clearance=- right_clearance=- candidate_valid=false rung=- | cache_used=false path_age=- path_points=0 planning_time_ms=0.1 | reason=no_static_obstacle_in_range | cache_reason=no_cache
1786872544.117 [STATIC_AVOID] obs_id=- obs_dist=-m obs_s=- ego_s=28.73 side=- | left_clearance=- right_clearance=- candidate_valid=false rung=- | cache_used=false path_age=- path_points=0 planning_time_ms=0.1 | reason=no_static_obstacle_in_range | cache_reason=no_cache
1786872544.617 [STATIC_AVOID] obs_id=- obs_dist=-m obs_s=- ego_s=28.73 side=- | left_clearance=- right_clearance=- candidate_valid=false rung=- | cache_used=false path_age=- path_points=0 planning_time_ms=0.1 | reason=no_static_obstacle_in_range | cache_reason=no_cache
1786872545.167 [STATIC_AVOID] obs_id=- obs_dist=-m obs_s=- ego_s=28.73 side=- | left_clearance=- right_clearance=- candidate_valid=false rung=- | cache_used=false path_age=- path_points=0 planning_time_ms=0.1 | reason=no_static_obstacle_in_range | cache_reason=no_cache
1786872545.717 [STATIC_AVOID] obs_id=- obs_dist=-m obs_s=- ego_s=28.73 side=- | left_clearance=- right_clearance=- candidate_valid=false rung=- | cache_used=false path_age=- path_points=0 planning_time_ms=0.1 | reason=no_static_obstacle_in_range | cache_reason=no_cache
1786872546.220 [STATIC_AVOID] obs_id=- obs_dist=-m obs_s=- ego_s=28.73 side=- | left_clearance=- right_clearance=- candidate_valid=false rung=- | cache_used=false path_age=- path_points=0 planning_time_ms=0.1 | reason=no_static_obstacle_in_range | cache_reason=no_cache
1786872546.732 [STATIC_AVOID] obs_id=- obs_dist=-m obs_s=- ego_s=28.73 side=- | left_clearance=- right_clearance=- candidate_valid=false rung=- | cache_used=false path_age=- path_points=0 planning_time_ms=0.1 | reason=no_static_obstacle_in_range | cache_reason=no_cache
1786872547.277 [STATIC_AVOID] obs_id=- obs_dist=-m obs_s=- ego_s=28.73 side=- | left_clearance=- right_clearance=- candidate_valid=false rung=- | cache_used=false path_age=- path_points=0 planning_time_ms=3.1 | reason=no_static_obstacle_in_range | cache_reason=no_cache
1786872547.818 [STATIC_AVOID] obs_id=- obs_dist=-m obs_s=- ego_s=28.73 side=- | left_clearance=- right_clearance=- candidate_valid=false rung=- | cache_used=false path_age=- path_points=0 planning_time_ms=0.1 | reason=no_static_obstacle_in_range | cache_reason=no_cache
1786872548.319 [STATIC_AVOID] obs_id=- obs_dist=-m obs_s=- ego_s=28.73 side=- | left_clearance=- right_clearance=- candidate_valid=false rung=- | cache_used=false path_age=- path_points=0 planning_time_ms=0.1 | reason=no_static_obstacle_in_range | cache_reason=no_cache
1786872548.875 [STATIC_AVOID] obs_id=- obs_dist=-m obs_s=- ego_s=28.73 side=- | left_clearance=- right_clearance=- candidate_valid=false rung=- | cache_used=false path_age=- path_points=0 planning_time_ms=0.1 | reason=no_static_obstacle_in_range | cache_reason=no_cache
1786872549.377 [STATIC_AVOID] obs_id=- obs_dist=-m obs_s=- ego_s=28.73 side=- | left_clearance=- right_clearance=- candidate_valid=false rung=- | cache_used=false path_age=- path_points=0 planning_time_ms=0.1 | reason=no_static_obstacle_in_range | cache_reason=no_cache
1786872549.880 [STATIC_AVOID] obs_id=- obs_dist=-m obs_s=- ego_s=28.73 side=- | left_clearance=- right_clearance=- candidate_valid=false rung=- | cache_used=false path_age=- path_points=0 planning_time_ms=0.1 | reason=no_static_obstacle_in_range | cache_reason=no_cache
1786872550.380 [STATIC_AVOID] obs_id=- obs_dist=-m obs_s=- ego_s=28.73 side=- | left_clearance=- right_clearance=- candidate_valid=false rung=- | cache_used=false path_age=- path_points=0 planning_time_ms=0.1 | reason=no_static_obstacle_in_range | cache_reason=no_cache
1786872550.887 [STATIC_AVOID] obs_id=- obs_dist=-m obs_s=- ego_s=28.73 side=- | left_clearance=- right_clearance=- candidate_valid=false rung=- | cache_used=false path_age=- path_points=0 planning_time_ms=0.1 | reason=no_static_obstacle_in_range | cache_reason=no_cache
1786872551.420 [STATIC_AVOID] obs_id=- obs_dist=-m obs_s=- ego_s=28.73 side=- | left_clearance=- right_clearance=- candidate_valid=false rung=- | cache_used=false path_age=- path_points=0 planning_time_ms=0.1 | reason=no_static_obstacle_in_range | cache_reason=no_cache
1786872551.926 [STATIC_AVOID] obs_id=- obs_dist=-m obs_s=- ego_s=28.73 side=- | left_clearance=- right_clearance=- candidate_valid=false rung=- | cache_used=false path_age=- path_points=0 planning_time_ms=0.1 | reason=no_static_obstacle_in_range | cache_reason=no_cache
1786872552.480 [STATIC_AVOID] obs_id=- obs_dist=-m obs_s=- ego_s=28.73 side=- | left_clearance=- right_clearance=- candidate_valid=false rung=- | cache_used=false path_age=- path_points=0 planning_time_ms=0.1 | reason=no_static_obstacle_in_range | cache_reason=no_cache
1786872553.023 [STATIC_AVOID] obs_id=- obs_dist=-m obs_s=- ego_s=28.73 side=- | left_clearance=- right_clearance=- candidate_valid=false rung=- | cache_used=false path_age=- path_points=0 planning_time_ms=0.1 | reason=no_static_obstacle_in_range | cache_reason=no_cache
1786872553.538 [STATIC_AVOID] obs_id=- obs_dist=-m obs_s=- ego_s=28.73 side=- | left_clearance=- right_clearance=- candidate_valid=false rung=- | cache_used=false path_age=- path_points=0 planning_time_ms=0.1 | reason=no_static_obstacle_in_range | cache_reason=no_cache
1786872554.067 [STATIC_AVOID] obs_id=- obs_dist=-m obs_s=- ego_s=28.73 side=- | left_clearance=- right_clearance=- candidate_valid=false rung=- | cache_used=false path_age=- path_points=0 planning_time_ms=0.1 | reason=no_static_obstacle_in_range | cache_reason=no_cache
1786872554.568 [STATIC_AVOID] obs_id=- obs_dist=-m obs_s=- ego_s=28.73 side=- | left_clearance=- right_clearance=- candidate_valid=false rung=- | cache_used=false path_age=- path_points=0 planning_time_ms=0.1 | reason=no_static_obstacle_in_range | cache_reason=no_cache
1786872555.069 [STATIC_AVOID] obs_id=- obs_dist=-m obs_s=- ego_s=28.73 side=- | left_clearance=- right_clearance=- candidate_valid=false rung=- | cache_used=false path_age=- path_points=0 planning_time_ms=0.2 | reason=no_static_obstacle_in_range | cache_reason=no_cache
1786872555.569 [STATIC_AVOID] obs_id=- obs_dist=-m obs_s=- ego_s=28.73 side=- | left_clearance=- right_clearance=- candidate_valid=false rung=- | cache_used=false path_age=- path_points=0 planning_time_ms=0.2 | reason=no_static_obstacle_in_range | cache_reason=no_cache
1786872556.118 [STATIC_AVOID] obs_id=- obs_dist=-m obs_s=- ego_s=28.73 side=- | left_clearance=- right_clearance=- candidate_valid=false rung=- | cache_used=false path_age=- path_points=0 planning_time_ms=1.0 | reason=no_static_obstacle_in_range | cache_reason=no_cache
1786872556.667 [STATIC_AVOID] obs_id=- obs_dist=-m obs_s=- ego_s=28.73 side=- | left_clearance=- right_clearance=- candidate_valid=false rung=- | cache_used=false path_age=- path_points=0 planning_time_ms=0.1 | reason=no_static_obstacle_in_range | cache_reason=no_cache
1786872557.174 [STATIC_AVOID] obs_id=- obs_dist=-m obs_s=- ego_s=28.73 side=- | left_clearance=- right_clearance=- candidate_valid=false rung=- | cache_used=false path_age=- path_points=0 planning_time_ms=0.1 | reason=no_static_obstacle_in_range | cache_reason=no_cache
1786872557.717 [STATIC_AVOID] obs_id=- obs_dist=-m obs_s=- ego_s=28.73 side=- | left_clearance=- right_clearance=- candidate_valid=false rung=- | cache_used=false path_age=- path_points=0 planning_time_ms=0.1 | reason=no_static_obstacle_in_range | cache_reason=no_cache
