# static_avoidance_node debug log started 20260822_044151
1787341316.060 [STATIC_AVOID] obs_id=- obs_dist=-m obs_s=- ego_s=24.41 side=- | left_clearance=- right_clearance=- candidate_valid=false rung=- pre_dist=-m | cache_used=false path_age=- path_points=0 planning_time_ms=0.2 | reason=no_static_obstacle_in_range | cache_reason=no_cache
1787341316.659 [STATIC_AVOID] obs_id=- obs_dist=-m obs_s=- ego_s=24.47 side=- | left_clearance=- right_clearance=- candidate_valid=false rung=- pre_dist=-m | cache_used=false path_age=- path_points=0 planning_time_ms=0.1 | reason=no_static_obstacle_in_range | cache_reason=no_cache
1787341317.259 [STATIC_AVOID] obs_id=- obs_dist=-m obs_s=- ego_s=24.41 side=- | left_clearance=- right_clearance=- candidate_valid=false rung=- pre_dist=-m | cache_used=false path_age=- path_points=0 planning_time_ms=0.1 | reason=no_static_obstacle_in_range | cache_reason=no_cache
1787341317.760 [STATIC_AVOID] obs_id=- obs_dist=-m obs_s=- ego_s=27.63 side=- | left_clearance=- right_clearance=- candidate_valid=false rung=- pre_dist=-m | cache_used=false path_age=- path_points=0 planning_time_ms=0.1 | reason=no_static_obstacle_in_range | cache_reason=no_cache
1787341318.262 [STATIC_AVOID] obs_id=- obs_dist=-m obs_s=- ego_s=27.66 side=- | left_clearance=- right_clearance=- candidate_valid=false rung=- pre_dist=-m | cache_used=false path_age=- path_points=0 planning_time_ms=0.1 | reason=no_static_obstacle_in_range | cache_reason=no_cache
1787341318.860 [STATIC_AVOID] obs_id=- obs_dist=-m obs_s=- ego_s=27.66 side=- | left_clearance=- right_clearance=- candidate_valid=false rung=- pre_dist=-m | cache_used=false path_age=- path_points=0 planning_time_ms=0.1 | reason=no_static_obstacle_in_range | cache_reason=no_cache
1787341319.458 [STATIC_AVOID] obs_id=- obs_dist=-m obs_s=- ego_s=27.67 side=- | left_clearance=- right_clearance=- candidate_valid=false rung=- pre_dist=-m | cache_used=false path_age=- path_points=0 planning_time_ms=0.1 | reason=no_static_obstacle_in_range | cache_reason=no_cache
1787341319.959 [STATIC_AVOID] obs_id=- obs_dist=-m obs_s=- ego_s=27.67 side=- | left_clearance=- right_clearance=- candidate_valid=false rung=- pre_dist=-m | cache_used=false path_age=- path_points=0 planning_time_ms=0.1 | reason=no_static_obstacle_in_range | cache_reason=no_cache
1787341320.473 [STATIC_AVOID] obs_id=- obs_dist=-m obs_s=- ego_s=27.71 side=- | left_clearance=- right_clearance=- candidate_valid=false rung=- pre_dist=-m | cache_used=false path_age=- path_points=0 planning_time_ms=0.1 | reason=no_static_obstacle_in_range | cache_reason=no_cache
1787341321.067 [STATIC_AVOID] obs_id=- obs_dist=-m obs_s=- ego_s=27.72 side=- | left_clearance=- right_clearance=- candidate_valid=false rung=- pre_dist=-m | cache_used=false path_age=- path_points=0 planning_time_ms=0.1 | reason=no_static_obstacle_in_range | cache_reason=no_cache
1787341321.659 [STATIC_AVOID] obs_id=- obs_dist=-m obs_s=- ego_s=27.76 side=- | left_clearance=- right_clearance=- candidate_valid=false rung=- pre_dist=-m | cache_used=false path_age=- path_points=0 planning_time_ms=0.3 | reason=no_static_obstacle_in_range | cache_reason=no_cache
1787341322.166 [STATIC_AVOID] obs_id=- obs_dist=-m obs_s=- ego_s=27.72 side=- | left_clearance=- right_clearance=- candidate_valid=false rung=- pre_dist=-m | cache_used=false path_age=- path_points=0 planning_time_ms=0.1 | reason=no_static_obstacle_in_range | cache_reason=no_cache
1787341322.759 [STATIC_AVOID] obs_id=- obs_dist=-m obs_s=- ego_s=27.77 side=- | left_clearance=- right_clearance=- candidate_valid=false rung=- pre_dist=-m | cache_used=false path_age=- path_points=0 planning_time_ms=0.2 | reason=no_static_obstacle_in_range | cache_reason=no_cache
1787341323.263 [STATIC_AVOID] obs_id=- obs_dist=-m obs_s=- ego_s=27.73 side=- | left_clearance=- right_clearance=- candidate_valid=false rung=- pre_dist=-m | cache_used=false path_age=- path_points=0 planning_time_ms=0.1 | reason=no_static_obstacle_in_range | cache_reason=no_cache
1787341323.877 [STATIC_AVOID] obs_id=- obs_dist=-m obs_s=- ego_s=27.76 side=- | left_clearance=- right_clearance=- candidate_valid=false rung=- pre_dist=-m | cache_used=false path_age=- path_points=0 planning_time_ms=0.1 | reason=no_static_obstacle_in_range | cache_reason=no_cache
1787341324.467 [STATIC_AVOID] obs_id=- obs_dist=-m obs_s=- ego_s=27.73 side=- | left_clearance=- right_clearance=- candidate_valid=false rung=- pre_dist=-m | cache_used=false path_age=- path_points=0 planning_time_ms=0.1 | reason=no_static_obstacle_in_range | cache_reason=no_cache
1787341325.060 [STATIC_AVOID] obs_id=- obs_dist=-m obs_s=- ego_s=27.75 side=- | left_clearance=- right_clearance=- candidate_valid=false rung=- pre_dist=-m | cache_used=false path_age=- path_points=0 planning_time_ms=0.1 | reason=no_static_obstacle_in_range | cache_reason=no_cache
1787341325.565 [STATIC_AVOID] obs_id=- obs_dist=-m obs_s=- ego_s=27.76 side=- | left_clearance=- right_clearance=- candidate_valid=false rung=- pre_dist=-m | cache_used=false path_age=- path_points=0 planning_time_ms=0.1 | reason=no_static_obstacle_in_range | cache_reason=no_cache
1787341326.159 [STATIC_AVOID] obs_id=- obs_dist=-m obs_s=- ego_s=27.75 side=- | left_clearance=- right_clearance=- candidate_valid=false rung=- pre_dist=-m | cache_used=false path_age=- path_points=0 planning_time_ms=0.1 | reason=no_static_obstacle_in_range | cache_reason=no_cache
1787341326.659 [STATIC_AVOID] obs_id=- obs_dist=-m obs_s=- ego_s=27.72 side=- | left_clearance=- right_clearance=- candidate_valid=false rung=- pre_dist=-m | cache_used=false path_age=- path_points=0 planning_time_ms=0.1 | reason=no_static_obstacle_in_range | cache_reason=no_cache
1787341327.169 [STATIC_AVOID] obs_id=- obs_dist=-m obs_s=- ego_s=28.00 side=- | left_clearance=- right_clearance=- candidate_valid=false rung=- pre_dist=-m | cache_used=false path_age=- path_points=0 planning_time_ms=0.1 | reason=no_static_obstacle_in_range | cache_reason=no_cache
1787341327.761 [STATIC_AVOID] obs_id=- obs_dist=-m obs_s=- ego_s=29.12 side=- | left_clearance=- right_clearance=- candidate_valid=false rung=- pre_dist=-m | cache_used=false path_age=- path_points=0 planning_time_ms=0.1 | reason=no_static_obstacle_in_range | cache_reason=no_cache
1787341328.383 [STATIC_AVOID] obs_id=- obs_dist=-m obs_s=- ego_s=30.81 side=- | left_clearance=- right_clearance=- candidate_valid=false rung=- pre_dist=-m | cache_used=false path_age=- path_points=0 planning_time_ms=0.2 | reason=no_static_obstacle_in_range | cache_reason=no_cache
1787341328.970 [STATIC_AVOID] obs_id=- obs_dist=-m obs_s=- ego_s=32.07 side=- | left_clearance=- right_clearance=- candidate_valid=false rung=- pre_dist=-m | cache_used=false path_age=- path_points=0 planning_time_ms=0.1 | reason=no_static_obstacle_in_range | cache_reason=no_cache
1787341329.587 [STATIC_AVOID] obs_id=13 obs_dist=7.89m obs_s=1.74 ego_s=33.37 side=- | left_clearance=0.60 right_clearance=-0.05 candidate_valid=false rung=- pre_dist=2.93m | cache_used=false path_age=- path_points=0 planning_time_ms=16.5 | reason=obstacle_clearance | cache_reason=no_cache
1787341330.162 [STATIC_AVOID] obs_id=13 obs_dist=6.90m obs_s=1.73 ego_s=34.34 side=LEFT | left_clearance=0.66 right_clearance=-0.03 candidate_valid=true rung=0 pre_dist=2.92m | cache_used=false path_age=0.000 path_points=125 planning_time_ms=4.1
1787341330.677 [STATIC_AVOID] obs_id=13 obs_dist=5.58m obs_s=1.68 ego_s=35.62 side=LEFT | left_clearance=0.57 right_clearance=-0.21 candidate_valid=true rung=2 pre_dist=2.87m | cache_used=false path_age=0.000 path_points=127 planning_time_ms=18.4
1787341331.262 [STATIC_AVOID] obs_id=13 obs_dist=3.52m obs_s=1.71 ego_s=37.72 side=LEFT | left_clearance=0.53 right_clearance=-0.23 candidate_valid=true rung=0 pre_dist=2.90m | cache_used=false path_age=0.000 path_points=105 planning_time_ms=3.8
1787341331.770 [STATIC_AVOID] obs_id=12 obs_dist=-0.69m obs_s=38.22 ego_s=38.91 side=LEFT | left_clearance=0.28 right_clearance=-0.21 candidate_valid=true rung=0 pre_dist=2.00m | cache_used=false path_age=0.000 path_points=101 planning_time_ms=9.8
1787341332.286 [STATIC_AVOID] obs_id=13 obs_dist=1.67m obs_s=1.66 ego_s=39.51 side=LEFT | left_clearance=0.53 right_clearance=-0.21 candidate_valid=true rung=2 pre_dist=2.00m | cache_used=false path_age=0.000 path_points=101 planning_time_ms=18.0
1787341332.867 [STATIC_AVOID] obs_id=13 obs_dist=-0.31m obs_s=1.60 ego_s=1.91 side=LEFT | left_clearance=0.64 right_clearance=-0.10 candidate_valid=true rung=0 pre_dist=2.73m | cache_used=false path_age=0.000 path_points=101 planning_time_ms=6.1
1787341333.464 [STATIC_AVOID] obs_id=- obs_dist=-m obs_s=- ego_s=3.84 side=- | left_clearance=- right_clearance=- candidate_valid=false rung=- pre_dist=-m | cache_used=false path_age=- path_points=0 planning_time_ms=0.1 | reason=no_static_obstacle_in_range | cache_reason=no_cache
1787341333.968 [STATIC_AVOID] obs_id=- obs_dist=-m obs_s=- ego_s=5.71 side=- | left_clearance=- right_clearance=- candidate_valid=false rung=- pre_dist=-m | cache_used=false path_age=- path_points=0 planning_time_ms=1.9 | reason=no_static_obstacle_in_range | cache_reason=no_cache
1787341334.559 [STATIC_AVOID] obs_id=- obs_dist=-m obs_s=- ego_s=7.81 side=- | left_clearance=- right_clearance=- candidate_valid=false rung=- pre_dist=-m | cache_used=false path_age=- path_points=0 planning_time_ms=0.2 | reason=no_static_obstacle_in_range | cache_reason=no_cache
1787341335.065 [STATIC_AVOID] obs_id=- obs_dist=-m obs_s=- ego_s=9.73 side=- | left_clearance=- right_clearance=- candidate_valid=false rung=- pre_dist=-m | cache_used=false path_age=- path_points=0 planning_time_ms=0.1 | reason=no_static_obstacle_in_range | cache_reason=no_cache
1787341335.659 [STATIC_AVOID] obs_id=- obs_dist=-m obs_s=- ego_s=11.96 side=- | left_clearance=- right_clearance=- candidate_valid=false rung=- pre_dist=-m | cache_used=false path_age=- path_points=0 planning_time_ms=0.1 | reason=no_static_obstacle_in_range | cache_reason=no_cache
1787341336.159 [STATIC_AVOID] obs_id=- obs_dist=-m obs_s=- ego_s=13.80 side=- | left_clearance=- right_clearance=- candidate_valid=false rung=- pre_dist=-m | cache_used=false path_age=- path_points=0 planning_time_ms=0.1 | reason=no_static_obstacle_in_range | cache_reason=no_cache
1787341336.758 [STATIC_AVOID] obs_id=- obs_dist=-m obs_s=- ego_s=15.84 side=- | left_clearance=- right_clearance=- candidate_valid=false rung=- pre_dist=-m | cache_used=false path_age=- path_points=0 planning_time_ms=0.2 | reason=no_static_obstacle_in_range | cache_reason=no_cache
1787341337.359 [STATIC_AVOID] obs_id=- obs_dist=-m obs_s=- ego_s=17.30 side=- | left_clearance=- right_clearance=- candidate_valid=false rung=- pre_dist=-m | cache_used=false path_age=- path_points=0 planning_time_ms=0.1 | reason=no_static_obstacle_in_range | cache_reason=no_cache
1787341337.966 [STATIC_AVOID] obs_id=- obs_dist=-m obs_s=- ego_s=18.79 side=- | left_clearance=- right_clearance=- candidate_valid=false rung=- pre_dist=-m | cache_used=false path_age=- path_points=0 planning_time_ms=0.1 | reason=no_static_obstacle_in_range | cache_reason=no_cache
1787341338.567 [STATIC_AVOID] obs_id=22 obs_dist=4.48m obs_s=24.94 ego_s=20.46 side=LEFT | left_clearance=0.03 right_clearance=0.10 candidate_valid=false rung=- pre_dist=4.22m | cache_used=true path_age=0.107 path_points=113 planning_time_ms=6.6 | reason=track_too_narrow
1787341339.067 [STATIC_AVOID] obs_id=22 obs_dist=3.16m obs_s=24.93 ego_s=21.77 side=LEFT | left_clearance=0.05 right_clearance=0.11 candidate_valid=false rung=- pre_dist=4.22m | cache_used=true path_age=0.207 path_points=102 planning_time_ms=7.1 | reason=track_too_narrow
1787341339.672 [STATIC_AVOID] obs_id=22 obs_dist=1.59m obs_s=24.93 ego_s=23.34 side=LEFT | left_clearance=0.05 right_clearance=0.11 candidate_valid=false rung=- pre_dist=4.22m | cache_used=false path_age=- path_points=0 planning_time_ms=11.9 | reason=track_too_narrow | cache_reason=cache_expired
1787341340.174 [STATIC_AVOID] obs_id=26 obs_dist=-0.32m obs_s=24.23 ego_s=24.56 side=LEFT | left_clearance=0.19 right_clearance=-0.23 candidate_valid=true rung=0 pre_dist=2.73m | cache_used=false path_age=0.000 path_points=101 planning_time_ms=7.9
1787341340.759 [STATIC_AVOID] obs_id=- obs_dist=-m obs_s=- ego_s=26.12 side=- | left_clearance=- right_clearance=- candidate_valid=false rung=- pre_dist=-m | cache_used=false path_age=- path_points=0 planning_time_ms=0.2 | reason=no_static_obstacle_in_range | cache_reason=obstacle_gone
1787341341.259 [STATIC_AVOID] obs_id=- obs_dist=-m obs_s=- ego_s=27.13 side=- | left_clearance=- right_clearance=- candidate_valid=false rung=- pre_dist=-m | cache_used=false path_age=- path_points=0 planning_time_ms=0.1 | reason=no_static_obstacle_in_range | cache_reason=no_cache
1787341341.763 [STATIC_AVOID] obs_id=- obs_dist=-m obs_s=- ego_s=28.71 side=- | left_clearance=- right_clearance=- candidate_valid=false rung=- pre_dist=-m | cache_used=false path_age=- path_points=0 planning_time_ms=0.1 | reason=no_static_obstacle_in_range | cache_reason=no_cache
1787341342.263 [STATIC_AVOID] obs_id=- obs_dist=-m obs_s=- ego_s=30.29 side=- | left_clearance=- right_clearance=- candidate_valid=false rung=- pre_dist=-m | cache_used=false path_age=- path_points=0 planning_time_ms=0.1 | reason=no_static_obstacle_in_range | cache_reason=no_cache
1787341342.859 [STATIC_AVOID] obs_id=- obs_dist=-m obs_s=- ego_s=31.75 side=- | left_clearance=- right_clearance=- candidate_valid=false rung=- pre_dist=-m | cache_used=false path_age=- path_points=0 planning_time_ms=0.1 | reason=no_static_obstacle_in_range | cache_reason=no_cache
1787341343.459 [STATIC_AVOID] obs_id=- obs_dist=-m obs_s=- ego_s=33.28 side=- | left_clearance=- right_clearance=- candidate_valid=false rung=- pre_dist=-m | cache_used=false path_age=- path_points=0 planning_time_ms=0.1 | reason=no_static_obstacle_in_range | cache_reason=no_cache
1787341343.981 [STATIC_AVOID] obs_id=34 obs_dist=6.85m obs_s=1.85 ego_s=34.51 side=LEFT | left_clearance=0.38 right_clearance=0.23 candidate_valid=false rung=- pre_dist=4.02m | cache_used=true path_age=0.111 path_points=130 planning_time_ms=10.1 | reason=obstacle_clearance
1787341344.567 [STATIC_AVOID] obs_id=34 obs_dist=5.18m obs_s=1.93 ego_s=36.27 side=LEFT | left_clearance=0.47 right_clearance=0.14 candidate_valid=false rung=- pre_dist=4.10m | cache_used=true path_age=0.204 path_points=119 planning_time_ms=3.6 | reason=obstacle_clearance
1787341345.171 [STATIC_AVOID] obs_id=34 obs_dist=3.41m obs_s=1.93 ego_s=38.04 side=LEFT | left_clearance=0.44 right_clearance=0.00 candidate_valid=true rung=0 pre_dist=4.10m | cache_used=false path_age=0.000 path_points=102 planning_time_ms=5.8
1787341345.766 [STATIC_AVOID] obs_id=34 obs_dist=2.15m obs_s=1.87 ego_s=39.23 side=LEFT | left_clearance=0.39 right_clearance=-0.09 candidate_valid=false rung=- pre_dist=4.03m | cache_used=false path_age=- path_points=0 planning_time_ms=3.8 | reason=obstacle_clearance | cache_reason=no_cache
1787341346.365 [STATIC_AVOID] obs_id=34 obs_dist=1.19m obs_s=1.81 ego_s=0.63 side=LEFT | left_clearance=0.46 right_clearance=-0.09 candidate_valid=true rung=0 pre_dist=3.98m | cache_used=false path_age=0.000 path_points=101 planning_time_ms=5.4
1787341346.965 [STATIC_AVOID] obs_id=34 obs_dist=-0.16m obs_s=1.80 ego_s=1.95 side=LEFT | left_clearance=0.60 right_clearance=0.00 candidate_valid=true rung=0 pre_dist=4.62m | cache_used=false path_age=0.000 path_points=101 planning_time_ms=6.5
1787341347.559 [STATIC_AVOID] obs_id=- obs_dist=-m obs_s=- ego_s=3.00 side=- | left_clearance=- right_clearance=- candidate_valid=false rung=- pre_dist=-m | cache_used=false path_age=- path_points=0 planning_time_ms=0.1 | reason=no_static_obstacle_in_range | cache_reason=no_cache
1787341348.070 [STATIC_AVOID] obs_id=- obs_dist=-m obs_s=- ego_s=4.52 side=- | left_clearance=- right_clearance=- candidate_valid=false rung=- pre_dist=-m | cache_used=false path_age=- path_points=0 planning_time_ms=0.1 | reason=no_static_obstacle_in_range | cache_reason=no_cache
1787341348.658 [STATIC_AVOID] obs_id=- obs_dist=-m obs_s=- ego_s=6.61 side=- | left_clearance=- right_clearance=- candidate_valid=false rung=- pre_dist=-m | cache_used=false path_age=- path_points=0 planning_time_ms=0.2 | reason=no_static_obstacle_in_range | cache_reason=no_cache
1787341349.158 [STATIC_AVOID] obs_id=- obs_dist=-m obs_s=- ego_s=8.37 side=- | left_clearance=- right_clearance=- candidate_valid=false rung=- pre_dist=-m | cache_used=false path_age=- path_points=0 planning_time_ms=0.2 | reason=no_static_obstacle_in_range | cache_reason=no_cache
1787341349.672 [STATIC_AVOID] obs_id=- obs_dist=-m obs_s=- ego_s=10.25 side=- | left_clearance=- right_clearance=- candidate_valid=false rung=- pre_dist=-m | cache_used=false path_age=- path_points=0 planning_time_ms=0.1 | reason=no_static_obstacle_in_range | cache_reason=no_cache
1787341350.266 [STATIC_AVOID] obs_id=- obs_dist=-m obs_s=- ego_s=12.43 side=- | left_clearance=- right_clearance=- candidate_valid=false rung=- pre_dist=-m | cache_used=false path_age=- path_points=0 planning_time_ms=0.1 | reason=no_static_obstacle_in_range | cache_reason=no_cache
1787341350.861 [STATIC_AVOID] obs_id=- obs_dist=-m obs_s=- ego_s=14.59 side=- | left_clearance=- right_clearance=- candidate_valid=false rung=- pre_dist=-m | cache_used=false path_age=- path_points=0 planning_time_ms=0.1 | reason=no_static_obstacle_in_range | cache_reason=no_cache
1787341351.471 [STATIC_AVOID] obs_id=- obs_dist=-m obs_s=- ego_s=16.41 side=- | left_clearance=- right_clearance=- candidate_valid=false rung=- pre_dist=-m | cache_used=false path_age=- path_points=0 planning_time_ms=0.1 | reason=no_static_obstacle_in_range | cache_reason=no_cache
1787341352.058 [STATIC_AVOID] obs_id=- obs_dist=-m obs_s=- ego_s=17.66 side=- | left_clearance=- right_clearance=- candidate_valid=false rung=- pre_dist=-m | cache_used=false path_age=- path_points=0 planning_time_ms=0.2 | reason=no_static_obstacle_in_range | cache_reason=no_cache
1787341352.564 [STATIC_AVOID] obs_id=- obs_dist=-m obs_s=- ego_s=19.19 side=- | left_clearance=- right_clearance=- candidate_valid=false rung=- pre_dist=-m | cache_used=false path_age=- path_points=0 planning_time_ms=0.1 | reason=no_static_obstacle_in_range | cache_reason=no_cache
1787341353.159 [STATIC_AVOID] obs_id=- obs_dist=-m obs_s=- ego_s=21.16 side=- | left_clearance=- right_clearance=- candidate_valid=false rung=- pre_dist=-m | cache_used=false path_age=- path_points=0 planning_time_ms=0.1 | reason=no_static_obstacle_in_range | cache_reason=no_cache
1787341353.663 [STATIC_AVOID] obs_id=50 obs_dist=2.16m obs_s=24.79 ego_s=22.64 side=LEFT | left_clearance=0.38 right_clearance=-0.22 candidate_valid=true rung=0 pre_dist=3.22m | cache_used=false path_age=0.000 path_points=101 planning_time_ms=4.2
1787341354.177 [STATIC_AVOID] obs_id=50 obs_dist=1.05m obs_s=24.77 ego_s=23.72 side=LEFT | left_clearance=0.31 right_clearance=-0.29 candidate_valid=true rung=0 pre_dist=3.20m | cache_used=false path_age=0.000 path_points=101 planning_time_ms=17.5
1787341354.762 [STATIC_AVOID] obs_id=50 obs_dist=-0.41m obs_s=24.77 ego_s=25.18 side=LEFT | left_clearance=0.31 right_clearance=-0.29 candidate_valid=true rung=0 pre_dist=4.11m | cache_used=false path_age=0.000 path_points=101 planning_time_ms=3.4
1787341355.359 [STATIC_AVOID] obs_id=- obs_dist=-m obs_s=- ego_s=26.69 side=- | left_clearance=- right_clearance=- candidate_valid=false rung=- pre_dist=-m | cache_used=false path_age=- path_points=0 planning_time_ms=0.1 | reason=no_static_obstacle_in_range | cache_reason=no_cache
1787341355.870 [STATIC_AVOID] obs_id=- obs_dist=-m obs_s=- ego_s=28.30 side=- | left_clearance=- right_clearance=- candidate_valid=false rung=- pre_dist=-m | cache_used=false path_age=- path_points=0 planning_time_ms=0.1 | reason=no_static_obstacle_in_range | cache_reason=no_cache
1787341356.461 [STATIC_AVOID] obs_id=- obs_dist=-m obs_s=- ego_s=30.23 side=- | left_clearance=- right_clearance=- candidate_valid=false rung=- pre_dist=-m | cache_used=false path_age=- path_points=0 planning_time_ms=0.3 | reason=no_static_obstacle_in_range | cache_reason=no_cache
1787341357.066 [STATIC_AVOID] obs_id=- obs_dist=-m obs_s=- ego_s=31.74 side=- | left_clearance=- right_clearance=- candidate_valid=false rung=- pre_dist=-m | cache_used=false path_age=- path_points=0 planning_time_ms=0.1 | reason=no_static_obstacle_in_range | cache_reason=no_cache
1787341357.672 [STATIC_AVOID] obs_id=- obs_dist=-m obs_s=- ego_s=33.22 side=- | left_clearance=- right_clearance=- candidate_valid=false rung=- pre_dist=-m | cache_used=false path_age=- path_points=0 planning_time_ms=0.1 | reason=no_static_obstacle_in_range | cache_reason=no_cache
1787341358.271 [STATIC_AVOID] obs_id=57 obs_dist=6.37m obs_s=1.81 ego_s=34.95 side=LEFT | left_clearance=0.57 right_clearance=-0.08 candidate_valid=false rung=- pre_dist=4.61m | cache_used=false path_age=- path_points=0 planning_time_ms=11.7 | reason=obstacle_clearance | cache_reason=cache_collision
1787341358.883 [STATIC_AVOID] obs_id=57 obs_dist=4.94m obs_s=1.84 ego_s=36.42 side=LEFT | left_clearance=0.45 right_clearance=-0.14 candidate_valid=true rung=0 pre_dist=4.64m | cache_used=false path_age=0.000 path_points=105 planning_time_ms=23.3
1787341359.482 [STATIC_AVOID] obs_id=57 obs_dist=4.23m obs_s=1.93 ego_s=37.21 side=LEFT | left_clearance=0.52 right_clearance=-0.06 candidate_valid=true rung=0 pre_dist=4.73m | cache_used=false path_age=0.000 path_points=101 planning_time_ms=12.2
1787341360.072 [STATIC_AVOID] obs_id=57 obs_dist=3.66m obs_s=2.02 ego_s=37.88 side=LEFT | left_clearance=0.47 right_clearance=-0.13 candidate_valid=false rung=- pre_dist=4.82m | cache_used=true path_age=0.111 path_points=101 planning_time_ms=12.1 | reason=obstacle_clearance
1787341360.665 [STATIC_AVOID] obs_id=57 obs_dist=3.50m obs_s=2.02 ego_s=38.04 side=LEFT | left_clearance=0.45 right_clearance=-0.14 candidate_valid=true rung=0 pre_dist=4.82m | cache_used=false path_age=0.000 path_points=101 planning_time_ms=6.4
1787341361.262 [STATIC_AVOID] obs_id=57 obs_dist=2.52m obs_s=1.99 ego_s=39.00 side=LEFT | left_clearance=0.46 right_clearance=-0.14 candidate_valid=true rung=0 pre_dist=4.79m | cache_used=false path_age=0.000 path_points=101 planning_time_ms=3.9
1787341361.867 [STATIC_AVOID] obs_id=64 obs_dist=0.24m obs_s=1.33 ego_s=1.09 side=LEFT | left_clearance=0.48 right_clearance=-0.22 candidate_valid=false rung=- pre_dist=2.27m | cache_used=true path_age=0.109 path_points=101 planning_time_ms=8.9 | reason=group_obstacle_clearance
1787341362.470 [STATIC_AVOID] obs_id=- obs_dist=-m obs_s=- ego_s=2.43 side=- | left_clearance=- right_clearance=- candidate_valid=false rung=- pre_dist=-m | cache_used=false path_age=- path_points=0 planning_time_ms=0.2 | reason=no_static_obstacle_in_range | cache_reason=obstacle_gone
1787341363.059 [STATIC_AVOID] obs_id=- obs_dist=-m obs_s=- ego_s=3.73 side=- | left_clearance=- right_clearance=- candidate_valid=false rung=- pre_dist=-m | cache_used=false path_age=- path_points=0 planning_time_ms=0.1 | reason=no_static_obstacle_in_range | cache_reason=no_cache
1787341363.664 [STATIC_AVOID] obs_id=- obs_dist=-m obs_s=- ego_s=5.86 side=- | left_clearance=- right_clearance=- candidate_valid=false rung=- pre_dist=-m | cache_used=false path_age=- path_points=0 planning_time_ms=0.1 | reason=no_static_obstacle_in_range | cache_reason=no_cache
1787341364.258 [STATIC_AVOID] obs_id=- obs_dist=-m obs_s=- ego_s=7.94 side=- | left_clearance=- right_clearance=- candidate_valid=false rung=- pre_dist=-m | cache_used=false path_age=- path_points=0 planning_time_ms=0.1 | reason=no_static_obstacle_in_range | cache_reason=no_cache
1787341364.759 [STATIC_AVOID] obs_id=- obs_dist=-m obs_s=- ego_s=9.83 side=- | left_clearance=- right_clearance=- candidate_valid=false rung=- pre_dist=-m | cache_used=false path_age=- path_points=0 planning_time_ms=0.1 | reason=no_static_obstacle_in_range | cache_reason=no_cache
1787341365.369 [STATIC_AVOID] obs_id=- obs_dist=-m obs_s=- ego_s=12.01 side=- | left_clearance=- right_clearance=- candidate_valid=false rung=- pre_dist=-m | cache_used=false path_age=- path_points=0 planning_time_ms=0.2 | reason=no_static_obstacle_in_range | cache_reason=no_cache
1787341365.872 [STATIC_AVOID] obs_id=- obs_dist=-m obs_s=- ego_s=13.82 side=- | left_clearance=- right_clearance=- candidate_valid=false rung=- pre_dist=-m | cache_used=false path_age=- path_points=0 planning_time_ms=0.1 | reason=no_static_obstacle_in_range | cache_reason=no_cache
1787341366.458 [STATIC_AVOID] obs_id=- obs_dist=-m obs_s=- ego_s=15.84 side=- | left_clearance=- right_clearance=- candidate_valid=false rung=- pre_dist=-m | cache_used=false path_age=- path_points=0 planning_time_ms=0.1 | reason=no_static_obstacle_in_range | cache_reason=no_cache
1787341367.060 [STATIC_AVOID] obs_id=- obs_dist=-m obs_s=- ego_s=17.34 side=- | left_clearance=- right_clearance=- candidate_valid=false rung=- pre_dist=-m | cache_used=false path_age=- path_points=0 planning_time_ms=0.1 | reason=no_static_obstacle_in_range | cache_reason=no_cache
1787341367.562 [STATIC_AVOID] obs_id=- obs_dist=-m obs_s=- ego_s=18.55 side=- | left_clearance=- right_clearance=- candidate_valid=false rung=- pre_dist=-m | cache_used=false path_age=- path_points=0 planning_time_ms=0.1 | reason=no_static_obstacle_in_range | cache_reason=no_cache
1787341368.159 [STATIC_AVOID] obs_id=- obs_dist=-m obs_s=- ego_s=20.33 side=- | left_clearance=- right_clearance=- candidate_valid=false rung=- pre_dist=-m | cache_used=false path_age=- path_points=0 planning_time_ms=0.1 | reason=no_static_obstacle_in_range | cache_reason=no_cache
1787341368.662 [STATIC_AVOID] obs_id=66 obs_dist=2.66m obs_s=24.76 ego_s=22.10 side=LEFT | left_clearance=0.31 right_clearance=-0.18 candidate_valid=true rung=0 pre_dist=3.25m | cache_used=false path_age=0.000 path_points=101 planning_time_ms=3.7
1787341369.169 [STATIC_AVOID] obs_id=66 obs_dist=0.98m obs_s=24.66 ego_s=23.69 side=LEFT | left_clearance=0.28 right_clearance=-0.23 candidate_valid=true rung=0 pre_dist=3.16m | cache_used=false path_age=0.000 path_points=101 planning_time_ms=8.3
1787341369.669 [STATIC_AVOID] obs_id=66 obs_dist=-0.84m obs_s=24.66 ego_s=25.50 side=LEFT | left_clearance=0.28 right_clearance=-0.23 candidate_valid=true rung=0 pre_dist=4.50m | cache_used=false path_age=0.000 path_points=101 planning_time_ms=10.3
1787341370.176 [STATIC_AVOID] obs_id=- obs_dist=-m obs_s=- ego_s=26.71 side=- | left_clearance=- right_clearance=- candidate_valid=false rung=- pre_dist=-m | cache_used=false path_age=- path_points=0 planning_time_ms=0.1 | reason=no_static_obstacle_in_range | cache_reason=no_cache
1787341370.765 [STATIC_AVOID] obs_id=- obs_dist=-m obs_s=- ego_s=28.55 side=- | left_clearance=- right_clearance=- candidate_valid=false rung=- pre_dist=-m | cache_used=false path_age=- path_points=0 planning_time_ms=0.1 | reason=no_static_obstacle_in_range | cache_reason=no_cache
1787341371.368 [STATIC_AVOID] obs_id=- obs_dist=-m obs_s=- ego_s=30.46 side=- | left_clearance=- right_clearance=- candidate_valid=false rung=- pre_dist=-m | cache_used=false path_age=- path_points=0 planning_time_ms=0.1 | reason=no_static_obstacle_in_range | cache_reason=no_cache
1787341371.959 [STATIC_AVOID] obs_id=- obs_dist=-m obs_s=- ego_s=31.83 side=- | left_clearance=- right_clearance=- candidate_valid=false rung=- pre_dist=-m | cache_used=false path_age=- path_points=0 planning_time_ms=0.1 | reason=no_static_obstacle_in_range | cache_reason=no_cache
1787341372.460 [STATIC_AVOID] obs_id=- obs_dist=-m obs_s=- ego_s=33.15 side=- | left_clearance=- right_clearance=- candidate_valid=false rung=- pre_dist=-m | cache_used=false path_age=- path_points=0 planning_time_ms=0.2 | reason=no_static_obstacle_in_range | cache_reason=no_cache
1787341372.975 [STATIC_AVOID] obs_id=73 obs_dist=7.22m obs_s=1.85 ego_s=34.15 side=LEFT | left_clearance=0.33 right_clearance=-0.09 candidate_valid=true rung=0 pre_dist=4.39m | cache_used=false path_age=0.000 path_points=135 planning_time_ms=12.1
1787341373.570 [STATIC_AVOID] obs_id=73 obs_dist=4.91m obs_s=1.84 ego_s=36.44 side=LEFT | left_clearance=0.51 right_clearance=0.01 candidate_valid=true rung=0 pre_dist=4.37m | cache_used=false path_age=0.000 path_points=117 planning_time_ms=6.1
1787341374.080 [STATIC_AVOID] obs_id=73 obs_dist=3.09m obs_s=1.84 ego_s=38.26 side=LEFT | left_clearance=0.46 right_clearance=-0.07 candidate_valid=true rung=2 pre_dist=4.38m | cache_used=false path_age=0.000 path_points=112 planning_time_ms=13.9
1787341374.664 [STATIC_AVOID] obs_id=73 obs_dist=1.80m obs_s=1.81 ego_s=0.01 side=LEFT | left_clearance=0.42 right_clearance=-0.12 candidate_valid=true rung=0 pre_dist=4.35m | cache_used=false path_age=0.000 path_points=101 planning_time_ms=4.9
1787341375.263 [STATIC_AVOID] obs_id=73 obs_dist=0.09m obs_s=1.80 ego_s=1.71 side=LEFT | left_clearance=0.56 right_clearance=-0.02 candidate_valid=true rung=0 pre_dist=4.75m | cache_used=false path_age=0.000 path_points=101 planning_time_ms=3.8
1787341375.858 [STATIC_AVOID] obs_id=- obs_dist=-m obs_s=- ego_s=3.01 side=- | left_clearance=- right_clearance=- candidate_valid=false rung=- pre_dist=-m | cache_used=false path_age=- path_points=0 planning_time_ms=0.1 | reason=no_static_obstacle_in_range | cache_reason=no_cache
1787341376.360 [STATIC_AVOID] obs_id=- obs_dist=-m obs_s=- ego_s=4.30 side=- | left_clearance=- right_clearance=- candidate_valid=false rung=- pre_dist=-m | cache_used=false path_age=- path_points=0 planning_time_ms=0.1 | reason=no_static_obstacle_in_range | cache_reason=no_cache
1787341376.872 [STATIC_AVOID] obs_id=- obs_dist=-m obs_s=- ego_s=6.09 side=- | left_clearance=- right_clearance=- candidate_valid=false rung=- pre_dist=-m | cache_used=false path_age=- path_points=0 planning_time_ms=0.1 | reason=no_static_obstacle_in_range | cache_reason=no_cache
1787341377.372 [STATIC_AVOID] obs_id=- obs_dist=-m obs_s=- ego_s=7.76 side=- | left_clearance=- right_clearance=- candidate_valid=false rung=- pre_dist=-m | cache_used=false path_age=- path_points=0 planning_time_ms=0.1 | reason=no_static_obstacle_in_range | cache_reason=no_cache
1787341377.877 [STATIC_AVOID] obs_id=- obs_dist=-m obs_s=- ego_s=9.72 side=- | left_clearance=- right_clearance=- candidate_valid=false rung=- pre_dist=-m | cache_used=false path_age=- path_points=0 planning_time_ms=0.1 | reason=no_static_obstacle_in_range | cache_reason=no_cache
1787341378.459 [STATIC_AVOID] obs_id=- obs_dist=-m obs_s=- ego_s=11.81 side=- | left_clearance=- right_clearance=- candidate_valid=false rung=- pre_dist=-m | cache_used=false path_age=- path_points=0 planning_time_ms=0.1 | reason=no_static_obstacle_in_range | cache_reason=no_cache
1787341378.960 [STATIC_AVOID] obs_id=- obs_dist=-m obs_s=- ego_s=13.73 side=- | left_clearance=- right_clearance=- candidate_valid=false rung=- pre_dist=-m | cache_used=false path_age=- path_points=0 planning_time_ms=0.1 | reason=no_static_obstacle_in_range | cache_reason=no_cache
1787341379.473 [STATIC_AVOID] obs_id=- obs_dist=-m obs_s=- ego_s=15.43 side=- | left_clearance=- right_clearance=- candidate_valid=false rung=- pre_dist=-m | cache_used=false path_age=- path_points=0 planning_time_ms=0.1 | reason=no_static_obstacle_in_range | cache_reason=no_cache
1787341380.072 [STATIC_AVOID] obs_id=- obs_dist=-m obs_s=- ego_s=17.07 side=- | left_clearance=- right_clearance=- candidate_valid=false rung=- pre_dist=-m | cache_used=false path_age=- path_points=0 planning_time_ms=0.1 | reason=no_static_obstacle_in_range | cache_reason=no_cache
1787341380.659 [STATIC_AVOID] obs_id=- obs_dist=-m obs_s=- ego_s=18.52 side=- | left_clearance=- right_clearance=- candidate_valid=false rung=- pre_dist=-m | cache_used=false path_age=- path_points=0 planning_time_ms=0.1 | reason=no_static_obstacle_in_range | cache_reason=no_cache
1787341381.160 [STATIC_AVOID] obs_id=- obs_dist=-m obs_s=- ego_s=20.01 side=- | left_clearance=- right_clearance=- candidate_valid=false rung=- pre_dist=-m | cache_used=false path_age=- path_points=0 planning_time_ms=0.1 | reason=no_static_obstacle_in_range | cache_reason=no_cache
1787341381.667 [STATIC_AVOID] obs_id=80 obs_dist=3.21m obs_s=24.93 ego_s=21.71 side=LEFT | left_clearance=0.29 right_clearance=-0.23 candidate_valid=true rung=0 pre_dist=4.07m | cache_used=false path_age=0.000 path_points=105 planning_time_ms=4.0
1787341382.267 [STATIC_AVOID] obs_id=80 obs_dist=1.13m obs_s=24.83 ego_s=23.70 side=LEFT | left_clearance=0.28 right_clearance=-0.28 candidate_valid=true rung=0 pre_dist=3.98m | cache_used=false path_age=0.000 path_points=101 planning_time_ms=9.0
1787341382.863 [STATIC_AVOID] obs_id=80 obs_dist=-0.93m obs_s=24.83 ego_s=25.76 side=LEFT | left_clearance=0.28 right_clearance=-0.28 candidate_valid=true rung=0 pre_dist=5.41m | cache_used=false path_age=0.000 path_points=101 planning_time_ms=3.4
1787341383.464 [STATIC_AVOID] obs_id=- obs_dist=-m obs_s=- ego_s=27.19 side=- | left_clearance=- right_clearance=- candidate_valid=false rung=- pre_dist=-m | cache_used=false path_age=- path_points=0 planning_time_ms=0.3 | reason=no_static_obstacle_in_range | cache_reason=no_cache
1787341384.058 [STATIC_AVOID] obs_id=- obs_dist=-m obs_s=- ego_s=29.12 side=- | left_clearance=- right_clearance=- candidate_valid=false rung=- pre_dist=-m | cache_used=false path_age=- path_points=0 planning_time_ms=0.1 | reason=no_static_obstacle_in_range | cache_reason=no_cache
1787341384.576 [STATIC_AVOID] obs_id=- obs_dist=-m obs_s=- ego_s=30.74 side=- | left_clearance=- right_clearance=- candidate_valid=false rung=- pre_dist=-m | cache_used=false path_age=- path_points=0 planning_time_ms=0.1 | reason=no_static_obstacle_in_range | cache_reason=no_cache
1787341385.162 [STATIC_AVOID] obs_id=- obs_dist=-m obs_s=- ego_s=32.02 side=- | left_clearance=- right_clearance=- candidate_valid=false rung=- pre_dist=-m | cache_used=false path_age=- path_points=0 planning_time_ms=0.1 | reason=no_static_obstacle_in_range | cache_reason=no_cache
1787341385.767 [STATIC_AVOID] obs_id=- obs_dist=-m obs_s=- ego_s=33.57 side=- | left_clearance=- right_clearance=- candidate_valid=false rung=- pre_dist=-m | cache_used=false path_age=- path_points=0 planning_time_ms=0.1 | reason=no_static_obstacle_in_range | cache_reason=no_cache
1787341386.359 [STATIC_AVOID] obs_id=- obs_dist=-m obs_s=- ego_s=34.95 side=- | left_clearance=- right_clearance=- candidate_valid=false rung=- pre_dist=-m | cache_used=false path_age=- path_points=0 planning_time_ms=0.1 | reason=no_static_obstacle_in_range | cache_reason=no_cache
1787341386.863 [STATIC_AVOID] obs_id=- obs_dist=-m obs_s=- ego_s=35.94 side=- | left_clearance=- right_clearance=- candidate_valid=false rung=- pre_dist=-m | cache_used=false path_age=- path_points=0 planning_time_ms=0.1 | reason=no_static_obstacle_in_range | cache_reason=no_cache
1787341387.467 [STATIC_AVOID] obs_id=- obs_dist=-m obs_s=- ego_s=37.11 side=- | left_clearance=- right_clearance=- candidate_valid=false rung=- pre_dist=-m | cache_used=false path_age=- path_points=0 planning_time_ms=0.1 | reason=no_static_obstacle_in_range | cache_reason=no_cache
1787341388.060 [STATIC_AVOID] obs_id=- obs_dist=-m obs_s=- ego_s=38.07 side=- | left_clearance=- right_clearance=- candidate_valid=false rung=- pre_dist=-m | cache_used=false path_age=- path_points=0 planning_time_ms=0.1 | reason=no_static_obstacle_in_range | cache_reason=no_cache
1787341388.561 [STATIC_AVOID] obs_id=- obs_dist=-m obs_s=- ego_s=38.03 side=- | left_clearance=- right_clearance=- candidate_valid=false rung=- pre_dist=-m | cache_used=false path_age=- path_points=0 planning_time_ms=0.1 | reason=no_static_obstacle_in_range | cache_reason=no_cache
1787341389.162 [STATIC_AVOID] obs_id=- obs_dist=-m obs_s=- ego_s=38.16 side=- | left_clearance=- right_clearance=- candidate_valid=false rung=- pre_dist=-m | cache_used=false path_age=- path_points=0 planning_time_ms=0.2 | reason=no_static_obstacle_in_range | cache_reason=no_cache
1787341389.758 [STATIC_AVOID] obs_id=- obs_dist=-m obs_s=- ego_s=38.50 side=- | left_clearance=- right_clearance=- candidate_valid=false rung=- pre_dist=-m | cache_used=false path_age=- path_points=0 planning_time_ms=0.1 | reason=no_static_obstacle_in_range | cache_reason=no_cache
1787341390.260 [STATIC_AVOID] obs_id=- obs_dist=-m obs_s=- ego_s=39.13 side=- | left_clearance=- right_clearance=- candidate_valid=false rung=- pre_dist=-m | cache_used=false path_age=- path_points=0 planning_time_ms=0.1 | reason=no_static_obstacle_in_range | cache_reason=no_cache
1787341390.875 [STATIC_AVOID] obs_id=83 obs_dist=1.14m obs_s=1.21 ego_s=0.07 side=- | left_clearance=0.49 right_clearance=-0.22 candidate_valid=false rung=- pre_dist=2.00m | cache_used=false path_age=- path_points=0 planning_time_ms=7.2 | reason=obstacle_clearance | cache_reason=no_cache
1787341391.475 [STATIC_AVOID] obs_id=83 obs_dist=0.26m obs_s=1.26 ego_s=1.00 side=LEFT | left_clearance=0.57 right_clearance=-0.21 candidate_valid=true rung=0 pre_dist=2.29m | cache_used=false path_age=0.000 path_points=101 planning_time_ms=17.1
1787341392.068 [STATIC_AVOID] obs_id=83 obs_dist=-0.40m obs_s=1.31 ego_s=1.71 side=LEFT | left_clearance=0.61 right_clearance=-0.20 candidate_valid=true rung=0 pre_dist=3.00m | cache_used=false path_age=0.000 path_points=101 planning_time_ms=8.8
1787341392.672 [STATIC_AVOID] obs_id=83 obs_dist=-0.93m obs_s=1.31 ego_s=2.24 side=LEFT | left_clearance=0.61 right_clearance=-0.20 candidate_valid=true rung=0 pre_dist=3.53m | cache_used=false path_age=0.000 path_points=101 planning_time_ms=10.2
1787341393.259 [STATIC_AVOID] obs_id=- obs_dist=-m obs_s=- ego_s=3.97 side=- | left_clearance=- right_clearance=- candidate_valid=false rung=- pre_dist=-m | cache_used=false path_age=- path_points=0 planning_time_ms=0.1 | reason=no_static_obstacle_in_range | cache_reason=no_cache
1787341393.859 [STATIC_AVOID] obs_id=- obs_dist=-m obs_s=- ego_s=6.11 side=- | left_clearance=- right_clearance=- candidate_valid=false rung=- pre_dist=-m | cache_used=false path_age=- path_points=0 planning_time_ms=0.1 | reason=no_static_obstacle_in_range | cache_reason=no_cache
1787341394.362 [STATIC_AVOID] obs_id=- obs_dist=-m obs_s=- ego_s=7.70 side=- | left_clearance=- right_clearance=- candidate_valid=false rung=- pre_dist=-m | cache_used=false path_age=- path_points=0 planning_time_ms=0.3 | reason=no_static_obstacle_in_range | cache_reason=no_cache
1787341394.958 [STATIC_AVOID] obs_id=- obs_dist=-m obs_s=- ego_s=9.95 side=- | left_clearance=- right_clearance=- candidate_valid=false rung=- pre_dist=-m | cache_used=false path_age=- path_points=0 planning_time_ms=0.2 | reason=no_static_obstacle_in_range | cache_reason=no_cache
1787341395.562 [STATIC_AVOID] obs_id=- obs_dist=-m obs_s=- ego_s=12.03 side=- | left_clearance=- right_clearance=- candidate_valid=false rung=- pre_dist=-m | cache_used=false path_age=- path_points=0 planning_time_ms=0.2 | reason=no_static_obstacle_in_range | cache_reason=no_cache
1787341396.159 [STATIC_AVOID] obs_id=- obs_dist=-m obs_s=- ego_s=14.27 side=- | left_clearance=- right_clearance=- candidate_valid=false rung=- pre_dist=-m | cache_used=false path_age=- path_points=0 planning_time_ms=0.1 | reason=no_static_obstacle_in_range | cache_reason=no_cache
1787341396.662 [STATIC_AVOID] obs_id=- obs_dist=-m obs_s=- ego_s=15.94 side=- | left_clearance=- right_clearance=- candidate_valid=false rung=- pre_dist=-m | cache_used=false path_age=- path_points=0 planning_time_ms=0.1 | reason=no_static_obstacle_in_range | cache_reason=no_cache
1787341397.260 [STATIC_AVOID] obs_id=- obs_dist=-m obs_s=- ego_s=17.30 side=- | left_clearance=- right_clearance=- candidate_valid=false rung=- pre_dist=-m | cache_used=false path_age=- path_points=0 planning_time_ms=0.1 | reason=no_static_obstacle_in_range | cache_reason=no_cache
1787341397.861 [STATIC_AVOID] obs_id=- obs_dist=-m obs_s=- ego_s=18.88 side=- | left_clearance=- right_clearance=- candidate_valid=false rung=- pre_dist=-m | cache_used=false path_age=- path_points=0 planning_time_ms=0.1 | reason=no_static_obstacle_in_range | cache_reason=no_cache
1787341398.459 [STATIC_AVOID] obs_id=- obs_dist=-m obs_s=- ego_s=20.69 side=- | left_clearance=- right_clearance=- candidate_valid=false rung=- pre_dist=-m | cache_used=false path_age=- path_points=0 planning_time_ms=0.1 | reason=no_static_obstacle_in_range | cache_reason=no_cache
1787341398.963 [STATIC_AVOID] obs_id=91 obs_dist=2.58m obs_s=24.85 ego_s=22.27 side=LEFT | left_clearance=0.22 right_clearance=-0.19 candidate_valid=true rung=0 pre_dist=3.73m | cache_used=false path_age=0.000 path_points=101 planning_time_ms=4.1
1787341399.561 [STATIC_AVOID] obs_id=91 obs_dist=1.72m obs_s=24.85 ego_s=23.13 side=LEFT | left_clearance=0.22 right_clearance=-0.19 candidate_valid=true rung=0 pre_dist=3.73m | cache_used=false path_age=0.000 path_points=101 planning_time_ms=10.3
1787341400.069 [STATIC_AVOID] obs_id=91 obs_dist=-0.82m obs_s=24.85 ego_s=25.67 side=LEFT | left_clearance=0.22 right_clearance=-0.19 candidate_valid=true rung=0 pre_dist=5.05m | cache_used=false path_age=0.000 path_points=101 planning_time_ms=8.4
1787341400.660 [STATIC_AVOID] obs_id=- obs_dist=-m obs_s=- ego_s=27.08 side=- | left_clearance=- right_clearance=- candidate_valid=false rung=- pre_dist=-m | cache_used=false path_age=- path_points=0 planning_time_ms=0.1 | reason=no_static_obstacle_in_range | cache_reason=no_cache
1787341401.259 [STATIC_AVOID] obs_id=- obs_dist=-m obs_s=- ego_s=28.87 side=- | left_clearance=- right_clearance=- candidate_valid=false rung=- pre_dist=-m | cache_used=false path_age=- path_points=0 planning_time_ms=0.1 | reason=no_static_obstacle_in_range | cache_reason=no_cache
1787341401.760 [STATIC_AVOID] obs_id=- obs_dist=-m obs_s=- ego_s=30.47 side=- | left_clearance=- right_clearance=- candidate_valid=false rung=- pre_dist=-m | cache_used=false path_age=- path_points=0 planning_time_ms=0.2 | reason=no_static_obstacle_in_range | cache_reason=no_cache
1787341402.265 [STATIC_AVOID] obs_id=- obs_dist=-m obs_s=- ego_s=31.67 side=- | left_clearance=- right_clearance=- candidate_valid=false rung=- pre_dist=-m | cache_used=false path_age=- path_points=0 planning_time_ms=0.1 | reason=no_static_obstacle_in_range | cache_reason=no_cache
1787341402.860 [STATIC_AVOID] obs_id=- obs_dist=-m obs_s=- ego_s=33.12 side=- | left_clearance=- right_clearance=- candidate_valid=false rung=- pre_dist=-m | cache_used=false path_age=- path_points=0 planning_time_ms=0.1 | reason=no_static_obstacle_in_range | cache_reason=no_cache
1787341403.479 [STATIC_AVOID] obs_id=94 obs_dist=6.52m obs_s=1.91 ego_s=34.91 side=LEFT | left_clearance=0.60 right_clearance=0.00 candidate_valid=true rung=0 pre_dist=6.10m | cache_used=false path_age=0.000 path_points=136 planning_time_ms=9.1
1787341404.072 [STATIC_AVOID] obs_id=94 obs_dist=4.52m obs_s=1.74 ego_s=36.74 side=LEFT | left_clearance=0.60 right_clearance=-0.16 candidate_valid=true rung=0 pre_dist=5.93m | cache_used=false path_age=0.000 path_points=111 planning_time_ms=14.0
1787341404.663 [STATIC_AVOID] obs_id=94 obs_dist=2.45m obs_s=1.68 ego_s=38.75 side=LEFT | left_clearance=0.60 right_clearance=-0.21 candidate_valid=false rung=- pre_dist=5.87m | cache_used=true path_age=0.103 path_points=101 planning_time_ms=4.1 | reason=obstacle_clearance
1787341405.169 [STATIC_AVOID] obs_id=94 obs_dist=0.46m obs_s=1.64 ego_s=1.18 side=LEFT | left_clearance=0.56 right_clearance=-0.29 candidate_valid=true rung=0 pre_dist=5.87m | cache_used=false path_age=0.000 path_points=101 planning_time_ms=8.4
1787341405.758 [STATIC_AVOID] obs_id=- obs_dist=-m obs_s=- ego_s=3.23 side=- | left_clearance=- right_clearance=- candidate_valid=false rung=- pre_dist=-m | cache_used=false path_age=- path_points=0 planning_time_ms=0.1 | reason=no_static_obstacle_in_range | cache_reason=no_cache
1787341406.263 [STATIC_AVOID] obs_id=- obs_dist=-m obs_s=- ego_s=5.21 side=- | left_clearance=- right_clearance=- candidate_valid=false rung=- pre_dist=-m | cache_used=false path_age=- path_points=0 planning_time_ms=0.1 | reason=no_static_obstacle_in_range | cache_reason=no_cache
1787341406.859 [STATIC_AVOID] obs_id=- obs_dist=-m obs_s=- ego_s=7.08 side=- | left_clearance=- right_clearance=- candidate_valid=false rung=- pre_dist=-m | cache_used=false path_age=- path_points=0 planning_time_ms=0.2 | reason=no_static_obstacle_in_range | cache_reason=no_cache
1787341407.360 [STATIC_AVOID] obs_id=- obs_dist=-m obs_s=- ego_s=8.87 side=- | left_clearance=- right_clearance=- candidate_valid=false rung=- pre_dist=-m | cache_used=false path_age=- path_points=0 planning_time_ms=2.0 | reason=no_static_obstacle_in_range | cache_reason=no_cache
1787341407.863 [STATIC_AVOID] obs_id=- obs_dist=-m obs_s=- ego_s=10.76 side=- | left_clearance=- right_clearance=- candidate_valid=false rung=- pre_dist=-m | cache_used=false path_age=- path_points=0 planning_time_ms=0.1 | reason=no_static_obstacle_in_range | cache_reason=no_cache
1787341408.462 [STATIC_AVOID] obs_id=- obs_dist=-m obs_s=- ego_s=12.95 side=- | left_clearance=- right_clearance=- candidate_valid=false rung=- pre_dist=-m | cache_used=false path_age=- path_points=0 planning_time_ms=0.1 | reason=no_static_obstacle_in_range | cache_reason=no_cache
1787341408.970 [STATIC_AVOID] obs_id=- obs_dist=-m obs_s=- ego_s=14.68 side=- | left_clearance=- right_clearance=- candidate_valid=false rung=- pre_dist=-m | cache_used=false path_age=- path_points=0 planning_time_ms=0.1 | reason=no_static_obstacle_in_range | cache_reason=no_cache
1787341409.563 [STATIC_AVOID] obs_id=- obs_dist=-m obs_s=- ego_s=16.56 side=- | left_clearance=- right_clearance=- candidate_valid=false rung=- pre_dist=-m | cache_used=false path_age=- path_points=0 planning_time_ms=0.1 | reason=no_static_obstacle_in_range | cache_reason=no_cache
1787341410.064 [STATIC_AVOID] obs_id=- obs_dist=-m obs_s=- ego_s=17.48 side=- | left_clearance=- right_clearance=- candidate_valid=false rung=- pre_dist=-m | cache_used=false path_age=- path_points=0 planning_time_ms=0.1 | reason=no_static_obstacle_in_range | cache_reason=no_cache
1787341410.659 [STATIC_AVOID] obs_id=- obs_dist=-m obs_s=- ego_s=19.31 side=- | left_clearance=- right_clearance=- candidate_valid=false rung=- pre_dist=-m | cache_used=false path_age=- path_points=0 planning_time_ms=0.1 | reason=no_static_obstacle_in_range | cache_reason=no_cache
1787341411.163 [STATIC_AVOID] obs_id=- obs_dist=-m obs_s=- ego_s=20.93 side=- | left_clearance=- right_clearance=- candidate_valid=false rung=- pre_dist=-m | cache_used=false path_age=- path_points=0 planning_time_ms=0.1 | reason=no_static_obstacle_in_range | cache_reason=no_cache
1787341411.669 [STATIC_AVOID] obs_id=99 obs_dist=2.26m obs_s=24.76 ego_s=22.50 side=LEFT | left_clearance=0.31 right_clearance=-0.24 candidate_valid=true rung=0 pre_dist=3.14m | cache_used=false path_age=0.000 path_points=101 planning_time_ms=6.3
1787341412.267 [STATIC_AVOID] obs_id=99 obs_dist=0.54m obs_s=24.76 ego_s=24.22 side=LEFT | left_clearance=0.31 right_clearance=-0.24 candidate_valid=true rung=0 pre_dist=3.14m | cache_used=false path_age=0.000 path_points=101 planning_time_ms=3.6
1787341412.859 [STATIC_AVOID] obs_id=- obs_dist=-m obs_s=- ego_s=26.10 side=- | left_clearance=- right_clearance=- candidate_valid=false rung=- pre_dist=-m | cache_used=false path_age=- path_points=0 planning_time_ms=0.2 | reason=no_static_obstacle_in_range | cache_reason=no_cache
1787341413.360 [STATIC_AVOID] obs_id=- obs_dist=-m obs_s=- ego_s=27.26 side=- | left_clearance=- right_clearance=- candidate_valid=false rung=- pre_dist=-m | cache_used=false path_age=- path_points=0 planning_time_ms=0.1 | reason=no_static_obstacle_in_range | cache_reason=no_cache
1787341413.870 [STATIC_AVOID] obs_id=- obs_dist=-m obs_s=- ego_s=28.76 side=- | left_clearance=- right_clearance=- candidate_valid=false rung=- pre_dist=-m | cache_used=false path_age=- path_points=0 planning_time_ms=0.1 | reason=no_static_obstacle_in_range | cache_reason=no_cache
1787341414.466 [STATIC_AVOID] obs_id=- obs_dist=-m obs_s=- ego_s=30.75 side=- | left_clearance=- right_clearance=- candidate_valid=false rung=- pre_dist=-m | cache_used=false path_age=- path_points=0 planning_time_ms=0.1 | reason=no_static_obstacle_in_range | cache_reason=no_cache
1787341415.059 [STATIC_AVOID] obs_id=- obs_dist=-m obs_s=- ego_s=32.04 side=- | left_clearance=- right_clearance=- candidate_valid=false rung=- pre_dist=-m | cache_used=false path_age=- path_points=0 planning_time_ms=0.1 | reason=no_static_obstacle_in_range | cache_reason=no_cache
1787341415.566 [STATIC_AVOID] obs_id=- obs_dist=-m obs_s=- ego_s=33.34 side=- | left_clearance=- right_clearance=- candidate_valid=false rung=- pre_dist=-m | cache_used=false path_age=- path_points=0 planning_time_ms=0.3 | reason=no_static_obstacle_in_range | cache_reason=no_cache
1787341416.172 [STATIC_AVOID] obs_id=102 obs_dist=4.26m obs_s=38.92 ego_s=34.67 side=- | left_clearance=0.27 right_clearance=0.20 candidate_valid=false rung=- pre_dist=2.64m | cache_used=false path_age=- path_points=0 planning_time_ms=8.9 | reason=obstacle_clearance | cache_reason=no_cache
1787341416.762 [STATIC_AVOID] obs_id=102 obs_dist=3.70m obs_s=38.86 ego_s=35.16 side=LEFT | left_clearance=0.35 right_clearance=0.21 candidate_valid=true rung=0 pre_dist=2.16m | cache_used=false path_age=0.000 path_points=101 planning_time_ms=3.7
1787341417.265 [STATIC_AVOID] obs_id=102 obs_dist=2.67m obs_s=38.75 ego_s=36.08 side=LEFT | left_clearance=0.33 right_clearance=-0.27 candidate_valid=true rung=0 pre_dist=2.91m | cache_used=false path_age=0.000 path_points=107 planning_time_ms=4.5
1787341417.766 [STATIC_AVOID] obs_id=102 obs_dist=1.12m obs_s=38.77 ego_s=37.65 side=LEFT | left_clearance=0.31 right_clearance=-0.22 candidate_valid=false rung=- pre_dist=2.92m | cache_used=true path_age=0.107 path_points=101 planning_time_ms=7.6 | reason=group_obstacle_clearance
1787341418.276 [STATIC_AVOID] obs_id=102 obs_dist=0.74m obs_s=38.77 ego_s=38.02 side=LEFT | left_clearance=0.31 right_clearance=-0.22 candidate_valid=false rung=- pre_dist=2.00m | cache_used=false path_age=- path_points=0 planning_time_ms=15.7 | reason=group_obstacle_clearance | cache_reason=no_cache
1787341418.873 [STATIC_AVOID] obs_id=102 obs_dist=0.69m obs_s=38.82 ego_s=38.14 side=LEFT | left_clearance=0.29 right_clearance=-0.22 candidate_valid=true rung=0 pre_dist=2.06m | cache_used=false path_age=0.000 path_points=101 planning_time_ms=13.0
1787341419.469 [STATIC_AVOID] obs_id=102 obs_dist=0.48m obs_s=38.89 ego_s=38.41 side=LEFT | left_clearance=0.24 right_clearance=-0.29 candidate_valid=true rung=0 pre_dist=2.14m | cache_used=false path_age=0.000 path_points=101 planning_time_ms=5.4
1787341419.969 [STATIC_AVOID] obs_id=102 obs_dist=-0.01m obs_s=38.89 ego_s=38.90 side=LEFT | left_clearance=0.38 right_clearance=-0.28 candidate_valid=true rung=0 pre_dist=2.63m | cache_used=false path_age=0.000 path_points=101 planning_time_ms=9.8
1787341420.474 [STATIC_AVOID] obs_id=107 obs_dist=-0.39m obs_s=0.02 ego_s=0.40 side=LEFT | left_clearance=0.38 right_clearance=-0.35 candidate_valid=true rung=0 pre_dist=2.00m | cache_used=false path_age=0.000 path_points=101 planning_time_ms=14.8
1787341420.974 [STATIC_AVOID] obs_id=104 obs_dist=0.15m obs_s=1.79 ego_s=1.63 side=LEFT | left_clearance=0.64 right_clearance=-0.31 candidate_valid=true rung=0 pre_dist=2.34m | cache_used=false path_age=0.000 path_points=101 planning_time_ms=13.8
1787341421.570 [STATIC_AVOID] obs_id=- obs_dist=-m obs_s=- ego_s=2.81 side=- | left_clearance=- right_clearance=- candidate_valid=false rung=- pre_dist=-m | cache_used=false path_age=- path_points=0 planning_time_ms=0.2 | reason=no_static_obstacle_in_range | cache_reason=obstacle_gone
1787341422.158 [STATIC_AVOID] obs_id=- obs_dist=-m obs_s=- ego_s=4.58 side=- | left_clearance=- right_clearance=- candidate_valid=false rung=- pre_dist=-m | cache_used=false path_age=- path_points=0 planning_time_ms=0.1 | reason=no_static_obstacle_in_range | cache_reason=no_cache
1787341422.662 [STATIC_AVOID] obs_id=- obs_dist=-m obs_s=- ego_s=6.34 side=- | left_clearance=- right_clearance=- candidate_valid=false rung=- pre_dist=-m | cache_used=false path_age=- path_points=0 planning_time_ms=0.1 | reason=no_static_obstacle_in_range | cache_reason=no_cache
1787341423.262 [STATIC_AVOID] obs_id=- obs_dist=-m obs_s=- ego_s=8.44 side=- | left_clearance=- right_clearance=- candidate_valid=false rung=- pre_dist=-m | cache_used=false path_age=- path_points=0 planning_time_ms=0.1 | reason=no_static_obstacle_in_range | cache_reason=no_cache
1787341423.859 [STATIC_AVOID] obs_id=- obs_dist=-m obs_s=- ego_s=10.60 side=- | left_clearance=- right_clearance=- candidate_valid=false rung=- pre_dist=-m | cache_used=false path_age=- path_points=0 planning_time_ms=0.1 | reason=no_static_obstacle_in_range | cache_reason=no_cache
1787341424.359 [STATIC_AVOID] obs_id=- obs_dist=-m obs_s=- ego_s=12.39 side=- | left_clearance=- right_clearance=- candidate_valid=false rung=- pre_dist=-m | cache_used=false path_age=- path_points=0 planning_time_ms=0.1 | reason=no_static_obstacle_in_range | cache_reason=no_cache
1787341424.863 [STATIC_AVOID] obs_id=- obs_dist=-m obs_s=- ego_s=14.24 side=- | left_clearance=- right_clearance=- candidate_valid=false rung=- pre_dist=-m | cache_used=false path_age=- path_points=0 planning_time_ms=0.4 | reason=no_static_obstacle_in_range | cache_reason=no_cache
1787341425.467 [STATIC_AVOID] obs_id=- obs_dist=-m obs_s=- ego_s=16.08 side=- | left_clearance=- right_clearance=- candidate_valid=false rung=- pre_dist=-m | cache_used=false path_age=- path_points=0 planning_time_ms=0.1 | reason=no_static_obstacle_in_range | cache_reason=no_cache
1787341426.070 [STATIC_AVOID] obs_id=- obs_dist=-m obs_s=- ego_s=17.46 side=- | left_clearance=- right_clearance=- candidate_valid=false rung=- pre_dist=-m | cache_used=false path_age=- path_points=0 planning_time_ms=0.1 | reason=no_static_obstacle_in_range | cache_reason=no_cache
1787341426.660 [STATIC_AVOID] obs_id=- obs_dist=-m obs_s=- ego_s=19.08 side=- | left_clearance=- right_clearance=- candidate_valid=false rung=- pre_dist=-m | cache_used=false path_age=- path_points=0 planning_time_ms=0.1 | reason=no_static_obstacle_in_range | cache_reason=no_cache
1787341427.165 [STATIC_AVOID] obs_id=- obs_dist=-m obs_s=- ego_s=20.68 side=- | left_clearance=- right_clearance=- candidate_valid=false rung=- pre_dist=-m | cache_used=false path_age=- path_points=0 planning_time_ms=0.1 | reason=no_static_obstacle_in_range | cache_reason=no_cache
1787341427.763 [STATIC_AVOID] obs_id=116 obs_dist=1.77m obs_s=24.66 ego_s=22.89 side=LEFT | left_clearance=0.33 right_clearance=-0.26 candidate_valid=true rung=0 pre_dist=2.14m | cache_used=false path_age=0.000 path_points=101 planning_time_ms=4.7
1787341428.367 [STATIC_AVOID] obs_id=- obs_dist=-m obs_s=- ego_s=24.83 side=- | left_clearance=- right_clearance=- candidate_valid=false rung=- pre_dist=-m | cache_used=false path_age=- path_points=0 planning_time_ms=0.1 | reason=no_static_obstacle_in_range | cache_reason=no_cache
1787341428.960 [STATIC_AVOID] obs_id=- obs_dist=-m obs_s=- ego_s=26.46 side=- | left_clearance=- right_clearance=- candidate_valid=false rung=- pre_dist=-m | cache_used=false path_age=- path_points=0 planning_time_ms=0.1 | reason=no_static_obstacle_in_range | cache_reason=no_cache
1787341429.562 [STATIC_AVOID] obs_id=- obs_dist=-m obs_s=- ego_s=28.27 side=- | left_clearance=- right_clearance=- candidate_valid=false rung=- pre_dist=-m | cache_used=false path_age=- path_points=0 planning_time_ms=0.1 | reason=no_static_obstacle_in_range | cache_reason=no_cache
1787341430.159 [STATIC_AVOID] obs_id=- obs_dist=-m obs_s=- ego_s=30.18 side=- | left_clearance=- right_clearance=- candidate_valid=false rung=- pre_dist=-m | cache_used=false path_age=- path_points=0 planning_time_ms=0.1 | reason=no_static_obstacle_in_range | cache_reason=no_cache
1787341430.666 [STATIC_AVOID] obs_id=- obs_dist=-m obs_s=- ego_s=31.46 side=- | left_clearance=- right_clearance=- candidate_valid=false rung=- pre_dist=-m | cache_used=false path_age=- path_points=0 planning_time_ms=0.1 | reason=no_static_obstacle_in_range | cache_reason=no_cache
1787341431.259 [STATIC_AVOID] obs_id=- obs_dist=-m obs_s=- ego_s=32.89 side=- | left_clearance=- right_clearance=- candidate_valid=false rung=- pre_dist=-m | cache_used=false path_age=- path_points=0 planning_time_ms=0.1 | reason=no_static_obstacle_in_range | cache_reason=no_cache
1787341431.778 [STATIC_AVOID] obs_id=118 obs_dist=4.89m obs_s=39.09 ego_s=34.20 side=RIGHT | left_clearance=0.42 right_clearance=0.17 candidate_valid=false rung=- pre_dist=4.05m | cache_used=false path_age=- path_points=0 planning_time_ms=11.5 | reason=obstacle_clearance | cache_reason=cache_collision
1787341432.363 [STATIC_AVOID] obs_id=118 obs_dist=3.95m obs_s=39.11 ego_s=35.15 side=LEFT | left_clearance=0.35 right_clearance=-0.09 candidate_valid=true rung=0 pre_dist=2.01m | cache_used=false path_age=0.000 path_points=120 planning_time_ms=4.6
1787341432.962 [STATIC_AVOID] obs_id=118 obs_dist=3.53m obs_s=39.12 ego_s=35.59 side=LEFT | left_clearance=0.36 right_clearance=-0.08 candidate_valid=false rung=- pre_dist=2.03m | cache_used=true path_age=0.104 path_points=116 planning_time_ms=3.7 | reason=group_obstacle_clearance
1787341433.475 [STATIC_AVOID] obs_id=118 obs_dist=3.35m obs_s=39.13 ego_s=35.77 side=LEFT | left_clearance=0.35 right_clearance=-0.13 candidate_valid=true rung=0 pre_dist=2.03m | cache_used=false path_age=0.000 path_points=114 planning_time_ms=6.8
1787341434.075 [STATIC_AVOID] obs_id=118 obs_dist=3.03m obs_s=39.10 ego_s=36.07 side=LEFT | left_clearance=0.34 right_clearance=-0.12 candidate_valid=false rung=- pre_dist=2.00m | cache_used=false path_age=- path_points=0 planning_time_ms=16.2 | reason=group_obstacle_clearance | cache_reason=cache_collision
1787341434.664 [STATIC_AVOID] obs_id=118 obs_dist=3.07m obs_s=39.09 ego_s=36.02 side=LEFT | left_clearance=0.33 right_clearance=-0.17 candidate_valid=true rung=0 pre_dist=2.00m | cache_used=false path_age=0.000 path_points=111 planning_time_ms=5.2
1787341435.166 [STATIC_AVOID] obs_id=118 obs_dist=3.12m obs_s=39.06 ego_s=35.95 side=LEFT | left_clearance=0.32 right_clearance=-0.21 candidate_valid=false rung=- pre_dist=2.00m | cache_used=false path_age=- path_points=0 planning_time_ms=4.6 | reason=group_obstacle_clearance | cache_reason=no_cache
1787341435.775 [STATIC_AVOID] obs_id=123 obs_dist=2.55m obs_s=38.49 ego_s=35.94 side=LEFT | left_clearance=0.33 right_clearance=-0.21 candidate_valid=false rung=- pre_dist=2.00m | cache_used=true path_age=0.107 path_points=111 planning_time_ms=3.7 | reason=group_obstacle_clearance
1787341436.433 [STATIC_AVOID] obs_id=123 obs_dist=1.92m obs_s=38.46 ego_s=36.54 side=RIGHT | left_clearance=0.30 right_clearance=0.21 candidate_valid=true rung=1 pre_dist=2.00m | cache_used=false path_age=0.000 path_points=101 planning_time_ms=46.3
1787341436.970 [STATIC_AVOID] obs_id=123 obs_dist=1.08m obs_s=38.46 ego_s=37.39 side=LEFT | left_clearance=0.30 right_clearance=0.21 candidate_valid=true rung=0 pre_dist=2.00m | cache_used=false path_age=0.000 path_points=101 planning_time_ms=7.4
1787341437.481 [STATIC_AVOID] obs_id=123 obs_dist=0.51m obs_s=38.46 ego_s=37.95 side=LEFT | left_clearance=0.30 right_clearance=0.21 candidate_valid=true rung=0 pre_dist=2.00m | cache_used=false path_age=0.000 path_points=101 planning_time_ms=12.8
1787341438.075 [STATIC_AVOID] obs_id=123 obs_dist=-0.34m obs_s=38.46 ego_s=38.80 side=LEFT | left_clearance=0.30 right_clearance=0.21 candidate_valid=true rung=0 pre_dist=2.31m | cache_used=false path_age=0.000 path_points=101 planning_time_ms=6.4
1787341438.678 [STATIC_AVOID] obs_id=119 obs_dist=0.85m obs_s=1.78 ego_s=0.93 side=LEFT | left_clearance=0.61 right_clearance=-0.32 candidate_valid=true rung=0 pre_dist=2.00m | cache_used=false path_age=0.000 path_points=101 planning_time_ms=3.9
1787341439.266 [STATIC_AVOID] obs_id=119 obs_dist=-0.61m obs_s=1.83 ego_s=2.44 side=LEFT | left_clearance=0.77 right_clearance=-0.18 candidate_valid=true rung=0 pre_dist=3.12m | cache_used=false path_age=0.000 path_points=101 planning_time_ms=7.1
1787341439.872 [STATIC_AVOID] obs_id=- obs_dist=-m obs_s=- ego_s=3.46 side=- | left_clearance=- right_clearance=- candidate_valid=false rung=- pre_dist=-m | cache_used=false path_age=- path_points=0 planning_time_ms=0.1 | reason=no_static_obstacle_in_range | cache_reason=no_cache
1787341440.458 [STATIC_AVOID] obs_id=- obs_dist=-m obs_s=- ego_s=5.61 side=- | left_clearance=- right_clearance=- candidate_valid=false rung=- pre_dist=-m | cache_used=false path_age=- path_points=0 planning_time_ms=0.1 | reason=no_static_obstacle_in_range | cache_reason=no_cache
1787341440.959 [STATIC_AVOID] obs_id=- obs_dist=-m obs_s=- ego_s=7.23 side=- | left_clearance=- right_clearance=- candidate_valid=false rung=- pre_dist=-m | cache_used=false path_age=- path_points=0 planning_time_ms=0.1 | reason=no_static_obstacle_in_range | cache_reason=no_cache
1787341441.459 [STATIC_AVOID] obs_id=- obs_dist=-m obs_s=- ego_s=9.07 side=- | left_clearance=- right_clearance=- candidate_valid=false rung=- pre_dist=-m | cache_used=false path_age=- path_points=0 planning_time_ms=0.1 | reason=no_static_obstacle_in_range | cache_reason=no_cache
1787341441.971 [STATIC_AVOID] obs_id=- obs_dist=-m obs_s=- ego_s=11.00 side=- | left_clearance=- right_clearance=- candidate_valid=false rung=- pre_dist=-m | cache_used=false path_age=- path_points=0 planning_time_ms=0.1 | reason=no_static_obstacle_in_range | cache_reason=no_cache
1787341442.558 [STATIC_AVOID] obs_id=- obs_dist=-m obs_s=- ego_s=13.24 side=- | left_clearance=- right_clearance=- candidate_valid=false rung=- pre_dist=-m | cache_used=false path_age=- path_points=0 planning_time_ms=0.1 | reason=no_static_obstacle_in_range | cache_reason=no_cache
1787341443.059 [STATIC_AVOID] obs_id=- obs_dist=-m obs_s=- ego_s=15.00 side=- | left_clearance=- right_clearance=- candidate_valid=false rung=- pre_dist=-m | cache_used=false path_age=- path_points=0 planning_time_ms=0.1 | reason=no_static_obstacle_in_range | cache_reason=no_cache
1787341443.659 [STATIC_AVOID] obs_id=- obs_dist=-m obs_s=- ego_s=16.69 side=- | left_clearance=- right_clearance=- candidate_valid=false rung=- pre_dist=-m | cache_used=false path_age=- path_points=0 planning_time_ms=0.1 | reason=no_static_obstacle_in_range | cache_reason=no_cache
1787341444.258 [STATIC_AVOID] obs_id=- obs_dist=-m obs_s=- ego_s=18.09 side=- | left_clearance=- right_clearance=- candidate_valid=false rung=- pre_dist=-m | cache_used=false path_age=- path_points=0 planning_time_ms=0.1 | reason=no_static_obstacle_in_range | cache_reason=no_cache
1787341444.770 [STATIC_AVOID] obs_id=129 obs_dist=5.50m obs_s=24.98 ego_s=19.47 side=LEFT | left_clearance=0.15 right_clearance=-0.19 candidate_valid=true rung=0 pre_dist=4.33m | cache_used=false path_age=0.000 path_points=117 planning_time_ms=5.6
1787341445.373 [STATIC_AVOID] obs_id=129 obs_dist=4.28m obs_s=24.89 ego_s=20.61 side=LEFT | left_clearance=0.19 right_clearance=-0.21 candidate_valid=true rung=2 pre_dist=4.24m | cache_used=false path_age=0.000 path_points=112 planning_time_ms=13.4
1787341445.969 [STATIC_AVOID] obs_id=129 obs_dist=2.55m obs_s=24.82 ego_s=22.28 side=LEFT | left_clearance=0.33 right_clearance=-0.11 candidate_valid=true rung=0 pre_dist=4.17m | cache_used=false path_age=0.000 path_points=101 planning_time_ms=9.9
1787341446.477 [STATIC_AVOID] obs_id=129 obs_dist=0.79m obs_s=24.82 ego_s=24.03 side=LEFT | left_clearance=0.33 right_clearance=-0.11 candidate_valid=false rung=- pre_dist=4.17m | cache_used=true path_age=0.114 path_points=101 planning_time_ms=6.2 | reason=obstacle_clearance
1787341447.073 [STATIC_AVOID] obs_id=129 obs_dist=-0.91m obs_s=24.82 ego_s=25.73 side=LEFT | left_clearance=0.33 right_clearance=-0.11 candidate_valid=true rung=0 pre_dist=5.58m | cache_used=false path_age=0.000 path_points=101 planning_time_ms=13.9
1787341447.661 [STATIC_AVOID] obs_id=- obs_dist=-m obs_s=- ego_s=27.05 side=- | left_clearance=- right_clearance=- candidate_valid=false rung=- pre_dist=-m | cache_used=false path_age=- path_points=0 planning_time_ms=0.1 | reason=no_static_obstacle_in_range | cache_reason=no_cache
1787341448.168 [STATIC_AVOID] obs_id=- obs_dist=-m obs_s=- ego_s=28.63 side=- | left_clearance=- right_clearance=- candidate_valid=false rung=- pre_dist=-m | cache_used=false path_age=- path_points=0 planning_time_ms=0.1 | reason=no_static_obstacle_in_range | cache_reason=no_cache
1787341448.758 [STATIC_AVOID] obs_id=- obs_dist=-m obs_s=- ego_s=30.60 side=- | left_clearance=- right_clearance=- candidate_valid=false rung=- pre_dist=-m | cache_used=false path_age=- path_points=0 planning_time_ms=0.1 | reason=no_static_obstacle_in_range | cache_reason=no_cache
1787341449.259 [STATIC_AVOID] obs_id=- obs_dist=-m obs_s=- ego_s=31.73 side=- | left_clearance=- right_clearance=- candidate_valid=false rung=- pre_dist=-m | cache_used=false path_age=- path_points=0 planning_time_ms=0.2 | reason=no_static_obstacle_in_range | cache_reason=no_cache
1787341449.761 [STATIC_AVOID] obs_id=- obs_dist=-m obs_s=- ego_s=32.86 side=- | left_clearance=- right_clearance=- candidate_valid=false rung=- pre_dist=-m | cache_used=false path_age=- path_points=0 planning_time_ms=0.1 | reason=no_static_obstacle_in_range | cache_reason=no_cache
1787341450.263 [STATIC_AVOID] obs_id=134 obs_dist=4.97m obs_s=38.96 ego_s=33.99 side=RIGHT | left_clearance=0.36 right_clearance=0.24 candidate_valid=false rung=- pre_dist=4.05m | cache_used=false path_age=- path_points=0 planning_time_ms=3.9 | reason=obstacle_clearance | cache_reason=cache_collision
1787341450.764 [STATIC_AVOID] obs_id=134 obs_dist=4.42m obs_s=39.00 ego_s=34.58 side=LEFT | left_clearance=0.30 right_clearance=-0.01 candidate_valid=false rung=- pre_dist=2.72m | cache_used=false path_age=- path_points=0 planning_time_ms=3.8 | reason=group_obstacle_clearance | cache_reason=cache_expired
1787341451.266 [STATIC_AVOID] obs_id=134 obs_dist=3.99m obs_s=39.07 ego_s=35.08 side=LEFT | left_clearance=0.34 right_clearance=-0.08 candidate_valid=true rung=0 pre_dist=2.78m | cache_used=false path_age=0.000 path_points=120 planning_time_ms=4.0
1787341451.768 [STATIC_AVOID] obs_id=134 obs_dist=3.63m obs_s=39.12 ego_s=35.49 side=LEFT | left_clearance=0.33 right_clearance=-0.15 candidate_valid=false rung=- pre_dist=2.83m | cache_used=true path_age=0.107 path_points=117 planning_time_ms=6.5 | reason=group_obstacle_clearance
1787341452.270 [STATIC_AVOID] obs_id=134 obs_dist=3.69m obs_s=39.13 ego_s=35.44 side=LEFT | left_clearance=0.33 right_clearance=-0.16 candidate_valid=true rung=0 pre_dist=2.84m | cache_used=false path_age=0.000 path_points=118 planning_time_ms=8.0
1787341452.773 [STATIC_AVOID] obs_id=134 obs_dist=3.45m obs_s=39.10 ego_s=35.66 side=LEFT | left_clearance=0.36 right_clearance=-0.15 candidate_valid=false rung=- pre_dist=2.81m | cache_used=true path_age=0.106 path_points=117 planning_time_ms=12.6 | reason=group_obstacle_clearance
1787341453.366 [STATIC_AVOID] obs_id=134 obs_dist=2.42m obs_s=39.10 ego_s=36.68 side=LEFT | left_clearance=0.34 right_clearance=-0.21 candidate_valid=false rung=- pre_dist=2.81m | cache_used=false path_age=- path_points=0 planning_time_ms=6.0 | reason=group_obstacle_clearance | cache_reason=cache_collision
1787341453.866 [STATIC_AVOID] obs_id=134 obs_dist=0.96m obs_s=39.10 ego_s=38.14 side=LEFT | left_clearance=0.31 right_clearance=-0.16 candidate_valid=true rung=0 pre_dist=2.81m | cache_used=false path_age=0.000 path_points=101 planning_time_ms=4.1
1787341454.382 [STATIC_AVOID] obs_id=134 obs_dist=0.24m obs_s=39.10 ego_s=38.85 side=LEFT | left_clearance=0.40 right_clearance=-0.26 candidate_valid=true rung=0 pre_dist=3.07m | cache_used=false path_age=0.000 path_points=101 planning_time_ms=3.5
1787341454.971 [STATIC_AVOID] obs_id=135 obs_dist=1.28m obs_s=2.02 ego_s=0.74 side=LEFT | left_clearance=0.58 right_clearance=-0.33 candidate_valid=false rung=- pre_dist=2.00m | cache_used=false path_age=- path_points=0 planning_time_ms=10.3 | reason=obstacle_clearance | cache_reason=different_obstacle
1787341455.479 [STATIC_AVOID] obs_id=135 obs_dist=-0.03m obs_s=2.00 ego_s=2.03 side=LEFT | left_clearance=0.69 right_clearance=-0.24 candidate_valid=true rung=0 pre_dist=2.51m | cache_used=false path_age=0.000 path_points=101 planning_time_ms=12.8
1787341456.072 [STATIC_AVOID] obs_id=- obs_dist=-m obs_s=- ego_s=3.07 side=- | left_clearance=- right_clearance=- candidate_valid=false rung=- pre_dist=-m | cache_used=false path_age=- path_points=0 planning_time_ms=0.2 | reason=no_static_obstacle_in_range | cache_reason=obstacle_gone
1787341456.662 [STATIC_AVOID] obs_id=- obs_dist=-m obs_s=- ego_s=4.85 side=- | left_clearance=- right_clearance=- candidate_valid=false rung=- pre_dist=-m | cache_used=false path_age=- path_points=0 planning_time_ms=0.1 | reason=no_static_obstacle_in_range | cache_reason=no_cache
1787341457.263 [STATIC_AVOID] obs_id=- obs_dist=-m obs_s=- ego_s=6.90 side=- | left_clearance=- right_clearance=- candidate_valid=false rung=- pre_dist=-m | cache_used=false path_age=- path_points=0 planning_time_ms=0.1 | reason=no_static_obstacle_in_range | cache_reason=no_cache
1787341457.859 [STATIC_AVOID] obs_id=- obs_dist=-m obs_s=- ego_s=9.06 side=- | left_clearance=- right_clearance=- candidate_valid=false rung=- pre_dist=-m | cache_used=false path_age=- path_points=0 planning_time_ms=0.1 | reason=no_static_obstacle_in_range | cache_reason=no_cache
1787341458.459 [STATIC_AVOID] obs_id=- obs_dist=-m obs_s=- ego_s=11.32 side=- | left_clearance=- right_clearance=- candidate_valid=false rung=- pre_dist=-m | cache_used=false path_age=- path_points=0 planning_time_ms=0.1 | reason=no_static_obstacle_in_range | cache_reason=no_cache
1787341458.968 [STATIC_AVOID] obs_id=- obs_dist=-m obs_s=- ego_s=13.11 side=- | left_clearance=- right_clearance=- candidate_valid=false rung=- pre_dist=-m | cache_used=false path_age=- path_points=0 planning_time_ms=0.1 | reason=no_static_obstacle_in_range | cache_reason=no_cache
1787341459.563 [STATIC_AVOID] obs_id=- obs_dist=-m obs_s=- ego_s=15.26 side=- | left_clearance=- right_clearance=- candidate_valid=false rung=- pre_dist=-m | cache_used=false path_age=- path_points=0 planning_time_ms=0.1 | reason=no_static_obstacle_in_range | cache_reason=no_cache
1787341460.065 [STATIC_AVOID] obs_id=- obs_dist=-m obs_s=- ego_s=16.74 side=- | left_clearance=- right_clearance=- candidate_valid=false rung=- pre_dist=-m | cache_used=false path_age=- path_points=0 planning_time_ms=0.1 | reason=no_static_obstacle_in_range | cache_reason=no_cache
1787341460.660 [STATIC_AVOID] obs_id=- obs_dist=-m obs_s=- ego_s=17.99 side=- | left_clearance=- right_clearance=- candidate_valid=false rung=- pre_dist=-m | cache_used=false path_age=- path_points=0 planning_time_ms=0.1 | reason=no_static_obstacle_in_range | cache_reason=no_cache
1787341461.258 [STATIC_AVOID] obs_id=- obs_dist=-m obs_s=- ego_s=19.82 side=- | left_clearance=- right_clearance=- candidate_valid=false rung=- pre_dist=-m | cache_used=false path_age=- path_points=0 planning_time_ms=0.1 | reason=no_static_obstacle_in_range | cache_reason=no_cache
1787341461.859 [STATIC_AVOID] obs_id=- obs_dist=-m obs_s=- ego_s=21.91 side=- | left_clearance=- right_clearance=- candidate_valid=false rung=- pre_dist=-m | cache_used=false path_age=- path_points=0 planning_time_ms=0.1 | reason=no_static_obstacle_in_range | cache_reason=no_cache
1787341462.368 [STATIC_AVOID] obs_id=147 obs_dist=1.10m obs_s=24.67 ego_s=23.57 side=LEFT | left_clearance=0.42 right_clearance=-0.19 candidate_valid=true rung=0 pre_dist=2.50m | cache_used=false path_age=0.000 path_points=101 planning_time_ms=7.5
1787341462.982 [STATIC_AVOID] obs_id=147 obs_dist=-0.67m obs_s=24.62 ego_s=25.29 side=LEFT | left_clearance=0.37 right_clearance=-0.25 candidate_valid=true rung=0 pre_dist=3.62m | cache_used=false path_age=0.000 path_points=101 planning_time_ms=14.7
1787341463.559 [STATIC_AVOID] obs_id=- obs_dist=-m obs_s=- ego_s=26.96 side=- | left_clearance=- right_clearance=- candidate_valid=false rung=- pre_dist=-m | cache_used=false path_age=- path_points=0 planning_time_ms=0.1 | reason=no_static_obstacle_in_range | cache_reason=no_cache
1787341464.169 [STATIC_AVOID] obs_id=- obs_dist=-m obs_s=- ego_s=28.76 side=- | left_clearance=- right_clearance=- candidate_valid=false rung=- pre_dist=-m | cache_used=false path_age=- path_points=0 planning_time_ms=0.1 | reason=no_static_obstacle_in_range | cache_reason=no_cache
1787341464.758 [STATIC_AVOID] obs_id=- obs_dist=-m obs_s=- ego_s=30.75 side=- | left_clearance=- right_clearance=- candidate_valid=false rung=- pre_dist=-m | cache_used=false path_age=- path_points=0 planning_time_ms=0.1 | reason=no_static_obstacle_in_range | cache_reason=no_cache
1787341465.360 [STATIC_AVOID] obs_id=- obs_dist=-m obs_s=- ego_s=31.97 side=- | left_clearance=- right_clearance=- candidate_valid=false rung=- pre_dist=-m | cache_used=false path_age=- path_points=0 planning_time_ms=0.1 | reason=no_static_obstacle_in_range | cache_reason=no_cache
1787341465.861 [STATIC_AVOID] obs_id=- obs_dist=-m obs_s=- ego_s=33.21 side=- | left_clearance=- right_clearance=- candidate_valid=false rung=- pre_dist=-m | cache_used=false path_age=- path_points=0 planning_time_ms=0.1 | reason=no_static_obstacle_in_range | cache_reason=no_cache
1787341466.363 [STATIC_AVOID] obs_id=- obs_dist=-m obs_s=- ego_s=34.74 side=- | left_clearance=- right_clearance=- candidate_valid=false rung=- pre_dist=-m | cache_used=false path_age=- path_points=0 planning_time_ms=0.1 | reason=no_static_obstacle_in_range | cache_reason=no_cache
1787341466.863 [STATIC_AVOID] obs_id=152 obs_dist=4.61m obs_s=1.92 ego_s=36.83 side=LEFT | left_clearance=0.51 right_clearance=-0.10 candidate_valid=true rung=0 pre_dist=5.88m | cache_used=false path_age=0.000 path_points=119 planning_time_ms=4.0
1787341467.472 [STATIC_AVOID] obs_id=152 obs_dist=2.52m obs_s=1.92 ego_s=38.91 side=LEFT | left_clearance=0.57 right_clearance=-0.18 candidate_valid=true rung=0 pre_dist=5.88m | cache_used=false path_age=0.000 path_points=101 planning_time_ms=5.7
1787341468.062 [STATIC_AVOID] obs_id=152 obs_dist=0.14m obs_s=1.87 ego_s=1.73 side=LEFT | left_clearance=0.59 right_clearance=-0.23 candidate_valid=true rung=0 pre_dist=6.18m | cache_used=false path_age=0.000 path_points=101 planning_time_ms=3.4
1787341468.663 [STATIC_AVOID] obs_id=- obs_dist=-m obs_s=- ego_s=3.59 side=- | left_clearance=- right_clearance=- candidate_valid=false rung=- pre_dist=-m | cache_used=false path_age=- path_points=0 planning_time_ms=0.2 | reason=no_static_obstacle_in_range | cache_reason=no_cache
1787341469.258 [STATIC_AVOID] obs_id=- obs_dist=-m obs_s=- ego_s=5.75 side=- | left_clearance=- right_clearance=- candidate_valid=false rung=- pre_dist=-m | cache_used=false path_age=- path_points=0 planning_time_ms=0.1 | reason=no_static_obstacle_in_range | cache_reason=no_cache
1787341469.761 [STATIC_AVOID] obs_id=- obs_dist=-m obs_s=- ego_s=7.29 side=- | left_clearance=- right_clearance=- candidate_valid=false rung=- pre_dist=-m | cache_used=false path_age=- path_points=0 planning_time_ms=0.1 | reason=no_static_obstacle_in_range | cache_reason=no_cache
1787341470.262 [STATIC_AVOID] obs_id=- obs_dist=-m obs_s=- ego_s=9.03 side=- | left_clearance=- right_clearance=- candidate_valid=false rung=- pre_dist=-m | cache_used=false path_age=- path_points=0 planning_time_ms=0.1 | reason=no_static_obstacle_in_range | cache_reason=no_cache
1787341470.859 [STATIC_AVOID] obs_id=- obs_dist=-m obs_s=- ego_s=10.18 side=- | left_clearance=- right_clearance=- candidate_valid=false rung=- pre_dist=-m | cache_used=false path_age=- path_points=0 planning_time_ms=0.1 | reason=no_static_obstacle_in_range | cache_reason=no_cache
1787341471.479 [STATIC_AVOID] obs_id=- obs_dist=-m obs_s=- ego_s=11.35 side=- | left_clearance=- right_clearance=- candidate_valid=false rung=- pre_dist=-m | cache_used=false path_age=- path_points=0 planning_time_ms=0.1 | reason=no_static_obstacle_in_range | cache_reason=no_cache
1787341472.059 [STATIC_AVOID] obs_id=- obs_dist=-m obs_s=- ego_s=12.42 side=- | left_clearance=- right_clearance=- candidate_valid=false rung=- pre_dist=-m | cache_used=false path_age=- path_points=0 planning_time_ms=0.1 | reason=no_static_obstacle_in_range | cache_reason=no_cache
1787341472.663 [STATIC_AVOID] obs_id=- obs_dist=-m obs_s=- ego_s=13.67 side=- | left_clearance=- right_clearance=- candidate_valid=false rung=- pre_dist=-m | cache_used=false path_age=- path_points=0 planning_time_ms=0.1 | reason=no_static_obstacle_in_range | cache_reason=no_cache
1787341473.259 [STATIC_AVOID] obs_id=- obs_dist=-m obs_s=- ego_s=14.55 side=- | left_clearance=- right_clearance=- candidate_valid=false rung=- pre_dist=-m | cache_used=false path_age=- path_points=0 planning_time_ms=0.1 | reason=no_static_obstacle_in_range | cache_reason=no_cache
1787341473.859 [STATIC_AVOID] obs_id=- obs_dist=-m obs_s=- ego_s=15.80 side=- | left_clearance=- right_clearance=- candidate_valid=false rung=- pre_dist=-m | cache_used=false path_age=- path_points=0 planning_time_ms=0.1 | reason=no_static_obstacle_in_range | cache_reason=no_cache
1787341474.359 [STATIC_AVOID] obs_id=- obs_dist=-m obs_s=- ego_s=17.04 side=- | left_clearance=- right_clearance=- candidate_valid=false rung=- pre_dist=-m | cache_used=false path_age=- path_points=0 planning_time_ms=0.1 | reason=no_static_obstacle_in_range | cache_reason=no_cache
1787341474.959 [STATIC_AVOID] obs_id=- obs_dist=-m obs_s=- ego_s=17.92 side=- | left_clearance=- right_clearance=- candidate_valid=false rung=- pre_dist=-m | cache_used=false path_age=- path_points=0 planning_time_ms=0.1 | reason=no_static_obstacle_in_range | cache_reason=no_cache
1787341475.469 [STATIC_AVOID] obs_id=166 obs_dist=6.47m obs_s=25.04 ego_s=18.57 side=LEFT | left_clearance=0.50 right_clearance=-0.16 candidate_valid=true rung=2 pre_dist=2.00m | cache_used=false path_age=0.000 path_points=126 planning_time_ms=7.2
1787341475.972 [STATIC_AVOID] obs_id=166 obs_dist=6.02m obs_s=25.04 ego_s=19.02 side=LEFT | left_clearance=0.57 right_clearance=-0.08 candidate_valid=true rung=0 pre_dist=2.00m | cache_used=false path_age=0.000 path_points=116 planning_time_ms=13.7
1787341476.476 [STATIC_AVOID] obs_id=166 obs_dist=5.56m obs_s=25.02 ego_s=19.45 side=LEFT | left_clearance=0.58 right_clearance=-0.14 candidate_valid=true rung=2 pre_dist=2.00m | cache_used=false path_age=0.000 path_points=117 planning_time_ms=12.3
1787341476.991 [STATIC_AVOID] obs_id=166 obs_dist=5.07m obs_s=25.00 ego_s=19.93 side=LEFT | left_clearance=0.57 right_clearance=-0.17 candidate_valid=true rung=2 pre_dist=2.00m | cache_used=false path_age=0.000 path_points=112 planning_time_ms=20.1
1787341477.572 [STATIC_AVOID] obs_id=166 obs_dist=4.63m obs_s=25.00 ego_s=20.37 side=LEFT | left_clearance=0.55 right_clearance=-0.22 candidate_valid=true rung=0 pre_dist=2.00m | cache_used=false path_age=0.000 path_points=102 planning_time_ms=4.1
1787341478.175 [STATIC_AVOID] obs_id=166 obs_dist=4.45m obs_s=24.98 ego_s=20.52 side=LEFT | left_clearance=0.55 right_clearance=-0.24 candidate_valid=true rung=2 pre_dist=2.00m | cache_used=false path_age=0.000 path_points=106 planning_time_ms=15.2
1787341478.764 [STATIC_AVOID] obs_id=166 obs_dist=4.41m obs_s=24.89 ego_s=20.48 side=LEFT | left_clearance=0.63 right_clearance=-0.26 candidate_valid=true rung=0 pre_dist=2.00m | cache_used=false path_age=0.000 path_points=101 planning_time_ms=4.4
1787341479.369 [STATIC_AVOID] obs_id=167 obs_dist=1.26m obs_s=21.84 ego_s=20.58 side=LEFT | left_clearance=0.09 right_clearance=-0.26 candidate_valid=false rung=- pre_dist=2.00m | cache_used=false path_age=- path_points=0 planning_time_ms=6.3 | reason=group_track_too_narrow | cache_reason=no_cache
1787341479.973 [STATIC_AVOID] obs_id=167 obs_dist=1.24m obs_s=21.92 ego_s=20.68 side=LEFT | left_clearance=0.16 right_clearance=-0.26 candidate_valid=false rung=- pre_dist=2.08m | cache_used=false path_age=- path_points=0 planning_time_ms=14.5 | reason=group_track_too_narrow | cache_reason=no_cache
1787341480.568 [STATIC_AVOID] obs_id=167 obs_dist=1.25m obs_s=22.00 ego_s=20.75 side=LEFT | left_clearance=0.13 right_clearance=-0.26 candidate_valid=false rung=- pre_dist=2.16m | cache_used=false path_age=- path_points=0 planning_time_ms=7.3 | reason=group_track_too_narrow | cache_reason=no_cache
1787341481.168 [STATIC_AVOID] obs_id=167 obs_dist=1.37m obs_s=22.03 ego_s=20.66 side=LEFT | left_clearance=0.11 right_clearance=-0.24 candidate_valid=true rung=0 pre_dist=2.19m | cache_used=false path_age=0.000 path_points=101 planning_time_ms=8.2
1787341481.670 [STATIC_AVOID] obs_id=167 obs_dist=1.41m obs_s=22.03 ego_s=20.62 side=LEFT | left_clearance=0.11 right_clearance=-0.24 candidate_valid=false rung=- pre_dist=2.00m | cache_used=false path_age=- path_points=0 planning_time_ms=9.4 | reason=group_track_too_narrow | cache_reason=no_cache
1787341482.276 [STATIC_AVOID] obs_id=167 obs_dist=1.36m obs_s=22.03 ego_s=20.67 side=LEFT | left_clearance=0.11 right_clearance=-0.24 candidate_valid=true rung=0 pre_dist=2.00m | cache_used=false path_age=0.000 path_points=101 planning_time_ms=11.9
1787341482.862 [STATIC_AVOID] obs_id=168 obs_dist=2.34m obs_s=22.99 ego_s=20.65 side=LEFT | left_clearance=0.14 right_clearance=-0.25 candidate_valid=false rung=- pre_dist=2.00m | cache_used=false path_age=- path_points=0 planning_time_ms=3.3 | reason=group_obstacle_clearance | cache_reason=no_cache
1787341483.389 [STATIC_AVOID] obs_id=168 obs_dist=2.12m obs_s=22.99 ego_s=20.87 side=LEFT | left_clearance=0.14 right_clearance=-0.25 candidate_valid=false rung=- pre_dist=2.00m | cache_used=true path_age=0.117 path_points=101 planning_time_ms=16.4 | reason=group_obstacle_clearance
1787341483.974 [STATIC_AVOID] obs_id=166 obs_dist=3.99m obs_s=24.87 ego_s=20.87 side=LEFT | left_clearance=0.68 right_clearance=-0.25 candidate_valid=true rung=0 pre_dist=2.00m | cache_used=false path_age=0.000 path_points=101 planning_time_ms=15.1
1787341484.475 [STATIC_AVOID] obs_id=166 obs_dist=3.88m obs_s=24.87 ego_s=20.98 side=LEFT | left_clearance=0.68 right_clearance=-0.25 candidate_valid=true rung=0 pre_dist=2.00m | cache_used=false path_age=0.000 path_points=101 planning_time_ms=3.7
1787341485.061 [STATIC_AVOID] obs_id=- obs_dist=-m obs_s=- ego_s=21.91 side=- | left_clearance=- right_clearance=- candidate_valid=false rung=- pre_dist=-m | cache_used=false path_age=- path_points=0 planning_time_ms=0.1 | reason=no_static_obstacle_in_range | cache_reason=no_cache
1787341485.566 [STATIC_AVOID] obs_id=- obs_dist=-m obs_s=- ego_s=23.02 side=- | left_clearance=- right_clearance=- candidate_valid=false rung=- pre_dist=-m | cache_used=false path_age=- path_points=0 planning_time_ms=0.1 | reason=no_static_obstacle_in_range | cache_reason=no_cache
1787341486.070 [STATIC_AVOID] obs_id=169 obs_dist=0.34m obs_s=24.76 ego_s=24.42 side=LEFT | left_clearance=0.28 right_clearance=0.00 candidate_valid=true rung=0 pre_dist=2.16m | cache_used=false path_age=0.000 path_points=101 planning_time_ms=8.7
1787341486.573 [STATIC_AVOID] obs_id=169 obs_dist=-0.76m obs_s=24.76 ego_s=25.53 side=LEFT | left_clearance=0.16 right_clearance=0.00 candidate_valid=true rung=0 pre_dist=3.26m | cache_used=false path_age=0.000 path_points=101 planning_time_ms=12.1
1787341487.159 [STATIC_AVOID] obs_id=- obs_dist=-m obs_s=- ego_s=26.89 side=- | left_clearance=- right_clearance=- candidate_valid=false rung=- pre_dist=-m | cache_used=false path_age=- path_points=0 planning_time_ms=0.1 | reason=no_static_obstacle_in_range | cache_reason=no_cache
1787341487.673 [STATIC_AVOID] obs_id=174 obs_dist=1.93m obs_s=30.36 ego_s=28.43 side=LEFT | left_clearance=0.19 right_clearance=0.04 candidate_valid=true rung=0 pre_dist=2.22m | cache_used=false path_age=0.000 path_points=101 planning_time_ms=6.8
1787341488.193 [STATIC_AVOID] obs_id=174 obs_dist=0.50m obs_s=30.36 ego_s=29.86 side=LEFT | left_clearance=0.19 right_clearance=0.04 candidate_valid=true rung=0 pre_dist=2.22m | cache_used=false path_age=0.000 path_points=101 planning_time_ms=12.7
1787341488.762 [STATIC_AVOID] obs_id=- obs_dist=-m obs_s=- ego_s=31.39 side=- | left_clearance=- right_clearance=- candidate_valid=false rung=- pre_dist=-m | cache_used=false path_age=- path_points=0 planning_time_ms=0.2 | reason=no_static_obstacle_in_range | cache_reason=obstacle_gone
1787341489.359 [STATIC_AVOID] obs_id=- obs_dist=-m obs_s=- ego_s=32.47 side=- | left_clearance=- right_clearance=- candidate_valid=false rung=- pre_dist=-m | cache_used=false path_age=- path_points=0 planning_time_ms=0.2 | reason=no_static_obstacle_in_range | cache_reason=no_cache
1787341489.859 [STATIC_AVOID] obs_id=- obs_dist=-m obs_s=- ego_s=33.15 side=- | left_clearance=- right_clearance=- candidate_valid=false rung=- pre_dist=-m | cache_used=false path_age=- path_points=0 planning_time_ms=0.1 | reason=no_static_obstacle_in_range | cache_reason=no_cache
1787341490.395 [STATIC_AVOID] obs_id=178 obs_dist=7.57m obs_s=1.86 ego_s=33.81 side=LEFT | left_clearance=0.62 right_clearance=-0.02 candidate_valid=false rung=- pre_dist=2.00m | cache_used=true path_age=0.122 path_points=132 planning_time_ms=21.8 | reason=obstacle_clearance
1787341490.968 [STATIC_AVOID] obs_id=178 obs_dist=7.01m obs_s=1.91 ego_s=34.41 side=LEFT | left_clearance=0.58 right_clearance=-0.08 candidate_valid=true rung=0 pre_dist=2.04m | cache_used=false path_age=0.000 path_points=126 planning_time_ms=6.7
1787341491.476 [STATIC_AVOID] obs_id=178 obs_dist=6.45m obs_s=1.83 ego_s=34.90 side=LEFT | left_clearance=0.63 right_clearance=-0.12 candidate_valid=false rung=- pre_dist=2.00m | cache_used=false path_age=- path_points=0 planning_time_ms=3.4 | reason=obstacle_clearance | cache_reason=no_cache
1787341492.062 [STATIC_AVOID] obs_id=178 obs_dist=4.74m obs_s=1.74 ego_s=36.52 side=LEFT | left_clearance=0.62 right_clearance=-0.21 candidate_valid=true rung=0 pre_dist=2.00m | cache_used=false path_age=0.000 path_points=108 planning_time_ms=3.9
1787341492.565 [STATIC_AVOID] obs_id=178 obs_dist=3.84m obs_s=1.74 ego_s=37.42 side=LEFT | left_clearance=0.62 right_clearance=-0.16 candidate_valid=true rung=0 pre_dist=2.00m | cache_used=false path_age=0.000 path_points=101 planning_time_ms=6.1
1787341493.091 [STATIC_AVOID] obs_id=178 obs_dist=3.26m obs_s=1.73 ego_s=37.99 side=LEFT | left_clearance=0.58 right_clearance=-0.16 candidate_valid=true rung=2 pre_dist=2.00m | cache_used=false path_age=0.000 path_points=101 planning_time_ms=31.7
1787341493.674 [STATIC_AVOID] obs_id=178 obs_dist=2.97m obs_s=1.68 ego_s=38.23 side=LEFT | left_clearance=0.55 right_clearance=-0.18 candidate_valid=true rung=2 pre_dist=2.00m | cache_used=false path_age=0.000 path_points=101 planning_time_ms=13.7
1787341494.282 [STATIC_AVOID] obs_id=184 obs_dist=2.37m obs_s=0.98 ego_s=38.12 side=LEFT | left_clearance=0.56 right_clearance=-0.17 candidate_valid=false rung=- pre_dist=2.00m | cache_used=false path_age=- path_points=0 planning_time_ms=12.2 | reason=group_obstacle_clearance | cache_reason=different_obstacle
1787341494.877 [STATIC_AVOID] obs_id=184 obs_dist=1.87m obs_s=0.91 ego_s=38.56 side=LEFT | left_clearance=0.58 right_clearance=-0.20 candidate_valid=true rung=0 pre_dist=2.00m | cache_used=false path_age=0.000 path_points=101 planning_time_ms=14.3
1787341495.477 [STATIC_AVOID] obs_id=184 obs_dist=1.67m obs_s=0.97 ego_s=38.82 side=LEFT | left_clearance=0.55 right_clearance=-0.19 candidate_valid=false rung=- pre_dist=2.00m | cache_used=false path_age=- path_points=0 planning_time_ms=11.7 | reason=group_obstacle_clearance | cache_reason=no_cache
1787341495.987 [STATIC_AVOID] obs_id=184 obs_dist=1.76m obs_s=0.97 ego_s=38.72 side=LEFT | left_clearance=0.60 right_clearance=-0.18 candidate_valid=true rung=2 pre_dist=2.00m | cache_used=false path_age=0.000 path_points=101 planning_time_ms=7.6
1787341496.571 [STATIC_AVOID] obs_id=184 obs_dist=1.91m obs_s=0.97 ego_s=38.57 side=LEFT | left_clearance=0.60 right_clearance=-0.22 candidate_valid=true rung=0 pre_dist=2.00m | cache_used=false path_age=0.000 path_points=101 planning_time_ms=11.2
1787341497.080 [STATIC_AVOID] obs_id=184 obs_dist=1.97m obs_s=0.97 ego_s=38.52 side=LEFT | left_clearance=0.60 right_clearance=-0.22 candidate_valid=true rung=2 pre_dist=2.00m | cache_used=false path_age=0.000 path_points=101 planning_time_ms=16.7
1787341497.583 [STATIC_AVOID] obs_id=178 obs_dist=2.08m obs_s=0.93 ego_s=38.36 side=LEFT | left_clearance=0.62 right_clearance=-0.21 candidate_valid=true rung=2 pre_dist=2.00m | cache_used=false path_age=0.000 path_points=101 planning_time_ms=20.0
1787341498.198 [STATIC_AVOID] obs_id=178 obs_dist=2.26m obs_s=0.83 ego_s=38.09 side=LEFT | left_clearance=0.62 right_clearance=-0.20 candidate_valid=true rung=2 pre_dist=2.00m | cache_used=false path_age=0.000 path_points=101 planning_time_ms=34.9
1787341498.767 [STATIC_AVOID] obs_id=178 obs_dist=2.20m obs_s=0.72 ego_s=38.04 side=LEFT | left_clearance=0.61 right_clearance=-0.20 candidate_valid=true rung=0 pre_dist=2.00m | cache_used=false path_age=0.000 path_points=101 planning_time_ms=8.2
1787341499.361 [STATIC_AVOID] obs_id=- obs_dist=-m obs_s=- ego_s=38.18 side=- | left_clearance=- right_clearance=- candidate_valid=false rung=- pre_dist=-m | cache_used=false path_age=- path_points=0 planning_time_ms=3.1 | reason=no_static_obstacle_in_range | cache_reason=no_cache
1787341499.899 [STATIC_AVOID] obs_id=178 obs_dist=0.81m obs_s=0.45 ego_s=39.16 side=- | left_clearance=0.63 right_clearance=-0.24 candidate_valid=false rung=- pre_dist=2.00m | cache_used=false path_age=- path_points=0 planning_time_ms=30.6 | reason=obstacle_clearance | cache_reason=no_cache
1787341500.476 [STATIC_AVOID] obs_id=178 obs_dist=-0.40m obs_s=0.54 ego_s=0.93 side=LEFT | left_clearance=0.64 right_clearance=-0.28 candidate_valid=true rung=0 pre_dist=2.99m | cache_used=false path_age=0.000 path_points=101 planning_time_ms=14.0
1787341501.067 [STATIC_AVOID] obs_id=186 obs_dist=-0.72m obs_s=1.43 ego_s=2.16 side=LEFT | left_clearance=0.77 right_clearance=-0.35 candidate_valid=true rung=0 pre_dist=2.52m | cache_used=false path_age=0.000 path_points=101 planning_time_ms=8.3
1787341501.659 [STATIC_AVOID] obs_id=- obs_dist=-m obs_s=- ego_s=3.74 side=- | left_clearance=- right_clearance=- candidate_valid=false rung=- pre_dist=-m | cache_used=false path_age=- path_points=0 planning_time_ms=0.2 | reason=no_static_obstacle_in_range | cache_reason=no_cache
1787341502.163 [STATIC_AVOID] obs_id=- obs_dist=-m obs_s=- ego_s=5.30 side=- | left_clearance=- right_clearance=- candidate_valid=false rung=- pre_dist=-m | cache_used=false path_age=- path_points=0 planning_time_ms=0.1 | reason=no_static_obstacle_in_range | cache_reason=no_cache
1787341502.762 [STATIC_AVOID] obs_id=- obs_dist=-m obs_s=- ego_s=7.51 side=- | left_clearance=- right_clearance=- candidate_valid=false rung=- pre_dist=-m | cache_used=false path_age=- path_points=0 planning_time_ms=0.1 | reason=no_static_obstacle_in_range | cache_reason=no_cache
1787341503.273 [STATIC_AVOID] obs_id=- obs_dist=-m obs_s=- ego_s=9.39 side=- | left_clearance=- right_clearance=- candidate_valid=false rung=- pre_dist=-m | cache_used=false path_age=- path_points=0 planning_time_ms=0.1 | reason=no_static_obstacle_in_range | cache_reason=no_cache
1787341503.877 [STATIC_AVOID] obs_id=- obs_dist=-m obs_s=- ego_s=11.52 side=- | left_clearance=- right_clearance=- candidate_valid=false rung=- pre_dist=-m | cache_used=false path_age=- path_points=0 planning_time_ms=0.1 | reason=no_static_obstacle_in_range | cache_reason=no_cache
1787341504.459 [STATIC_AVOID] obs_id=- obs_dist=-m obs_s=- ego_s=13.63 side=- | left_clearance=- right_clearance=- candidate_valid=false rung=- pre_dist=-m | cache_used=false path_age=- path_points=0 planning_time_ms=0.3 | reason=no_static_obstacle_in_range | cache_reason=no_cache
1787341504.959 [STATIC_AVOID] obs_id=- obs_dist=-m obs_s=- ego_s=15.36 side=- | left_clearance=- right_clearance=- candidate_valid=false rung=- pre_dist=-m | cache_used=false path_age=- path_points=0 planning_time_ms=0.1 | reason=no_static_obstacle_in_range | cache_reason=no_cache
1787341505.478 [STATIC_AVOID] obs_id=- obs_dist=-m obs_s=- ego_s=16.81 side=- | left_clearance=- right_clearance=- candidate_valid=false rung=- pre_dist=-m | cache_used=false path_age=- path_points=0 planning_time_ms=0.1 | reason=no_static_obstacle_in_range | cache_reason=no_cache
1787341506.059 [STATIC_AVOID] obs_id=- obs_dist=-m obs_s=- ego_s=18.17 side=- | left_clearance=- right_clearance=- candidate_valid=false rung=- pre_dist=-m | cache_used=false path_age=- path_points=0 planning_time_ms=0.2 | reason=no_static_obstacle_in_range | cache_reason=no_cache
1787341506.659 [STATIC_AVOID] obs_id=- obs_dist=-m obs_s=- ego_s=19.90 side=- | left_clearance=- right_clearance=- candidate_valid=false rung=- pre_dist=-m | cache_used=false path_age=- path_points=0 planning_time_ms=0.1 | reason=no_static_obstacle_in_range | cache_reason=no_cache
1787341507.159 [STATIC_AVOID] obs_id=- obs_dist=-m obs_s=- ego_s=21.89 side=- | left_clearance=- right_clearance=- candidate_valid=false rung=- pre_dist=-m | cache_used=false path_age=- path_points=0 planning_time_ms=0.1 | reason=no_static_obstacle_in_range | cache_reason=no_cache
1787341507.759 [STATIC_AVOID] obs_id=- obs_dist=-m obs_s=- ego_s=23.92 side=- | left_clearance=- right_clearance=- candidate_valid=false rung=- pre_dist=-m | cache_used=false path_age=- path_points=0 planning_time_ms=0.1 | reason=no_static_obstacle_in_range | cache_reason=no_cache
1787341508.275 [STATIC_AVOID] obs_id=- obs_dist=-m obs_s=- ego_s=24.58 side=- | left_clearance=- right_clearance=- candidate_valid=false rung=- pre_dist=-m | cache_used=false path_age=- path_points=0 planning_time_ms=0.1 | reason=no_static_obstacle_in_range | cache_reason=no_cache
1787341508.888 [STATIC_AVOID] obs_id=- obs_dist=-m obs_s=- ego_s=25.27 side=- | left_clearance=- right_clearance=- candidate_valid=false rung=- pre_dist=-m | cache_used=false path_age=- path_points=0 planning_time_ms=0.1 | reason=no_static_obstacle_in_range | cache_reason=no_cache
1787341509.465 [STATIC_AVOID] obs_id=- obs_dist=-m obs_s=- ego_s=25.27 side=- | left_clearance=- right_clearance=- candidate_valid=false rung=- pre_dist=-m | cache_used=false path_age=- path_points=0 planning_time_ms=0.1 | reason=no_static_obstacle_in_range | cache_reason=no_cache
1787341510.059 [STATIC_AVOID] obs_id=- obs_dist=-m obs_s=- ego_s=25.27 side=- | left_clearance=- right_clearance=- candidate_valid=false rung=- pre_dist=-m | cache_used=false path_age=- path_points=0 planning_time_ms=0.1 | reason=no_static_obstacle_in_range | cache_reason=no_cache
1787341510.560 [STATIC_AVOID] obs_id=- obs_dist=-m obs_s=- ego_s=25.31 side=- | left_clearance=- right_clearance=- candidate_valid=false rung=- pre_dist=-m | cache_used=false path_age=- path_points=0 planning_time_ms=0.1 | reason=no_static_obstacle_in_range | cache_reason=no_cache
1787341511.064 [STATIC_AVOID] obs_id=- obs_dist=-m obs_s=- ego_s=25.62 side=- | left_clearance=- right_clearance=- candidate_valid=false rung=- pre_dist=-m | cache_used=false path_age=- path_points=0 planning_time_ms=0.1 | reason=no_static_obstacle_in_range | cache_reason=no_cache
1787341511.660 [STATIC_AVOID] obs_id=- obs_dist=-m obs_s=- ego_s=26.95 side=- | left_clearance=- right_clearance=- candidate_valid=false rung=- pre_dist=-m | cache_used=false path_age=- path_points=0 planning_time_ms=0.1 | reason=no_static_obstacle_in_range | cache_reason=no_cache
1787341512.259 [STATIC_AVOID] obs_id=- obs_dist=-m obs_s=- ego_s=28.96 side=- | left_clearance=- right_clearance=- candidate_valid=false rung=- pre_dist=-m | cache_used=false path_age=- path_points=0 planning_time_ms=0.1 | reason=no_static_obstacle_in_range | cache_reason=no_cache
1787341512.762 [STATIC_AVOID] obs_id=- obs_dist=-m obs_s=- ego_s=30.70 side=- | left_clearance=- right_clearance=- candidate_valid=false rung=- pre_dist=-m | cache_used=false path_age=- path_points=0 planning_time_ms=0.1 | reason=no_static_obstacle_in_range | cache_reason=no_cache
1787341513.359 [STATIC_AVOID] obs_id=- obs_dist=-m obs_s=- ego_s=31.99 side=- | left_clearance=- right_clearance=- candidate_valid=false rung=- pre_dist=-m | cache_used=false path_age=- path_points=0 planning_time_ms=0.1 | reason=no_static_obstacle_in_range | cache_reason=no_cache
1787341513.963 [STATIC_AVOID] obs_id=- obs_dist=-m obs_s=- ego_s=33.54 side=- | left_clearance=- right_clearance=- candidate_valid=false rung=- pre_dist=-m | cache_used=false path_age=- path_points=0 planning_time_ms=0.1 | reason=no_static_obstacle_in_range | cache_reason=no_cache
1787341514.569 [STATIC_AVOID] obs_id=- obs_dist=-m obs_s=- ego_s=34.56 side=- | left_clearance=- right_clearance=- candidate_valid=false rung=- pre_dist=-m | cache_used=false path_age=- path_points=0 planning_time_ms=0.2 | reason=no_static_obstacle_in_range | cache_reason=no_cache
1787341515.078 [STATIC_AVOID] obs_id=197 obs_dist=5.74m obs_s=1.85 ego_s=35.63 side=LEFT | left_clearance=0.61 right_clearance=0.00 candidate_valid=true rung=0 pre_dist=3.69m | cache_used=false path_age=0.000 path_points=116 planning_time_ms=19.4
1787341515.669 [STATIC_AVOID] obs_id=197 obs_dist=4.44m obs_s=1.85 ego_s=36.93 side=LEFT | left_clearance=0.61 right_clearance=0.00 candidate_valid=true rung=0 pre_dist=3.69m | cache_used=false path_age=0.000 path_points=101 planning_time_ms=6.1
1787341516.266 [STATIC_AVOID] obs_id=197 obs_dist=3.30m obs_s=2.01 ego_s=38.23 side=LEFT | left_clearance=0.57 right_clearance=-0.12 candidate_valid=true rung=0 pre_dist=3.85m | cache_used=false path_age=0.000 path_points=101 planning_time_ms=5.8
1787341516.767 [STATIC_AVOID] obs_id=197 obs_dist=2.80m obs_s=1.99 ego_s=38.71 side=LEFT | left_clearance=0.58 right_clearance=-0.12 candidate_valid=true rung=0 pre_dist=3.83m | cache_used=false path_age=0.000 path_points=101 planning_time_ms=4.9
1787341517.495 [STATIC_AVOID] obs_id=197 obs_dist=2.76m obs_s=1.90 ego_s=38.66 side=LEFT | left_clearance=0.58 right_clearance=-0.15 candidate_valid=false rung=- pre_dist=3.74m | cache_used=false path_age=- path_points=0 planning_time_ms=13.3 | reason=obstacle_clearance | cache_reason=cache_expired
1787341518.071 [STATIC_AVOID] obs_id=197 obs_dist=2.72m obs_s=1.76 ego_s=38.56 side=LEFT | left_clearance=0.60 right_clearance=-0.16 candidate_valid=true rung=0 pre_dist=3.60m | cache_used=false path_age=0.000 path_points=101 planning_time_ms=9.2
1787341518.589 [STATIC_AVOID] obs_id=197 obs_dist=2.66m obs_s=1.69 ego_s=38.54 side=LEFT | left_clearance=0.60 right_clearance=-0.17 candidate_valid=true rung=2 pre_dist=2.00m | cache_used=false path_age=0.000 path_points=101 planning_time_ms=30.7
1787341519.168 [STATIC_AVOID] obs_id=196 obs_dist=1.70m obs_s=0.87 ego_s=38.69 side=LEFT | left_clearance=0.26 right_clearance=0.15 candidate_valid=true rung=0 pre_dist=2.00m | cache_used=false path_age=0.000 path_points=101 planning_time_ms=3.6
1787341519.671 [STATIC_AVOID] obs_id=197 obs_dist=2.01m obs_s=1.33 ego_s=38.84 side=LEFT | left_clearance=0.62 right_clearance=-0.19 candidate_valid=true rung=0 pre_dist=2.00m | cache_used=false path_age=0.000 path_points=101 planning_time_ms=5.5
1787341520.262 [STATIC_AVOID] obs_id=197 obs_dist=1.30m obs_s=1.33 ego_s=0.02 side=LEFT | left_clearance=0.62 right_clearance=-0.19 candidate_valid=true rung=0 pre_dist=2.00m | cache_used=false path_age=0.000 path_points=101 planning_time_ms=3.7
1787341520.777 [STATIC_AVOID] obs_id=197 obs_dist=0.15m obs_s=1.33 ego_s=1.18 side=LEFT | left_clearance=0.62 right_clearance=-0.19 candidate_valid=true rung=0 pre_dist=2.35m | cache_used=false path_age=0.000 path_points=101 planning_time_ms=15.8
