# static_avoidance_node debug log started 20260822_132029
1787372433.794 [STATIC_AVOID] obs_id=- obs_dist=-m obs_s=- ego_s=31.64 side=- | left_clearance=- right_clearance=- candidate_valid=false rung=- pre_dist=-m | cache_used=false path_age=- path_points=0 planning_time_ms=0.2 | reason=no_static_obstacle_in_range | cache_reason=no_cache
1787372434.296 [STATIC_AVOID] obs_id=- obs_dist=-m obs_s=- ego_s=31.65 side=- | left_clearance=- right_clearance=- candidate_valid=false rung=- pre_dist=-m | cache_used=false path_age=- path_points=0 planning_time_ms=0.1 | reason=no_static_obstacle_in_range | cache_reason=no_cache
1787372434.796 [STATIC_AVOID] obs_id=- obs_dist=-m obs_s=- ego_s=31.65 side=- | left_clearance=- right_clearance=- candidate_valid=false rung=- pre_dist=-m | cache_used=false path_age=- path_points=0 planning_time_ms=0.1 | reason=no_static_obstacle_in_range | cache_reason=no_cache
1787372435.396 [STATIC_AVOID] obs_id=- obs_dist=-m obs_s=- ego_s=31.63 side=- | left_clearance=- right_clearance=- candidate_valid=false rung=- pre_dist=-m | cache_used=false path_age=- path_points=0 planning_time_ms=0.1 | reason=no_static_obstacle_in_range | cache_reason=no_cache
1787372435.996 [STATIC_AVOID] obs_id=- obs_dist=-m obs_s=- ego_s=31.62 side=- | left_clearance=- right_clearance=- candidate_valid=false rung=- pre_dist=-m | cache_used=false path_age=- path_points=0 planning_time_ms=0.1 | reason=no_static_obstacle_in_range | cache_reason=no_cache
1787372436.497 [STATIC_AVOID] obs_id=- obs_dist=-m obs_s=- ego_s=31.65 side=- | left_clearance=- right_clearance=- candidate_valid=false rung=- pre_dist=-m | cache_used=false path_age=- path_points=0 planning_time_ms=0.1 | reason=no_static_obstacle_in_range | cache_reason=no_cache
1787372437.095 [STATIC_AVOID] obs_id=- obs_dist=-m obs_s=- ego_s=31.65 side=- | left_clearance=- right_clearance=- candidate_valid=false rung=- pre_dist=-m | cache_used=false path_age=- path_points=0 planning_time_ms=0.1 | reason=no_static_obstacle_in_range | cache_reason=no_cache
1787372437.598 [STATIC_AVOID] obs_id=- obs_dist=-m obs_s=- ego_s=31.64 side=- | left_clearance=- right_clearance=- candidate_valid=false rung=- pre_dist=-m | cache_used=false path_age=- path_points=0 planning_time_ms=0.1 | reason=no_static_obstacle_in_range | cache_reason=no_cache
1787372438.195 [STATIC_AVOID] obs_id=- obs_dist=-m obs_s=- ego_s=31.64 side=- | left_clearance=- right_clearance=- candidate_valid=false rung=- pre_dist=-m | cache_used=false path_age=- path_points=0 planning_time_ms=0.1 | reason=no_static_obstacle_in_range | cache_reason=no_cache
1787372438.796 [STATIC_AVOID] obs_id=- obs_dist=-m obs_s=- ego_s=31.64 side=- | left_clearance=- right_clearance=- candidate_valid=false rung=- pre_dist=-m | cache_used=false path_age=- path_points=0 planning_time_ms=0.1 | reason=no_static_obstacle_in_range | cache_reason=no_cache
1787372439.297 [STATIC_AVOID] obs_id=- obs_dist=-m obs_s=- ego_s=31.63 side=- | left_clearance=- right_clearance=- candidate_valid=false rung=- pre_dist=-m | cache_used=false path_age=- path_points=0 planning_time_ms=0.1 | reason=no_static_obstacle_in_range | cache_reason=no_cache
1787372439.798 [STATIC_AVOID] obs_id=- obs_dist=-m obs_s=- ego_s=31.64 side=- | left_clearance=- right_clearance=- candidate_valid=false rung=- pre_dist=-m | cache_used=false path_age=- path_points=0 planning_time_ms=0.1 | reason=no_static_obstacle_in_range | cache_reason=no_cache
1787372440.395 [STATIC_AVOID] obs_id=- obs_dist=-m obs_s=- ego_s=31.64 side=- | left_clearance=- right_clearance=- candidate_valid=false rung=- pre_dist=-m | cache_used=false path_age=- path_points=0 planning_time_ms=0.1 | reason=no_static_obstacle_in_range | cache_reason=no_cache
1787372440.901 [STATIC_AVOID] obs_id=- obs_dist=-m obs_s=- ego_s=31.64 side=- | left_clearance=- right_clearance=- candidate_valid=false rung=- pre_dist=-m | cache_used=false path_age=- path_points=0 planning_time_ms=0.1 | reason=no_static_obstacle_in_range | cache_reason=no_cache
1787372441.502 [STATIC_AVOID] obs_id=- obs_dist=-m obs_s=- ego_s=31.63 side=- | left_clearance=- right_clearance=- candidate_valid=false rung=- pre_dist=-m | cache_used=false path_age=- path_points=0 planning_time_ms=0.1 | reason=no_static_obstacle_in_range | cache_reason=no_cache
1787372442.096 [STATIC_AVOID] obs_id=- obs_dist=-m obs_s=- ego_s=31.64 side=- | left_clearance=- right_clearance=- candidate_valid=false rung=- pre_dist=-m | cache_used=false path_age=- path_points=0 planning_time_ms=0.1 | reason=no_static_obstacle_in_range | cache_reason=no_cache
1787372442.696 [STATIC_AVOID] obs_id=- obs_dist=-m obs_s=- ego_s=31.63 side=- | left_clearance=- right_clearance=- candidate_valid=false rung=- pre_dist=-m | cache_used=false path_age=- path_points=0 planning_time_ms=0.1 | reason=no_static_obstacle_in_range | cache_reason=no_cache
1787372443.202 [STATIC_AVOID] obs_id=- obs_dist=-m obs_s=- ego_s=31.64 side=- | left_clearance=- right_clearance=- candidate_valid=false rung=- pre_dist=-m | cache_used=false path_age=- path_points=0 planning_time_ms=0.1 | reason=no_static_obstacle_in_range | cache_reason=no_cache
1787372443.797 [STATIC_AVOID] obs_id=- obs_dist=-m obs_s=- ego_s=31.64 side=- | left_clearance=- right_clearance=- candidate_valid=false rung=- pre_dist=-m | cache_used=false path_age=- path_points=0 planning_time_ms=0.1 | reason=no_static_obstacle_in_range | cache_reason=no_cache
1787372444.298 [STATIC_AVOID] obs_id=- obs_dist=-m obs_s=- ego_s=31.63 side=- | left_clearance=- right_clearance=- candidate_valid=false rung=- pre_dist=-m | cache_used=false path_age=- path_points=0 planning_time_ms=0.1 | reason=no_static_obstacle_in_range | cache_reason=no_cache
1787372444.798 [STATIC_AVOID] obs_id=- obs_dist=-m obs_s=- ego_s=31.63 side=- | left_clearance=- right_clearance=- candidate_valid=false rung=- pre_dist=-m | cache_used=false path_age=- path_points=0 planning_time_ms=0.2 | reason=no_static_obstacle_in_range | cache_reason=no_cache
1787372445.396 [STATIC_AVOID] obs_id=- obs_dist=-m obs_s=- ego_s=31.63 side=- | left_clearance=- right_clearance=- candidate_valid=false rung=- pre_dist=-m | cache_used=false path_age=- path_points=0 planning_time_ms=0.1 | reason=no_static_obstacle_in_range | cache_reason=no_cache
1787372445.998 [STATIC_AVOID] obs_id=- obs_dist=-m obs_s=- ego_s=31.64 side=- | left_clearance=- right_clearance=- candidate_valid=false rung=- pre_dist=-m | cache_used=false path_age=- path_points=0 planning_time_ms=0.3 | reason=no_static_obstacle_in_range | cache_reason=no_cache
1787372446.596 [STATIC_AVOID] obs_id=- obs_dist=-m obs_s=- ego_s=31.63 side=- | left_clearance=- right_clearance=- candidate_valid=false rung=- pre_dist=-m | cache_used=false path_age=- path_points=0 planning_time_ms=0.1 | reason=no_static_obstacle_in_range | cache_reason=no_cache
1787372447.097 [STATIC_AVOID] obs_id=- obs_dist=-m obs_s=- ego_s=31.65 side=- | left_clearance=- right_clearance=- candidate_valid=false rung=- pre_dist=-m | cache_used=false path_age=- path_points=0 planning_time_ms=0.1 | reason=no_static_obstacle_in_range | cache_reason=no_cache
1787372447.695 [STATIC_AVOID] obs_id=- obs_dist=-m obs_s=- ego_s=31.63 side=- | left_clearance=- right_clearance=- candidate_valid=false rung=- pre_dist=-m | cache_used=false path_age=- path_points=0 planning_time_ms=0.2 | reason=no_static_obstacle_in_range | cache_reason=no_cache
1787372448.195 [STATIC_AVOID] obs_id=- obs_dist=-m obs_s=- ego_s=31.64 side=- | left_clearance=- right_clearance=- candidate_valid=false rung=- pre_dist=-m | cache_used=false path_age=- path_points=0 planning_time_ms=0.1 | reason=no_static_obstacle_in_range | cache_reason=no_cache
1787372448.701 [STATIC_AVOID] obs_id=1 obs_dist=7.60m obs_s=0.42 ego_s=31.64 side=- | left_clearance=0.11 right_clearance=0.18 candidate_valid=false rung=- pre_dist=2.00m | cache_used=false path_age=- path_points=0 planning_time_ms=5.7 | reason=map_occupied | cache_reason=no_cache
1787372449.205 [STATIC_AVOID] obs_id=1 obs_dist=7.67m obs_s=0.41 ego_s=31.56 side=- | left_clearance=0.14 right_clearance=0.19 candidate_valid=false rung=- pre_dist=2.00m | cache_used=false path_age=- path_points=0 planning_time_ms=7.1 | reason=track_too_narrow | cache_reason=no_cache
1787372449.800 [STATIC_AVOID] obs_id=1 obs_dist=7.63m obs_s=0.38 ego_s=31.57 side=- | left_clearance=0.16 right_clearance=0.10 candidate_valid=false rung=- pre_dist=2.00m | cache_used=false path_age=- path_points=0 planning_time_ms=4.8 | reason=track_too_narrow | cache_reason=no_cache
1787372450.401 [STATIC_AVOID] obs_id=1 obs_dist=7.56m obs_s=0.38 ego_s=31.64 side=- | left_clearance=0.18 right_clearance=0.12 candidate_valid=false rung=- pre_dist=2.00m | cache_used=false path_age=- path_points=0 planning_time_ms=5.2 | reason=track_too_narrow | cache_reason=no_cache
1787372451.001 [STATIC_AVOID] obs_id=1 obs_dist=7.61m obs_s=0.38 ego_s=31.59 side=- | left_clearance=0.15 right_clearance=0.11 candidate_valid=false rung=- pre_dist=2.00m | cache_used=false path_age=- path_points=0 planning_time_ms=5.7 | reason=track_too_narrow | cache_reason=no_cache
1787372451.503 [STATIC_AVOID] obs_id=1 obs_dist=7.59m obs_s=0.38 ego_s=31.61 side=- | left_clearance=0.15 right_clearance=0.11 candidate_valid=false rung=- pre_dist=2.00m | cache_used=false path_age=- path_points=0 planning_time_ms=5.7 | reason=track_too_narrow | cache_reason=no_cache
1787372452.004 [STATIC_AVOID] obs_id=1 obs_dist=4.82m obs_s=0.38 ego_s=34.38 side=RIGHT | left_clearance=0.16 right_clearance=0.12 candidate_valid=true rung=0 pre_dist=2.00m | cache_used=false path_age=0.000 path_points=104 planning_time_ms=5.3
1787372452.598 [STATIC_AVOID] obs_id=1 obs_dist=4.42m obs_s=0.38 ego_s=34.78 side=RIGHT | left_clearance=0.16 right_clearance=0.12 candidate_valid=true rung=0 pre_dist=2.00m | cache_used=false path_age=0.000 path_points=101 planning_time_ms=3.5
1787372453.101 [STATIC_AVOID] obs_id=1 obs_dist=4.75m obs_s=0.38 ego_s=34.45 side=RIGHT | left_clearance=0.16 right_clearance=0.12 candidate_valid=false rung=- pre_dist=2.00m | cache_used=true path_age=0.206 path_points=101 planning_time_ms=4.2 | reason=track_too_narrow
1787372453.714 [STATIC_AVOID] obs_id=1 obs_dist=5.00m obs_s=0.38 ego_s=34.19 side=RIGHT | left_clearance=0.16 right_clearance=0.12 candidate_valid=true rung=0 pre_dist=2.00m | cache_used=false path_age=0.000 path_points=106 planning_time_ms=3.8
1787372454.296 [STATIC_AVOID] obs_id=- obs_dist=-m obs_s=- ego_s=34.13 side=- | left_clearance=- right_clearance=- candidate_valid=false rung=- pre_dist=-m | cache_used=false path_age=- path_points=0 planning_time_ms=0.1 | reason=no_static_obstacle_in_range | cache_reason=no_cache
1787372454.895 [STATIC_AVOID] obs_id=- obs_dist=-m obs_s=- ego_s=34.23 side=- | left_clearance=- right_clearance=- candidate_valid=false rung=- pre_dist=-m | cache_used=false path_age=- path_points=0 planning_time_ms=0.1 | reason=no_static_obstacle_in_range | cache_reason=no_cache
1787372455.495 [STATIC_AVOID] obs_id=- obs_dist=-m obs_s=- ego_s=31.59 side=- | left_clearance=- right_clearance=- candidate_valid=false rung=- pre_dist=-m | cache_used=false path_age=- path_points=0 planning_time_ms=0.1 | reason=no_static_obstacle_in_range | cache_reason=no_cache
1787372456.004 [STATIC_AVOID] obs_id=8 obs_dist=7.56m obs_s=0.36 ego_s=31.61 side=- | left_clearance=0.20 right_clearance=0.09 candidate_valid=false rung=- pre_dist=2.01m | cache_used=false path_age=- path_points=0 planning_time_ms=6.6 | reason=track_too_narrow | cache_reason=no_cache
1787372456.505 [STATIC_AVOID] obs_id=8 obs_dist=7.55m obs_s=0.37 ego_s=31.64 side=- | left_clearance=0.16 right_clearance=0.10 candidate_valid=false rung=- pre_dist=2.03m | cache_used=false path_age=- path_points=0 planning_time_ms=9.5 | reason=track_too_narrow | cache_reason=no_cache
1787372457.098 [STATIC_AVOID] obs_id=8 obs_dist=7.56m obs_s=0.38 ego_s=31.64 side=- | left_clearance=0.16 right_clearance=0.14 candidate_valid=false rung=- pre_dist=2.04m | cache_used=false path_age=- path_points=0 planning_time_ms=3.9 | reason=track_too_narrow | cache_reason=no_cache
1787372457.598 [STATIC_AVOID] obs_id=8 obs_dist=7.57m obs_s=0.38 ego_s=31.63 side=- | left_clearance=0.13 right_clearance=0.13 candidate_valid=false rung=- pre_dist=2.04m | cache_used=false path_age=- path_points=0 planning_time_ms=3.4 | reason=track_too_narrow | cache_reason=no_cache
1787372458.205 [STATIC_AVOID] obs_id=8 obs_dist=7.58m obs_s=0.39 ego_s=31.62 side=- | left_clearance=0.15 right_clearance=0.14 candidate_valid=false rung=- pre_dist=2.04m | cache_used=false path_age=- path_points=0 planning_time_ms=3.4 | reason=track_too_narrow | cache_reason=no_cache
1787372458.798 [STATIC_AVOID] obs_id=8 obs_dist=7.59m obs_s=0.39 ego_s=31.61 side=- | left_clearance=0.13 right_clearance=0.13 candidate_valid=false rung=- pre_dist=2.05m | cache_used=false path_age=- path_points=0 planning_time_ms=3.3 | reason=track_too_narrow | cache_reason=no_cache
1787372459.299 [STATIC_AVOID] obs_id=8 obs_dist=7.59m obs_s=0.39 ego_s=31.61 side=- | left_clearance=0.13 right_clearance=0.14 candidate_valid=false rung=- pre_dist=2.05m | cache_used=false path_age=- path_points=0 planning_time_ms=4.0 | reason=track_too_narrow | cache_reason=no_cache
1787372459.801 [STATIC_AVOID] obs_id=8 obs_dist=7.59m obs_s=0.39 ego_s=31.61 side=- | left_clearance=0.14 right_clearance=0.15 candidate_valid=false rung=- pre_dist=2.05m | cache_used=false path_age=- path_points=0 planning_time_ms=3.4 | reason=track_too_narrow | cache_reason=no_cache
1787372460.401 [STATIC_AVOID] obs_id=8 obs_dist=7.57m obs_s=0.39 ego_s=31.63 side=- | left_clearance=0.12 right_clearance=0.13 candidate_valid=false rung=- pre_dist=2.05m | cache_used=false path_age=- path_points=0 planning_time_ms=4.3 | reason=track_too_narrow | cache_reason=no_cache
1787372460.901 [STATIC_AVOID] obs_id=8 obs_dist=7.61m obs_s=0.39 ego_s=31.59 side=- | left_clearance=0.12 right_clearance=0.13 candidate_valid=false rung=- pre_dist=2.05m | cache_used=false path_age=- path_points=0 planning_time_ms=6.1 | reason=map_occupied | cache_reason=no_cache
1787372461.502 [STATIC_AVOID] obs_id=8 obs_dist=7.58m obs_s=0.39 ego_s=31.63 side=- | left_clearance=0.14 right_clearance=0.15 candidate_valid=false rung=- pre_dist=2.05m | cache_used=false path_age=- path_points=0 planning_time_ms=3.2 | reason=track_too_narrow | cache_reason=no_cache
1787372462.016 [STATIC_AVOID] obs_id=8 obs_dist=7.61m obs_s=0.39 ego_s=31.60 side=- | left_clearance=0.12 right_clearance=0.14 candidate_valid=false rung=- pre_dist=2.05m | cache_used=false path_age=- path_points=0 planning_time_ms=8.9 | reason=map_occupied | cache_reason=no_cache
1787372462.604 [STATIC_AVOID] obs_id=8 obs_dist=7.59m obs_s=0.39 ego_s=31.62 side=- | left_clearance=0.14 right_clearance=0.15 candidate_valid=false rung=- pre_dist=2.05m | cache_used=false path_age=- path_points=0 planning_time_ms=5.0 | reason=track_too_narrow | cache_reason=no_cache
1787372463.207 [STATIC_AVOID] obs_id=8 obs_dist=7.59m obs_s=0.39 ego_s=31.62 side=- | left_clearance=0.14 right_clearance=0.15 candidate_valid=false rung=- pre_dist=2.05m | cache_used=false path_age=- path_points=0 planning_time_ms=9.3 | reason=track_too_narrow | cache_reason=no_cache
1787372463.801 [STATIC_AVOID] obs_id=8 obs_dist=7.59m obs_s=0.39 ego_s=31.62 side=- | left_clearance=0.14 right_clearance=0.15 candidate_valid=false rung=- pre_dist=2.05m | cache_used=false path_age=- path_points=0 planning_time_ms=5.1 | reason=track_too_narrow | cache_reason=no_cache
1787372464.303 [STATIC_AVOID] obs_id=8 obs_dist=7.60m obs_s=0.39 ego_s=31.61 side=- | left_clearance=0.12 right_clearance=0.13 candidate_valid=false rung=- pre_dist=2.05m | cache_used=false path_age=- path_points=0 planning_time_ms=4.5 | reason=map_occupied | cache_reason=no_cache
1787372464.900 [STATIC_AVOID] obs_id=8 obs_dist=7.58m obs_s=0.39 ego_s=31.63 side=- | left_clearance=0.14 right_clearance=0.15 candidate_valid=false rung=- pre_dist=2.05m | cache_used=false path_age=- path_points=0 planning_time_ms=3.7 | reason=track_too_narrow | cache_reason=no_cache
1787372465.502 [STATIC_AVOID] obs_id=8 obs_dist=7.51m obs_s=0.39 ego_s=31.69 side=- | left_clearance=0.15 right_clearance=0.15 candidate_valid=false rung=- pre_dist=2.05m | cache_used=false path_age=- path_points=0 planning_time_ms=4.5 | reason=map_occupied | cache_reason=no_cache
1787372466.003 [STATIC_AVOID] obs_id=8 obs_dist=6.88m obs_s=0.39 ego_s=32.32 side=RIGHT | left_clearance=0.16 right_clearance=0.15 candidate_valid=false rung=- pre_dist=2.05m | cache_used=true path_age=0.209 path_points=128 planning_time_ms=6.9 | reason=track_too_narrow
1787372466.506 [STATIC_AVOID] obs_id=8 obs_dist=6.02m obs_s=0.39 ego_s=33.18 side=RIGHT | left_clearance=0.15 right_clearance=0.13 candidate_valid=true rung=0 pre_dist=2.05m | cache_used=false path_age=0.000 path_points=121 planning_time_ms=3.6
1787372467.100 [STATIC_AVOID] obs_id=8 obs_dist=4.03m obs_s=0.39 ego_s=35.17 side=RIGHT | left_clearance=0.19 right_clearance=0.15 candidate_valid=true rung=0 pre_dist=2.05m | cache_used=false path_age=0.000 path_points=101 planning_time_ms=3.7
1787372467.737 [STATIC_AVOID] obs_id=8 obs_dist=3.15m obs_s=0.39 ego_s=36.06 side=RIGHT | left_clearance=0.20 right_clearance=0.15 candidate_valid=false rung=- pre_dist=2.05m | cache_used=true path_age=0.243 path_points=101 planning_time_ms=10.9 | reason=track_too_narrow
1787372468.321 [STATIC_AVOID] obs_id=8 obs_dist=1.64m obs_s=0.38 ego_s=37.56 side=RIGHT | left_clearance=0.18 right_clearance=0.13 candidate_valid=true rung=0 pre_dist=2.04m | cache_used=false path_age=0.000 path_points=101 planning_time_ms=13.4
1787372468.899 [STATIC_AVOID] obs_id=8 obs_dist=0.74m obs_s=0.37 ego_s=38.45 side=RIGHT | left_clearance=0.17 right_clearance=0.11 candidate_valid=true rung=0 pre_dist=2.03m | cache_used=false path_age=0.000 path_points=101 planning_time_ms=3.9
1787372469.403 [STATIC_AVOID] obs_id=8 obs_dist=-0.71m obs_s=0.37 ego_s=1.08 side=RIGHT | left_clearance=0.28 right_clearance=0.21 candidate_valid=true rung=0 pre_dist=3.24m | cache_used=false path_age=0.000 path_points=101 planning_time_ms=5.1
1787372469.996 [STATIC_AVOID] obs_id=- obs_dist=-m obs_s=- ego_s=3.69 side=- | left_clearance=- right_clearance=- candidate_valid=false rung=- pre_dist=-m | cache_used=false path_age=- path_points=0 planning_time_ms=0.1 | reason=no_static_obstacle_in_range | cache_reason=no_cache
1787372470.597 [STATIC_AVOID] obs_id=- obs_dist=-m obs_s=- ego_s=6.42 side=- | left_clearance=- right_clearance=- candidate_valid=false rung=- pre_dist=-m | cache_used=false path_age=- path_points=0 planning_time_ms=0.1 | reason=no_static_obstacle_in_range | cache_reason=no_cache
1787372471.198 [STATIC_AVOID] obs_id=- obs_dist=-m obs_s=- ego_s=8.66 side=- | left_clearance=- right_clearance=- candidate_valid=false rung=- pre_dist=-m | cache_used=false path_age=- path_points=0 planning_time_ms=0.1 | reason=no_static_obstacle_in_range | cache_reason=no_cache
1787372471.701 [STATIC_AVOID] obs_id=- obs_dist=-m obs_s=- ego_s=10.52 side=- | left_clearance=- right_clearance=- candidate_valid=false rung=- pre_dist=-m | cache_used=false path_age=- path_points=0 planning_time_ms=0.1 | reason=no_static_obstacle_in_range | cache_reason=no_cache
1787372472.296 [STATIC_AVOID] obs_id=- obs_dist=-m obs_s=- ego_s=12.45 side=- | left_clearance=- right_clearance=- candidate_valid=false rung=- pre_dist=-m | cache_used=false path_age=- path_points=0 planning_time_ms=0.1 | reason=no_static_obstacle_in_range | cache_reason=no_cache
1787372472.897 [STATIC_AVOID] obs_id=- obs_dist=-m obs_s=- ego_s=14.54 side=- | left_clearance=- right_clearance=- candidate_valid=false rung=- pre_dist=-m | cache_used=false path_age=- path_points=0 planning_time_ms=0.1 | reason=no_static_obstacle_in_range | cache_reason=no_cache
1787372473.498 [STATIC_AVOID] obs_id=- obs_dist=-m obs_s=- ego_s=16.46 side=- | left_clearance=- right_clearance=- candidate_valid=false rung=- pre_dist=-m | cache_used=false path_age=- path_points=0 planning_time_ms=0.1 | reason=no_static_obstacle_in_range | cache_reason=no_cache
1787372474.099 [STATIC_AVOID] obs_id=- obs_dist=-m obs_s=- ego_s=17.90 side=- | left_clearance=- right_clearance=- candidate_valid=false rung=- pre_dist=-m | cache_used=false path_age=- path_points=0 planning_time_ms=0.1 | reason=no_static_obstacle_in_range | cache_reason=no_cache
1787372474.599 [STATIC_AVOID] obs_id=- obs_dist=-m obs_s=- ego_s=19.74 side=- | left_clearance=- right_clearance=- candidate_valid=false rung=- pre_dist=-m | cache_used=false path_age=- path_points=0 planning_time_ms=0.1 | reason=no_static_obstacle_in_range | cache_reason=no_cache
1787372475.200 [STATIC_AVOID] obs_id=- obs_dist=-m obs_s=- ego_s=22.06 side=- | left_clearance=- right_clearance=- candidate_valid=false rung=- pre_dist=-m | cache_used=false path_age=- path_points=0 planning_time_ms=0.1 | reason=no_static_obstacle_in_range | cache_reason=no_cache
1787372475.800 [STATIC_AVOID] obs_id=- obs_dist=-m obs_s=- ego_s=24.22 side=- | left_clearance=- right_clearance=- candidate_valid=false rung=- pre_dist=-m | cache_used=false path_age=- path_points=0 planning_time_ms=0.1 | reason=no_static_obstacle_in_range | cache_reason=no_cache
1787372476.396 [STATIC_AVOID] obs_id=- obs_dist=-m obs_s=- ego_s=26.27 side=- | left_clearance=- right_clearance=- candidate_valid=false rung=- pre_dist=-m | cache_used=false path_age=- path_points=0 planning_time_ms=0.2 | reason=no_static_obstacle_in_range | cache_reason=no_cache
1787372476.999 [STATIC_AVOID] obs_id=- obs_dist=-m obs_s=- ego_s=28.68 side=- | left_clearance=- right_clearance=- candidate_valid=false rung=- pre_dist=-m | cache_used=false path_age=- path_points=0 planning_time_ms=0.1 | reason=no_static_obstacle_in_range | cache_reason=no_cache
1787372477.595 [STATIC_AVOID] obs_id=- obs_dist=-m obs_s=- ego_s=30.79 side=- | left_clearance=- right_clearance=- candidate_valid=false rung=- pre_dist=-m | cache_used=false path_age=- path_points=0 planning_time_ms=0.1 | reason=no_static_obstacle_in_range | cache_reason=no_cache
1787372478.196 [STATIC_AVOID] obs_id=- obs_dist=-m obs_s=- ego_s=32.64 side=- | left_clearance=- right_clearance=- candidate_valid=false rung=- pre_dist=-m | cache_used=false path_age=- path_points=0 planning_time_ms=0.1 | reason=no_static_obstacle_in_range | cache_reason=no_cache
1787372478.700 [STATIC_AVOID] obs_id=14 obs_dist=4.91m obs_s=0.32 ego_s=34.23 side=LEFT | left_clearance=0.42 right_clearance=-0.10 candidate_valid=true rung=0 pre_dist=5.93m | cache_used=false path_age=0.000 path_points=114 planning_time_ms=5.8
1787372479.201 [STATIC_AVOID] obs_id=14 obs_dist=3.92m obs_s=0.37 ego_s=35.26 side=LEFT | left_clearance=0.43 right_clearance=-0.10 candidate_valid=true rung=0 pre_dist=5.97m | cache_used=false path_age=0.000 path_points=101 planning_time_ms=4.4
1787372479.798 [STATIC_AVOID] obs_id=14 obs_dist=1.96m obs_s=0.35 ego_s=37.20 side=LEFT | left_clearance=0.42 right_clearance=-0.10 candidate_valid=false rung=- pre_dist=5.95m | cache_used=false path_age=- path_points=0 planning_time_ms=4.3 | reason=obstacle_clearance | cache_reason=cache_collision
1787372480.299 [STATIC_AVOID] obs_id=14 obs_dist=0.73m obs_s=0.33 ego_s=38.42 side=LEFT | left_clearance=0.40 right_clearance=-0.12 candidate_valid=true rung=0 pre_dist=5.94m | cache_used=false path_age=0.000 path_points=101 planning_time_ms=3.4
1787372480.801 [STATIC_AVOID] obs_id=14 obs_dist=-0.66m obs_s=0.31 ego_s=0.97 side=LEFT | left_clearance=0.46 right_clearance=-0.08 candidate_valid=true rung=0 pre_dist=7.08m | cache_used=false path_age=0.000 path_points=101 planning_time_ms=6.1
1787372481.396 [STATIC_AVOID] obs_id=- obs_dist=-m obs_s=- ego_s=3.36 side=- | left_clearance=- right_clearance=- candidate_valid=false rung=- pre_dist=-m | cache_used=false path_age=- path_points=0 planning_time_ms=0.2 | reason=no_static_obstacle_in_range | cache_reason=no_cache
1787372482.001 [STATIC_AVOID] obs_id=- obs_dist=-m obs_s=- ego_s=6.05 side=- | left_clearance=- right_clearance=- candidate_valid=false rung=- pre_dist=-m | cache_used=false path_age=- path_points=0 planning_time_ms=0.1 | reason=no_static_obstacle_in_range | cache_reason=no_cache
1787372482.595 [STATIC_AVOID] obs_id=- obs_dist=-m obs_s=- ego_s=8.39 side=- | left_clearance=- right_clearance=- candidate_valid=false rung=- pre_dist=-m | cache_used=false path_age=- path_points=0 planning_time_ms=0.1 | reason=no_static_obstacle_in_range | cache_reason=no_cache
1787372483.194 [STATIC_AVOID] obs_id=- obs_dist=-m obs_s=- ego_s=10.72 side=- | left_clearance=- right_clearance=- candidate_valid=false rung=- pre_dist=-m | cache_used=false path_age=- path_points=0 planning_time_ms=0.1 | reason=no_static_obstacle_in_range | cache_reason=no_cache
1787372483.695 [STATIC_AVOID] obs_id=- obs_dist=-m obs_s=- ego_s=12.41 side=- | left_clearance=- right_clearance=- candidate_valid=false rung=- pre_dist=-m | cache_used=false path_age=- path_points=0 planning_time_ms=0.1 | reason=no_static_obstacle_in_range | cache_reason=no_cache
1787372484.196 [STATIC_AVOID] obs_id=- obs_dist=-m obs_s=- ego_s=14.26 side=- | left_clearance=- right_clearance=- candidate_valid=false rung=- pre_dist=-m | cache_used=false path_age=- path_points=0 planning_time_ms=0.1 | reason=no_static_obstacle_in_range | cache_reason=no_cache
1787372484.797 [STATIC_AVOID] obs_id=- obs_dist=-m obs_s=- ego_s=16.29 side=- | left_clearance=- right_clearance=- candidate_valid=false rung=- pre_dist=-m | cache_used=false path_age=- path_points=0 planning_time_ms=1.8 | reason=no_static_obstacle_in_range | cache_reason=no_cache
1787372485.297 [STATIC_AVOID] obs_id=- obs_dist=-m obs_s=- ego_s=17.48 side=- | left_clearance=- right_clearance=- candidate_valid=false rung=- pre_dist=-m | cache_used=false path_age=- path_points=0 planning_time_ms=0.1 | reason=no_static_obstacle_in_range | cache_reason=no_cache
1787372485.898 [STATIC_AVOID] obs_id=- obs_dist=-m obs_s=- ego_s=19.15 side=- | left_clearance=- right_clearance=- candidate_valid=false rung=- pre_dist=-m | cache_used=false path_age=- path_points=0 planning_time_ms=0.1 | reason=no_static_obstacle_in_range | cache_reason=no_cache
1787372486.400 [STATIC_AVOID] obs_id=- obs_dist=-m obs_s=- ego_s=21.20 side=- | left_clearance=- right_clearance=- candidate_valid=false rung=- pre_dist=-m | cache_used=false path_age=- path_points=0 planning_time_ms=0.1 | reason=no_static_obstacle_in_range | cache_reason=no_cache
1787372486.997 [STATIC_AVOID] obs_id=- obs_dist=-m obs_s=- ego_s=23.45 side=- | left_clearance=- right_clearance=- candidate_valid=false rung=- pre_dist=-m | cache_used=false path_age=- path_points=0 planning_time_ms=0.1 | reason=no_static_obstacle_in_range | cache_reason=no_cache
1787372487.497 [STATIC_AVOID] obs_id=- obs_dist=-m obs_s=- ego_s=25.26 side=- | left_clearance=- right_clearance=- candidate_valid=false rung=- pre_dist=-m | cache_used=false path_age=- path_points=0 planning_time_ms=0.1 | reason=no_static_obstacle_in_range | cache_reason=no_cache
1787372488.097 [STATIC_AVOID] obs_id=- obs_dist=-m obs_s=- ego_s=27.53 side=- | left_clearance=- right_clearance=- candidate_valid=false rung=- pre_dist=-m | cache_used=false path_age=- path_points=0 planning_time_ms=0.1 | reason=no_static_obstacle_in_range | cache_reason=no_cache
1787372488.599 [STATIC_AVOID] obs_id=- obs_dist=-m obs_s=- ego_s=29.35 side=- | left_clearance=- right_clearance=- candidate_valid=false rung=- pre_dist=-m | cache_used=false path_age=- path_points=0 planning_time_ms=0.1 | reason=no_static_obstacle_in_range | cache_reason=no_cache
1787372489.198 [STATIC_AVOID] obs_id=- obs_dist=-m obs_s=- ego_s=31.29 side=- | left_clearance=- right_clearance=- candidate_valid=false rung=- pre_dist=-m | cache_used=false path_age=- path_points=0 planning_time_ms=0.1 | reason=no_static_obstacle_in_range | cache_reason=no_cache
1787372489.701 [STATIC_AVOID] obs_id=23 obs_dist=6.07m obs_s=0.22 ego_s=32.96 side=RIGHT | left_clearance=-0.05 right_clearance=0.36 candidate_valid=true rung=0 pre_dist=5.83m | cache_used=false path_age=0.000 path_points=130 planning_time_ms=5.0
1787372490.202 [STATIC_AVOID] obs_id=23 obs_dist=4.81m obs_s=0.24 ego_s=34.25 side=- | left_clearance=- right_clearance=- candidate_valid=false rung=- pre_dist=-m | cache_used=true path_age=0.105 path_points=110 planning_time_ms=5.0 | reason=raceline_already_clear
1787372490.795 [STATIC_AVOID] obs_id=- obs_dist=-m obs_s=- ego_s=36.04 side=- | left_clearance=- right_clearance=- candidate_valid=false rung=- pre_dist=-m | cache_used=false path_age=- path_points=0 planning_time_ms=0.1 | reason=no_static_obstacle_in_range | cache_reason=no_cache
1787372491.295 [STATIC_AVOID] obs_id=- obs_dist=-m obs_s=- ego_s=37.62 side=- | left_clearance=- right_clearance=- candidate_valid=false rung=- pre_dist=-m | cache_used=false path_age=- path_points=0 planning_time_ms=0.1 | reason=no_static_obstacle_in_range | cache_reason=no_cache
1787372491.797 [STATIC_AVOID] obs_id=- obs_dist=-m obs_s=- ego_s=0.70 side=- | left_clearance=- right_clearance=- candidate_valid=false rung=- pre_dist=-m | cache_used=false path_age=- path_points=0 planning_time_ms=0.1 | reason=no_static_obstacle_in_range | cache_reason=no_cache
1787372492.395 [STATIC_AVOID] obs_id=- obs_dist=-m obs_s=- ego_s=3.81 side=- | left_clearance=- right_clearance=- candidate_valid=false rung=- pre_dist=-m | cache_used=false path_age=- path_points=0 planning_time_ms=0.1 | reason=no_static_obstacle_in_range | cache_reason=no_cache
1787372492.897 [STATIC_AVOID] obs_id=- obs_dist=-m obs_s=- ego_s=6.07 side=- | left_clearance=- right_clearance=- candidate_valid=false rung=- pre_dist=-m | cache_used=false path_age=- path_points=0 planning_time_ms=0.1 | reason=no_static_obstacle_in_range | cache_reason=no_cache
1787372493.495 [STATIC_AVOID] obs_id=- obs_dist=-m obs_s=- ego_s=8.41 side=- | left_clearance=- right_clearance=- candidate_valid=false rung=- pre_dist=-m | cache_used=false path_age=- path_points=0 planning_time_ms=0.1 | reason=no_static_obstacle_in_range | cache_reason=no_cache
1787372494.101 [STATIC_AVOID] obs_id=- obs_dist=-m obs_s=- ego_s=10.55 side=- | left_clearance=- right_clearance=- candidate_valid=false rung=- pre_dist=-m | cache_used=false path_age=- path_points=0 planning_time_ms=0.1 | reason=no_static_obstacle_in_range | cache_reason=no_cache
1787372494.695 [STATIC_AVOID] obs_id=- obs_dist=-m obs_s=- ego_s=12.60 side=- | left_clearance=- right_clearance=- candidate_valid=false rung=- pre_dist=-m | cache_used=false path_age=- path_points=0 planning_time_ms=0.1 | reason=no_static_obstacle_in_range | cache_reason=no_cache
1787372495.299 [STATIC_AVOID] obs_id=- obs_dist=-m obs_s=- ego_s=14.63 side=- | left_clearance=- right_clearance=- candidate_valid=false rung=- pre_dist=-m | cache_used=false path_age=- path_points=0 planning_time_ms=0.2 | reason=no_static_obstacle_in_range | cache_reason=no_cache
1787372495.898 [STATIC_AVOID] obs_id=- obs_dist=-m obs_s=- ego_s=16.70 side=- | left_clearance=- right_clearance=- candidate_valid=false rung=- pre_dist=-m | cache_used=false path_age=- path_points=0 planning_time_ms=0.1 | reason=no_static_obstacle_in_range | cache_reason=no_cache
1787372496.497 [STATIC_AVOID] obs_id=- obs_dist=-m obs_s=- ego_s=17.85 side=- | left_clearance=- right_clearance=- candidate_valid=false rung=- pre_dist=-m | cache_used=false path_age=- path_points=0 planning_time_ms=0.1 | reason=no_static_obstacle_in_range | cache_reason=no_cache
1787372496.997 [STATIC_AVOID] obs_id=- obs_dist=-m obs_s=- ego_s=19.88 side=- | left_clearance=- right_clearance=- candidate_valid=false rung=- pre_dist=-m | cache_used=false path_age=- path_points=0 planning_time_ms=0.1 | reason=no_static_obstacle_in_range | cache_reason=no_cache
1787372497.598 [STATIC_AVOID] obs_id=- obs_dist=-m obs_s=- ego_s=22.16 side=- | left_clearance=- right_clearance=- candidate_valid=false rung=- pre_dist=-m | cache_used=false path_age=- path_points=0 planning_time_ms=0.2 | reason=no_static_obstacle_in_range | cache_reason=no_cache
1787372498.199 [STATIC_AVOID] obs_id=- obs_dist=-m obs_s=- ego_s=24.40 side=- | left_clearance=- right_clearance=- candidate_valid=false rung=- pre_dist=-m | cache_used=false path_age=- path_points=0 planning_time_ms=0.2 | reason=no_static_obstacle_in_range | cache_reason=no_cache
1787372498.796 [STATIC_AVOID] obs_id=- obs_dist=-m obs_s=- ego_s=26.51 side=- | left_clearance=- right_clearance=- candidate_valid=false rung=- pre_dist=-m | cache_used=false path_age=- path_points=0 planning_time_ms=0.1 | reason=no_static_obstacle_in_range | cache_reason=no_cache
1787372499.297 [STATIC_AVOID] obs_id=- obs_dist=-m obs_s=- ego_s=28.42 side=- | left_clearance=- right_clearance=- candidate_valid=false rung=- pre_dist=-m | cache_used=false path_age=- path_points=0 planning_time_ms=0.1 | reason=no_static_obstacle_in_range | cache_reason=no_cache
1787372499.894 [STATIC_AVOID] obs_id=- obs_dist=-m obs_s=- ego_s=30.65 side=- | left_clearance=- right_clearance=- candidate_valid=false rung=- pre_dist=-m | cache_used=false path_age=- path_points=0 planning_time_ms=0.1 | reason=no_static_obstacle_in_range | cache_reason=no_cache
1787372500.399 [STATIC_AVOID] obs_id=- obs_dist=-m obs_s=- ego_s=32.11 side=- | left_clearance=- right_clearance=- candidate_valid=false rung=- pre_dist=-m | cache_used=false path_age=- path_points=0 planning_time_ms=0.1 | reason=no_static_obstacle_in_range | cache_reason=no_cache
1787372500.900 [STATIC_AVOID] obs_id=28 obs_dist=5.02m obs_s=0.12 ego_s=33.92 side=LEFT | left_clearance=0.28 right_clearance=0.01 candidate_valid=true rung=0 pre_dist=5.86m | cache_used=false path_age=0.000 path_points=115 planning_time_ms=4.0
1787372501.414 [STATIC_AVOID] obs_id=28 obs_dist=4.33m obs_s=0.19 ego_s=34.68 side=RIGHT | left_clearance=0.16 right_clearance=0.12 candidate_valid=true rung=0 pre_dist=5.93m | cache_used=false path_age=0.000 path_points=104 planning_time_ms=9.4
1787372501.999 [STATIC_AVOID] obs_id=28 obs_dist=4.34m obs_s=0.15 ego_s=34.63 side=RIGHT | left_clearance=0.14 right_clearance=0.18 candidate_valid=true rung=0 pre_dist=5.89m | cache_used=false path_age=0.000 path_points=101 planning_time_ms=3.4
1787372502.500 [STATIC_AVOID] obs_id=31 obs_dist=2.98m obs_s=38.32 ego_s=35.34 side=RIGHT | left_clearance=0.07 right_clearance=0.18 candidate_valid=false rung=- pre_dist=2.98m | cache_used=false path_age=- path_points=0 planning_time_ms=5.3 | reason=group_map_occupied | cache_reason=different_obstacle
1787372503.098 [STATIC_AVOID] obs_id=31 obs_dist=1.67m obs_s=38.17 ego_s=36.50 side=RIGHT | left_clearance=0.03 right_clearance=0.18 candidate_valid=false rung=- pre_dist=2.83m | cache_used=false path_age=- path_points=0 planning_time_ms=4.0 | reason=group_obstacle_clearance | cache_reason=no_cache
1787372503.605 [STATIC_AVOID] obs_id=31 obs_dist=0.29m obs_s=38.10 ego_s=37.81 side=RIGHT | left_clearance=0.01 right_clearance=0.18 candidate_valid=true rung=0 pre_dist=2.97m | cache_used=false path_age=0.000 path_points=101 planning_time_ms=8.0
1787372504.198 [STATIC_AVOID] obs_id=- obs_dist=-m obs_s=- ego_s=1.15 side=- | left_clearance=- right_clearance=- candidate_valid=false rung=- pre_dist=-m | cache_used=false path_age=- path_points=0 planning_time_ms=0.7 | reason=no_static_obstacle_in_range | cache_reason=no_cache
1787372504.795 [STATIC_AVOID] obs_id=- obs_dist=-m obs_s=- ego_s=3.76 side=- | left_clearance=- right_clearance=- candidate_valid=false rung=- pre_dist=-m | cache_used=false path_age=- path_points=0 planning_time_ms=0.1 | reason=no_static_obstacle_in_range | cache_reason=no_cache
1787372505.296 [STATIC_AVOID] obs_id=- obs_dist=-m obs_s=- ego_s=5.94 side=- | left_clearance=- right_clearance=- candidate_valid=false rung=- pre_dist=-m | cache_used=false path_age=- path_points=0 planning_time_ms=0.1 | reason=no_static_obstacle_in_range | cache_reason=no_cache
1787372505.799 [STATIC_AVOID] obs_id=- obs_dist=-m obs_s=- ego_s=7.88 side=- | left_clearance=- right_clearance=- candidate_valid=false rung=- pre_dist=-m | cache_used=false path_age=- path_points=0 planning_time_ms=0.1 | reason=no_static_obstacle_in_range | cache_reason=no_cache
1787372506.396 [STATIC_AVOID] obs_id=- obs_dist=-m obs_s=- ego_s=10.20 side=- | left_clearance=- right_clearance=- candidate_valid=false rung=- pre_dist=-m | cache_used=false path_age=- path_points=0 planning_time_ms=0.1 | reason=no_static_obstacle_in_range | cache_reason=no_cache
1787372506.897 [STATIC_AVOID] obs_id=- obs_dist=-m obs_s=- ego_s=11.87 side=- | left_clearance=- right_clearance=- candidate_valid=false rung=- pre_dist=-m | cache_used=false path_age=- path_points=0 planning_time_ms=0.2 | reason=no_static_obstacle_in_range | cache_reason=no_cache
1787372507.494 [STATIC_AVOID] obs_id=- obs_dist=-m obs_s=- ego_s=14.10 side=- | left_clearance=- right_clearance=- candidate_valid=false rung=- pre_dist=-m | cache_used=false path_age=- path_points=0 planning_time_ms=0.1 | reason=no_static_obstacle_in_range | cache_reason=no_cache
1787372507.995 [STATIC_AVOID] obs_id=- obs_dist=-m obs_s=- ego_s=15.82 side=- | left_clearance=- right_clearance=- candidate_valid=false rung=- pre_dist=-m | cache_used=false path_age=- path_points=0 planning_time_ms=0.1 | reason=no_static_obstacle_in_range | cache_reason=no_cache
1787372508.497 [STATIC_AVOID] obs_id=- obs_dist=-m obs_s=- ego_s=17.19 side=- | left_clearance=- right_clearance=- candidate_valid=false rung=- pre_dist=-m | cache_used=false path_age=- path_points=0 planning_time_ms=0.1 | reason=no_static_obstacle_in_range | cache_reason=no_cache
1787372509.000 [STATIC_AVOID] obs_id=- obs_dist=-m obs_s=- ego_s=18.22 side=- | left_clearance=- right_clearance=- candidate_valid=false rung=- pre_dist=-m | cache_used=false path_age=- path_points=0 planning_time_ms=0.1 | reason=no_static_obstacle_in_range | cache_reason=no_cache
1787372509.598 [STATIC_AVOID] obs_id=- obs_dist=-m obs_s=- ego_s=20.68 side=- | left_clearance=- right_clearance=- candidate_valid=false rung=- pre_dist=-m | cache_used=false path_age=- path_points=0 planning_time_ms=0.1 | reason=no_static_obstacle_in_range | cache_reason=no_cache
1787372510.197 [STATIC_AVOID] obs_id=- obs_dist=-m obs_s=- ego_s=22.80 side=- | left_clearance=- right_clearance=- candidate_valid=false rung=- pre_dist=-m | cache_used=false path_age=- path_points=0 planning_time_ms=0.1 | reason=no_static_obstacle_in_range | cache_reason=no_cache
1787372510.795 [STATIC_AVOID] obs_id=- obs_dist=-m obs_s=- ego_s=24.99 side=- | left_clearance=- right_clearance=- candidate_valid=false rung=- pre_dist=-m | cache_used=false path_age=- path_points=0 planning_time_ms=0.2 | reason=no_static_obstacle_in_range | cache_reason=no_cache
1787372511.298 [STATIC_AVOID] obs_id=- obs_dist=-m obs_s=- ego_s=26.72 side=- | left_clearance=- right_clearance=- candidate_valid=false rung=- pre_dist=-m | cache_used=false path_age=- path_points=0 planning_time_ms=0.2 | reason=no_static_obstacle_in_range | cache_reason=no_cache
1787372511.894 [STATIC_AVOID] obs_id=- obs_dist=-m obs_s=- ego_s=29.13 side=- | left_clearance=- right_clearance=- candidate_valid=false rung=- pre_dist=-m | cache_used=false path_age=- path_points=0 planning_time_ms=0.1 | reason=no_static_obstacle_in_range | cache_reason=no_cache
1787372512.397 [STATIC_AVOID] obs_id=- obs_dist=-m obs_s=- ego_s=30.85 side=- | left_clearance=- right_clearance=- candidate_valid=false rung=- pre_dist=-m | cache_used=false path_age=- path_points=0 planning_time_ms=0.2 | reason=no_static_obstacle_in_range | cache_reason=no_cache
1787372512.998 [STATIC_AVOID] obs_id=39 obs_dist=4.05m obs_s=36.81 ego_s=32.76 side=LEFT | left_clearance=0.43 right_clearance=-0.12 candidate_valid=true rung=0 pre_dist=4.00m | cache_used=false path_age=0.000 path_points=110 planning_time_ms=3.5
1787372513.500 [STATIC_AVOID] obs_id=39 obs_dist=2.44m obs_s=36.81 ego_s=34.36 side=LEFT | left_clearance=0.41 right_clearance=-0.11 candidate_valid=true rung=0 pre_dist=4.00m | cache_used=false path_age=0.000 path_points=101 planning_time_ms=3.4
1787372514.000 [STATIC_AVOID] obs_id=39 obs_dist=0.71m obs_s=36.84 ego_s=36.13 side=LEFT | left_clearance=0.38 right_clearance=-0.11 candidate_valid=true rung=0 pre_dist=4.04m | cache_used=false path_age=0.000 path_points=101 planning_time_ms=6.2
1787372514.601 [STATIC_AVOID] obs_id=39 obs_dist=-0.74m obs_s=36.87 ego_s=37.61 side=LEFT | left_clearance=0.48 right_clearance=-0.03 candidate_valid=true rung=0 pre_dist=5.30m | cache_used=false path_age=0.000 path_points=101 planning_time_ms=7.0
1787372515.198 [STATIC_AVOID] obs_id=- obs_dist=-m obs_s=- ego_s=1.50 side=- | left_clearance=- right_clearance=- candidate_valid=false rung=- pre_dist=-m | cache_used=false path_age=- path_points=0 planning_time_ms=0.1 | reason=no_static_obstacle_in_range | cache_reason=no_cache
1787372515.702 [STATIC_AVOID] obs_id=- obs_dist=-m obs_s=- ego_s=3.88 side=- | left_clearance=- right_clearance=- candidate_valid=false rung=- pre_dist=-m | cache_used=false path_age=- path_points=0 planning_time_ms=0.1 | reason=no_static_obstacle_in_range | cache_reason=no_cache
1787372516.295 [STATIC_AVOID] obs_id=- obs_dist=-m obs_s=- ego_s=6.57 side=- | left_clearance=- right_clearance=- candidate_valid=false rung=- pre_dist=-m | cache_used=false path_age=- path_points=0 planning_time_ms=0.1 | reason=no_static_obstacle_in_range | cache_reason=no_cache
1787372516.796 [STATIC_AVOID] obs_id=- obs_dist=-m obs_s=- ego_s=8.48 side=- | left_clearance=- right_clearance=- candidate_valid=false rung=- pre_dist=-m | cache_used=false path_age=- path_points=0 planning_time_ms=0.1 | reason=no_static_obstacle_in_range | cache_reason=no_cache
1787372517.298 [STATIC_AVOID] obs_id=- obs_dist=-m obs_s=- ego_s=10.29 side=- | left_clearance=- right_clearance=- candidate_valid=false rung=- pre_dist=-m | cache_used=false path_age=- path_points=0 planning_time_ms=0.1 | reason=no_static_obstacle_in_range | cache_reason=no_cache
1787372517.896 [STATIC_AVOID] obs_id=- obs_dist=-m obs_s=- ego_s=12.26 side=- | left_clearance=- right_clearance=- candidate_valid=false rung=- pre_dist=-m | cache_used=false path_age=- path_points=0 planning_time_ms=0.1 | reason=no_static_obstacle_in_range | cache_reason=no_cache
1787372518.500 [STATIC_AVOID] obs_id=- obs_dist=-m obs_s=- ego_s=14.26 side=- | left_clearance=- right_clearance=- candidate_valid=false rung=- pre_dist=-m | cache_used=false path_age=- path_points=0 planning_time_ms=0.2 | reason=no_static_obstacle_in_range | cache_reason=no_cache
1787372519.097 [STATIC_AVOID] obs_id=- obs_dist=-m obs_s=- ego_s=16.30 side=- | left_clearance=- right_clearance=- candidate_valid=false rung=- pre_dist=-m | cache_used=false path_age=- path_points=0 planning_time_ms=0.1 | reason=no_static_obstacle_in_range | cache_reason=no_cache
1787372519.695 [STATIC_AVOID] obs_id=- obs_dist=-m obs_s=- ego_s=17.75 side=- | left_clearance=- right_clearance=- candidate_valid=false rung=- pre_dist=-m | cache_used=false path_age=- path_points=0 planning_time_ms=0.1 | reason=no_static_obstacle_in_range | cache_reason=no_cache
1787372520.197 [STATIC_AVOID] obs_id=- obs_dist=-m obs_s=- ego_s=19.65 side=- | left_clearance=- right_clearance=- candidate_valid=false rung=- pre_dist=-m | cache_used=false path_age=- path_points=0 planning_time_ms=0.1 | reason=no_static_obstacle_in_range | cache_reason=no_cache
1787372520.702 [STATIC_AVOID] obs_id=- obs_dist=-m obs_s=- ego_s=21.54 side=- | left_clearance=- right_clearance=- candidate_valid=false rung=- pre_dist=-m | cache_used=false path_age=- path_points=0 planning_time_ms=1.3 | reason=no_static_obstacle_in_range | cache_reason=no_cache
1787372521.298 [STATIC_AVOID] obs_id=- obs_dist=-m obs_s=- ego_s=23.78 side=- | left_clearance=- right_clearance=- candidate_valid=false rung=- pre_dist=-m | cache_used=false path_age=- path_points=0 planning_time_ms=0.1 | reason=no_static_obstacle_in_range | cache_reason=no_cache
1787372521.802 [STATIC_AVOID] obs_id=- obs_dist=-m obs_s=- ego_s=25.67 side=- | left_clearance=- right_clearance=- candidate_valid=false rung=- pre_dist=-m | cache_used=false path_age=- path_points=0 planning_time_ms=0.1 | reason=no_static_obstacle_in_range | cache_reason=no_cache
1787372522.399 [STATIC_AVOID] obs_id=- obs_dist=-m obs_s=- ego_s=27.82 side=- | left_clearance=- right_clearance=- candidate_valid=false rung=- pre_dist=-m | cache_used=false path_age=- path_points=0 planning_time_ms=0.1 | reason=no_static_obstacle_in_range | cache_reason=no_cache
1787372522.996 [STATIC_AVOID] obs_id=- obs_dist=-m obs_s=- ego_s=30.04 side=- | left_clearance=- right_clearance=- candidate_valid=false rung=- pre_dist=-m | cache_used=false path_age=- path_points=0 planning_time_ms=0.1 | reason=no_static_obstacle_in_range | cache_reason=no_cache
1787372523.500 [STATIC_AVOID] obs_id=- obs_dist=-m obs_s=- ego_s=31.59 side=- | left_clearance=- right_clearance=- candidate_valid=false rung=- pre_dist=-m | cache_used=false path_age=- path_points=0 planning_time_ms=0.1 | reason=no_static_obstacle_in_range | cache_reason=no_cache
1787372524.002 [STATIC_AVOID] obs_id=48 obs_dist=0.98m obs_s=34.34 ego_s=33.36 side=LEFT | left_clearance=0.05 right_clearance=-0.07 candidate_valid=true rung=0 pre_dist=2.03m | cache_used=false path_age=0.000 path_points=101 planning_time_ms=5.2
1787372524.598 [STATIC_AVOID] obs_id=48 obs_dist=0.50m obs_s=34.43 ego_s=33.93 side=LEFT | left_clearance=0.14 right_clearance=0.05 candidate_valid=true rung=0 pre_dist=2.12m | cache_used=false path_age=0.000 path_points=101 planning_time_ms=3.4
1787372525.101 [STATIC_AVOID] obs_id=48 obs_dist=0.41m obs_s=34.43 ego_s=34.03 side=LEFT | left_clearance=-0.01 right_clearance=-0.03 candidate_valid=true rung=0 pre_dist=2.22m | cache_used=false path_age=0.000 path_points=101 planning_time_ms=4.0
1787372525.605 [STATIC_AVOID] obs_id=48 obs_dist=-0.50m obs_s=34.43 ego_s=34.93 side=LEFT | left_clearance=-0.01 right_clearance=-0.03 candidate_valid=true rung=0 pre_dist=3.12m | cache_used=false path_age=0.000 path_points=101 planning_time_ms=8.1
1787372526.202 [STATIC_AVOID] obs_id=- obs_dist=-m obs_s=- ego_s=35.93 side=- | left_clearance=- right_clearance=- candidate_valid=false rung=- pre_dist=-m | cache_used=false path_age=- path_points=0 planning_time_ms=0.1 | reason=no_static_obstacle_in_range | cache_reason=no_cache
1787372526.798 [STATIC_AVOID] obs_id=- obs_dist=-m obs_s=- ego_s=37.24 side=- | left_clearance=- right_clearance=- candidate_valid=false rung=- pre_dist=-m | cache_used=false path_age=- path_points=0 planning_time_ms=0.1 | reason=no_static_obstacle_in_range | cache_reason=no_cache
1787372527.400 [STATIC_AVOID] obs_id=- obs_dist=-m obs_s=- ego_s=0.51 side=- | left_clearance=- right_clearance=- candidate_valid=false rung=- pre_dist=-m | cache_used=false path_age=- path_points=0 planning_time_ms=0.2 | reason=no_static_obstacle_in_range | cache_reason=no_cache
1787372527.997 [STATIC_AVOID] obs_id=- obs_dist=-m obs_s=- ego_s=3.63 side=- | left_clearance=- right_clearance=- candidate_valid=false rung=- pre_dist=-m | cache_used=false path_age=- path_points=0 planning_time_ms=0.1 | reason=no_static_obstacle_in_range | cache_reason=no_cache
1787372528.497 [STATIC_AVOID] obs_id=- obs_dist=-m obs_s=- ego_s=5.72 side=- | left_clearance=- right_clearance=- candidate_valid=false rung=- pre_dist=-m | cache_used=false path_age=- path_points=0 planning_time_ms=0.1 | reason=no_static_obstacle_in_range | cache_reason=no_cache
1787372529.095 [STATIC_AVOID] obs_id=- obs_dist=-m obs_s=- ego_s=8.16 side=- | left_clearance=- right_clearance=- candidate_valid=false rung=- pre_dist=-m | cache_used=false path_age=- path_points=0 planning_time_ms=0.1 | reason=no_static_obstacle_in_range | cache_reason=no_cache
1787372529.599 [STATIC_AVOID] obs_id=- obs_dist=-m obs_s=- ego_s=9.94 side=- | left_clearance=- right_clearance=- candidate_valid=false rung=- pre_dist=-m | cache_used=false path_age=- path_points=0 planning_time_ms=0.1 | reason=no_static_obstacle_in_range | cache_reason=no_cache
1787372530.201 [STATIC_AVOID] obs_id=- obs_dist=-m obs_s=- ego_s=11.94 side=- | left_clearance=- right_clearance=- candidate_valid=false rung=- pre_dist=-m | cache_used=false path_age=- path_points=0 planning_time_ms=0.1 | reason=no_static_obstacle_in_range | cache_reason=no_cache
1787372530.798 [STATIC_AVOID] obs_id=- obs_dist=-m obs_s=- ego_s=14.00 side=- | left_clearance=- right_clearance=- candidate_valid=false rung=- pre_dist=-m | cache_used=false path_age=- path_points=0 planning_time_ms=0.1 | reason=no_static_obstacle_in_range | cache_reason=no_cache
1787372531.402 [STATIC_AVOID] obs_id=- obs_dist=-m obs_s=- ego_s=15.99 side=- | left_clearance=- right_clearance=- candidate_valid=false rung=- pre_dist=-m | cache_used=false path_age=- path_points=0 planning_time_ms=0.1 | reason=no_static_obstacle_in_range | cache_reason=no_cache
1787372531.996 [STATIC_AVOID] obs_id=- obs_dist=-m obs_s=- ego_s=17.55 side=- | left_clearance=- right_clearance=- candidate_valid=false rung=- pre_dist=-m | cache_used=false path_age=- path_points=0 planning_time_ms=0.1 | reason=no_static_obstacle_in_range | cache_reason=no_cache
1787372532.597 [STATIC_AVOID] obs_id=- obs_dist=-m obs_s=- ego_s=19.56 side=- | left_clearance=- right_clearance=- candidate_valid=false rung=- pre_dist=-m | cache_used=false path_age=- path_points=0 planning_time_ms=0.1 | reason=no_static_obstacle_in_range | cache_reason=no_cache
1787372533.099 [STATIC_AVOID] obs_id=- obs_dist=-m obs_s=- ego_s=21.49 side=- | left_clearance=- right_clearance=- candidate_valid=false rung=- pre_dist=-m | cache_used=false path_age=- path_points=0 planning_time_ms=0.3 | reason=no_static_obstacle_in_range | cache_reason=no_cache
1787372533.599 [STATIC_AVOID] obs_id=- obs_dist=-m obs_s=- ego_s=23.32 side=- | left_clearance=- right_clearance=- candidate_valid=false rung=- pre_dist=-m | cache_used=false path_age=- path_points=0 planning_time_ms=0.1 | reason=no_static_obstacle_in_range | cache_reason=no_cache
1787372534.195 [STATIC_AVOID] obs_id=- obs_dist=-m obs_s=- ego_s=25.51 side=- | left_clearance=- right_clearance=- candidate_valid=false rung=- pre_dist=-m | cache_used=false path_age=- path_points=0 planning_time_ms=0.1 | reason=no_static_obstacle_in_range | cache_reason=no_cache
1787372534.701 [STATIC_AVOID] obs_id=- obs_dist=-m obs_s=- ego_s=27.29 side=- | left_clearance=- right_clearance=- candidate_valid=false rung=- pre_dist=-m | cache_used=false path_age=- path_points=0 planning_time_ms=0.1 | reason=no_static_obstacle_in_range | cache_reason=no_cache
1787372535.295 [STATIC_AVOID] obs_id=- obs_dist=-m obs_s=- ego_s=29.61 side=- | left_clearance=- right_clearance=- candidate_valid=false rung=- pre_dist=-m | cache_used=false path_age=- path_points=0 planning_time_ms=0.1 | reason=no_static_obstacle_in_range | cache_reason=no_cache
1787372535.796 [STATIC_AVOID] obs_id=- obs_dist=-m obs_s=- ego_s=31.19 side=- | left_clearance=- right_clearance=- candidate_valid=false rung=- pre_dist=-m | cache_used=false path_age=- path_points=0 planning_time_ms=0.1 | reason=no_static_obstacle_in_range | cache_reason=no_cache
1787372536.302 [STATIC_AVOID] obs_id=59 obs_dist=1.22m obs_s=34.08 ego_s=32.86 side=- | left_clearance=-0.26 right_clearance=0.20 candidate_valid=false rung=- pre_dist=2.00m | cache_used=false path_age=- path_points=0 planning_time_ms=5.4 | reason=map_occupied | cache_reason=no_cache
1787372536.900 [STATIC_AVOID] obs_id=59 obs_dist=0.02m obs_s=34.10 ego_s=34.08 side=RIGHT | left_clearance=-0.26 right_clearance=0.34 candidate_valid=true rung=0 pre_dist=2.50m | cache_used=false path_age=0.000 path_points=101 planning_time_ms=4.6
1787372537.494 [STATIC_AVOID] obs_id=- obs_dist=-m obs_s=- ego_s=35.37 side=- | left_clearance=- right_clearance=- candidate_valid=false rung=- pre_dist=-m | cache_used=false path_age=- path_points=0 planning_time_ms=0.2 | reason=no_static_obstacle_in_range | cache_reason=obstacle_gone
1787372537.996 [STATIC_AVOID] obs_id=- obs_dist=-m obs_s=- ego_s=36.70 side=- | left_clearance=- right_clearance=- candidate_valid=false rung=- pre_dist=-m | cache_used=false path_age=- path_points=0 planning_time_ms=0.1 | reason=no_static_obstacle_in_range | cache_reason=no_cache
1787372538.594 [STATIC_AVOID] obs_id=- obs_dist=-m obs_s=- ego_s=0.09 side=- | left_clearance=- right_clearance=- candidate_valid=false rung=- pre_dist=-m | cache_used=false path_age=- path_points=0 planning_time_ms=0.1 | reason=no_static_obstacle_in_range | cache_reason=no_cache
1787372539.204 [STATIC_AVOID] obs_id=- obs_dist=-m obs_s=- ego_s=2.97 side=- | left_clearance=- right_clearance=- candidate_valid=false rung=- pre_dist=-m | cache_used=false path_age=- path_points=0 planning_time_ms=0.1 | reason=no_static_obstacle_in_range | cache_reason=no_cache
1787372539.797 [STATIC_AVOID] obs_id=- obs_dist=-m obs_s=- ego_s=5.68 side=- | left_clearance=- right_clearance=- candidate_valid=false rung=- pre_dist=-m | cache_used=false path_age=- path_points=0 planning_time_ms=0.1 | reason=no_static_obstacle_in_range | cache_reason=no_cache
1787372540.397 [STATIC_AVOID] obs_id=- obs_dist=-m obs_s=- ego_s=8.01 side=- | left_clearance=- right_clearance=- candidate_valid=false rung=- pre_dist=-m | cache_used=false path_age=- path_points=0 planning_time_ms=0.1 | reason=no_static_obstacle_in_range | cache_reason=no_cache
1787372540.898 [STATIC_AVOID] obs_id=- obs_dist=-m obs_s=- ego_s=9.82 side=- | left_clearance=- right_clearance=- candidate_valid=false rung=- pre_dist=-m | cache_used=false path_age=- path_points=0 planning_time_ms=0.1 | reason=no_static_obstacle_in_range | cache_reason=no_cache
1787372541.497 [STATIC_AVOID] obs_id=- obs_dist=-m obs_s=- ego_s=11.85 side=- | left_clearance=- right_clearance=- candidate_valid=false rung=- pre_dist=-m | cache_used=false path_age=- path_points=0 planning_time_ms=0.1 | reason=no_static_obstacle_in_range | cache_reason=no_cache
1787372542.095 [STATIC_AVOID] obs_id=- obs_dist=-m obs_s=- ego_s=13.96 side=- | left_clearance=- right_clearance=- candidate_valid=false rung=- pre_dist=-m | cache_used=false path_age=- path_points=0 planning_time_ms=0.2 | reason=no_static_obstacle_in_range | cache_reason=no_cache
1787372542.596 [STATIC_AVOID] obs_id=- obs_dist=-m obs_s=- ego_s=15.65 side=- | left_clearance=- right_clearance=- candidate_valid=false rung=- pre_dist=-m | cache_used=false path_age=- path_points=0 planning_time_ms=0.1 | reason=no_static_obstacle_in_range | cache_reason=no_cache
1787372543.096 [STATIC_AVOID] obs_id=- obs_dist=-m obs_s=- ego_s=17.13 side=- | left_clearance=- right_clearance=- candidate_valid=false rung=- pre_dist=-m | cache_used=false path_age=- path_points=0 planning_time_ms=0.1 | reason=no_static_obstacle_in_range | cache_reason=no_cache
1787372543.597 [STATIC_AVOID] obs_id=- obs_dist=-m obs_s=- ego_s=17.97 side=- | left_clearance=- right_clearance=- candidate_valid=false rung=- pre_dist=-m | cache_used=false path_age=- path_points=0 planning_time_ms=0.1 | reason=no_static_obstacle_in_range | cache_reason=no_cache
1787372544.099 [STATIC_AVOID] obs_id=- obs_dist=-m obs_s=- ego_s=20.27 side=- | left_clearance=- right_clearance=- candidate_valid=false rung=- pre_dist=-m | cache_used=false path_age=- path_points=0 planning_time_ms=0.1 | reason=no_static_obstacle_in_range | cache_reason=no_cache
1787372544.698 [STATIC_AVOID] obs_id=- obs_dist=-m obs_s=- ego_s=22.49 side=- | left_clearance=- right_clearance=- candidate_valid=false rung=- pre_dist=-m | cache_used=false path_age=- path_points=0 planning_time_ms=0.1 | reason=no_static_obstacle_in_range | cache_reason=no_cache
1787372545.296 [STATIC_AVOID] obs_id=- obs_dist=-m obs_s=- ego_s=24.66 side=- | left_clearance=- right_clearance=- candidate_valid=false rung=- pre_dist=-m | cache_used=false path_age=- path_points=0 planning_time_ms=0.1 | reason=no_static_obstacle_in_range | cache_reason=no_cache
1787372545.896 [STATIC_AVOID] obs_id=- obs_dist=-m obs_s=- ego_s=26.69 side=- | left_clearance=- right_clearance=- candidate_valid=false rung=- pre_dist=-m | cache_used=false path_age=- path_points=0 planning_time_ms=0.1 | reason=no_static_obstacle_in_range | cache_reason=no_cache
1787372546.404 [STATIC_AVOID] obs_id=65 obs_dist=2.89m obs_s=31.51 ego_s=28.62 side=RIGHT | left_clearance=0.08 right_clearance=-0.28 candidate_valid=true rung=1 pre_dist=3.59m | cache_used=false path_age=0.000 path_points=101 planning_time_ms=7.2
1787372546.999 [STATIC_AVOID] obs_id=65 obs_dist=1.49m obs_s=31.53 ego_s=30.04 side=RIGHT | left_clearance=0.12 right_clearance=-0.16 candidate_valid=false rung=- pre_dist=3.61m | cache_used=true path_age=0.103 path_points=101 planning_time_ms=4.1 | reason=track_too_narrow
1787372547.513 [STATIC_AVOID] obs_id=65 obs_dist=0.50m obs_s=31.53 ego_s=31.03 side=RIGHT | left_clearance=-0.04 right_clearance=-0.19 candidate_valid=true rung=1 pre_dist=3.60m | cache_used=false path_age=0.000 path_points=101 planning_time_ms=9.7
1787372548.098 [STATIC_AVOID] obs_id=65 obs_dist=-0.65m obs_s=31.56 ego_s=32.21 side=LEFT | left_clearance=-0.09 right_clearance=-0.14 candidate_valid=true rung=0 pre_dist=4.79m | cache_used=false path_age=0.000 path_points=101 planning_time_ms=3.7
1787372548.702 [STATIC_AVOID] obs_id=- obs_dist=-m obs_s=- ego_s=33.41 side=- | left_clearance=- right_clearance=- candidate_valid=false rung=- pre_dist=-m | cache_used=false path_age=- path_points=0 planning_time_ms=0.2 | reason=no_static_obstacle_in_range | cache_reason=no_cache
1787372549.296 [STATIC_AVOID] obs_id=75 obs_dist=5.69m obs_s=1.47 ego_s=34.60 side=- | left_clearance=- right_clearance=- candidate_valid=false rung=- pre_dist=-m | cache_used=false path_age=- path_points=0 planning_time_ms=0.2 | reason=raceline_already_clear | cache_reason=no_cache
1787372549.894 [STATIC_AVOID] obs_id=75 obs_dist=3.84m obs_s=1.40 ego_s=36.38 side=- | left_clearance=- right_clearance=- candidate_valid=false rung=- pre_dist=-m | cache_used=false path_age=- path_points=0 planning_time_ms=0.2 | reason=raceline_already_clear | cache_reason=no_cache
1787372550.400 [STATIC_AVOID] obs_id=75 obs_dist=1.99m obs_s=1.34 ego_s=38.16 side=- | left_clearance=- right_clearance=- candidate_valid=false rung=- pre_dist=-m | cache_used=false path_age=- path_points=0 planning_time_ms=0.2 | reason=raceline_already_clear | cache_reason=no_cache
1787372551.000 [STATIC_AVOID] obs_id=75 obs_dist=-0.49m obs_s=1.30 ego_s=1.78 side=RIGHT | left_clearance=-0.21 right_clearance=0.39 candidate_valid=true rung=0 pre_dist=2.97m | cache_used=false path_age=0.000 path_points=101 planning_time_ms=3.8
1787372551.594 [STATIC_AVOID] obs_id=- obs_dist=-m obs_s=- ego_s=4.73 side=- | left_clearance=- right_clearance=- candidate_valid=false rung=- pre_dist=-m | cache_used=false path_age=- path_points=0 planning_time_ms=0.1 | reason=no_static_obstacle_in_range | cache_reason=no_cache
1787372552.094 [STATIC_AVOID] obs_id=- obs_dist=-m obs_s=- ego_s=6.63 side=- | left_clearance=- right_clearance=- candidate_valid=false rung=- pre_dist=-m | cache_used=false path_age=- path_points=0 planning_time_ms=0.1 | reason=no_static_obstacle_in_range | cache_reason=no_cache
1787372552.595 [STATIC_AVOID] obs_id=- obs_dist=-m obs_s=- ego_s=8.67 side=- | left_clearance=- right_clearance=- candidate_valid=false rung=- pre_dist=-m | cache_used=false path_age=- path_points=0 planning_time_ms=0.1 | reason=no_static_obstacle_in_range | cache_reason=no_cache
1787372553.096 [STATIC_AVOID] obs_id=- obs_dist=-m obs_s=- ego_s=10.42 side=- | left_clearance=- right_clearance=- candidate_valid=false rung=- pre_dist=-m | cache_used=false path_age=- path_points=0 planning_time_ms=0.1 | reason=no_static_obstacle_in_range | cache_reason=no_cache
1787372553.599 [STATIC_AVOID] obs_id=- obs_dist=-m obs_s=- ego_s=12.22 side=- | left_clearance=- right_clearance=- candidate_valid=false rung=- pre_dist=-m | cache_used=false path_age=- path_points=0 planning_time_ms=0.1 | reason=no_static_obstacle_in_range | cache_reason=no_cache
1787372554.196 [STATIC_AVOID] obs_id=- obs_dist=-m obs_s=- ego_s=14.34 side=- | left_clearance=- right_clearance=- candidate_valid=false rung=- pre_dist=-m | cache_used=false path_age=- path_points=0 planning_time_ms=0.1 | reason=no_static_obstacle_in_range | cache_reason=no_cache
1787372554.698 [STATIC_AVOID] obs_id=- obs_dist=-m obs_s=- ego_s=16.10 side=- | left_clearance=- right_clearance=- candidate_valid=false rung=- pre_dist=-m | cache_used=false path_age=- path_points=0 planning_time_ms=0.1 | reason=no_static_obstacle_in_range | cache_reason=no_cache
1787372555.301 [STATIC_AVOID] obs_id=- obs_dist=-m obs_s=- ego_s=17.65 side=- | left_clearance=- right_clearance=- candidate_valid=false rung=- pre_dist=-m | cache_used=false path_age=- path_points=0 planning_time_ms=0.1 | reason=no_static_obstacle_in_range | cache_reason=no_cache
1787372555.894 [STATIC_AVOID] obs_id=- obs_dist=-m obs_s=- ego_s=19.55 side=- | left_clearance=- right_clearance=- candidate_valid=false rung=- pre_dist=-m | cache_used=false path_age=- path_points=0 planning_time_ms=0.1 | reason=no_static_obstacle_in_range | cache_reason=no_cache
1787372556.395 [STATIC_AVOID] obs_id=- obs_dist=-m obs_s=- ego_s=21.49 side=- | left_clearance=- right_clearance=- candidate_valid=false rung=- pre_dist=-m | cache_used=false path_age=- path_points=0 planning_time_ms=0.1 | reason=no_static_obstacle_in_range | cache_reason=no_cache
1787372556.897 [STATIC_AVOID] obs_id=- obs_dist=-m obs_s=- ego_s=23.38 side=- | left_clearance=- right_clearance=- candidate_valid=false rung=- pre_dist=-m | cache_used=false path_age=- path_points=0 planning_time_ms=0.1 | reason=no_static_obstacle_in_range | cache_reason=no_cache
1787372557.398 [STATIC_AVOID] obs_id=- obs_dist=-m obs_s=- ego_s=25.05 side=- | left_clearance=- right_clearance=- candidate_valid=false rung=- pre_dist=-m | cache_used=false path_age=- path_points=0 planning_time_ms=0.2 | reason=no_static_obstacle_in_range | cache_reason=no_cache
1787372557.998 [STATIC_AVOID] obs_id=- obs_dist=-m obs_s=- ego_s=27.27 side=- | left_clearance=- right_clearance=- candidate_valid=false rung=- pre_dist=-m | cache_used=false path_age=- path_points=0 planning_time_ms=0.1 | reason=no_static_obstacle_in_range | cache_reason=no_cache
1787372558.500 [STATIC_AVOID] obs_id=83 obs_dist=1.40m obs_s=30.36 ego_s=28.96 side=RIGHT | left_clearance=-0.33 right_clearance=0.06 candidate_valid=true rung=0 pre_dist=2.25m | cache_used=false path_age=0.000 path_points=101 planning_time_ms=4.3
1787372559.098 [STATIC_AVOID] obs_id=83 obs_dist=-0.09m obs_s=30.34 ego_s=30.43 side=RIGHT | left_clearance=-0.31 right_clearance=0.19 candidate_valid=true rung=0 pre_dist=2.82m | cache_used=false path_age=0.000 path_points=101 planning_time_ms=3.4
1787372559.696 [STATIC_AVOID] obs_id=- obs_dist=-m obs_s=- ego_s=31.70 side=- | left_clearance=- right_clearance=- candidate_valid=false rung=- pre_dist=-m | cache_used=false path_age=- path_points=0 planning_time_ms=0.2 | reason=no_static_obstacle_in_range | cache_reason=no_cache
1787372560.198 [STATIC_AVOID] obs_id=86 obs_dist=5.80m obs_s=0.18 ego_s=33.19 side=- | left_clearance=- right_clearance=- candidate_valid=false rung=- pre_dist=-m | cache_used=false path_age=- path_points=0 planning_time_ms=0.2 | reason=raceline_already_clear | cache_reason=no_cache
1787372560.795 [STATIC_AVOID] obs_id=86 obs_dist=4.98m obs_s=0.18 ego_s=34.01 side=- | left_clearance=- right_clearance=- candidate_valid=false rung=- pre_dist=-m | cache_used=false path_age=- path_points=0 planning_time_ms=0.2 | reason=raceline_already_clear | cache_reason=no_cache
1787372561.297 [STATIC_AVOID] obs_id=86 obs_dist=3.94m obs_s=0.18 ego_s=35.05 side=- | left_clearance=- right_clearance=- candidate_valid=false rung=- pre_dist=-m | cache_used=false path_age=- path_points=0 planning_time_ms=0.2 | reason=raceline_already_clear | cache_reason=no_cache
1787372561.798 [STATIC_AVOID] obs_id=86 obs_dist=3.05m obs_s=0.18 ego_s=35.94 side=RIGHT | left_clearance=0.13 right_clearance=0.31 candidate_valid=false rung=- pre_dist=2.49m | cache_used=false path_age=- path_points=0 planning_time_ms=3.5 | reason=obstacle_clearance | cache_reason=cache_collision
1787372562.301 [STATIC_AVOID] obs_id=84 obs_dist=3.92m obs_s=1.76 ego_s=36.66 side=RIGHT | left_clearance=0.13 right_clearance=0.33 candidate_valid=true rung=0 pre_dist=3.24m | cache_used=false path_age=0.000 path_points=101 planning_time_ms=4.7
1787372562.900 [STATIC_AVOID] obs_id=84 obs_dist=2.27m obs_s=1.65 ego_s=38.19 side=RIGHT | left_clearance=0.09 right_clearance=0.29 candidate_valid=false rung=- pre_dist=3.13m | cache_used=false path_age=- path_points=0 planning_time_ms=3.9 | reason=obstacle_clearance | cache_reason=cache_collision
1787372563.403 [STATIC_AVOID] obs_id=84 obs_dist=0.52m obs_s=1.63 ego_s=1.12 side=RIGHT | left_clearance=0.05 right_clearance=0.25 candidate_valid=true rung=0 pre_dist=3.12m | cache_used=false path_age=0.000 path_points=101 planning_time_ms=4.8
1787372563.994 [STATIC_AVOID] obs_id=- obs_dist=-m obs_s=- ego_s=3.96 side=- | left_clearance=- right_clearance=- candidate_valid=false rung=- pre_dist=-m | cache_used=false path_age=- path_points=0 planning_time_ms=0.2 | reason=no_static_obstacle_in_range | cache_reason=no_cache
1787372564.595 [STATIC_AVOID] obs_id=- obs_dist=-m obs_s=- ego_s=6.50 side=- | left_clearance=- right_clearance=- candidate_valid=false rung=- pre_dist=-m | cache_used=false path_age=- path_points=0 planning_time_ms=0.1 | reason=no_static_obstacle_in_range | cache_reason=no_cache
1787372565.098 [STATIC_AVOID] obs_id=- obs_dist=-m obs_s=- ego_s=8.41 side=- | left_clearance=- right_clearance=- candidate_valid=false rung=- pre_dist=-m | cache_used=false path_age=- path_points=0 planning_time_ms=0.1 | reason=no_static_obstacle_in_range | cache_reason=no_cache
1787372565.694 [STATIC_AVOID] obs_id=- obs_dist=-m obs_s=- ego_s=10.51 side=- | left_clearance=- right_clearance=- candidate_valid=false rung=- pre_dist=-m | cache_used=false path_age=- path_points=0 planning_time_ms=0.1 | reason=no_static_obstacle_in_range | cache_reason=no_cache
1787372566.195 [STATIC_AVOID] obs_id=- obs_dist=-m obs_s=- ego_s=12.17 side=- | left_clearance=- right_clearance=- candidate_valid=false rung=- pre_dist=-m | cache_used=false path_age=- path_points=0 planning_time_ms=0.2 | reason=no_static_obstacle_in_range | cache_reason=no_cache
1787372566.799 [STATIC_AVOID] obs_id=- obs_dist=-m obs_s=- ego_s=14.35 side=- | left_clearance=- right_clearance=- candidate_valid=false rung=- pre_dist=-m | cache_used=false path_age=- path_points=0 planning_time_ms=0.1 | reason=no_static_obstacle_in_range | cache_reason=no_cache
1787372567.398 [STATIC_AVOID] obs_id=- obs_dist=-m obs_s=- ego_s=16.40 side=- | left_clearance=- right_clearance=- candidate_valid=false rung=- pre_dist=-m | cache_used=false path_age=- path_points=0 planning_time_ms=0.1 | reason=no_static_obstacle_in_range | cache_reason=no_cache
1787372567.997 [STATIC_AVOID] obs_id=- obs_dist=-m obs_s=- ego_s=17.86 side=- | left_clearance=- right_clearance=- candidate_valid=false rung=- pre_dist=-m | cache_used=false path_age=- path_points=0 planning_time_ms=0.1 | reason=no_static_obstacle_in_range | cache_reason=no_cache
1787372568.595 [STATIC_AVOID] obs_id=- obs_dist=-m obs_s=- ego_s=20.26 side=- | left_clearance=- right_clearance=- candidate_valid=false rung=- pre_dist=-m | cache_used=false path_age=- path_points=0 planning_time_ms=0.1 | reason=no_static_obstacle_in_range | cache_reason=no_cache
1787372569.096 [STATIC_AVOID] obs_id=- obs_dist=-m obs_s=- ego_s=22.10 side=- | left_clearance=- right_clearance=- candidate_valid=false rung=- pre_dist=-m | cache_used=false path_age=- path_points=0 planning_time_ms=0.1 | reason=no_static_obstacle_in_range | cache_reason=no_cache
1787372569.697 [STATIC_AVOID] obs_id=- obs_dist=-m obs_s=- ego_s=24.35 side=- | left_clearance=- right_clearance=- candidate_valid=false rung=- pre_dist=-m | cache_used=false path_age=- path_points=0 planning_time_ms=0.3 | reason=no_static_obstacle_in_range | cache_reason=no_cache
1787372570.295 [STATIC_AVOID] obs_id=- obs_dist=-m obs_s=- ego_s=26.43 side=- | left_clearance=- right_clearance=- candidate_valid=false rung=- pre_dist=-m | cache_used=false path_age=- path_points=0 planning_time_ms=0.1 | reason=no_static_obstacle_in_range | cache_reason=no_cache
1787372570.801 [STATIC_AVOID] obs_id=97 obs_dist=1.05m obs_s=29.38 ego_s=28.33 side=LEFT | left_clearance=-0.47 right_clearance=0.17 candidate_valid=false rung=- pre_dist=2.03m | cache_used=false path_age=- path_points=0 planning_time_ms=6.0 | reason=track_too_narrow | cache_reason=cache_collision
1787372571.301 [STATIC_AVOID] obs_id=97 obs_dist=-0.20m obs_s=29.46 ego_s=29.66 side=RIGHT | left_clearance=-0.42 right_clearance=0.39 candidate_valid=true rung=0 pre_dist=2.81m | cache_used=false path_age=0.000 path_points=101 planning_time_ms=5.6
1787372571.894 [STATIC_AVOID] obs_id=- obs_dist=-m obs_s=- ego_s=30.54 side=- | left_clearance=- right_clearance=- candidate_valid=false rung=- pre_dist=-m | cache_used=false path_age=- path_points=0 planning_time_ms=0.1 | reason=no_static_obstacle_in_range | cache_reason=no_cache
1787372572.396 [STATIC_AVOID] obs_id=- obs_dist=-m obs_s=- ego_s=31.31 side=- | left_clearance=- right_clearance=- candidate_valid=false rung=- pre_dist=-m | cache_used=false path_age=- path_points=0 planning_time_ms=0.1 | reason=no_static_obstacle_in_range | cache_reason=no_cache
1787372572.903 [STATIC_AVOID] obs_id=101 obs_dist=7.21m obs_s=0.93 ego_s=32.53 side=LEFT | left_clearance=0.73 right_clearance=-0.31 candidate_valid=true rung=0 pre_dist=4.56m | cache_used=false path_age=0.000 path_points=135 planning_time_ms=7.3
1787372573.501 [STATIC_AVOID] obs_id=101 obs_dist=5.82m obs_s=0.90 ego_s=33.89 side=LEFT | left_clearance=0.65 right_clearance=-0.25 candidate_valid=true rung=0 pre_dist=4.53m | cache_used=false path_age=0.000 path_points=114 planning_time_ms=3.7
1787372574.101 [STATIC_AVOID] obs_id=101 obs_dist=4.81m obs_s=0.93 ego_s=34.93 side=LEFT | left_clearance=0.65 right_clearance=-0.19 candidate_valid=true rung=0 pre_dist=4.56m | cache_used=false path_age=0.000 path_points=104 planning_time_ms=4.9
1787372574.714 [STATIC_AVOID] obs_id=101 obs_dist=3.48m obs_s=0.92 ego_s=36.26 side=LEFT | left_clearance=0.62 right_clearance=-0.17 candidate_valid=false rung=- pre_dist=4.55m | cache_used=false path_age=- path_points=0 planning_time_ms=6.0 | reason=obstacle_clearance | cache_reason=no_cache
1787372575.299 [STATIC_AVOID] obs_id=101 obs_dist=2.43m obs_s=0.91 ego_s=37.29 side=LEFT | left_clearance=0.60 right_clearance=-0.15 candidate_valid=true rung=0 pre_dist=4.54m | cache_used=false path_age=0.000 path_points=101 planning_time_ms=4.8
1787372575.802 [STATIC_AVOID] obs_id=101 obs_dist=1.50m obs_s=0.88 ego_s=38.20 side=LEFT | left_clearance=0.56 right_clearance=-0.19 candidate_valid=true rung=0 pre_dist=4.51m | cache_used=false path_age=0.000 path_points=101 planning_time_ms=4.6
1787372576.399 [STATIC_AVOID] obs_id=101 obs_dist=-0.16m obs_s=0.85 ego_s=1.01 side=LEFT | left_clearance=0.70 right_clearance=-0.05 candidate_valid=true rung=0 pre_dist=5.14m | cache_used=false path_age=0.000 path_points=101 planning_time_ms=3.4
1787372576.995 [STATIC_AVOID] obs_id=- obs_dist=-m obs_s=- ego_s=2.64 side=- | left_clearance=- right_clearance=- candidate_valid=false rung=- pre_dist=-m | cache_used=false path_age=- path_points=0 planning_time_ms=0.1 | reason=no_static_obstacle_in_range | cache_reason=no_cache
1787372577.594 [STATIC_AVOID] obs_id=- obs_dist=-m obs_s=- ego_s=5.04 side=- | left_clearance=- right_clearance=- candidate_valid=false rung=- pre_dist=-m | cache_used=false path_age=- path_points=0 planning_time_ms=0.1 | reason=no_static_obstacle_in_range | cache_reason=no_cache
1787372578.200 [STATIC_AVOID] obs_id=- obs_dist=-m obs_s=- ego_s=7.55 side=- | left_clearance=- right_clearance=- candidate_valid=false rung=- pre_dist=-m | cache_used=false path_age=- path_points=0 planning_time_ms=0.1 | reason=no_static_obstacle_in_range | cache_reason=no_cache
1787372578.795 [STATIC_AVOID] obs_id=- obs_dist=-m obs_s=- ego_s=9.81 side=- | left_clearance=- right_clearance=- candidate_valid=false rung=- pre_dist=-m | cache_used=false path_age=- path_points=0 planning_time_ms=0.1 | reason=no_static_obstacle_in_range | cache_reason=no_cache
1787372579.296 [STATIC_AVOID] obs_id=- obs_dist=-m obs_s=- ego_s=11.43 side=- | left_clearance=- right_clearance=- candidate_valid=false rung=- pre_dist=-m | cache_used=false path_age=- path_points=0 planning_time_ms=0.1 | reason=no_static_obstacle_in_range | cache_reason=no_cache
1787372579.797 [STATIC_AVOID] obs_id=- obs_dist=-m obs_s=- ego_s=13.14 side=- | left_clearance=- right_clearance=- candidate_valid=false rung=- pre_dist=-m | cache_used=false path_age=- path_points=0 planning_time_ms=0.1 | reason=no_static_obstacle_in_range | cache_reason=no_cache
1787372580.401 [STATIC_AVOID] obs_id=- obs_dist=-m obs_s=- ego_s=15.33 side=- | left_clearance=- right_clearance=- candidate_valid=false rung=- pre_dist=-m | cache_used=false path_age=- path_points=0 planning_time_ms=0.9 | reason=no_static_obstacle_in_range | cache_reason=no_cache
1787372580.997 [STATIC_AVOID] obs_id=- obs_dist=-m obs_s=- ego_s=17.08 side=- | left_clearance=- right_clearance=- candidate_valid=false rung=- pre_dist=-m | cache_used=false path_age=- path_points=0 planning_time_ms=0.1 | reason=no_static_obstacle_in_range | cache_reason=no_cache
1787372581.595 [STATIC_AVOID] obs_id=- obs_dist=-m obs_s=- ego_s=18.74 side=- | left_clearance=- right_clearance=- candidate_valid=false rung=- pre_dist=-m | cache_used=false path_age=- path_points=0 planning_time_ms=0.1 | reason=no_static_obstacle_in_range | cache_reason=no_cache
1787372582.195 [STATIC_AVOID] obs_id=- obs_dist=-m obs_s=- ego_s=21.12 side=- | left_clearance=- right_clearance=- candidate_valid=false rung=- pre_dist=-m | cache_used=false path_age=- path_points=0 planning_time_ms=0.1 | reason=no_static_obstacle_in_range | cache_reason=no_cache
1787372582.797 [STATIC_AVOID] obs_id=- obs_dist=-m obs_s=- ego_s=23.17 side=- | left_clearance=- right_clearance=- candidate_valid=false rung=- pre_dist=-m | cache_used=false path_age=- path_points=0 planning_time_ms=0.2 | reason=no_static_obstacle_in_range | cache_reason=no_cache
1787372583.298 [STATIC_AVOID] obs_id=- obs_dist=-m obs_s=- ego_s=25.02 side=- | left_clearance=- right_clearance=- candidate_valid=false rung=- pre_dist=-m | cache_used=false path_age=- path_points=0 planning_time_ms=0.1 | reason=no_static_obstacle_in_range | cache_reason=no_cache
1787372583.897 [STATIC_AVOID] obs_id=- obs_dist=-m obs_s=- ego_s=27.04 side=- | left_clearance=- right_clearance=- candidate_valid=false rung=- pre_dist=-m | cache_used=false path_age=- path_points=0 planning_time_ms=0.1 | reason=no_static_obstacle_in_range | cache_reason=no_cache
1787372584.398 [STATIC_AVOID] obs_id=110 obs_dist=0.56m obs_s=29.51 ego_s=28.95 side=LEFT | left_clearance=-0.06 right_clearance=-0.17 candidate_valid=true rung=0 pre_dist=2.09m | cache_used=false path_age=0.000 path_points=101 planning_time_ms=3.6
1787372584.899 [STATIC_AVOID] obs_id=110 obs_dist=-0.18m obs_s=29.52 ego_s=29.70 side=LEFT | left_clearance=0.08 right_clearance=-0.06 candidate_valid=true rung=0 pre_dist=2.78m | cache_used=false path_age=0.000 path_points=101 planning_time_ms=3.7
1787372585.402 [STATIC_AVOID] obs_id=110 obs_dist=-0.56m obs_s=29.52 ego_s=30.08 side=LEFT | left_clearance=0.08 right_clearance=-0.32 candidate_valid=true rung=0 pre_dist=2.05m | cache_used=false path_age=0.000 path_points=101 planning_time_ms=5.7
1787372585.999 [STATIC_AVOID] obs_id=110 obs_dist=-0.47m obs_s=29.52 ego_s=29.99 side=LEFT | left_clearance=0.08 right_clearance=-0.31 candidate_valid=true rung=0 pre_dist=2.00m | cache_used=false path_age=0.000 path_points=101 planning_time_ms=3.5
1787372586.503 [STATIC_AVOID] obs_id=110 obs_dist=-0.56m obs_s=29.52 ego_s=30.08 side=LEFT | left_clearance=0.08 right_clearance=-0.33 candidate_valid=true rung=0 pre_dist=2.05m | cache_used=false path_age=0.000 path_points=101 planning_time_ms=5.2
1787372587.100 [STATIC_AVOID] obs_id=111 obs_dist=0.73m obs_s=30.79 ego_s=30.06 side=LEFT | left_clearance=0.16 right_clearance=-0.36 candidate_valid=true rung=0 pre_dist=2.00m | cache_used=false path_age=0.000 path_points=101 planning_time_ms=3.7
1787372587.602 [STATIC_AVOID] obs_id=111 obs_dist=0.76m obs_s=30.79 ego_s=30.04 side=RIGHT | left_clearance=0.17 right_clearance=-0.37 candidate_valid=true rung=1 pre_dist=2.01m | cache_used=false path_age=0.000 path_points=101 planning_time_ms=8.0
1787372588.104 [STATIC_AVOID] obs_id=111 obs_dist=0.72m obs_s=30.80 ego_s=30.08 side=LEFT | left_clearance=0.18 right_clearance=-0.38 candidate_valid=true rung=0 pre_dist=2.01m | cache_used=false path_age=0.000 path_points=101 planning_time_ms=7.0
1787372588.701 [STATIC_AVOID] obs_id=111 obs_dist=0.78m obs_s=30.80 ego_s=30.02 side=RIGHT | left_clearance=0.19 right_clearance=-0.39 candidate_valid=true rung=1 pre_dist=2.02m | cache_used=false path_age=0.000 path_points=101 planning_time_ms=6.7
1787372589.202 [STATIC_AVOID] obs_id=111 obs_dist=0.79m obs_s=30.80 ego_s=30.01 side=RIGHT | left_clearance=0.19 right_clearance=-0.39 candidate_valid=true rung=1 pre_dist=2.02m | cache_used=false path_age=0.000 path_points=101 planning_time_ms=7.3
1787372589.716 [STATIC_AVOID] obs_id=111 obs_dist=0.74m obs_s=30.80 ego_s=30.06 side=LEFT | left_clearance=0.20 right_clearance=-0.40 candidate_valid=true rung=0 pre_dist=2.02m | cache_used=false path_age=0.000 path_points=101 planning_time_ms=6.6
1787372590.300 [STATIC_AVOID] obs_id=111 obs_dist=0.88m obs_s=30.81 ego_s=29.93 side=RIGHT | left_clearance=0.17 right_clearance=-0.42 candidate_valid=true rung=1 pre_dist=2.02m | cache_used=false path_age=0.000 path_points=101 planning_time_ms=6.4
1787372590.900 [STATIC_AVOID] obs_id=111 obs_dist=1.04m obs_s=30.80 ego_s=29.76 side=RIGHT | left_clearance=0.21 right_clearance=-0.34 candidate_valid=false rung=- pre_dist=2.01m | cache_used=true path_age=0.205 path_points=101 planning_time_ms=4.6 | reason=map_occupied
1787372591.418 [STATIC_AVOID] obs_id=111 obs_dist=0.80m obs_s=30.79 ego_s=29.99 side=LEFT | left_clearance=0.11 right_clearance=-0.44 candidate_valid=true rung=0 pre_dist=2.01m | cache_used=false path_age=0.000 path_points=101 planning_time_ms=5.5
1787372592.000 [STATIC_AVOID] obs_id=113 obs_dist=-0.08m obs_s=30.03 ego_s=30.11 side=LEFT | left_clearance=-0.00 right_clearance=-0.43 candidate_valid=true rung=0 pre_dist=2.00m | cache_used=false path_age=0.000 path_points=101 planning_time_ms=3.8
1787372592.501 [STATIC_AVOID] obs_id=113 obs_dist=-0.03m obs_s=30.03 ego_s=30.07 side=LEFT | left_clearance=-0.03 right_clearance=-0.47 candidate_valid=true rung=0 pre_dist=2.00m | cache_used=false path_age=0.000 path_points=101 planning_time_ms=4.0
1787372593.101 [STATIC_AVOID] obs_id=113 obs_dist=0.02m obs_s=30.02 ego_s=30.01 side=LEFT | left_clearance=-0.00 right_clearance=-0.41 candidate_valid=true rung=0 pre_dist=2.00m | cache_used=false path_age=0.000 path_points=101 planning_time_ms=4.5
1787372593.702 [STATIC_AVOID] obs_id=113 obs_dist=0.01m obs_s=30.02 ego_s=30.01 side=LEFT | left_clearance=0.04 right_clearance=-0.38 candidate_valid=true rung=0 pre_dist=2.00m | cache_used=false path_age=0.000 path_points=101 planning_time_ms=3.6
1787372594.302 [STATIC_AVOID] obs_id=113 obs_dist=-0.00m obs_s=30.03 ego_s=30.03 side=LEFT | left_clearance=0.03 right_clearance=-0.46 candidate_valid=true rung=0 pre_dist=2.00m | cache_used=false path_age=0.000 path_points=101 planning_time_ms=6.8
1787372594.901 [STATIC_AVOID] obs_id=113 obs_dist=-0.09m obs_s=30.02 ego_s=30.11 side=LEFT | left_clearance=0.08 right_clearance=-0.46 candidate_valid=true rung=0 pre_dist=2.00m | cache_used=false path_age=0.000 path_points=101 planning_time_ms=5.2
1787372595.405 [STATIC_AVOID] obs_id=113 obs_dist=-0.09m obs_s=30.02 ego_s=30.11 side=LEFT | left_clearance=0.08 right_clearance=-0.46 candidate_valid=true rung=0 pre_dist=2.00m | cache_used=false path_age=0.000 path_points=101 planning_time_ms=8.2
1787372595.997 [STATIC_AVOID] obs_id=113 obs_dist=-0.00m obs_s=30.02 ego_s=30.02 side=LEFT | left_clearance=0.08 right_clearance=-0.12 candidate_valid=true rung=0 pre_dist=2.00m | cache_used=false path_age=0.000 path_points=101 planning_time_ms=3.4
1787372596.499 [STATIC_AVOID] obs_id=113 obs_dist=-0.01m obs_s=30.02 ego_s=30.03 side=LEFT | left_clearance=0.08 right_clearance=-0.12 candidate_valid=true rung=0 pre_dist=2.00m | cache_used=false path_age=0.000 path_points=101 planning_time_ms=3.3
1787372597.094 [STATIC_AVOID] obs_id=- obs_dist=-m obs_s=- ego_s=30.10 side=- | left_clearance=- right_clearance=- candidate_valid=false rung=- pre_dist=-m | cache_used=false path_age=- path_points=0 planning_time_ms=0.1 | reason=no_static_obstacle_in_range | cache_reason=no_cache
1787372597.595 [STATIC_AVOID] obs_id=- obs_dist=-m obs_s=- ego_s=30.10 side=- | left_clearance=- right_clearance=- candidate_valid=false rung=- pre_dist=-m | cache_used=false path_age=- path_points=0 planning_time_ms=0.1 | reason=no_static_obstacle_in_range | cache_reason=no_cache
1787372598.099 [STATIC_AVOID] obs_id=116 obs_dist=0.70m obs_s=30.90 ego_s=30.21 side=RIGHT | left_clearance=-0.12 right_clearance=0.08 candidate_valid=false rung=- pre_dist=2.00m | cache_used=true path_age=0.102 path_points=101 planning_time_ms=4.8 | reason=map_occupied
1787372598.600 [STATIC_AVOID] obs_id=116 obs_dist=0.77m obs_s=30.90 ego_s=30.14 side=RIGHT | left_clearance=-0.12 right_clearance=0.08 candidate_valid=true rung=0 pre_dist=2.00m | cache_used=false path_age=0.000 path_points=101 planning_time_ms=5.4
1787372599.101 [STATIC_AVOID] obs_id=116 obs_dist=0.70m obs_s=30.87 ego_s=30.17 side=RIGHT | left_clearance=-0.20 right_clearance=0.04 candidate_valid=false rung=- pre_dist=2.00m | cache_used=false path_age=- path_points=0 planning_time_ms=4.8 | reason=obstacle_clearance | cache_reason=no_cache
1787372599.602 [STATIC_AVOID] obs_id=116 obs_dist=0.74m obs_s=30.90 ego_s=30.16 side=RIGHT | left_clearance=-0.21 right_clearance=0.02 candidate_valid=false rung=- pre_dist=2.00m | cache_used=false path_age=- path_points=0 planning_time_ms=4.8 | reason=obstacle_clearance | cache_reason=no_cache
1787372600.118 [STATIC_AVOID] obs_id=116 obs_dist=0.84m obs_s=30.96 ego_s=30.12 side=RIGHT | left_clearance=-0.20 right_clearance=-0.03 candidate_valid=false rung=- pre_dist=2.06m | cache_used=false path_age=- path_points=0 planning_time_ms=8.4 | reason=obstacle_clearance | cache_reason=no_cache
1787372600.706 [STATIC_AVOID] obs_id=116 obs_dist=0.93m obs_s=31.03 ego_s=30.10 side=RIGHT | left_clearance=-0.06 right_clearance=-0.21 candidate_valid=true rung=1 pre_dist=2.00m | cache_used=false path_age=0.000 path_points=101 planning_time_ms=11.1
1787372601.304 [STATIC_AVOID] obs_id=116 obs_dist=0.97m obs_s=31.06 ego_s=30.08 side=RIGHT | left_clearance=0.05 right_clearance=-0.26 candidate_valid=false rung=- pre_dist=2.03m | cache_used=false path_age=- path_points=0 planning_time_ms=8.2 | reason=group_track_too_narrow | cache_reason=cache_collision
1787372601.901 [STATIC_AVOID] obs_id=116 obs_dist=1.02m obs_s=31.11 ego_s=30.09 side=RIGHT | left_clearance=-0.10 right_clearance=-0.22 candidate_valid=false rung=- pre_dist=2.09m | cache_used=false path_age=- path_points=0 planning_time_ms=5.3 | reason=group_track_too_narrow | cache_reason=cache_expired
1787372602.403 [STATIC_AVOID] obs_id=116 obs_dist=1.02m obs_s=31.14 ego_s=30.12 side=RIGHT | left_clearance=0.04 right_clearance=-0.31 candidate_valid=true rung=1 pre_dist=2.12m | cache_used=false path_age=0.000 path_points=101 planning_time_ms=8.7
1787372602.906 [STATIC_AVOID] obs_id=116 obs_dist=1.18m obs_s=31.16 ego_s=29.98 side=RIGHT | left_clearance=0.04 right_clearance=-0.32 candidate_valid=true rung=1 pre_dist=2.14m | cache_used=false path_age=0.000 path_points=101 planning_time_ms=5.9
1787372603.502 [STATIC_AVOID] obs_id=116 obs_dist=1.18m obs_s=31.17 ego_s=29.98 side=RIGHT | left_clearance=0.06 right_clearance=-0.15 candidate_valid=true rung=1 pre_dist=2.14m | cache_used=false path_age=0.000 path_points=101 planning_time_ms=6.4
1787372604.113 [STATIC_AVOID] obs_id=116 obs_dist=1.09m obs_s=31.17 ego_s=30.07 side=RIGHT | left_clearance=0.06 right_clearance=-0.04 candidate_valid=true rung=1 pre_dist=2.00m | cache_used=false path_age=0.000 path_points=101 planning_time_ms=9.6
1787372604.705 [STATIC_AVOID] obs_id=116 obs_dist=1.09m obs_s=31.17 ego_s=30.08 side=RIGHT | left_clearance=0.06 right_clearance=-0.04 candidate_valid=true rung=0 pre_dist=2.00m | cache_used=false path_age=0.000 path_points=101 planning_time_ms=5.3
1787372605.294 [STATIC_AVOID] obs_id=- obs_dist=-m obs_s=- ego_s=30.11 side=- | left_clearance=- right_clearance=- candidate_valid=false rung=- pre_dist=-m | cache_used=false path_age=- path_points=0 planning_time_ms=0.1 | reason=no_static_obstacle_in_range | cache_reason=no_cache
1787372605.894 [STATIC_AVOID] obs_id=- obs_dist=-m obs_s=- ego_s=30.11 side=- | left_clearance=- right_clearance=- candidate_valid=false rung=- pre_dist=-m | cache_used=false path_age=- path_points=0 planning_time_ms=0.1 | reason=no_static_obstacle_in_range | cache_reason=no_cache
