# static_avoidance_node debug log started 20260822_173631
1787387796.731 [STATIC_AVOID] obs_id=- obs_dist=-m obs_s=- ego_s=36.07 side=- | left_clearance=- right_clearance=- candidate_valid=false rung=- pre_dist=-m | cache_used=false path_age=- path_points=0 planning_time_ms=0.2 | reason=no_static_obstacle_in_range | cache_reason=no_cache
1787387797.232 [STATIC_AVOID] obs_id=- obs_dist=-m obs_s=- ego_s=36.11 side=- | left_clearance=- right_clearance=- candidate_valid=false rung=- pre_dist=-m | cache_used=false path_age=- path_points=0 planning_time_ms=0.1 | reason=no_static_obstacle_in_range | cache_reason=no_cache
1787387797.831 [STATIC_AVOID] obs_id=- obs_dist=-m obs_s=- ego_s=36.10 side=- | left_clearance=- right_clearance=- candidate_valid=false rung=- pre_dist=-m | cache_used=false path_age=- path_points=0 planning_time_ms=0.1 | reason=no_static_obstacle_in_range | cache_reason=no_cache
1787387798.343 [STATIC_AVOID] obs_id=- obs_dist=-m obs_s=- ego_s=36.11 side=- | left_clearance=- right_clearance=- candidate_valid=false rung=- pre_dist=-m | cache_used=false path_age=- path_points=0 planning_time_ms=0.2 | reason=no_static_obstacle_in_range | cache_reason=no_cache
1787387798.938 [STATIC_AVOID] obs_id=- obs_dist=-m obs_s=- ego_s=36.08 side=- | left_clearance=- right_clearance=- candidate_valid=false rung=- pre_dist=-m | cache_used=false path_age=- path_points=0 planning_time_ms=0.1 | reason=no_static_obstacle_in_range | cache_reason=no_cache
1787387799.533 [STATIC_AVOID] obs_id=- obs_dist=-m obs_s=- ego_s=36.09 side=- | left_clearance=- right_clearance=- candidate_valid=false rung=- pre_dist=-m | cache_used=false path_age=- path_points=0 planning_time_ms=0.1 | reason=no_static_obstacle_in_range | cache_reason=no_cache
1787387800.132 [STATIC_AVOID] obs_id=- obs_dist=-m obs_s=- ego_s=36.10 side=- | left_clearance=- right_clearance=- candidate_valid=false rung=- pre_dist=-m | cache_used=false path_age=- path_points=0 planning_time_ms=0.2 | reason=no_static_obstacle_in_range | cache_reason=no_cache
1787387800.731 [STATIC_AVOID] obs_id=- obs_dist=-m obs_s=- ego_s=36.11 side=- | left_clearance=- right_clearance=- candidate_valid=false rung=- pre_dist=-m | cache_used=false path_age=- path_points=0 planning_time_ms=0.1 | reason=no_static_obstacle_in_range | cache_reason=no_cache
1787387801.232 [STATIC_AVOID] obs_id=- obs_dist=-m obs_s=- ego_s=36.11 side=- | left_clearance=- right_clearance=- candidate_valid=false rung=- pre_dist=-m | cache_used=false path_age=- path_points=0 planning_time_ms=0.1 | reason=no_static_obstacle_in_range | cache_reason=no_cache
1787387801.831 [STATIC_AVOID] obs_id=- obs_dist=-m obs_s=- ego_s=36.11 side=- | left_clearance=- right_clearance=- candidate_valid=false rung=- pre_dist=-m | cache_used=false path_age=- path_points=0 planning_time_ms=0.1 | reason=no_static_obstacle_in_range | cache_reason=no_cache
1787387802.332 [STATIC_AVOID] obs_id=- obs_dist=-m obs_s=- ego_s=36.10 side=- | left_clearance=- right_clearance=- candidate_valid=false rung=- pre_dist=-m | cache_used=false path_age=- path_points=0 planning_time_ms=0.1 | reason=no_static_obstacle_in_range | cache_reason=no_cache
1787387802.833 [STATIC_AVOID] obs_id=- obs_dist=-m obs_s=- ego_s=36.10 side=- | left_clearance=- right_clearance=- candidate_valid=false rung=- pre_dist=-m | cache_used=false path_age=- path_points=0 planning_time_ms=0.1 | reason=no_static_obstacle_in_range | cache_reason=no_cache
1787387803.431 [STATIC_AVOID] obs_id=- obs_dist=-m obs_s=- ego_s=36.11 side=- | left_clearance=- right_clearance=- candidate_valid=false rung=- pre_dist=-m | cache_used=false path_age=- path_points=0 planning_time_ms=0.1 | reason=no_static_obstacle_in_range | cache_reason=no_cache
1787387803.931 [STATIC_AVOID] obs_id=- obs_dist=-m obs_s=- ego_s=36.09 side=- | left_clearance=- right_clearance=- candidate_valid=false rung=- pre_dist=-m | cache_used=false path_age=- path_points=0 planning_time_ms=0.1 | reason=no_static_obstacle_in_range | cache_reason=no_cache
1787387804.535 [STATIC_AVOID] obs_id=- obs_dist=-m obs_s=- ego_s=36.14 side=- | left_clearance=- right_clearance=- candidate_valid=false rung=- pre_dist=-m | cache_used=false path_age=- path_points=0 planning_time_ms=0.1 | reason=no_static_obstacle_in_range | cache_reason=no_cache
1787387805.131 [STATIC_AVOID] obs_id=- obs_dist=-m obs_s=- ego_s=36.07 side=- | left_clearance=- right_clearance=- candidate_valid=false rung=- pre_dist=-m | cache_used=false path_age=- path_points=0 planning_time_ms=0.2 | reason=no_static_obstacle_in_range | cache_reason=no_cache
1787387805.631 [STATIC_AVOID] obs_id=- obs_dist=-m obs_s=- ego_s=36.92 side=- | left_clearance=- right_clearance=- candidate_valid=false rung=- pre_dist=-m | cache_used=false path_age=- path_points=0 planning_time_ms=0.1 | reason=no_static_obstacle_in_range | cache_reason=no_cache
1787387806.147 [STATIC_AVOID] obs_id=8 obs_dist=4.16m obs_s=4.00 ego_s=41.00 side=- | left_clearance=0.25 right_clearance=-0.16 candidate_valid=false rung=- pre_dist=3.55m | cache_used=false path_age=- path_points=0 planning_time_ms=12.5 | reason=map_occupied | cache_reason=no_cache
1787387806.741 [STATIC_AVOID] obs_id=8 obs_dist=4.23m obs_s=4.04 ego_s=40.97 side=- | left_clearance=0.24 right_clearance=-0.12 candidate_valid=false rung=- pre_dist=3.59m | cache_used=false path_age=- path_points=0 planning_time_ms=7.8 | reason=track_too_narrow | cache_reason=no_cache
1787387807.252 [STATIC_AVOID] obs_id=8 obs_dist=4.24m obs_s=4.04 ego_s=40.96 side=- | left_clearance=0.22 right_clearance=-0.14 candidate_valid=false rung=- pre_dist=3.59m | cache_used=false path_age=- path_points=0 planning_time_ms=20.3 | reason=track_too_narrow | cache_reason=no_cache
1787387807.847 [STATIC_AVOID] obs_id=8 obs_dist=4.25m obs_s=4.05 ego_s=40.96 side=- | left_clearance=0.22 right_clearance=-0.13 candidate_valid=false rung=- pre_dist=3.60m | cache_used=false path_age=- path_points=0 planning_time_ms=15.0 | reason=map_occupied | cache_reason=no_cache
1787387808.436 [STATIC_AVOID] obs_id=8 obs_dist=4.24m obs_s=4.04 ego_s=40.96 side=- | left_clearance=0.23 right_clearance=-0.12 candidate_valid=false rung=- pre_dist=3.59m | cache_used=false path_age=- path_points=0 planning_time_ms=3.4 | reason=track_too_narrow | cache_reason=no_cache
1787387808.940 [STATIC_AVOID] obs_id=8 obs_dist=4.24m obs_s=4.04 ego_s=40.96 side=- | left_clearance=0.25 right_clearance=-0.12 candidate_valid=false rung=- pre_dist=3.59m | cache_used=false path_age=- path_points=0 planning_time_ms=3.5 | reason=track_too_narrow | cache_reason=no_cache
1787387809.469 [STATIC_AVOID] obs_id=8 obs_dist=4.24m obs_s=4.04 ego_s=40.96 side=- | left_clearance=0.24 right_clearance=-0.13 candidate_valid=false rung=- pre_dist=3.59m | cache_used=false path_age=- path_points=0 planning_time_ms=36.3 | reason=track_too_narrow | cache_reason=no_cache
1787387810.050 [STATIC_AVOID] obs_id=8 obs_dist=4.24m obs_s=4.04 ego_s=40.96 side=- | left_clearance=0.24 right_clearance=-0.13 candidate_valid=false rung=- pre_dist=3.59m | cache_used=false path_age=- path_points=0 planning_time_ms=12.9 | reason=track_too_narrow | cache_reason=no_cache
1787387810.634 [STATIC_AVOID] obs_id=8 obs_dist=4.24m obs_s=4.04 ego_s=40.96 side=- | left_clearance=0.24 right_clearance=-0.13 candidate_valid=false rung=- pre_dist=3.58m | cache_used=false path_age=- path_points=0 planning_time_ms=3.7 | reason=track_too_narrow | cache_reason=no_cache
1787387811.240 [STATIC_AVOID] obs_id=8 obs_dist=4.25m obs_s=4.03 ego_s=40.94 side=- | left_clearance=0.23 right_clearance=-0.14 candidate_valid=false rung=- pre_dist=3.58m | cache_used=false path_age=- path_points=0 planning_time_ms=4.8 | reason=track_too_narrow | cache_reason=no_cache
1787387811.742 [STATIC_AVOID] obs_id=8 obs_dist=4.24m obs_s=4.03 ego_s=40.96 side=- | left_clearance=0.22 right_clearance=-0.14 candidate_valid=false rung=- pre_dist=3.58m | cache_used=false path_age=- path_points=0 planning_time_ms=3.4 | reason=track_too_narrow | cache_reason=no_cache
1787387812.343 [STATIC_AVOID] obs_id=8 obs_dist=4.25m obs_s=4.05 ego_s=40.96 side=- | left_clearance=0.20 right_clearance=-0.14 candidate_valid=false rung=- pre_dist=3.60m | cache_used=false path_age=- path_points=0 planning_time_ms=11.4 | reason=track_too_narrow | cache_reason=no_cache
1787387812.865 [STATIC_AVOID] obs_id=8 obs_dist=4.25m obs_s=4.05 ego_s=40.96 side=- | left_clearance=0.21 right_clearance=-0.12 candidate_valid=false rung=- pre_dist=3.60m | cache_used=false path_age=- path_points=0 planning_time_ms=16.7 | reason=map_occupied | cache_reason=no_cache
1787387813.436 [STATIC_AVOID] obs_id=8 obs_dist=4.25m obs_s=4.05 ego_s=40.96 side=- | left_clearance=0.21 right_clearance=-0.12 candidate_valid=false rung=- pre_dist=3.60m | cache_used=false path_age=- path_points=0 planning_time_ms=3.6 | reason=map_occupied | cache_reason=no_cache
1787387814.051 [STATIC_AVOID] obs_id=8 obs_dist=4.25m obs_s=4.03 ego_s=40.94 side=- | left_clearance=0.25 right_clearance=-0.11 candidate_valid=false rung=- pre_dist=3.58m | cache_used=false path_age=- path_points=0 planning_time_ms=12.6 | reason=track_too_narrow | cache_reason=no_cache
1787387814.653 [STATIC_AVOID] obs_id=8 obs_dist=4.21m obs_s=4.01 ego_s=40.96 side=- | left_clearance=0.25 right_clearance=-0.13 candidate_valid=false rung=- pre_dist=3.56m | cache_used=false path_age=- path_points=0 planning_time_ms=21.5 | reason=track_too_narrow | cache_reason=no_cache
1787387815.245 [STATIC_AVOID] obs_id=8 obs_dist=4.22m obs_s=4.02 ego_s=40.96 side=- | left_clearance=0.24 right_clearance=-0.13 candidate_valid=false rung=- pre_dist=3.57m | cache_used=false path_age=- path_points=0 planning_time_ms=3.6 | reason=track_too_narrow | cache_reason=no_cache
1787387815.842 [STATIC_AVOID] obs_id=8 obs_dist=4.23m obs_s=4.03 ego_s=40.96 side=- | left_clearance=0.24 right_clearance=-0.12 candidate_valid=false rung=- pre_dist=3.58m | cache_used=false path_age=- path_points=0 planning_time_ms=5.5 | reason=track_too_narrow | cache_reason=no_cache
1787387816.437 [STATIC_AVOID] obs_id=8 obs_dist=4.24m obs_s=4.03 ego_s=40.95 side=- | left_clearance=0.23 right_clearance=-0.12 candidate_valid=false rung=- pre_dist=3.58m | cache_used=false path_age=- path_points=0 planning_time_ms=3.5 | reason=track_too_narrow | cache_reason=no_cache
1787387817.045 [STATIC_AVOID] obs_id=8 obs_dist=4.23m obs_s=4.02 ego_s=40.95 side=- | left_clearance=0.24 right_clearance=-0.13 candidate_valid=false rung=- pre_dist=3.57m | cache_used=false path_age=- path_points=0 planning_time_ms=4.7 | reason=track_too_narrow | cache_reason=no_cache
1787387817.549 [STATIC_AVOID] obs_id=8 obs_dist=4.22m obs_s=4.02 ego_s=40.96 side=- | left_clearance=0.24 right_clearance=-0.13 candidate_valid=false rung=- pre_dist=3.56m | cache_used=false path_age=- path_points=0 planning_time_ms=11.1 | reason=track_too_narrow | cache_reason=no_cache
1787387818.061 [STATIC_AVOID] obs_id=8 obs_dist=4.23m obs_s=4.03 ego_s=40.96 side=- | left_clearance=0.22 right_clearance=-0.13 candidate_valid=false rung=- pre_dist=3.57m | cache_used=false path_age=- path_points=0 planning_time_ms=15.9 | reason=track_too_narrow | cache_reason=no_cache
1787387818.641 [STATIC_AVOID] obs_id=8 obs_dist=4.23m obs_s=4.03 ego_s=40.96 side=- | left_clearance=0.23 right_clearance=-0.12 candidate_valid=false rung=- pre_dist=3.57m | cache_used=false path_age=- path_points=0 planning_time_ms=3.8 | reason=track_too_narrow | cache_reason=no_cache
1787387819.251 [STATIC_AVOID] obs_id=8 obs_dist=4.23m obs_s=4.03 ego_s=40.96 side=- | left_clearance=0.22 right_clearance=-0.13 candidate_valid=false rung=- pre_dist=3.58m | cache_used=false path_age=- path_points=0 planning_time_ms=18.0 | reason=track_too_narrow | cache_reason=no_cache
1787387819.773 [STATIC_AVOID] obs_id=8 obs_dist=4.22m obs_s=4.02 ego_s=40.96 side=- | left_clearance=0.23 right_clearance=-0.14 candidate_valid=false rung=- pre_dist=3.57m | cache_used=false path_age=- path_points=0 planning_time_ms=22.7 | reason=track_too_narrow | cache_reason=no_cache
1787387820.306 [STATIC_AVOID] obs_id=8 obs_dist=4.22m obs_s=4.01 ego_s=40.96 side=- | left_clearance=0.24 right_clearance=-0.13 candidate_valid=false rung=- pre_dist=3.56m | cache_used=false path_age=- path_points=0 planning_time_ms=40.2 | reason=track_too_narrow | cache_reason=no_cache
1787387820.854 [STATIC_AVOID] obs_id=8 obs_dist=4.22m obs_s=4.02 ego_s=40.96 side=- | left_clearance=0.25 right_clearance=-0.12 candidate_valid=false rung=- pre_dist=3.56m | cache_used=false path_age=- path_points=0 planning_time_ms=15.1 | reason=track_too_narrow | cache_reason=no_cache
1787387821.365 [STATIC_AVOID] obs_id=8 obs_dist=4.22m obs_s=4.02 ego_s=40.96 side=- | left_clearance=0.23 right_clearance=-0.14 candidate_valid=false rung=- pre_dist=3.57m | cache_used=false path_age=- path_points=0 planning_time_ms=19.1 | reason=track_too_narrow | cache_reason=no_cache
1787387821.864 [STATIC_AVOID] obs_id=8 obs_dist=4.23m obs_s=4.03 ego_s=40.96 side=- | left_clearance=0.21 right_clearance=-0.14 candidate_valid=false rung=- pre_dist=3.58m | cache_used=false path_age=- path_points=0 planning_time_ms=24.1 | reason=track_too_narrow | cache_reason=no_cache
1787387822.446 [STATIC_AVOID] obs_id=8 obs_dist=4.30m obs_s=4.02 ego_s=40.88 side=- | left_clearance=0.29 right_clearance=-0.07 candidate_valid=false rung=- pre_dist=3.57m | cache_used=false path_age=- path_points=0 planning_time_ms=14.7 | reason=map_occupied | cache_reason=no_cache
1787387823.046 [STATIC_AVOID] obs_id=8 obs_dist=4.22m obs_s=3.96 ego_s=40.90 side=- | left_clearance=0.32 right_clearance=-0.11 candidate_valid=false rung=- pre_dist=3.51m | cache_used=false path_age=- path_points=0 planning_time_ms=8.0 | reason=track_too_narrow | cache_reason=no_cache
1787387823.549 [STATIC_AVOID] obs_id=8 obs_dist=4.21m obs_s=3.94 ego_s=40.89 side=- | left_clearance=0.33 right_clearance=-0.12 candidate_valid=false rung=- pre_dist=3.49m | cache_used=false path_age=- path_points=0 planning_time_ms=17.5 | reason=track_too_narrow | cache_reason=no_cache
1787387824.050 [STATIC_AVOID] obs_id=8 obs_dist=4.17m obs_s=3.95 ego_s=40.94 side=- | left_clearance=0.31 right_clearance=-0.13 candidate_valid=false rung=- pre_dist=3.49m | cache_used=false path_age=- path_points=0 planning_time_ms=5.2 | reason=map_occupied | cache_reason=no_cache
1787387824.636 [STATIC_AVOID] obs_id=8 obs_dist=4.17m obs_s=3.94 ego_s=40.93 side=- | left_clearance=0.30 right_clearance=-0.14 candidate_valid=false rung=- pre_dist=3.49m | cache_used=false path_age=- path_points=0 planning_time_ms=5.5 | reason=map_occupied | cache_reason=no_cache
1787387825.136 [STATIC_AVOID] obs_id=8 obs_dist=4.17m obs_s=3.96 ego_s=40.95 side=- | left_clearance=0.30 right_clearance=-0.12 candidate_valid=false rung=- pre_dist=3.51m | cache_used=false path_age=- path_points=0 planning_time_ms=4.7 | reason=map_occupied | cache_reason=no_cache
1787387825.742 [STATIC_AVOID] obs_id=8 obs_dist=4.17m obs_s=3.96 ego_s=40.95 side=- | left_clearance=0.28 right_clearance=-0.14 candidate_valid=false rung=- pre_dist=3.51m | cache_used=false path_age=- path_points=0 planning_time_ms=11.4 | reason=map_occupied | cache_reason=no_cache
1787387826.362 [STATIC_AVOID] obs_id=8 obs_dist=4.20m obs_s=3.98 ego_s=40.93 side=- | left_clearance=0.28 right_clearance=-0.12 candidate_valid=false rung=- pre_dist=3.53m | cache_used=false path_age=- path_points=0 planning_time_ms=20.1 | reason=map_occupied | cache_reason=no_cache
1787387826.944 [STATIC_AVOID] obs_id=8 obs_dist=4.21m obs_s=3.97 ego_s=40.91 side=- | left_clearance=0.30 right_clearance=-0.12 candidate_valid=false rung=- pre_dist=3.52m | cache_used=false path_age=- path_points=0 planning_time_ms=13.7 | reason=track_too_narrow | cache_reason=no_cache
1787387827.445 [STATIC_AVOID] obs_id=8 obs_dist=4.20m obs_s=3.95 ego_s=40.91 side=- | left_clearance=0.32 right_clearance=-0.12 candidate_valid=false rung=- pre_dist=3.50m | cache_used=false path_age=- path_points=0 planning_time_ms=14.3 | reason=map_occupied | cache_reason=no_cache
1787387828.049 [STATIC_AVOID] obs_id=8 obs_dist=4.13m obs_s=3.97 ego_s=40.99 side=- | left_clearance=0.28 right_clearance=-0.13 candidate_valid=false rung=- pre_dist=3.52m | cache_used=false path_age=- path_points=0 planning_time_ms=15.1 | reason=track_too_narrow | cache_reason=no_cache
1787387828.634 [STATIC_AVOID] obs_id=8 obs_dist=3.90m obs_s=3.92 ego_s=0.01 side=- | left_clearance=0.33 right_clearance=-0.10 candidate_valid=false rung=- pre_dist=3.47m | cache_used=false path_age=- path_points=0 planning_time_ms=3.6 | reason=map_occupied | cache_reason=no_cache
1787387829.144 [STATIC_AVOID] obs_id=8 obs_dist=3.39m obs_s=3.82 ego_s=0.43 side=LEFT | left_clearance=0.29 right_clearance=-0.17 candidate_valid=true rung=2 pre_dist=3.37m | cache_used=false path_age=0.000 path_points=101 planning_time_ms=12.3
1787387829.649 [STATIC_AVOID] obs_id=8 obs_dist=2.69m obs_s=3.75 ego_s=1.06 side=LEFT | left_clearance=0.38 right_clearance=-0.14 candidate_valid=true rung=2 pre_dist=3.30m | cache_used=false path_age=0.000 path_points=101 planning_time_ms=11.8
1787387830.243 [STATIC_AVOID] obs_id=8 obs_dist=1.27m obs_s=3.69 ego_s=2.42 side=LEFT | left_clearance=0.53 right_clearance=-0.30 candidate_valid=false rung=- pre_dist=2.47m | cache_used=false path_age=- path_points=0 planning_time_ms=3.4 | reason=obstacle_clearance | cache_reason=cache_collision
1787387830.836 [STATIC_AVOID] obs_id=8 obs_dist=-0.76m obs_s=3.67 ego_s=4.43 side=LEFT | left_clearance=0.70 right_clearance=-0.16 candidate_valid=true rung=0 pre_dist=3.71m | cache_used=false path_age=0.000 path_points=101 planning_time_ms=3.6
1787387831.430 [STATIC_AVOID] obs_id=- obs_dist=-m obs_s=- ego_s=6.81 side=- | left_clearance=- right_clearance=- candidate_valid=false rung=- pre_dist=-m | cache_used=false path_age=- path_points=0 planning_time_ms=0.1 | reason=no_static_obstacle_in_range | cache_reason=no_cache
1787387831.937 [STATIC_AVOID] obs_id=12 obs_dist=7.27m obs_s=15.51 ego_s=8.24 side=LEFT | left_clearance=0.14 right_clearance=0.06 candidate_valid=false rung=- pre_dist=4.00m | cache_used=true path_age=0.204 path_points=145 planning_time_ms=3.5 | reason=track_too_narrow
1787387832.554 [STATIC_AVOID] obs_id=12 obs_dist=5.98m obs_s=15.50 ego_s=9.52 side=LEFT | left_clearance=0.12 right_clearance=-0.05 candidate_valid=false rung=- pre_dist=3.99m | cache_used=true path_age=0.118 path_points=122 planning_time_ms=12.4 | reason=track_too_narrow
1787387833.149 [STATIC_AVOID] obs_id=12 obs_dist=5.25m obs_s=15.47 ego_s=10.22 side=LEFT | left_clearance=-0.00 right_clearance=-0.02 candidate_valid=false rung=- pre_dist=3.96m | cache_used=false path_age=- path_points=0 planning_time_ms=7.1 | reason=track_too_narrow | cache_reason=cache_collision
1787387833.741 [STATIC_AVOID] obs_id=12 obs_dist=4.83m obs_s=15.40 ego_s=10.57 side=RIGHT | left_clearance=0.02 right_clearance=0.16 candidate_valid=true rung=0 pre_dist=3.89m | cache_used=false path_age=0.000 path_points=104 planning_time_ms=3.4
1787387834.346 [STATIC_AVOID] obs_id=12 obs_dist=4.15m obs_s=15.32 ego_s=11.17 side=RIGHT | left_clearance=-0.06 right_clearance=0.28 candidate_valid=false rung=- pre_dist=3.81m | cache_used=true path_age=0.105 path_points=101 planning_time_ms=4.9 | reason=obstacle_clearance
1787387834.938 [STATIC_AVOID] obs_id=12 obs_dist=3.16m obs_s=15.32 ego_s=12.16 side=RIGHT | left_clearance=-0.06 right_clearance=0.28 candidate_valid=false rung=- pre_dist=3.81m | cache_used=true path_age=0.106 path_points=101 planning_time_ms=4.7 | reason=obstacle_clearance
1787387835.534 [STATIC_AVOID] obs_id=12 obs_dist=1.48m obs_s=15.26 ego_s=13.78 side=RIGHT | left_clearance=-0.10 right_clearance=0.19 candidate_valid=false rung=- pre_dist=3.75m | cache_used=false path_age=- path_points=0 planning_time_ms=3.5 | reason=obstacle_clearance | cache_reason=no_cache
1787387836.035 [STATIC_AVOID] obs_id=12 obs_dist=0.56m obs_s=15.14 ego_s=14.58 side=RIGHT | left_clearance=-0.16 right_clearance=0.25 candidate_valid=false rung=- pre_dist=2.00m | cache_used=true path_age=0.103 path_points=101 planning_time_ms=3.9 | reason=obstacle_clearance
1787387836.545 [STATIC_AVOID] obs_id=12 obs_dist=-0.67m obs_s=15.09 ego_s=15.76 side=RIGHT | left_clearance=-0.03 right_clearance=0.28 candidate_valid=true rung=0 pre_dist=3.10m | cache_used=false path_age=0.000 path_points=101 planning_time_ms=9.0
1787387837.046 [STATIC_AVOID] obs_id=- obs_dist=-m obs_s=- ego_s=17.22 side=- | left_clearance=- right_clearance=- candidate_valid=false rung=- pre_dist=-m | cache_used=false path_age=- path_points=0 planning_time_ms=3.4 | reason=no_static_obstacle_in_range | cache_reason=no_cache
1787387837.631 [STATIC_AVOID] obs_id=- obs_dist=-m obs_s=- ego_s=19.59 side=- | left_clearance=- right_clearance=- candidate_valid=false rung=- pre_dist=-m | cache_used=false path_age=- path_points=0 planning_time_ms=0.1 | reason=no_static_obstacle_in_range | cache_reason=no_cache
1787387838.231 [STATIC_AVOID] obs_id=- obs_dist=-m obs_s=- ego_s=22.26 side=- | left_clearance=- right_clearance=- candidate_valid=false rung=- pre_dist=-m | cache_used=false path_age=- path_points=0 planning_time_ms=0.1 | reason=no_static_obstacle_in_range | cache_reason=no_cache
1787387838.831 [STATIC_AVOID] obs_id=- obs_dist=-m obs_s=- ego_s=24.20 side=- | left_clearance=- right_clearance=- candidate_valid=false rung=- pre_dist=-m | cache_used=false path_age=- path_points=0 planning_time_ms=0.1 | reason=no_static_obstacle_in_range | cache_reason=no_cache
1787387839.345 [STATIC_AVOID] obs_id=- obs_dist=-m obs_s=- ego_s=25.44 side=- | left_clearance=- right_clearance=- candidate_valid=false rung=- pre_dist=-m | cache_used=false path_age=- path_points=0 planning_time_ms=0.1 | reason=no_static_obstacle_in_range | cache_reason=no_cache
1787387839.932 [STATIC_AVOID] obs_id=- obs_dist=-m obs_s=- ego_s=26.95 side=- | left_clearance=- right_clearance=- candidate_valid=false rung=- pre_dist=-m | cache_used=false path_age=- path_points=0 planning_time_ms=0.1 | reason=no_static_obstacle_in_range | cache_reason=no_cache
1787387840.444 [STATIC_AVOID] obs_id=- obs_dist=-m obs_s=- ego_s=28.93 side=- | left_clearance=- right_clearance=- candidate_valid=false rung=- pre_dist=-m | cache_used=false path_age=- path_points=0 planning_time_ms=0.1 | reason=no_static_obstacle_in_range | cache_reason=no_cache
1787387841.039 [STATIC_AVOID] obs_id=- obs_dist=-m obs_s=- ego_s=31.67 side=- | left_clearance=- right_clearance=- candidate_valid=false rung=- pre_dist=-m | cache_used=false path_age=- path_points=0 planning_time_ms=0.1 | reason=no_static_obstacle_in_range | cache_reason=no_cache
1787387841.632 [STATIC_AVOID] obs_id=- obs_dist=-m obs_s=- ego_s=34.35 side=- | left_clearance=- right_clearance=- candidate_valid=false rung=- pre_dist=-m | cache_used=false path_age=- path_points=0 planning_time_ms=0.1 | reason=no_static_obstacle_in_range | cache_reason=no_cache
1787387842.239 [STATIC_AVOID] obs_id=16 obs_dist=2.48m obs_s=38.36 ego_s=35.88 side=LEFT | left_clearance=0.26 right_clearance=-0.20 candidate_valid=true rung=0 pre_dist=2.48m | cache_used=false path_age=0.000 path_points=101 planning_time_ms=6.4
1787387842.838 [STATIC_AVOID] obs_id=16 obs_dist=1.59m obs_s=38.51 ego_s=36.91 side=LEFT | left_clearance=0.14 right_clearance=-0.25 candidate_valid=true rung=0 pre_dist=2.63m | cache_used=false path_age=0.000 path_points=101 planning_time_ms=3.8
1787387843.434 [STATIC_AVOID] obs_id=16 obs_dist=1.47m obs_s=38.58 ego_s=37.11 side=LEFT | left_clearance=0.10 right_clearance=-0.18 candidate_valid=true rung=0 pre_dist=2.70m | cache_used=false path_age=0.000 path_points=101 planning_time_ms=3.3
1787387843.934 [STATIC_AVOID] obs_id=16 obs_dist=1.39m obs_s=38.69 ego_s=37.30 side=LEFT | left_clearance=0.03 right_clearance=-0.10 candidate_valid=true rung=0 pre_dist=2.81m | cache_used=false path_age=0.000 path_points=101 planning_time_ms=3.6
1787387844.438 [STATIC_AVOID] obs_id=16 obs_dist=1.10m obs_s=38.69 ego_s=37.59 side=LEFT | left_clearance=0.03 right_clearance=-0.06 candidate_valid=true rung=0 pre_dist=2.81m | cache_used=false path_age=0.000 path_points=101 planning_time_ms=5.9
1787387845.036 [STATIC_AVOID] obs_id=16 obs_dist=0.25m obs_s=38.63 ego_s=38.38 side=LEFT | left_clearance=0.17 right_clearance=-0.06 candidate_valid=true rung=0 pre_dist=3.00m | cache_used=false path_age=0.000 path_points=101 planning_time_ms=3.4
1787387845.552 [STATIC_AVOID] obs_id=16 obs_dist=-0.74m obs_s=38.61 ego_s=39.35 side=LEFT | left_clearance=0.22 right_clearance=-0.11 candidate_valid=true rung=0 pre_dist=3.97m | cache_used=false path_age=0.000 path_points=101 planning_time_ms=8.6
1787387846.132 [STATIC_AVOID] obs_id=- obs_dist=-m obs_s=- ego_s=40.45 side=- | left_clearance=- right_clearance=- candidate_valid=false rung=- pre_dist=-m | cache_used=false path_age=- path_points=0 planning_time_ms=0.1 | reason=no_static_obstacle_in_range | cache_reason=no_cache
1787387846.632 [STATIC_AVOID] obs_id=- obs_dist=-m obs_s=- ego_s=0.21 side=- | left_clearance=- right_clearance=- candidate_valid=false rung=- pre_dist=-m | cache_used=false path_age=- path_points=0 planning_time_ms=0.1 | reason=no_static_obstacle_in_range | cache_reason=no_cache
1787387847.145 [STATIC_AVOID] obs_id=- obs_dist=-m obs_s=- ego_s=1.63 side=- | left_clearance=- right_clearance=- candidate_valid=false rung=- pre_dist=-m | cache_used=false path_age=- path_points=0 planning_time_ms=0.2 | reason=no_static_obstacle_in_range | cache_reason=no_cache
1787387847.744 [STATIC_AVOID] obs_id=18 obs_dist=-0.17m obs_s=3.54 ego_s=3.71 side=LEFT | left_clearance=0.77 right_clearance=-0.21 candidate_valid=true rung=0 pre_dist=2.69m | cache_used=false path_age=0.000 path_points=101 planning_time_ms=4.8
1787387848.331 [STATIC_AVOID] obs_id=- obs_dist=-m obs_s=- ego_s=5.54 side=- | left_clearance=- right_clearance=- candidate_valid=false rung=- pre_dist=-m | cache_used=false path_age=- path_points=0 planning_time_ms=0.1 | reason=no_static_obstacle_in_range | cache_reason=no_cache
1787387848.937 [STATIC_AVOID] obs_id=- obs_dist=-m obs_s=- ego_s=7.62 side=- | left_clearance=- right_clearance=- candidate_valid=false rung=- pre_dist=-m | cache_used=false path_age=- path_points=0 planning_time_ms=0.2 | reason=no_static_obstacle_in_range | cache_reason=no_cache
1787387849.535 [STATIC_AVOID] obs_id=- obs_dist=-m obs_s=- ego_s=10.30 side=- | left_clearance=- right_clearance=- candidate_valid=false rung=- pre_dist=-m | cache_used=false path_age=- path_points=0 planning_time_ms=0.1 | reason=no_static_obstacle_in_range | cache_reason=no_cache
1787387850.132 [STATIC_AVOID] obs_id=- obs_dist=-m obs_s=- ego_s=13.37 side=- | left_clearance=- right_clearance=- candidate_valid=false rung=- pre_dist=-m | cache_used=false path_age=- path_points=0 planning_time_ms=0.1 | reason=no_static_obstacle_in_range | cache_reason=no_cache
1787387850.632 [STATIC_AVOID] obs_id=- obs_dist=-m obs_s=- ego_s=15.13 side=- | left_clearance=- right_clearance=- candidate_valid=false rung=- pre_dist=-m | cache_used=false path_age=- path_points=0 planning_time_ms=0.1 | reason=no_static_obstacle_in_range | cache_reason=no_cache
1787387851.233 [STATIC_AVOID] obs_id=- obs_dist=-m obs_s=- ego_s=17.57 side=- | left_clearance=- right_clearance=- candidate_valid=false rung=- pre_dist=-m | cache_used=false path_age=- path_points=0 planning_time_ms=0.1 | reason=no_static_obstacle_in_range | cache_reason=no_cache
1787387851.734 [STATIC_AVOID] obs_id=- obs_dist=-m obs_s=- ego_s=19.07 side=- | left_clearance=- right_clearance=- candidate_valid=false rung=- pre_dist=-m | cache_used=false path_age=- path_points=0 planning_time_ms=0.2 | reason=no_static_obstacle_in_range | cache_reason=no_cache
1787387852.336 [STATIC_AVOID] obs_id=- obs_dist=-m obs_s=- ego_s=21.01 side=- | left_clearance=- right_clearance=- candidate_valid=false rung=- pre_dist=-m | cache_used=false path_age=- path_points=0 planning_time_ms=0.1 | reason=no_static_obstacle_in_range | cache_reason=no_cache
1787387852.939 [STATIC_AVOID] obs_id=- obs_dist=-m obs_s=- ego_s=22.91 side=- | left_clearance=- right_clearance=- candidate_valid=false rung=- pre_dist=-m | cache_used=false path_age=- path_points=0 planning_time_ms=0.1 | reason=no_static_obstacle_in_range | cache_reason=no_cache
1787387853.532 [STATIC_AVOID] obs_id=- obs_dist=-m obs_s=- ego_s=24.72 side=- | left_clearance=- right_clearance=- candidate_valid=false rung=- pre_dist=-m | cache_used=false path_age=- path_points=0 planning_time_ms=0.1 | reason=no_static_obstacle_in_range | cache_reason=no_cache
1787387854.032 [STATIC_AVOID] obs_id=- obs_dist=-m obs_s=- ego_s=25.73 side=- | left_clearance=- right_clearance=- candidate_valid=false rung=- pre_dist=-m | cache_used=false path_age=- path_points=0 planning_time_ms=0.1 | reason=no_static_obstacle_in_range | cache_reason=no_cache
1787387854.532 [STATIC_AVOID] obs_id=- obs_dist=-m obs_s=- ego_s=26.83 side=- | left_clearance=- right_clearance=- candidate_valid=false rung=- pre_dist=-m | cache_used=false path_age=- path_points=0 planning_time_ms=0.1 | reason=no_static_obstacle_in_range | cache_reason=no_cache
1787387855.033 [STATIC_AVOID] obs_id=- obs_dist=-m obs_s=- ego_s=28.92 side=- | left_clearance=- right_clearance=- candidate_valid=false rung=- pre_dist=-m | cache_used=false path_age=- path_points=0 planning_time_ms=0.1 | reason=no_static_obstacle_in_range | cache_reason=no_cache
1787387855.631 [STATIC_AVOID] obs_id=- obs_dist=-m obs_s=- ego_s=31.63 side=- | left_clearance=- right_clearance=- candidate_valid=false rung=- pre_dist=-m | cache_used=false path_age=- path_points=0 planning_time_ms=0.1 | reason=no_static_obstacle_in_range | cache_reason=no_cache
1787387856.132 [STATIC_AVOID] obs_id=- obs_dist=-m obs_s=- ego_s=33.86 side=- | left_clearance=- right_clearance=- candidate_valid=false rung=- pre_dist=-m | cache_used=false path_age=- path_points=0 planning_time_ms=0.1 | reason=no_static_obstacle_in_range | cache_reason=no_cache
1787387856.643 [STATIC_AVOID] obs_id=- obs_dist=-m obs_s=- ego_s=35.26 side=- | left_clearance=- right_clearance=- candidate_valid=false rung=- pre_dist=-m | cache_used=false path_age=- path_points=0 planning_time_ms=0.2 | reason=no_static_obstacle_in_range | cache_reason=no_cache
1787387857.238 [STATIC_AVOID] obs_id=29 obs_dist=1.39m obs_s=38.42 ego_s=37.03 side=LEFT | left_clearance=0.25 right_clearance=-0.24 candidate_valid=true rung=0 pre_dist=2.21m | cache_used=false path_age=0.000 path_points=101 planning_time_ms=4.3
1787387857.834 [STATIC_AVOID] obs_id=29 obs_dist=1.11m obs_s=38.57 ego_s=37.47 side=LEFT | left_clearance=0.14 right_clearance=-0.18 candidate_valid=true rung=0 pre_dist=2.36m | cache_used=false path_age=0.000 path_points=101 planning_time_ms=3.2
1787387858.343 [STATIC_AVOID] obs_id=29 obs_dist=0.48m obs_s=38.67 ego_s=38.19 side=LEFT | left_clearance=0.13 right_clearance=-0.12 candidate_valid=true rung=0 pre_dist=2.48m | cache_used=false path_age=0.000 path_points=101 planning_time_ms=6.6
1787387858.946 [STATIC_AVOID] obs_id=29 obs_dist=-0.69m obs_s=38.78 ego_s=39.47 side=LEFT | left_clearance=0.22 right_clearance=-0.14 candidate_valid=true rung=0 pre_dist=2.49m | cache_used=false path_age=0.000 path_points=101 planning_time_ms=7.4
1787387859.538 [STATIC_AVOID] obs_id=- obs_dist=-m obs_s=- ego_s=40.49 side=- | left_clearance=- right_clearance=- candidate_valid=false rung=- pre_dist=-m | cache_used=false path_age=- path_points=0 planning_time_ms=0.1 | reason=no_static_obstacle_in_range | cache_reason=no_cache
1787387860.131 [STATIC_AVOID] obs_id=- obs_dist=-m obs_s=- ego_s=0.53 side=- | left_clearance=- right_clearance=- candidate_valid=false rung=- pre_dist=-m | cache_used=false path_age=- path_points=0 planning_time_ms=0.1 | reason=no_static_obstacle_in_range | cache_reason=no_cache
1787387860.636 [STATIC_AVOID] obs_id=31 obs_dist=1.47m obs_s=3.47 ego_s=2.00 side=LEFT | left_clearance=0.65 right_clearance=-0.13 candidate_valid=true rung=0 pre_dist=2.01m | cache_used=false path_age=0.000 path_points=101 planning_time_ms=3.5
1787387861.139 [STATIC_AVOID] obs_id=31 obs_dist=-0.02m obs_s=3.48 ego_s=3.50 side=LEFT | left_clearance=0.58 right_clearance=-0.27 candidate_valid=true rung=0 pre_dist=2.54m | cache_used=false path_age=0.000 path_points=101 planning_time_ms=6.3
1787387861.732 [STATIC_AVOID] obs_id=- obs_dist=-m obs_s=- ego_s=6.21 side=- | left_clearance=- right_clearance=- candidate_valid=false rung=- pre_dist=-m | cache_used=false path_age=- path_points=0 planning_time_ms=1.5 | reason=no_static_obstacle_in_range | cache_reason=no_cache
1787387862.331 [STATIC_AVOID] obs_id=- obs_dist=-m obs_s=- ego_s=9.11 side=- | left_clearance=- right_clearance=- candidate_valid=false rung=- pre_dist=-m | cache_used=false path_age=- path_points=0 planning_time_ms=0.1 | reason=no_static_obstacle_in_range | cache_reason=no_cache
1787387862.932 [STATIC_AVOID] obs_id=- obs_dist=-m obs_s=- ego_s=12.11 side=- | left_clearance=- right_clearance=- candidate_valid=false rung=- pre_dist=-m | cache_used=false path_age=- path_points=0 planning_time_ms=0.1 | reason=no_static_obstacle_in_range | cache_reason=no_cache
1787387863.531 [STATIC_AVOID] obs_id=- obs_dist=-m obs_s=- ego_s=14.39 side=- | left_clearance=- right_clearance=- candidate_valid=false rung=- pre_dist=-m | cache_used=false path_age=- path_points=0 planning_time_ms=0.1 | reason=no_static_obstacle_in_range | cache_reason=no_cache
1787387864.131 [STATIC_AVOID] obs_id=- obs_dist=-m obs_s=- ego_s=17.01 side=- | left_clearance=- right_clearance=- candidate_valid=false rung=- pre_dist=-m | cache_used=false path_age=- path_points=0 planning_time_ms=0.1 | reason=no_static_obstacle_in_range | cache_reason=no_cache
1787387864.633 [STATIC_AVOID] obs_id=- obs_dist=-m obs_s=- ego_s=18.38 side=- | left_clearance=- right_clearance=- candidate_valid=false rung=- pre_dist=-m | cache_used=false path_age=- path_points=0 planning_time_ms=0.1 | reason=no_static_obstacle_in_range | cache_reason=no_cache
1787387865.233 [STATIC_AVOID] obs_id=- obs_dist=-m obs_s=- ego_s=20.05 side=- | left_clearance=- right_clearance=- candidate_valid=false rung=- pre_dist=-m | cache_used=false path_age=- path_points=0 planning_time_ms=0.1 | reason=no_static_obstacle_in_range | cache_reason=no_cache
1787387865.735 [STATIC_AVOID] obs_id=- obs_dist=-m obs_s=- ego_s=20.98 side=- | left_clearance=- right_clearance=- candidate_valid=false rung=- pre_dist=-m | cache_used=false path_age=- path_points=0 planning_time_ms=0.1 | reason=no_static_obstacle_in_range | cache_reason=no_cache
1787387866.331 [STATIC_AVOID] obs_id=- obs_dist=-m obs_s=- ego_s=23.01 side=- | left_clearance=- right_clearance=- candidate_valid=false rung=- pre_dist=-m | cache_used=false path_age=- path_points=0 planning_time_ms=0.1 | reason=no_static_obstacle_in_range | cache_reason=no_cache
1787387866.831 [STATIC_AVOID] obs_id=- obs_dist=-m obs_s=- ego_s=24.44 side=- | left_clearance=- right_clearance=- candidate_valid=false rung=- pre_dist=-m | cache_used=false path_age=- path_points=0 planning_time_ms=0.1 | reason=no_static_obstacle_in_range | cache_reason=no_cache
1787387867.431 [STATIC_AVOID] obs_id=- obs_dist=-m obs_s=- ego_s=25.74 side=- | left_clearance=- right_clearance=- candidate_valid=false rung=- pre_dist=-m | cache_used=false path_age=- path_points=0 planning_time_ms=0.4 | reason=no_static_obstacle_in_range | cache_reason=no_cache
1787387867.932 [STATIC_AVOID] obs_id=- obs_dist=-m obs_s=- ego_s=27.09 side=- | left_clearance=- right_clearance=- candidate_valid=false rung=- pre_dist=-m | cache_used=false path_age=- path_points=0 planning_time_ms=0.1 | reason=no_static_obstacle_in_range | cache_reason=no_cache
1787387868.540 [STATIC_AVOID] obs_id=- obs_dist=-m obs_s=- ego_s=29.57 side=- | left_clearance=- right_clearance=- candidate_valid=false rung=- pre_dist=-m | cache_used=false path_age=- path_points=0 planning_time_ms=0.8 | reason=no_static_obstacle_in_range | cache_reason=no_cache
1787387869.054 [STATIC_AVOID] obs_id=- obs_dist=-m obs_s=- ego_s=31.78 side=- | left_clearance=- right_clearance=- candidate_valid=false rung=- pre_dist=-m | cache_used=false path_age=- path_points=0 planning_time_ms=0.1 | reason=no_static_obstacle_in_range | cache_reason=no_cache
1787387869.633 [STATIC_AVOID] obs_id=- obs_dist=-m obs_s=- ego_s=34.45 side=- | left_clearance=- right_clearance=- candidate_valid=false rung=- pre_dist=-m | cache_used=false path_age=- path_points=0 planning_time_ms=0.1 | reason=no_static_obstacle_in_range | cache_reason=no_cache
1787387870.231 [STATIC_AVOID] obs_id=- obs_dist=-m obs_s=- ego_s=36.03 side=- | left_clearance=- right_clearance=- candidate_valid=false rung=- pre_dist=-m | cache_used=false path_age=- path_points=0 planning_time_ms=0.1 | reason=no_static_obstacle_in_range | cache_reason=no_cache
1787387870.732 [STATIC_AVOID] obs_id=- obs_dist=-m obs_s=- ego_s=37.74 side=- | left_clearance=- right_clearance=- candidate_valid=false rung=- pre_dist=-m | cache_used=false path_age=- path_points=0 planning_time_ms=0.1 | reason=no_static_obstacle_in_range | cache_reason=no_cache
1787387871.235 [STATIC_AVOID] obs_id=43 obs_dist=-0.76m obs_s=38.96 ego_s=39.72 side=LEFT | left_clearance=0.40 right_clearance=-0.17 candidate_valid=true rung=0 pre_dist=3.20m | cache_used=false path_age=0.000 path_points=101 planning_time_ms=3.2
1787387871.831 [STATIC_AVOID] obs_id=- obs_dist=-m obs_s=- ego_s=41.09 side=- | left_clearance=- right_clearance=- candidate_valid=false rung=- pre_dist=-m | cache_used=false path_age=- path_points=0 planning_time_ms=0.1 | reason=no_static_obstacle_in_range | cache_reason=no_cache
1787387872.334 [STATIC_AVOID] obs_id=- obs_dist=-m obs_s=- ego_s=1.01 side=- | left_clearance=- right_clearance=- candidate_valid=false rung=- pre_dist=-m | cache_used=false path_age=- path_points=0 planning_time_ms=0.1 | reason=no_static_obstacle_in_range | cache_reason=no_cache
1787387872.835 [STATIC_AVOID] obs_id=44 obs_dist=1.78m obs_s=4.01 ego_s=2.23 side=LEFT | left_clearance=0.72 right_clearance=-0.16 candidate_valid=true rung=0 pre_dist=2.25m | cache_used=false path_age=0.000 path_points=101 planning_time_ms=3.4
1787387873.343 [STATIC_AVOID] obs_id=44 obs_dist=0.13m obs_s=3.95 ego_s=3.82 side=LEFT | left_clearance=0.73 right_clearance=-0.15 candidate_valid=true rung=0 pre_dist=2.56m | cache_used=false path_age=0.000 path_points=101 planning_time_ms=4.3
1787387873.934 [STATIC_AVOID] obs_id=- obs_dist=-m obs_s=- ego_s=7.22 side=- | left_clearance=- right_clearance=- candidate_valid=false rung=- pre_dist=-m | cache_used=false path_age=- path_points=0 planning_time_ms=0.1 | reason=no_static_obstacle_in_range | cache_reason=no_cache
1787387874.546 [STATIC_AVOID] obs_id=- obs_dist=-m obs_s=- ego_s=10.30 side=- | left_clearance=- right_clearance=- candidate_valid=false rung=- pre_dist=-m | cache_used=false path_age=- path_points=0 planning_time_ms=0.1 | reason=no_static_obstacle_in_range | cache_reason=no_cache
1787387875.139 [STATIC_AVOID] obs_id=- obs_dist=-m obs_s=- ego_s=13.24 side=- | left_clearance=- right_clearance=- candidate_valid=false rung=- pre_dist=-m | cache_used=false path_age=- path_points=0 planning_time_ms=0.6 | reason=no_static_obstacle_in_range | cache_reason=no_cache
1787387875.733 [STATIC_AVOID] obs_id=- obs_dist=-m obs_s=- ego_s=15.38 side=- | left_clearance=- right_clearance=- candidate_valid=false rung=- pre_dist=-m | cache_used=false path_age=- path_points=0 planning_time_ms=0.2 | reason=no_static_obstacle_in_range | cache_reason=no_cache
1787387876.331 [STATIC_AVOID] obs_id=- obs_dist=-m obs_s=- ego_s=17.90 side=- | left_clearance=- right_clearance=- candidate_valid=false rung=- pre_dist=-m | cache_used=false path_age=- path_points=0 planning_time_ms=0.1 | reason=no_static_obstacle_in_range | cache_reason=no_cache
1787387876.833 [STATIC_AVOID] obs_id=- obs_dist=-m obs_s=- ego_s=19.60 side=- | left_clearance=- right_clearance=- candidate_valid=false rung=- pre_dist=-m | cache_used=false path_age=- path_points=0 planning_time_ms=0.1 | reason=no_static_obstacle_in_range | cache_reason=no_cache
1787387877.444 [STATIC_AVOID] obs_id=- obs_dist=-m obs_s=- ego_s=21.75 side=- | left_clearance=- right_clearance=- candidate_valid=false rung=- pre_dist=-m | cache_used=false path_age=- path_points=0 planning_time_ms=0.1 | reason=no_static_obstacle_in_range | cache_reason=no_cache
1787387878.031 [STATIC_AVOID] obs_id=- obs_dist=-m obs_s=- ego_s=23.71 side=- | left_clearance=- right_clearance=- candidate_valid=false rung=- pre_dist=-m | cache_used=false path_age=- path_points=0 planning_time_ms=0.1 | reason=no_static_obstacle_in_range | cache_reason=no_cache
1787387878.543 [STATIC_AVOID] obs_id=- obs_dist=-m obs_s=- ego_s=25.15 side=- | left_clearance=- right_clearance=- candidate_valid=false rung=- pre_dist=-m | cache_used=false path_age=- path_points=0 planning_time_ms=0.1 | reason=no_static_obstacle_in_range | cache_reason=no_cache
1787387879.131 [STATIC_AVOID] obs_id=- obs_dist=-m obs_s=- ego_s=26.41 side=- | left_clearance=- right_clearance=- candidate_valid=false rung=- pre_dist=-m | cache_used=false path_age=- path_points=0 planning_time_ms=0.1 | reason=no_static_obstacle_in_range | cache_reason=no_cache
1787387879.733 [STATIC_AVOID] obs_id=- obs_dist=-m obs_s=- ego_s=28.79 side=- | left_clearance=- right_clearance=- candidate_valid=false rung=- pre_dist=-m | cache_used=false path_age=- path_points=0 planning_time_ms=0.1 | reason=no_static_obstacle_in_range | cache_reason=no_cache
1787387880.335 [STATIC_AVOID] obs_id=- obs_dist=-m obs_s=- ego_s=31.33 side=- | left_clearance=- right_clearance=- candidate_valid=false rung=- pre_dist=-m | cache_used=false path_age=- path_points=0 planning_time_ms=0.1 | reason=no_static_obstacle_in_range | cache_reason=no_cache
1787387880.844 [STATIC_AVOID] obs_id=- obs_dist=-m obs_s=- ego_s=33.70 side=- | left_clearance=- right_clearance=- candidate_valid=false rung=- pre_dist=-m | cache_used=false path_age=- path_points=0 planning_time_ms=0.1 | reason=no_static_obstacle_in_range | cache_reason=no_cache
1787387881.433 [STATIC_AVOID] obs_id=- obs_dist=-m obs_s=- ego_s=35.55 side=- | left_clearance=- right_clearance=- candidate_valid=false rung=- pre_dist=-m | cache_used=false path_age=- path_points=0 planning_time_ms=0.1 | reason=no_static_obstacle_in_range | cache_reason=no_cache
1787387881.946 [STATIC_AVOID] obs_id=50 obs_dist=1.30m obs_s=38.39 ego_s=37.09 side=LEFT | left_clearance=-0.16 right_clearance=0.06 candidate_valid=true rung=1 pre_dist=2.28m | cache_used=false path_age=0.000 path_points=101 planning_time_ms=12.7
1787387882.555 [STATIC_AVOID] obs_id=50 obs_dist=0.09m obs_s=38.49 ego_s=38.39 side=LEFT | left_clearance=-0.19 right_clearance=0.11 candidate_valid=true rung=1 pre_dist=2.79m | cache_used=false path_age=0.000 path_points=101 planning_time_ms=14.5
1787387883.067 [STATIC_AVOID] obs_id=50 obs_dist=-0.13m obs_s=38.49 ego_s=38.61 side=RIGHT | left_clearance=-0.19 right_clearance=0.11 candidate_valid=true rung=0 pre_dist=3.01m | cache_used=false path_age=0.000 path_points=101 planning_time_ms=28.1
1787387883.641 [STATIC_AVOID] obs_id=50 obs_dist=0.16m obs_s=38.49 ego_s=38.33 side=LEFT | left_clearance=-0.19 right_clearance=0.11 candidate_valid=true rung=1 pre_dist=2.72m | cache_used=false path_age=0.000 path_points=101 planning_time_ms=8.4
1787387884.239 [STATIC_AVOID] obs_id=50 obs_dist=0.16m obs_s=38.49 ego_s=38.33 side=LEFT | left_clearance=-0.19 right_clearance=0.11 candidate_valid=true rung=1 pre_dist=2.72m | cache_used=false path_age=0.000 path_points=101 planning_time_ms=7.1
1787387884.831 [STATIC_AVOID] obs_id=- obs_dist=-m obs_s=- ego_s=38.36 side=- | left_clearance=- right_clearance=- candidate_valid=false rung=- pre_dist=-m | cache_used=false path_age=- path_points=0 planning_time_ms=0.1 | reason=no_static_obstacle_in_range | cache_reason=no_cache
1787387885.433 [STATIC_AVOID] obs_id=- obs_dist=-m obs_s=- ego_s=38.72 side=- | left_clearance=- right_clearance=- candidate_valid=false rung=- pre_dist=-m | cache_used=false path_age=- path_points=0 planning_time_ms=0.1 | reason=no_static_obstacle_in_range | cache_reason=no_cache
1787387886.040 [STATIC_AVOID] obs_id=- obs_dist=-m obs_s=- ego_s=38.71 side=- | left_clearance=- right_clearance=- candidate_valid=false rung=- pre_dist=-m | cache_used=false path_age=- path_points=0 planning_time_ms=0.2 | reason=no_static_obstacle_in_range | cache_reason=no_cache
1787387886.545 [STATIC_AVOID] obs_id=- obs_dist=-m obs_s=- ego_s=38.75 side=- | left_clearance=- right_clearance=- candidate_valid=false rung=- pre_dist=-m | cache_used=false path_age=- path_points=0 planning_time_ms=0.2 | reason=no_static_obstacle_in_range | cache_reason=obstacle_gone
1787387887.131 [STATIC_AVOID] obs_id=- obs_dist=-m obs_s=- ego_s=38.70 side=- | left_clearance=- right_clearance=- candidate_valid=false rung=- pre_dist=-m | cache_used=false path_age=- path_points=0 planning_time_ms=0.1 | reason=no_static_obstacle_in_range | cache_reason=no_cache
1787387887.731 [STATIC_AVOID] obs_id=- obs_dist=-m obs_s=- ego_s=38.70 side=- | left_clearance=- right_clearance=- candidate_valid=false rung=- pre_dist=-m | cache_used=false path_age=- path_points=0 planning_time_ms=0.1 | reason=no_static_obstacle_in_range | cache_reason=no_cache
1787387888.331 [STATIC_AVOID] obs_id=- obs_dist=-m obs_s=- ego_s=38.73 side=- | left_clearance=- right_clearance=- candidate_valid=false rung=- pre_dist=-m | cache_used=false path_age=- path_points=0 planning_time_ms=0.1 | reason=no_static_obstacle_in_range | cache_reason=no_cache
1787387888.833 [STATIC_AVOID] obs_id=- obs_dist=-m obs_s=- ego_s=38.75 side=- | left_clearance=- right_clearance=- candidate_valid=false rung=- pre_dist=-m | cache_used=false path_age=- path_points=0 planning_time_ms=0.1 | reason=no_static_obstacle_in_range | cache_reason=no_cache
1787387889.431 [STATIC_AVOID] obs_id=- obs_dist=-m obs_s=- ego_s=38.75 side=- | left_clearance=- right_clearance=- candidate_valid=false rung=- pre_dist=-m | cache_used=false path_age=- path_points=0 planning_time_ms=0.1 | reason=no_static_obstacle_in_range | cache_reason=no_cache
1787387889.943 [STATIC_AVOID] obs_id=60 obs_dist=-0.63m obs_s=37.89 ego_s=38.52 side=LEFT | left_clearance=0.07 right_clearance=-0.20 candidate_valid=true rung=0 pre_dist=2.00m | cache_used=false path_age=0.000 path_points=101 planning_time_ms=6.3
1787387890.451 [STATIC_AVOID] obs_id=60 obs_dist=-0.11m obs_s=37.75 ego_s=37.86 side=LEFT | left_clearance=0.22 right_clearance=0.03 candidate_valid=true rung=0 pre_dist=2.00m | cache_used=false path_age=0.000 path_points=101 planning_time_ms=7.6
1787387891.042 [STATIC_AVOID] obs_id=60 obs_dist=0.20m obs_s=37.75 ego_s=37.56 side=LEFT | left_clearance=0.21 right_clearance=0.03 candidate_valid=true rung=0 pre_dist=2.00m | cache_used=false path_age=0.000 path_points=101 planning_time_ms=6.6
1787387891.652 [STATIC_AVOID] obs_id=60 obs_dist=0.24m obs_s=37.75 ego_s=37.51 side=LEFT | left_clearance=0.21 right_clearance=0.03 candidate_valid=true rung=0 pre_dist=2.00m | cache_used=false path_age=0.000 path_points=101 planning_time_ms=20.6
1787387892.237 [STATIC_AVOID] obs_id=60 obs_dist=0.23m obs_s=37.75 ego_s=37.52 side=LEFT | left_clearance=0.21 right_clearance=0.03 candidate_valid=true rung=0 pre_dist=2.00m | cache_used=false path_age=0.000 path_points=101 planning_time_ms=3.4
1787387892.833 [STATIC_AVOID] obs_id=- obs_dist=-m obs_s=- ego_s=37.51 side=- | left_clearance=- right_clearance=- candidate_valid=false rung=- pre_dist=-m | cache_used=false path_age=- path_points=0 planning_time_ms=1.6 | reason=no_static_obstacle_in_range | cache_reason=no_cache
1787387893.431 [STATIC_AVOID] obs_id=- obs_dist=-m obs_s=- ego_s=37.47 side=- | left_clearance=- right_clearance=- candidate_valid=false rung=- pre_dist=-m | cache_used=false path_age=- path_points=0 planning_time_ms=0.2 | reason=no_static_obstacle_in_range | cache_reason=no_cache
1787387893.933 [STATIC_AVOID] obs_id=- obs_dist=-m obs_s=- ego_s=37.48 side=- | left_clearance=- right_clearance=- candidate_valid=false rung=- pre_dist=-m | cache_used=false path_age=- path_points=0 planning_time_ms=0.1 | reason=no_static_obstacle_in_range | cache_reason=no_cache
1787387894.439 [STATIC_AVOID] obs_id=- obs_dist=-m obs_s=- ego_s=37.52 side=- | left_clearance=- right_clearance=- candidate_valid=false rung=- pre_dist=-m | cache_used=false path_age=- path_points=0 planning_time_ms=0.1 | reason=no_static_obstacle_in_range | cache_reason=no_cache
1787387895.031 [STATIC_AVOID] obs_id=- obs_dist=-m obs_s=- ego_s=37.22 side=- | left_clearance=- right_clearance=- candidate_valid=false rung=- pre_dist=-m | cache_used=false path_age=- path_points=0 planning_time_ms=0.2 | reason=no_static_obstacle_in_range | cache_reason=no_cache
1787387895.545 [STATIC_AVOID] obs_id=- obs_dist=-m obs_s=- ego_s=36.73 side=- | left_clearance=- right_clearance=- candidate_valid=false rung=- pre_dist=-m | cache_used=false path_age=- path_points=0 planning_time_ms=0.1 | reason=no_static_obstacle_in_range | cache_reason=no_cache
1787387896.133 [STATIC_AVOID] obs_id=- obs_dist=-m obs_s=- ego_s=36.79 side=- | left_clearance=- right_clearance=- candidate_valid=false rung=- pre_dist=-m | cache_used=false path_age=- path_points=0 planning_time_ms=0.1 | reason=no_static_obstacle_in_range | cache_reason=no_cache
1787387896.731 [STATIC_AVOID] obs_id=- obs_dist=-m obs_s=- ego_s=36.76 side=- | left_clearance=- right_clearance=- candidate_valid=false rung=- pre_dist=-m | cache_used=false path_age=- path_points=0 planning_time_ms=0.1 | reason=no_static_obstacle_in_range | cache_reason=no_cache
1787387897.231 [STATIC_AVOID] obs_id=- obs_dist=-m obs_s=- ego_s=36.68 side=- | left_clearance=- right_clearance=- candidate_valid=false rung=- pre_dist=-m | cache_used=false path_age=- path_points=0 planning_time_ms=0.1 | reason=no_static_obstacle_in_range | cache_reason=no_cache
1787387897.734 [STATIC_AVOID] obs_id=- obs_dist=-m obs_s=- ego_s=36.68 side=- | left_clearance=- right_clearance=- candidate_valid=false rung=- pre_dist=-m | cache_used=false path_age=- path_points=0 planning_time_ms=0.1 | reason=no_static_obstacle_in_range | cache_reason=no_cache
1787387898.339 [STATIC_AVOID] obs_id=- obs_dist=-m obs_s=- ego_s=36.68 side=- | left_clearance=- right_clearance=- candidate_valid=false rung=- pre_dist=-m | cache_used=false path_age=- path_points=0 planning_time_ms=0.1 | reason=no_static_obstacle_in_range | cache_reason=no_cache
1787387898.931 [STATIC_AVOID] obs_id=- obs_dist=-m obs_s=- ego_s=36.66 side=- | left_clearance=- right_clearance=- candidate_valid=false rung=- pre_dist=-m | cache_used=false path_age=- path_points=0 planning_time_ms=0.1 | reason=no_static_obstacle_in_range | cache_reason=no_cache
1787387899.432 [STATIC_AVOID] obs_id=- obs_dist=-m obs_s=- ego_s=36.67 side=- | left_clearance=- right_clearance=- candidate_valid=false rung=- pre_dist=-m | cache_used=false path_age=- path_points=0 planning_time_ms=0.1 | reason=no_static_obstacle_in_range | cache_reason=no_cache
1787387900.032 [STATIC_AVOID] obs_id=- obs_dist=-m obs_s=- ego_s=36.69 side=- | left_clearance=- right_clearance=- candidate_valid=false rung=- pre_dist=-m | cache_used=false path_age=- path_points=0 planning_time_ms=0.1 | reason=no_static_obstacle_in_range | cache_reason=no_cache
1787387900.631 [STATIC_AVOID] obs_id=- obs_dist=-m obs_s=- ego_s=36.48 side=- | left_clearance=- right_clearance=- candidate_valid=false rung=- pre_dist=-m | cache_used=false path_age=- path_points=0 planning_time_ms=0.1 | reason=no_static_obstacle_in_range | cache_reason=no_cache
1787387901.231 [STATIC_AVOID] obs_id=- obs_dist=-m obs_s=- ego_s=34.94 side=- | left_clearance=- right_clearance=- candidate_valid=false rung=- pre_dist=-m | cache_used=false path_age=- path_points=0 planning_time_ms=0.1 | reason=no_static_obstacle_in_range | cache_reason=no_cache
1787387901.732 [STATIC_AVOID] obs_id=- obs_dist=-m obs_s=- ego_s=33.08 side=- | left_clearance=- right_clearance=- candidate_valid=false rung=- pre_dist=-m | cache_used=false path_age=- path_points=0 planning_time_ms=0.2 | reason=no_static_obstacle_in_range | cache_reason=no_cache
1787387902.335 [STATIC_AVOID] obs_id=- obs_dist=-m obs_s=- ego_s=32.65 side=- | left_clearance=- right_clearance=- candidate_valid=false rung=- pre_dist=-m | cache_used=false path_age=- path_points=0 planning_time_ms=0.1 | reason=no_static_obstacle_in_range | cache_reason=no_cache
1787387902.939 [STATIC_AVOID] obs_id=- obs_dist=-m obs_s=- ego_s=32.54 side=- | left_clearance=- right_clearance=- candidate_valid=false rung=- pre_dist=-m | cache_used=false path_age=- path_points=0 planning_time_ms=0.2 | reason=no_static_obstacle_in_range | cache_reason=no_cache
1787387903.531 [STATIC_AVOID] obs_id=- obs_dist=-m obs_s=- ego_s=32.75 side=- | left_clearance=- right_clearance=- candidate_valid=false rung=- pre_dist=-m | cache_used=false path_age=- path_points=0 planning_time_ms=0.2 | reason=no_static_obstacle_in_range | cache_reason=no_cache
1787387904.033 [STATIC_AVOID] obs_id=- obs_dist=-m obs_s=- ego_s=32.70 side=- | left_clearance=- right_clearance=- candidate_valid=false rung=- pre_dist=-m | cache_used=false path_age=- path_points=0 planning_time_ms=0.1 | reason=no_static_obstacle_in_range | cache_reason=no_cache
1787387904.631 [STATIC_AVOID] obs_id=- obs_dist=-m obs_s=- ego_s=32.44 side=- | left_clearance=- right_clearance=- candidate_valid=false rung=- pre_dist=-m | cache_used=false path_age=- path_points=0 planning_time_ms=0.1 | reason=no_static_obstacle_in_range | cache_reason=no_cache
1787387905.131 [STATIC_AVOID] obs_id=- obs_dist=-m obs_s=- ego_s=32.25 side=- | left_clearance=- right_clearance=- candidate_valid=false rung=- pre_dist=-m | cache_used=false path_age=- path_points=0 planning_time_ms=0.1 | reason=no_static_obstacle_in_range | cache_reason=no_cache
1787387905.632 [STATIC_AVOID] obs_id=- obs_dist=-m obs_s=- ego_s=32.25 side=- | left_clearance=- right_clearance=- candidate_valid=false rung=- pre_dist=-m | cache_used=false path_age=- path_points=0 planning_time_ms=0.1 | reason=no_static_obstacle_in_range | cache_reason=no_cache
1787387906.231 [STATIC_AVOID] obs_id=- obs_dist=-m obs_s=- ego_s=32.17 side=- | left_clearance=- right_clearance=- candidate_valid=false rung=- pre_dist=-m | cache_used=false path_age=- path_points=0 planning_time_ms=0.1 | reason=no_static_obstacle_in_range | cache_reason=no_cache
1787387906.734 [STATIC_AVOID] obs_id=- obs_dist=-m obs_s=- ego_s=32.22 side=- | left_clearance=- right_clearance=- candidate_valid=false rung=- pre_dist=-m | cache_used=false path_age=- path_points=0 planning_time_ms=0.1 | reason=no_static_obstacle_in_range | cache_reason=no_cache
1787387907.331 [STATIC_AVOID] obs_id=- obs_dist=-m obs_s=- ego_s=32.11 side=- | left_clearance=- right_clearance=- candidate_valid=false rung=- pre_dist=-m | cache_used=false path_age=- path_points=0 planning_time_ms=0.1 | reason=no_static_obstacle_in_range | cache_reason=no_cache
1787387907.832 [STATIC_AVOID] obs_id=- obs_dist=-m obs_s=- ego_s=32.11 side=- | left_clearance=- right_clearance=- candidate_valid=false rung=- pre_dist=-m | cache_used=false path_age=- path_points=0 planning_time_ms=0.1 | reason=no_static_obstacle_in_range | cache_reason=no_cache
1787387908.338 [STATIC_AVOID] obs_id=- obs_dist=-m obs_s=- ego_s=32.16 side=- | left_clearance=- right_clearance=- candidate_valid=false rung=- pre_dist=-m | cache_used=false path_age=- path_points=0 planning_time_ms=2.1 | reason=no_static_obstacle_in_range | cache_reason=no_cache
1787387908.943 [STATIC_AVOID] obs_id=- obs_dist=-m obs_s=- ego_s=32.16 side=- | left_clearance=- right_clearance=- candidate_valid=false rung=- pre_dist=-m | cache_used=false path_age=- path_points=0 planning_time_ms=0.1 | reason=no_static_obstacle_in_range | cache_reason=no_cache
