# state_machine debug log started 20260816_183005  map='0815test3'
1786872611.972 [OBSTACLES] cur_s=0.00 cur_d=0.00 vs=0.00 n=0 [none]
1786872611.972 [STATE_CHANGE] None -> GB_TRACK src=GB_TRACK s=0.00 d=0.00 vs=0.00
1786872612.495 [OBSTACLES] cur_s=0.00 cur_d=0.00 vs=0.00 n=0 [none]
1786872613.009 [OBSTACLES] cur_s=0.00 cur_d=0.00 vs=0.00 n=0 [none]
1786872613.515 [OBSTACLES] cur_s=0.00 cur_d=0.00 vs=0.00 n=0 [none]
1786872614.019 [OBSTACLES] cur_s=0.00 cur_d=0.00 vs=0.00 n=0 [none]
1786872614.532 [OBSTACLES] cur_s=0.00 cur_d=0.00 vs=0.00 n=0 [none]
1786872615.037 [OBSTACLES] cur_s=0.00 cur_d=0.00 vs=0.00 n=0 [none]
1786872615.538 [OBSTACLES] cur_s=0.00 cur_d=0.00 vs=0.00 n=0 [none]
1786872616.053 [OBSTACLES] cur_s=0.00 cur_d=0.00 vs=0.00 n=0 [none]
1786872616.559 [OBSTACLES] cur_s=0.00 cur_d=0.00 vs=0.00 n=0 [none]
1786872617.061 [OBSTACLES] cur_s=0.00 cur_d=0.00 vs=0.00 n=0 [none]
1786872617.563 [OBSTACLES] cur_s=7.24 cur_d=0.02 vs=0.00 n=0 [none]
1786872618.082 [OBSTACLES] cur_s=7.24 cur_d=0.04 vs=0.00 n=0 [none]
1786872618.582 [OBSTACLES] cur_s=7.24 cur_d=0.04 vs=0.00 n=0 [none]
1786872619.118 [OBSTACLES] cur_s=7.24 cur_d=0.04 vs=0.00 n=0 [none]
1786872620.505 [OBSTACLES] cur_s=7.24 cur_d=0.04 vs=0.00 n=0 [none]
1786872621.036 [OBSTACLES] cur_s=7.24 cur_d=0.03 vs=0.00 n=0 [none]
1786872622.751 [OBSTACLES] cur_s=7.24 cur_d=0.03 vs=0.00 n=0 [none]
1786872624.835 [OBSTACLES] cur_s=7.24 cur_d=0.03 vs=0.00 n=0 [none]
1786872625.364 [OBSTACLES] cur_s=7.19 cur_d=0.08 vs=0.00 n=0 [none]
1786872626.494 [OBSTACLES] cur_s=7.24 cur_d=0.04 vs=0.00 n=0 [none]
1786872627.360 [OBSTACLES] cur_s=7.24 cur_d=0.04 vs=0.00 n=0 [none]
1786872628.281 [OBSTACLES] cur_s=7.24 cur_d=0.04 vs=0.00 n=0 [none]
1786872629.178 [OBSTACLES] cur_s=7.25 cur_d=0.04 vs=0.00 n=0 [none]
1786872629.786 [OBSTACLES] cur_s=7.25 cur_d=0.03 vs=0.00 n=0 [none]
1786872630.695 [OBSTACLES] cur_s=7.25 cur_d=0.04 vs=0.00 n=0 [none]
1786872631.635 [OBSTACLES] cur_s=7.24 cur_d=0.04 vs=0.00 n=0 [none]
1786872632.171 [OBSTACLES] cur_s=7.25 cur_d=0.04 vs=0.00 n=0 [none]
1786872633.536 [OBSTACLES] cur_s=7.24 cur_d=0.04 vs=0.00 n=0 [none]
1786872634.693 [OBSTACLES] cur_s=7.24 cur_d=0.04 vs=0.00 n=0 [none]
1786872635.194 [OBSTACLES] cur_s=7.24 cur_d=0.04 vs=0.00 n=0 [none]
1786872635.750 [OBSTACLES] cur_s=7.24 cur_d=0.04 vs=0.00 n=0 [none]
1786872636.285 [OBSTACLES] cur_s=7.25 cur_d=0.04 vs=0.00 n=0 [none]
1786872636.914 [OBSTACLES] cur_s=7.24 cur_d=0.03 vs=0.00 n=0 [none]
1786872637.486 [OBSTACLES] cur_s=7.24 cur_d=0.04 vs=0.00 n=0 [none]
1786872638.065 [OBSTACLES] cur_s=7.25 cur_d=0.04 vs=0.00 n=0 [none]
1786872638.568 [OBSTACLES] cur_s=7.25 cur_d=0.04 vs=0.00 n=0 [none]
1786872639.070 [OBSTACLES] cur_s=7.24 cur_d=0.04 vs=0.00 n=0 [none]
1786872639.674 [OBSTACLES] cur_s=7.24 cur_d=0.04 vs=0.00 n=1 [id=8 static=1 gap=6.61m d=0.66 size=0.16]
1786872640.179 [OBSTACLES] cur_s=7.24 cur_d=0.04 vs=0.00 n=1 [id=8 static=1 gap=6.60m d=0.66 size=0.17]
1786872640.686 [OBSTACLES] cur_s=7.24 cur_d=0.04 vs=0.00 n=0 [none]
1786872641.188 [OBSTACLES] cur_s=7.25 cur_d=0.04 vs=0.00 n=0 [none]
1786872641.722 [OBSTACLES] cur_s=7.25 cur_d=0.04 vs=0.00 n=0 [none]
1786872642.516 [OBSTACLES] cur_s=7.25 cur_d=0.04 vs=0.00 n=0 [none]
1786872643.770 [OBSTACLES] cur_s=7.25 cur_d=0.04 vs=0.00 n=1 [id=11 static=1 gap=6.60m d=0.66 size=0.17]
1786872644.290 [OBSTACLES] cur_s=7.25 cur_d=0.04 vs=0.00 n=1 [id=11 static=1 gap=6.57m d=0.65 size=0.20]
1786872644.807 [OBSTACLES] cur_s=7.20 cur_d=0.09 vs=0.00 n=1 [id=11 static=1 gap=6.64m d=0.65 size=0.18]
1786872645.315 [OBSTACLES] cur_s=7.06 cur_d=0.21 vs=0.00 n=1 [id=1 static=1 gap=0.02m d=1.00 size=0.18]
1786872645.393 [STATIC_OT] state=GB_TRACK path_exists=0 path_locked=0 path_ttl_ok=0 path_safe=0 on_spline=0 speed=0.00 raw_wpnts=0 raw_age=-s decision=TRAILING reason=NO_STATIC_PATH
1786872645.403 [STATE_CHANGE] GB_TRACK -> TRAILING src=GB_TRACK s=6.94 d=0.29 vs=0.00
1786872645.618 [STATIC_OT] state=TRAILING path_exists=0 path_locked=0 path_ttl_ok=0 path_safe=0 on_spline=0 speed=0.00 raw_wpnts=0 raw_age=-s decision=TRAILING reason=NO_STATIC_PATH
1786872645.701 [STATE_CHANGE] TRAILING -> LOSTLINE src=GB_TRACK s=6.78 d=0.40 vs=0.00
1786872645.842 [OBSTACLES] cur_s=6.78 cur_d=0.41 vs=0.00 n=0 [none]
1786872645.983 [STATE_CHANGE] LOSTLINE -> RECOVERY src=RECOVERY s=6.77 d=0.41 vs=0.00
1786872646.368 [OBSTACLES] cur_s=6.77 cur_d=0.40 vs=0.00 n=0 [none]
1786872646.962 [OBSTACLES] cur_s=6.62 cur_d=0.51 vs=0.00 n=0 [none]
1786872647.500 [OBSTACLES] cur_s=6.63 cur_d=0.50 vs=0.00 n=0 [none]
1786872648.045 [OBSTACLES] cur_s=6.63 cur_d=0.50 vs=0.00 n=0 [none]
1786872648.593 [OBSTACLES] cur_s=6.62 cur_d=0.51 vs=0.00 n=0 [none]
1786872648.726 [STATE_CHANGE] RECOVERY -> LOSTLINE src=GB_TRACK s=6.62 d=0.51 vs=0.00
1786872648.916 [STATE_CHANGE] LOSTLINE -> GB_TRACK src=GB_TRACK s=28.35 d=-0.29 vs=0.00
1786872649.147 [OBSTACLES] cur_s=28.69 cur_d=-0.14 vs=0.00 n=0 [none]
1786872649.659 [OBSTACLES] cur_s=28.69 cur_d=-0.14 vs=0.00 n=0 [none]
1786872650.197 [OBSTACLES] cur_s=28.69 cur_d=-0.14 vs=0.00 n=0 [none]
1786872650.748 [OBSTACLES] cur_s=28.69 cur_d=-0.14 vs=0.00 n=0 [none]
1786872651.597 [OBSTACLES] cur_s=28.69 cur_d=-0.15 vs=0.00 n=0 [none]
1786872652.191 [OBSTACLES] cur_s=28.69 cur_d=-0.14 vs=0.00 n=0 [none]
1786872652.712 [OBSTACLES] cur_s=28.68 cur_d=-0.15 vs=0.00 n=0 [none]
1786872653.289 [OBSTACLES] cur_s=28.69 cur_d=-0.15 vs=0.00 n=0 [none]
1786872654.728 [OBSTACLES] cur_s=28.68 cur_d=-0.15 vs=0.00 n=0 [none]
1786872668.992 [OBSTACLES] cur_s=28.73 cur_d=-0.09 vs=0.00 n=0 [none]
1786872669.497 [OBSTACLES] cur_s=28.73 cur_d=-0.10 vs=0.00 n=0 [none]
1786872670.006 [OBSTACLES] cur_s=28.73 cur_d=-0.09 vs=0.00 n=0 [none]
1786872670.511 [OBSTACLES] cur_s=28.73 cur_d=-0.09 vs=0.00 n=0 [none]
1786872671.575 [OBSTACLES] cur_s=28.73 cur_d=-0.09 vs=0.00 n=0 [none]
1786872672.598 [OBSTACLES] cur_s=28.73 cur_d=-0.09 vs=0.00 n=0 [none]
1786872673.171 [OBSTACLES] cur_s=28.73 cur_d=-0.09 vs=0.00 n=0 [none]
1786872674.113 [OBSTACLES] cur_s=28.73 cur_d=-0.10 vs=0.00 n=0 [none]
1786872674.638 [OBSTACLES] cur_s=28.73 cur_d=-0.09 vs=0.00 n=0 [none]
1786872675.150 [OBSTACLES] cur_s=28.73 cur_d=-0.09 vs=0.00 n=0 [none]
1786872675.707 [OBSTACLES] cur_s=28.73 cur_d=-0.09 vs=0.00 n=0 [none]
1786872676.355 [OBSTACLES] cur_s=28.73 cur_d=-0.09 vs=0.00 n=0 [none]
1786872676.883 [OBSTACLES] cur_s=28.73 cur_d=-0.09 vs=0.00 n=0 [none]
1786872677.398 [OBSTACLES] cur_s=28.73 cur_d=-0.09 vs=0.00 n=0 [none]
1786872677.943 [OBSTACLES] cur_s=28.73 cur_d=-0.09 vs=0.00 n=0 [none]
1786872678.461 [OBSTACLES] cur_s=28.73 cur_d=-0.09 vs=0.00 n=0 [none]
1786872678.972 [OBSTACLES] cur_s=28.73 cur_d=-0.09 vs=0.00 n=0 [none]
1786872679.504 [OBSTACLES] cur_s=28.73 cur_d=-0.10 vs=0.00 n=0 [none]
1786872680.082 [OBSTACLES] cur_s=28.73 cur_d=-0.09 vs=0.00 n=0 [none]
1786872680.595 [OBSTACLES] cur_s=28.73 cur_d=-0.09 vs=0.00 n=0 [none]
1786872681.118 [OBSTACLES] cur_s=28.73 cur_d=-0.09 vs=0.00 n=0 [none]
1786872681.682 [OBSTACLES] cur_s=28.73 cur_d=-0.09 vs=0.00 n=0 [none]
1786872682.198 [OBSTACLES] cur_s=28.73 cur_d=-0.09 vs=0.00 n=0 [none]
1786872682.708 [OBSTACLES] cur_s=28.73 cur_d=-0.09 vs=0.00 n=0 [none]
1786872685.197 [OBSTACLES] cur_s=28.73 cur_d=-0.09 vs=0.00 n=0 [none]
1786872686.550 [OBSTACLES] cur_s=28.73 cur_d=-0.09 vs=0.00 n=0 [none]
1786872689.054 [OBSTACLES] cur_s=28.73 cur_d=-0.09 vs=0.00 n=0 [none]
1786872689.917 [OBSTACLES] cur_s=28.73 cur_d=-0.09 vs=0.00 n=0 [none]
1786872690.787 [OBSTACLES] cur_s=28.73 cur_d=-0.09 vs=0.00 n=0 [none]
1786872691.345 [OBSTACLES] cur_s=28.73 cur_d=-0.09 vs=0.00 n=0 [none]
1786872692.165 [OBSTACLES] cur_s=28.73 cur_d=-0.09 vs=0.00 n=0 [none]
1786872692.682 [OBSTACLES] cur_s=28.73 cur_d=-0.09 vs=0.00 n=0 [none]
1786872693.192 [OBSTACLES] cur_s=28.74 cur_d=-0.09 vs=0.00 n=0 [none]
1786872693.702 [OBSTACLES] cur_s=28.73 cur_d=-0.09 vs=0.00 n=0 [none]
1786872694.239 [OBSTACLES] cur_s=28.73 cur_d=-0.09 vs=0.00 n=0 [none]
1786872694.793 [OBSTACLES] cur_s=28.73 cur_d=-0.09 vs=0.00 n=0 [none]
1786872695.300 [OBSTACLES] cur_s=28.73 cur_d=-0.09 vs=0.00 n=0 [none]
1786872695.819 [OBSTACLES] cur_s=28.73 cur_d=-0.09 vs=0.00 n=0 [none]
1786872696.321 [OBSTACLES] cur_s=28.73 cur_d=-0.09 vs=0.00 n=0 [none]
1786872696.827 [OBSTACLES] cur_s=28.74 cur_d=-0.09 vs=0.00 n=0 [none]
1786872697.360 [OBSTACLES] cur_s=28.73 cur_d=-0.09 vs=0.00 n=0 [none]
1786872697.958 [OBSTACLES] cur_s=28.73 cur_d=-0.09 vs=0.00 n=0 [none]
1786872698.475 [OBSTACLES] cur_s=28.73 cur_d=-0.09 vs=0.00 n=0 [none]
1786872699.135 [OBSTACLES] cur_s=28.73 cur_d=-0.09 vs=0.00 n=0 [none]
1786872699.667 [OBSTACLES] cur_s=28.73 cur_d=-0.09 vs=0.00 n=0 [none]
1786872700.810 [OBSTACLES] cur_s=28.73 cur_d=-0.09 vs=0.00 n=0 [none]
1786872701.753 [OBSTACLES] cur_s=28.73 cur_d=-0.09 vs=0.00 n=0 [none]
1786872703.681 [OBSTACLES] cur_s=28.73 cur_d=-0.09 vs=0.00 n=0 [none]
1786872704.595 [OBSTACLES] cur_s=28.73 cur_d=-0.09 vs=0.00 n=0 [none]
1786872705.115 [OBSTACLES] cur_s=28.73 cur_d=-0.09 vs=0.00 n=0 [none]
1786872705.618 [OBSTACLES] cur_s=28.73 cur_d=-0.09 vs=0.00 n=0 [none]
1786872706.123 [OBSTACLES] cur_s=28.73 cur_d=-0.09 vs=0.00 n=0 [none]
1786872706.648 [OBSTACLES] cur_s=28.74 cur_d=-0.09 vs=0.00 n=0 [none]
1786872707.192 [OBSTACLES] cur_s=28.73 cur_d=-0.09 vs=0.00 n=0 [none]
1786872708.182 [OBSTACLES] cur_s=28.74 cur_d=-0.09 vs=0.00 n=0 [none]
1786872708.695 [OBSTACLES] cur_s=28.73 cur_d=-0.09 vs=0.00 n=0 [none]
1786872709.218 [OBSTACLES] cur_s=28.73 cur_d=-0.09 vs=0.00 n=0 [none]
1786872709.759 [OBSTACLES] cur_s=28.74 cur_d=-0.09 vs=0.00 n=0 [none]
1786872710.301 [OBSTACLES] cur_s=28.74 cur_d=-0.09 vs=0.00 n=0 [none]
1786872710.970 [OBSTACLES] cur_s=28.74 cur_d=-0.09 vs=0.00 n=0 [none]
1786872712.260 [OBSTACLES] cur_s=28.74 cur_d=-0.09 vs=0.00 n=0 [none]
1786872712.797 [OBSTACLES] cur_s=28.74 cur_d=-0.09 vs=0.00 n=0 [none]
1786872713.371 [OBSTACLES] cur_s=28.73 cur_d=-0.09 vs=0.00 n=0 [none]
1786872713.912 [OBSTACLES] cur_s=28.73 cur_d=-0.09 vs=0.00 n=0 [none]
1786872714.505 [OBSTACLES] cur_s=28.73 cur_d=-0.09 vs=0.00 n=0 [none]
1786872715.044 [OBSTACLES] cur_s=28.74 cur_d=-0.09 vs=0.00 n=0 [none]
1786872715.570 [OBSTACLES] cur_s=28.73 cur_d=-0.09 vs=0.00 n=0 [none]
1786872716.073 [OBSTACLES] cur_s=28.73 cur_d=-0.09 vs=0.00 n=0 [none]
1786872716.589 [OBSTACLES] cur_s=28.73 cur_d=-0.09 vs=0.00 n=0 [none]
1786872717.343 [OBSTACLES] cur_s=28.73 cur_d=-0.09 vs=0.00 n=0 [none]
1786872717.855 [OBSTACLES] cur_s=28.74 cur_d=-0.09 vs=0.00 n=0 [none]
1786872718.369 [OBSTACLES] cur_s=28.73 cur_d=-0.09 vs=0.00 n=0 [none]
1786872718.929 [OBSTACLES] cur_s=28.73 cur_d=-0.09 vs=0.00 n=0 [none]
1786872720.359 [OBSTACLES] cur_s=28.73 cur_d=-0.09 vs=0.00 n=0 [none]
1786872720.934 [OBSTACLES] cur_s=28.74 cur_d=-0.09 vs=0.00 n=0 [none]
1786872723.364 [OBSTACLES] cur_s=28.73 cur_d=-0.09 vs=0.00 n=0 [none]
1786872723.871 [OBSTACLES] cur_s=28.74 cur_d=-0.09 vs=0.00 n=0 [none]
1786872726.343 [OBSTACLES] cur_s=28.73 cur_d=-0.09 vs=0.00 n=0 [none]
1786872728.581 [OBSTACLES] cur_s=28.73 cur_d=-0.09 vs=0.00 n=0 [none]
1786872729.747 [OBSTACLES] cur_s=28.73 cur_d=-0.09 vs=0.00 n=0 [none]
1786872730.252 [OBSTACLES] cur_s=28.73 cur_d=-0.09 vs=0.00 n=0 [none]
1786872731.080 [OBSTACLES] cur_s=28.74 cur_d=-0.09 vs=0.00 n=0 [none]
1786872733.911 [OBSTACLES] cur_s=28.73 cur_d=-0.09 vs=0.00 n=0 [none]
1786872734.812 [OBSTACLES] cur_s=28.73 cur_d=-0.09 vs=0.00 n=0 [none]
1786872736.104 [OBSTACLES] cur_s=28.73 cur_d=-0.09 vs=0.00 n=0 [none]
1786872736.637 [OBSTACLES] cur_s=28.73 cur_d=-0.09 vs=0.00 n=0 [none]
1786872737.148 [OBSTACLES] cur_s=28.73 cur_d=-0.09 vs=0.00 n=0 [none]
1786872737.670 [OBSTACLES] cur_s=28.74 cur_d=-0.09 vs=0.00 n=0 [none]
1786872738.197 [OBSTACLES] cur_s=28.73 cur_d=-0.09 vs=0.00 n=0 [none]
1786872738.718 [OBSTACLES] cur_s=28.74 cur_d=-0.09 vs=0.00 n=0 [none]
1786872739.970 [OBSTACLES] cur_s=28.73 cur_d=-0.09 vs=0.00 n=0 [none]
1786872740.489 [OBSTACLES] cur_s=28.74 cur_d=-0.09 vs=0.00 n=0 [none]
1786872741.051 [OBSTACLES] cur_s=28.74 cur_d=-0.10 vs=0.00 n=0 [none]
1786872742.470 [OBSTACLES] cur_s=28.73 cur_d=-0.09 vs=0.00 n=0 [none]
1786872743.133 [OBSTACLES] cur_s=28.73 cur_d=-0.09 vs=0.00 n=0 [none]
1786872745.364 [OBSTACLES] cur_s=28.73 cur_d=-0.09 vs=0.00 n=0 [none]
1786872746.505 [OBSTACLES] cur_s=28.74 cur_d=-0.09 vs=0.00 n=0 [none]
1786872747.771 [OBSTACLES] cur_s=28.73 cur_d=-0.09 vs=0.00 n=0 [none]
1786872748.407 [OBSTACLES] cur_s=28.74 cur_d=-0.09 vs=0.00 n=0 [none]
1786872748.912 [OBSTACLES] cur_s=28.74 cur_d=-0.09 vs=0.00 n=0 [none]
1786872749.616 [OBSTACLES] cur_s=28.73 cur_d=-0.09 vs=0.00 n=0 [none]
1786872750.950 [OBSTACLES] cur_s=28.74 cur_d=-0.10 vs=0.00 n=0 [none]
1786872751.471 [OBSTACLES] cur_s=28.73 cur_d=-0.09 vs=0.00 n=0 [none]
1786872751.989 [OBSTACLES] cur_s=28.73 cur_d=-0.09 vs=0.00 n=0 [none]
1786872752.518 [OBSTACLES] cur_s=28.74 cur_d=-0.09 vs=0.00 n=0 [none]
1786872753.031 [OBSTACLES] cur_s=28.73 cur_d=-0.09 vs=0.00 n=0 [none]
1786872753.549 [OBSTACLES] cur_s=28.73 cur_d=-0.09 vs=0.00 n=0 [none]
1786872754.071 [OBSTACLES] cur_s=28.73 cur_d=-0.09 vs=0.00 n=0 [none]
1786872754.600 [OBSTACLES] cur_s=28.74 cur_d=-0.09 vs=0.00 n=0 [none]
1786872755.189 [OBSTACLES] cur_s=28.73 cur_d=-0.09 vs=0.00 n=0 [none]
1786872757.625 [OBSTACLES] cur_s=28.74 cur_d=-0.09 vs=0.00 n=0 [none]
1786872760.742 [OBSTACLES] cur_s=28.73 cur_d=-0.09 vs=0.00 n=0 [none]
1786872763.146 [OBSTACLES] cur_s=28.73 cur_d=-0.09 vs=0.00 n=0 [none]
1786872765.409 [OBSTACLES] cur_s=28.74 cur_d=-0.09 vs=0.00 n=0 [none]
1786872767.794 [OBSTACLES] cur_s=28.74 cur_d=-0.09 vs=0.00 n=0 [none]
1786872768.305 [OBSTACLES] cur_s=28.73 cur_d=-0.09 vs=0.00 n=0 [none]
1786872769.008 [OBSTACLES] cur_s=28.73 cur_d=-0.09 vs=0.00 n=0 [none]
1786872770.268 [OBSTACLES] cur_s=28.74 cur_d=-0.09 vs=0.00 n=0 [none]
1786872770.807 [OBSTACLES] cur_s=28.73 cur_d=-0.09 vs=0.00 n=0 [none]
1786872771.329 [OBSTACLES] cur_s=28.73 cur_d=-0.09 vs=0.00 n=0 [none]
1786872771.842 [OBSTACLES] cur_s=28.73 cur_d=-0.09 vs=0.00 n=0 [none]
1786872772.350 [OBSTACLES] cur_s=28.74 cur_d=-0.09 vs=0.00 n=0 [none]
1786872772.851 [OBSTACLES] cur_s=28.73 cur_d=-0.09 vs=0.00 n=0 [none]
1786872773.366 [OBSTACLES] cur_s=28.74 cur_d=-0.09 vs=0.00 n=0 [none]
1786872773.882 [OBSTACLES] cur_s=28.73 cur_d=-0.09 vs=0.00 n=0 [none]
1786872774.417 [OBSTACLES] cur_s=28.74 cur_d=-0.09 vs=0.00 n=0 [none]
1786872776.335 [OBSTACLES] cur_s=28.73 cur_d=-0.09 vs=0.00 n=0 [none]
1786872779.332 [OBSTACLES] cur_s=28.73 cur_d=-0.09 vs=0.00 n=0 [none]
1786872780.252 [OBSTACLES] cur_s=28.73 cur_d=-0.09 vs=0.00 n=0 [none]
1786872781.728 [OBSTACLES] cur_s=28.73 cur_d=-0.09 vs=0.00 n=0 [none]
1786872783.711 [OBSTACLES] cur_s=28.73 cur_d=-0.09 vs=0.00 n=0 [none]
1786872788.129 [OBSTACLES] cur_s=28.74 cur_d=-0.09 vs=0.00 n=0 [none]
1786872789.235 [OBSTACLES] cur_s=28.73 cur_d=-0.09 vs=0.00 n=0 [none]
1786872792.271 [OBSTACLES] cur_s=28.73 cur_d=-0.09 vs=0.00 n=0 [none]
1786872793.403 [OBSTACLES] cur_s=28.74 cur_d=-0.09 vs=0.00 n=0 [none]
1786872794.265 [OBSTACLES] cur_s=28.74 cur_d=-0.09 vs=0.00 n=0 [none]
1786872797.107 [OBSTACLES] cur_s=28.73 cur_d=-0.09 vs=0.00 n=0 [none]
1786872800.355 [OBSTACLES] cur_s=28.73 cur_d=-0.09 vs=0.00 n=0 [none]
1786872801.068 [OBSTACLES] cur_s=28.73 cur_d=-0.09 vs=0.00 n=0 [none]
1786872801.704 [OBSTACLES] cur_s=28.93 cur_d=-0.26 vs=0.66 n=0 [none]
1786872801.816 [STATE_CHANGE] GB_TRACK -> LOSTLINE src=GB_TRACK s=29.22 d=-0.56 vs=1.35
1786872802.187 [STATE_CHANGE] LOSTLINE -> GB_TRACK src=GB_TRACK s=28.74 d=-0.10 vs=1.56
1786872802.218 [OBSTACLES] cur_s=29.21 cur_d=-0.55 vs=1.33 n=0 [none]
1786872802.218 [STATE_CHANGE] GB_TRACK -> LOSTLINE src=GB_TRACK s=29.21 d=-0.55 vs=1.33
1786872802.748 [OBSTACLES] cur_s=29.58 cur_d=-1.07 vs=1.24 n=0 [none]
1786872803.268 [OBSTACLES] cur_s=29.26 cur_d=-0.42 vs=1.24 n=0 [none]
1786872803.690 [STATE_CHANGE] LOSTLINE -> GB_TRACK src=GB_TRACK s=28.75 d=-0.11 vs=0.60
1786872803.793 [OBSTACLES] cur_s=28.75 cur_d=-0.11 vs=0.00 n=0 [none]
1786872804.642 [OBSTACLES] cur_s=28.75 cur_d=-0.11 vs=0.00 n=0 [none]
1786872805.709 [OBSTACLES] cur_s=28.75 cur_d=-0.11 vs=0.00 n=0 [none]
1786872806.097 [STATIC_OT] state=GB_TRACK path_exists=1 path_locked=0 path_ttl_ok=1 path_safe=0 on_spline=0 speed=-0.86 raw_wpnts=81 raw_age=0.50s decision=TRAILING reason=PATH_BLOCKED blocked_obs_id=13 gap=0.41m free_dist=-0.292m branch=static/geom
1786872806.102 [STATE_CHANGE] GB_TRACK -> TRAILING src=GB_TRACK s=28.34 d=-0.30 vs=-0.86
1786872806.178 [STATE_CHANGE] TRAILING -> LOSTLINE src=GB_TRACK s=28.69 d=-0.06 vs=-0.67
1786872806.220 [OBSTACLES] cur_s=28.68 cur_d=-0.06 vs=-0.68 n=0 [none]
1786872806.220 [STATE_CHANGE] LOSTLINE -> GB_TRACK src=GB_TRACK s=28.68 d=-0.06 vs=-0.68
1786872806.543 [STATE_CHANGE] GB_TRACK -> LOSTLINE src=GB_TRACK s=27.87 d=0.30 vs=-0.44
1786872806.726 [OBSTACLES] cur_s=27.63 cur_d=0.34 vs=-0.27 n=0 [none]
1786872807.243 [OBSTACLES] cur_s=24.97 cur_d=0.86 vs=-1.05 n=0 [none]
1786872807.754 [OBSTACLES] cur_s=24.90 cur_d=0.90 vs=-0.99 n=0 [none]
1786872807.834 [STATE_CHANGE] LOSTLINE -> RECOVERY src=RECOVERY s=24.91 d=0.92 vs=-0.94
1786872808.170 [STATE_CHANGE] RECOVERY -> LOSTLINE src=GB_TRACK s=24.48 d=1.09 vs=-0.77
1786872808.279 [OBSTACLES] cur_s=24.36 cur_d=1.10 vs=-0.92 n=0 [none]
1786872809.143 [OBSTACLES] cur_s=25.07 cur_d=1.23 vs=0.00 n=0 [none]
1786872809.941 [OBSTACLES] cur_s=25.33 cur_d=1.11 vs=0.00 n=0 [none]
1786872810.703 [OBSTACLES] cur_s=25.34 cur_d=1.13 vs=0.00 n=0 [none]
1786872811.356 [OBSTACLES] cur_s=25.33 cur_d=1.13 vs=0.00 n=0 [none]
1786872811.899 [OBSTACLES] cur_s=25.29 cur_d=1.20 vs=0.00 n=0 [none]
1786872812.401 [OBSTACLES] cur_s=25.28 cur_d=1.19 vs=0.00 n=0 [none]
1786872813.132 [OBSTACLES] cur_s=25.30 cur_d=1.17 vs=0.00 n=0 [none]
1786872813.634 [OBSTACLES] cur_s=25.28 cur_d=1.18 vs=0.00 n=0 [none]
1786872813.919 [STATE_CHANGE] LOSTLINE -> RECOVERY src=RECOVERY s=28.55 d=-0.30 vs=0.00
1786872814.148 [OBSTACLES] cur_s=28.55 cur_d=-0.30 vs=0.00 n=0 [none]
1786872815.141 [OBSTACLES] cur_s=28.55 cur_d=-0.30 vs=0.00 n=0 [none]
1786872815.646 [OBSTACLES] cur_s=28.55 cur_d=-0.30 vs=0.00 n=0 [none]
1786872816.242 [OBSTACLES] cur_s=28.55 cur_d=-0.30 vs=0.00 n=0 [none]
1786872816.743 [OBSTACLES] cur_s=28.55 cur_d=-0.30 vs=0.00 n=0 [none]
1786872817.247 [OBSTACLES] cur_s=28.55 cur_d=-0.30 vs=0.00 n=0 [none]
1786872817.760 [OBSTACLES] cur_s=28.55 cur_d=-0.30 vs=0.00 n=0 [none]
1786872818.282 [OBSTACLES] cur_s=28.55 cur_d=-0.30 vs=0.00 n=0 [none]
1786872818.794 [OBSTACLES] cur_s=28.55 cur_d=-0.30 vs=0.00 n=0 [none]
1786872819.300 [OBSTACLES] cur_s=28.55 cur_d=-0.30 vs=0.00 n=0 [none]
1786872819.802 [OBSTACLES] cur_s=28.78 cur_d=-0.17 vs=1.08 n=0 [none]
1786872820.019 [STATE_CHANGE] RECOVERY -> GB_TRACK src=GB_TRACK s=29.14 d=-0.04 vs=1.99
1786872820.332 [OBSTACLES] cur_s=30.03 cur_d=0.00 vs=3.27 n=0 [none]
1786872820.856 [OBSTACLES] cur_s=30.93 cur_d=-0.02 vs=3.51 n=0 [none]
1786872821.384 [OBSTACLES] cur_s=33.30 cur_d=0.02 vs=3.21 n=0 [none]
1786872821.895 [OBSTACLES] cur_s=0.71 cur_d=0.00 vs=3.72 n=0 [none]
1786872822.432 [OBSTACLES] cur_s=3.03 cur_d=0.10 vs=4.90 n=0 [none]
1786872822.946 [OBSTACLES] cur_s=5.11 cur_d=-0.05 vs=4.94 n=0 [none]
1786872823.455 [OBSTACLES] cur_s=7.67 cur_d=-0.13 vs=4.64 n=0 [none]
1786872823.967 [OBSTACLES] cur_s=9.75 cur_d=0.20 vs=3.42 n=0 [none]
1786872824.462 [OBSTACLES] cur_s=11.11 cur_d=-0.15 vs=2.16 n=0 [none]
1786872825.019 [OBSTACLES] cur_s=12.28 cur_d=-0.07 vs=2.74 n=0 [none]
1786872825.577 [OBSTACLES] cur_s=14.16 cur_d=0.07 vs=3.53 n=0 [none]
1786872826.080 [OBSTACLES] cur_s=15.70 cur_d=0.09 vs=2.44 n=0 [none]
1786872826.633 [OBSTACLES] cur_s=17.07 cur_d=0.04 vs=2.72 n=0 [none]
1786872827.153 [OBSTACLES] cur_s=18.70 cur_d=0.26 vs=3.75 n=0 [none]
1786872827.654 [OBSTACLES] cur_s=21.33 cur_d=0.04 vs=4.89 n=0 [none]
1786872828.211 [OBSTACLES] cur_s=23.95 cur_d=-0.15 vs=4.94 n=0 [none]
1786872828.749 [OBSTACLES] cur_s=26.29 cur_d=0.20 vs=4.09 n=0 [none]
1786872829.244 [STATE_CHANGE] GB_TRACK -> RECOVERY src=RECOVERY s=27.76 d=0.30 vs=3.65
1786872829.292 [OBSTACLES] cur_s=27.99 cur_d=0.32 vs=3.61 n=0 [none]
1786872829.806 [OBSTACLES] cur_s=29.69 cur_d=0.15 vs=2.60 n=0 [none]
1786872830.021 [STATE_CHANGE] RECOVERY -> GB_TRACK src=GB_TRACK s=30.36 d=0.00 vs=2.74
1786872830.326 [OBSTACLES] cur_s=31.37 cur_d=0.06 vs=3.32 n=0 [none]
1786872830.866 [OBSTACLES] cur_s=33.24 cur_d=0.27 vs=3.27 n=0 [none]
1786872831.448 [OBSTACLES] cur_s=33.78 cur_d=0.28 vs=3.29 n=0 [none]
1786872833.104 [OBSTACLES] cur_s=0.91 cur_d=-0.03 vs=2.74 n=0 [none]
1786872833.645 [OBSTACLES] cur_s=2.41 cur_d=0.11 vs=1.69 n=0 [none]
1786872834.648 [OBSTACLES] cur_s=2.50 cur_d=0.15 vs=1.80 n=0 [none]
1786872835.165 [OBSTACLES] cur_s=3.11 cur_d=0.23 vs=0.23 n=0 [none]
1786872835.803 [OBSTACLES] cur_s=5.20 cur_d=-1.40 vs=0.15 n=0 [none]
1786872835.806 [STATE_CHANGE] GB_TRACK -> LOSTLINE src=GB_TRACK s=5.20 d=-1.40 vs=0.15
1786872836.314 [OBSTACLES] cur_s=5.22 cur_d=-1.50 vs=0.00 n=0 [none]
1786872836.818 [OBSTACLES] cur_s=5.22 cur_d=-1.50 vs=0.00 n=0 [none]
1786872837.322 [OBSTACLES] cur_s=5.22 cur_d=-1.50 vs=0.00 n=0 [none]
1786872837.809 [STATE_CHANGE] LOSTLINE -> GB_TRACK src=GB_TRACK s=5.08 d=-0.25 vs=-0.75
1786872837.829 [OBSTACLES] cur_s=5.11 cur_d=-0.16 vs=-0.80 n=0 [none]
1786872838.203 [STATE_CHANGE] GB_TRACK -> RECOVERY src=RECOVERY s=4.64 d=0.32 vs=-1.11
1786872838.332 [OBSTACLES] cur_s=4.81 cur_d=0.53 vs=-0.84 n=0 [none]
1786872838.847 [OBSTACLES] cur_s=4.89 cur_d=0.72 vs=-0.45 n=0 [none]
1786872838.848 [STATE_CHANGE] RECOVERY -> LOSTLINE src=GB_TRACK s=4.89 d=0.72 vs=-0.45
1786872838.889 [STATE_CHANGE] LOSTLINE -> RECOVERY src=RECOVERY s=4.88 d=0.72 vs=-0.40
1786872839.441 [OBSTACLES] cur_s=4.75 cur_d=0.90 vs=0.00 n=0 [none]
1786872839.955 [OBSTACLES] cur_s=4.73 cur_d=0.90 vs=0.00 n=0 [none]
1786872840.462 [OBSTACLES] cur_s=4.74 cur_d=0.90 vs=0.00 n=0 [none]
1786872841.051 [OBSTACLES] cur_s=4.74 cur_d=0.90 vs=0.00 n=0 [none]
1786872841.755 [OBSTACLES] cur_s=4.73 cur_d=0.90 vs=0.00 n=0 [none]
1786872842.268 [OBSTACLES] cur_s=4.74 cur_d=0.90 vs=0.00 n=0 [none]
1786872842.795 [OBSTACLES] cur_s=4.74 cur_d=0.90 vs=0.00 n=0 [none]
1786872843.310 [OBSTACLES] cur_s=4.74 cur_d=0.90 vs=0.00 n=0 [none]
1786872843.810 [OBSTACLES] cur_s=4.74 cur_d=0.90 vs=0.00 n=0 [none]
1786872844.334 [OBSTACLES] cur_s=4.73 cur_d=0.90 vs=0.00 n=0 [none]
1786872844.837 [OBSTACLES] cur_s=4.73 cur_d=0.90 vs=0.00 n=0 [none]
1786872845.367 [OBSTACLES] cur_s=4.73 cur_d=0.90 vs=0.00 n=0 [none]
1786872845.946 [OBSTACLES] cur_s=4.73 cur_d=0.90 vs=0.00 n=0 [none]
1786872846.477 [OBSTACLES] cur_s=4.73 cur_d=0.90 vs=0.00 n=0 [none]
1786872847.049 [OBSTACLES] cur_s=4.74 cur_d=0.90 vs=0.00 n=0 [none]
1786872847.580 [OBSTACLES] cur_s=4.73 cur_d=0.90 vs=0.00 n=0 [none]
1786872848.106 [OBSTACLES] cur_s=4.74 cur_d=0.90 vs=0.00 n=0 [none]
1786872848.626 [OBSTACLES] cur_s=4.73 cur_d=0.90 vs=0.00 n=0 [none]
1786872848.888 [STATE_CHANGE] RECOVERY -> LOSTLINE src=GB_TRACK s=4.73 d=0.89 vs=0.00
1786872849.072 [STATE_CHANGE] LOSTLINE -> RECOVERY src=RECOVERY s=4.73 d=0.89 vs=0.00
1786872849.140 [OBSTACLES] cur_s=4.73 cur_d=0.90 vs=0.00 n=0 [none]
1786872849.710 [OBSTACLES] cur_s=4.74 cur_d=0.87 vs=0.00 n=0 [none]
1786872850.212 [OBSTACLES] cur_s=4.74 cur_d=0.86 vs=0.00 n=0 [none]
1786872850.723 [OBSTACLES] cur_s=4.73 cur_d=0.86 vs=0.00 n=0 [none]
1786872851.237 [OBSTACLES] cur_s=4.71 cur_d=0.84 vs=0.00 n=0 [none]
1786872851.832 [OBSTACLES] cur_s=4.74 cur_d=0.83 vs=0.00 n=0 [none]
1786872852.355 [OBSTACLES] cur_s=5.28 cur_d=0.41 vs=0.00 n=0 [none]
1786872852.909 [OBSTACLES] cur_s=5.29 cur_d=0.38 vs=0.00 n=0 [none]
1786872853.408 [STATE_CHANGE] RECOVERY -> LOSTLINE src=GB_TRACK s=5.33 d=0.33 vs=0.00
1786872853.476 [OBSTACLES] cur_s=5.33 cur_d=0.33 vs=0.00 n=0 [none]
1786872853.641 [STATE_CHANGE] LOSTLINE -> RECOVERY src=RECOVERY s=5.32 d=0.33 vs=0.00
1786872854.335 [OBSTACLES] cur_s=5.32 cur_d=0.33 vs=0.00 n=0 [none]
1786872855.168 [OBSTACLES] cur_s=5.32 cur_d=0.32 vs=0.00 n=0 [none]
1786872855.717 [OBSTACLES] cur_s=5.32 cur_d=0.32 vs=0.00 n=0 [none]
1786872856.237 [OBSTACLES] cur_s=5.36 cur_d=0.12 vs=0.00 n=0 [none]
1786872856.771 [OBSTACLES] cur_s=5.37 cur_d=0.11 vs=0.00 n=0 [none]
1786872857.289 [OBSTACLES] cur_s=5.36 cur_d=0.10 vs=0.00 n=0 [none]
1786872857.798 [OBSTACLES] cur_s=5.39 cur_d=0.09 vs=0.00 n=0 [none]
1786872859.386 [OBSTACLES] cur_s=5.38 cur_d=0.09 vs=0.00 n=0 [none]
1786872859.909 [OBSTACLES] cur_s=5.36 cur_d=0.10 vs=0.00 n=0 [none]
1786872861.149 [OBSTACLES] cur_s=5.35 cur_d=0.09 vs=0.00 n=0 [none]
1786872862.181 [OBSTACLES] cur_s=5.37 cur_d=0.10 vs=0.00 n=0 [none]
1786872862.908 [OBSTACLES] cur_s=5.36 cur_d=0.11 vs=0.00 n=0 [none]
1786872865.031 [OBSTACLES] cur_s=5.37 cur_d=0.09 vs=0.00 n=0 [none]
1786872865.032 [STATE_CHANGE] RECOVERY -> LOSTLINE src=GB_TRACK s=5.37 d=0.09 vs=0.00
1786872865.070 [STATE_CHANGE] LOSTLINE -> GB_TRACK src=GB_TRACK s=5.37 d=0.09 vs=0.00
1786872866.272 [OBSTACLES] cur_s=5.38 cur_d=0.09 vs=0.00 n=0 [none]
1786872868.094 [OBSTACLES] cur_s=5.39 cur_d=-0.01 vs=0.00 n=0 [none]
1786872870.274 [OBSTACLES] cur_s=5.39 cur_d=-0.01 vs=0.00 n=0 [none]
1786872870.789 [OBSTACLES] cur_s=5.40 cur_d=-0.02 vs=0.00 n=1 [id=21 static=1 gap=3.85m d=0.18 size=0.39]
1786872870.817 [STATIC_OT] state=GB_TRACK path_exists=0 path_locked=0 path_ttl_ok=0 path_safe=0 on_spline=0 speed=0.00 raw_wpnts=0 raw_age=-s decision=TRAILING reason=NO_STATIC_PATH
1786872870.827 [STATE_CHANGE] GB_TRACK -> TRAILING src=GB_TRACK s=5.40 d=-0.02 vs=0.00
1786872871.066 [STATIC_OT] state=TRAILING path_exists=0 path_locked=0 path_ttl_ok=0 path_safe=0 on_spline=0 speed=0.00 raw_wpnts=0 raw_age=-s decision=TRAILING reason=NO_STATIC_PATH
1786872871.163 [STATIC_OT_TRANSITION] first_valid_path_to_overtake_ms=0.0
1786872871.164 [STATE_CHANGE] TRAILING -> OVERTAKE src=OVERTAKE s=5.40 d=-0.02 vs=0.00
1786872871.317 [OBSTACLES] cur_s=5.59 cur_d=-0.03 vs=0.00 n=2 [id=21 static=1 gap=3.66m d=0.18 size=0.39; id=22 static=1 gap=4.01m d=0.83 size=0.18]
1786872871.844 [OBSTACLES] cur_s=5.51 cur_d=-0.03 vs=0.00 n=0 [none]
1786872873.024 [OBSTACLES] cur_s=5.50 cur_d=-0.03 vs=0.00 n=0 [none]
1786872873.781 [OBSTACLES] cur_s=5.50 cur_d=-0.03 vs=0.00 n=0 [none]
1786872873.818 [STATE_CHANGE] OVERTAKE -> GB_TRACK src=GB_TRACK s=5.50 d=-0.03 vs=0.00
1786872873.875 [STATE_CHANGE] GB_TRACK -> LOSTLINE src=GB_TRACK s=9.01 d=0.39 vs=0.00
1786872874.135 [STATE_CHANGE] LOSTLINE -> GB_TRACK src=GB_TRACK s=8.50 d=0.21 vs=0.00
1786872874.311 [OBSTACLES] cur_s=7.36 cur_d=-0.23 vs=0.00 n=0 [none]
1786872874.842 [OBSTACLES] cur_s=7.33 cur_d=-0.24 vs=0.00 n=0 [none]
1786872875.368 [OBSTACLES] cur_s=7.33 cur_d=-0.24 vs=0.00 n=0 [none]
1786872875.868 [OBSTACLES] cur_s=7.33 cur_d=-0.24 vs=0.00 n=0 [none]
1786872877.267 [OBSTACLES] cur_s=7.33 cur_d=-0.24 vs=0.00 n=0 [none]
1786872877.778 [OBSTACLES] cur_s=7.33 cur_d=-0.24 vs=0.00 n=0 [none]
1786872879.007 [OBSTACLES] cur_s=7.34 cur_d=-0.23 vs=0.32 n=0 [none]
1786872880.413 [OBSTACLES] cur_s=7.40 cur_d=-0.23 vs=0.00 n=0 [none]
1786872881.535 [OBSTACLES] cur_s=7.92 cur_d=-0.14 vs=0.00 n=0 [none]
1786872882.295 [OBSTACLES] cur_s=8.13 cur_d=-0.12 vs=0.16 n=0 [none]
1786872882.817 [OBSTACLES] cur_s=8.33 cur_d=-0.11 vs=0.80 n=0 [none]
1786872883.331 [OBSTACLES] cur_s=9.47 cur_d=-0.07 vs=3.01 n=0 [none]
1786872883.836 [OBSTACLES] cur_s=10.84 cur_d=0.12 vs=2.56 n=0 [none]
1786872884.338 [OBSTACLES] cur_s=12.02 cur_d=0.16 vs=2.74 n=0 [none]
1786872884.868 [OBSTACLES] cur_s=13.65 cur_d=0.22 vs=3.75 n=0 [none]
1786872885.197 [STATE_CHANGE] GB_TRACK -> LOSTLINE src=GB_TRACK s=14.75 d=0.48 vs=2.99
1786872885.241 [STATE_CHANGE] LOSTLINE -> RECOVERY src=RECOVERY s=15.09 d=0.47 vs=2.72
1786872885.427 [OBSTACLES] cur_s=15.59 cur_d=0.25 vs=1.81 n=0 [none]
1786872885.594 [STATE_CHANGE] RECOVERY -> GB_TRACK src=GB_TRACK s=15.76 d=0.02 vs=1.50
1786872885.942 [OBSTACLES] cur_s=16.40 cur_d=-0.23 vs=2.01 n=0 [none]
1786872886.526 [OBSTACLES] cur_s=17.21 cur_d=-0.19 vs=2.56 n=0 [none]
1786872886.879 [STATE_CHANGE] GB_TRACK -> LOSTLINE src=GB_TRACK s=18.16 d=0.29 vs=2.74
1786872887.058 [OBSTACLES] cur_s=18.64 cur_d=0.33 vs=3.17 n=0 [none]
1786872887.203 [STATE_CHANGE] LOSTLINE -> GB_TRACK src=GB_TRACK s=19.08 d=0.26 vs=3.75
1786872887.521 [STATE_CHANGE] GB_TRACK -> LOSTLINE src=GB_TRACK s=20.64 d=-0.36 vs=4.54
1786872887.553 [STATE_CHANGE] LOSTLINE -> RECOVERY src=RECOVERY s=20.73 d=-0.38 vs=4.57
1786872887.575 [OBSTACLES] cur_s=20.75 cur_d=-0.39 vs=4.62 n=0 [none]
1786872888.091 [OBSTACLES] cur_s=22.45 cur_d=-0.35 vs=3.24 n=0 [none]
1786872888.334 [STATE_CHANGE] RECOVERY -> GB_TRACK src=GB_TRACK s=23.41 d=-0.04 vs=3.31
1786872888.612 [OBSTACLES] cur_s=24.25 cur_d=-0.01 vs=4.14 n=0 [none]
1786872889.126 [OBSTACLES] cur_s=25.25 cur_d=-0.05 vs=4.35 n=0 [none]
1786872889.666 [OBSTACLES] cur_s=27.89 cur_d=-0.12 vs=3.74 n=0 [none]
1786872890.198 [OBSTACLES] cur_s=30.55 cur_d=0.19 vs=3.58 n=0 [none]
1786872890.728 [OBSTACLES] cur_s=32.45 cur_d=0.23 vs=3.35 n=0 [none]
1786872890.992 [STATE_CHANGE] GB_TRACK -> RECOVERY src=RECOVERY s=33.50 d=0.31 vs=3.24
1786872891.232 [OBSTACLES] cur_s=0.27 cur_d=0.42 vs=3.04 n=0 [none]
1786872891.952 [OBSTACLES] cur_s=1.21 cur_d=0.25 vs=3.56 n=0 [none]
1786872892.462 [OBSTACLES] cur_s=2.86 cur_d=0.24 vs=4.31 n=0 [none]
1786872893.376 [OBSTACLES] cur_s=4.23 cur_d=-0.00 vs=1.23 n=0 [none]
1786872893.376 [STATE_CHANGE] RECOVERY -> GB_TRACK src=GB_TRACK s=4.23 d=-0.00 vs=1.23
1786872893.891 [OBSTACLES] cur_s=5.16 cur_d=-0.25 vs=0.00 n=0 [none]
1786872893.976 [STATE_CHANGE] GB_TRACK -> LOSTLINE src=GB_TRACK s=7.09 d=-0.61 vs=0.00
1786872895.280 [OBSTACLES] cur_s=5.61 cur_d=-1.37 vs=0.00 n=0 [none]
1786872895.808 [OBSTACLES] cur_s=5.61 cur_d=-1.37 vs=0.00 n=0 [none]
1786872896.579 [OBSTACLES] cur_s=5.04 cur_d=-0.88 vs=0.00 n=0 [none]
1786872897.085 [OBSTACLES] cur_s=6.52 cur_d=-1.42 vs=0.11 n=0 [none]
1786872897.607 [OBSTACLES] cur_s=5.38 cur_d=-1.89 vs=-0.34 n=0 [none]
1786872898.118 [OBSTACLES] cur_s=3.96 cur_d=-2.15 vs=0.00 n=0 [none]
1786872898.778 [OBSTACLES] cur_s=4.75 cur_d=-1.64 vs=0.58 n=0 [none]
1786872899.286 [OBSTACLES] cur_s=5.07 cur_d=-1.50 vs=-0.04 n=0 [none]
1786872899.818 [OBSTACLES] cur_s=4.96 cur_d=-1.30 vs=-0.06 n=0 [none]
1786872900.325 [OBSTACLES] cur_s=4.76 cur_d=-0.88 vs=0.05 n=0 [none]
1786872900.836 [OBSTACLES] cur_s=4.94 cur_d=-0.88 vs=-0.08 n=0 [none]
1786872901.338 [OBSTACLES] cur_s=4.80 cur_d=-0.91 vs=-0.45 n=0 [none]
1786872901.854 [OBSTACLES] cur_s=4.34 cur_d=-1.11 vs=-1.12 n=0 [none]
1786872902.356 [OBSTACLES] cur_s=4.07 cur_d=-1.23 vs=0.00 n=0 [none]
1786872902.871 [OBSTACLES] cur_s=3.99 cur_d=-1.23 vs=-0.08 n=0 [none]
1786872903.635 [OBSTACLES] cur_s=4.01 cur_d=-1.24 vs=0.00 n=0 [none]
1786872904.219 [OBSTACLES] cur_s=3.99 cur_d=-1.24 vs=0.00 n=0 [none]
1786872904.778 [OBSTACLES] cur_s=3.99 cur_d=-1.23 vs=0.00 n=0 [none]
1786872905.298 [OBSTACLES] cur_s=3.98 cur_d=-1.24 vs=0.00 n=0 [none]
1786872905.931 [OBSTACLES] cur_s=3.96 cur_d=-1.23 vs=0.00 n=0 [none]
1786872906.778 [OBSTACLES] cur_s=3.99 cur_d=-1.23 vs=0.00 n=0 [none]
1786872907.461 [OBSTACLES] cur_s=3.99 cur_d=-1.22 vs=0.00 n=0 [none]
1786872907.965 [OBSTACLES] cur_s=3.99 cur_d=-1.22 vs=0.00 n=0 [none]
1786872908.520 [OBSTACLES] cur_s=4.01 cur_d=-1.22 vs=0.00 n=0 [none]
1786872909.074 [OBSTACLES] cur_s=4.01 cur_d=-1.22 vs=0.00 n=0 [none]
1786872909.604 [OBSTACLES] cur_s=4.01 cur_d=-1.22 vs=0.00 n=0 [none]
