# static_avoidance_node debug log started 20260817_154610
1786949175.039 [STATIC_AVOID] obs_id=- obs_dist=-m obs_s=- ego_s=8.04 side=- | left_clearance=- right_clearance=- candidate_valid=false rung=- | cache_used=false path_age=- path_points=0 planning_time_ms=0.1 | reason=no_static_obstacle_in_range | cache_reason=no_cache
1786949175.542 [STATIC_AVOID] obs_id=1 obs_dist=3.35m obs_s=11.41 ego_s=8.06 side=LEFT | left_clearance=0.26 right_clearance=-0.05 candidate_valid=true rung=0 | cache_used=false path_age=0.000 path_points=89 planning_time_ms=3.5
1786949176.049 [STATIC_AVOID] obs_id=1 obs_dist=3.39m obs_s=11.41 ego_s=8.02 side=RIGHT | left_clearance=0.25 right_clearance=-0.06 candidate_valid=true rung=1 | cache_used=false path_age=0.000 path_points=89 planning_time_ms=10.5
1786949176.595 [STATIC_AVOID] obs_id=1 obs_dist=3.39m obs_s=11.41 ego_s=8.02 side=RIGHT | left_clearance=0.26 right_clearance=-0.06 candidate_valid=true rung=1 | cache_used=false path_age=0.000 path_points=89 planning_time_ms=11.0
1786949177.156 [STATIC_AVOID] obs_id=1 obs_dist=3.37m obs_s=11.41 ego_s=8.03 side=RIGHT | left_clearance=0.26 right_clearance=-0.05 candidate_valid=true rung=1 | cache_used=false path_age=0.000 path_points=89 planning_time_ms=24.1
1786949177.702 [STATIC_AVOID] obs_id=1 obs_dist=3.37m obs_s=11.41 ego_s=8.03 side=RIGHT | left_clearance=0.26 right_clearance=-0.06 candidate_valid=true rung=1 | cache_used=false path_age=0.000 path_points=89 planning_time_ms=12.7
1786949178.239 [STATIC_AVOID] obs_id=- obs_dist=-m obs_s=- ego_s=8.02 side=- | left_clearance=- right_clearance=- candidate_valid=false rung=- | cache_used=false path_age=- path_points=0 planning_time_ms=0.1 | reason=no_static_obstacle_in_range | cache_reason=no_cache
1786949178.763 [STATIC_AVOID] obs_id=4 obs_dist=3.38m obs_s=11.41 ego_s=8.03 side=RIGHT | left_clearance=0.26 right_clearance=-0.05 candidate_valid=true rung=1 | cache_used=false path_age=0.000 path_points=89 planning_time_ms=7.2
1786949179.322 [STATIC_AVOID] obs_id=4 obs_dist=3.38m obs_s=11.41 ego_s=8.03 side=RIGHT | left_clearance=0.27 right_clearance=-0.05 candidate_valid=true rung=1 | cache_used=false path_age=0.000 path_points=89 planning_time_ms=14.6
1786949179.865 [STATIC_AVOID] obs_id=5 obs_dist=3.06m obs_s=11.08 ego_s=8.02 side=RIGHT | left_clearance=-0.20 right_clearance=0.29 candidate_valid=false rung=- | cache_used=false path_age=- path_points=0 planning_time_ms=11.8 | reason=right_side_occupied | cache_reason=no_cache
1786949180.389 [STATIC_AVOID] obs_id=5 obs_dist=2.98m obs_s=11.01 ego_s=8.03 side=RIGHT | left_clearance=-0.14 right_clearance=0.23 candidate_valid=false rung=- | cache_used=false path_age=- path_points=0 planning_time_ms=1.6 | reason=right_side_occupied | cache_reason=no_cache
1786949180.934 [STATIC_AVOID] obs_id=- obs_dist=-m obs_s=- ego_s=8.02 side=- | left_clearance=- right_clearance=- candidate_valid=false rung=- | cache_used=false path_age=- path_points=0 planning_time_ms=0.1 | reason=no_static_obstacle_in_range | cache_reason=no_cache
1786949181.434 [STATIC_AVOID] obs_id=- obs_dist=-m obs_s=- ego_s=8.02 side=- | left_clearance=- right_clearance=- candidate_valid=false rung=- | cache_used=false path_age=- path_points=0 planning_time_ms=0.1 | reason=no_static_obstacle_in_range | cache_reason=no_cache
1786949181.972 [STATIC_AVOID] obs_id=7 obs_dist=3.05m obs_s=11.08 ego_s=8.03 side=RIGHT | left_clearance=-0.21 right_clearance=0.29 candidate_valid=false rung=- | cache_used=true path_age=0.077 path_points=86 planning_time_ms=7.0 | reason=obstacle_clearance
1786949182.494 [STATIC_AVOID] obs_id=7 obs_dist=3.03m obs_s=11.08 ego_s=8.05 side=RIGHT | left_clearance=-0.20 right_clearance=0.30 candidate_valid=false rung=- | cache_used=false path_age=- path_points=0 planning_time_ms=3.2 | reason=obstacle_clearance | cache_reason=no_cache
1786949183.039 [STATIC_AVOID] obs_id=7 obs_dist=3.05m obs_s=11.08 ego_s=8.03 side=RIGHT | left_clearance=-0.19 right_clearance=0.31 candidate_valid=false rung=- | cache_used=true path_age=0.054 path_points=86 planning_time_ms=4.7 | reason=obstacle_clearance
1786949183.556 [STATIC_AVOID] obs_id=7 obs_dist=3.04m obs_s=11.08 ego_s=8.04 side=RIGHT | left_clearance=-0.21 right_clearance=0.28 candidate_valid=false rung=- | cache_used=true path_age=0.072 path_points=86 planning_time_ms=13.7 | reason=obstacle_clearance
1786949184.088 [STATIC_AVOID] obs_id=7 obs_dist=3.05m obs_s=11.08 ego_s=8.02 side=RIGHT | left_clearance=-0.21 right_clearance=0.29 candidate_valid=true rung=0 | cache_used=false path_age=0.000 path_points=86 planning_time_ms=3.5
1786949184.608 [STATIC_AVOID] obs_id=7 obs_dist=3.06m obs_s=11.08 ego_s=8.02 side=RIGHT | left_clearance=-0.21 right_clearance=0.29 candidate_valid=true rung=0 | cache_used=false path_age=0.000 path_points=86 planning_time_ms=5.9
1786949185.122 [STATIC_AVOID] obs_id=8 obs_dist=1.57m obs_s=9.62 ego_s=8.04 side=RIGHT | left_clearance=-0.17 right_clearance=0.35 candidate_valid=true rung=0 | cache_used=false path_age=0.000 path_points=81 planning_time_ms=14.3
1786949185.652 [STATIC_AVOID] obs_id=9 obs_dist=2.53m obs_s=10.51 ego_s=7.98 side=LEFT | left_clearance=0.45 right_clearance=-0.39 candidate_valid=true rung=0 | cache_used=false path_age=0.000 path_points=81 planning_time_ms=15.7
1786949186.195 [STATIC_AVOID] obs_id=- obs_dist=-m obs_s=- ego_s=7.96 side=- | left_clearance=- right_clearance=- candidate_valid=false rung=- | cache_used=false path_age=- path_points=0 planning_time_ms=0.1 | reason=no_static_obstacle_in_range | cache_reason=no_cache
1786949186.743 [STATIC_AVOID] obs_id=- obs_dist=-m obs_s=- ego_s=7.97 side=- | left_clearance=- right_clearance=- candidate_valid=false rung=- | cache_used=false path_age=- path_points=0 planning_time_ms=0.1 | reason=no_static_obstacle_in_range | cache_reason=no_cache
1786949187.286 [STATIC_AVOID] obs_id=- obs_dist=-m obs_s=- ego_s=7.92 side=- | left_clearance=- right_clearance=- candidate_valid=false rung=- | cache_used=false path_age=- path_points=0 planning_time_ms=0.1 | reason=no_static_obstacle_in_range | cache_reason=no_cache
1786949187.809 [STATIC_AVOID] obs_id=14 obs_dist=3.06m obs_s=11.02 ego_s=7.96 side=RIGHT | left_clearance=-0.25 right_clearance=0.32 candidate_valid=true rung=0 | cache_used=false path_age=0.000 path_points=86 planning_time_ms=13.3
1786949188.353 [STATIC_AVOID] obs_id=14 obs_dist=3.04m obs_s=11.02 ego_s=7.98 side=RIGHT | left_clearance=-0.24 right_clearance=0.33 candidate_valid=false rung=- | cache_used=true path_age=0.235 path_points=86 planning_time_ms=8.6 | reason=obstacle_clearance
1786949188.886 [STATIC_AVOID] obs_id=- obs_dist=-m obs_s=- ego_s=7.99 side=- | left_clearance=- right_clearance=- candidate_valid=false rung=- | cache_used=false path_age=- path_points=0 planning_time_ms=0.1 | reason=no_static_obstacle_in_range | cache_reason=no_cache
1786949189.394 [STATIC_AVOID] obs_id=- obs_dist=-m obs_s=- ego_s=7.96 side=- | left_clearance=- right_clearance=- candidate_valid=false rung=- | cache_used=false path_age=- path_points=0 planning_time_ms=0.1 | reason=no_static_obstacle_in_range | cache_reason=no_cache
1786949189.941 [STATIC_AVOID] obs_id=- obs_dist=-m obs_s=- ego_s=7.96 side=- | left_clearance=- right_clearance=- candidate_valid=false rung=- | cache_used=false path_age=- path_points=0 planning_time_ms=0.1 | reason=no_static_obstacle_in_range | cache_reason=no_cache
1786949190.454 [STATIC_AVOID] obs_id=- obs_dist=-m obs_s=- ego_s=7.94 side=- | left_clearance=- right_clearance=- candidate_valid=false rung=- | cache_used=false path_age=- path_points=0 planning_time_ms=0.1 | reason=no_static_obstacle_in_range | cache_reason=no_cache
1786949190.997 [STATIC_AVOID] obs_id=- obs_dist=-m obs_s=- ego_s=7.90 side=- | left_clearance=- right_clearance=- candidate_valid=false rung=- | cache_used=false path_age=- path_points=0 planning_time_ms=0.1 | reason=no_static_obstacle_in_range | cache_reason=no_cache
1786949191.561 [STATIC_AVOID] obs_id=18 obs_dist=2.83m obs_s=11.04 ego_s=8.21 side=RIGHT | left_clearance=-0.24 right_clearance=0.31 candidate_valid=false rung=- | cache_used=true path_age=0.209 path_points=86 planning_time_ms=17.1 | reason=obstacle_clearance
1786949192.084 [STATIC_AVOID] obs_id=- obs_dist=-m obs_s=- ego_s=8.02 side=- | left_clearance=- right_clearance=- candidate_valid=false rung=- | cache_used=false path_age=- path_points=0 planning_time_ms=0.1 | reason=no_static_obstacle_in_range | cache_reason=no_cache
1786949192.592 [STATIC_AVOID] obs_id=- obs_dist=-m obs_s=- ego_s=7.78 side=- | left_clearance=- right_clearance=- candidate_valid=false rung=- | cache_used=false path_age=- path_points=0 planning_time_ms=0.1 | reason=no_static_obstacle_in_range | cache_reason=no_cache
1786949193.109 [STATIC_AVOID] obs_id=20 obs_dist=0.37m obs_s=8.08 ego_s=7.71 side=LEFT | left_clearance=0.34 right_clearance=0.31 candidate_valid=true rung=0 | cache_used=false path_age=0.000 path_points=81 planning_time_ms=5.0
1786949193.650 [STATIC_AVOID] obs_id=20 obs_dist=0.25m obs_s=7.96 ego_s=7.71 side=LEFT | left_clearance=0.36 right_clearance=0.37 candidate_valid=true rung=0 | cache_used=false path_age=0.000 path_points=81 planning_time_ms=8.2
1786949194.188 [STATIC_AVOID] obs_id=20 obs_dist=0.08m obs_s=7.91 ego_s=7.83 side=LEFT | left_clearance=0.26 right_clearance=0.32 candidate_valid=false rung=- | cache_used=false path_age=- path_points=0 planning_time_ms=4.0 | reason=obstacle_clearance | cache_reason=cache_collision
1786949194.743 [STATIC_AVOID] obs_id=20 obs_dist=-0.44m obs_s=7.93 ego_s=8.37 side=RIGHT | left_clearance=0.01 right_clearance=0.35 candidate_valid=false rung=- | cache_used=true path_age=0.124 path_points=81 planning_time_ms=20.0 | reason=map_occupied
1786949195.284 [STATIC_AVOID] obs_id=- obs_dist=-m obs_s=- ego_s=9.02 side=- | left_clearance=- right_clearance=- candidate_valid=false rung=- | cache_used=false path_age=- path_points=0 planning_time_ms=0.1 | reason=no_static_obstacle_in_range | cache_reason=no_cache
1786949195.789 [STATIC_AVOID] obs_id=- obs_dist=-m obs_s=- ego_s=9.46 side=- | left_clearance=- right_clearance=- candidate_valid=false rung=- | cache_used=false path_age=- path_points=0 planning_time_ms=0.1 | reason=no_static_obstacle_in_range | cache_reason=no_cache
1786949196.314 [STATIC_AVOID] obs_id=- obs_dist=-m obs_s=- ego_s=9.09 side=- | left_clearance=- right_clearance=- candidate_valid=false rung=- | cache_used=false path_age=- path_points=0 planning_time_ms=0.1 | reason=no_static_obstacle_in_range | cache_reason=no_cache
1786949196.850 [STATIC_AVOID] obs_id=- obs_dist=-m obs_s=- ego_s=9.96 side=- | left_clearance=- right_clearance=- candidate_valid=false rung=- | cache_used=false path_age=- path_points=0 planning_time_ms=0.1 | reason=no_static_obstacle_in_range | cache_reason=no_cache
1786949197.388 [STATIC_AVOID] obs_id=- obs_dist=-m obs_s=- ego_s=9.78 side=- | left_clearance=- right_clearance=- candidate_valid=false rung=- | cache_used=false path_age=- path_points=0 planning_time_ms=0.1 | reason=no_static_obstacle_in_range | cache_reason=no_cache
1786949197.942 [STATIC_AVOID] obs_id=- obs_dist=-m obs_s=- ego_s=9.80 side=- | left_clearance=- right_clearance=- candidate_valid=false rung=- | cache_used=false path_age=- path_points=0 planning_time_ms=1.1 | reason=no_static_obstacle_in_range | cache_reason=no_cache
1786949198.456 [STATIC_AVOID] obs_id=- obs_dist=-m obs_s=- ego_s=10.82 side=- | left_clearance=- right_clearance=- candidate_valid=false rung=- | cache_used=false path_age=- path_points=0 planning_time_ms=0.1 | reason=no_static_obstacle_in_range | cache_reason=no_cache
1786949198.956 [STATIC_AVOID] obs_id=30 obs_dist=1.37m obs_s=12.65 ego_s=11.28 side=- | left_clearance=-0.17 right_clearance=0.35 candidate_valid=false rung=- | cache_used=false path_age=- path_points=0 planning_time_ms=13.7 | reason=map_occupied | cache_reason=no_cache
1786949199.489 [STATIC_AVOID] obs_id=30 obs_dist=1.36m obs_s=12.64 ego_s=11.28 side=- | left_clearance=-0.25 right_clearance=0.26 candidate_valid=false rung=- | cache_used=false path_age=- path_points=0 planning_time_ms=3.6 | reason=map_occupied | cache_reason=no_cache
1786949199.993 [STATIC_AVOID] obs_id=30 obs_dist=1.27m obs_s=12.62 ego_s=11.34 side=- | left_clearance=-0.26 right_clearance=0.22 candidate_valid=false rung=- | cache_used=false path_age=- path_points=0 planning_time_ms=3.9 | reason=map_occupied | cache_reason=no_cache
1786949200.496 [STATIC_AVOID] obs_id=- obs_dist=-m obs_s=- ego_s=12.15 side=- | left_clearance=- right_clearance=- candidate_valid=false rung=- | cache_used=false path_age=- path_points=0 planning_time_ms=0.2 | reason=no_static_obstacle_in_range | cache_reason=no_cache
1786949200.998 [STATIC_AVOID] obs_id=32 obs_dist=0.68m obs_s=12.94 ego_s=12.26 side=- | left_clearance=0.17 right_clearance=-0.18 candidate_valid=false rung=- | cache_used=false path_age=- path_points=0 planning_time_ms=13.5 | reason=obstacle_clearance | cache_reason=no_cache
1786949201.542 [STATIC_AVOID] obs_id=- obs_dist=-m obs_s=- ego_s=12.17 side=- | left_clearance=- right_clearance=- candidate_valid=false rung=- | cache_used=false path_age=- path_points=0 planning_time_ms=0.1 | reason=no_static_obstacle_in_range | cache_reason=no_cache
1786949202.085 [STATIC_AVOID] obs_id=- obs_dist=-m obs_s=- ego_s=12.24 side=- | left_clearance=- right_clearance=- candidate_valid=false rung=- | cache_used=false path_age=- path_points=0 planning_time_ms=0.1 | reason=no_static_obstacle_in_range | cache_reason=no_cache
1786949202.590 [STATIC_AVOID] obs_id=- obs_dist=-m obs_s=- ego_s=12.25 side=- | left_clearance=- right_clearance=- candidate_valid=false rung=- | cache_used=false path_age=- path_points=0 planning_time_ms=0.1 | reason=no_static_obstacle_in_range | cache_reason=no_cache
1786949203.134 [STATIC_AVOID] obs_id=- obs_dist=-m obs_s=- ego_s=12.25 side=- | left_clearance=- right_clearance=- candidate_valid=false rung=- | cache_used=false path_age=- path_points=0 planning_time_ms=0.1 | reason=no_static_obstacle_in_range | cache_reason=no_cache
1786949203.650 [STATIC_AVOID] obs_id=- obs_dist=-m obs_s=- ego_s=12.20 side=- | left_clearance=- right_clearance=- candidate_valid=false rung=- | cache_used=false path_age=- path_points=0 planning_time_ms=0.1 | reason=no_static_obstacle_in_range | cache_reason=no_cache
1786949204.186 [STATIC_AVOID] obs_id=- obs_dist=-m obs_s=- ego_s=12.19 side=- | left_clearance=- right_clearance=- candidate_valid=false rung=- | cache_used=false path_age=- path_points=0 planning_time_ms=0.1 | reason=no_static_obstacle_in_range | cache_reason=no_cache
1786949204.686 [STATIC_AVOID] obs_id=- obs_dist=-m obs_s=- ego_s=12.20 side=- | left_clearance=- right_clearance=- candidate_valid=false rung=- | cache_used=false path_age=- path_points=0 planning_time_ms=0.1 | reason=no_static_obstacle_in_range | cache_reason=no_cache
1786949205.190 [STATIC_AVOID] obs_id=- obs_dist=-m obs_s=- ego_s=12.21 side=- | left_clearance=- right_clearance=- candidate_valid=false rung=- | cache_used=false path_age=- path_points=0 planning_time_ms=0.1 | reason=no_static_obstacle_in_range | cache_reason=no_cache
1786949205.738 [STATIC_AVOID] obs_id=- obs_dist=-m obs_s=- ego_s=12.24 side=- | left_clearance=- right_clearance=- candidate_valid=false rung=- | cache_used=false path_age=- path_points=0 planning_time_ms=0.1 | reason=no_static_obstacle_in_range | cache_reason=no_cache
1786949206.240 [STATIC_AVOID] obs_id=- obs_dist=-m obs_s=- ego_s=12.20 side=- | left_clearance=- right_clearance=- candidate_valid=false rung=- | cache_used=false path_age=- path_points=0 planning_time_ms=0.2 | reason=no_static_obstacle_in_range | cache_reason=no_cache
1786949206.741 [STATIC_AVOID] obs_id=- obs_dist=-m obs_s=- ego_s=12.21 side=- | left_clearance=- right_clearance=- candidate_valid=false rung=- | cache_used=false path_age=- path_points=0 planning_time_ms=0.1 | reason=no_static_obstacle_in_range | cache_reason=no_cache
1786949207.249 [STATIC_AVOID] obs_id=- obs_dist=-m obs_s=- ego_s=12.26 side=- | left_clearance=- right_clearance=- candidate_valid=false rung=- | cache_used=false path_age=- path_points=0 planning_time_ms=0.1 | reason=no_static_obstacle_in_range | cache_reason=no_cache
1786949207.784 [STATIC_AVOID] obs_id=- obs_dist=-m obs_s=- ego_s=16.38 side=- | left_clearance=- right_clearance=- candidate_valid=false rung=- | cache_used=false path_age=- path_points=0 planning_time_ms=0.1 | reason=no_static_obstacle_in_range | cache_reason=no_cache
1786949208.289 [STATIC_AVOID] obs_id=- obs_dist=-m obs_s=- ego_s=16.38 side=- | left_clearance=- right_clearance=- candidate_valid=false rung=- | cache_used=false path_age=- path_points=0 planning_time_ms=0.1 | reason=no_static_obstacle_in_range | cache_reason=no_cache
1786949208.802 [STATIC_AVOID] obs_id=- obs_dist=-m obs_s=- ego_s=16.38 side=- | left_clearance=- right_clearance=- candidate_valid=false rung=- | cache_used=false path_age=- path_points=0 planning_time_ms=0.1 | reason=no_static_obstacle_in_range | cache_reason=no_cache
1786949209.342 [STATIC_AVOID] obs_id=- obs_dist=-m obs_s=- ego_s=16.38 side=- | left_clearance=- right_clearance=- candidate_valid=false rung=- | cache_used=false path_age=- path_points=0 planning_time_ms=0.1 | reason=no_static_obstacle_in_range | cache_reason=no_cache
1786949209.886 [STATIC_AVOID] obs_id=- obs_dist=-m obs_s=- ego_s=16.38 side=- | left_clearance=- right_clearance=- candidate_valid=false rung=- | cache_used=false path_age=- path_points=0 planning_time_ms=1.2 | reason=no_static_obstacle_in_range | cache_reason=no_cache
1786949210.389 [STATIC_AVOID] obs_id=- obs_dist=-m obs_s=- ego_s=16.38 side=- | left_clearance=- right_clearance=- candidate_valid=false rung=- | cache_used=false path_age=- path_points=0 planning_time_ms=0.1 | reason=no_static_obstacle_in_range | cache_reason=no_cache
1786949210.953 [STATIC_AVOID] obs_id=- obs_dist=-m obs_s=- ego_s=16.38 side=- | left_clearance=- right_clearance=- candidate_valid=false rung=- | cache_used=false path_age=- path_points=0 planning_time_ms=0.1 | reason=no_static_obstacle_in_range | cache_reason=no_cache
1786949211.495 [STATIC_AVOID] obs_id=- obs_dist=-m obs_s=- ego_s=16.38 side=- | left_clearance=- right_clearance=- candidate_valid=false rung=- | cache_used=false path_age=- path_points=0 planning_time_ms=3.3 | reason=no_static_obstacle_in_range | cache_reason=no_cache
1786949212.040 [STATIC_AVOID] obs_id=- obs_dist=-m obs_s=- ego_s=16.38 side=- | left_clearance=- right_clearance=- candidate_valid=false rung=- | cache_used=false path_age=- path_points=0 planning_time_ms=0.1 | reason=no_static_obstacle_in_range | cache_reason=no_cache
1786949212.550 [STATIC_AVOID] obs_id=- obs_dist=-m obs_s=- ego_s=16.38 side=- | left_clearance=- right_clearance=- candidate_valid=false rung=- | cache_used=false path_age=- path_points=0 planning_time_ms=0.1 | reason=no_static_obstacle_in_range | cache_reason=no_cache
1786949213.088 [STATIC_AVOID] obs_id=- obs_dist=-m obs_s=- ego_s=16.38 side=- | left_clearance=- right_clearance=- candidate_valid=false rung=- | cache_used=false path_age=- path_points=0 planning_time_ms=0.1 | reason=no_static_obstacle_in_range | cache_reason=no_cache
1786949213.644 [STATIC_AVOID] obs_id=- obs_dist=-m obs_s=- ego_s=16.38 side=- | left_clearance=- right_clearance=- candidate_valid=false rung=- | cache_used=false path_age=- path_points=0 planning_time_ms=0.1 | reason=no_static_obstacle_in_range | cache_reason=no_cache
1786949214.147 [STATIC_AVOID] obs_id=- obs_dist=-m obs_s=- ego_s=16.38 side=- | left_clearance=- right_clearance=- candidate_valid=false rung=- | cache_used=false path_age=- path_points=0 planning_time_ms=0.1 | reason=no_static_obstacle_in_range | cache_reason=no_cache
1786949214.699 [STATIC_AVOID] obs_id=- obs_dist=-m obs_s=- ego_s=16.38 side=- | left_clearance=- right_clearance=- candidate_valid=false rung=- | cache_used=false path_age=- path_points=0 planning_time_ms=0.1 | reason=no_static_obstacle_in_range | cache_reason=no_cache
1786949215.241 [STATIC_AVOID] obs_id=- obs_dist=-m obs_s=- ego_s=16.38 side=- | left_clearance=- right_clearance=- candidate_valid=false rung=- | cache_used=false path_age=- path_points=0 planning_time_ms=0.1 | reason=no_static_obstacle_in_range | cache_reason=no_cache
1786949215.797 [STATIC_AVOID] obs_id=- obs_dist=-m obs_s=- ego_s=16.38 side=- | left_clearance=- right_clearance=- candidate_valid=false rung=- | cache_used=false path_age=- path_points=0 planning_time_ms=0.1 | reason=no_static_obstacle_in_range | cache_reason=no_cache
1786949216.337 [STATIC_AVOID] obs_id=- obs_dist=-m obs_s=- ego_s=16.38 side=- | left_clearance=- right_clearance=- candidate_valid=false rung=- | cache_used=false path_age=- path_points=0 planning_time_ms=0.1 | reason=no_static_obstacle_in_range | cache_reason=no_cache
1786949216.844 [STATIC_AVOID] obs_id=- obs_dist=-m obs_s=- ego_s=16.38 side=- | left_clearance=- right_clearance=- candidate_valid=false rung=- | cache_used=false path_age=- path_points=0 planning_time_ms=0.2 | reason=no_static_obstacle_in_range | cache_reason=no_cache
1786949217.387 [STATIC_AVOID] obs_id=- obs_dist=-m obs_s=- ego_s=16.38 side=- | left_clearance=- right_clearance=- candidate_valid=false rung=- | cache_used=false path_age=- path_points=0 planning_time_ms=0.1 | reason=no_static_obstacle_in_range | cache_reason=no_cache
1786949217.895 [STATIC_AVOID] obs_id=- obs_dist=-m obs_s=- ego_s=16.38 side=- | left_clearance=- right_clearance=- candidate_valid=false rung=- | cache_used=false path_age=- path_points=0 planning_time_ms=0.1 | reason=no_static_obstacle_in_range | cache_reason=no_cache
1786949218.441 [STATIC_AVOID] obs_id=- obs_dist=-m obs_s=- ego_s=16.38 side=- | left_clearance=- right_clearance=- candidate_valid=false rung=- | cache_used=false path_age=- path_points=0 planning_time_ms=0.1 | reason=no_static_obstacle_in_range | cache_reason=no_cache
1786949218.994 [STATIC_AVOID] obs_id=- obs_dist=-m obs_s=- ego_s=16.38 side=- | left_clearance=- right_clearance=- candidate_valid=false rung=- | cache_used=false path_age=- path_points=0 planning_time_ms=0.1 | reason=no_static_obstacle_in_range | cache_reason=no_cache
1786949219.494 [STATIC_AVOID] obs_id=- obs_dist=-m obs_s=- ego_s=16.38 side=- | left_clearance=- right_clearance=- candidate_valid=false rung=- | cache_used=false path_age=- path_points=0 planning_time_ms=0.1 | reason=no_static_obstacle_in_range | cache_reason=no_cache
1786949220.042 [STATIC_AVOID] obs_id=- obs_dist=-m obs_s=- ego_s=16.38 side=- | left_clearance=- right_clearance=- candidate_valid=false rung=- | cache_used=false path_age=- path_points=0 planning_time_ms=0.1 | reason=no_static_obstacle_in_range | cache_reason=no_cache
1786949220.590 [STATIC_AVOID] obs_id=- obs_dist=-m obs_s=- ego_s=16.38 side=- | left_clearance=- right_clearance=- candidate_valid=false rung=- | cache_used=false path_age=- path_points=0 planning_time_ms=0.1 | reason=no_static_obstacle_in_range | cache_reason=no_cache
1786949221.136 [STATIC_AVOID] obs_id=- obs_dist=-m obs_s=- ego_s=16.38 side=- | left_clearance=- right_clearance=- candidate_valid=false rung=- | cache_used=false path_age=- path_points=0 planning_time_ms=0.1 | reason=no_static_obstacle_in_range | cache_reason=no_cache
1786949221.656 [STATIC_AVOID] obs_id=- obs_dist=-m obs_s=- ego_s=16.38 side=- | left_clearance=- right_clearance=- candidate_valid=false rung=- | cache_used=false path_age=- path_points=0 planning_time_ms=0.1 | reason=no_static_obstacle_in_range | cache_reason=no_cache
1786949222.158 [STATIC_AVOID] obs_id=- obs_dist=-m obs_s=- ego_s=16.38 side=- | left_clearance=- right_clearance=- candidate_valid=false rung=- | cache_used=false path_age=- path_points=0 planning_time_ms=2.6 | reason=no_static_obstacle_in_range | cache_reason=no_cache
1786949222.687 [STATIC_AVOID] obs_id=- obs_dist=-m obs_s=- ego_s=16.38 side=- | left_clearance=- right_clearance=- candidate_valid=false rung=- | cache_used=false path_age=- path_points=0 planning_time_ms=0.1 | reason=no_static_obstacle_in_range | cache_reason=no_cache
1786949223.192 [STATIC_AVOID] obs_id=- obs_dist=-m obs_s=- ego_s=16.38 side=- | left_clearance=- right_clearance=- candidate_valid=false rung=- | cache_used=false path_age=- path_points=0 planning_time_ms=0.1 | reason=no_static_obstacle_in_range | cache_reason=no_cache
1786949223.737 [STATIC_AVOID] obs_id=- obs_dist=-m obs_s=- ego_s=16.38 side=- | left_clearance=- right_clearance=- candidate_valid=false rung=- | cache_used=false path_age=- path_points=0 planning_time_ms=0.1 | reason=no_static_obstacle_in_range | cache_reason=no_cache
1786949224.285 [STATIC_AVOID] obs_id=- obs_dist=-m obs_s=- ego_s=16.38 side=- | left_clearance=- right_clearance=- candidate_valid=false rung=- | cache_used=false path_age=- path_points=0 planning_time_ms=0.1 | reason=no_static_obstacle_in_range | cache_reason=no_cache
1786949224.809 [STATIC_AVOID] obs_id=- obs_dist=-m obs_s=- ego_s=16.38 side=- | left_clearance=- right_clearance=- candidate_valid=false rung=- | cache_used=false path_age=- path_points=0 planning_time_ms=0.1 | reason=no_static_obstacle_in_range | cache_reason=no_cache
1786949225.344 [STATIC_AVOID] obs_id=- obs_dist=-m obs_s=- ego_s=16.38 side=- | left_clearance=- right_clearance=- candidate_valid=false rung=- | cache_used=false path_age=- path_points=0 planning_time_ms=0.1 | reason=no_static_obstacle_in_range | cache_reason=no_cache
1786949225.887 [STATIC_AVOID] obs_id=- obs_dist=-m obs_s=- ego_s=16.38 side=- | left_clearance=- right_clearance=- candidate_valid=false rung=- | cache_used=false path_age=- path_points=0 planning_time_ms=0.1 | reason=no_static_obstacle_in_range | cache_reason=no_cache
1786949226.434 [STATIC_AVOID] obs_id=- obs_dist=-m obs_s=- ego_s=16.38 side=- | left_clearance=- right_clearance=- candidate_valid=false rung=- | cache_used=false path_age=- path_points=0 planning_time_ms=0.1 | reason=no_static_obstacle_in_range | cache_reason=no_cache
1786949226.967 [STATIC_AVOID] obs_id=- obs_dist=-m obs_s=- ego_s=16.38 side=- | left_clearance=- right_clearance=- candidate_valid=false rung=- | cache_used=false path_age=- path_points=0 planning_time_ms=0.1 | reason=no_static_obstacle_in_range | cache_reason=no_cache
1786949227.488 [STATIC_AVOID] obs_id=- obs_dist=-m obs_s=- ego_s=16.38 side=- | left_clearance=- right_clearance=- candidate_valid=false rung=- | cache_used=false path_age=- path_points=0 planning_time_ms=0.1 | reason=no_static_obstacle_in_range | cache_reason=no_cache
1786949227.995 [STATIC_AVOID] obs_id=- obs_dist=-m obs_s=- ego_s=16.38 side=- | left_clearance=- right_clearance=- candidate_valid=false rung=- | cache_used=false path_age=- path_points=0 planning_time_ms=0.1 | reason=no_static_obstacle_in_range | cache_reason=no_cache
1786949228.506 [STATIC_AVOID] obs_id=- obs_dist=-m obs_s=- ego_s=16.38 side=- | left_clearance=- right_clearance=- candidate_valid=false rung=- | cache_used=false path_age=- path_points=0 planning_time_ms=9.7 | reason=no_static_obstacle_in_range | cache_reason=no_cache
1786949229.042 [STATIC_AVOID] obs_id=- obs_dist=-m obs_s=- ego_s=16.38 side=- | left_clearance=- right_clearance=- candidate_valid=false rung=- | cache_used=false path_age=- path_points=0 planning_time_ms=1.6 | reason=no_static_obstacle_in_range | cache_reason=no_cache
1786949229.542 [STATIC_AVOID] obs_id=- obs_dist=-m obs_s=- ego_s=16.38 side=- | left_clearance=- right_clearance=- candidate_valid=false rung=- | cache_used=false path_age=- path_points=0 planning_time_ms=0.1 | reason=no_static_obstacle_in_range | cache_reason=no_cache
1786949230.100 [STATIC_AVOID] obs_id=- obs_dist=-m obs_s=- ego_s=16.38 side=- | left_clearance=- right_clearance=- candidate_valid=false rung=- | cache_used=false path_age=- path_points=0 planning_time_ms=0.1 | reason=no_static_obstacle_in_range | cache_reason=no_cache
1786949230.638 [STATIC_AVOID] obs_id=- obs_dist=-m obs_s=- ego_s=16.40 side=- | left_clearance=- right_clearance=- candidate_valid=false rung=- | cache_used=false path_age=- path_points=0 planning_time_ms=0.1 | reason=no_static_obstacle_in_range | cache_reason=no_cache
1786949231.139 [STATIC_AVOID] obs_id=- obs_dist=-m obs_s=- ego_s=16.43 side=- | left_clearance=- right_clearance=- candidate_valid=false rung=- | cache_used=false path_age=- path_points=0 planning_time_ms=0.1 | reason=no_static_obstacle_in_range | cache_reason=no_cache
1786949231.686 [STATIC_AVOID] obs_id=- obs_dist=-m obs_s=- ego_s=16.38 side=- | left_clearance=- right_clearance=- candidate_valid=false rung=- | cache_used=false path_age=- path_points=0 planning_time_ms=0.1 | reason=no_static_obstacle_in_range | cache_reason=no_cache
1786949232.210 [STATIC_AVOID] obs_id=38 obs_dist=1.94m obs_s=18.32 ego_s=16.38 side=- | left_clearance=0.30 right_clearance=-0.33 candidate_valid=false rung=- | cache_used=false path_age=- path_points=0 planning_time_ms=14.0 | reason=track_too_narrow | cache_reason=no_cache
1786949232.740 [STATIC_AVOID] obs_id=- obs_dist=-m obs_s=- ego_s=16.38 side=- | left_clearance=- right_clearance=- candidate_valid=false rung=- | cache_used=false path_age=- path_points=0 planning_time_ms=0.1 | reason=no_static_obstacle_in_range | cache_reason=no_cache
1786949233.247 [STATIC_AVOID] obs_id=- obs_dist=-m obs_s=- ego_s=16.38 side=- | left_clearance=- right_clearance=- candidate_valid=false rung=- | cache_used=false path_age=- path_points=0 planning_time_ms=0.1 | reason=no_static_obstacle_in_range | cache_reason=no_cache
1786949233.801 [STATIC_AVOID] obs_id=- obs_dist=-m obs_s=- ego_s=16.38 side=- | left_clearance=- right_clearance=- candidate_valid=false rung=- | cache_used=false path_age=- path_points=0 planning_time_ms=0.1 | reason=no_static_obstacle_in_range | cache_reason=no_cache
1786949234.347 [STATIC_AVOID] obs_id=- obs_dist=-m obs_s=- ego_s=16.38 side=- | left_clearance=- right_clearance=- candidate_valid=false rung=- | cache_used=false path_age=- path_points=0 planning_time_ms=1.4 | reason=no_static_obstacle_in_range | cache_reason=no_cache
1786949234.893 [STATIC_AVOID] obs_id=- obs_dist=-m obs_s=- ego_s=16.38 side=- | left_clearance=- right_clearance=- candidate_valid=false rung=- | cache_used=false path_age=- path_points=0 planning_time_ms=0.1 | reason=no_static_obstacle_in_range | cache_reason=no_cache
1786949235.446 [STATIC_AVOID] obs_id=- obs_dist=-m obs_s=- ego_s=16.38 side=- | left_clearance=- right_clearance=- candidate_valid=false rung=- | cache_used=false path_age=- path_points=0 planning_time_ms=0.1 | reason=no_static_obstacle_in_range | cache_reason=no_cache
1786949235.991 [STATIC_AVOID] obs_id=- obs_dist=-m obs_s=- ego_s=16.38 side=- | left_clearance=- right_clearance=- candidate_valid=false rung=- | cache_used=false path_age=- path_points=0 planning_time_ms=0.1 | reason=no_static_obstacle_in_range | cache_reason=no_cache
1786949236.537 [STATIC_AVOID] obs_id=- obs_dist=-m obs_s=- ego_s=16.38 side=- | left_clearance=- right_clearance=- candidate_valid=false rung=- | cache_used=false path_age=- path_points=0 planning_time_ms=0.1 | reason=no_static_obstacle_in_range | cache_reason=no_cache
1786949237.089 [STATIC_AVOID] obs_id=- obs_dist=-m obs_s=- ego_s=16.38 side=- | left_clearance=- right_clearance=- candidate_valid=false rung=- | cache_used=false path_age=- path_points=0 planning_time_ms=0.1 | reason=no_static_obstacle_in_range | cache_reason=no_cache
1786949237.595 [STATIC_AVOID] obs_id=- obs_dist=-m obs_s=- ego_s=16.38 side=- | left_clearance=- right_clearance=- candidate_valid=false rung=- | cache_used=false path_age=- path_points=0 planning_time_ms=0.1 | reason=no_static_obstacle_in_range | cache_reason=no_cache
1786949238.138 [STATIC_AVOID] obs_id=- obs_dist=-m obs_s=- ego_s=16.38 side=- | left_clearance=- right_clearance=- candidate_valid=false rung=- | cache_used=false path_age=- path_points=0 planning_time_ms=0.1 | reason=no_static_obstacle_in_range | cache_reason=no_cache
1786949238.686 [STATIC_AVOID] obs_id=- obs_dist=-m obs_s=- ego_s=16.38 side=- | left_clearance=- right_clearance=- candidate_valid=false rung=- | cache_used=false path_age=- path_points=0 planning_time_ms=0.4 | reason=no_static_obstacle_in_range | cache_reason=no_cache
1786949239.188 [STATIC_AVOID] obs_id=- obs_dist=-m obs_s=- ego_s=16.38 side=- | left_clearance=- right_clearance=- candidate_valid=false rung=- | cache_used=false path_age=- path_points=0 planning_time_ms=0.1 | reason=no_static_obstacle_in_range | cache_reason=no_cache
1786949239.693 [STATIC_AVOID] obs_id=- obs_dist=-m obs_s=- ego_s=16.38 side=- | left_clearance=- right_clearance=- candidate_valid=false rung=- | cache_used=false path_age=- path_points=0 planning_time_ms=0.1 | reason=no_static_obstacle_in_range | cache_reason=no_cache
1786949240.205 [STATIC_AVOID] obs_id=- obs_dist=-m obs_s=- ego_s=16.38 side=- | left_clearance=- right_clearance=- candidate_valid=false rung=- | cache_used=false path_age=- path_points=0 planning_time_ms=0.1 | reason=no_static_obstacle_in_range | cache_reason=no_cache
1786949240.737 [STATIC_AVOID] obs_id=- obs_dist=-m obs_s=- ego_s=16.38 side=- | left_clearance=- right_clearance=- candidate_valid=false rung=- | cache_used=false path_age=- path_points=0 planning_time_ms=0.2 | reason=no_static_obstacle_in_range | cache_reason=no_cache
1786949241.244 [STATIC_AVOID] obs_id=- obs_dist=-m obs_s=- ego_s=16.38 side=- | left_clearance=- right_clearance=- candidate_valid=false rung=- | cache_used=false path_age=- path_points=0 planning_time_ms=0.1 | reason=no_static_obstacle_in_range | cache_reason=no_cache
1786949241.791 [STATIC_AVOID] obs_id=- obs_dist=-m obs_s=- ego_s=16.38 side=- | left_clearance=- right_clearance=- candidate_valid=false rung=- | cache_used=false path_age=- path_points=0 planning_time_ms=0.1 | reason=no_static_obstacle_in_range | cache_reason=no_cache
1786949242.334 [STATIC_AVOID] obs_id=- obs_dist=-m obs_s=- ego_s=16.41 side=- | left_clearance=- right_clearance=- candidate_valid=false rung=- | cache_used=false path_age=- path_points=0 planning_time_ms=0.1 | reason=no_static_obstacle_in_range | cache_reason=no_cache
1786949242.864 [STATIC_AVOID] obs_id=- obs_dist=-m obs_s=- ego_s=16.39 side=- | left_clearance=- right_clearance=- candidate_valid=false rung=- | cache_used=false path_age=- path_points=0 planning_time_ms=0.1 | reason=no_static_obstacle_in_range | cache_reason=no_cache
1786949243.387 [STATIC_AVOID] obs_id=- obs_dist=-m obs_s=- ego_s=16.38 side=- | left_clearance=- right_clearance=- candidate_valid=false rung=- | cache_used=false path_age=- path_points=0 planning_time_ms=0.1 | reason=no_static_obstacle_in_range | cache_reason=no_cache
1786949243.941 [STATIC_AVOID] obs_id=- obs_dist=-m obs_s=- ego_s=16.38 side=- | left_clearance=- right_clearance=- candidate_valid=false rung=- | cache_used=false path_age=- path_points=0 planning_time_ms=0.1 | reason=no_static_obstacle_in_range | cache_reason=no_cache
1786949244.485 [STATIC_AVOID] obs_id=- obs_dist=-m obs_s=- ego_s=16.38 side=- | left_clearance=- right_clearance=- candidate_valid=false rung=- | cache_used=false path_age=- path_points=0 planning_time_ms=0.1 | reason=no_static_obstacle_in_range | cache_reason=no_cache
1786949245.037 [STATIC_AVOID] obs_id=- obs_dist=-m obs_s=- ego_s=16.38 side=- | left_clearance=- right_clearance=- candidate_valid=false rung=- | cache_used=false path_age=- path_points=0 planning_time_ms=0.1 | reason=no_static_obstacle_in_range | cache_reason=no_cache
1786949245.543 [STATIC_AVOID] obs_id=- obs_dist=-m obs_s=- ego_s=16.38 side=- | left_clearance=- right_clearance=- candidate_valid=false rung=- | cache_used=false path_age=- path_points=0 planning_time_ms=0.1 | reason=no_static_obstacle_in_range | cache_reason=no_cache
1786949246.086 [STATIC_AVOID] obs_id=- obs_dist=-m obs_s=- ego_s=16.39 side=- | left_clearance=- right_clearance=- candidate_valid=false rung=- | cache_used=false path_age=- path_points=0 planning_time_ms=0.1 | reason=no_static_obstacle_in_range | cache_reason=no_cache
1786949246.589 [STATIC_AVOID] obs_id=- obs_dist=-m obs_s=- ego_s=16.39 side=- | left_clearance=- right_clearance=- candidate_valid=false rung=- | cache_used=false path_age=- path_points=0 planning_time_ms=0.1 | reason=no_static_obstacle_in_range | cache_reason=no_cache
1786949247.146 [STATIC_AVOID] obs_id=- obs_dist=-m obs_s=- ego_s=16.40 side=- | left_clearance=- right_clearance=- candidate_valid=false rung=- | cache_used=false path_age=- path_points=0 planning_time_ms=0.1 | reason=no_static_obstacle_in_range | cache_reason=no_cache
1786949247.693 [STATIC_AVOID] obs_id=- obs_dist=-m obs_s=- ego_s=16.40 side=- | left_clearance=- right_clearance=- candidate_valid=false rung=- | cache_used=false path_age=- path_points=0 planning_time_ms=0.1 | reason=no_static_obstacle_in_range | cache_reason=no_cache
1786949248.199 [STATIC_AVOID] obs_id=48 obs_dist=0.61m obs_s=17.02 ego_s=16.41 side=RIGHT | left_clearance=0.18 right_clearance=-0.12 candidate_valid=true rung=1 | cache_used=false path_age=0.000 path_points=81 planning_time_ms=10.5
1786949248.737 [STATIC_AVOID] obs_id=- obs_dist=-m obs_s=- ego_s=16.40 side=- | left_clearance=- right_clearance=- candidate_valid=false rung=- | cache_used=false path_age=- path_points=0 planning_time_ms=0.1 | reason=no_static_obstacle_in_range | cache_reason=no_cache
1786949249.239 [STATIC_AVOID] obs_id=- obs_dist=-m obs_s=- ego_s=16.40 side=- | left_clearance=- right_clearance=- candidate_valid=false rung=- | cache_used=false path_age=- path_points=0 planning_time_ms=0.1 | reason=no_static_obstacle_in_range | cache_reason=no_cache
1786949249.797 [STATIC_AVOID] obs_id=- obs_dist=-m obs_s=- ego_s=16.40 side=- | left_clearance=- right_clearance=- candidate_valid=false rung=- | cache_used=false path_age=- path_points=0 planning_time_ms=0.1 | reason=no_static_obstacle_in_range | cache_reason=no_cache
1786949250.334 [STATIC_AVOID] obs_id=- obs_dist=-m obs_s=- ego_s=16.39 side=- | left_clearance=- right_clearance=- candidate_valid=false rung=- | cache_used=false path_age=- path_points=0 planning_time_ms=0.1 | reason=no_static_obstacle_in_range | cache_reason=no_cache
1786949250.850 [STATIC_AVOID] obs_id=48 obs_dist=1.84m obs_s=18.22 ego_s=16.38 side=- | left_clearance=-0.20 right_clearance=0.23 candidate_valid=false rung=- | cache_used=false path_age=- path_points=0 planning_time_ms=8.2 | reason=map_occupied | cache_reason=no_cache
1786949251.374 [STATIC_AVOID] obs_id=48 obs_dist=1.84m obs_s=18.22 ego_s=16.38 side=- | left_clearance=-0.20 right_clearance=0.22 candidate_valid=false rung=- | cache_used=false path_age=- path_points=0 planning_time_ms=25.5 | reason=map_occupied | cache_reason=no_cache
