# state_machine debug log started 20260816_144006  map='0815test3'
1786858813.773 [OBSTACLES] cur_s=6.75 cur_d=0.23 vs=0.00 n=0 [none]
1786858813.773 [STATE_CHANGE] None -> GB_TRACK src=GB_TRACK s=6.75 d=0.23 vs=0.00
1786858814.354 [OBSTACLES] cur_s=6.78 cur_d=0.23 vs=0.00 n=0 [none]
1786858814.918 [OBSTACLES] cur_s=6.77 cur_d=0.23 vs=0.00 n=0 [none]
1786858815.477 [OBSTACLES] cur_s=6.77 cur_d=0.23 vs=0.00 n=0 [none]
1786858815.998 [OBSTACLES] cur_s=6.78 cur_d=0.23 vs=0.00 n=0 [none]
1786858816.627 [OBSTACLES] cur_s=6.79 cur_d=0.23 vs=0.00 n=0 [none]
1786858817.145 [OBSTACLES] cur_s=6.79 cur_d=0.23 vs=0.00 n=0 [none]
1786858817.705 [OBSTACLES] cur_s=6.79 cur_d=0.23 vs=0.00 n=0 [none]
1786858818.272 [OBSTACLES] cur_s=6.79 cur_d=0.23 vs=0.00 n=0 [none]
1786858818.828 [OBSTACLES] cur_s=6.78 cur_d=0.23 vs=0.00 n=0 [none]
1786858819.125 [STATIC_OT] state=GB_TRACK path_exists=1 path_locked=0 path_ttl_ok=1 path_safe=0 on_spline=1 speed=0.00 raw_wpnts=81 raw_age=0.66s decision=TRAILING reason=PATH_BLOCKED blocked_obs_id=6 gap=5.62m free_dist=-0.109m branch=static/geom
1786858819.125 [STATE_CHANGE] GB_TRACK -> TRAILING src=GB_TRACK s=6.75 d=0.23 vs=0.00
1786858819.358 [OBSTACLES] cur_s=6.74 cur_d=0.23 vs=0.00 n=1 [id=6 static=1 gap=5.49m d=0.18 size=0.24]
1786858819.366 [STATIC_OT] state=TRAILING path_exists=1 path_locked=0 path_ttl_ok=1 path_safe=0 on_spline=1 speed=0.00 raw_wpnts=81 raw_age=0.59s decision=TRAILING reason=PATH_BLOCKED blocked_obs_id=6 gap=5.61m free_dist=-0.086m branch=static/geom
1786858819.567 [STATIC_OT] state=TRAILING path_exists=1 path_locked=0 path_ttl_ok=1 path_safe=0 on_spline=1 speed=0.00 raw_wpnts=81 raw_age=0.68s decision=TRAILING reason=PATH_BLOCKED blocked_obs_id=6 gap=5.6m free_dist=-0.123m branch=static/geom
1786858819.879 [OBSTACLES] cur_s=6.76 cur_d=0.23 vs=0.00 n=0 [none]
1786858819.889 [STATE_CHANGE] TRAILING -> LOSTLINE src=GB_TRACK s=6.76 d=0.23 vs=0.00
1786858820.350 [STATE_CHANGE] LOSTLINE -> GB_TRACK src=GB_TRACK s=6.77 d=0.22 vs=0.00
1786858820.526 [OBSTACLES] cur_s=6.76 cur_d=0.22 vs=0.00 n=0 [none]
1786858820.889 [STATIC_OT] state=GB_TRACK path_exists=1 path_locked=0 path_ttl_ok=1 path_safe=0 on_spline=1 speed=0.00 raw_wpnts=81 raw_age=0.77s decision=TRAILING reason=PATH_BLOCKED blocked_obs_id=7 gap=5.63m free_dist=-0.19m branch=static/geom
1786858820.897 [STATE_CHANGE] GB_TRACK -> TRAILING src=GB_TRACK s=6.78 d=0.22 vs=0.00
1786858821.032 [OBSTACLES] cur_s=6.78 cur_d=0.22 vs=0.00 n=1 [id=7 static=1 gap=5.49m d=0.14 size=0.27]
1786858821.177 [STATIC_OT] state=TRAILING path_exists=1 path_locked=0 path_ttl_ok=1 path_safe=0 on_spline=1 speed=0.00 raw_wpnts=81 raw_age=0.82s decision=TRAILING reason=PATH_BLOCKED blocked_obs_id=7 gap=5.63m free_dist=-0.138m branch=static/geom
1786858821.349 [STATE_CHANGE] TRAILING -> LOSTLINE src=GB_TRACK s=6.78 d=0.22 vs=0.00
1786858821.468 [STATE_CHANGE] LOSTLINE -> GB_TRACK src=GB_TRACK s=6.78 d=0.22 vs=0.00
1786858821.635 [OBSTACLES] cur_s=6.79 cur_d=0.22 vs=0.00 n=0 [none]
1786858822.143 [OBSTACLES] cur_s=6.78 cur_d=0.22 vs=0.00 n=0 [none]
1786858823.747 [OBSTACLES] cur_s=6.69 cur_d=0.22 vs=0.00 n=0 [none]
1786858825.107 [OBSTACLES] cur_s=6.70 cur_d=0.23 vs=0.00 n=0 [none]
1786858826.145 [OBSTACLES] cur_s=6.69 cur_d=0.22 vs=0.00 n=0 [none]
1786858827.216 [OBSTACLES] cur_s=6.70 cur_d=0.23 vs=0.00 n=0 [none]
1786858827.746 [OBSTACLES] cur_s=6.70 cur_d=0.23 vs=0.00 n=0 [none]
1786858828.268 [OBSTACLES] cur_s=6.71 cur_d=0.23 vs=0.00 n=0 [none]
1786858828.838 [OBSTACLES] cur_s=6.70 cur_d=0.23 vs=0.00 n=0 [none]
1786858829.358 [OBSTACLES] cur_s=6.69 cur_d=0.23 vs=0.00 n=0 [none]
1786858829.960 [OBSTACLES] cur_s=6.68 cur_d=0.23 vs=0.00 n=0 [none]
1786858830.490 [OBSTACLES] cur_s=6.68 cur_d=0.23 vs=0.00 n=0 [none]
1786858831.106 [OBSTACLES] cur_s=6.68 cur_d=0.23 vs=0.00 n=0 [none]
1786858831.839 [OBSTACLES] cur_s=6.68 cur_d=0.23 vs=0.00 n=0 [none]
1786858832.406 [OBSTACLES] cur_s=6.68 cur_d=0.23 vs=0.00 n=0 [none]
1786858833.021 [OBSTACLES] cur_s=6.69 cur_d=0.23 vs=0.00 n=0 [none]
1786858833.528 [OBSTACLES] cur_s=6.69 cur_d=0.23 vs=0.00 n=0 [none]
1786858834.117 [OBSTACLES] cur_s=6.69 cur_d=0.23 vs=0.00 n=0 [none]
1786858834.644 [OBSTACLES] cur_s=6.68 cur_d=0.23 vs=0.00 n=0 [none]
1786858835.329 [OBSTACLES] cur_s=6.68 cur_d=0.23 vs=0.00 n=0 [none]
1786858835.855 [OBSTACLES] cur_s=6.68 cur_d=0.23 vs=0.00 n=0 [none]
1786858836.523 [OBSTACLES] cur_s=6.88 cur_d=0.36 vs=0.00 n=0 [none]
1786858836.541 [STATE_CHANGE] GB_TRACK -> LOSTLINE src=GB_TRACK s=6.88 d=0.36 vs=0.00
1786858837.043 [OBSTACLES] cur_s=6.89 cur_d=0.36 vs=0.00 n=0 [none]
1786858837.309 [STATE_CHANGE] LOSTLINE -> RECOVERY src=RECOVERY s=6.91 d=0.37 vs=0.17
1786858837.583 [OBSTACLES] cur_s=6.92 cur_d=0.36 vs=0.10 n=0 [none]
1786858838.116 [OBSTACLES] cur_s=7.00 cur_d=0.36 vs=0.00 n=0 [none]
1786858841.413 [OBSTACLES] cur_s=6.98 cur_d=0.31 vs=-0.27 n=0 [none]
1786858841.943 [OBSTACLES] cur_s=7.00 cur_d=0.34 vs=0.00 n=0 [none]
1786858842.450 [OBSTACLES] cur_s=6.98 cur_d=0.36 vs=0.00 n=0 [none]
1786858842.994 [OBSTACLES] cur_s=6.85 cur_d=0.36 vs=0.00 n=0 [none]
1786858843.508 [OBSTACLES] cur_s=6.85 cur_d=0.36 vs=0.00 n=0 [none]
1786858844.010 [OBSTACLES] cur_s=6.85 cur_d=0.36 vs=0.00 n=0 [none]
1786858844.544 [OBSTACLES] cur_s=6.85 cur_d=0.36 vs=0.00 n=0 [none]
1786858845.062 [OBSTACLES] cur_s=6.85 cur_d=0.36 vs=0.00 n=0 [none]
1786858845.578 [OBSTACLES] cur_s=6.85 cur_d=0.36 vs=0.00 n=0 [none]
1786858846.123 [OBSTACLES] cur_s=6.85 cur_d=0.36 vs=0.00 n=0 [none]
1786858846.662 [OBSTACLES] cur_s=6.85 cur_d=0.36 vs=0.00 n=0 [none]
1786858847.256 [OBSTACLES] cur_s=6.85 cur_d=0.36 vs=0.00 n=0 [none]
1786858847.259 [STATE_CHANGE] RECOVERY -> LOSTLINE src=GB_TRACK s=6.85 d=0.36 vs=0.00
1786858847.818 [OBSTACLES] cur_s=6.85 cur_d=0.36 vs=0.00 n=0 [none]
1786858848.425 [OBSTACLES] cur_s=6.85 cur_d=0.36 vs=0.00 n=0 [none]
1786858848.674 [STATE_CHANGE] LOSTLINE -> RECOVERY src=RECOVERY s=6.85 d=0.36 vs=0.00
1786858848.956 [OBSTACLES] cur_s=6.85 cur_d=0.36 vs=0.00 n=0 [none]
1786858849.461 [OBSTACLES] cur_s=6.85 cur_d=0.36 vs=0.00 n=0 [none]
1786858849.981 [OBSTACLES] cur_s=6.85 cur_d=0.36 vs=0.00 n=0 [none]
1786858850.505 [OBSTACLES] cur_s=6.85 cur_d=0.36 vs=0.00 n=0 [none]
1786858851.009 [OBSTACLES] cur_s=6.86 cur_d=0.36 vs=0.00 n=0 [none]
1786858851.520 [OBSTACLES] cur_s=6.86 cur_d=0.36 vs=0.00 n=0 [none]
1786858852.021 [OBSTACLES] cur_s=6.85 cur_d=0.36 vs=0.00 n=0 [none]
1786858852.536 [OBSTACLES] cur_s=6.85 cur_d=0.36 vs=0.00 n=0 [none]
1786858853.078 [OBSTACLES] cur_s=6.85 cur_d=0.36 vs=0.00 n=0 [none]
1786858853.652 [OBSTACLES] cur_s=6.85 cur_d=0.36 vs=0.00 n=0 [none]
1786858854.169 [OBSTACLES] cur_s=6.85 cur_d=0.36 vs=0.00 n=0 [none]
1786858854.711 [OBSTACLES] cur_s=6.86 cur_d=0.36 vs=0.00 n=0 [none]
1786858855.213 [OBSTACLES] cur_s=6.85 cur_d=0.36 vs=0.00 n=0 [none]
1786858855.715 [OBSTACLES] cur_s=6.85 cur_d=0.36 vs=0.00 n=0 [none]
1786858856.226 [OBSTACLES] cur_s=6.85 cur_d=0.36 vs=0.00 n=0 [none]
1786858856.748 [OBSTACLES] cur_s=6.85 cur_d=0.36 vs=0.00 n=0 [none]
1786858857.471 [OBSTACLES] cur_s=6.85 cur_d=0.36 vs=0.00 n=0 [none]
1786858857.974 [OBSTACLES] cur_s=6.85 cur_d=0.36 vs=0.00 n=0 [none]
1786858858.492 [OBSTACLES] cur_s=6.85 cur_d=0.36 vs=0.00 n=0 [none]
1786858858.646 [STATE_CHANGE] RECOVERY -> LOSTLINE src=GB_TRACK s=6.85 d=0.36 vs=0.00
1786858859.086 [OBSTACLES] cur_s=6.85 cur_d=0.36 vs=0.00 n=0 [none]
1786858859.647 [OBSTACLES] cur_s=14.55 cur_d=-1.20 vs=0.00 n=0 [none]
1786858860.182 [OBSTACLES] cur_s=14.13 cur_d=-1.27 vs=0.00 n=0 [none]
1786858860.687 [OBSTACLES] cur_s=14.11 cur_d=-1.32 vs=0.00 n=0 [none]
1786858861.230 [OBSTACLES] cur_s=14.10 cur_d=-1.32 vs=0.00 n=0 [none]
1786858861.909 [OBSTACLES] cur_s=14.10 cur_d=-1.32 vs=0.00 n=0 [none]
1786858862.436 [OBSTACLES] cur_s=14.10 cur_d=-1.32 vs=0.00 n=0 [none]
1786858862.961 [OBSTACLES] cur_s=14.10 cur_d=-1.31 vs=0.00 n=0 [none]
1786858863.486 [OBSTACLES] cur_s=17.31 cur_d=-0.30 vs=0.00 n=0 [none]
1786858863.526 [STATE_CHANGE] LOSTLINE -> GB_TRACK src=GB_TRACK s=17.32 d=-0.29 vs=0.00
1786858863.562 [STATE_CHANGE] GB_TRACK -> LOSTLINE src=GB_TRACK s=17.36 d=-0.29 vs=0.00
1786858863.615 [STATE_CHANGE] LOSTLINE -> RECOVERY src=RECOVERY s=17.37 d=-0.30 vs=0.00
1786858864.036 [OBSTACLES] cur_s=17.38 cur_d=-0.30 vs=0.00 n=0 [none]
1786858864.574 [OBSTACLES] cur_s=17.38 cur_d=-0.30 vs=0.00 n=0 [none]
1786858865.107 [OBSTACLES] cur_s=17.38 cur_d=-0.30 vs=0.00 n=0 [none]
1786858865.802 [OBSTACLES] cur_s=17.38 cur_d=-0.30 vs=0.00 n=0 [none]
1786858866.367 [OBSTACLES] cur_s=17.38 cur_d=-0.31 vs=0.00 n=0 [none]
1786858866.956 [OBSTACLES] cur_s=17.38 cur_d=-0.30 vs=0.00 n=0 [none]
1786858867.497 [OBSTACLES] cur_s=17.38 cur_d=-0.30 vs=0.00 n=0 [none]
1786858868.027 [OBSTACLES] cur_s=17.38 cur_d=-0.30 vs=0.00 n=0 [none]
1786858868.569 [OBSTACLES] cur_s=17.38 cur_d=-0.30 vs=0.00 n=0 [none]
1786858869.104 [OBSTACLES] cur_s=17.38 cur_d=-0.30 vs=0.00 n=0 [none]
1786858869.693 [OBSTACLES] cur_s=17.38 cur_d=-0.30 vs=0.00 n=0 [none]
1786858870.225 [OBSTACLES] cur_s=17.38 cur_d=-0.30 vs=0.00 n=0 [none]
1786858870.752 [OBSTACLES] cur_s=17.38 cur_d=-0.30 vs=0.00 n=0 [none]
1786858871.259 [OBSTACLES] cur_s=17.38 cur_d=-0.30 vs=0.00 n=0 [none]
1786858871.818 [OBSTACLES] cur_s=17.38 cur_d=-0.30 vs=0.00 n=0 [none]
1786858872.327 [OBSTACLES] cur_s=17.38 cur_d=-0.30 vs=0.00 n=0 [none]
1786858872.833 [OBSTACLES] cur_s=17.38 cur_d=-0.30 vs=0.00 n=0 [none]
1786858873.380 [OBSTACLES] cur_s=17.38 cur_d=-0.30 vs=0.00 n=0 [none]
1786858873.576 [STATE_CHANGE] RECOVERY -> LOSTLINE src=GB_TRACK s=17.38 d=-0.30 vs=0.00
1786858873.943 [OBSTACLES] cur_s=17.38 cur_d=-0.30 vs=0.00 n=0 [none]
1786858874.519 [OBSTACLES] cur_s=17.38 cur_d=-0.30 vs=0.00 n=0 [none]
1786858875.019 [OBSTACLES] cur_s=17.38 cur_d=-0.30 vs=0.00 n=0 [none]
1786858875.549 [OBSTACLES] cur_s=17.38 cur_d=-0.30 vs=0.00 n=0 [none]
1786858875.618 [STATE_CHANGE] LOSTLINE -> RECOVERY src=RECOVERY s=17.38 d=-0.30 vs=0.00
1786858876.060 [OBSTACLES] cur_s=17.38 cur_d=-0.30 vs=0.00 n=0 [none]
1786858876.591 [OBSTACLES] cur_s=17.38 cur_d=-0.30 vs=0.00 n=0 [none]
1786858877.097 [OBSTACLES] cur_s=17.38 cur_d=-0.30 vs=0.00 n=0 [none]
1786858877.629 [OBSTACLES] cur_s=17.38 cur_d=-0.30 vs=0.00 n=0 [none]
1786858878.149 [OBSTACLES] cur_s=17.38 cur_d=-0.30 vs=0.00 n=0 [none]
1786858878.669 [OBSTACLES] cur_s=17.38 cur_d=-0.30 vs=0.00 n=0 [none]
1786858879.198 [OBSTACLES] cur_s=17.38 cur_d=-0.30 vs=0.00 n=0 [none]
1786858879.738 [OBSTACLES] cur_s=17.38 cur_d=-0.30 vs=0.00 n=0 [none]
1786858880.255 [OBSTACLES] cur_s=17.38 cur_d=-0.30 vs=0.00 n=0 [none]
1786858880.846 [OBSTACLES] cur_s=17.38 cur_d=-0.30 vs=0.00 n=0 [none]
1786858881.351 [OBSTACLES] cur_s=17.38 cur_d=-0.30 vs=0.00 n=0 [none]
1786858881.855 [OBSTACLES] cur_s=17.38 cur_d=-0.30 vs=0.00 n=0 [none]
1786858882.390 [OBSTACLES] cur_s=17.38 cur_d=-0.30 vs=0.00 n=0 [none]
1786858882.892 [OBSTACLES] cur_s=17.38 cur_d=-0.30 vs=0.00 n=0 [none]
1786858883.399 [OBSTACLES] cur_s=17.38 cur_d=-0.30 vs=0.00 n=0 [none]
1786858883.926 [OBSTACLES] cur_s=17.38 cur_d=-0.30 vs=0.00 n=0 [none]
1786858884.449 [OBSTACLES] cur_s=17.38 cur_d=-0.30 vs=0.00 n=0 [none]
1786858884.996 [OBSTACLES] cur_s=17.38 cur_d=-0.30 vs=0.00 n=0 [none]
1786858885.536 [OBSTACLES] cur_s=17.38 cur_d=-0.30 vs=0.00 n=0 [none]
1786858885.600 [STATE_CHANGE] RECOVERY -> LOSTLINE src=GB_TRACK s=17.38 d=-0.30 vs=0.00
1786858886.053 [OBSTACLES] cur_s=17.38 cur_d=-0.30 vs=0.00 n=0 [none]
1786858886.114 [STATE_CHANGE] LOSTLINE -> RECOVERY src=RECOVERY s=17.38 d=-0.30 vs=0.00
1786858886.605 [OBSTACLES] cur_s=17.38 cur_d=-0.30 vs=0.00 n=0 [none]
1786858887.119 [OBSTACLES] cur_s=17.38 cur_d=-0.30 vs=0.00 n=0 [none]
1786858887.648 [OBSTACLES] cur_s=17.38 cur_d=-0.30 vs=0.00 n=0 [none]
1786858888.261 [OBSTACLES] cur_s=17.38 cur_d=-0.30 vs=0.00 n=0 [none]
1786858888.808 [OBSTACLES] cur_s=17.38 cur_d=-0.30 vs=0.00 n=0 [none]
1786858889.309 [OBSTACLES] cur_s=17.38 cur_d=-0.30 vs=0.00 n=0 [none]
1786858889.898 [OBSTACLES] cur_s=17.38 cur_d=-0.30 vs=0.00 n=0 [none]
1786858890.437 [OBSTACLES] cur_s=17.38 cur_d=-0.30 vs=0.00 n=0 [none]
1786858891.027 [OBSTACLES] cur_s=17.38 cur_d=-0.30 vs=0.00 n=0 [none]
1786858891.567 [OBSTACLES] cur_s=17.38 cur_d=-0.30 vs=0.00 n=0 [none]
1786858892.081 [OBSTACLES] cur_s=17.38 cur_d=-0.30 vs=0.00 n=0 [none]
1786858892.693 [OBSTACLES] cur_s=17.38 cur_d=-0.30 vs=0.00 n=0 [none]
1786858893.194 [OBSTACLES] cur_s=17.38 cur_d=-0.30 vs=0.00 n=0 [none]
1786858893.744 [OBSTACLES] cur_s=17.38 cur_d=-0.31 vs=0.00 n=0 [none]
1786858894.330 [OBSTACLES] cur_s=17.38 cur_d=-0.31 vs=0.00 n=0 [none]
1786858894.849 [OBSTACLES] cur_s=17.38 cur_d=-0.31 vs=0.00 n=0 [none]
1786858895.437 [OBSTACLES] cur_s=17.38 cur_d=-0.31 vs=0.00 n=0 [none]
1786858895.983 [OBSTACLES] cur_s=17.38 cur_d=-0.31 vs=0.00 n=0 [none]
1786858896.049 [STATE_CHANGE] RECOVERY -> LOSTLINE src=GB_TRACK s=17.38 d=-0.31 vs=0.00
1786858896.298 [STATE_CHANGE] LOSTLINE -> RECOVERY src=RECOVERY s=17.38 d=-0.31 vs=0.00
1786858896.519 [OBSTACLES] cur_s=17.38 cur_d=-0.31 vs=0.00 n=0 [none]
1786858897.107 [OBSTACLES] cur_s=17.38 cur_d=-0.31 vs=0.00 n=0 [none]
1786858897.691 [OBSTACLES] cur_s=17.38 cur_d=-0.31 vs=0.00 n=0 [none]
1786858898.194 [OBSTACLES] cur_s=17.38 cur_d=-0.31 vs=0.00 n=0 [none]
1786858898.771 [OBSTACLES] cur_s=17.38 cur_d=-0.31 vs=0.00 n=0 [none]
1786858899.318 [OBSTACLES] cur_s=17.38 cur_d=-0.31 vs=0.00 n=0 [none]
1786858899.842 [OBSTACLES] cur_s=17.38 cur_d=-0.31 vs=0.00 n=0 [none]
1786858900.366 [OBSTACLES] cur_s=17.38 cur_d=-0.31 vs=0.00 n=0 [none]
1786858900.919 [OBSTACLES] cur_s=17.38 cur_d=-0.31 vs=0.00 n=0 [none]
1786858901.486 [OBSTACLES] cur_s=17.38 cur_d=-0.31 vs=0.00 n=0 [none]
1786858902.027 [OBSTACLES] cur_s=17.38 cur_d=-0.31 vs=0.00 n=0 [none]
1786858902.541 [OBSTACLES] cur_s=17.38 cur_d=-0.31 vs=0.00 n=0 [none]
1786858903.141 [OBSTACLES] cur_s=17.38 cur_d=-0.31 vs=0.00 n=0 [none]
1786858903.808 [OBSTACLES] cur_s=17.38 cur_d=-0.31 vs=0.00 n=0 [none]
1786858904.348 [OBSTACLES] cur_s=17.38 cur_d=-0.31 vs=0.00 n=0 [none]
1786858904.851 [OBSTACLES] cur_s=17.38 cur_d=-0.31 vs=0.00 n=0 [none]
1786858905.392 [OBSTACLES] cur_s=17.38 cur_d=-0.31 vs=0.00 n=0 [none]
1786858905.963 [OBSTACLES] cur_s=17.38 cur_d=-0.31 vs=0.00 n=0 [none]
1786858906.244 [STATE_CHANGE] RECOVERY -> LOSTLINE src=GB_TRACK s=17.38 d=-0.31 vs=0.00
1786858906.499 [OBSTACLES] cur_s=17.38 cur_d=-0.31 vs=0.00 n=0 [none]
1786858907.027 [OBSTACLES] cur_s=17.38 cur_d=-0.31 vs=0.00 n=0 [none]
1786858907.536 [OBSTACLES] cur_s=17.38 cur_d=-0.31 vs=0.00 n=0 [none]
1786858908.094 [OBSTACLES] cur_s=17.38 cur_d=-0.31 vs=0.00 n=0 [none]
1786858908.611 [OBSTACLES] cur_s=17.38 cur_d=-0.31 vs=0.00 n=0 [none]
1786858908.996 [STATE_CHANGE] LOSTLINE -> RECOVERY src=RECOVERY s=17.38 d=-0.31 vs=0.00
1786858909.118 [OBSTACLES] cur_s=17.38 cur_d=-0.30 vs=0.00 n=0 [none]
1786858909.743 [OBSTACLES] cur_s=17.38 cur_d=-0.31 vs=0.00 n=0 [none]
1786858910.315 [OBSTACLES] cur_s=17.38 cur_d=-0.31 vs=0.00 n=0 [none]
1786858910.833 [OBSTACLES] cur_s=17.38 cur_d=-0.31 vs=0.00 n=0 [none]
1786858911.364 [OBSTACLES] cur_s=17.38 cur_d=-0.31 vs=0.00 n=0 [none]
1786858911.890 [OBSTACLES] cur_s=17.38 cur_d=-0.31 vs=0.00 n=0 [none]
1786858912.405 [OBSTACLES] cur_s=17.38 cur_d=-0.31 vs=0.00 n=0 [none]
1786858912.969 [OBSTACLES] cur_s=17.38 cur_d=-0.31 vs=0.00 n=0 [none]
1786858913.481 [OBSTACLES] cur_s=17.38 cur_d=-0.31 vs=0.00 n=0 [none]
1786858914.001 [OBSTACLES] cur_s=17.38 cur_d=-0.31 vs=0.00 n=0 [none]
1786858914.506 [OBSTACLES] cur_s=17.38 cur_d=-0.31 vs=0.00 n=0 [none]
1786858915.039 [OBSTACLES] cur_s=17.38 cur_d=-0.31 vs=0.00 n=0 [none]
1786858915.573 [OBSTACLES] cur_s=17.38 cur_d=-0.31 vs=0.00 n=0 [none]
1786858916.082 [OBSTACLES] cur_s=17.38 cur_d=-0.31 vs=0.00 n=0 [none]
1786858916.590 [OBSTACLES] cur_s=17.38 cur_d=-0.31 vs=0.00 n=0 [none]
1786858917.224 [OBSTACLES] cur_s=17.38 cur_d=-0.31 vs=0.00 n=0 [none]
1786858917.805 [OBSTACLES] cur_s=17.38 cur_d=-0.31 vs=0.00 n=0 [none]
1786858918.325 [OBSTACLES] cur_s=17.38 cur_d=-0.31 vs=0.00 n=0 [none]
1786858918.836 [OBSTACLES] cur_s=17.38 cur_d=-0.31 vs=0.00 n=0 [none]
1786858918.980 [STATE_CHANGE] RECOVERY -> LOSTLINE src=GB_TRACK s=17.38 d=-0.31 vs=0.00
1786858919.386 [OBSTACLES] cur_s=17.38 cur_d=-0.31 vs=0.00 n=0 [none]
1786858919.597 [STATE_CHANGE] LOSTLINE -> RECOVERY src=RECOVERY s=17.38 d=-0.31 vs=0.00
1786858919.913 [OBSTACLES] cur_s=17.38 cur_d=-0.31 vs=0.00 n=0 [none]
1786858920.411 [OBSTACLES] cur_s=17.38 cur_d=-0.30 vs=0.00 n=0 [none]
1786858920.924 [OBSTACLES] cur_s=17.38 cur_d=-0.31 vs=0.00 n=0 [none]
1786858921.360 [STATIC_OT] state=RECOVERY path_exists=0 path_locked=0 path_ttl_ok=0 path_safe=0 on_spline=0 speed=0.00 raw_wpnts=0 raw_age=-s decision=TRAILING reason=NO_STATIC_PATH
1786858921.365 [STATE_CHANGE] RECOVERY -> TRAILING src=RECOVERY s=17.38 d=-0.31 vs=0.00
1786858921.457 [OBSTACLES] cur_s=17.38 cur_d=-0.31 vs=0.00 n=1 [id=17 static=1 gap=0.63m d=-0.29 size=0.36]
1786858921.576 [STATIC_OT] state=TRAILING path_exists=0 path_locked=0 path_ttl_ok=0 path_safe=0 on_spline=0 speed=0.00 raw_wpnts=0 raw_age=-s decision=TRAILING reason=NO_STATIC_PATH
1786858921.659 [STATIC_OT_TRANSITION] first_valid_path_to_overtake_ms=0.0
1786858921.671 [STATE_CHANGE] TRAILING -> OVERTAKE src=OVERTAKE s=17.38 d=-0.31 vs=0.00
1786858922.025 [OBSTACLES] cur_s=17.37 cur_d=-0.30 vs=0.00 n=1 [id=17 static=1 gap=0.63m d=-0.31 size=0.31]
1786858922.532 [STATIC_OT] state=OVERTAKE path_exists=1 path_locked=1 path_ttl_ok=0 path_safe=0 on_spline=1 speed=0.00 raw_wpnts=0 raw_age=-s decision=TRAILING reason=NO_STATIC_PATH
1786858922.536 [STATE_CHANGE] OVERTAKE -> TRAILING src=GB_TRACK s=17.38 d=-0.30 vs=0.00
1786858922.635 [OBSTACLES] cur_s=17.37 cur_d=-0.30 vs=0.00 n=1 [id=18 static=1 gap=0.56m d=0.28 size=0.22]
1786858922.775 [STATIC_OT] state=TRAILING path_exists=0 path_locked=0 path_ttl_ok=0 path_safe=0 on_spline=0 speed=0.00 raw_wpnts=0 raw_age=-s decision=TRAILING reason=NO_STATIC_PATH
1786858922.921 [STATE_CHANGE] TRAILING -> OVERTAKE src=OVERTAKE s=17.38 d=-0.30 vs=0.00
1786858923.195 [OBSTACLES] cur_s=17.39 cur_d=-0.31 vs=0.00 n=1 [id=18 static=1 gap=0.52m d=0.29 size=0.23]
1786858923.697 [OBSTACLES] cur_s=17.38 cur_d=-0.31 vs=0.00 n=0 [none]
1786858924.247 [OBSTACLES] cur_s=17.38 cur_d=-0.31 vs=0.00 n=0 [none]
1786858924.812 [OBSTACLES] cur_s=17.38 cur_d=-0.31 vs=0.00 n=0 [none]
1786858925.341 [OBSTACLES] cur_s=17.38 cur_d=-0.31 vs=0.00 n=0 [none]
1786858925.905 [OBSTACLES] cur_s=17.38 cur_d=-0.31 vs=0.00 n=0 [none]
1786858926.453 [OBSTACLES] cur_s=17.38 cur_d=-0.31 vs=0.00 n=0 [none]
1786858926.972 [OBSTACLES] cur_s=17.38 cur_d=-0.31 vs=0.00 n=0 [none]
1786858927.522 [OBSTACLES] cur_s=17.38 cur_d=-0.31 vs=0.00 n=0 [none]
1786858928.053 [OBSTACLES] cur_s=17.38 cur_d=-0.31 vs=0.00 n=0 [none]
1786858928.633 [OBSTACLES] cur_s=17.38 cur_d=-0.31 vs=0.00 n=0 [none]
1786858929.155 [OBSTACLES] cur_s=17.38 cur_d=-0.31 vs=0.00 n=0 [none]
1786858929.688 [OBSTACLES] cur_s=17.38 cur_d=-0.31 vs=0.00 n=0 [none]
1786858930.212 [OBSTACLES] cur_s=17.38 cur_d=-0.31 vs=0.00 n=0 [none]
1786858930.794 [OBSTACLES] cur_s=17.38 cur_d=-0.31 vs=0.00 n=0 [none]
1786858931.332 [OBSTACLES] cur_s=17.38 cur_d=-0.31 vs=0.00 n=0 [none]
1786858931.838 [OBSTACLES] cur_s=17.38 cur_d=-0.31 vs=0.00 n=0 [none]
1786858932.398 [OBSTACLES] cur_s=17.38 cur_d=-0.31 vs=0.00 n=0 [none]
1786858932.400 [STATE_CHANGE] OVERTAKE -> LOSTLINE src=GB_TRACK s=17.38 d=-0.31 vs=0.00
1786858932.955 [OBSTACLES] cur_s=17.38 cur_d=-0.31 vs=0.00 n=0 [none]
1786858932.956 [STATE_CHANGE] LOSTLINE -> RECOVERY src=RECOVERY s=17.38 d=-0.31 vs=0.00
1786858933.531 [OBSTACLES] cur_s=17.38 cur_d=-0.32 vs=0.00 n=0 [none]
1786858934.034 [OBSTACLES] cur_s=17.38 cur_d=-0.31 vs=0.00 n=0 [none]
1786858934.622 [OBSTACLES] cur_s=17.38 cur_d=-0.31 vs=0.00 n=0 [none]
1786858935.218 [OBSTACLES] cur_s=17.38 cur_d=-0.31 vs=0.00 n=0 [none]
1786858935.740 [OBSTACLES] cur_s=17.38 cur_d=-0.31 vs=0.00 n=0 [none]
1786858936.318 [OBSTACLES] cur_s=17.38 cur_d=-0.31 vs=0.00 n=0 [none]
1786858936.889 [OBSTACLES] cur_s=17.38 cur_d=-0.31 vs=0.00 n=0 [none]
1786858937.393 [OBSTACLES] cur_s=17.38 cur_d=-0.31 vs=0.00 n=0 [none]
1786858937.929 [OBSTACLES] cur_s=17.38 cur_d=-0.31 vs=0.00 n=0 [none]
1786858938.461 [OBSTACLES] cur_s=17.38 cur_d=-0.31 vs=0.00 n=0 [none]
1786858939.012 [OBSTACLES] cur_s=17.38 cur_d=-0.31 vs=0.00 n=0 [none]
1786858939.549 [OBSTACLES] cur_s=17.38 cur_d=-0.31 vs=0.00 n=0 [none]
1786858940.101 [OBSTACLES] cur_s=17.38 cur_d=-0.31 vs=0.00 n=0 [none]
1786858940.670 [OBSTACLES] cur_s=17.38 cur_d=-0.31 vs=0.00 n=0 [none]
1786858941.199 [OBSTACLES] cur_s=17.38 cur_d=-0.31 vs=0.00 n=0 [none]
1786858941.711 [OBSTACLES] cur_s=17.38 cur_d=-0.31 vs=0.00 n=0 [none]
1786858942.234 [OBSTACLES] cur_s=17.38 cur_d=-0.31 vs=0.00 n=0 [none]
1786858942.758 [OBSTACLES] cur_s=17.38 cur_d=-0.31 vs=0.00 n=0 [none]
1786858942.932 [STATE_CHANGE] RECOVERY -> LOSTLINE src=GB_TRACK s=17.38 d=-0.31 vs=0.00
1786858943.271 [OBSTACLES] cur_s=17.38 cur_d=-0.31 vs=0.00 n=0 [none]
1786858943.863 [OBSTACLES] cur_s=17.38 cur_d=-0.31 vs=0.00 n=0 [none]
1786858944.034 [STATE_CHANGE] LOSTLINE -> RECOVERY src=RECOVERY s=17.38 d=-0.31 vs=0.00
1786858944.376 [OBSTACLES] cur_s=17.38 cur_d=-0.31 vs=0.00 n=0 [none]
1786858944.980 [OBSTACLES] cur_s=17.38 cur_d=-0.31 vs=0.00 n=0 [none]
1786858945.501 [OBSTACLES] cur_s=17.38 cur_d=-0.31 vs=0.00 n=0 [none]
1786858946.052 [OBSTACLES] cur_s=17.38 cur_d=-0.31 vs=0.00 n=0 [none]
1786858946.572 [OBSTACLES] cur_s=17.38 cur_d=-0.31 vs=0.00 n=0 [none]
1786858947.084 [OBSTACLES] cur_s=17.38 cur_d=-0.31 vs=0.00 n=0 [none]
1786858947.625 [OBSTACLES] cur_s=17.38 cur_d=-0.31 vs=0.00 n=0 [none]
1786858948.233 [OBSTACLES] cur_s=17.38 cur_d=-0.31 vs=0.00 n=0 [none]
1786858948.772 [OBSTACLES] cur_s=17.38 cur_d=-0.31 vs=0.00 n=0 [none]
1786858949.304 [OBSTACLES] cur_s=17.38 cur_d=-0.31 vs=0.00 n=0 [none]
1786858949.839 [OBSTACLES] cur_s=17.38 cur_d=-0.31 vs=0.00 n=0 [none]
1786858950.371 [OBSTACLES] cur_s=17.38 cur_d=-0.31 vs=0.00 n=0 [none]
1786858950.964 [OBSTACLES] cur_s=17.38 cur_d=-0.31 vs=0.00 n=0 [none]
1786858951.510 [OBSTACLES] cur_s=17.38 cur_d=-0.31 vs=0.00 n=0 [none]
1786858952.135 [OBSTACLES] cur_s=17.38 cur_d=-0.31 vs=0.00 n=0 [none]
1786858952.673 [OBSTACLES] cur_s=17.38 cur_d=-0.31 vs=0.00 n=0 [none]
1786858953.247 [OBSTACLES] cur_s=17.38 cur_d=-0.31 vs=0.00 n=0 [none]
1786858953.829 [OBSTACLES] cur_s=17.38 cur_d=-0.31 vs=0.00 n=0 [none]
1786858954.058 [STATE_CHANGE] RECOVERY -> LOSTLINE src=GB_TRACK s=17.38 d=-0.31 vs=0.00
1786858954.406 [OBSTACLES] cur_s=17.38 cur_d=-0.31 vs=0.00 n=0 [none]
1786858954.954 [OBSTACLES] cur_s=17.38 cur_d=-0.31 vs=0.00 n=0 [none]
1786858955.470 [OBSTACLES] cur_s=17.38 cur_d=-0.31 vs=0.00 n=0 [none]
1786858956.121 [OBSTACLES] cur_s=17.38 cur_d=-0.31 vs=0.00 n=0 [none]
1786858956.691 [OBSTACLES] cur_s=17.38 cur_d=-0.31 vs=0.00 n=0 [none]
1786858957.280 [OBSTACLES] cur_s=17.38 cur_d=-0.31 vs=0.00 n=0 [none]
1786858957.837 [OBSTACLES] cur_s=17.38 cur_d=-0.31 vs=0.00 n=0 [none]
1786858958.231 [STATE_CHANGE] LOSTLINE -> RECOVERY src=RECOVERY s=17.38 d=-0.31 vs=0.00
1786858958.370 [OBSTACLES] cur_s=17.38 cur_d=-0.31 vs=0.00 n=0 [none]
1786858958.906 [OBSTACLES] cur_s=17.38 cur_d=-0.31 vs=0.00 n=0 [none]
1786858959.420 [OBSTACLES] cur_s=17.38 cur_d=-0.31 vs=0.00 n=0 [none]
1786858959.924 [OBSTACLES] cur_s=17.38 cur_d=-0.31 vs=0.00 n=0 [none]
1786858960.494 [OBSTACLES] cur_s=17.38 cur_d=-0.31 vs=0.00 n=0 [none]
1786858961.033 [OBSTACLES] cur_s=17.38 cur_d=-0.31 vs=0.00 n=0 [none]
1786858961.557 [OBSTACLES] cur_s=17.37 cur_d=-0.31 vs=0.00 n=0 [none]
1786858962.157 [OBSTACLES] cur_s=17.38 cur_d=-0.31 vs=0.00 n=0 [none]
1786858962.695 [OBSTACLES] cur_s=17.38 cur_d=-0.31 vs=0.00 n=0 [none]
1786858963.237 [OBSTACLES] cur_s=17.38 cur_d=-0.31 vs=0.00 n=0 [none]
1786858963.778 [OBSTACLES] cur_s=17.38 cur_d=-0.31 vs=0.00 n=0 [none]
1786858964.303 [OBSTACLES] cur_s=17.38 cur_d=-0.31 vs=0.00 n=0 [none]
1786858964.810 [OBSTACLES] cur_s=17.38 cur_d=-0.31 vs=0.00 n=0 [none]
1786858965.380 [OBSTACLES] cur_s=17.38 cur_d=-0.31 vs=0.00 n=0 [none]
1786858965.901 [OBSTACLES] cur_s=17.38 cur_d=-0.31 vs=0.00 n=0 [none]
1786858966.484 [OBSTACLES] cur_s=17.38 cur_d=-0.31 vs=0.00 n=0 [none]
1786858966.986 [OBSTACLES] cur_s=17.38 cur_d=-0.31 vs=0.00 n=0 [none]
1786858967.503 [OBSTACLES] cur_s=17.38 cur_d=-0.31 vs=0.00 n=0 [none]
1786858968.037 [OBSTACLES] cur_s=17.38 cur_d=-0.31 vs=0.00 n=0 [none]
1786858968.195 [STATE_CHANGE] RECOVERY -> LOSTLINE src=GB_TRACK s=17.38 d=-0.31 vs=0.00
1786858968.562 [OBSTACLES] cur_s=17.38 cur_d=-0.31 vs=0.00 n=0 [none]
1786858969.080 [OBSTACLES] cur_s=17.38 cur_d=-0.31 vs=0.00 n=0 [none]
1786858969.275 [STATE_CHANGE] LOSTLINE -> RECOVERY src=RECOVERY s=17.38 d=-0.31 vs=0.00
1786858969.597 [OBSTACLES] cur_s=17.38 cur_d=-0.31 vs=0.00 n=0 [none]
1786858970.209 [OBSTACLES] cur_s=17.38 cur_d=-0.31 vs=0.00 n=0 [none]
1786858970.721 [OBSTACLES] cur_s=17.38 cur_d=-0.31 vs=0.00 n=0 [none]
1786858971.261 [OBSTACLES] cur_s=17.38 cur_d=-0.31 vs=0.00 n=0 [none]
1786858971.767 [OBSTACLES] cur_s=17.38 cur_d=-0.31 vs=0.00 n=0 [none]
1786858972.295 [OBSTACLES] cur_s=17.38 cur_d=-0.31 vs=0.00 n=0 [none]
1786858972.854 [OBSTACLES] cur_s=17.38 cur_d=-0.31 vs=0.00 n=0 [none]
1786858973.405 [OBSTACLES] cur_s=17.38 cur_d=-0.31 vs=0.00 n=0 [none]
1786858973.913 [OBSTACLES] cur_s=17.38 cur_d=-0.31 vs=0.00 n=0 [none]
1786858974.426 [OBSTACLES] cur_s=17.38 cur_d=-0.31 vs=0.00 n=0 [none]
1786858974.955 [OBSTACLES] cur_s=17.38 cur_d=-0.31 vs=0.00 n=0 [none]
1786858975.463 [OBSTACLES] cur_s=17.38 cur_d=-0.31 vs=0.00 n=0 [none]
1786858976.029 [OBSTACLES] cur_s=17.38 cur_d=-0.31 vs=0.00 n=0 [none]
1786858976.683 [OBSTACLES] cur_s=17.38 cur_d=-0.31 vs=0.00 n=0 [none]
1786858977.204 [OBSTACLES] cur_s=17.38 cur_d=-0.31 vs=0.00 n=0 [none]
1786858977.811 [OBSTACLES] cur_s=17.38 cur_d=-0.31 vs=0.00 n=0 [none]
1786858978.351 [OBSTACLES] cur_s=17.38 cur_d=-0.31 vs=0.00 n=0 [none]
1786858978.898 [OBSTACLES] cur_s=17.38 cur_d=-0.31 vs=0.00 n=0 [none]
1786858979.224 [STATE_CHANGE] RECOVERY -> LOSTLINE src=GB_TRACK s=17.38 d=-0.31 vs=0.00
1786858979.372 [STATE_CHANGE] LOSTLINE -> RECOVERY src=RECOVERY s=17.38 d=-0.31 vs=0.00
1786858979.434 [OBSTACLES] cur_s=17.38 cur_d=-0.31 vs=0.00 n=0 [none]
1786858979.956 [OBSTACLES] cur_s=17.38 cur_d=-0.31 vs=0.00 n=0 [none]
1786858980.666 [OBSTACLES] cur_s=17.38 cur_d=-0.31 vs=0.00 n=0 [none]
1786858981.189 [OBSTACLES] cur_s=17.38 cur_d=-0.31 vs=0.00 n=0 [none]
1786858981.733 [OBSTACLES] cur_s=17.38 cur_d=-0.31 vs=0.00 n=0 [none]
1786858982.295 [OBSTACLES] cur_s=17.38 cur_d=-0.31 vs=0.00 n=0 [none]
1786858982.800 [OBSTACLES] cur_s=17.38 cur_d=-0.31 vs=0.00 n=0 [none]
1786858983.346 [OBSTACLES] cur_s=17.38 cur_d=-0.31 vs=0.00 n=0 [none]
1786858983.866 [OBSTACLES] cur_s=17.38 cur_d=-0.31 vs=0.00 n=0 [none]
1786858984.393 [OBSTACLES] cur_s=17.38 cur_d=-0.31 vs=0.00 n=0 [none]
1786858984.950 [OBSTACLES] cur_s=17.38 cur_d=-0.32 vs=0.00 n=0 [none]
1786858985.466 [OBSTACLES] cur_s=17.38 cur_d=-0.31 vs=0.00 n=0 [none]
1786858985.992 [OBSTACLES] cur_s=17.38 cur_d=-0.31 vs=0.00 n=0 [none]
1786858986.547 [OBSTACLES] cur_s=17.38 cur_d=-0.31 vs=0.00 n=0 [none]
1786858987.073 [OBSTACLES] cur_s=17.38 cur_d=-0.31 vs=0.00 n=0 [none]
1786858987.581 [OBSTACLES] cur_s=17.38 cur_d=-0.31 vs=0.00 n=0 [none]
1786858988.114 [OBSTACLES] cur_s=17.38 cur_d=-0.31 vs=0.00 n=0 [none]
1786858988.637 [OBSTACLES] cur_s=17.38 cur_d=-0.31 vs=0.00 n=0 [none]
1786858989.214 [OBSTACLES] cur_s=17.38 cur_d=-0.31 vs=0.00 n=0 [none]
1786858989.299 [STATE_CHANGE] RECOVERY -> LOSTLINE src=GB_TRACK s=17.38 d=-0.31 vs=0.00
1786858989.767 [OBSTACLES] cur_s=17.38 cur_d=-0.31 vs=0.00 n=0 [none]
1786858990.034 [STATE_CHANGE] LOSTLINE -> RECOVERY src=RECOVERY s=17.38 d=-0.31 vs=0.00
1786858990.301 [OBSTACLES] cur_s=17.38 cur_d=-0.31 vs=0.00 n=0 [none]
1786858990.833 [OBSTACLES] cur_s=17.38 cur_d=-0.31 vs=0.00 n=0 [none]
1786858991.373 [OBSTACLES] cur_s=17.38 cur_d=-0.31 vs=0.00 n=0 [none]
1786858991.936 [OBSTACLES] cur_s=17.38 cur_d=-0.31 vs=0.00 n=0 [none]
1786858992.444 [OBSTACLES] cur_s=17.38 cur_d=-0.31 vs=0.00 n=0 [none]
1786858992.961 [OBSTACLES] cur_s=17.38 cur_d=-0.31 vs=0.00 n=0 [none]
1786858993.500 [OBSTACLES] cur_s=17.38 cur_d=-0.31 vs=0.00 n=0 [none]
1786858994.126 [OBSTACLES] cur_s=17.38 cur_d=-0.31 vs=0.00 n=0 [none]
1786858994.662 [OBSTACLES] cur_s=17.38 cur_d=-0.31 vs=0.00 n=0 [none]
1786858995.167 [OBSTACLES] cur_s=17.38 cur_d=-0.31 vs=0.00 n=0 [none]
1786858995.744 [OBSTACLES] cur_s=17.38 cur_d=-0.31 vs=0.00 n=0 [none]
1786858996.288 [OBSTACLES] cur_s=17.38 cur_d=-0.31 vs=0.00 n=0 [none]
1786858996.827 [OBSTACLES] cur_s=17.38 cur_d=-0.31 vs=0.00 n=0 [none]
1786858997.331 [OBSTACLES] cur_s=17.38 cur_d=-0.31 vs=0.00 n=0 [none]
1786858997.859 [OBSTACLES] cur_s=17.38 cur_d=-0.31 vs=0.00 n=0 [none]
1786858998.367 [OBSTACLES] cur_s=17.38 cur_d=-0.31 vs=0.00 n=0 [none]
1786858998.892 [OBSTACLES] cur_s=17.38 cur_d=-0.31 vs=0.00 n=0 [none]
1786858999.417 [OBSTACLES] cur_s=17.38 cur_d=-0.31 vs=0.00 n=0 [none]
1786858999.918 [OBSTACLES] cur_s=17.38 cur_d=-0.31 vs=0.00 n=0 [none]
1786858999.972 [STATE_CHANGE] RECOVERY -> LOSTLINE src=GB_TRACK s=17.38 d=-0.31 vs=0.00
1786859000.051 [STATE_CHANGE] LOSTLINE -> RECOVERY src=RECOVERY s=17.38 d=-0.31 vs=0.00
1786859000.428 [OBSTACLES] cur_s=17.38 cur_d=-0.31 vs=0.00 n=0 [none]
1786859001.010 [OBSTACLES] cur_s=17.38 cur_d=-0.31 vs=0.00 n=0 [none]
1786859001.561 [OBSTACLES] cur_s=17.38 cur_d=-0.31 vs=0.00 n=0 [none]
1786859002.098 [OBSTACLES] cur_s=17.38 cur_d=-0.31 vs=0.00 n=0 [none]
1786859002.618 [OBSTACLES] cur_s=17.38 cur_d=-0.31 vs=0.00 n=0 [none]
1786859003.135 [OBSTACLES] cur_s=17.38 cur_d=-0.31 vs=0.00 n=0 [none]
1786859003.660 [OBSTACLES] cur_s=17.38 cur_d=-0.32 vs=0.00 n=0 [none]
1786859004.210 [OBSTACLES] cur_s=17.38 cur_d=-0.31 vs=0.00 n=0 [none]
1786859004.726 [OBSTACLES] cur_s=17.38 cur_d=-0.31 vs=0.00 n=0 [none]
1786859005.252 [OBSTACLES] cur_s=17.38 cur_d=-0.31 vs=0.00 n=0 [none]
1786859005.771 [OBSTACLES] cur_s=17.38 cur_d=-0.31 vs=0.00 n=0 [none]
1786859006.281 [OBSTACLES] cur_s=17.38 cur_d=-0.31 vs=0.00 n=0 [none]
1786859006.829 [OBSTACLES] cur_s=17.38 cur_d=-0.31 vs=0.00 n=0 [none]
1786859007.342 [OBSTACLES] cur_s=17.38 cur_d=-0.31 vs=0.00 n=0 [none]
1786859007.896 [OBSTACLES] cur_s=17.38 cur_d=-0.31 vs=0.00 n=0 [none]
1786859008.429 [OBSTACLES] cur_s=17.38 cur_d=-0.31 vs=0.00 n=0 [none]
1786859008.973 [OBSTACLES] cur_s=17.38 cur_d=-0.31 vs=0.00 n=0 [none]
1786859009.514 [OBSTACLES] cur_s=17.38 cur_d=-0.31 vs=0.00 n=0 [none]
1786859010.027 [OBSTACLES] cur_s=17.38 cur_d=-0.31 vs=0.00 n=0 [none]
1786859010.028 [STATE_CHANGE] RECOVERY -> LOSTLINE src=GB_TRACK s=17.38 d=-0.31 vs=0.00
1786859010.531 [OBSTACLES] cur_s=17.38 cur_d=-0.31 vs=0.00 n=0 [none]
1786859010.533 [STATE_CHANGE] LOSTLINE -> RECOVERY src=RECOVERY s=17.38 d=-0.31 vs=0.00
1786859011.038 [OBSTACLES] cur_s=17.38 cur_d=-0.31 vs=0.00 n=0 [none]
1786859011.643 [OBSTACLES] cur_s=17.38 cur_d=-0.31 vs=0.00 n=0 [none]
1786859012.206 [OBSTACLES] cur_s=17.38 cur_d=-0.31 vs=0.00 n=0 [none]
1786859012.718 [OBSTACLES] cur_s=17.38 cur_d=-0.31 vs=0.00 n=0 [none]
1786859013.248 [OBSTACLES] cur_s=17.38 cur_d=-0.31 vs=0.00 n=0 [none]
1786859013.758 [OBSTACLES] cur_s=17.38 cur_d=-0.31 vs=0.00 n=0 [none]
1786859014.298 [OBSTACLES] cur_s=17.38 cur_d=-0.31 vs=0.00 n=0 [none]
1786859014.818 [OBSTACLES] cur_s=17.38 cur_d=-0.31 vs=0.00 n=0 [none]
1786859015.352 [OBSTACLES] cur_s=17.38 cur_d=-0.31 vs=0.00 n=0 [none]
1786859015.934 [OBSTACLES] cur_s=17.38 cur_d=-0.31 vs=0.00 n=0 [none]
1786859016.464 [OBSTACLES] cur_s=17.38 cur_d=-0.31 vs=0.00 n=0 [none]
1786859016.991 [OBSTACLES] cur_s=17.38 cur_d=-0.31 vs=0.00 n=0 [none]
1786859017.503 [OBSTACLES] cur_s=17.38 cur_d=-0.31 vs=0.00 n=0 [none]
1786859018.077 [OBSTACLES] cur_s=17.38 cur_d=-0.31 vs=0.00 n=0 [none]
1786859018.632 [OBSTACLES] cur_s=17.38 cur_d=-0.31 vs=0.00 n=0 [none]
1786859019.144 [OBSTACLES] cur_s=17.38 cur_d=-0.31 vs=0.00 n=0 [none]
1786859019.731 [OBSTACLES] cur_s=17.38 cur_d=-0.32 vs=0.00 n=0 [none]
1786859020.261 [OBSTACLES] cur_s=17.38 cur_d=-0.32 vs=0.00 n=0 [none]
1786859020.486 [STATE_CHANGE] RECOVERY -> LOSTLINE src=GB_TRACK s=17.38 d=-0.31 vs=0.00
1786859020.791 [OBSTACLES] cur_s=17.38 cur_d=-0.31 vs=0.00 n=0 [none]
1786859021.302 [OBSTACLES] cur_s=17.38 cur_d=-0.31 vs=0.00 n=0 [none]
1786859021.582 [STATE_CHANGE] LOSTLINE -> RECOVERY src=RECOVERY s=17.38 d=-0.32 vs=0.00
1786859021.830 [OBSTACLES] cur_s=17.38 cur_d=-0.31 vs=0.00 n=0 [none]
1786859022.427 [OBSTACLES] cur_s=17.38 cur_d=-0.31 vs=0.00 n=0 [none]
1786859022.965 [OBSTACLES] cur_s=17.38 cur_d=-0.31 vs=0.00 n=0 [none]
1786859023.498 [OBSTACLES] cur_s=17.38 cur_d=-0.31 vs=0.00 n=0 [none]
1786859024.067 [OBSTACLES] cur_s=17.38 cur_d=-0.31 vs=0.00 n=0 [none]
1786859024.582 [OBSTACLES] cur_s=17.38 cur_d=-0.31 vs=0.00 n=0 [none]
1786859025.121 [OBSTACLES] cur_s=17.38 cur_d=-0.31 vs=0.00 n=0 [none]
1786859025.652 [OBSTACLES] cur_s=17.38 cur_d=-0.31 vs=0.00 n=0 [none]
1786859026.159 [OBSTACLES] cur_s=17.38 cur_d=-0.31 vs=0.00 n=0 [none]
1786859026.737 [OBSTACLES] cur_s=17.38 cur_d=-0.31 vs=0.00 n=0 [none]
1786859027.248 [OBSTACLES] cur_s=17.38 cur_d=-0.31 vs=0.00 n=0 [none]
1786859027.763 [OBSTACLES] cur_s=17.38 cur_d=-0.31 vs=0.00 n=0 [none]
1786859028.282 [OBSTACLES] cur_s=17.38 cur_d=-0.31 vs=0.00 n=0 [none]
1786859028.790 [OBSTACLES] cur_s=17.38 cur_d=-0.31 vs=0.00 n=0 [none]
1786859029.327 [OBSTACLES] cur_s=17.38 cur_d=-0.31 vs=0.00 n=0 [none]
1786859029.924 [OBSTACLES] cur_s=17.38 cur_d=-0.31 vs=0.00 n=0 [none]
1786859030.451 [OBSTACLES] cur_s=17.38 cur_d=-0.31 vs=0.00 n=0 [none]
1786859030.976 [OBSTACLES] cur_s=17.38 cur_d=-0.31 vs=0.00 n=0 [none]
1786859031.495 [OBSTACLES] cur_s=17.38 cur_d=-0.31 vs=0.00 n=0 [none]
1786859031.495 [STATE_CHANGE] RECOVERY -> LOSTLINE src=GB_TRACK s=17.38 d=-0.31 vs=0.00
1786859032.004 [OBSTACLES] cur_s=17.38 cur_d=-0.31 vs=0.00 n=0 [none]
1786859032.501 [STATE_CHANGE] LOSTLINE -> RECOVERY src=RECOVERY s=17.38 d=-0.31 vs=0.00
1786859032.547 [OBSTACLES] cur_s=17.38 cur_d=-0.31 vs=0.00 n=0 [none]
1786859033.083 [OBSTACLES] cur_s=17.38 cur_d=-0.31 vs=0.00 n=0 [none]
1786859033.634 [OBSTACLES] cur_s=17.38 cur_d=-0.31 vs=0.00 n=0 [none]
1786859034.175 [OBSTACLES] cur_s=17.38 cur_d=-0.31 vs=0.00 n=0 [none]
1786859034.694 [OBSTACLES] cur_s=17.38 cur_d=-0.31 vs=0.00 n=0 [none]
1786859035.296 [OBSTACLES] cur_s=17.38 cur_d=-0.31 vs=0.00 n=0 [none]
1786859035.843 [OBSTACLES] cur_s=17.38 cur_d=-0.31 vs=0.00 n=0 [none]
1786859036.345 [OBSTACLES] cur_s=17.38 cur_d=-0.31 vs=0.00 n=0 [none]
1786859036.866 [OBSTACLES] cur_s=17.38 cur_d=-0.32 vs=0.00 n=0 [none]
1786859037.378 [OBSTACLES] cur_s=17.37 cur_d=-0.33 vs=0.00 n=0 [none]
1786859037.915 [OBSTACLES] cur_s=17.38 cur_d=-0.32 vs=0.00 n=0 [none]
1786859038.449 [OBSTACLES] cur_s=17.38 cur_d=-0.31 vs=0.00 n=0 [none]
1786859038.950 [OBSTACLES] cur_s=17.38 cur_d=-0.31 vs=0.00 n=0 [none]
1786859039.492 [OBSTACLES] cur_s=17.38 cur_d=-0.31 vs=0.00 n=0 [none]
1786859039.997 [OBSTACLES] cur_s=17.38 cur_d=-0.31 vs=0.00 n=0 [none]
1786859040.585 [OBSTACLES] cur_s=17.38 cur_d=-0.31 vs=0.00 n=0 [none]
1786859041.118 [OBSTACLES] cur_s=17.38 cur_d=-0.31 vs=0.00 n=0 [none]
1786859041.662 [OBSTACLES] cur_s=17.38 cur_d=-0.31 vs=0.00 n=0 [none]
1786859042.192 [OBSTACLES] cur_s=17.38 cur_d=-0.31 vs=0.00 n=0 [none]
1786859042.471 [STATE_CHANGE] RECOVERY -> LOSTLINE src=GB_TRACK s=17.38 d=-0.31 vs=0.00
1786859042.697 [OBSTACLES] cur_s=17.38 cur_d=-0.31 vs=0.00 n=0 [none]
1786859043.226 [OBSTACLES] cur_s=17.38 cur_d=-0.31 vs=0.00 n=0 [none]
1786859043.819 [OBSTACLES] cur_s=17.38 cur_d=-0.31 vs=0.00 n=0 [none]
1786859044.378 [OBSTACLES] cur_s=17.38 cur_d=-0.31 vs=0.00 n=0 [none]
1786859044.975 [OBSTACLES] cur_s=17.38 cur_d=-0.31 vs=0.00 n=0 [none]
1786859045.499 [OBSTACLES] cur_s=17.38 cur_d=-0.31 vs=0.00 n=0 [none]
1786859045.601 [STATE_CHANGE] LOSTLINE -> RECOVERY src=RECOVERY s=17.38 d=-0.31 vs=0.00
1786859046.033 [OBSTACLES] cur_s=17.38 cur_d=-0.31 vs=0.00 n=0 [none]
1786859046.538 [OBSTACLES] cur_s=17.38 cur_d=-0.31 vs=0.00 n=0 [none]
1786859047.093 [OBSTACLES] cur_s=17.38 cur_d=-0.31 vs=0.00 n=0 [none]
1786859047.599 [OBSTACLES] cur_s=17.38 cur_d=-0.31 vs=0.00 n=0 [none]
1786859048.113 [OBSTACLES] cur_s=17.38 cur_d=-0.31 vs=0.00 n=0 [none]
1786859048.638 [OBSTACLES] cur_s=17.38 cur_d=-0.31 vs=0.00 n=0 [none]
1786859049.204 [OBSTACLES] cur_s=17.38 cur_d=-0.31 vs=0.00 n=0 [none]
1786859049.719 [OBSTACLES] cur_s=17.38 cur_d=-0.31 vs=0.00 n=0 [none]
1786859050.315 [OBSTACLES] cur_s=17.38 cur_d=-0.31 vs=0.00 n=0 [none]
1786859050.901 [OBSTACLES] cur_s=17.38 cur_d=-0.31 vs=0.00 n=0 [none]
1786859051.417 [OBSTACLES] cur_s=17.38 cur_d=-0.30 vs=0.00 n=0 [none]
