# static_avoidance_node debug log started 20260822_043933
1787341177.828 [STATIC_AVOID] obs_id=- obs_dist=-m obs_s=- ego_s=32.16 side=- | left_clearance=- right_clearance=- candidate_valid=false rung=- pre_dist=-m | cache_used=false path_age=- path_points=0 planning_time_ms=0.2 | reason=no_static_obstacle_in_range | cache_reason=no_cache
1787341178.426 [STATIC_AVOID] obs_id=- obs_dist=-m obs_s=- ego_s=32.15 side=- | left_clearance=- right_clearance=- candidate_valid=false rung=- pre_dist=-m | cache_used=false path_age=- path_points=0 planning_time_ms=0.1 | reason=no_static_obstacle_in_range | cache_reason=no_cache
1787341178.931 [STATIC_AVOID] obs_id=- obs_dist=-m obs_s=- ego_s=32.15 side=- | left_clearance=- right_clearance=- candidate_valid=false rung=- pre_dist=-m | cache_used=false path_age=- path_points=0 planning_time_ms=0.1 | reason=no_static_obstacle_in_range | cache_reason=no_cache
1787341179.532 [STATIC_AVOID] obs_id=- obs_dist=-m obs_s=- ego_s=32.15 side=- | left_clearance=- right_clearance=- candidate_valid=false rung=- pre_dist=-m | cache_used=false path_age=- path_points=0 planning_time_ms=0.1 | reason=no_static_obstacle_in_range | cache_reason=no_cache
1787341180.128 [STATIC_AVOID] obs_id=- obs_dist=-m obs_s=- ego_s=32.15 side=- | left_clearance=- right_clearance=- candidate_valid=false rung=- pre_dist=-m | cache_used=false path_age=- path_points=0 planning_time_ms=0.1 | reason=no_static_obstacle_in_range | cache_reason=no_cache
1787341180.726 [STATIC_AVOID] obs_id=- obs_dist=-m obs_s=- ego_s=32.21 side=- | left_clearance=- right_clearance=- candidate_valid=false rung=- pre_dist=-m | cache_used=false path_age=- path_points=0 planning_time_ms=0.2 | reason=no_static_obstacle_in_range | cache_reason=no_cache
1787341181.231 [STATIC_AVOID] obs_id=- obs_dist=-m obs_s=- ego_s=32.39 side=- | left_clearance=- right_clearance=- candidate_valid=false rung=- pre_dist=-m | cache_used=false path_age=- path_points=0 planning_time_ms=0.2 | reason=no_static_obstacle_in_range | cache_reason=no_cache
1787341181.737 [STATIC_AVOID] obs_id=1 obs_dist=4.51m obs_s=37.55 ego_s=33.04 side=LEFT | left_clearance=0.12 right_clearance=0.11 candidate_valid=true rung=0 pre_dist=2.29m | cache_used=false path_age=0.000 path_points=101 planning_time_ms=7.5
1787341182.335 [STATIC_AVOID] obs_id=1 obs_dist=4.07m obs_s=37.55 ego_s=33.48 side=LEFT | left_clearance=0.10 right_clearance=0.09 candidate_valid=true rung=0 pre_dist=2.00m | cache_used=false path_age=0.000 path_points=135 planning_time_ms=3.9
1787341182.932 [STATIC_AVOID] obs_id=1 obs_dist=3.57m obs_s=37.55 ego_s=33.98 side=LEFT | left_clearance=0.10 right_clearance=-0.01 candidate_valid=true rung=0 pre_dist=2.00m | cache_used=false path_age=0.000 path_points=130 planning_time_ms=5.5
1787341183.440 [STATIC_AVOID] obs_id=2 obs_dist=6.35m obs_s=1.89 ego_s=35.05 side=LEFT | left_clearance=0.53 right_clearance=0.09 candidate_valid=false rung=- pre_dist=3.54m | cache_used=false path_age=- path_points=0 planning_time_ms=7.0 | reason=obstacle_clearance | cache_reason=no_cache
1787341184.035 [STATIC_AVOID] obs_id=2 obs_dist=4.51m obs_s=1.87 ego_s=36.88 side=LEFT | left_clearance=0.45 right_clearance=-0.03 candidate_valid=true rung=0 pre_dist=3.53m | cache_used=false path_age=0.000 path_points=107 planning_time_ms=6.9
1787341184.637 [STATIC_AVOID] obs_id=2 obs_dist=3.74m obs_s=1.88 ego_s=37.67 side=LEFT | left_clearance=0.40 right_clearance=-0.07 candidate_valid=true rung=0 pre_dist=3.54m | cache_used=false path_age=0.000 path_points=101 planning_time_ms=5.4
1787341185.143 [STATIC_AVOID] obs_id=2 obs_dist=2.95m obs_s=1.86 ego_s=38.43 side=LEFT | left_clearance=0.40 right_clearance=-0.10 candidate_valid=false rung=- pre_dist=3.51m | cache_used=false path_age=- path_points=0 planning_time_ms=4.3 | reason=obstacle_clearance | cache_reason=cache_collision
1787341185.657 [STATIC_AVOID] obs_id=2 obs_dist=1.68m obs_s=1.83 ego_s=0.15 side=LEFT | left_clearance=0.41 right_clearance=-0.11 candidate_valid=false rung=- pre_dist=3.49m | cache_used=false path_age=- path_points=0 planning_time_ms=18.9 | reason=obstacle_clearance | cache_reason=no_cache
1787341186.234 [STATIC_AVOID] obs_id=2 obs_dist=0.05m obs_s=1.82 ego_s=1.77 side=LEFT | left_clearance=0.54 right_clearance=-0.00 candidate_valid=true rung=0 pre_dist=3.92m | cache_used=false path_age=0.000 path_points=101 planning_time_ms=6.3
1787341186.829 [STATIC_AVOID] obs_id=2 obs_dist=-0.83m obs_s=1.82 ego_s=2.65 side=LEFT | left_clearance=0.54 right_clearance=-0.00 candidate_valid=true rung=0 pre_dist=4.80m | cache_used=false path_age=0.000 path_points=101 planning_time_ms=3.7
1787341187.428 [STATIC_AVOID] obs_id=- obs_dist=-m obs_s=- ego_s=4.47 side=- | left_clearance=- right_clearance=- candidate_valid=false rung=- pre_dist=-m | cache_used=false path_age=- path_points=0 planning_time_ms=0.1 | reason=no_static_obstacle_in_range | cache_reason=no_cache
1787341188.029 [STATIC_AVOID] obs_id=- obs_dist=-m obs_s=- ego_s=6.57 side=- | left_clearance=- right_clearance=- candidate_valid=false rung=- pre_dist=-m | cache_used=false path_age=- path_points=0 planning_time_ms=0.1 | reason=no_static_obstacle_in_range | cache_reason=no_cache
1787341188.626 [STATIC_AVOID] obs_id=- obs_dist=-m obs_s=- ego_s=8.79 side=- | left_clearance=- right_clearance=- candidate_valid=false rung=- pre_dist=-m | cache_used=false path_age=- path_points=0 planning_time_ms=0.2 | reason=no_static_obstacle_in_range | cache_reason=no_cache
1787341189.133 [STATIC_AVOID] obs_id=- obs_dist=-m obs_s=- ego_s=10.70 side=- | left_clearance=- right_clearance=- candidate_valid=false rung=- pre_dist=-m | cache_used=false path_age=- path_points=0 planning_time_ms=0.1 | reason=no_static_obstacle_in_range | cache_reason=no_cache
1787341189.645 [STATIC_AVOID] obs_id=- obs_dist=-m obs_s=- ego_s=12.50 side=- | left_clearance=- right_clearance=- candidate_valid=false rung=- pre_dist=-m | cache_used=false path_age=- path_points=0 planning_time_ms=6.5 | reason=no_static_obstacle_in_range | cache_reason=no_cache
1787341190.226 [STATIC_AVOID] obs_id=- obs_dist=-m obs_s=- ego_s=14.73 side=- | left_clearance=- right_clearance=- candidate_valid=false rung=- pre_dist=-m | cache_used=false path_age=- path_points=0 planning_time_ms=0.1 | reason=no_static_obstacle_in_range | cache_reason=no_cache
1787341190.735 [STATIC_AVOID] obs_id=- obs_dist=-m obs_s=- ego_s=16.20 side=- | left_clearance=- right_clearance=- candidate_valid=false rung=- pre_dist=-m | cache_used=false path_age=- path_points=0 planning_time_ms=0.1 | reason=no_static_obstacle_in_range | cache_reason=no_cache
1787341191.327 [STATIC_AVOID] obs_id=- obs_dist=-m obs_s=- ego_s=17.53 side=- | left_clearance=- right_clearance=- candidate_valid=false rung=- pre_dist=-m | cache_used=false path_age=- path_points=0 planning_time_ms=0.1 | reason=no_static_obstacle_in_range | cache_reason=no_cache
1787341191.926 [STATIC_AVOID] obs_id=- obs_dist=-m obs_s=- ego_s=19.32 side=- | left_clearance=- right_clearance=- candidate_valid=false rung=- pre_dist=-m | cache_used=false path_age=- path_points=0 planning_time_ms=0.1 | reason=no_static_obstacle_in_range | cache_reason=no_cache
1787341192.429 [STATIC_AVOID] obs_id=- obs_dist=-m obs_s=- ego_s=20.98 side=- | left_clearance=- right_clearance=- candidate_valid=false rung=- pre_dist=-m | cache_used=false path_age=- path_points=0 planning_time_ms=0.1 | reason=no_static_obstacle_in_range | cache_reason=no_cache
1787341192.931 [STATIC_AVOID] obs_id=10 obs_dist=1.88m obs_s=24.75 ego_s=22.87 side=LEFT | left_clearance=0.12 right_clearance=-0.27 candidate_valid=true rung=0 pre_dist=2.25m | cache_used=false path_age=0.000 path_points=112 planning_time_ms=3.5
1787341193.438 [STATIC_AVOID] obs_id=10 obs_dist=0.25m obs_s=24.71 ego_s=24.45 side=LEFT | left_clearance=0.03 right_clearance=-0.19 candidate_valid=true rung=0 pre_dist=2.46m | cache_used=false path_age=0.000 path_points=101 planning_time_ms=11.9
1787341194.032 [STATIC_AVOID] obs_id=10 obs_dist=-0.13m obs_s=24.71 ego_s=24.84 side=RIGHT | left_clearance=0.03 right_clearance=-0.19 candidate_valid=true rung=1 pre_dist=2.84m | cache_used=false path_age=0.000 path_points=101 planning_time_ms=6.5
1787341194.550 [STATIC_AVOID] obs_id=10 obs_dist=-0.62m obs_s=24.71 ego_s=25.32 side=RIGHT | left_clearance=0.03 right_clearance=-0.19 candidate_valid=true rung=1 pre_dist=3.33m | cache_used=false path_age=0.000 path_points=101 planning_time_ms=5.9
1787341195.151 [STATIC_AVOID] obs_id=11 obs_dist=0.04m obs_s=26.39 ego_s=26.35 side=LEFT | left_clearance=0.03 right_clearance=0.02 candidate_valid=true rung=0 pre_dist=2.46m | cache_used=false path_age=0.000 path_points=101 planning_time_ms=11.2
1787341195.735 [STATIC_AVOID] obs_id=- obs_dist=-m obs_s=- ego_s=27.78 side=- | left_clearance=- right_clearance=- candidate_valid=false rung=- pre_dist=-m | cache_used=false path_age=- path_points=0 planning_time_ms=0.8 | reason=no_static_obstacle_in_range | cache_reason=no_cache
1787341196.330 [STATIC_AVOID] obs_id=- obs_dist=-m obs_s=- ego_s=29.07 side=- | left_clearance=- right_clearance=- candidate_valid=false rung=- pre_dist=-m | cache_used=false path_age=- path_points=0 planning_time_ms=0.1 | reason=no_static_obstacle_in_range | cache_reason=no_cache
1787341196.928 [STATIC_AVOID] obs_id=- obs_dist=-m obs_s=- ego_s=30.44 side=- | left_clearance=- right_clearance=- candidate_valid=false rung=- pre_dist=-m | cache_used=false path_age=- path_points=0 planning_time_ms=0.1 | reason=no_static_obstacle_in_range | cache_reason=no_cache
1787341197.526 [STATIC_AVOID] obs_id=- obs_dist=-m obs_s=- ego_s=31.61 side=- | left_clearance=- right_clearance=- candidate_valid=false rung=- pre_dist=-m | cache_used=false path_age=- path_points=0 planning_time_ms=0.1 | reason=no_static_obstacle_in_range | cache_reason=no_cache
1787341198.028 [STATIC_AVOID] obs_id=- obs_dist=-m obs_s=- ego_s=32.20 side=- | left_clearance=- right_clearance=- candidate_valid=false rung=- pre_dist=-m | cache_used=false path_age=- path_points=0 planning_time_ms=0.1 | reason=no_static_obstacle_in_range | cache_reason=no_cache
1787341198.529 [STATIC_AVOID] obs_id=- obs_dist=-m obs_s=- ego_s=33.11 side=- | left_clearance=- right_clearance=- candidate_valid=false rung=- pre_dist=-m | cache_used=false path_age=- path_points=0 planning_time_ms=0.1 | reason=no_static_obstacle_in_range | cache_reason=no_cache
1787341199.032 [STATIC_AVOID] obs_id=17 obs_dist=7.38m obs_s=1.86 ego_s=34.00 side=LEFT | left_clearance=0.50 right_clearance=0.08 candidate_valid=false rung=- pre_dist=2.69m | cache_used=true path_age=0.207 path_points=133 planning_time_ms=3.6 | reason=obstacle_clearance
1787341199.533 [STATIC_AVOID] obs_id=17 obs_dist=6.41m obs_s=1.83 ego_s=34.94 side=LEFT | left_clearance=0.43 right_clearance=-0.08 candidate_valid=true rung=0 pre_dist=2.66m | cache_used=false path_age=0.000 path_points=126 planning_time_ms=6.2
1787341200.039 [STATIC_AVOID] obs_id=17 obs_dist=4.71m obs_s=1.77 ego_s=36.58 side=LEFT | left_clearance=0.45 right_clearance=-0.15 candidate_valid=true rung=0 pre_dist=2.60m | cache_used=false path_age=0.000 path_points=113 planning_time_ms=4.7
1787341200.658 [STATIC_AVOID] obs_id=17 obs_dist=2.82m obs_s=1.77 ego_s=38.47 side=LEFT | left_clearance=0.45 right_clearance=-0.15 candidate_valid=true rung=0 pre_dist=2.60m | cache_used=false path_age=0.000 path_points=101 planning_time_ms=16.6
1787341201.234 [STATIC_AVOID] obs_id=17 obs_dist=1.19m obs_s=1.77 ego_s=0.58 side=LEFT | left_clearance=0.45 right_clearance=-0.15 candidate_valid=true rung=0 pre_dist=2.60m | cache_used=false path_age=0.000 path_points=101 planning_time_ms=8.2
1787341201.831 [STATIC_AVOID] obs_id=17 obs_dist=-0.91m obs_s=1.74 ego_s=2.65 side=LEFT | left_clearance=0.58 right_clearance=-0.05 candidate_valid=true rung=0 pre_dist=3.98m | cache_used=false path_age=0.000 path_points=101 planning_time_ms=5.1
1787341202.429 [STATIC_AVOID] obs_id=- obs_dist=-m obs_s=- ego_s=4.42 side=- | left_clearance=- right_clearance=- candidate_valid=false rung=- pre_dist=-m | cache_used=false path_age=- path_points=0 planning_time_ms=0.2 | reason=no_static_obstacle_in_range | cache_reason=no_cache
1787341202.931 [STATIC_AVOID] obs_id=- obs_dist=-m obs_s=- ego_s=5.38 side=- | left_clearance=- right_clearance=- candidate_valid=false rung=- pre_dist=-m | cache_used=false path_age=- path_points=0 planning_time_ms=0.1 | reason=no_static_obstacle_in_range | cache_reason=no_cache
1787341203.530 [STATIC_AVOID] obs_id=- obs_dist=-m obs_s=- ego_s=6.63 side=- | left_clearance=- right_clearance=- candidate_valid=false rung=- pre_dist=-m | cache_used=false path_age=- path_points=0 planning_time_ms=0.2 | reason=no_static_obstacle_in_range | cache_reason=no_cache
1787341204.134 [STATIC_AVOID] obs_id=- obs_dist=-m obs_s=- ego_s=7.83 side=- | left_clearance=- right_clearance=- candidate_valid=false rung=- pre_dist=-m | cache_used=false path_age=- path_points=0 planning_time_ms=0.2 | reason=no_static_obstacle_in_range | cache_reason=no_cache
1787341204.726 [STATIC_AVOID] obs_id=- obs_dist=-m obs_s=- ego_s=9.11 side=- | left_clearance=- right_clearance=- candidate_valid=false rung=- pre_dist=-m | cache_used=false path_age=- path_points=0 planning_time_ms=0.1 | reason=no_static_obstacle_in_range | cache_reason=no_cache
1787341205.227 [STATIC_AVOID] obs_id=- obs_dist=-m obs_s=- ego_s=9.97 side=- | left_clearance=- right_clearance=- candidate_valid=false rung=- pre_dist=-m | cache_used=false path_age=- path_points=0 planning_time_ms=0.1 | reason=no_static_obstacle_in_range | cache_reason=no_cache
1787341205.830 [STATIC_AVOID] obs_id=- obs_dist=-m obs_s=- ego_s=11.16 side=- | left_clearance=- right_clearance=- candidate_valid=false rung=- pre_dist=-m | cache_used=false path_age=- path_points=0 planning_time_ms=0.1 | reason=no_static_obstacle_in_range | cache_reason=no_cache
1787341206.431 [STATIC_AVOID] obs_id=- obs_dist=-m obs_s=- ego_s=12.32 side=- | left_clearance=- right_clearance=- candidate_valid=false rung=- pre_dist=-m | cache_used=false path_age=- path_points=0 planning_time_ms=0.1 | reason=no_static_obstacle_in_range | cache_reason=no_cache
1787341207.032 [STATIC_AVOID] obs_id=- obs_dist=-m obs_s=- ego_s=13.61 side=- | left_clearance=- right_clearance=- candidate_valid=false rung=- pre_dist=-m | cache_used=false path_age=- path_points=0 planning_time_ms=0.1 | reason=no_static_obstacle_in_range | cache_reason=no_cache
1787341207.630 [STATIC_AVOID] obs_id=- obs_dist=-m obs_s=- ego_s=14.83 side=- | left_clearance=- right_clearance=- candidate_valid=false rung=- pre_dist=-m | cache_used=false path_age=- path_points=0 planning_time_ms=0.1 | reason=no_static_obstacle_in_range | cache_reason=no_cache
1787341208.138 [STATIC_AVOID] obs_id=- obs_dist=-m obs_s=- ego_s=15.54 side=- | left_clearance=- right_clearance=- candidate_valid=false rung=- pre_dist=-m | cache_used=false path_age=- path_points=0 planning_time_ms=0.1 | reason=no_static_obstacle_in_range | cache_reason=no_cache
1787341208.726 [STATIC_AVOID] obs_id=- obs_dist=-m obs_s=- ego_s=16.32 side=- | left_clearance=- right_clearance=- candidate_valid=false rung=- pre_dist=-m | cache_used=false path_age=- path_points=0 planning_time_ms=0.1 | reason=no_static_obstacle_in_range | cache_reason=no_cache
1787341209.229 [STATIC_AVOID] obs_id=- obs_dist=-m obs_s=- ego_s=17.07 side=- | left_clearance=- right_clearance=- candidate_valid=false rung=- pre_dist=-m | cache_used=false path_age=- path_points=0 planning_time_ms=0.1 | reason=no_static_obstacle_in_range | cache_reason=no_cache
1787341209.827 [STATIC_AVOID] obs_id=- obs_dist=-m obs_s=- ego_s=17.75 side=- | left_clearance=- right_clearance=- candidate_valid=false rung=- pre_dist=-m | cache_used=false path_age=- path_points=0 planning_time_ms=0.1 | reason=no_static_obstacle_in_range | cache_reason=no_cache
1787341210.333 [STATIC_AVOID] obs_id=25 obs_dist=6.26m obs_s=24.96 ego_s=18.70 side=- | left_clearance=0.40 right_clearance=-0.18 candidate_valid=false rung=- pre_dist=2.32m | cache_used=false path_age=- path_points=0 planning_time_ms=7.6 | reason=obstacle_clearance | cache_reason=no_cache
1787341210.836 [STATIC_AVOID] obs_id=25 obs_dist=5.47m obs_s=24.97 ego_s=19.51 side=LEFT | left_clearance=0.50 right_clearance=-0.17 candidate_valid=true rung=2 pre_dist=2.33m | cache_used=false path_age=0.000 path_points=116 planning_time_ms=10.3
1787341211.451 [STATIC_AVOID] obs_id=25 obs_dist=4.28m obs_s=24.94 ego_s=20.66 side=LEFT | left_clearance=0.32 right_clearance=-0.19 candidate_valid=true rung=2 pre_dist=2.30m | cache_used=false path_age=0.000 path_points=111 planning_time_ms=18.5
1787341212.038 [STATIC_AVOID] obs_id=24 obs_dist=2.87m obs_s=24.70 ego_s=21.83 side=LEFT | left_clearance=0.47 right_clearance=-0.22 candidate_valid=true rung=0 pre_dist=2.21m | cache_used=false path_age=0.000 path_points=101 planning_time_ms=6.0
1787341212.630 [STATIC_AVOID] obs_id=24 obs_dist=2.43m obs_s=24.70 ego_s=22.27 side=LEFT | left_clearance=0.15 right_clearance=-0.28 candidate_valid=false rung=- pre_dist=2.49m | cache_used=false path_age=- path_points=0 planning_time_ms=3.6 | reason=group_obstacle_clearance | cache_reason=cache_collision
1787341213.142 [STATIC_AVOID] obs_id=24 obs_dist=1.90m obs_s=24.55 ego_s=22.66 side=LEFT | left_clearance=0.17 right_clearance=-0.24 candidate_valid=true rung=2 pre_dist=2.34m | cache_used=false path_age=0.000 path_points=103 planning_time_ms=14.7
1787341213.730 [STATIC_AVOID] obs_id=24 obs_dist=2.19m obs_s=24.55 ego_s=22.37 side=LEFT | left_clearance=0.17 right_clearance=-0.24 candidate_valid=false rung=- pre_dist=2.00m | cache_used=false path_age=- path_points=0 planning_time_ms=3.6 | reason=group_obstacle_clearance | cache_reason=cache_expired
1787341214.330 [STATIC_AVOID] obs_id=24 obs_dist=2.32m obs_s=24.55 ego_s=22.23 side=LEFT | left_clearance=0.17 right_clearance=-0.24 candidate_valid=true rung=0 pre_dist=2.00m | cache_used=false path_age=0.000 path_points=102 planning_time_ms=4.4
1787341214.832 [STATIC_AVOID] obs_id=24 obs_dist=2.15m obs_s=24.55 ego_s=22.40 side=LEFT | left_clearance=0.61 right_clearance=-0.24 candidate_valid=true rung=0 pre_dist=2.00m | cache_used=false path_age=0.000 path_points=101 planning_time_ms=4.7
1787341215.431 [STATIC_AVOID] obs_id=24 obs_dist=1.84m obs_s=24.52 ego_s=22.68 side=LEFT | left_clearance=0.57 right_clearance=-0.30 candidate_valid=true rung=0 pre_dist=2.00m | cache_used=false path_age=0.000 path_points=101 planning_time_ms=3.9
1787341215.937 [STATIC_AVOID] obs_id=24 obs_dist=1.50m obs_s=24.50 ego_s=23.01 side=LEFT | left_clearance=0.57 right_clearance=-0.30 candidate_valid=true rung=0 pre_dist=2.00m | cache_used=false path_age=0.000 path_points=101 planning_time_ms=8.9
1787341216.530 [STATIC_AVOID] obs_id=24 obs_dist=0.47m obs_s=24.39 ego_s=23.92 side=LEFT | left_clearance=0.64 right_clearance=-0.21 candidate_valid=true rung=0 pre_dist=2.00m | cache_used=false path_age=0.000 path_points=101 planning_time_ms=4.8
1787341217.133 [STATIC_AVOID] obs_id=24 obs_dist=-0.55m obs_s=24.39 ego_s=24.93 side=LEFT | left_clearance=0.58 right_clearance=-0.21 candidate_valid=true rung=0 pre_dist=2.88m | cache_used=false path_age=0.000 path_points=101 planning_time_ms=3.6
1787341217.727 [STATIC_AVOID] obs_id=- obs_dist=-m obs_s=- ego_s=25.79 side=- | left_clearance=- right_clearance=- candidate_valid=false rung=- pre_dist=-m | cache_used=false path_age=- path_points=0 planning_time_ms=0.1 | reason=no_static_obstacle_in_range | cache_reason=no_cache
1787341218.233 [STATIC_AVOID] obs_id=- obs_dist=-m obs_s=- ego_s=26.32 side=- | left_clearance=- right_clearance=- candidate_valid=false rung=- pre_dist=-m | cache_used=false path_age=- path_points=0 planning_time_ms=0.1 | reason=no_static_obstacle_in_range | cache_reason=no_cache
1787341218.827 [STATIC_AVOID] obs_id=- obs_dist=-m obs_s=- ego_s=27.03 side=- | left_clearance=- right_clearance=- candidate_valid=false rung=- pre_dist=-m | cache_used=false path_age=- path_points=0 planning_time_ms=0.1 | reason=no_static_obstacle_in_range | cache_reason=no_cache
1787341219.329 [STATIC_AVOID] obs_id=- obs_dist=-m obs_s=- ego_s=27.48 side=- | left_clearance=- right_clearance=- candidate_valid=false rung=- pre_dist=-m | cache_used=false path_age=- path_points=0 planning_time_ms=0.1 | reason=no_static_obstacle_in_range | cache_reason=no_cache
1787341219.927 [STATIC_AVOID] obs_id=- obs_dist=-m obs_s=- ego_s=27.79 side=- | left_clearance=- right_clearance=- candidate_valid=false rung=- pre_dist=-m | cache_used=false path_age=- path_points=0 planning_time_ms=0.1 | reason=no_static_obstacle_in_range | cache_reason=no_cache
1787341220.428 [STATIC_AVOID] obs_id=- obs_dist=-m obs_s=- ego_s=27.81 side=- | left_clearance=- right_clearance=- candidate_valid=false rung=- pre_dist=-m | cache_used=false path_age=- path_points=0 planning_time_ms=0.1 | reason=no_static_obstacle_in_range | cache_reason=no_cache
1787341221.030 [STATIC_AVOID] obs_id=- obs_dist=-m obs_s=- ego_s=27.67 side=- | left_clearance=- right_clearance=- candidate_valid=false rung=- pre_dist=-m | cache_used=false path_age=- path_points=0 planning_time_ms=0.1 | reason=no_static_obstacle_in_range | cache_reason=no_cache
1787341221.531 [STATIC_AVOID] obs_id=- obs_dist=-m obs_s=- ego_s=27.67 side=- | left_clearance=- right_clearance=- candidate_valid=false rung=- pre_dist=-m | cache_used=false path_age=- path_points=0 planning_time_ms=0.1 | reason=no_static_obstacle_in_range | cache_reason=no_cache
1787341222.031 [STATIC_AVOID] obs_id=- obs_dist=-m obs_s=- ego_s=27.68 side=- | left_clearance=- right_clearance=- candidate_valid=false rung=- pre_dist=-m | cache_used=false path_age=- path_points=0 planning_time_ms=0.2 | reason=no_static_obstacle_in_range | cache_reason=no_cache
1787341222.644 [STATIC_AVOID] obs_id=- obs_dist=-m obs_s=- ego_s=27.67 side=- | left_clearance=- right_clearance=- candidate_valid=false rung=- pre_dist=-m | cache_used=false path_age=- path_points=0 planning_time_ms=0.2 | reason=no_static_obstacle_in_range | cache_reason=no_cache
