# state_machine debug log started 20260815_155720  map='0815test1'
1786777046.203 [OBSTACLES] cur_s=5.62 cur_d=-0.37 vs=0.00 n=0 [none]
1786777046.203 [STATE_CHANGE] None -> LOSTLINE src=GB_TRACK s=5.62 d=-0.37 vs=0.00
1786777046.343 [STATE_CHANGE] LOSTLINE -> RECOVERY src=RECOVERY s=5.62 d=-0.38 vs=0.00
1786777046.744 [OBSTACLES] cur_s=5.63 cur_d=-0.38 vs=0.00 n=0 [none]
1786777047.283 [OBSTACLES] cur_s=5.63 cur_d=-0.38 vs=0.00 n=0 [none]
1786777047.845 [OBSTACLES] cur_s=5.63 cur_d=-0.38 vs=0.00 n=0 [none]
1786777048.368 [OBSTACLES] cur_s=5.63 cur_d=-0.38 vs=0.00 n=0 [none]
1786777048.934 [OBSTACLES] cur_s=5.63 cur_d=-0.38 vs=0.00 n=0 [none]
1786777049.438 [OBSTACLES] cur_s=5.63 cur_d=-0.39 vs=0.00 n=0 [none]
1786777049.993 [OBSTACLES] cur_s=5.64 cur_d=-0.38 vs=0.00 n=0 [none]
1786777050.506 [OBSTACLES] cur_s=5.66 cur_d=-0.39 vs=0.00 n=0 [none]
1786777050.696 [STATIC_OT] state=RECOVERY path_exists=0 path_locked=0 path_ttl_ok=0 path_safe=0 on_spline=0 speed=0.00 raw_wpnts=0 raw_age=-s decision=TRAILING reason=NO_STATIC_PATH
1786777050.700 [STATE_CHANGE] RECOVERY -> TRAILING src=RECOVERY s=5.66 d=-0.39 vs=0.00
1786777050.903 [STATIC_OT] state=TRAILING path_exists=0 path_locked=0 path_ttl_ok=0 path_safe=0 on_spline=0 speed=0.00 raw_wpnts=0 raw_age=-s decision=TRAILING reason=NO_STATIC_PATH
1786777050.983 [STATE_CHANGE] TRAILING -> RECOVERY src=RECOVERY s=5.65 d=-0.40 vs=0.00
1786777051.031 [OBSTACLES] cur_s=5.64 cur_d=-0.40 vs=0.00 n=0 [none]
1786777051.065 [STATE_CHANGE] RECOVERY -> TRAILING src=RECOVERY s=5.64 d=-0.40 vs=0.00
1786777051.136 [STATIC_OT] state=TRAILING path_exists=0 path_locked=0 path_ttl_ok=0 path_safe=0 on_spline=0 speed=0.00 raw_wpnts=0 raw_age=-s decision=TRAILING reason=NO_STATIC_PATH
1786777051.230 [STATE_CHANGE] TRAILING -> RECOVERY src=RECOVERY s=5.64 d=-0.40 vs=0.00
1786777051.295 [STATE_CHANGE] RECOVERY -> TRAILING src=RECOVERY s=5.64 d=-0.40 vs=0.00
1786777051.333 [STATE_CHANGE] TRAILING -> RECOVERY src=RECOVERY s=5.64 d=-0.40 vs=0.00
1786777051.378 [STATIC_OT] state=RECOVERY path_exists=0 path_locked=0 path_ttl_ok=0 path_safe=0 on_spline=0 speed=0.00 raw_wpnts=0 raw_age=-s decision=TRAILING reason=NO_STATIC_PATH
1786777051.379 [STATE_CHANGE] RECOVERY -> TRAILING src=RECOVERY s=5.64 d=-0.40 vs=0.00
1786777051.578 [OBSTACLES] cur_s=5.65 cur_d=-0.40 vs=0.00 n=1 [id=2 static=0 gap=6.52m d=0.11 size=0.31]
1786777051.584 [STATIC_OT] state=TRAILING path_exists=0 path_locked=0 path_ttl_ok=0 path_safe=0 on_spline=0 speed=0.00 raw_wpnts=0 raw_age=-s decision=TRAILING reason=NO_STATIC_PATH
1786777051.813 [STATIC_OT] state=TRAILING path_exists=0 path_locked=0 path_ttl_ok=0 path_safe=0 on_spline=0 speed=0.00 raw_wpnts=0 raw_age=-s decision=TRAILING reason=NO_STATIC_PATH
1786777052.036 [STATIC_OT] state=TRAILING path_exists=0 path_locked=0 path_ttl_ok=0 path_safe=0 on_spline=0 speed=0.50 raw_wpnts=0 raw_age=-s decision=TRAILING reason=NO_STATIC_PATH
1786777052.084 [OBSTACLES] cur_s=5.72 cur_d=-0.41 vs=0.85 n=1 [id=2 static=0 gap=6.59m d=0.11 size=0.38]
1786777052.141 [STATE_CHANGE] TRAILING -> RECOVERY src=RECOVERY s=5.76 d=-0.41 vs=0.97
1786777052.185 [STATE_CHANGE] RECOVERY -> TRAILING src=RECOVERY s=5.78 d=-0.39 vs=1.19
1786777052.242 [STATIC_OT] state=TRAILING path_exists=0 path_locked=0 path_ttl_ok=0 path_safe=0 on_spline=0 speed=1.28 raw_wpnts=0 raw_age=-s decision=TRAILING reason=NO_STATIC_PATH
1786777052.540 [STATIC_OT] state=TRAILING path_exists=0 path_locked=0 path_ttl_ok=0 path_safe=0 on_spline=0 speed=1.76 raw_wpnts=0 raw_age=-s decision=TRAILING reason=NO_STATIC_PATH
1786777052.654 [OBSTACLES] cur_s=6.07 cur_d=-0.19 vs=2.01 n=0 [none]
1786777052.654 [STATE_CHANGE] TRAILING -> RECOVERY src=RECOVERY s=6.07 d=-0.19 vs=2.01
1786777052.945 [STATE_CHANGE] RECOVERY -> GB_TRACK src=GB_TRACK s=6.76 d=-0.02 vs=2.74
1786777053.158 [OBSTACLES] cur_s=7.50 cur_d=-0.08 vs=3.15 n=0 [none]
1786777053.588 [STATIC_OT] state=GB_TRACK path_exists=0 path_locked=0 path_ttl_ok=0 path_safe=0 on_spline=0 speed=3.43 raw_wpnts=0 raw_age=-s decision=TRAILING reason=NO_STATIC_PATH
1786777053.589 [STATE_CHANGE] GB_TRACK -> TRAILING src=GB_TRACK s=9.31 d=-0.15 vs=3.43
1786777053.695 [OBSTACLES] cur_s=9.90 cur_d=-0.08 vs=3.41 n=1 [id=4 static=1 gap=2.09m d=0.23 size=0.32]
1786777053.904 [STATIC_OT] state=TRAILING path_exists=1 path_locked=0 path_ttl_ok=1 path_safe=0 on_spline=1 speed=3.14 raw_wpnts=102 raw_age=0.54s decision=TRAILING reason=PATH_BLOCKED blocked_obs_id=4 gap=1.85m free_dist=0.023m branch=static/geom
1786777054.166 [STATIC_OT] state=TRAILING path_exists=1 path_locked=0 path_ttl_ok=1 path_safe=0 on_spline=1 speed=2.72 raw_wpnts=97 raw_age=0.65s decision=TRAILING reason=PATH_BLOCKED blocked_obs_id=4 gap=0.95m free_dist=0.026m branch=static/geom
1786777054.270 [OBSTACLES] cur_s=11.56 cur_d=0.21 vs=2.47 n=1 [id=4 static=1 gap=0.49m d=0.18 size=0.38]
1786777054.273 [STATIC_OT_TRANSITION] first_valid_path_to_overtake_ms=0.0
1786777054.284 [STATE_CHANGE] TRAILING -> OVERTAKE src=OVERTAKE s=11.56 d=0.21 vs=2.47
1786777054.813 [OBSTACLES] cur_s=12.64 cur_d=0.08 vs=2.42 n=0 [none]
1786777055.374 [OBSTACLES] cur_s=13.67 cur_d=-0.14 vs=2.61 n=0 [none]
1786777055.906 [OBSTACLES] cur_s=15.65 cur_d=0.20 vs=2.29 n=0 [none]
1786777056.468 [OBSTACLES] cur_s=16.57 cur_d=0.05 vs=2.64 n=0 [none]
1786777056.989 [OBSTACLES] cur_s=18.50 cur_d=0.17 vs=3.41 n=0 [none]
1786777056.994 [STATE_CHANGE] OVERTAKE -> LOSTLINE src=GB_TRACK s=18.50 d=0.17 vs=3.41
1786777057.090 [STATE_CHANGE] LOSTLINE -> GB_TRACK src=GB_TRACK s=18.91 d=0.15 vs=3.40
1786777057.548 [OBSTACLES] cur_s=20.44 cur_d=-0.14 vs=3.43 n=0 [none]
1786777058.075 [OBSTACLES] cur_s=22.15 cur_d=0.07 vs=3.11 n=0 [none]
1786777058.610 [OBSTACLES] cur_s=1.20 cur_d=0.02 vs=2.61 n=0 [none]
1786777059.138 [OBSTACLES] cur_s=2.61 cur_d=0.26 vs=2.82 n=0 [none]
1786777059.226 [STATE_CHANGE] GB_TRACK -> LOSTLINE src=GB_TRACK s=2.94 d=0.32 vs=2.80
1786777059.603 [STATE_CHANGE] LOSTLINE -> GB_TRACK src=GB_TRACK s=4.22 d=0.21 vs=2.20
1786777059.648 [OBSTACLES] cur_s=4.26 cur_d=0.18 vs=2.06 n=0 [none]
1786777060.169 [OBSTACLES] cur_s=5.52 cur_d=-0.07 vs=2.39 n=1 [id=7 static=1 gap=7.15m d=-0.76 size=0.31]
1786777060.567 [STATIC_OT] state=GB_TRACK path_exists=1 path_locked=0 path_ttl_ok=1 path_safe=1 on_spline=1 speed=3.14 raw_wpnts=122 raw_age=0.12s decision=OVERTAKE
1786777060.567 [STATE_CHANGE] GB_TRACK -> OVERTAKE src=OVERTAKE s=6.56 d=0.03 vs=3.14
1786777060.681 [OBSTACLES] cur_s=7.10 cur_d=0.21 vs=3.28 n=1 [id=8 static=1 gap=4.66m d=-0.32 size=0.39]
1786777061.149 [STATIC_OT] state=OVERTAKE path_exists=1 path_locked=1 path_ttl_ok=1 path_safe=1 on_spline=1 speed=3.15 raw_wpnts=110 raw_age=0.17s decision=OVERTAKE
1786777061.188 [OBSTACLES] cur_s=8.28 cur_d=0.01 vs=3.09 n=1 [id=8 static=0 gap=3.33m d=0.25 size=0.33]
1786777061.192 [STATE_CHANGE] OVERTAKE -> TRAILING src=GB_TRACK s=8.28 d=0.01 vs=3.09
1786777061.262 [STATE_CHANGE] TRAILING -> LOSTLINE src=GB_TRACK s=8.39 d=-0.08 vs=3.05
1786777061.355 [STATIC_OT] state=GB_TRACK path_exists=1 path_locked=0 path_ttl_ok=0 path_safe=0 on_spline=0 speed=3.20 raw_wpnts=0 raw_age=-s decision=TRAILING reason=NO_STATIC_PATH
1786777061.355 [STATE_CHANGE] LOSTLINE -> TRAILING src=GB_TRACK s=8.74 d=-0.25 vs=3.20
1786777061.562 [STATIC_OT] state=TRAILING path_exists=1 path_locked=0 path_ttl_ok=0 path_safe=0 on_spline=0 speed=3.01 raw_wpnts=0 raw_age=-s decision=TRAILING reason=NO_STATIC_PATH
1786777061.697 [OBSTACLES] cur_s=9.73 cur_d=-0.34 vs=2.92 n=1 [id=8 static=0 gap=1.78m d=-0.03 size=0.35]
1786777061.785 [STATE_CHANGE] TRAILING -> RECOVERY src=RECOVERY s=9.97 d=-0.26 vs=2.62
1786777061.863 [STATIC_OT] state=RECOVERY path_exists=1 path_locked=0 path_ttl_ok=0 path_safe=0 on_spline=1 speed=2.29 raw_wpnts=0 raw_age=-s decision=TRAILING reason=NO_STATIC_PATH
1786777061.864 [STATE_CHANGE] RECOVERY -> TRAILING src=RECOVERY s=10.21 d=-0.15 vs=2.29
1786777062.116 [STATIC_OT] state=TRAILING path_exists=1 path_locked=0 path_ttl_ok=0 path_safe=0 on_spline=1 speed=2.00 raw_wpnts=0 raw_age=-s decision=TRAILING reason=NO_STATIC_PATH
1786777062.282 [OBSTACLES] cur_s=11.16 cur_d=0.15 vs=1.90 n=1 [id=8 static=0 gap=0.33m d=-0.06 size=0.36]
1786777062.344 [STATIC_OT] state=TRAILING path_exists=1 path_locked=0 path_ttl_ok=0 path_safe=0 on_spline=1 speed=1.81 raw_wpnts=0 raw_age=-s decision=TRAILING reason=NO_STATIC_PATH
1786777062.565 [STATIC_OT] state=TRAILING path_exists=1 path_locked=0 path_ttl_ok=0 path_safe=0 on_spline=1 speed=1.03 raw_wpnts=0 raw_age=-s decision=TRAILING reason=NO_STATIC_PATH
1786777062.790 [OBSTACLES] cur_s=11.60 cur_d=0.08 vs=0.65 n=0 [none]
1786777062.791 [STATE_CHANGE] TRAILING -> RECOVERY src=RECOVERY s=11.60 d=0.08 vs=0.65
1786777063.328 [OBSTACLES] cur_s=11.73 cur_d=0.10 vs=0.62 n=0 [none]
1786777063.931 [OBSTACLES] cur_s=12.89 cur_d=0.15 vs=2.36 n=0 [none]
1786777064.561 [OBSTACLES] cur_s=14.75 cur_d=0.18 vs=2.70 n=0 [none]
1786777065.101 [OBSTACLES] cur_s=16.38 cur_d=0.05 vs=2.32 n=0 [none]
1786777065.250 [STATE_CHANGE] RECOVERY -> GB_TRACK src=GB_TRACK s=16.46 d=0.00 vs=2.41
1786777065.637 [OBSTACLES] cur_s=17.49 cur_d=0.13 vs=2.90 n=0 [none]
1786777065.786 [STATE_CHANGE] GB_TRACK -> LOSTLINE src=GB_TRACK s=18.21 d=0.40 vs=3.28
1786777066.080 [STATE_CHANGE] LOSTLINE -> RECOVERY src=RECOVERY s=19.24 d=0.38 vs=3.22
1786777066.209 [OBSTACLES] cur_s=19.59 cur_d=0.17 vs=3.05 n=0 [none]
1786777066.741 [OBSTACLES] cur_s=21.19 cur_d=-0.15 vs=3.16 n=0 [none]
1786777066.922 [STATE_CHANGE] RECOVERY -> GB_TRACK src=GB_TRACK s=21.68 d=0.01 vs=3.08
1786777067.278 [OBSTACLES] cur_s=0.40 cur_d=0.20 vs=2.64 n=0 [none]
1786777067.801 [OBSTACLES] cur_s=1.29 cur_d=-0.32 vs=2.13 n=0 [none]
1786777067.804 [STATE_CHANGE] GB_TRACK -> LOSTLINE src=GB_TRACK s=1.29 d=-0.32 vs=2.13
1786777068.098 [STATE_CHANGE] LOSTLINE -> GB_TRACK src=GB_TRACK s=1.99 d=-0.25 vs=2.61
1786777068.309 [OBSTACLES] cur_s=2.53 cur_d=-0.05 vs=2.47 n=0 [none]
1786777068.639 [STATE_CHANGE] GB_TRACK -> LOSTLINE src=GB_TRACK s=3.32 d=0.32 vs=2.40
1786777068.821 [OBSTACLES] cur_s=3.90 cur_d=0.29 vs=2.42 n=0 [none]
1786777068.821 [STATE_CHANGE] LOSTLINE -> GB_TRACK src=GB_TRACK s=3.90 d=0.29 vs=2.42
1786777069.175 [STATE_CHANGE] GB_TRACK -> LOSTLINE src=GB_TRACK s=4.50 d=-0.30 vs=1.64
1786777069.299 [STATE_CHANGE] LOSTLINE -> RECOVERY src=RECOVERY s=4.71 d=-0.42 vs=1.79
1786777069.396 [OBSTACLES] cur_s=4.81 cur_d=-0.47 vs=1.91 n=0 [none]
1786777069.931 [OBSTACLES] cur_s=5.64 cur_d=-0.30 vs=2.42 n=0 [none]
1786777070.016 [STATIC_OT] state=RECOVERY path_exists=0 path_locked=0 path_ttl_ok=0 path_safe=0 on_spline=0 speed=2.49 raw_wpnts=0 raw_age=-s decision=TRAILING reason=NO_STATIC_PATH
1786777070.018 [STATE_CHANGE] RECOVERY -> TRAILING src=RECOVERY s=5.85 d=-0.12 vs=2.49
1786777070.306 [STATIC_OT] state=TRAILING path_exists=0 path_locked=0 path_ttl_ok=0 path_safe=0 on_spline=0 speed=2.66 raw_wpnts=0 raw_age=-s decision=TRAILING reason=NO_STATIC_PATH
1786777070.502 [OBSTACLES] cur_s=6.94 cur_d=0.22 vs=2.54 n=1 [id=12 static=1 gap=4.30m d=-0.17 size=0.39]
1786777070.522 [STATIC_OT] state=TRAILING path_exists=1 path_locked=0 path_ttl_ok=1 path_safe=0 on_spline=1 speed=2.54 raw_wpnts=118 raw_age=0.76s decision=TRAILING reason=PATH_BLOCKED blocked_obs_id=12 gap=4.5m free_dist=0.04m branch=static/geom
1786777070.756 [STATIC_OT] state=TRAILING path_exists=1 path_locked=0 path_ttl_ok=1 path_safe=0 on_spline=1 speed=1.78 raw_wpnts=117 raw_age=0.76s decision=TRAILING reason=PATH_BLOCKED blocked_obs_id=12 gap=3.93m free_dist=-0.021m branch=static/geom
1786777071.020 [OBSTACLES] cur_s=7.82 cur_d=-0.09 vs=1.15 n=1 [id=12 static=1 gap=3.44m d=-0.08 size=0.35]
1786777071.033 [STATIC_OT] state=TRAILING path_exists=1 path_locked=0 path_ttl_ok=1 path_safe=0 on_spline=1 speed=1.15 raw_wpnts=113 raw_age=0.78s decision=TRAILING reason=PATH_BLOCKED blocked_obs_id=12 gap=3.61m free_dist=-0.043m branch=static/geom
1786777071.370 [STATIC_OT] state=TRAILING path_exists=1 path_locked=0 path_ttl_ok=1 path_safe=1 on_spline=1 speed=0.39 raw_wpnts=107 raw_age=0.97s decision=OVERTAKE
1786777071.381 [STATE_CHANGE] TRAILING -> OVERTAKE src=OVERTAKE s=8.04 d=-0.01 vs=0.39
1786777071.590 [OBSTACLES] cur_s=8.06 cur_d=0.00 vs=-0.09 n=1 [id=12 static=1 gap=3.17m d=-0.10 size=0.36]
1786777072.095 [OBSTACLES] cur_s=8.69 cur_d=0.10 vs=2.15 n=1 [id=12 static=1 gap=2.57m d=-0.09 size=0.30]
1786777072.596 [STATIC_OT] state=OVERTAKE path_exists=1 path_locked=1 path_ttl_ok=1 path_safe=0 on_spline=1 speed=3.39 raw_wpnts=85 raw_age=0.50s decision=TRAILING reason=PATH_BLOCKED blocked_obs_id=13 gap=1.28m free_dist=-0.03m branch=static/geom
1786777072.598 [STATE_CHANGE] OVERTAKE -> TRAILING src=GB_TRACK s=9.91 d=0.31 vs=3.39
1786777072.672 [OBSTACLES] cur_s=10.18 cur_d=0.32 vs=3.28 n=1 [id=13 static=1 gap=0.86m d=0.05 size=0.37]
1786777072.873 [STATIC_OT] state=TRAILING path_exists=1 path_locked=0 path_ttl_ok=1 path_safe=1 on_spline=0 speed=3.13 raw_wpnts=85 raw_age=0.52s decision=OVERTAKE
1786777072.873 [STATE_CHANGE] TRAILING -> OVERTAKE src=OVERTAKE s=10.78 d=0.27 vs=3.13
1786777073.002 [STATE_CHANGE] OVERTAKE -> LOSTLINE src=GB_TRACK s=11.28 d=0.18 vs=2.60
1786777073.063 [STATE_CHANGE] LOSTLINE -> GB_TRACK src=GB_TRACK s=11.41 d=0.14 vs=2.47
1786777073.264 [OBSTACLES] cur_s=11.98 cur_d=0.21 vs=2.04 n=0 [none]
1786777073.803 [OBSTACLES] cur_s=13.56 cur_d=0.06 vs=2.83 n=0 [none]
1786777074.353 [OBSTACLES] cur_s=15.15 cur_d=0.25 vs=2.50 n=0 [none]
1786777074.856 [OBSTACLES] cur_s=16.40 cur_d=0.09 vs=2.23 n=0 [none]
1786777075.403 [OBSTACLES] cur_s=17.99 cur_d=0.30 vs=3.30 n=0 [none]
1786777075.403 [STATE_CHANGE] GB_TRACK -> LOSTLINE src=GB_TRACK s=17.99 d=0.30 vs=3.30
1786777075.461 [STATE_CHANGE] LOSTLINE -> RECOVERY src=RECOVERY s=18.15 d=0.33 vs=3.35
1786777075.912 [OBSTACLES] cur_s=19.68 cur_d=-0.04 vs=3.23 n=0 [none]
1786777075.913 [STATE_CHANGE] RECOVERY -> GB_TRACK src=GB_TRACK s=19.68 d=-0.04 vs=3.23
1786777076.476 [OBSTACLES] cur_s=21.47 cur_d=-0.01 vs=3.27 n=0 [none]
1786777076.990 [OBSTACLES] cur_s=0.72 cur_d=0.04 vs=2.41 n=0 [none]
1786777077.661 [OBSTACLES] cur_s=2.14 cur_d=-0.14 vs=2.68 n=0 [none]
1786777078.204 [OBSTACLES] cur_s=3.48 cur_d=0.29 vs=2.55 n=0 [none]
1786777078.722 [OBSTACLES] cur_s=4.47 cur_d=-0.25 vs=1.71 n=0 [none]
1786777078.806 [STATE_CHANGE] GB_TRACK -> LOSTLINE src=GB_TRACK s=4.58 d=-0.33 vs=1.74
1786777079.282 [OBSTACLES] cur_s=5.54 cur_d=-0.37 vs=2.26 n=0 [none]
1786777079.463 [STATIC_OT] state=GB_TRACK path_exists=0 path_locked=0 path_ttl_ok=0 path_safe=0 on_spline=0 speed=2.24 raw_wpnts=0 raw_age=-s decision=TRAILING reason=NO_STATIC_PATH
1786777079.475 [STATE_CHANGE] LOSTLINE -> TRAILING src=GB_TRACK s=5.84 d=-0.18 vs=2.24
1786777079.718 [STATIC_OT] state=TRAILING path_exists=0 path_locked=0 path_ttl_ok=0 path_safe=0 on_spline=0 speed=2.45 raw_wpnts=0 raw_age=-s decision=TRAILING reason=NO_STATIC_PATH
1786777079.807 [OBSTACLES] cur_s=6.64 cur_d=0.16 vs=2.52 n=1 [id=17 static=1 gap=4.87m d=-0.29 size=0.38]
1786777079.963 [STATIC_OT] state=TRAILING path_exists=0 path_locked=0 path_ttl_ok=0 path_safe=0 on_spline=0 speed=2.35 raw_wpnts=0 raw_age=-s decision=TRAILING reason=NO_STATIC_PATH
1786777080.213 [STATIC_OT] state=TRAILING path_exists=1 path_locked=0 path_ttl_ok=1 path_safe=0 on_spline=1 speed=1.72 raw_wpnts=116 raw_age=0.65s decision=TRAILING reason=PATH_BLOCKED blocked_obs_id=17 gap=4.55m free_dist=0.065m branch=static/geom
1786777080.322 [OBSTACLES] cur_s=7.44 cur_d=-0.02 vs=1.32 n=1 [id=17 static=0 gap=4.13m d=-0.10 size=0.38]
1786777080.476 [STATIC_OT] state=TRAILING path_exists=1 path_locked=0 path_ttl_ok=1 path_safe=0 on_spline=1 speed=1.06 raw_wpnts=110 raw_age=0.54s decision=TRAILING reason=PATH_BLOCKED blocked_obs_id=17 gap=4.09m free_dist=0.07m branch=dyn/nopred (id_mismatch or empty)
1786777080.710 [STATIC_OT] state=TRAILING path_exists=1 path_locked=0 path_ttl_ok=1 path_safe=1 on_spline=1 speed=0.96 raw_wpnts=102 raw_age=0.60s decision=OVERTAKE
1786777080.710 [STATE_CHANGE] TRAILING -> OVERTAKE src=OVERTAKE s=7.76 d=-0.00 vs=0.96
1786777080.843 [OBSTACLES] cur_s=7.88 cur_d=-0.00 vs=1.36 n=1 [id=17 static=1 gap=3.63m d=-0.18 size=0.37]
1786777081.432 [OBSTACLES] cur_s=9.04 cur_d=0.03 vs=2.99 n=1 [id=17 static=1 gap=2.53m d=-0.17 size=0.25]
1786777081.958 [OBSTACLES] cur_s=10.89 cur_d=0.29 vs=2.90 n=1 [id=17 static=1 gap=0.61m d=-0.16 size=0.36]
1786777082.502 [OBSTACLES] cur_s=12.48 cur_d=0.12 vs=2.09 n=0 [none]
1786777083.032 [OBSTACLES] cur_s=13.53 cur_d=0.19 vs=2.49 n=0 [none]
1786777083.580 [OBSTACLES] cur_s=15.19 cur_d=0.10 vs=2.40 n=0 [none]
1786777084.124 [OBSTACLES] cur_s=16.48 cur_d=-0.01 vs=2.44 n=0 [none]
1786777084.276 [STATE_CHANGE] OVERTAKE -> LOSTLINE src=GB_TRACK s=16.91 d=0.08 vs=2.59
1786777084.430 [STATE_CHANGE] LOSTLINE -> GB_TRACK src=GB_TRACK s=17.37 d=0.19 vs=2.98
1786777084.634 [OBSTACLES] cur_s=17.82 cur_d=0.21 vs=3.35 n=0 [none]
1786777085.156 [OBSTACLES] cur_s=19.74 cur_d=-0.12 vs=3.42 n=0 [none]
1786777085.704 [OBSTACLES] cur_s=21.73 cur_d=0.09 vs=3.39 n=0 [none]
1786777086.207 [OBSTACLES] cur_s=0.79 cur_d=-0.01 vs=2.45 n=0 [none]
1786777086.780 [OBSTACLES] cur_s=2.14 cur_d=0.06 vs=2.69 n=0 [none]
1786777087.167 [STATE_CHANGE] GB_TRACK -> LOSTLINE src=GB_TRACK s=3.17 d=0.34 vs=2.64
1786777087.283 [OBSTACLES] cur_s=3.56 cur_d=0.34 vs=2.62 n=0 [none]
1786777087.497 [STATE_CHANGE] LOSTLINE -> GB_TRACK src=GB_TRACK s=4.05 d=0.19 vs=2.18
1786777087.806 [OBSTACLES] cur_s=4.68 cur_d=-0.17 vs=2.00 n=0 [none]
1786777088.317 [OBSTACLES] cur_s=5.63 cur_d=-0.17 vs=2.61 n=0 [none]
1786777088.496 [STATIC_OT] state=GB_TRACK path_exists=0 path_locked=0 path_ttl_ok=0 path_safe=0 on_spline=0 speed=2.71 raw_wpnts=0 raw_age=-s decision=TRAILING reason=NO_STATIC_PATH
1786777088.496 [STATE_CHANGE] GB_TRACK -> TRAILING src=GB_TRACK s=6.11 d=0.07 vs=2.71
1786777088.707 [STATIC_OT] state=TRAILING path_exists=0 path_locked=0 path_ttl_ok=0 path_safe=0 on_spline=0 speed=3.32 raw_wpnts=0 raw_age=-s decision=TRAILING reason=NO_STATIC_PATH
1786777088.926 [OBSTACLES] cur_s=7.33 cur_d=0.21 vs=3.03 n=1 [id=20 static=1 gap=4.13m d=-0.13 size=0.17]
1786777088.930 [STATIC_OT] state=TRAILING path_exists=1 path_locked=0 path_ttl_ok=1 path_safe=1 on_spline=1 speed=3.03 raw_wpnts=120 raw_age=0.67s decision=OVERTAKE
1786777088.933 [STATE_CHANGE] TRAILING -> OVERTAKE src=OVERTAKE s=7.33 d=0.21 vs=3.03
1786777089.018 [STATE_CHANGE] OVERTAKE -> TRAILING src=GB_TRACK s=7.55 d=0.17 vs=2.81
1786777089.185 [STATIC_OT] state=TRAILING path_exists=1 path_locked=0 path_ttl_ok=1 path_safe=0 on_spline=1 speed=2.43 raw_wpnts=115 raw_age=0.61s decision=TRAILING reason=PATH_BLOCKED blocked_obs_id=20 gap=3.74m free_dist=-0.037m branch=static/geom
1786777089.460 [OBSTACLES] cur_s=8.57 cur_d=-0.13 vs=2.26 n=1 [id=20 static=1 gap=2.81m d=0.01 size=0.36]
1786777089.472 [STATIC_OT] state=TRAILING path_exists=1 path_locked=0 path_ttl_ok=1 path_safe=0 on_spline=1 speed=2.26 raw_wpnts=109 raw_age=0.62s decision=TRAILING reason=PATH_BLOCKED blocked_obs_id=20 gap=2.99m free_dist=-0.085m branch=static/geom
1786777089.725 [STATIC_OT] state=TRAILING path_exists=1 path_locked=0 path_ttl_ok=1 path_safe=1 on_spline=1 speed=1.59 raw_wpnts=100 raw_age=0.64s decision=OVERTAKE
1786777089.730 [STATE_CHANGE] TRAILING -> OVERTAKE src=OVERTAKE s=9.07 d=-0.03 vs=1.59
1786777090.001 [OBSTACLES] cur_s=9.38 cur_d=0.04 vs=1.00 n=1 [id=20 static=1 gap=2.01m d=-0.02 size=0.34]
1786777090.517 [OBSTACLES] cur_s=10.46 cur_d=0.13 vs=2.85 n=1 [id=20 static=1 gap=0.93m d=-0.01 size=0.35]
1786777091.102 [OBSTACLES] cur_s=12.08 cur_d=0.36 vs=2.29 n=0 [none]
1786777091.606 [OBSTACLES] cur_s=13.23 cur_d=0.03 vs=2.19 n=0 [none]
1786777092.164 [OBSTACLES] cur_s=15.01 cur_d=0.25 vs=2.46 n=0 [none]
1786777092.676 [OBSTACLES] cur_s=15.93 cur_d=-0.25 vs=1.99 n=0 [none]
1786777093.231 [OBSTACLES] cur_s=17.07 cur_d=0.05 vs=2.59 n=0 [none]
1786777093.294 [STATE_CHANGE] OVERTAKE -> LOSTLINE src=GB_TRACK s=17.15 d=0.08 vs=2.60
1786777093.393 [STATE_CHANGE] LOSTLINE -> GB_TRACK src=GB_TRACK s=17.44 d=0.17 vs=2.99
1786777093.754 [OBSTACLES] cur_s=18.88 cur_d=0.06 vs=3.23 n=0 [none]
1786777094.266 [OBSTACLES] cur_s=20.41 cur_d=-0.19 vs=3.38 n=0 [none]
1786777094.849 [OBSTACLES] cur_s=0.17 cur_d=0.14 vs=2.97 n=0 [none]
1786777095.367 [OBSTACLES] cur_s=1.20 cur_d=-0.23 vs=2.29 n=0 [none]
1786777095.882 [OBSTACLES] cur_s=2.59 cur_d=0.11 vs=2.62 n=0 [none]
1786777096.467 [OBSTACLES] cur_s=4.03 cur_d=0.13 vs=2.38 n=0 [none]
1786777097.052 [OBSTACLES] cur_s=5.48 cur_d=0.09 vs=2.68 n=0 [none]
1786777097.314 [STATIC_OT] state=GB_TRACK path_exists=0 path_locked=0 path_ttl_ok=0 path_safe=0 on_spline=0 speed=3.01 raw_wpnts=0 raw_age=-s decision=TRAILING reason=NO_STATIC_PATH
1786777097.319 [STATE_CHANGE] GB_TRACK -> TRAILING src=GB_TRACK s=6.14 d=0.19 vs=3.01
1786777097.585 [OBSTACLES] cur_s=7.32 cur_d=0.24 vs=3.40 n=1 [id=21 static=1 gap=4.08m d=-0.09 size=0.44]
1786777097.590 [STATIC_OT] state=TRAILING path_exists=0 path_locked=0 path_ttl_ok=0 path_safe=0 on_spline=0 speed=3.40 raw_wpnts=0 raw_age=-s decision=TRAILING reason=NO_STATIC_PATH
1786777097.661 [STATE_CHANGE] TRAILING -> OVERTAKE src=OVERTAKE s=7.60 d=0.22 vs=3.15
1786777097.900 [STATIC_OT] state=OVERTAKE path_exists=1 path_locked=1 path_ttl_ok=1 path_safe=0 on_spline=1 speed=2.77 raw_wpnts=119 raw_age=0.58s decision=TRAILING reason=PATH_BLOCKED blocked_obs_id=21 gap=3.77m free_dist=0.053m branch=static/geom
1786777097.904 [STATE_CHANGE] OVERTAKE -> TRAILING src=GB_TRACK s=7.92 d=0.08 vs=2.77
1786777098.137 [OBSTACLES] cur_s=8.71 cur_d=-0.08 vs=3.17 n=1 [id=21 static=1 gap=2.77m d=0.02 size=0.36]
1786777098.157 [STATIC_OT] state=TRAILING path_exists=1 path_locked=0 path_ttl_ok=1 path_safe=0 on_spline=1 speed=3.17 raw_wpnts=109 raw_age=0.55s decision=TRAILING reason=PATH_BLOCKED blocked_obs_id=21 gap=2.95m free_dist=0.076m branch=static/geom
1786777098.491 [STATIC_OT] state=TRAILING path_exists=1 path_locked=0 path_ttl_ok=1 path_safe=1 on_spline=1 speed=2.41 raw_wpnts=98 raw_age=0.63s decision=OVERTAKE
1786777098.495 [STATE_CHANGE] TRAILING -> OVERTAKE src=OVERTAKE s=9.55 d=0.10 vs=2.41
1786777098.644 [OBSTACLES] cur_s=9.96 cur_d=0.16 vs=2.01 n=1 [id=21 static=1 gap=1.49m d=0.01 size=0.34]
1786777099.236 [OBSTACLES] cur_s=11.10 cur_d=0.14 vs=2.01 n=1 [id=21 static=1 gap=0.30m d=0.00 size=0.42]
1786777099.742 [OBSTACLES] cur_s=12.16 cur_d=0.58 vs=1.86 n=0 [none]
1786777100.495 [OBSTACLES] cur_s=13.53 cur_d=-0.09 vs=2.14 n=0 [none]
1786777101.011 [OBSTACLES] cur_s=14.88 cur_d=0.29 vs=2.40 n=0 [none]
1786777101.518 [OBSTACLES] cur_s=16.03 cur_d=-0.26 vs=1.84 n=0 [none]
1786777102.019 [OBSTACLES] cur_s=16.81 cur_d=-0.19 vs=2.46 n=0 [none]
1786777102.232 [STATE_CHANGE] OVERTAKE -> GB_TRACK src=GB_TRACK s=17.45 d=0.03 vs=2.75
1786777102.546 [OBSTACLES] cur_s=18.00 cur_d=0.16 vs=3.29 n=0 [none]
1786777103.046 [OBSTACLES] cur_s=19.95 cur_d=-0.28 vs=3.39 n=0 [none]
1786777103.118 [STATE_CHANGE] GB_TRACK -> RECOVERY src=RECOVERY s=20.20 d=-0.29 vs=3.43
1786777103.516 [STATE_CHANGE] RECOVERY -> GB_TRACK src=GB_TRACK s=21.49 d=-0.02 vs=3.01
1786777103.570 [OBSTACLES] cur_s=21.67 cur_d=0.02 vs=2.93 n=0 [none]
1786777104.104 [OBSTACLES] cur_s=0.72 cur_d=-0.13 vs=2.47 n=0 [none]
1786777104.660 [OBSTACLES] cur_s=1.93 cur_d=-0.02 vs=2.64 n=0 [none]
1786777104.971 [STATE_CHANGE] GB_TRACK -> LOSTLINE src=GB_TRACK s=2.80 d=0.31 vs=2.57
1786777105.177 [OBSTACLES] cur_s=3.68 cur_d=0.28 vs=2.53 n=0 [none]
1786777105.186 [STATE_CHANGE] LOSTLINE -> GB_TRACK src=GB_TRACK s=3.68 d=0.28 vs=2.53
1786777105.714 [OBSTACLES] cur_s=4.53 cur_d=-0.13 vs=2.07 n=0 [none]
1786777106.240 [OBSTACLES] cur_s=6.09 cur_d=0.07 vs=2.89 n=0 [none]
1786777106.599 [STATE_CHANGE] GB_TRACK -> LOSTLINE src=GB_TRACK s=7.07 d=0.33 vs=3.37
1786777106.743 [OBSTACLES] cur_s=7.71 cur_d=0.35 vs=3.33 n=0 [none]
1786777106.880 [STATE_CHANGE] LOSTLINE -> GB_TRACK src=GB_TRACK s=7.76 d=0.25 vs=3.20
1786777107.148 [STATE_CHANGE] GB_TRACK -> LOSTLINE src=GB_TRACK s=8.61 d=-0.31 vs=3.31
1786777107.311 [OBSTACLES] cur_s=9.07 cur_d=-0.36 vs=3.41 n=0 [none]
1786777107.400 [STATE_CHANGE] LOSTLINE -> GB_TRACK src=GB_TRACK s=9.65 d=-0.26 vs=3.27
1786777107.885 [OBSTACLES] cur_s=10.84 cur_d=0.30 vs=2.85 n=0 [none]
1786777107.886 [STATE_CHANGE] GB_TRACK -> LOSTLINE src=GB_TRACK s=10.84 d=0.30 vs=2.85
1786777108.158 [STATE_CHANGE] LOSTLINE -> GB_TRACK src=GB_TRACK s=11.84 d=0.14 vs=2.20
1786777108.399 [STATIC_OT] state=GB_TRACK path_exists=0 path_locked=0 path_ttl_ok=0 path_safe=0 on_spline=0 speed=2.06 raw_wpnts=0 raw_age=-s decision=TRAILING reason=NO_STATIC_PATH
1786777108.399 [STATE_CHANGE] GB_TRACK -> TRAILING src=GB_TRACK s=12.22 d=-0.18 vs=2.06
1786777108.458 [OBSTACLES] cur_s=12.31 cur_d=-0.22 vs=2.14 n=1 [id=23 static=1 gap=1.94m d=0.41 size=0.32]
1786777108.713 [STATIC_OT] state=TRAILING path_exists=0 path_locked=0 path_ttl_ok=0 path_safe=0 on_spline=0 speed=1.99 raw_wpnts=0 raw_age=-s decision=TRAILING reason=NO_STATIC_PATH
1786777108.864 [STATE_CHANGE] TRAILING -> OVERTAKE src=OVERTAKE s=13.05 d=-0.27 vs=1.80
1786777108.989 [OBSTACLES] cur_s=13.11 cur_d=-0.27 vs=1.40 n=1 [id=23 static=1 gap=1.01m d=0.31 size=0.36]
1786777109.182 [STATIC_OT] state=OVERTAKE path_exists=1 path_locked=1 path_ttl_ok=1 path_safe=0 on_spline=1 speed=1.08 raw_wpnts=78 raw_age=0.77s decision=TRAILING reason=PATH_BLOCKED blocked_obs_id=23 gap=1.02m free_dist=0.013m branch=static/geom
1786777109.191 [STATE_CHANGE] OVERTAKE -> TRAILING src=GB_TRACK s=13.25 d=-0.10 vs=1.08
1786777109.467 [STATIC_OT] state=TRAILING path_exists=1 path_locked=0 path_ttl_ok=1 path_safe=0 on_spline=1 speed=1.83 raw_wpnts=76 raw_age=0.73s decision=TRAILING reason=PATH_BLOCKED blocked_obs_id=23 gap=0.58m free_dist=0.025m branch=static/geom
1786777109.604 [OBSTACLES] cur_s=13.99 cur_d=0.15 vs=1.42 n=1 [id=23 static=1 gap=0.02m d=0.27 size=0.45]
1786777109.614 [STATE_CHANGE] TRAILING -> OVERTAKE src=OVERTAKE s=13.99 d=0.15 vs=1.42
1786777110.123 [OBSTACLES] cur_s=14.82 cur_d=-0.01 vs=2.29 n=1 [id=25 static=1 gap=1.08m d=-0.51 size=0.22]
1786777110.681 [OBSTACLES] cur_s=16.32 cur_d=0.05 vs=2.50 n=0 [none]
1786777111.232 [OBSTACLES] cur_s=17.67 cur_d=0.25 vs=3.37 n=0 [none]
1786777111.755 [OBSTACLES] cur_s=19.69 cur_d=-0.02 vs=3.38 n=0 [none]
1786777111.905 [STATE_CHANGE] OVERTAKE -> LOSTLINE src=GB_TRACK s=20.13 d=-0.09 vs=3.43
1786777112.037 [STATE_CHANGE] LOSTLINE -> GB_TRACK src=GB_TRACK s=20.43 d=-0.11 vs=3.44
1786777112.308 [OBSTACLES] cur_s=21.41 cur_d=-0.02 vs=3.41 n=0 [none]
1786777112.859 [OBSTACLES] cur_s=0.65 cur_d=0.08 vs=2.61 n=0 [none]
1786777113.359 [OBSTACLES] cur_s=2.10 cur_d=-0.00 vs=2.72 n=0 [none]
1786777113.866 [OBSTACLES] cur_s=3.49 cur_d=0.29 vs=2.69 n=0 [none]
1786777114.472 [OBSTACLES] cur_s=4.94 cur_d=-0.14 vs=2.16 n=0 [none]
1786777115.053 [OBSTACLES] cur_s=6.00 cur_d=0.01 vs=2.56 n=0 [none]
1786777115.351 [STATE_CHANGE] GB_TRACK -> LOSTLINE src=GB_TRACK s=6.99 d=0.29 vs=3.34
1786777115.471 [STATE_CHANGE] LOSTLINE -> GB_TRACK src=GB_TRACK s=7.35 d=0.28 vs=3.35
1786777115.556 [OBSTACLES] cur_s=7.54 cur_d=0.26 vs=3.30 n=0 [none]
1786777116.068 [OBSTACLES] cur_s=9.29 cur_d=-0.14 vs=3.39 n=0 [none]
1786777116.579 [OBSTACLES] cur_s=10.80 cur_d=0.24 vs=3.17 n=0 [none]
1786777117.131 [OBSTACLES] cur_s=12.61 cur_d=-0.04 vs=2.68 n=0 [none]
1786777117.389 [STATIC_OT] state=GB_TRACK path_exists=0 path_locked=0 path_ttl_ok=0 path_safe=0 on_spline=0 speed=2.79 raw_wpnts=0 raw_age=-s decision=TRAILING reason=NO_STATIC_PATH
1786777117.390 [STATE_CHANGE] GB_TRACK -> TRAILING src=GB_TRACK s=13.26 d=0.05 vs=2.79
1786777117.597 [STATIC_OT] state=TRAILING path_exists=0 path_locked=0 path_ttl_ok=0 path_safe=0 on_spline=0 speed=2.64 raw_wpnts=0 raw_age=-s decision=TRAILING reason=NO_STATIC_PATH
1786777117.687 [OBSTACLES] cur_s=14.20 cur_d=0.23 vs=2.59 n=1 [id=29 static=1 gap=1.85m d=-0.39 size=0.28]
1786777117.860 [STATIC_OT] state=TRAILING path_exists=1 path_locked=0 path_ttl_ok=1 path_safe=0 on_spline=1 speed=2.37 raw_wpnts=97 raw_age=0.69s decision=TRAILING reason=PATH_BLOCKED blocked_obs_id=30 gap=2.2m free_dist=-0.102m branch=static/geom
1786777118.170 [STATIC_OT] state=TRAILING path_exists=1 path_locked=0 path_ttl_ok=1 path_safe=0 on_spline=1 speed=1.44 raw_wpnts=84 raw_age=0.55s decision=TRAILING reason=PATH_BLOCKED blocked_obs_id=30 gap=1.52m free_dist=-0.184m branch=static/geom
1786777118.337 [OBSTACLES] cur_s=15.52 cur_d=0.13 vs=0.95 n=0 [none]
1786777118.341 [STATE_CHANGE] TRAILING -> LOSTLINE src=GB_TRACK s=15.52 d=0.13 vs=0.95
1786777118.461 [STATIC_OT] state=GB_TRACK path_exists=1 path_locked=0 path_ttl_ok=1 path_safe=1 on_spline=1 speed=0.79 raw_wpnts=80 raw_age=0.59s decision=OVERTAKE
1786777118.461 [STATE_CHANGE] LOSTLINE -> OVERTAKE src=OVERTAKE s=15.58 d=0.16 vs=0.79
1786777118.843 [OBSTACLES] cur_s=15.88 cur_d=0.20 vs=1.21 n=1 [id=31 static=1 gap=0.75m d=-0.15 size=0.36]
1786777119.394 [OBSTACLES] cur_s=16.83 cur_d=0.35 vs=2.04 n=0 [none]
1786777119.965 [OBSTACLES] cur_s=18.40 cur_d=-0.03 vs=3.26 n=0 [none]
1786777120.481 [OBSTACLES] cur_s=20.01 cur_d=-0.04 vs=3.41 n=0 [none]
1786777121.023 [OBSTACLES] cur_s=22.29 cur_d=0.04 vs=3.21 n=0 [none]
1786777121.026 [STATE_CHANGE] OVERTAKE -> GB_TRACK src=GB_TRACK s=22.29 d=0.04 vs=3.21
1786777121.526 [OBSTACLES] cur_s=1.35 cur_d=0.06 vs=2.60 n=0 [none]
1786777121.954 [STATE_CHANGE] GB_TRACK -> LOSTLINE src=GB_TRACK s=2.21 d=0.29 vs=2.75
1786777122.006 [STATE_CHANGE] LOSTLINE -> RECOVERY src=RECOVERY s=2.38 d=0.32 vs=2.72
1786777122.187 [OBSTACLES] cur_s=3.17 cur_d=0.36 vs=2.84 n=0 [none]
1786777122.572 [STATE_CHANGE] RECOVERY -> GB_TRACK src=GB_TRACK s=4.07 d=0.04 vs=1.96
1786777122.690 [OBSTACLES] cur_s=4.44 cur_d=-0.09 vs=1.98 n=0 [none]
1786777123.205 [OBSTACLES] cur_s=5.60 cur_d=0.03 vs=2.54 n=0 [none]
1786777123.723 [OBSTACLES] cur_s=7.00 cur_d=0.19 vs=3.36 n=0 [none]
1786777124.254 [OBSTACLES] cur_s=8.89 cur_d=-0.15 vs=3.43 n=0 [none]
1786777124.808 [OBSTACLES] cur_s=10.41 cur_d=0.11 vs=3.41 n=0 [none]
1786777125.414 [OBSTACLES] cur_s=12.64 cur_d=0.06 vs=2.78 n=0 [none]
1786777125.915 [OBSTACLES] cur_s=13.87 cur_d=0.22 vs=2.79 n=0 [none]
1786777126.115 [STATIC_OT] state=GB_TRACK path_exists=0 path_locked=0 path_ttl_ok=0 path_safe=0 on_spline=0 speed=2.74 raw_wpnts=0 raw_age=-s decision=TRAILING reason=NO_STATIC_PATH
1786777126.115 [STATE_CHANGE] GB_TRACK -> TRAILING src=GB_TRACK s=14.72 d=0.29 vs=2.74
1786777126.444 [OBSTACLES] cur_s=15.57 cur_d=0.02 vs=2.02 n=0 [none]
1786777126.444 [STATE_CHANGE] TRAILING -> GB_TRACK src=GB_TRACK s=15.57 d=0.02 vs=2.02
1786777127.148 [OBSTACLES] cur_s=16.61 cur_d=0.07 vs=2.24 n=1 [id=34 static=1 gap=0.09m d=0.26 size=0.32]
1786777127.163 [STATIC_OT] state=GB_TRACK path_exists=0 path_locked=0 path_ttl_ok=0 path_safe=0 on_spline=0 speed=2.24 raw_wpnts=0 raw_age=-s decision=TRAILING reason=NO_STATIC_PATH
1786777127.163 [STATE_CHANGE] GB_TRACK -> TRAILING src=GB_TRACK s=16.61 d=0.07 vs=2.24
1786777127.287 [STATE_CHANGE] TRAILING -> LOSTLINE src=GB_TRACK s=16.87 d=0.18 vs=2.38
1786777127.438 [STATE_CHANGE] LOSTLINE -> GB_TRACK src=GB_TRACK s=17.15 d=0.26 vs=2.33
1786777127.548 [STATE_CHANGE] GB_TRACK -> LOSTLINE src=GB_TRACK s=17.65 d=0.30 vs=2.63
1786777127.658 [OBSTACLES] cur_s=18.46 cur_d=0.27 vs=3.15 n=0 [none]
1786777127.658 [STATE_CHANGE] LOSTLINE -> GB_TRACK src=GB_TRACK s=18.46 d=0.27 vs=3.15
1786777128.161 [OBSTACLES] cur_s=19.78 cur_d=-0.24 vs=3.35 n=0 [none]
1786777128.694 [OBSTACLES] cur_s=21.53 cur_d=0.01 vs=3.29 n=0 [none]
1786777129.239 [OBSTACLES] cur_s=0.66 cur_d=-0.02 vs=2.48 n=0 [none]
1786777129.770 [OBSTACLES] cur_s=1.78 cur_d=-0.15 vs=2.63 n=0 [none]
1786777130.298 [OBSTACLES] cur_s=3.07 cur_d=0.34 vs=2.57 n=0 [none]
1786777130.298 [STATE_CHANGE] GB_TRACK -> LOSTLINE src=GB_TRACK s=3.07 d=0.34 vs=2.57
1786777130.536 [STATE_CHANGE] LOSTLINE -> GB_TRACK src=GB_TRACK s=3.88 d=0.24 vs=2.20
1786777130.799 [OBSTACLES] cur_s=4.24 cur_d=-0.03 vs=1.96 n=0 [none]
1786777131.122 [STATE_CHANGE] GB_TRACK -> LOSTLINE src=GB_TRACK s=4.84 d=-0.31 vs=2.26
1786777131.341 [OBSTACLES] cur_s=5.29 cur_d=-0.22 vs=2.47 n=0 [none]
1786777131.344 [STATE_CHANGE] LOSTLINE -> GB_TRACK src=GB_TRACK s=5.29 d=-0.22 vs=2.47
1786777131.891 [OBSTACLES] cur_s=6.86 cur_d=0.21 vs=3.30 n=0 [none]
1786777132.424 [OBSTACLES] cur_s=8.52 cur_d=-0.21 vs=3.37 n=0 [none]
1786777132.927 [OBSTACLES] cur_s=10.27 cur_d=0.12 vs=3.24 n=0 [none]
1786777133.468 [OBSTACLES] cur_s=11.97 cur_d=-0.00 vs=2.52 n=0 [none]
1786777134.029 [OBSTACLES] cur_s=13.10 cur_d=-0.17 vs=2.68 n=0 [none]
1786777134.519 [STATE_CHANGE] GB_TRACK -> LOSTLINE src=GB_TRACK s=14.56 d=0.32 vs=2.49
1786777134.591 [OBSTACLES] cur_s=14.88 cur_d=0.34 vs=2.46 n=0 [none]
1786777134.654 [STATE_CHANGE] LOSTLINE -> GB_TRACK src=GB_TRACK s=15.09 d=0.29 vs=2.32
1786777135.124 [OBSTACLES] cur_s=15.59 cur_d=-0.26 vs=1.45 n=0 [none]
1786777135.154 [STATE_CHANGE] GB_TRACK -> LOSTLINE src=GB_TRACK s=15.67 d=-0.33 vs=1.52
1786777135.318 [STATIC_OT] state=GB_TRACK path_exists=0 path_locked=0 path_ttl_ok=0 path_safe=0 on_spline=0 speed=1.64 raw_wpnts=0 raw_age=-s decision=TRAILING reason=NO_STATIC_PATH
1786777135.324 [STATE_CHANGE] LOSTLINE -> TRAILING src=GB_TRACK s=15.86 d=-0.42 vs=1.64
1786777135.550 [STATE_CHANGE] TRAILING -> LOSTLINE src=GB_TRACK s=16.16 d=-0.51 vs=1.99
1786777135.647 [OBSTACLES] cur_s=16.19 cur_d=-0.51 vs=1.99 n=0 [none]
1786777135.797 [STATIC_OT] state=GB_TRACK path_exists=1 path_locked=0 path_ttl_ok=1 path_safe=0 on_spline=1 speed=1.52 raw_wpnts=90 raw_age=0.64s decision=TRAILING reason=PATH_BLOCKED blocked_obs_id=36 gap=2.25m free_dist=0.017m branch=static/geom
1786777135.797 [STATE_CHANGE] LOSTLINE -> TRAILING src=GB_TRACK s=16.64 d=-0.24 vs=1.52
1786777136.031 [STATIC_OT] state=TRAILING path_exists=1 path_locked=0 path_ttl_ok=0 path_safe=0 on_spline=1 speed=1.77 raw_wpnts=0 raw_age=-s decision=TRAILING reason=NO_STATIC_PATH
1786777136.132 [STATE_CHANGE] TRAILING -> LOSTLINE src=GB_TRACK s=17.52 d=0.20 vs=1.85
1786777136.214 [OBSTACLES] cur_s=17.67 cur_d=0.26 vs=1.83 n=0 [none]
1786777136.214 [STATE_CHANGE] LOSTLINE -> GB_TRACK src=GB_TRACK s=17.67 d=0.26 vs=1.83
1786777136.372 [STATIC_OT] state=GB_TRACK path_exists=1 path_locked=0 path_ttl_ok=1 path_safe=1 on_spline=1 speed=1.74 raw_wpnts=77 raw_age=0.52s decision=OVERTAKE
1786777136.372 [STATE_CHANGE] GB_TRACK -> OVERTAKE src=OVERTAKE s=17.88 d=0.29 vs=1.74
1786777136.749 [OBSTACLES] cur_s=18.51 cur_d=0.06 vs=2.55 n=1 [id=37 static=1 gap=0.67m d=0.31 size=0.37]
1786777137.257 [OBSTACLES] cur_s=19.57 cur_d=-0.15 vs=2.89 n=0 [none]
1786777137.812 [OBSTACLES] cur_s=21.46 cur_d=0.15 vs=3.40 n=0 [none]
1786777138.364 [OBSTACLES] cur_s=0.68 cur_d=-0.13 vs=2.58 n=0 [none]
1786777138.653 [STATE_CHANGE] OVERTAKE -> LOSTLINE src=GB_TRACK s=1.36 d=0.14 vs=2.39
1786777138.727 [STATE_CHANGE] LOSTLINE -> GB_TRACK src=GB_TRACK s=1.58 d=0.23 vs=2.42
1786777138.810 [STATE_CHANGE] GB_TRACK -> LOSTLINE src=GB_TRACK s=1.90 d=0.32 vs=2.51
1786777138.879 [OBSTACLES] cur_s=2.21 cur_d=0.33 vs=2.63 n=0 [none]
1786777139.020 [STATE_CHANGE] LOSTLINE -> GB_TRACK src=GB_TRACK s=2.59 d=0.26 vs=2.69
1786777139.379 [OBSTACLES] cur_s=3.41 cur_d=-0.12 vs=2.37 n=0 [none]
1786777139.911 [OBSTACLES] cur_s=4.70 cur_d=-0.03 vs=2.42 n=0 [none]
1786777140.463 [OBSTACLES] cur_s=5.91 cur_d=0.21 vs=2.75 n=0 [none]
1786777140.978 [OBSTACLES] cur_s=7.64 cur_d=-0.02 vs=3.39 n=0 [none]
1786777141.485 [OBSTACLES] cur_s=9.65 cur_d=0.01 vs=3.41 n=0 [none]
1786777142.010 [OBSTACLES] cur_s=11.42 cur_d=0.14 vs=3.17 n=0 [none]
1786777142.533 [OBSTACLES] cur_s=12.55 cur_d=0.05 vs=2.77 n=0 [none]
1786777143.105 [OBSTACLES] cur_s=14.47 cur_d=0.24 vs=2.77 n=0 [none]
1786777143.625 [OBSTACLES] cur_s=15.94 cur_d=-0.05 vs=2.11 n=0 [none]
1786777144.137 [OBSTACLES] cur_s=16.91 cur_d=0.09 vs=2.43 n=0 [none]
1786777144.210 [STATIC_OT] state=GB_TRACK path_exists=0 path_locked=0 path_ttl_ok=0 path_safe=0 on_spline=0 speed=2.54 raw_wpnts=0 raw_age=-s decision=TRAILING reason=NO_STATIC_PATH
1786777144.210 [STATE_CHANGE] GB_TRACK -> TRAILING src=GB_TRACK s=17.17 d=0.12 vs=2.54
1786777144.406 [STATE_CHANGE] TRAILING -> OVERTAKE src=OVERTAKE s=17.73 d=0.24 vs=3.05
1786777144.673 [OBSTACLES] cur_s=18.78 cur_d=0.19 vs=2.87 n=1 [id=38 static=1 gap=1.37m d=0.32 size=0.34]
1786777145.213 [OBSTACLES] cur_s=20.20 cur_d=-0.36 vs=3.42 n=0 [none]
1786777145.730 [OBSTACLES] cur_s=21.70 cur_d=-0.01 vs=3.04 n=0 [none]
1786777146.245 [OBSTACLES] cur_s=0.93 cur_d=-0.13 vs=2.44 n=0 [none]
1786777146.809 [OBSTACLES] cur_s=2.31 cur_d=-0.04 vs=2.71 n=0 [none]
1786777147.236 [STATE_CHANGE] OVERTAKE -> LOSTLINE src=GB_TRACK s=3.25 d=0.27 vs=2.60
1786777147.352 [OBSTACLES] cur_s=3.64 cur_d=0.30 vs=2.67 n=0 [none]
1786777147.465 [STATE_CHANGE] LOSTLINE -> GB_TRACK src=GB_TRACK s=4.01 d=0.24 vs=2.50
1786777147.886 [OBSTACLES] cur_s=4.94 cur_d=-0.23 vs=2.18 n=0 [none]
1786777148.460 [OBSTACLES] cur_s=6.10 cur_d=0.05 vs=2.78 n=0 [none]
1786777148.965 [OBSTACLES] cur_s=7.63 cur_d=0.12 vs=3.29 n=0 [none]
1786777149.412 [STATE_CHANGE] GB_TRACK -> LOSTLINE src=GB_TRACK s=9.20 d=-0.29 vs=3.41
1786777149.507 [OBSTACLES] cur_s=9.52 cur_d=-0.23 vs=3.34 n=0 [none]
1786777149.507 [STATE_CHANGE] LOSTLINE -> GB_TRACK src=GB_TRACK s=9.52 d=-0.23 vs=3.34
1786777150.035 [OBSTACLES] cur_s=10.98 cur_d=0.31 vs=2.94 n=0 [none]
1786777150.037 [STATE_CHANGE] GB_TRACK -> LOSTLINE src=GB_TRACK s=10.98 d=0.31 vs=2.94
1786777150.212 [STATE_CHANGE] LOSTLINE -> GB_TRACK src=GB_TRACK s=11.56 d=0.28 vs=2.70
1786777150.648 [OBSTACLES] cur_s=12.45 cur_d=-0.15 vs=2.37 n=0 [none]
1786777151.208 [OBSTACLES] cur_s=13.91 cur_d=0.07 vs=2.55 n=0 [none]
1786777151.751 [OBSTACLES] cur_s=15.59 cur_d=-0.02 vs=2.02 n=0 [none]
1786777152.270 [OBSTACLES] cur_s=16.35 cur_d=-0.20 vs=2.39 n=0 [none]
1786777152.609 [STATIC_OT] state=GB_TRACK path_exists=0 path_locked=0 path_ttl_ok=0 path_safe=0 on_spline=0 speed=2.63 raw_wpnts=0 raw_age=-s decision=TRAILING reason=NO_STATIC_PATH
1786777152.610 [STATE_CHANGE] GB_TRACK -> TRAILING src=GB_TRACK s=16.98 d=0.01 vs=2.63
1786777152.807 [OBSTACLES] cur_s=17.63 cur_d=0.16 vs=2.90 n=1 [id=43 static=1 gap=3.25m d=0.15 size=0.38]
1786777152.810 [STATIC_OT] state=TRAILING path_exists=1 path_locked=0 path_ttl_ok=1 path_safe=1 on_spline=1 speed=2.90 raw_wpnts=104 raw_age=0.41s decision=OVERTAKE
1786777152.812 [STATE_CHANGE] TRAILING -> OVERTAKE src=OVERTAKE s=17.63 d=0.16 vs=2.90
1786777153.328 [OBSTACLES] cur_s=19.31 cur_d=-0.04 vs=2.92 n=1 [id=43 static=1 gap=1.64m d=0.28 size=0.29]
1786777153.948 [OBSTACLES] cur_s=20.59 cur_d=-0.49 vs=2.25 n=1 [id=43 static=1 gap=0.31m d=0.31 size=0.42]
1786777154.680 [OBSTACLES] cur_s=0.46 cur_d=0.24 vs=2.94 n=0 [none]
1786777155.218 [OBSTACLES] cur_s=1.66 cur_d=-0.30 vs=2.27 n=0 [none]
1786777155.749 [OBSTACLES] cur_s=2.81 cur_d=0.02 vs=2.53 n=0 [none]
1786777156.139 [STATE_CHANGE] OVERTAKE -> LOSTLINE src=GB_TRACK s=3.99 d=0.28 vs=2.56
1786777156.211 [STATE_CHANGE] LOSTLINE -> GB_TRACK src=GB_TRACK s=4.18 d=0.22 vs=2.35
1786777156.260 [OBSTACLES] cur_s=4.24 cur_d=0.19 vs=2.30 n=0 [none]
1786777156.710 [STATE_CHANGE] GB_TRACK -> LOSTLINE src=GB_TRACK s=5.09 d=-0.31 vs=2.01
1786777156.879 [OBSTACLES] cur_s=5.23 cur_d=-0.42 vs=2.40 n=0 [none]
1786777157.122 [STATE_CHANGE] LOSTLINE -> GB_TRACK src=GB_TRACK s=5.80 d=-0.27 vs=2.55
1786777157.415 [OBSTACLES] cur_s=6.66 cur_d=0.21 vs=3.06 n=0 [none]
1786777157.973 [OBSTACLES] cur_s=8.49 cur_d=-0.13 vs=3.22 n=0 [none]
1786777158.543 [OBSTACLES] cur_s=10.02 cur_d=-0.11 vs=3.23 n=0 [none]
1786777158.906 [STATE_CHANGE] GB_TRACK -> LOSTLINE src=GB_TRACK s=11.16 d=0.30 vs=2.84
1786777159.086 [OBSTACLES] cur_s=11.89 cur_d=0.14 vs=2.57 n=0 [none]
1786777159.118 [STATE_CHANGE] LOSTLINE -> GB_TRACK src=GB_TRACK s=11.89 d=0.14 vs=2.57
1786777159.352 [STATE_CHANGE] GB_TRACK -> LOSTLINE src=GB_TRACK s=12.61 d=-0.29 vs=2.25
1786777159.609 [OBSTACLES] cur_s=13.01 cur_d=-0.35 vs=2.43 n=0 [none]
1786777159.890 [STATE_CHANGE] LOSTLINE -> GB_TRACK src=GB_TRACK s=13.44 d=-0.24 vs=2.68
1786777160.113 [OBSTACLES] cur_s=14.16 cur_d=0.02 vs=2.36 n=0 [none]
1786777160.617 [OBSTACLES] cur_s=15.42 cur_d=0.03 vs=1.95 n=0 [none]
1786777160.945 [STATE_CHANGE] GB_TRACK -> LOSTLINE src=GB_TRACK s=15.92 d=-0.31 vs=1.91
1786777161.118 [OBSTACLES] cur_s=16.10 cur_d=-0.40 vs=1.98 n=0 [none]
1786777161.474 [STATE_CHANGE] LOSTLINE -> GB_TRACK src=GB_TRACK s=16.64 d=-0.14 vs=2.32
1786777161.640 [OBSTACLES] cur_s=17.25 cur_d=0.01 vs=2.50 n=0 [none]
1786777161.825 [STATIC_OT] state=GB_TRACK path_exists=0 path_locked=0 path_ttl_ok=0 path_safe=0 on_spline=0 speed=2.83 raw_wpnts=0 raw_age=-s decision=TRAILING reason=NO_STATIC_PATH
1786777161.838 [STATE_CHANGE] GB_TRACK -> TRAILING src=GB_TRACK s=17.55 d=0.12 vs=2.83
1786777162.034 [STATIC_OT] state=TRAILING path_exists=0 path_locked=0 path_ttl_ok=0 path_safe=0 on_spline=0 speed=3.36 raw_wpnts=0 raw_age=-s decision=TRAILING reason=NO_STATIC_PATH
1786777162.187 [OBSTACLES] cur_s=18.76 cur_d=0.16 vs=2.99 n=0 [none]
1786777162.187 [STATE_CHANGE] TRAILING -> LOSTLINE src=GB_TRACK s=18.76 d=0.16 vs=2.99
1786777162.266 [STATE_CHANGE] LOSTLINE -> GB_TRACK src=GB_TRACK s=18.90 d=0.11 vs=2.94
1786777162.635 [STATIC_OT] state=GB_TRACK path_exists=1 path_locked=0 path_ttl_ok=1 path_safe=1 on_spline=1 speed=3.06 raw_wpnts=115 raw_age=0.64s decision=OVERTAKE
1786777162.637 [STATE_CHANGE] GB_TRACK -> OVERTAKE src=OVERTAKE s=19.92 d=-0.30 vs=3.06
1786777162.765 [OBSTACLES] cur_s=20.42 cur_d=-0.23 vs=3.17 n=1 [id=48 static=1 gap=2.28m d=0.26 size=0.34]
1786777163.292 [OBSTACLES] cur_s=22.12 cur_d=0.16 vs=2.60 n=1 [id=48 static=1 gap=0.67m d=0.23 size=0.25]
1786777163.816 [OBSTACLES] cur_s=0.63 cur_d=-0.53 vs=2.13 n=0 [none]
1786777164.370 [OBSTACLES] cur_s=1.66 cur_d=-0.26 vs=2.53 n=0 [none]
1786777164.905 [OBSTACLES] cur_s=2.97 cur_d=0.27 vs=2.79 n=0 [none]
1786777165.455 [OBSTACLES] cur_s=4.37 cur_d=-0.28 vs=2.22 n=0 [none]
1786777165.962 [OBSTACLES] cur_s=5.33 cur_d=-0.13 vs=2.48 n=0 [none]
1786777166.411 [STATE_CHANGE] OVERTAKE -> LOSTLINE src=GB_TRACK s=6.54 d=0.11 vs=3.31
1786777166.645 [OBSTACLES] cur_s=7.35 cur_d=0.04 vs=3.37 n=0 [none]
1786777166.656 [STATE_CHANGE] LOSTLINE -> GB_TRACK src=GB_TRACK s=7.35 d=0.04 vs=3.37
1786777167.179 [OBSTACLES] cur_s=9.25 cur_d=-0.16 vs=3.40 n=0 [none]
1786777167.726 [OBSTACLES] cur_s=11.27 cur_d=0.20 vs=3.11 n=0 [none]
1786777168.232 [OBSTACLES] cur_s=12.49 cur_d=-0.11 vs=2.57 n=0 [none]
1786777168.839 [OBSTACLES] cur_s=14.24 cur_d=0.15 vs=2.58 n=0 [none]
1786777169.414 [OBSTACLES] cur_s=15.74 cur_d=-0.06 vs=2.06 n=0 [none]
1786777169.925 [OBSTACLES] cur_s=16.33 cur_d=-0.19 vs=2.39 n=0 [none]
1786777170.443 [OBSTACLES] cur_s=17.99 cur_d=0.27 vs=3.29 n=0 [none]
1786777170.949 [OBSTACLES] cur_s=19.37 cur_d=-0.11 vs=3.00 n=0 [none]
1786777171.155 [STATE_CHANGE] GB_TRACK -> LOSTLINE src=GB_TRACK s=19.98 d=-0.41 vs=3.30
1786777171.465 [OBSTACLES] cur_s=20.99 cur_d=-0.37 vs=3.25 n=0 [none]
1786777171.567 [STATE_CHANGE] LOSTLINE -> GB_TRACK src=GB_TRACK s=21.39 d=-0.22 vs=3.07
1786777172.046 [OBSTACLES] cur_s=0.54 cur_d=0.07 vs=2.52 n=0 [none]
1786777172.613 [OBSTACLES] cur_s=1.64 cur_d=-0.21 vs=2.55 n=1 [id=51 static=1 gap=1.29m d=0.61 size=0.30]
1786777173.114 [OBSTACLES] cur_s=2.73 cur_d=0.19 vs=2.52 n=1 [id=51 static=1 gap=0.13m d=0.60 size=0.35]
1786777173.242 [STATE_CHANGE] GB_TRACK -> LOSTLINE src=GB_TRACK s=3.02 d=0.31 vs=2.50
1786777173.506 [STATE_CHANGE] LOSTLINE -> GB_TRACK src=GB_TRACK s=3.98 d=0.24 vs=2.26
1786777173.708 [OBSTACLES] cur_s=4.27 cur_d=-0.10 vs=1.64 n=0 [none]
1786777173.903 [STATE_CHANGE] GB_TRACK -> LOSTLINE src=GB_TRACK s=4.54 d=-0.37 vs=1.73
1786777174.226 [OBSTACLES] cur_s=5.07 cur_d=-0.58 vs=2.11 n=0 [none]
1786777174.272 [STATE_CHANGE] LOSTLINE -> RECOVERY src=RECOVERY s=5.10 d=-0.54 vs=1.89
1786777174.748 [OBSTACLES] cur_s=5.88 cur_d=0.01 vs=2.24 n=0 [none]
1786777174.749 [STATE_CHANGE] RECOVERY -> GB_TRACK src=GB_TRACK s=5.88 d=0.01 vs=2.24
1786777175.320 [OBSTACLES] cur_s=7.29 cur_d=0.12 vs=3.02 n=0 [none]
1786777175.640 [STATE_CHANGE] GB_TRACK -> LOSTLINE src=GB_TRACK s=8.13 d=-0.37 vs=3.15
1786777175.686 [STATE_CHANGE] LOSTLINE -> RECOVERY src=RECOVERY s=8.16 d=-0.39 vs=3.17
1786777175.880 [OBSTACLES] cur_s=8.84 cur_d=-0.54 vs=3.39 n=0 [none]
1786777176.249 [STATE_CHANGE] RECOVERY -> GB_TRACK src=GB_TRACK s=10.03 d=-0.04 vs=2.10
1786777176.444 [OBSTACLES] cur_s=10.40 cur_d=0.10 vs=2.44 n=0 [none]
1786777177.661 [OBSTACLES] cur_s=11.44 cur_d=-0.11 vs=2.77 n=0 [none]
1786777178.464 [OBSTACLES] cur_s=12.18 cur_d=-0.16 vs=1.40 n=0 [none]
1786777179.361 [OBSTACLES] cur_s=12.80 cur_d=0.19 vs=1.49 n=0 [none]
1786777180.194 [OBSTACLES] cur_s=12.46 cur_d=0.03 vs=0.18 n=0 [none]
1786777180.826 [OBSTACLES] cur_s=12.48 cur_d=0.03 vs=0.18 n=0 [none]
1786777181.826 [OBSTACLES] cur_s=12.69 cur_d=0.51 vs=0.00 n=0 [none]
1786777181.826 [STATE_CHANGE] GB_TRACK -> LOSTLINE src=GB_TRACK s=12.69 d=0.51 vs=0.00
1786777182.747 [OBSTACLES] cur_s=12.96 cur_d=0.63 vs=0.05 n=0 [none]
1786777183.742 [OBSTACLES] cur_s=12.86 cur_d=0.61 vs=0.04 n=0 [none]
1786777184.735 [OBSTACLES] cur_s=12.79 cur_d=0.61 vs=0.02 n=0 [none]
1786777185.246 [OBSTACLES] cur_s=12.81 cur_d=0.55 vs=0.06 n=0 [none]
1786777185.767 [OBSTACLES] cur_s=12.85 cur_d=0.49 vs=0.11 n=0 [none]
1786777186.285 [OBSTACLES] cur_s=12.89 cur_d=0.39 vs=0.02 n=0 [none]
1786777186.748 [STATE_CHANGE] LOSTLINE -> GB_TRACK src=GB_TRACK s=12.92 d=0.28 vs=0.08
1786777186.829 [OBSTACLES] cur_s=12.93 cur_d=0.26 vs=0.05 n=0 [none]
1786777187.331 [OBSTACLES] cur_s=12.95 cur_d=0.17 vs=0.00 n=0 [none]
1786777187.899 [OBSTACLES] cur_s=12.98 cur_d=0.04 vs=0.04 n=0 [none]
1786777188.471 [OBSTACLES] cur_s=13.02 cur_d=-0.13 vs=0.07 n=0 [none]
1786777189.014 [OBSTACLES] cur_s=13.04 cur_d=-0.31 vs=0.05 n=0 [none]
1786777189.015 [STATE_CHANGE] GB_TRACK -> RECOVERY src=RECOVERY s=13.04 d=-0.31 vs=0.05
1786777189.518 [OBSTACLES] cur_s=13.06 cur_d=-0.40 vs=0.00 n=0 [none]
1786777189.564 [STATE_CHANGE] RECOVERY -> LOSTLINE src=GB_TRACK s=12.83 d=0.57 vs=0.02
1786777190.143 [OBSTACLES] cur_s=12.88 cur_d=0.43 vs=0.03 n=0 [none]
1786777190.666 [OBSTACLES] cur_s=12.90 cur_d=0.35 vs=0.03 n=0 [none]
1786777191.051 [STATE_CHANGE] LOSTLINE -> GB_TRACK src=GB_TRACK s=12.92 d=0.28 vs=0.04
1786777191.195 [OBSTACLES] cur_s=12.92 cur_d=0.27 vs=0.04 n=0 [none]
1786777191.715 [OBSTACLES] cur_s=12.96 cur_d=0.10 vs=0.07 n=0 [none]
1786777192.240 [OBSTACLES] cur_s=13.00 cur_d=-0.15 vs=0.08 n=0 [none]
1786777192.562 [STATE_CHANGE] GB_TRACK -> LOSTLINE src=GB_TRACK s=13.02 d=-0.30 vs=0.08
1786777192.772 [OBSTACLES] cur_s=13.04 cur_d=-0.38 vs=0.09 n=0 [none]
1786777193.030 [STATE_CHANGE] LOSTLINE -> RECOVERY src=RECOVERY s=13.05 d=-0.49 vs=0.05
1786777193.414 [OBSTACLES] cur_s=13.06 cur_d=-0.65 vs=0.00 n=0 [none]
1786777193.922 [OBSTACLES] cur_s=13.07 cur_d=-0.71 vs=0.02 n=0 [none]
1786777194.449 [OBSTACLES] cur_s=13.08 cur_d=-0.80 vs=0.00 n=0 [none]
1786777194.962 [OBSTACLES] cur_s=13.08 cur_d=-0.85 vs=0.03 n=0 [none]
1786777195.464 [OBSTACLES] cur_s=13.08 cur_d=-0.88 vs=0.00 n=0 [none]
1786777195.985 [OBSTACLES] cur_s=13.09 cur_d=-0.93 vs=0.02 n=0 [none]
1786777196.509 [OBSTACLES] cur_s=13.09 cur_d=-1.01 vs=0.00 n=0 [none]
1786777197.214 [OBSTACLES] cur_s=13.10 cur_d=-1.12 vs=0.02 n=0 [none]
1786777197.214 [STATE_CHANGE] RECOVERY -> LOSTLINE src=GB_TRACK s=13.10 d=-1.12 vs=0.02
1786777197.747 [OBSTACLES] cur_s=13.11 cur_d=-1.21 vs=0.03 n=0 [none]
1786777198.252 [OBSTACLES] cur_s=13.11 cur_d=-1.35 vs=0.07 n=0 [none]
1786777198.802 [OBSTACLES] cur_s=13.13 cur_d=-1.57 vs=0.03 n=0 [none]
1786777199.349 [OBSTACLES] cur_s=13.13 cur_d=-1.80 vs=0.01 n=0 [none]
1786777199.880 [OBSTACLES] cur_s=13.14 cur_d=-2.04 vs=0.04 n=0 [none]
1786777200.414 [OBSTACLES] cur_s=13.12 cur_d=0.55 vs=0.59 n=0 [none]
1786777200.952 [OBSTACLES] cur_s=13.15 cur_d=0.78 vs=0.89 n=0 [none]
1786777201.475 [OBSTACLES] cur_s=13.33 cur_d=1.00 vs=0.67 n=0 [none]
1786777201.668 [STATIC_OT] state=GB_TRACK path_exists=0 path_locked=0 path_ttl_ok=0 path_safe=0 on_spline=0 speed=0.21 raw_wpnts=0 raw_age=-s decision=TRAILING reason=NO_STATIC_PATH
1786777201.668 [STATE_CHANGE] LOSTLINE -> TRAILING src=GB_TRACK s=13.50 d=1.14 vs=0.21
1786777201.905 [STATIC_OT] state=TRAILING path_exists=0 path_locked=0 path_ttl_ok=0 path_safe=0 on_spline=0 speed=-1.21 raw_wpnts=0 raw_age=-s decision=TRAILING reason=NO_STATIC_PATH
1786777202.049 [OBSTACLES] cur_s=14.92 cur_d=1.12 vs=-0.83 n=1 [id=59 static=1 gap=0.95m d=-0.41 size=0.16]
1786777202.060 [STATE_CHANGE] TRAILING -> OVERTAKE src=OVERTAKE s=14.92 d=1.12 vs=-0.83
1786777202.214 [STATE_CHANGE] OVERTAKE -> LOSTLINE src=GB_TRACK s=15.30 d=1.10 vs=-0.93
1786777202.583 [OBSTACLES] cur_s=15.90 cur_d=1.01 vs=-1.44 n=0 [none]
1786777202.950 [STATE_CHANGE] LOSTLINE -> GB_TRACK src=GB_TRACK s=14.17 d=-0.21 vs=0.13
1786777203.087 [OBSTACLES] cur_s=13.80 cur_d=-0.18 vs=0.88 n=0 [none]
1786777203.191 [STATE_CHANGE] GB_TRACK -> LOSTLINE src=GB_TRACK s=13.63 d=-0.34 vs=1.08
1786777203.348 [STATE_CHANGE] LOSTLINE -> RECOVERY src=RECOVERY s=13.71 d=-0.34 vs=1.06
1786777203.485 [STATE_CHANGE] RECOVERY -> LOSTLINE src=GB_TRACK s=14.13 d=-1.21 vs=0.35
1786777203.625 [OBSTACLES] cur_s=14.00 cur_d=-0.30 vs=0.29 n=0 [none]
1786777203.682 [STATE_CHANGE] LOSTLINE -> GB_TRACK src=GB_TRACK s=14.01 d=-0.25 vs=0.20
1786777203.995 [STATIC_OT] state=GB_TRACK path_exists=0 path_locked=0 path_ttl_ok=0 path_safe=0 on_spline=0 speed=0.31 raw_wpnts=0 raw_age=-s decision=TRAILING reason=NO_STATIC_PATH
1786777203.996 [STATE_CHANGE] GB_TRACK -> TRAILING src=GB_TRACK s=14.04 d=-0.21 vs=0.31
1786777204.054 [STATE_CHANGE] TRAILING -> LOSTLINE src=GB_TRACK s=13.92 d=-0.26 vs=0.46
1786777204.104 [STATE_CHANGE] LOSTLINE -> GB_TRACK src=GB_TRACK s=13.83 d=-0.25 vs=0.53
1786777204.180 [OBSTACLES] cur_s=13.69 cur_d=-0.33 vs=0.64 n=0 [none]
1786777204.182 [STATE_CHANGE] GB_TRACK -> LOSTLINE src=GB_TRACK s=13.69 d=-0.33 vs=0.64
1786777204.311 [STATIC_OT] state=GB_TRACK path_exists=0 path_locked=0 path_ttl_ok=0 path_safe=0 on_spline=0 speed=0.00 raw_wpnts=0 raw_age=-s decision=TRAILING reason=NO_STATIC_PATH
1786777204.312 [STATE_CHANGE] LOSTLINE -> TRAILING src=GB_TRACK s=13.49 d=-0.35 vs=0.00
1786777204.409 [STATE_CHANGE] TRAILING -> RECOVERY src=RECOVERY s=13.44 d=-0.32 vs=0.03
1786777204.435 [STATE_CHANGE] RECOVERY -> TRAILING src=RECOVERY s=13.42 d=-0.33 vs=0.03
1786777204.533 [STATIC_OT] state=TRAILING path_exists=0 path_locked=0 path_ttl_ok=0 path_safe=0 on_spline=0 speed=0.06 raw_wpnts=0 raw_age=-s decision=TRAILING reason=NO_STATIC_PATH
1786777204.716 [OBSTACLES] cur_s=13.25 cur_d=-0.54 vs=0.57 n=1 [id=68 static=0 gap=3.57m d=0.23 size=0.21]
1786777204.749 [STATIC_OT] state=TRAILING path_exists=0 path_locked=0 path_ttl_ok=0 path_safe=0 on_spline=0 speed=0.55 raw_wpnts=0 raw_age=-s decision=TRAILING reason=NO_STATIC_PATH
1786777204.776 [STATE_CHANGE] TRAILING -> LOSTLINE src=GB_TRACK s=13.11 d=-0.60 vs=0.07
1786777205.236 [OBSTACLES] cur_s=13.41 cur_d=-0.56 vs=0.87 n=0 [none]
1786777205.591 [STATE_CHANGE] LOSTLINE -> GB_TRACK src=GB_TRACK s=13.93 d=-0.28 vs=0.49
1786777205.649 [STATE_CHANGE] GB_TRACK -> LOSTLINE src=GB_TRACK s=13.93 d=-0.32 vs=0.56
1786777205.757 [OBSTACLES] cur_s=13.95 cur_d=-0.33 vs=0.51 n=0 [none]
1786777205.957 [STATE_CHANGE] LOSTLINE -> RECOVERY src=RECOVERY s=13.95 d=-0.34 vs=0.54
1786777206.305 [OBSTACLES] cur_s=13.81 cur_d=-0.26 vs=0.05 n=0 [none]
1786777206.462 [STATE_CHANGE] RECOVERY -> LOSTLINE src=GB_TRACK s=13.47 d=-0.38 vs=0.17
1786777206.835 [OBSTACLES] cur_s=13.78 cur_d=-0.34 vs=0.67 n=0 [none]
1786777207.377 [OBSTACLES] cur_s=13.32 cur_d=-0.63 vs=1.13 n=0 [none]
1786777207.942 [OBSTACLES] cur_s=13.23 cur_d=-0.70 vs=1.24 n=0 [none]
1786777208.650 [OBSTACLES] cur_s=13.02 cur_d=-0.84 vs=1.37 n=0 [none]
1786777209.197 [OBSTACLES] cur_s=13.22 cur_d=-0.74 vs=1.19 n=0 [none]
1786777209.752 [OBSTACLES] cur_s=13.05 cur_d=-0.87 vs=1.28 n=0 [none]
1786777210.258 [OBSTACLES] cur_s=12.93 cur_d=-1.00 vs=1.36 n=0 [none]
1786777210.799 [OBSTACLES] cur_s=13.43 cur_d=-0.62 vs=1.04 n=0 [none]
1786777211.361 [OBSTACLES] cur_s=13.97 cur_d=-0.42 vs=0.57 n=0 [none]
1786777211.901 [OBSTACLES] cur_s=13.00 cur_d=-0.97 vs=1.24 n=0 [none]
1786777212.411 [OBSTACLES] cur_s=12.88 cur_d=-0.94 vs=0.00 n=0 [none]
1786777212.939 [OBSTACLES] cur_s=12.83 cur_d=-0.99 vs=0.00 n=0 [none]
1786777213.440 [OBSTACLES] cur_s=12.85 cur_d=-0.94 vs=0.00 n=0 [none]
1786777213.990 [OBSTACLES] cur_s=12.90 cur_d=-0.76 vs=0.00 n=0 [none]
1786777214.512 [OBSTACLES] cur_s=12.88 cur_d=-0.79 vs=0.00 n=0 [none]
1786777215.014 [OBSTACLES] cur_s=13.09 cur_d=-0.55 vs=0.00 n=0 [none]
1786777215.540 [OBSTACLES] cur_s=13.31 cur_d=-0.40 vs=0.00 n=0 [none]
1786777216.061 [OBSTACLES] cur_s=13.27 cur_d=-0.42 vs=0.00 n=0 [none]
1786777216.634 [OBSTACLES] cur_s=13.28 cur_d=-0.42 vs=0.00 n=0 [none]
