# state_machine debug log started 20260816_142049  map='0815test3'
1786857657.990 [OBSTACLES] cur_s=4.41 cur_d=0.46 vs=1.58 n=0 [none]
1786857657.990 [STATE_CHANGE] None -> LOSTLINE src=GB_TRACK s=4.41 d=0.46 vs=1.58
1786857658.538 [OBSTACLES] cur_s=4.89 cur_d=1.31 vs=-0.06 n=0 [none]
1786857659.044 [OBSTACLES] cur_s=5.12 cur_d=1.40 vs=0.00 n=0 [none]
1786857659.220 [STATE_CHANGE] LOSTLINE -> RECOVERY src=RECOVERY s=5.11 d=1.40 vs=-0.10
1786857659.513 [STATE_CHANGE] RECOVERY -> LOSTLINE src=GB_TRACK s=4.70 d=1.15 vs=-0.84
1786857659.612 [OBSTACLES] cur_s=4.62 cur_d=1.06 vs=-0.55 n=0 [none]
1786857659.985 [STATE_CHANGE] LOSTLINE -> GB_TRACK src=GB_TRACK s=4.15 d=0.27 vs=0.55
1786857660.065 [STATE_CHANGE] GB_TRACK -> LOSTLINE src=GB_TRACK s=4.31 d=0.37 vs=0.39
1786857660.140 [OBSTACLES] cur_s=4.60 cur_d=0.34 vs=0.00 n=0 [none]
1786857660.144 [STATE_CHANGE] LOSTLINE -> RECOVERY src=RECOVERY s=4.60 d=0.34 vs=0.00
1786857660.651 [OBSTACLES] cur_s=4.63 cur_d=0.29 vs=0.33 n=0 [none]
1786857661.090 [STATE_CHANGE] RECOVERY -> LOSTLINE src=GB_TRACK s=5.02 d=0.76 vs=0.11
1786857661.269 [OBSTACLES] cur_s=5.05 cur_d=0.96 vs=-0.91 n=0 [none]
1786857661.798 [OBSTACLES] cur_s=5.12 cur_d=1.32 vs=0.00 n=0 [none]
1786857662.243 [STATE_CHANGE] LOSTLINE -> RECOVERY src=RECOVERY s=5.11 d=1.36 vs=0.00
1786857662.309 [OBSTACLES] cur_s=5.11 cur_d=1.36 vs=0.00 n=0 [none]
1786857662.834 [OBSTACLES] cur_s=4.81 cur_d=1.38 vs=0.00 n=0 [none]
1786857663.431 [OBSTACLES] cur_s=4.98 cur_d=1.49 vs=1.65 n=0 [none]
1786857664.018 [OBSTACLES] cur_s=5.84 cur_d=1.30 vs=0.51 n=0 [none]
1786857664.544 [OBSTACLES] cur_s=5.91 cur_d=1.28 vs=0.00 n=0 [none]
1786857665.057 [OBSTACLES] cur_s=5.90 cur_d=1.28 vs=0.00 n=0 [none]
1786857665.592 [OBSTACLES] cur_s=5.91 cur_d=1.28 vs=0.00 n=0 [none]
1786857666.122 [OBSTACLES] cur_s=5.91 cur_d=1.27 vs=0.00 n=0 [none]
1786857666.674 [OBSTACLES] cur_s=5.90 cur_d=1.28 vs=0.00 n=0 [none]
1786857667.248 [OBSTACLES] cur_s=5.90 cur_d=1.28 vs=0.00 n=0 [none]
1786857667.764 [OBSTACLES] cur_s=5.90 cur_d=1.28 vs=0.00 n=0 [none]
1786857668.277 [OBSTACLES] cur_s=5.90 cur_d=1.28 vs=0.00 n=0 [none]
1786857668.827 [OBSTACLES] cur_s=5.91 cur_d=1.28 vs=0.00 n=0 [none]
1786857669.346 [OBSTACLES] cur_s=5.91 cur_d=1.28 vs=0.00 n=0 [none]
1786857669.868 [OBSTACLES] cur_s=5.91 cur_d=1.27 vs=0.00 n=0 [none]
1786857670.416 [OBSTACLES] cur_s=5.90 cur_d=1.28 vs=0.00 n=0 [none]
1786857670.936 [OBSTACLES] cur_s=5.88 cur_d=1.28 vs=-0.43 n=0 [none]
1786857671.525 [OBSTACLES] cur_s=5.36 cur_d=1.43 vs=-2.12 n=0 [none]
1786857672.059 [OBSTACLES] cur_s=4.98 cur_d=0.84 vs=0.82 n=0 [none]
1786857672.065 [STATE_CHANGE] RECOVERY -> LOSTLINE src=GB_TRACK s=4.98 d=0.84 vs=0.82
1786857672.547 [STATE_CHANGE] LOSTLINE -> GB_TRACK src=GB_TRACK s=5.83 d=0.28 vs=0.85
1786857672.610 [OBSTACLES] cur_s=5.85 cur_d=0.30 vs=0.87 n=0 [none]
1786857672.610 [STATE_CHANGE] GB_TRACK -> LOSTLINE src=GB_TRACK s=5.85 d=0.30 vs=0.87
1786857673.140 [OBSTACLES] cur_s=5.63 cur_d=0.94 vs=-0.68 n=0 [none]
1786857673.692 [OBSTACLES] cur_s=5.31 cur_d=1.24 vs=-2.44 n=0 [none]
1786857674.264 [OBSTACLES] cur_s=4.25 cur_d=0.66 vs=-0.00 n=0 [none]
1786857674.603 [STATE_CHANGE] LOSTLINE -> RECOVERY src=RECOVERY s=4.28 d=0.69 vs=0.06
1786857674.765 [OBSTACLES] cur_s=4.30 cur_d=0.59 vs=0.83 n=0 [none]
1786857675.212 [STATE_CHANGE] RECOVERY -> LOSTLINE src=GB_TRACK s=4.85 d=0.77 vs=1.79
1786857675.343 [OBSTACLES] cur_s=5.02 cur_d=1.02 vs=0.57 n=0 [none]
1786857675.923 [OBSTACLES] cur_s=5.36 cur_d=1.94 vs=0.00 n=0 [none]
1786857676.529 [OBSTACLES] cur_s=5.43 cur_d=2.05 vs=0.00 n=0 [none]
1786857677.054 [OBSTACLES] cur_s=5.71 cur_d=2.09 vs=0.46 n=0 [none]
1786857677.579 [OBSTACLES] cur_s=5.61 cur_d=2.16 vs=0.04 n=0 [none]
1786857678.099 [OBSTACLES] cur_s=5.55 cur_d=2.05 vs=-0.93 n=0 [none]
1786857678.636 [OBSTACLES] cur_s=4.39 cur_d=1.67 vs=-1.55 n=0 [none]
1786857679.197 [OBSTACLES] cur_s=4.00 cur_d=1.60 vs=0.00 n=0 [none]
1786857679.703 [OBSTACLES] cur_s=4.14 cur_d=1.68 vs=1.02 n=0 [none]
1786857679.854 [STATE_CHANGE] LOSTLINE -> RECOVERY src=RECOVERY s=4.23 d=1.76 vs=1.21
1786857680.237 [OBSTACLES] cur_s=4.71 cur_d=1.67 vs=1.51 n=0 [none]
1786857680.238 [STATE_CHANGE] RECOVERY -> LOSTLINE src=GB_TRACK s=4.71 d=1.67 vs=1.51
1786857680.285 [STATE_CHANGE] LOSTLINE -> RECOVERY src=RECOVERY s=4.75 d=1.65 vs=1.46
1786857680.773 [OBSTACLES] cur_s=5.29 cur_d=1.03 vs=-1.00 n=0 [none]
1786857680.829 [STATE_CHANGE] RECOVERY -> LOSTLINE src=GB_TRACK s=5.35 d=0.96 vs=-0.48
1786857681.114 [STATE_CHANGE] LOSTLINE -> RECOVERY src=RECOVERY s=5.52 d=0.69 vs=0.00
1786857681.294 [OBSTACLES] cur_s=5.53 cur_d=0.67 vs=0.00 n=0 [none]
1786857681.893 [OBSTACLES] cur_s=5.63 cur_d=0.62 vs=1.44 n=0 [none]
1786857682.426 [OBSTACLES] cur_s=6.77 cur_d=0.35 vs=1.79 n=0 [none]
1786857682.930 [OBSTACLES] cur_s=7.44 cur_d=0.52 vs=0.38 n=0 [none]
1786857683.471 [OBSTACLES] cur_s=7.62 cur_d=0.54 vs=0.29 n=0 [none]
1786857683.974 [OBSTACLES] cur_s=7.68 cur_d=0.54 vs=0.00 n=0 [none]
1786857684.495 [OBSTACLES] cur_s=7.69 cur_d=0.54 vs=0.00 n=0 [none]
1786857685.005 [OBSTACLES] cur_s=7.69 cur_d=0.54 vs=0.00 n=0 [none]
1786857685.514 [OBSTACLES] cur_s=7.69 cur_d=0.54 vs=0.00 n=0 [none]
1786857686.060 [OBSTACLES] cur_s=7.69 cur_d=0.54 vs=0.00 n=0 [none]
1786857686.585 [OBSTACLES] cur_s=7.69 cur_d=0.54 vs=0.00 n=0 [none]
1786857687.131 [OBSTACLES] cur_s=7.69 cur_d=0.54 vs=0.00 n=0 [none]
1786857687.667 [OBSTACLES] cur_s=7.69 cur_d=0.54 vs=0.00 n=0 [none]
1786857688.175 [OBSTACLES] cur_s=7.69 cur_d=0.53 vs=0.00 n=0 [none]
1786857688.758 [OBSTACLES] cur_s=7.69 cur_d=0.54 vs=0.00 n=0 [none]
1786857689.263 [OBSTACLES] cur_s=7.69 cur_d=0.54 vs=0.00 n=0 [none]
1786857689.843 [OBSTACLES] cur_s=7.69 cur_d=0.53 vs=0.00 n=0 [none]
1786857690.368 [OBSTACLES] cur_s=7.70 cur_d=0.53 vs=0.00 n=0 [none]
1786857690.923 [OBSTACLES] cur_s=7.69 cur_d=0.53 vs=0.00 n=0 [none]
1786857691.042 [STATE_CHANGE] RECOVERY -> LOSTLINE src=GB_TRACK s=7.69 d=0.54 vs=0.00
1786857691.430 [OBSTACLES] cur_s=7.69 cur_d=0.54 vs=0.00 n=0 [none]
1786857692.016 [OBSTACLES] cur_s=7.70 cur_d=0.53 vs=0.08 n=0 [none]
1786857692.216 [STATE_CHANGE] LOSTLINE -> RECOVERY src=RECOVERY s=7.74 d=0.53 vs=0.79
1786857692.580 [OBSTACLES] cur_s=8.34 cur_d=0.23 vs=1.84 n=0 [none]
1786857693.103 [OBSTACLES] cur_s=9.49 cur_d=0.12 vs=2.54 n=0 [none]
1786857693.659 [OBSTACLES] cur_s=10.89 cur_d=0.11 vs=2.44 n=0 [none]
1786857693.834 [STATIC_OT] state=RECOVERY path_exists=0 path_locked=0 path_ttl_ok=0 path_safe=0 on_spline=0 speed=2.32 raw_wpnts=0 raw_age=-s decision=TRAILING reason=NO_STATIC_PATH
1786857693.840 [STATE_CHANGE] RECOVERY -> TRAILING src=GB_TRACK s=11.21 d=0.02 vs=2.32
1786857694.068 [STATIC_OT] state=TRAILING path_exists=0 path_locked=0 path_ttl_ok=0 path_safe=0 on_spline=0 speed=2.25 raw_wpnts=0 raw_age=-s decision=TRAILING reason=NO_STATIC_PATH
1786857694.423 [OBSTACLES] cur_s=12.37 cur_d=-0.03 vs=1.69 n=0 [none]
1786857694.424 [STATE_CHANGE] TRAILING -> GB_TRACK src=GB_TRACK s=12.37 d=-0.03 vs=1.69
1786857694.996 [OBSTACLES] cur_s=12.85 cur_d=0.09 vs=1.30 n=0 [none]
1786857695.501 [OBSTACLES] cur_s=14.21 cur_d=-0.24 vs=3.38 n=0 [none]
1786857696.003 [OBSTACLES] cur_s=15.96 cur_d=-0.23 vs=2.55 n=0 [none]
1786857696.509 [OBSTACLES] cur_s=17.12 cur_d=0.14 vs=2.73 n=1 [id=18 static=1 gap=8.29m d=-0.02 size=0.39]
1786857696.518 [STATIC_OT] state=GB_TRACK path_exists=0 path_locked=0 path_ttl_ok=0 path_safe=0 on_spline=0 speed=2.73 raw_wpnts=0 raw_age=-s decision=TRAILING reason=NO_STATIC_PATH
1786857696.520 [STATE_CHANGE] GB_TRACK -> TRAILING src=GB_TRACK s=17.12 d=0.14 vs=2.73
1786857696.739 [STATIC_OT] state=TRAILING path_exists=0 path_locked=0 path_ttl_ok=0 path_safe=0 on_spline=0 speed=2.98 raw_wpnts=0 raw_age=-s decision=TRAILING reason=NO_STATIC_PATH
1786857697.029 [OBSTACLES] cur_s=18.53 cur_d=0.38 vs=3.18 n=1 [id=18 static=1 gap=6.84m d=-0.18 size=0.27]
1786857697.039 [STATIC_OT] state=TRAILING path_exists=0 path_locked=0 path_ttl_ok=0 path_safe=0 on_spline=0 speed=3.18 raw_wpnts=0 raw_age=-s decision=TRAILING reason=NO_STATIC_PATH
1786857697.246 [STATIC_OT] state=TRAILING path_exists=0 path_locked=0 path_ttl_ok=0 path_safe=0 on_spline=0 speed=2.61 raw_wpnts=0 raw_age=-s decision=TRAILING reason=NO_STATIC_PATH
1786857697.511 [STATIC_OT] state=TRAILING path_exists=0 path_locked=0 path_ttl_ok=0 path_safe=0 on_spline=0 speed=2.02 raw_wpnts=0 raw_age=-s decision=TRAILING reason=NO_STATIC_PATH
1786857697.606 [OBSTACLES] cur_s=20.49 cur_d=0.07 vs=1.73 n=1 [id=18 static=0 gap=4.95m d=-0.28 size=0.30]
1786857697.723 [STATIC_OT] state=TRAILING path_exists=0 path_locked=0 path_ttl_ok=0 path_safe=0 on_spline=0 speed=1.59 raw_wpnts=0 raw_age=-s decision=TRAILING reason=NO_STATIC_PATH
1786857697.845 [STATIC_OT_TRANSITION] first_valid_path_to_overtake_ms=0.0
1786857697.846 [STATE_CHANGE] TRAILING -> OVERTAKE src=OVERTAKE s=20.70 d=0.04 vs=1.27
1786857698.131 [OBSTACLES] cur_s=20.94 cur_d=0.03 vs=1.95 n=0 [none]
1786857698.639 [OBSTACLES] cur_s=21.94 cur_d=0.03 vs=2.73 n=0 [none]
1786857699.212 [OBSTACLES] cur_s=24.31 cur_d=0.33 vs=3.22 n=0 [none]
1786857699.335 [STATE_CHANGE] OVERTAKE -> LOSTLINE src=GB_TRACK s=25.26 d=0.74 vs=3.08
1786857699.732 [OBSTACLES] cur_s=24.56 cur_d=0.72 vs=2.65 n=0 [none]
1786857699.823 [STATE_CHANGE] LOSTLINE -> RECOVERY src=RECOVERY s=24.72 d=0.76 vs=2.69
1786857700.299 [OBSTACLES] cur_s=25.79 cur_d=0.58 vs=1.82 n=0 [none]
1786857700.550 [STATIC_OT] state=RECOVERY path_exists=0 path_locked=0 path_ttl_ok=0 path_safe=0 on_spline=0 speed=0.29 raw_wpnts=0 raw_age=-s decision=TRAILING reason=NO_STATIC_PATH
1786857700.551 [STATE_CHANGE] RECOVERY -> TRAILING src=RECOVERY s=26.09 d=-0.14 vs=0.29
1786857700.652 [STATE_CHANGE] TRAILING -> LOSTLINE src=GB_TRACK s=25.93 d=-0.83 vs=-0.69
1786857700.721 [STATE_CHANGE] LOSTLINE -> TRAILING src=GB_TRACK s=25.83 d=-1.03 vs=-0.81
1786857700.775 [STATIC_OT] state=TRAILING path_exists=0 path_locked=0 path_ttl_ok=0 path_safe=0 on_spline=0 speed=-0.04 raw_wpnts=0 raw_age=-s decision=TRAILING reason=NO_STATIC_PATH
1786857700.825 [OBSTACLES] cur_s=25.96 cur_d=-0.67 vs=0.02 n=1 [id=23 static=0 gap=3.90m d=-1.40 size=0.27]
1786857700.980 [STATIC_OT] state=TRAILING path_exists=0 path_locked=0 path_ttl_ok=0 path_safe=0 on_spline=0 speed=-0.11 raw_wpnts=0 raw_age=-s decision=TRAILING reason=NO_STATIC_PATH
1786857701.011 [STATE_CHANGE] TRAILING -> LOSTLINE src=GB_TRACK s=25.89 d=-0.74 vs=-0.09
1786857701.331 [OBSTACLES] cur_s=25.93 cur_d=-0.70 vs=-0.48 n=0 [none]
1786857701.881 [OBSTACLES] cur_s=26.75 cur_d=-0.95 vs=-0.13 n=0 [none]
1786857702.424 [OBSTACLES] cur_s=26.79 cur_d=-0.76 vs=0.01 n=0 [none]
1786857702.972 [OBSTACLES] cur_s=26.95 cur_d=-0.78 vs=0.00 n=0 [none]
1786857703.480 [OBSTACLES] cur_s=26.96 cur_d=-0.76 vs=0.00 n=0 [none]
1786857703.984 [OBSTACLES] cur_s=26.96 cur_d=-0.76 vs=0.00 n=0 [none]
1786857704.515 [OBSTACLES] cur_s=26.96 cur_d=-0.76 vs=0.00 n=0 [none]
1786857705.118 [OBSTACLES] cur_s=27.05 cur_d=-0.62 vs=-0.15 n=0 [none]
1786857705.416 [STATE_CHANGE] LOSTLINE -> GB_TRACK src=GB_TRACK s=26.84 d=-0.12 vs=-2.41
1786857705.626 [OBSTACLES] cur_s=26.55 cur_d=0.16 vs=-2.66 n=0 [none]
1786857705.922 [STATE_CHANGE] GB_TRACK -> LOSTLINE src=GB_TRACK s=26.53 d=0.32 vs=-0.44
1786857706.069 [STATE_CHANGE] LOSTLINE -> GB_TRACK src=GB_TRACK s=26.55 d=0.20 vs=0.00
1786857706.279 [OBSTACLES] cur_s=26.32 cur_d=-0.07 vs=0.00 n=0 [none]
1786857706.787 [OBSTACLES] cur_s=23.87 cur_d=-0.17 vs=-0.00 n=0 [none]
1786857706.806 [STATIC_OT] state=GB_TRACK path_exists=0 path_locked=0 path_ttl_ok=0 path_safe=0 on_spline=0 speed=-0.00 raw_wpnts=0 raw_age=-s decision=TRAILING reason=NO_STATIC_PATH
1786857706.806 [STATE_CHANGE] GB_TRACK -> TRAILING src=GB_TRACK s=23.87 d=-0.17 vs=-0.00
1786857707.017 [STATIC_OT] state=TRAILING path_exists=0 path_locked=0 path_ttl_ok=0 path_safe=0 on_spline=0 speed=-0.00 raw_wpnts=0 raw_age=-s decision=TRAILING reason=NO_STATIC_PATH
1786857707.225 [STATIC_OT] state=TRAILING path_exists=0 path_locked=0 path_ttl_ok=0 path_safe=0 on_spline=0 speed=-0.00 raw_wpnts=0 raw_age=-s decision=TRAILING reason=NO_STATIC_PATH
1786857707.273 [STATE_CHANGE] TRAILING -> LOSTLINE src=GB_TRACK s=23.78 d=-0.70 vs=-0.00
1786857707.334 [OBSTACLES] cur_s=23.78 cur_d=-0.70 vs=-0.00 n=0 [none]
1786857707.841 [OBSTACLES] cur_s=24.27 cur_d=-0.49 vs=0.02 n=0 [none]
1786857708.420 [OBSTACLES] cur_s=23.15 cur_d=-1.22 vs=0.09 n=0 [none]
1786857709.010 [OBSTACLES] cur_s=20.85 cur_d=-0.57 vs=0.00 n=0 [none]
1786857709.526 [OBSTACLES] cur_s=20.82 cur_d=-0.56 vs=0.00 n=0 [none]
1786857710.057 [OBSTACLES] cur_s=20.83 cur_d=-0.56 vs=0.00 n=0 [none]
1786857710.596 [OBSTACLES] cur_s=20.79 cur_d=-0.56 vs=0.00 n=0 [none]
1786857711.122 [OBSTACLES] cur_s=20.81 cur_d=-0.56 vs=0.00 n=0 [none]
1786857711.658 [OBSTACLES] cur_s=20.43 cur_d=-0.54 vs=0.00 n=0 [none]
1786857712.190 [OBSTACLES] cur_s=20.43 cur_d=-0.54 vs=0.00 n=0 [none]
1786857712.721 [OBSTACLES] cur_s=20.43 cur_d=-0.54 vs=0.00 n=0 [none]
1786857713.495 [OBSTACLES] cur_s=20.43 cur_d=-0.54 vs=0.00 n=0 [none]
1786857714.043 [OBSTACLES] cur_s=20.43 cur_d=-0.54 vs=0.00 n=0 [none]
1786857714.572 [OBSTACLES] cur_s=20.43 cur_d=-0.54 vs=0.00 n=0 [none]
1786857715.119 [OBSTACLES] cur_s=20.43 cur_d=-0.54 vs=0.00 n=0 [none]
1786857715.675 [OBSTACLES] cur_s=20.43 cur_d=-0.54 vs=0.00 n=0 [none]
1786857716.194 [OBSTACLES] cur_s=20.43 cur_d=-0.54 vs=0.00 n=0 [none]
1786857716.752 [OBSTACLES] cur_s=20.43 cur_d=-0.54 vs=0.00 n=0 [none]
1786857717.273 [OBSTACLES] cur_s=20.43 cur_d=-0.54 vs=0.00 n=0 [none]
1786857717.777 [OBSTACLES] cur_s=20.43 cur_d=-0.54 vs=0.00 n=0 [none]
1786857718.299 [OBSTACLES] cur_s=20.43 cur_d=-0.54 vs=0.00 n=0 [none]
1786857718.829 [OBSTACLES] cur_s=20.43 cur_d=-0.54 vs=0.00 n=0 [none]
1786857719.351 [OBSTACLES] cur_s=20.43 cur_d=-0.54 vs=0.00 n=0 [none]
1786857719.915 [OBSTACLES] cur_s=20.43 cur_d=-0.54 vs=0.00 n=0 [none]
1786857720.422 [OBSTACLES] cur_s=20.43 cur_d=-0.54 vs=0.00 n=0 [none]
1786857720.924 [OBSTACLES] cur_s=20.43 cur_d=-0.54 vs=0.00 n=0 [none]
1786857721.500 [OBSTACLES] cur_s=20.43 cur_d=-0.54 vs=0.00 n=0 [none]
1786857722.164 [OBSTACLES] cur_s=20.43 cur_d=-0.54 vs=0.00 n=0 [none]
1786857722.693 [OBSTACLES] cur_s=20.43 cur_d=-0.54 vs=0.00 n=0 [none]
1786857723.270 [OBSTACLES] cur_s=20.43 cur_d=-0.54 vs=0.00 n=0 [none]
1786857724.183 [OBSTACLES] cur_s=20.43 cur_d=-0.54 vs=0.00 n=0 [none]
1786857724.705 [OBSTACLES] cur_s=20.43 cur_d=-0.54 vs=0.00 n=0 [none]
1786857725.266 [OBSTACLES] cur_s=20.43 cur_d=-0.54 vs=0.00 n=0 [none]
1786857725.787 [OBSTACLES] cur_s=20.43 cur_d=-0.54 vs=0.00 n=0 [none]
1786857726.325 [OBSTACLES] cur_s=20.43 cur_d=-0.54 vs=0.00 n=0 [none]
1786857726.833 [OBSTACLES] cur_s=20.43 cur_d=-0.54 vs=0.00 n=0 [none]
1786857727.449 [OBSTACLES] cur_s=20.43 cur_d=-0.54 vs=0.00 n=0 [none]
1786857728.072 [OBSTACLES] cur_s=20.43 cur_d=-0.54 vs=0.00 n=0 [none]
1786857728.804 [OBSTACLES] cur_s=20.43 cur_d=-0.54 vs=0.00 n=0 [none]
1786857729.781 [OBSTACLES] cur_s=20.43 cur_d=-0.54 vs=0.00 n=0 [none]
1786857730.404 [OBSTACLES] cur_s=20.43 cur_d=-0.54 vs=0.00 n=0 [none]
1786857730.905 [OBSTACLES] cur_s=20.43 cur_d=-0.54 vs=0.00 n=0 [none]
1786857731.452 [OBSTACLES] cur_s=20.43 cur_d=-0.54 vs=0.00 n=0 [none]
1786857732.076 [OBSTACLES] cur_s=20.43 cur_d=-0.54 vs=0.00 n=0 [none]
1786857732.775 [OBSTACLES] cur_s=20.43 cur_d=-0.54 vs=0.00 n=0 [none]
1786857733.456 [OBSTACLES] cur_s=20.43 cur_d=-0.54 vs=0.00 n=0 [none]
1786857734.029 [OBSTACLES] cur_s=20.42 cur_d=-0.54 vs=0.00 n=0 [none]
1786857734.572 [OBSTACLES] cur_s=20.43 cur_d=-0.54 vs=0.00 n=0 [none]
1786857735.184 [OBSTACLES] cur_s=20.43 cur_d=-0.54 vs=0.00 n=0 [none]
1786857735.798 [OBSTACLES] cur_s=20.43 cur_d=-0.54 vs=0.00 n=0 [none]
1786857736.412 [OBSTACLES] cur_s=20.43 cur_d=-0.54 vs=0.00 n=0 [none]
1786857736.919 [OBSTACLES] cur_s=20.43 cur_d=-0.54 vs=0.00 n=0 [none]
1786857737.561 [OBSTACLES] cur_s=20.43 cur_d=-0.54 vs=0.00 n=0 [none]
1786857738.170 [OBSTACLES] cur_s=20.43 cur_d=-0.54 vs=0.00 n=0 [none]
1786857739.078 [OBSTACLES] cur_s=20.43 cur_d=-0.54 vs=0.00 n=0 [none]
1786857739.642 [OBSTACLES] cur_s=20.43 cur_d=-0.54 vs=0.00 n=0 [none]
1786857740.146 [OBSTACLES] cur_s=20.43 cur_d=-0.54 vs=0.00 n=0 [none]
1786857740.754 [OBSTACLES] cur_s=20.43 cur_d=-0.54 vs=0.00 n=0 [none]
1786857741.332 [OBSTACLES] cur_s=20.43 cur_d=-0.54 vs=0.00 n=0 [none]
1786857741.839 [OBSTACLES] cur_s=20.43 cur_d=-0.54 vs=0.00 n=0 [none]
1786857742.432 [OBSTACLES] cur_s=20.43 cur_d=-0.54 vs=0.00 n=0 [none]
1786857743.147 [OBSTACLES] cur_s=20.43 cur_d=-0.54 vs=0.00 n=0 [none]
1786857743.725 [OBSTACLES] cur_s=20.43 cur_d=-0.54 vs=0.00 n=0 [none]
1786857744.263 [OBSTACLES] cur_s=20.43 cur_d=-0.54 vs=0.00 n=0 [none]
1786857744.876 [OBSTACLES] cur_s=20.43 cur_d=-0.54 vs=0.00 n=0 [none]
1786857745.404 [OBSTACLES] cur_s=20.43 cur_d=-0.54 vs=0.00 n=0 [none]
1786857746.207 [OBSTACLES] cur_s=20.43 cur_d=-0.54 vs=0.00 n=0 [none]
1786857746.791 [OBSTACLES] cur_s=20.43 cur_d=-0.54 vs=0.00 n=0 [none]
1786857747.316 [OBSTACLES] cur_s=20.43 cur_d=-0.54 vs=0.00 n=0 [none]
1786857747.830 [OBSTACLES] cur_s=20.43 cur_d=-0.54 vs=0.00 n=0 [none]
1786857748.409 [OBSTACLES] cur_s=20.43 cur_d=-0.54 vs=0.00 n=0 [none]
1786857748.931 [OBSTACLES] cur_s=20.43 cur_d=-0.54 vs=0.00 n=0 [none]
1786857749.453 [OBSTACLES] cur_s=20.42 cur_d=-0.54 vs=0.00 n=0 [none]
1786857750.075 [OBSTACLES] cur_s=20.47 cur_d=-0.54 vs=0.00 n=0 [none]
1786857750.810 [OBSTACLES] cur_s=20.47 cur_d=-0.54 vs=0.00 n=0 [none]
1786857751.451 [OBSTACLES] cur_s=20.47 cur_d=-0.54 vs=0.00 n=0 [none]
1786857752.391 [OBSTACLES] cur_s=20.47 cur_d=-0.54 vs=0.00 n=0 [none]
1786857753.087 [OBSTACLES] cur_s=20.48 cur_d=-0.54 vs=0.05 n=0 [none]
1786857753.713 [OBSTACLES] cur_s=20.86 cur_d=-0.55 vs=0.00 n=0 [none]
1786857754.104 [STATE_CHANGE] LOSTLINE -> GB_TRACK src=GB_TRACK s=21.39 d=-0.26 vs=1.01
1786857754.301 [OBSTACLES] cur_s=21.79 cur_d=-0.06 vs=1.00 n=0 [none]
1786857754.945 [OBSTACLES] cur_s=22.58 cur_d=0.36 vs=1.45 n=0 [none]
1786857754.949 [STATE_CHANGE] GB_TRACK -> LOSTLINE src=GB_TRACK s=22.58 d=0.36 vs=1.45
1786857755.565 [OBSTACLES] cur_s=23.21 cur_d=0.69 vs=1.57 n=0 [none]
1786857756.120 [OBSTACLES] cur_s=23.61 cur_d=0.91 vs=1.56 n=0 [none]
1786857756.705 [OBSTACLES] cur_s=23.86 cur_d=1.93 vs=0.83 n=0 [none]
1786857757.344 [OBSTACLES] cur_s=4.03 cur_d=3.25 vs=0.69 n=0 [none]
1786857757.906 [OBSTACLES] cur_s=3.99 cur_d=1.67 vs=-0.04 n=0 [none]
1786857758.511 [OBSTACLES] cur_s=5.49 cur_d=0.70 vs=2.02 n=0 [none]
1786857759.088 [OBSTACLES] cur_s=6.21 cur_d=0.99 vs=2.01 n=0 [none]
1786857759.670 [OBSTACLES] cur_s=7.33 cur_d=0.61 vs=1.46 n=0 [none]
1786857759.911 [STATE_CHANGE] LOSTLINE -> GB_TRACK src=GB_TRACK s=7.57 d=0.14 vs=0.79
1786857760.176 [OBSTACLES] cur_s=8.15 cur_d=-0.24 vs=0.44 n=0 [none]
1786857760.708 [OBSTACLES] cur_s=8.37 cur_d=-0.20 vs=0.00 n=0 [none]
1786857761.220 [OBSTACLES] cur_s=8.37 cur_d=-0.19 vs=0.00 n=0 [none]
1786857761.791 [OBSTACLES] cur_s=8.37 cur_d=-0.19 vs=0.00 n=0 [none]
1786857762.340 [OBSTACLES] cur_s=8.37 cur_d=-0.19 vs=0.09 n=0 [none]
1786857762.888 [OBSTACLES] cur_s=8.94 cur_d=-0.20 vs=2.25 n=0 [none]
1786857763.237 [STATE_CHANGE] GB_TRACK -> LOSTLINE src=GB_TRACK s=10.12 d=-0.35 vs=3.11
1786857763.499 [OBSTACLES] cur_s=10.59 cur_d=-0.49 vs=2.39 n=0 [none]
1786857764.067 [OBSTACLES] cur_s=11.27 cur_d=-0.64 vs=0.96 n=0 [none]
1786857764.584 [OBSTACLES] cur_s=11.39 cur_d=-0.89 vs=0.00 n=0 [none]
1786857764.837 [STATE_CHANGE] LOSTLINE -> RECOVERY src=RECOVERY s=11.38 d=-0.89 vs=0.00
1786857765.184 [OBSTACLES] cur_s=11.38 cur_d=-0.89 vs=0.00 n=0 [none]
1786857765.703 [OBSTACLES] cur_s=11.38 cur_d=-0.89 vs=0.00 n=0 [none]
1786857766.224 [OBSTACLES] cur_s=11.38 cur_d=-0.88 vs=0.00 n=0 [none]
1786857766.873 [OBSTACLES] cur_s=11.37 cur_d=-0.88 vs=0.00 n=0 [none]
1786857767.536 [OBSTACLES] cur_s=11.37 cur_d=-0.88 vs=0.00 n=0 [none]
1786857768.115 [OBSTACLES] cur_s=11.37 cur_d=-0.88 vs=0.00 n=0 [none]
1786857768.673 [OBSTACLES] cur_s=11.37 cur_d=-0.88 vs=0.00 n=0 [none]
1786857769.205 [OBSTACLES] cur_s=11.37 cur_d=-0.88 vs=0.00 n=0 [none]
1786857769.735 [OBSTACLES] cur_s=11.37 cur_d=-0.88 vs=0.00 n=0 [none]
1786857770.262 [OBSTACLES] cur_s=11.37 cur_d=-0.88 vs=0.00 n=0 [none]
1786857770.843 [OBSTACLES] cur_s=11.37 cur_d=-0.88 vs=0.00 n=0 [none]
1786857771.558 [OBSTACLES] cur_s=11.37 cur_d=-0.88 vs=0.00 n=0 [none]
1786857772.068 [OBSTACLES] cur_s=11.37 cur_d=-0.88 vs=0.00 n=0 [none]
1786857772.688 [OBSTACLES] cur_s=11.37 cur_d=-0.88 vs=0.00 n=0 [none]
1786857773.272 [OBSTACLES] cur_s=11.37 cur_d=-0.88 vs=0.00 n=0 [none]
1786857773.860 [OBSTACLES] cur_s=11.37 cur_d=-0.88 vs=0.00 n=0 [none]
1786857774.374 [OBSTACLES] cur_s=11.37 cur_d=-0.88 vs=0.00 n=0 [none]
1786857774.861 [STATE_CHANGE] RECOVERY -> LOSTLINE src=GB_TRACK s=11.37 d=-0.88 vs=0.00
1786857775.125 [OBSTACLES] cur_s=11.37 cur_d=-0.88 vs=0.00 n=0 [none]
1786857775.689 [OBSTACLES] cur_s=11.37 cur_d=-0.89 vs=0.00 n=0 [none]
1786857776.279 [OBSTACLES] cur_s=11.37 cur_d=-0.88 vs=0.00 n=0 [none]
1786857776.797 [OBSTACLES] cur_s=11.37 cur_d=-0.88 vs=0.00 n=0 [none]
1786857777.457 [OBSTACLES] cur_s=11.35 cur_d=-0.89 vs=0.00 n=0 [none]
1786857777.968 [OBSTACLES] cur_s=11.35 cur_d=-0.89 vs=0.00 n=0 [none]
1786857778.559 [OBSTACLES] cur_s=11.35 cur_d=-0.89 vs=0.00 n=0 [none]
1786857779.290 [OBSTACLES] cur_s=11.35 cur_d=-0.89 vs=0.00 n=0 [none]
1786857779.795 [OBSTACLES] cur_s=11.35 cur_d=-0.89 vs=0.00 n=0 [none]
1786857779.855 [STATE_CHANGE] LOSTLINE -> RECOVERY src=RECOVERY s=11.35 d=-0.88 vs=0.00
1786857780.346 [OBSTACLES] cur_s=11.35 cur_d=-0.89 vs=0.00 n=0 [none]
1786857780.891 [OBSTACLES] cur_s=11.35 cur_d=-0.89 vs=0.00 n=0 [none]
1786857781.540 [OBSTACLES] cur_s=11.35 cur_d=-0.89 vs=0.00 n=0 [none]
1786857782.277 [OBSTACLES] cur_s=11.35 cur_d=-0.89 vs=0.00 n=0 [none]
1786857782.839 [OBSTACLES] cur_s=11.35 cur_d=-0.89 vs=0.00 n=0 [none]
1786857783.398 [OBSTACLES] cur_s=11.35 cur_d=-0.89 vs=0.00 n=0 [none]
1786857783.929 [OBSTACLES] cur_s=11.35 cur_d=-0.89 vs=0.00 n=0 [none]
1786857784.463 [OBSTACLES] cur_s=11.35 cur_d=-0.89 vs=0.00 n=0 [none]
1786857785.213 [OBSTACLES] cur_s=11.35 cur_d=-0.89 vs=0.00 n=1 [id=33 static=1 gap=0.89m d=0.04 size=0.29]
1786857785.261 [STATIC_OT] state=RECOVERY path_exists=0 path_locked=0 path_ttl_ok=0 path_safe=0 on_spline=0 speed=0.00 raw_wpnts=0 raw_age=-s decision=TRAILING reason=NO_STATIC_PATH
1786857785.282 [STATE_CHANGE] RECOVERY -> TRAILING src=RECOVERY s=11.35 d=-0.89 vs=0.00
1786857785.474 [STATIC_OT] state=TRAILING path_exists=0 path_locked=0 path_ttl_ok=0 path_safe=0 on_spline=0 speed=0.00 raw_wpnts=0 raw_age=-s decision=TRAILING reason=NO_STATIC_PATH
1786857785.718 [OBSTACLES] cur_s=11.35 cur_d=-0.89 vs=0.00 n=1 [id=33 static=1 gap=0.88m d=0.02 size=0.34]
1786857785.721 [STATIC_OT] state=TRAILING path_exists=0 path_locked=0 path_ttl_ok=0 path_safe=0 on_spline=0 speed=0.00 raw_wpnts=0 raw_age=-s decision=TRAILING reason=NO_STATIC_PATH
1786857785.819 [STATE_CHANGE] TRAILING -> OVERTAKE src=OVERTAKE s=11.35 d=-0.89 vs=0.00
1786857786.277 [OBSTACLES] cur_s=11.35 cur_d=-0.89 vs=0.00 n=1 [id=33 static=1 gap=0.86m d=0.05 size=0.27]
1786857786.784 [OBSTACLES] cur_s=11.35 cur_d=-0.89 vs=0.00 n=0 [none]
1786857787.353 [OBSTACLES] cur_s=11.35 cur_d=-0.89 vs=0.00 n=0 [none]
1786857787.897 [OBSTACLES] cur_s=11.35 cur_d=-0.89 vs=0.00 n=0 [none]
1786857788.482 [OBSTACLES] cur_s=11.35 cur_d=-0.89 vs=0.00 n=0 [none]
1786857789.034 [OBSTACLES] cur_s=11.35 cur_d=-0.89 vs=0.00 n=0 [none]
1786857789.545 [OBSTACLES] cur_s=11.35 cur_d=-0.89 vs=0.00 n=0 [none]
1786857790.062 [OBSTACLES] cur_s=11.35 cur_d=-0.89 vs=0.00 n=0 [none]
1786857790.563 [OBSTACLES] cur_s=11.35 cur_d=-0.89 vs=0.00 n=0 [none]
1786857791.092 [OBSTACLES] cur_s=11.35 cur_d=-0.88 vs=0.00 n=0 [none]
1786857791.621 [OBSTACLES] cur_s=11.35 cur_d=-0.89 vs=0.00 n=0 [none]
1786857792.163 [OBSTACLES] cur_s=11.35 cur_d=-0.89 vs=0.00 n=0 [none]
1786857792.687 [OBSTACLES] cur_s=11.35 cur_d=-0.89 vs=0.00 n=0 [none]
1786857794.783 [OBSTACLES] cur_s=11.35 cur_d=-0.88 vs=0.00 n=0 [none]
1786857796.090 [OBSTACLES] cur_s=11.34 cur_d=-0.88 vs=0.00 n=0 [none]
1786857796.091 [STATE_CHANGE] OVERTAKE -> LOSTLINE src=GB_TRACK s=11.34 d=-0.88 vs=0.00
1786857796.716 [OBSTACLES] cur_s=11.30 cur_d=-0.82 vs=-0.57 n=0 [none]
1786857797.945 [OBSTACLES] cur_s=11.60 cur_d=0.38 vs=0.61 n=0 [none]
1786857800.241 [OBSTACLES] cur_s=11.57 cur_d=-0.15 vs=-0.58 n=0 [none]
1786857800.241 [STATE_CHANGE] LOSTLINE -> GB_TRACK src=GB_TRACK s=11.57 d=-0.15 vs=-0.58
1786857802.764 [OBSTACLES] cur_s=12.48 cur_d=-0.14 vs=-0.00 n=1 [id=36 static=1 gap=0.60m d=0.27 size=0.33]
1786857802.772 [STATIC_OT] state=GB_TRACK path_exists=0 path_locked=0 path_ttl_ok=0 path_safe=0 on_spline=0 speed=-0.00 raw_wpnts=0 raw_age=-s decision=TRAILING reason=NO_STATIC_PATH
1786857802.773 [STATE_CHANGE] GB_TRACK -> TRAILING src=GB_TRACK s=12.48 d=-0.14 vs=-0.00
1786857802.972 [STATE_CHANGE] TRAILING -> OVERTAKE src=OVERTAKE s=12.47 d=-0.14 vs=-0.00
1786857803.390 [OBSTACLES] cur_s=12.48 cur_d=-0.13 vs=-0.00 n=1 [id=36 static=1 gap=0.57m d=0.27 size=0.35]
1786857803.924 [OBSTACLES] cur_s=12.47 cur_d=-0.14 vs=-0.00 n=1 [id=36 static=1 gap=0.57m d=0.27 size=0.35]
1786857804.459 [OBSTACLES] cur_s=12.48 cur_d=-0.13 vs=-0.00 n=1 [id=36 static=1 gap=0.57m d=0.27 size=0.35]
1786857804.990 [OBSTACLES] cur_s=12.48 cur_d=-0.14 vs=-0.00 n=1 [id=36 static=1 gap=0.56m d=0.27 size=0.35]
1786857805.507 [OBSTACLES] cur_s=12.48 cur_d=-0.14 vs=-0.00 n=1 [id=36 static=1 gap=0.57m d=0.27 size=0.35]
