# static_avoidance_node debug log started 20260816_221802
1786886286.377 [STATIC_AVOID] obs_id=- obs_dist=-m obs_s=- ego_s=13.95 side=- | left_clearance=- right_clearance=- candidate_valid=false rung=- | cache_used=false path_age=- path_points=0 planning_time_ms=0.1 | reason=no_static_obstacle_in_range | cache_reason=no_cache
1786886286.922 [STATIC_AVOID] obs_id=- obs_dist=-m obs_s=- ego_s=13.95 side=- | left_clearance=- right_clearance=- candidate_valid=false rung=- | cache_used=false path_age=- path_points=0 planning_time_ms=0.1 | reason=no_static_obstacle_in_range | cache_reason=no_cache
1786886287.479 [STATIC_AVOID] obs_id=- obs_dist=-m obs_s=- ego_s=13.94 side=- | left_clearance=- right_clearance=- candidate_valid=false rung=- | cache_used=false path_age=- path_points=0 planning_time_ms=0.1 | reason=no_static_obstacle_in_range | cache_reason=no_cache
1786886288.034 [STATIC_AVOID] obs_id=- obs_dist=-m obs_s=- ego_s=13.95 side=- | left_clearance=- right_clearance=- candidate_valid=false rung=- | cache_used=false path_age=- path_points=0 planning_time_ms=0.1 | reason=no_static_obstacle_in_range | cache_reason=no_cache
1786886288.544 [STATIC_AVOID] obs_id=- obs_dist=-m obs_s=- ego_s=13.97 side=- | left_clearance=- right_clearance=- candidate_valid=false rung=- | cache_used=false path_age=- path_points=0 planning_time_ms=0.1 | reason=no_static_obstacle_in_range | cache_reason=no_cache
1786886289.085 [STATIC_AVOID] obs_id=- obs_dist=-m obs_s=- ego_s=14.88 side=- | left_clearance=- right_clearance=- candidate_valid=false rung=- | cache_used=false path_age=- path_points=0 planning_time_ms=0.1 | reason=no_static_obstacle_in_range | cache_reason=no_cache
1786886289.629 [STATIC_AVOID] obs_id=- obs_dist=-m obs_s=- ego_s=16.28 side=- | left_clearance=- right_clearance=- candidate_valid=false rung=- | cache_used=false path_age=- path_points=0 planning_time_ms=0.1 | reason=no_static_obstacle_in_range | cache_reason=no_cache
1786886290.177 [STATIC_AVOID] obs_id=- obs_dist=-m obs_s=- ego_s=17.23 side=- | left_clearance=- right_clearance=- candidate_valid=false rung=- | cache_used=false path_age=- path_points=0 planning_time_ms=0.1 | reason=no_static_obstacle_in_range | cache_reason=no_cache
1786886290.729 [STATIC_AVOID] obs_id=- obs_dist=-m obs_s=- ego_s=19.04 side=- | left_clearance=- right_clearance=- candidate_valid=false rung=- | cache_used=false path_age=- path_points=0 planning_time_ms=0.3 | reason=no_static_obstacle_in_range | cache_reason=no_cache
1786886291.230 [STATIC_AVOID] obs_id=- obs_dist=-m obs_s=- ego_s=20.89 side=- | left_clearance=- right_clearance=- candidate_valid=false rung=- | cache_used=false path_age=- path_points=0 planning_time_ms=0.1 | reason=no_static_obstacle_in_range | cache_reason=no_cache
1786886291.776 [STATIC_AVOID] obs_id=- obs_dist=-m obs_s=- ego_s=23.55 side=- | left_clearance=- right_clearance=- candidate_valid=false rung=- | cache_used=false path_age=- path_points=0 planning_time_ms=0.1 | reason=no_static_obstacle_in_range | cache_reason=no_cache
1786886292.278 [STATIC_AVOID] obs_id=- obs_dist=-m obs_s=- ego_s=24.82 side=- | left_clearance=- right_clearance=- candidate_valid=false rung=- | cache_used=false path_age=- path_points=0 planning_time_ms=0.1 | reason=no_static_obstacle_in_range | cache_reason=no_cache
1786886292.780 [STATIC_AVOID] obs_id=- obs_dist=-m obs_s=- ego_s=26.41 side=- | left_clearance=- right_clearance=- candidate_valid=false rung=- | cache_used=false path_age=- path_points=0 planning_time_ms=0.1 | reason=no_static_obstacle_in_range | cache_reason=no_cache
1786886293.336 [STATIC_AVOID] obs_id=- obs_dist=-m obs_s=- ego_s=28.14 side=- | left_clearance=- right_clearance=- candidate_valid=false rung=- | cache_used=false path_age=- path_points=0 planning_time_ms=0.1 | reason=no_static_obstacle_in_range | cache_reason=no_cache
1786886293.878 [STATIC_AVOID] obs_id=- obs_dist=-m obs_s=- ego_s=29.88 side=- | left_clearance=- right_clearance=- candidate_valid=false rung=- | cache_used=false path_age=- path_points=0 planning_time_ms=3.0 | reason=no_static_obstacle_in_range | cache_reason=no_cache
1786886294.378 [STATIC_AVOID] obs_id=- obs_dist=-m obs_s=- ego_s=31.36 side=- | left_clearance=- right_clearance=- candidate_valid=false rung=- | cache_used=false path_age=- path_points=0 planning_time_ms=0.1 | reason=no_static_obstacle_in_range | cache_reason=no_cache
1786886294.881 [STATIC_AVOID] obs_id=- obs_dist=-m obs_s=- ego_s=32.73 side=- | left_clearance=- right_clearance=- candidate_valid=false rung=- | cache_used=false path_age=- path_points=0 planning_time_ms=0.3 | reason=no_static_obstacle_in_range | cache_reason=no_cache
1786886295.428 [STATIC_AVOID] obs_id=- obs_dist=-m obs_s=- ego_s=0.05 side=- | left_clearance=- right_clearance=- candidate_valid=false rung=- | cache_used=false path_age=- path_points=0 planning_time_ms=0.1 | reason=no_static_obstacle_in_range | cache_reason=no_cache
1786886295.932 [STATIC_AVOID] obs_id=- obs_dist=-m obs_s=- ego_s=1.50 side=- | left_clearance=- right_clearance=- candidate_valid=false rung=- | cache_used=false path_age=- path_points=0 planning_time_ms=0.1 | reason=no_static_obstacle_in_range | cache_reason=no_cache
1786886296.434 [STATIC_AVOID] obs_id=- obs_dist=-m obs_s=- ego_s=3.02 side=- | left_clearance=- right_clearance=- candidate_valid=false rung=- | cache_used=false path_age=- path_points=0 planning_time_ms=0.1 | reason=no_static_obstacle_in_range | cache_reason=no_cache
1786886296.977 [STATIC_AVOID] obs_id=- obs_dist=-m obs_s=- ego_s=5.13 side=- | left_clearance=- right_clearance=- candidate_valid=false rung=- | cache_used=false path_age=- path_points=0 planning_time_ms=0.1 | reason=no_static_obstacle_in_range | cache_reason=no_cache
1786886297.481 [STATIC_AVOID] obs_id=- obs_dist=-m obs_s=- ego_s=7.55 side=- | left_clearance=- right_clearance=- candidate_valid=false rung=- | cache_used=false path_age=- path_points=0 planning_time_ms=0.1 | reason=no_static_obstacle_in_range | cache_reason=no_cache
1786886297.987 [STATIC_AVOID] obs_id=- obs_dist=-m obs_s=- ego_s=9.22 side=- | left_clearance=- right_clearance=- candidate_valid=false rung=- | cache_used=false path_age=- path_points=0 planning_time_ms=0.1 | reason=no_static_obstacle_in_range | cache_reason=no_cache
1786886298.522 [STATIC_AVOID] obs_id=- obs_dist=-m obs_s=- ego_s=10.57 side=- | left_clearance=- right_clearance=- candidate_valid=false rung=- | cache_used=false path_age=- path_points=0 planning_time_ms=0.1 | reason=no_static_obstacle_in_range | cache_reason=no_cache
1786886299.030 [STATIC_AVOID] obs_id=- obs_dist=-m obs_s=- ego_s=11.71 side=- | left_clearance=- right_clearance=- candidate_valid=false rung=- | cache_used=false path_age=- path_points=0 planning_time_ms=0.1 | reason=no_static_obstacle_in_range | cache_reason=no_cache
1786886299.534 [STATIC_AVOID] obs_id=- obs_dist=-m obs_s=- ego_s=12.97 side=- | left_clearance=- right_clearance=- candidate_valid=false rung=- | cache_used=false path_age=- path_points=0 planning_time_ms=0.1 | reason=no_static_obstacle_in_range | cache_reason=no_cache
1786886300.080 [STATIC_AVOID] obs_id=- obs_dist=-m obs_s=- ego_s=14.54 side=- | left_clearance=- right_clearance=- candidate_valid=false rung=- | cache_used=false path_age=- path_points=0 planning_time_ms=0.1 | reason=no_static_obstacle_in_range | cache_reason=no_cache
1786886300.587 [STATIC_AVOID] obs_id=- obs_dist=-m obs_s=- ego_s=15.67 side=- | left_clearance=- right_clearance=- candidate_valid=false rung=- | cache_used=false path_age=- path_points=0 planning_time_ms=0.1 | reason=no_static_obstacle_in_range | cache_reason=no_cache
1786886301.127 [STATIC_AVOID] obs_id=- obs_dist=-m obs_s=- ego_s=16.82 side=- | left_clearance=- right_clearance=- candidate_valid=false rung=- | cache_used=false path_age=- path_points=0 planning_time_ms=0.1 | reason=no_static_obstacle_in_range | cache_reason=no_cache
1786886301.675 [STATIC_AVOID] obs_id=- obs_dist=-m obs_s=- ego_s=18.36 side=- | left_clearance=- right_clearance=- candidate_valid=false rung=- | cache_used=false path_age=- path_points=0 planning_time_ms=0.1 | reason=no_static_obstacle_in_range | cache_reason=no_cache
1786886302.181 [STATIC_AVOID] obs_id=- obs_dist=-m obs_s=- ego_s=20.14 side=- | left_clearance=- right_clearance=- candidate_valid=false rung=- | cache_used=false path_age=- path_points=0 planning_time_ms=0.1 | reason=no_static_obstacle_in_range | cache_reason=no_cache
1786886302.733 [STATIC_AVOID] obs_id=- obs_dist=-m obs_s=- ego_s=22.38 side=- | left_clearance=- right_clearance=- candidate_valid=false rung=- | cache_used=false path_age=- path_points=0 planning_time_ms=0.1 | reason=no_static_obstacle_in_range | cache_reason=no_cache
1786886303.292 [STATIC_AVOID] obs_id=- obs_dist=-m obs_s=- ego_s=24.59 side=- | left_clearance=- right_clearance=- candidate_valid=false rung=- | cache_used=false path_age=- path_points=0 planning_time_ms=0.1 | reason=no_static_obstacle_in_range | cache_reason=no_cache
1786886303.826 [STATIC_AVOID] obs_id=- obs_dist=-m obs_s=- ego_s=26.50 side=- | left_clearance=- right_clearance=- candidate_valid=false rung=- | cache_used=false path_age=- path_points=0 planning_time_ms=0.1 | reason=no_static_obstacle_in_range | cache_reason=no_cache
1786886304.386 [STATIC_AVOID] obs_id=- obs_dist=-m obs_s=- ego_s=27.70 side=- | left_clearance=- right_clearance=- candidate_valid=false rung=- | cache_used=false path_age=- path_points=0 planning_time_ms=0.1 | reason=no_static_obstacle_in_range | cache_reason=no_cache
1786886304.926 [STATIC_AVOID] obs_id=- obs_dist=-m obs_s=- ego_s=29.65 side=- | left_clearance=- right_clearance=- candidate_valid=false rung=- | cache_used=false path_age=- path_points=0 planning_time_ms=0.2 | reason=no_static_obstacle_in_range | cache_reason=no_cache
1786886305.436 [STATIC_AVOID] obs_id=- obs_dist=-m obs_s=- ego_s=30.67 side=- | left_clearance=- right_clearance=- candidate_valid=false rung=- | cache_used=false path_age=- path_points=0 planning_time_ms=0.1 | reason=no_static_obstacle_in_range | cache_reason=no_cache
1786886305.937 [STATIC_AVOID] obs_id=- obs_dist=-m obs_s=- ego_s=32.11 side=- | left_clearance=- right_clearance=- candidate_valid=false rung=- | cache_used=false path_age=- path_points=0 planning_time_ms=0.1 | reason=no_static_obstacle_in_range | cache_reason=no_cache
1786886306.440 [STATIC_AVOID] obs_id=- obs_dist=-m obs_s=- ego_s=33.63 side=- | left_clearance=- right_clearance=- candidate_valid=false rung=- | cache_used=false path_age=- path_points=0 planning_time_ms=0.1 | reason=no_static_obstacle_in_range | cache_reason=no_cache
1786886306.974 [STATIC_AVOID] obs_id=- obs_dist=-m obs_s=- ego_s=0.81 side=- | left_clearance=- right_clearance=- candidate_valid=false rung=- | cache_used=false path_age=- path_points=0 planning_time_ms=0.1 | reason=no_static_obstacle_in_range | cache_reason=no_cache
1786886307.482 [STATIC_AVOID] obs_id=- obs_dist=-m obs_s=- ego_s=2.39 side=- | left_clearance=- right_clearance=- candidate_valid=false rung=- | cache_used=false path_age=- path_points=0 planning_time_ms=0.1 | reason=no_static_obstacle_in_range | cache_reason=no_cache
1786886308.030 [STATIC_AVOID] obs_id=- obs_dist=-m obs_s=- ego_s=4.21 side=- | left_clearance=- right_clearance=- candidate_valid=false rung=- | cache_used=false path_age=- path_points=0 planning_time_ms=0.1 | reason=no_static_obstacle_in_range | cache_reason=no_cache
1786886308.577 [STATIC_AVOID] obs_id=- obs_dist=-m obs_s=- ego_s=6.93 side=- | left_clearance=- right_clearance=- candidate_valid=false rung=- | cache_used=false path_age=- path_points=0 planning_time_ms=0.1 | reason=no_static_obstacle_in_range | cache_reason=no_cache
1786886309.086 [STATIC_AVOID] obs_id=- obs_dist=-m obs_s=- ego_s=8.82 side=- | left_clearance=- right_clearance=- candidate_valid=false rung=- | cache_used=false path_age=- path_points=0 planning_time_ms=2.0 | reason=no_static_obstacle_in_range | cache_reason=no_cache
1786886309.626 [STATIC_AVOID] obs_id=- obs_dist=-m obs_s=- ego_s=10.34 side=- | left_clearance=- right_clearance=- candidate_valid=false rung=- | cache_used=false path_age=- path_points=0 planning_time_ms=0.1 | reason=no_static_obstacle_in_range | cache_reason=no_cache
1786886310.137 [STATIC_AVOID] obs_id=- obs_dist=-m obs_s=- ego_s=11.18 side=- | left_clearance=- right_clearance=- candidate_valid=false rung=- | cache_used=false path_age=- path_points=0 planning_time_ms=0.1 | reason=no_static_obstacle_in_range | cache_reason=no_cache
1786886310.675 [STATIC_AVOID] obs_id=- obs_dist=-m obs_s=- ego_s=12.61 side=- | left_clearance=- right_clearance=- candidate_valid=false rung=- | cache_used=false path_age=- path_points=0 planning_time_ms=0.1 | reason=no_static_obstacle_in_range | cache_reason=no_cache
1786886311.228 [STATIC_AVOID] obs_id=- obs_dist=-m obs_s=- ego_s=14.11 side=- | left_clearance=- right_clearance=- candidate_valid=false rung=- | cache_used=false path_age=- path_points=0 planning_time_ms=0.1 | reason=no_static_obstacle_in_range | cache_reason=no_cache
1786886311.731 [STATIC_AVOID] obs_id=- obs_dist=-m obs_s=- ego_s=15.41 side=- | left_clearance=- right_clearance=- candidate_valid=false rung=- | cache_used=false path_age=- path_points=0 planning_time_ms=0.1 | reason=no_static_obstacle_in_range | cache_reason=no_cache
1786886312.232 [STATIC_AVOID] obs_id=- obs_dist=-m obs_s=- ego_s=16.50 side=- | left_clearance=- right_clearance=- candidate_valid=false rung=- | cache_used=false path_age=- path_points=0 planning_time_ms=0.5 | reason=no_static_obstacle_in_range | cache_reason=no_cache
1786886312.772 [STATIC_AVOID] obs_id=- obs_dist=-m obs_s=- ego_s=17.91 side=- | left_clearance=- right_clearance=- candidate_valid=false rung=- | cache_used=false path_age=- path_points=0 planning_time_ms=0.1 | reason=no_static_obstacle_in_range | cache_reason=no_cache
1786886313.301 [STATIC_AVOID] obs_id=- obs_dist=-m obs_s=- ego_s=19.52 side=- | left_clearance=- right_clearance=- candidate_valid=false rung=- | cache_used=false path_age=- path_points=0 planning_time_ms=0.1 | reason=no_static_obstacle_in_range | cache_reason=no_cache
1786886313.833 [STATIC_AVOID] obs_id=- obs_dist=-m obs_s=- ego_s=21.48 side=- | left_clearance=- right_clearance=- candidate_valid=false rung=- | cache_used=false path_age=- path_points=0 planning_time_ms=0.1 | reason=no_static_obstacle_in_range | cache_reason=no_cache
1786886314.373 [STATIC_AVOID] obs_id=- obs_dist=-m obs_s=- ego_s=23.89 side=- | left_clearance=- right_clearance=- candidate_valid=false rung=- | cache_used=false path_age=- path_points=0 planning_time_ms=0.1 | reason=no_static_obstacle_in_range | cache_reason=no_cache
1786886314.879 [STATIC_AVOID] obs_id=- obs_dist=-m obs_s=- ego_s=25.72 side=- | left_clearance=- right_clearance=- candidate_valid=false rung=- | cache_used=false path_age=- path_points=0 planning_time_ms=0.8 | reason=no_static_obstacle_in_range | cache_reason=no_cache
1786886315.427 [STATIC_AVOID] obs_id=- obs_dist=-m obs_s=- ego_s=26.90 side=- | left_clearance=- right_clearance=- candidate_valid=false rung=- | cache_used=false path_age=- path_points=0 planning_time_ms=0.1 | reason=no_static_obstacle_in_range | cache_reason=no_cache
1786886315.980 [STATIC_AVOID] obs_id=- obs_dist=-m obs_s=- ego_s=28.63 side=- | left_clearance=- right_clearance=- candidate_valid=false rung=- | cache_used=false path_age=- path_points=0 planning_time_ms=0.1 | reason=no_static_obstacle_in_range | cache_reason=no_cache
1786886316.526 [STATIC_AVOID] obs_id=- obs_dist=-m obs_s=- ego_s=29.97 side=- | left_clearance=- right_clearance=- candidate_valid=false rung=- | cache_used=false path_age=- path_points=0 planning_time_ms=0.1 | reason=no_static_obstacle_in_range | cache_reason=no_cache
1786886317.029 [STATIC_AVOID] obs_id=- obs_dist=-m obs_s=- ego_s=31.34 side=- | left_clearance=- right_clearance=- candidate_valid=false rung=- | cache_used=false path_age=- path_points=0 planning_time_ms=0.1 | reason=no_static_obstacle_in_range | cache_reason=no_cache
1786886317.531 [STATIC_AVOID] obs_id=- obs_dist=-m obs_s=- ego_s=32.42 side=- | left_clearance=- right_clearance=- candidate_valid=false rung=- | cache_used=false path_age=- path_points=0 planning_time_ms=0.1 | reason=no_static_obstacle_in_range | cache_reason=no_cache
1786886318.033 [STATIC_AVOID] obs_id=- obs_dist=-m obs_s=- ego_s=33.99 side=- | left_clearance=- right_clearance=- candidate_valid=false rung=- | cache_used=false path_age=- path_points=0 planning_time_ms=0.1 | reason=no_static_obstacle_in_range | cache_reason=no_cache
1786886318.572 [STATIC_AVOID] obs_id=- obs_dist=-m obs_s=- ego_s=1.26 side=- | left_clearance=- right_clearance=- candidate_valid=false rung=- | cache_used=false path_age=- path_points=0 planning_time_ms=0.1 | reason=no_static_obstacle_in_range | cache_reason=no_cache
1786886319.080 [STATIC_AVOID] obs_id=- obs_dist=-m obs_s=- ego_s=2.52 side=- | left_clearance=- right_clearance=- candidate_valid=false rung=- | cache_used=false path_age=- path_points=0 planning_time_ms=0.1 | reason=no_static_obstacle_in_range | cache_reason=no_cache
1786886319.634 [STATIC_AVOID] obs_id=- obs_dist=-m obs_s=- ego_s=4.71 side=- | left_clearance=- right_clearance=- candidate_valid=false rung=- | cache_used=false path_age=- path_points=0 planning_time_ms=1.5 | reason=no_static_obstacle_in_range | cache_reason=no_cache
1786886320.180 [STATIC_AVOID] obs_id=- obs_dist=-m obs_s=- ego_s=7.39 side=- | left_clearance=- right_clearance=- candidate_valid=false rung=- | cache_used=false path_age=- path_points=0 planning_time_ms=0.1 | reason=no_static_obstacle_in_range | cache_reason=no_cache
1786886320.731 [STATIC_AVOID] obs_id=- obs_dist=-m obs_s=- ego_s=9.36 side=- | left_clearance=- right_clearance=- candidate_valid=false rung=- | cache_used=false path_age=- path_points=0 planning_time_ms=0.1 | reason=no_static_obstacle_in_range | cache_reason=no_cache
1786886321.290 [STATIC_AVOID] obs_id=- obs_dist=-m obs_s=- ego_s=10.50 side=- | left_clearance=- right_clearance=- candidate_valid=false rung=- | cache_used=false path_age=- path_points=0 planning_time_ms=0.1 | reason=no_static_obstacle_in_range | cache_reason=no_cache
1786886321.835 [STATIC_AVOID] obs_id=- obs_dist=-m obs_s=- ego_s=11.67 side=- | left_clearance=- right_clearance=- candidate_valid=false rung=- | cache_used=false path_age=- path_points=0 planning_time_ms=0.1 | reason=no_static_obstacle_in_range | cache_reason=no_cache
1786886322.374 [STATIC_AVOID] obs_id=- obs_dist=-m obs_s=- ego_s=12.98 side=- | left_clearance=- right_clearance=- candidate_valid=false rung=- | cache_used=false path_age=- path_points=0 planning_time_ms=0.1 | reason=no_static_obstacle_in_range | cache_reason=no_cache
1786886322.891 [STATIC_AVOID] obs_id=- obs_dist=-m obs_s=- ego_s=14.22 side=- | left_clearance=- right_clearance=- candidate_valid=false rung=- | cache_used=false path_age=- path_points=0 planning_time_ms=0.1 | reason=no_static_obstacle_in_range | cache_reason=no_cache
1786886323.443 [STATIC_AVOID] obs_id=- obs_dist=-m obs_s=- ego_s=15.64 side=- | left_clearance=- right_clearance=- candidate_valid=false rung=- | cache_used=false path_age=- path_points=0 planning_time_ms=0.1 | reason=no_static_obstacle_in_range | cache_reason=no_cache
1786886323.973 [STATIC_AVOID] obs_id=- obs_dist=-m obs_s=- ego_s=16.73 side=- | left_clearance=- right_clearance=- candidate_valid=false rung=- | cache_used=false path_age=- path_points=0 planning_time_ms=0.1 | reason=no_static_obstacle_in_range | cache_reason=no_cache
1786886324.474 [STATIC_AVOID] obs_id=- obs_dist=-m obs_s=- ego_s=18.17 side=- | left_clearance=- right_clearance=- candidate_valid=false rung=- | cache_used=false path_age=- path_points=0 planning_time_ms=0.1 | reason=no_static_obstacle_in_range | cache_reason=no_cache
1786886324.983 [STATIC_AVOID] obs_id=- obs_dist=-m obs_s=- ego_s=19.90 side=- | left_clearance=- right_clearance=- candidate_valid=false rung=- | cache_used=false path_age=- path_points=0 planning_time_ms=0.1 | reason=no_static_obstacle_in_range | cache_reason=no_cache
1786886325.536 [STATIC_AVOID] obs_id=- obs_dist=-m obs_s=- ego_s=22.20 side=- | left_clearance=- right_clearance=- candidate_valid=false rung=- | cache_used=false path_age=- path_points=0 planning_time_ms=0.1 | reason=no_static_obstacle_in_range | cache_reason=no_cache
1786886326.041 [STATIC_AVOID] obs_id=- obs_dist=-m obs_s=- ego_s=24.18 side=- | left_clearance=- right_clearance=- candidate_valid=false rung=- | cache_used=false path_age=- path_points=0 planning_time_ms=0.1 | reason=no_static_obstacle_in_range | cache_reason=no_cache
1786886326.575 [STATIC_AVOID] obs_id=- obs_dist=-m obs_s=- ego_s=26.20 side=- | left_clearance=- right_clearance=- candidate_valid=false rung=- | cache_used=false path_age=- path_points=0 planning_time_ms=0.1 | reason=no_static_obstacle_in_range | cache_reason=no_cache
1786886327.086 [STATIC_AVOID] obs_id=- obs_dist=-m obs_s=- ego_s=27.39 side=- | left_clearance=- right_clearance=- candidate_valid=false rung=- | cache_used=false path_age=- path_points=0 planning_time_ms=0.1 | reason=no_static_obstacle_in_range | cache_reason=no_cache
1786886327.622 [STATIC_AVOID] obs_id=- obs_dist=-m obs_s=- ego_s=29.15 side=- | left_clearance=- right_clearance=- candidate_valid=false rung=- | cache_used=false path_age=- path_points=0 planning_time_ms=0.1 | reason=no_static_obstacle_in_range | cache_reason=no_cache
1786886328.172 [STATIC_AVOID] obs_id=- obs_dist=-m obs_s=- ego_s=30.74 side=- | left_clearance=- right_clearance=- candidate_valid=false rung=- | cache_used=false path_age=- path_points=0 planning_time_ms=0.1 | reason=no_static_obstacle_in_range | cache_reason=no_cache
1786886328.681 [STATIC_AVOID] obs_id=- obs_dist=-m obs_s=- ego_s=32.11 side=- | left_clearance=- right_clearance=- candidate_valid=false rung=- | cache_used=false path_age=- path_points=0 planning_time_ms=0.1 | reason=no_static_obstacle_in_range | cache_reason=no_cache
1786886329.222 [STATIC_AVOID] obs_id=- obs_dist=-m obs_s=- ego_s=33.89 side=- | left_clearance=- right_clearance=- candidate_valid=false rung=- | cache_used=false path_age=- path_points=0 planning_time_ms=0.2 | reason=no_static_obstacle_in_range | cache_reason=no_cache
1786886329.728 [STATIC_AVOID] obs_id=- obs_dist=-m obs_s=- ego_s=1.20 side=- | left_clearance=- right_clearance=- candidate_valid=false rung=- | cache_used=false path_age=- path_points=0 planning_time_ms=0.1 | reason=no_static_obstacle_in_range | cache_reason=no_cache
1786886330.275 [STATIC_AVOID] obs_id=- obs_dist=-m obs_s=- ego_s=2.85 side=- | left_clearance=- right_clearance=- candidate_valid=false rung=- | cache_used=false path_age=- path_points=0 planning_time_ms=0.1 | reason=no_static_obstacle_in_range | cache_reason=no_cache
1786886330.784 [STATIC_AVOID] obs_id=- obs_dist=-m obs_s=- ego_s=4.53 side=- | left_clearance=- right_clearance=- candidate_valid=false rung=- | cache_used=false path_age=- path_points=0 planning_time_ms=0.1 | reason=no_static_obstacle_in_range | cache_reason=no_cache
1786886331.309 [STATIC_AVOID] obs_id=- obs_dist=-m obs_s=- ego_s=7.06 side=- | left_clearance=- right_clearance=- candidate_valid=false rung=- | cache_used=false path_age=- path_points=0 planning_time_ms=0.1 | reason=no_static_obstacle_in_range | cache_reason=no_cache
1786886331.834 [STATIC_AVOID] obs_id=- obs_dist=-m obs_s=- ego_s=8.98 side=- | left_clearance=- right_clearance=- candidate_valid=false rung=- | cache_used=false path_age=- path_points=0 planning_time_ms=0.7 | reason=no_static_obstacle_in_range | cache_reason=no_cache
1786886332.382 [STATIC_AVOID] obs_id=- obs_dist=-m obs_s=- ego_s=10.41 side=- | left_clearance=- right_clearance=- candidate_valid=false rung=- | cache_used=false path_age=- path_points=0 planning_time_ms=0.1 | reason=no_static_obstacle_in_range | cache_reason=no_cache
1786886332.922 [STATIC_AVOID] obs_id=- obs_dist=-m obs_s=- ego_s=11.51 side=- | left_clearance=- right_clearance=- candidate_valid=false rung=- | cache_used=false path_age=- path_points=0 planning_time_ms=0.1 | reason=no_static_obstacle_in_range | cache_reason=no_cache
1786886333.431 [STATIC_AVOID] obs_id=- obs_dist=-m obs_s=- ego_s=12.75 side=- | left_clearance=- right_clearance=- candidate_valid=false rung=- | cache_used=false path_age=- path_points=0 planning_time_ms=0.1 | reason=no_static_obstacle_in_range | cache_reason=no_cache
1786886333.931 [STATIC_AVOID] obs_id=- obs_dist=-m obs_s=- ego_s=14.17 side=- | left_clearance=- right_clearance=- candidate_valid=false rung=- | cache_used=false path_age=- path_points=0 planning_time_ms=0.1 | reason=no_static_obstacle_in_range | cache_reason=no_cache
1786886334.439 [STATIC_AVOID] obs_id=- obs_dist=-m obs_s=- ego_s=15.30 side=- | left_clearance=- right_clearance=- candidate_valid=false rung=- | cache_used=false path_age=- path_points=0 planning_time_ms=0.1 | reason=no_static_obstacle_in_range | cache_reason=no_cache
1786886334.978 [STATIC_AVOID] obs_id=- obs_dist=-m obs_s=- ego_s=16.38 side=- | left_clearance=- right_clearance=- candidate_valid=false rung=- | cache_used=false path_age=- path_points=0 planning_time_ms=0.3 | reason=no_static_obstacle_in_range | cache_reason=no_cache
1786886335.526 [STATIC_AVOID] obs_id=- obs_dist=-m obs_s=- ego_s=17.74 side=- | left_clearance=- right_clearance=- candidate_valid=false rung=- | cache_used=false path_age=- path_points=0 planning_time_ms=0.1 | reason=no_static_obstacle_in_range | cache_reason=no_cache
1786886336.081 [STATIC_AVOID] obs_id=- obs_dist=-m obs_s=- ego_s=19.35 side=- | left_clearance=- right_clearance=- candidate_valid=false rung=- | cache_used=false path_age=- path_points=0 planning_time_ms=0.1 | reason=no_static_obstacle_in_range | cache_reason=no_cache
1786886336.642 [STATIC_AVOID] obs_id=- obs_dist=-m obs_s=- ego_s=21.57 side=- | left_clearance=- right_clearance=- candidate_valid=false rung=- | cache_used=false path_age=- path_points=0 planning_time_ms=0.5 | reason=no_static_obstacle_in_range | cache_reason=no_cache
1786886337.172 [STATIC_AVOID] obs_id=- obs_dist=-m obs_s=- ego_s=23.88 side=- | left_clearance=- right_clearance=- candidate_valid=false rung=- | cache_used=false path_age=- path_points=0 planning_time_ms=0.1 | reason=no_static_obstacle_in_range | cache_reason=no_cache
1786886337.701 [STATIC_AVOID] obs_id=4 obs_dist=3.14m obs_s=28.89 ego_s=25.76 side=RIGHT | left_clearance=-0.17 right_clearance=0.40 candidate_valid=false rung=- | cache_used=true path_age=0.040 path_points=101 planning_time_ms=3.4 | reason=obstacle_clearance
1786886338.209 [STATIC_AVOID] obs_id=4 obs_dist=1.76m obs_s=28.93 ego_s=27.17 side=RIGHT | left_clearance=-0.19 right_clearance=0.39 candidate_valid=true rung=0 | cache_used=false path_age=0.000 path_points=86 planning_time_ms=3.1
1786886338.727 [STATIC_AVOID] obs_id=- obs_dist=-m obs_s=- ego_s=28.86 side=- | left_clearance=- right_clearance=- candidate_valid=false rung=- | cache_used=false path_age=- path_points=0 planning_time_ms=0.1 | reason=no_static_obstacle_in_range | cache_reason=no_cache
1786886339.233 [STATIC_AVOID] obs_id=- obs_dist=-m obs_s=- ego_s=30.06 side=- | left_clearance=- right_clearance=- candidate_valid=false rung=- | cache_used=false path_age=- path_points=0 planning_time_ms=0.7 | reason=no_static_obstacle_in_range | cache_reason=no_cache
1786886339.773 [STATIC_AVOID] obs_id=- obs_dist=-m obs_s=- ego_s=31.81 side=- | left_clearance=- right_clearance=- candidate_valid=false rung=- | cache_used=false path_age=- path_points=0 planning_time_ms=0.1 | reason=no_static_obstacle_in_range | cache_reason=no_cache
1786886340.274 [STATIC_AVOID] obs_id=- obs_dist=-m obs_s=- ego_s=33.63 side=- | left_clearance=- right_clearance=- candidate_valid=false rung=- | cache_used=false path_age=- path_points=0 planning_time_ms=0.1 | reason=no_static_obstacle_in_range | cache_reason=no_cache
1786886340.775 [STATIC_AVOID] obs_id=- obs_dist=-m obs_s=- ego_s=0.98 side=- | left_clearance=- right_clearance=- candidate_valid=false rung=- | cache_used=false path_age=- path_points=0 planning_time_ms=0.1 | reason=no_static_obstacle_in_range | cache_reason=no_cache
1786886341.277 [STATIC_AVOID] obs_id=- obs_dist=-m obs_s=- ego_s=2.93 side=- | left_clearance=- right_clearance=- candidate_valid=false rung=- | cache_used=false path_age=- path_points=0 planning_time_ms=0.1 | reason=no_static_obstacle_in_range | cache_reason=no_cache
1786886341.823 [STATIC_AVOID] obs_id=- obs_dist=-m obs_s=- ego_s=5.32 side=- | left_clearance=- right_clearance=- candidate_valid=false rung=- | cache_used=false path_age=- path_points=0 planning_time_ms=0.1 | reason=no_static_obstacle_in_range | cache_reason=no_cache
1786886342.331 [STATIC_AVOID] obs_id=- obs_dist=-m obs_s=- ego_s=7.65 side=- | left_clearance=- right_clearance=- candidate_valid=false rung=- | cache_used=false path_age=- path_points=0 planning_time_ms=3.4 | reason=no_static_obstacle_in_range | cache_reason=no_cache
1786886342.873 [STATIC_AVOID] obs_id=- obs_dist=-m obs_s=- ego_s=9.01 side=- | left_clearance=- right_clearance=- candidate_valid=false rung=- | cache_used=false path_age=- path_points=0 planning_time_ms=0.1 | reason=no_static_obstacle_in_range | cache_reason=no_cache
1786886343.374 [STATIC_AVOID] obs_id=- obs_dist=-m obs_s=- ego_s=10.12 side=- | left_clearance=- right_clearance=- candidate_valid=false rung=- | cache_used=false path_age=- path_points=0 planning_time_ms=0.1 | reason=no_static_obstacle_in_range | cache_reason=no_cache
1786886343.927 [STATIC_AVOID] obs_id=- obs_dist=-m obs_s=- ego_s=11.30 side=- | left_clearance=- right_clearance=- candidate_valid=false rung=- | cache_used=false path_age=- path_points=0 planning_time_ms=0.1 | reason=no_static_obstacle_in_range | cache_reason=no_cache
1786886344.485 [STATIC_AVOID] obs_id=- obs_dist=-m obs_s=- ego_s=12.46 side=- | left_clearance=- right_clearance=- candidate_valid=false rung=- | cache_used=false path_age=- path_points=0 planning_time_ms=0.1 | reason=no_static_obstacle_in_range | cache_reason=no_cache
1786886345.033 [STATIC_AVOID] obs_id=- obs_dist=-m obs_s=- ego_s=14.04 side=- | left_clearance=- right_clearance=- candidate_valid=false rung=- | cache_used=false path_age=- path_points=0 planning_time_ms=0.1 | reason=no_static_obstacle_in_range | cache_reason=no_cache
1786886345.592 [STATIC_AVOID] obs_id=- obs_dist=-m obs_s=- ego_s=15.51 side=- | left_clearance=- right_clearance=- candidate_valid=false rung=- | cache_used=false path_age=- path_points=0 planning_time_ms=0.1 | reason=no_static_obstacle_in_range | cache_reason=no_cache
1786886346.131 [STATIC_AVOID] obs_id=- obs_dist=-m obs_s=- ego_s=16.65 side=- | left_clearance=- right_clearance=- candidate_valid=false rung=- | cache_used=false path_age=- path_points=0 planning_time_ms=0.1 | reason=no_static_obstacle_in_range | cache_reason=no_cache
1786886346.646 [STATIC_AVOID] obs_id=- obs_dist=-m obs_s=- ego_s=18.03 side=- | left_clearance=- right_clearance=- candidate_valid=false rung=- | cache_used=false path_age=- path_points=0 planning_time_ms=0.1 | reason=no_static_obstacle_in_range | cache_reason=no_cache
1786886347.174 [STATIC_AVOID] obs_id=- obs_dist=-m obs_s=- ego_s=19.85 side=- | left_clearance=- right_clearance=- candidate_valid=false rung=- | cache_used=false path_age=- path_points=0 planning_time_ms=0.3 | reason=no_static_obstacle_in_range | cache_reason=no_cache
1786886347.695 [STATIC_AVOID] obs_id=- obs_dist=-m obs_s=- ego_s=21.67 side=- | left_clearance=- right_clearance=- candidate_valid=false rung=- | cache_used=false path_age=- path_points=0 planning_time_ms=0.1 | reason=no_static_obstacle_in_range | cache_reason=no_cache
1786886348.228 [STATIC_AVOID] obs_id=- obs_dist=-m obs_s=- ego_s=24.37 side=- | left_clearance=- right_clearance=- candidate_valid=false rung=- | cache_used=false path_age=- path_points=0 planning_time_ms=0.1 | reason=no_static_obstacle_in_range | cache_reason=no_cache
1786886348.780 [STATIC_AVOID] obs_id=- obs_dist=-m obs_s=- ego_s=26.37 side=- | left_clearance=- right_clearance=- candidate_valid=false rung=- | cache_used=false path_age=- path_points=0 planning_time_ms=0.1 | reason=no_static_obstacle_in_range | cache_reason=no_cache
1786886349.331 [STATIC_AVOID] obs_id=- obs_dist=-m obs_s=- ego_s=27.54 side=- | left_clearance=- right_clearance=- candidate_valid=false rung=- | cache_used=false path_age=- path_points=0 planning_time_ms=0.1 | reason=no_static_obstacle_in_range | cache_reason=no_cache
1786886349.832 [STATIC_AVOID] obs_id=- obs_dist=-m obs_s=- ego_s=28.99 side=- | left_clearance=- right_clearance=- candidate_valid=false rung=- | cache_used=false path_age=- path_points=0 planning_time_ms=0.1 | reason=no_static_obstacle_in_range | cache_reason=no_cache
1786886350.353 [STATIC_AVOID] obs_id=- obs_dist=-m obs_s=- ego_s=30.67 side=- | left_clearance=- right_clearance=- candidate_valid=false rung=- | cache_used=false path_age=- path_points=0 planning_time_ms=0.1 | reason=no_static_obstacle_in_range | cache_reason=no_cache
1786886350.876 [STATIC_AVOID] obs_id=- obs_dist=-m obs_s=- ego_s=32.24 side=- | left_clearance=- right_clearance=- candidate_valid=false rung=- | cache_used=false path_age=- path_points=0 planning_time_ms=0.6 | reason=no_static_obstacle_in_range | cache_reason=no_cache
1786886351.378 [STATIC_AVOID] obs_id=- obs_dist=-m obs_s=- ego_s=33.73 side=- | left_clearance=- right_clearance=- candidate_valid=false rung=- | cache_used=false path_age=- path_points=0 planning_time_ms=0.1 | reason=no_static_obstacle_in_range | cache_reason=no_cache
1786886351.923 [STATIC_AVOID] obs_id=- obs_dist=-m obs_s=- ego_s=1.11 side=- | left_clearance=- right_clearance=- candidate_valid=false rung=- | cache_used=false path_age=- path_points=0 planning_time_ms=0.5 | reason=no_static_obstacle_in_range | cache_reason=no_cache
1786886352.426 [STATIC_AVOID] obs_id=- obs_dist=-m obs_s=- ego_s=2.50 side=- | left_clearance=- right_clearance=- candidate_valid=false rung=- | cache_used=false path_age=- path_points=0 planning_time_ms=0.1 | reason=no_static_obstacle_in_range | cache_reason=no_cache
1786886352.931 [STATIC_AVOID] obs_id=- obs_dist=-m obs_s=- ego_s=4.34 side=- | left_clearance=- right_clearance=- candidate_valid=false rung=- | cache_used=false path_age=- path_points=0 planning_time_ms=0.2 | reason=no_static_obstacle_in_range | cache_reason=no_cache
1786886353.474 [STATIC_AVOID] obs_id=- obs_dist=-m obs_s=- ego_s=7.03 side=- | left_clearance=- right_clearance=- candidate_valid=false rung=- | cache_used=false path_age=- path_points=0 planning_time_ms=0.1 | reason=no_static_obstacle_in_range | cache_reason=no_cache
1786886353.984 [STATIC_AVOID] obs_id=- obs_dist=-m obs_s=- ego_s=8.79 side=- | left_clearance=- right_clearance=- candidate_valid=false rung=- | cache_used=false path_age=- path_points=0 planning_time_ms=0.1 | reason=no_static_obstacle_in_range | cache_reason=no_cache
1786886354.530 [STATIC_AVOID] obs_id=- obs_dist=-m obs_s=- ego_s=10.32 side=- | left_clearance=- right_clearance=- candidate_valid=false rung=- | cache_used=false path_age=- path_points=0 planning_time_ms=1.9 | reason=no_static_obstacle_in_range | cache_reason=no_cache
1786886355.075 [STATIC_AVOID] obs_id=- obs_dist=-m obs_s=- ego_s=11.43 side=- | left_clearance=- right_clearance=- candidate_valid=false rung=- | cache_used=false path_age=- path_points=0 planning_time_ms=0.1 | reason=no_static_obstacle_in_range | cache_reason=no_cache
1786886355.587 [STATIC_AVOID] obs_id=- obs_dist=-m obs_s=- ego_s=12.52 side=- | left_clearance=- right_clearance=- candidate_valid=false rung=- | cache_used=false path_age=- path_points=0 planning_time_ms=0.1 | reason=no_static_obstacle_in_range | cache_reason=no_cache
1786886356.141 [STATIC_AVOID] obs_id=- obs_dist=-m obs_s=- ego_s=14.21 side=- | left_clearance=- right_clearance=- candidate_valid=false rung=- | cache_used=false path_age=- path_points=0 planning_time_ms=0.1 | reason=no_static_obstacle_in_range | cache_reason=no_cache
1786886356.674 [STATIC_AVOID] obs_id=- obs_dist=-m obs_s=- ego_s=15.45 side=- | left_clearance=- right_clearance=- candidate_valid=false rung=- | cache_used=false path_age=- path_points=0 planning_time_ms=0.1 | reason=no_static_obstacle_in_range | cache_reason=no_cache
1786886357.180 [STATIC_AVOID] obs_id=- obs_dist=-m obs_s=- ego_s=16.41 side=- | left_clearance=- right_clearance=- candidate_valid=false rung=- | cache_used=false path_age=- path_points=0 planning_time_ms=0.1 | reason=no_static_obstacle_in_range | cache_reason=no_cache
1786886357.723 [STATIC_AVOID] obs_id=- obs_dist=-m obs_s=- ego_s=17.82 side=- | left_clearance=- right_clearance=- candidate_valid=false rung=- | cache_used=false path_age=- path_points=0 planning_time_ms=0.1 | reason=no_static_obstacle_in_range | cache_reason=no_cache
1786886358.227 [STATIC_AVOID] obs_id=- obs_dist=-m obs_s=- ego_s=19.39 side=- | left_clearance=- right_clearance=- candidate_valid=false rung=- | cache_used=false path_age=- path_points=0 planning_time_ms=0.1 | reason=no_static_obstacle_in_range | cache_reason=no_cache
1786886358.783 [STATIC_AVOID] obs_id=- obs_dist=-m obs_s=- ego_s=21.36 side=- | left_clearance=- right_clearance=- candidate_valid=false rung=- | cache_used=false path_age=- path_points=0 planning_time_ms=0.1 | reason=no_static_obstacle_in_range | cache_reason=no_cache
1786886359.289 [STATIC_AVOID] obs_id=- obs_dist=-m obs_s=- ego_s=24.01 side=- | left_clearance=- right_clearance=- candidate_valid=false rung=- | cache_used=false path_age=- path_points=0 planning_time_ms=0.1 | reason=no_static_obstacle_in_range | cache_reason=no_cache
1786886359.826 [STATIC_AVOID] obs_id=- obs_dist=-m obs_s=- ego_s=25.87 side=- | left_clearance=- right_clearance=- candidate_valid=false rung=- | cache_used=false path_age=- path_points=0 planning_time_ms=0.2 | reason=no_static_obstacle_in_range | cache_reason=no_cache
1786886360.372 [STATIC_AVOID] obs_id=- obs_dist=-m obs_s=- ego_s=27.17 side=- | left_clearance=- right_clearance=- candidate_valid=false rung=- | cache_used=false path_age=- path_points=0 planning_time_ms=0.1 | reason=no_static_obstacle_in_range | cache_reason=no_cache
1786886360.873 [STATIC_AVOID] obs_id=- obs_dist=-m obs_s=- ego_s=28.86 side=- | left_clearance=- right_clearance=- candidate_valid=false rung=- | cache_used=false path_age=- path_points=0 planning_time_ms=0.1 | reason=no_static_obstacle_in_range | cache_reason=no_cache
1786886361.382 [STATIC_AVOID] obs_id=- obs_dist=-m obs_s=- ego_s=30.24 side=- | left_clearance=- right_clearance=- candidate_valid=false rung=- | cache_used=false path_age=- path_points=0 planning_time_ms=1.3 | reason=no_static_obstacle_in_range | cache_reason=no_cache
1786886361.889 [STATIC_AVOID] obs_id=- obs_dist=-m obs_s=- ego_s=31.74 side=- | left_clearance=- right_clearance=- candidate_valid=false rung=- | cache_used=false path_age=- path_points=0 planning_time_ms=0.1 | reason=no_static_obstacle_in_range | cache_reason=no_cache
1786886362.428 [STATIC_AVOID] obs_id=- obs_dist=-m obs_s=- ego_s=33.32 side=- | left_clearance=- right_clearance=- candidate_valid=false rung=- | cache_used=false path_age=- path_points=0 planning_time_ms=1.4 | reason=no_static_obstacle_in_range | cache_reason=no_cache
1786886362.934 [STATIC_AVOID] obs_id=- obs_dist=-m obs_s=- ego_s=0.55 side=- | left_clearance=- right_clearance=- candidate_valid=false rung=- | cache_used=false path_age=- path_points=0 planning_time_ms=0.1 | reason=no_static_obstacle_in_range | cache_reason=no_cache
1786886363.491 [STATIC_AVOID] obs_id=- obs_dist=-m obs_s=- ego_s=2.51 side=- | left_clearance=- right_clearance=- candidate_valid=false rung=- | cache_used=false path_age=- path_points=0 planning_time_ms=0.1 | reason=no_static_obstacle_in_range | cache_reason=no_cache
1786886364.038 [STATIC_AVOID] obs_id=- obs_dist=-m obs_s=- ego_s=4.45 side=- | left_clearance=- right_clearance=- candidate_valid=false rung=- | cache_used=false path_age=- path_points=0 planning_time_ms=0.1 | reason=no_static_obstacle_in_range | cache_reason=no_cache
1786886364.582 [STATIC_AVOID] obs_id=- obs_dist=-m obs_s=- ego_s=7.15 side=- | left_clearance=- right_clearance=- candidate_valid=false rung=- | cache_used=false path_age=- path_points=0 planning_time_ms=0.1 | reason=no_static_obstacle_in_range | cache_reason=no_cache
1786886365.127 [STATIC_AVOID] obs_id=- obs_dist=-m obs_s=- ego_s=8.71 side=- | left_clearance=- right_clearance=- candidate_valid=false rung=- | cache_used=false path_age=- path_points=0 planning_time_ms=0.1 | reason=no_static_obstacle_in_range | cache_reason=no_cache
1786886365.628 [STATIC_AVOID] obs_id=- obs_dist=-m obs_s=- ego_s=10.04 side=- | left_clearance=- right_clearance=- candidate_valid=false rung=- | cache_used=false path_age=- path_points=0 planning_time_ms=0.1 | reason=no_static_obstacle_in_range | cache_reason=no_cache
1786886366.134 [STATIC_AVOID] obs_id=- obs_dist=-m obs_s=- ego_s=10.94 side=- | left_clearance=- right_clearance=- candidate_valid=false rung=- | cache_used=false path_age=- path_points=0 planning_time_ms=0.1 | reason=no_static_obstacle_in_range | cache_reason=no_cache
1786886366.679 [STATIC_AVOID] obs_id=- obs_dist=-m obs_s=- ego_s=12.12 side=- | left_clearance=- right_clearance=- candidate_valid=false rung=- | cache_used=false path_age=- path_points=0 planning_time_ms=2.1 | reason=no_static_obstacle_in_range | cache_reason=no_cache
1786886367.182 [STATIC_AVOID] obs_id=- obs_dist=-m obs_s=- ego_s=13.54 side=- | left_clearance=- right_clearance=- candidate_valid=false rung=- | cache_used=false path_age=- path_points=0 planning_time_ms=0.1 | reason=no_static_obstacle_in_range | cache_reason=no_cache
1786886367.727 [STATIC_AVOID] obs_id=- obs_dist=-m obs_s=- ego_s=14.94 side=- | left_clearance=- right_clearance=- candidate_valid=false rung=- | cache_used=false path_age=- path_points=0 planning_time_ms=0.3 | reason=no_static_obstacle_in_range | cache_reason=no_cache
1786886368.234 [STATIC_AVOID] obs_id=- obs_dist=-m obs_s=- ego_s=16.15 side=- | left_clearance=- right_clearance=- candidate_valid=false rung=- | cache_used=false path_age=- path_points=0 planning_time_ms=0.3 | reason=no_static_obstacle_in_range | cache_reason=no_cache
1786886368.738 [STATIC_AVOID] obs_id=- obs_dist=-m obs_s=- ego_s=17.21 side=- | left_clearance=- right_clearance=- candidate_valid=false rung=- | cache_used=false path_age=- path_points=0 planning_time_ms=0.1 | reason=no_static_obstacle_in_range | cache_reason=no_cache
1786886369.274 [STATIC_AVOID] obs_id=- obs_dist=-m obs_s=- ego_s=18.96 side=- | left_clearance=- right_clearance=- candidate_valid=false rung=- | cache_used=false path_age=- path_points=0 planning_time_ms=0.1 | reason=no_static_obstacle_in_range | cache_reason=no_cache
1786886369.776 [STATIC_AVOID] obs_id=- obs_dist=-m obs_s=- ego_s=20.88 side=- | left_clearance=- right_clearance=- candidate_valid=false rung=- | cache_used=false path_age=- path_points=0 planning_time_ms=0.1 | reason=no_static_obstacle_in_range | cache_reason=no_cache
1786886370.280 [STATIC_AVOID] obs_id=- obs_dist=-m obs_s=- ego_s=23.19 side=- | left_clearance=- right_clearance=- candidate_valid=false rung=- | cache_used=false path_age=- path_points=0 planning_time_ms=0.1 | reason=no_static_obstacle_in_range | cache_reason=no_cache
1786886370.824 [STATIC_AVOID] obs_id=- obs_dist=-m obs_s=- ego_s=25.37 side=- | left_clearance=- right_clearance=- candidate_valid=false rung=- | cache_used=false path_age=- path_points=0 planning_time_ms=0.1 | reason=no_static_obstacle_in_range | cache_reason=no_cache
1786886371.356 [STATIC_AVOID] obs_id=- obs_dist=-m obs_s=- ego_s=26.94 side=- | left_clearance=- right_clearance=- candidate_valid=false rung=- | cache_used=false path_age=- path_points=0 planning_time_ms=3.3 | reason=no_static_obstacle_in_range | cache_reason=no_cache
1786886371.875 [STATIC_AVOID] obs_id=- obs_dist=-m obs_s=- ego_s=28.27 side=- | left_clearance=- right_clearance=- candidate_valid=false rung=- | cache_used=false path_age=- path_points=0 planning_time_ms=0.1 | reason=no_static_obstacle_in_range | cache_reason=no_cache
1786886372.435 [STATIC_AVOID] obs_id=- obs_dist=-m obs_s=- ego_s=29.78 side=- | left_clearance=- right_clearance=- candidate_valid=false rung=- | cache_used=false path_age=- path_points=0 planning_time_ms=0.1 | reason=no_static_obstacle_in_range | cache_reason=no_cache
1786886372.974 [STATIC_AVOID] obs_id=- obs_dist=-m obs_s=- ego_s=30.94 side=- | left_clearance=- right_clearance=- candidate_valid=false rung=- | cache_used=false path_age=- path_points=0 planning_time_ms=0.1 | reason=no_static_obstacle_in_range | cache_reason=no_cache
1786886373.523 [STATIC_AVOID] obs_id=- obs_dist=-m obs_s=- ego_s=32.59 side=- | left_clearance=- right_clearance=- candidate_valid=false rung=- | cache_used=false path_age=- path_points=0 planning_time_ms=0.1 | reason=no_static_obstacle_in_range | cache_reason=no_cache
1786886374.076 [STATIC_AVOID] obs_id=- obs_dist=-m obs_s=- ego_s=34.21 side=- | left_clearance=- right_clearance=- candidate_valid=false rung=- | cache_used=false path_age=- path_points=0 planning_time_ms=0.2 | reason=no_static_obstacle_in_range | cache_reason=no_cache
1786886374.622 [STATIC_AVOID] obs_id=- obs_dist=-m obs_s=- ego_s=1.62 side=- | left_clearance=- right_clearance=- candidate_valid=false rung=- | cache_used=false path_age=- path_points=0 planning_time_ms=0.1 | reason=no_static_obstacle_in_range | cache_reason=no_cache
1786886375.126 [STATIC_AVOID] obs_id=- obs_dist=-m obs_s=- ego_s=3.20 side=- | left_clearance=- right_clearance=- candidate_valid=false rung=- | cache_used=false path_age=- path_points=0 planning_time_ms=0.1 | reason=no_static_obstacle_in_range | cache_reason=no_cache
1786886375.628 [STATIC_AVOID] obs_id=- obs_dist=-m obs_s=- ego_s=4.94 side=- | left_clearance=- right_clearance=- candidate_valid=false rung=- | cache_used=false path_age=- path_points=0 planning_time_ms=0.4 | reason=no_static_obstacle_in_range | cache_reason=no_cache
1786886376.178 [STATIC_AVOID] obs_id=- obs_dist=-m obs_s=- ego_s=7.65 side=- | left_clearance=- right_clearance=- candidate_valid=false rung=- | cache_used=false path_age=- path_points=0 planning_time_ms=0.1 | reason=no_static_obstacle_in_range | cache_reason=no_cache
1786886376.683 [STATIC_AVOID] obs_id=- obs_dist=-m obs_s=- ego_s=9.42 side=- | left_clearance=- right_clearance=- candidate_valid=false rung=- | cache_used=false path_age=- path_points=0 planning_time_ms=0.6 | reason=no_static_obstacle_in_range | cache_reason=no_cache
1786886377.227 [STATIC_AVOID] obs_id=- obs_dist=-m obs_s=- ego_s=10.70 side=- | left_clearance=- right_clearance=- candidate_valid=false rung=- | cache_used=false path_age=- path_points=0 planning_time_ms=0.1 | reason=no_static_obstacle_in_range | cache_reason=no_cache
1786886377.776 [STATIC_AVOID] obs_id=- obs_dist=-m obs_s=- ego_s=11.92 side=- | left_clearance=- right_clearance=- candidate_valid=false rung=- | cache_used=false path_age=- path_points=0 planning_time_ms=0.1 | reason=no_static_obstacle_in_range | cache_reason=no_cache
1786886378.277 [STATIC_AVOID] obs_id=- obs_dist=-m obs_s=- ego_s=13.09 side=- | left_clearance=- right_clearance=- candidate_valid=false rung=- | cache_used=false path_age=- path_points=0 planning_time_ms=0.9 | reason=no_static_obstacle_in_range | cache_reason=no_cache
1786886378.778 [STATIC_AVOID] obs_id=- obs_dist=-m obs_s=- ego_s=14.51 side=- | left_clearance=- right_clearance=- candidate_valid=false rung=- | cache_used=false path_age=- path_points=0 planning_time_ms=1.9 | reason=no_static_obstacle_in_range | cache_reason=no_cache
1786886379.323 [STATIC_AVOID] obs_id=- obs_dist=-m obs_s=- ego_s=15.74 side=- | left_clearance=- right_clearance=- candidate_valid=false rung=- | cache_used=false path_age=- path_points=0 planning_time_ms=0.1 | reason=no_static_obstacle_in_range | cache_reason=no_cache
1786886379.875 [STATIC_AVOID] obs_id=- obs_dist=-m obs_s=- ego_s=17.05 side=- | left_clearance=- right_clearance=- candidate_valid=false rung=- | cache_used=false path_age=- path_points=0 planning_time_ms=0.1 | reason=no_static_obstacle_in_range | cache_reason=no_cache
1786886380.390 [STATIC_AVOID] obs_id=- obs_dist=-m obs_s=- ego_s=18.59 side=- | left_clearance=- right_clearance=- candidate_valid=false rung=- | cache_used=false path_age=- path_points=0 planning_time_ms=0.1 | reason=no_static_obstacle_in_range | cache_reason=no_cache
1786886380.931 [STATIC_AVOID] obs_id=- obs_dist=-m obs_s=- ego_s=20.21 side=- | left_clearance=- right_clearance=- candidate_valid=false rung=- | cache_used=false path_age=- path_points=0 planning_time_ms=1.1 | reason=no_static_obstacle_in_range | cache_reason=no_cache
1786886381.483 [STATIC_AVOID] obs_id=- obs_dist=-m obs_s=- ego_s=22.93 side=- | left_clearance=- right_clearance=- candidate_valid=false rung=- | cache_used=false path_age=- path_points=0 planning_time_ms=0.1 | reason=no_static_obstacle_in_range | cache_reason=no_cache
1786886382.030 [STATIC_AVOID] obs_id=- obs_dist=-m obs_s=- ego_s=25.32 side=- | left_clearance=- right_clearance=- candidate_valid=false rung=- | cache_used=false path_age=- path_points=0 planning_time_ms=0.1 | reason=no_static_obstacle_in_range | cache_reason=no_cache
1786886382.586 [STATIC_AVOID] obs_id=- obs_dist=-m obs_s=- ego_s=26.59 side=- | left_clearance=- right_clearance=- candidate_valid=false rung=- | cache_used=false path_age=- path_points=0 planning_time_ms=0.1 | reason=no_static_obstacle_in_range | cache_reason=no_cache
1786886383.127 [STATIC_AVOID] obs_id=- obs_dist=-m obs_s=- ego_s=28.31 side=- | left_clearance=- right_clearance=- candidate_valid=false rung=- | cache_used=false path_age=- path_points=0 planning_time_ms=0.1 | reason=no_static_obstacle_in_range | cache_reason=no_cache
1786886383.640 [STATIC_AVOID] obs_id=- obs_dist=-m obs_s=- ego_s=29.82 side=- | left_clearance=- right_clearance=- candidate_valid=false rung=- | cache_used=false path_age=- path_points=0 planning_time_ms=1.0 | reason=no_static_obstacle_in_range | cache_reason=no_cache
1786886384.179 [STATIC_AVOID] obs_id=- obs_dist=-m obs_s=- ego_s=31.50 side=- | left_clearance=- right_clearance=- candidate_valid=false rung=- | cache_used=false path_age=- path_points=0 planning_time_ms=0.1 | reason=no_static_obstacle_in_range | cache_reason=no_cache
1786886384.696 [STATIC_AVOID] obs_id=- obs_dist=-m obs_s=- ego_s=33.01 side=- | left_clearance=- right_clearance=- candidate_valid=false rung=- | cache_used=false path_age=- path_points=0 planning_time_ms=0.1 | reason=no_static_obstacle_in_range | cache_reason=no_cache
1786886385.237 [STATIC_AVOID] obs_id=- obs_dist=-m obs_s=- ego_s=0.28 side=- | left_clearance=- right_clearance=- candidate_valid=false rung=- | cache_used=false path_age=- path_points=0 planning_time_ms=0.1 | reason=no_static_obstacle_in_range | cache_reason=no_cache
1786886385.782 [STATIC_AVOID] obs_id=- obs_dist=-m obs_s=- ego_s=2.15 side=- | left_clearance=- right_clearance=- candidate_valid=false rung=- | cache_used=false path_age=- path_points=0 planning_time_ms=0.1 | reason=no_static_obstacle_in_range | cache_reason=no_cache
1786886386.324 [STATIC_AVOID] obs_id=- obs_dist=-m obs_s=- ego_s=4.31 side=- | left_clearance=- right_clearance=- candidate_valid=false rung=- | cache_used=false path_age=- path_points=0 planning_time_ms=0.1 | reason=no_static_obstacle_in_range | cache_reason=no_cache
1786886386.825 [STATIC_AVOID] obs_id=- obs_dist=-m obs_s=- ego_s=6.72 side=- | left_clearance=- right_clearance=- candidate_valid=false rung=- | cache_used=false path_age=- path_points=0 planning_time_ms=0.3 | reason=no_static_obstacle_in_range | cache_reason=no_cache
1786886387.380 [STATIC_AVOID] obs_id=- obs_dist=-m obs_s=- ego_s=8.78 side=- | left_clearance=- right_clearance=- candidate_valid=false rung=- | cache_used=false path_age=- path_points=0 planning_time_ms=0.1 | reason=no_static_obstacle_in_range | cache_reason=no_cache
1786886387.885 [STATIC_AVOID] obs_id=- obs_dist=-m obs_s=- ego_s=9.66 side=- | left_clearance=- right_clearance=- candidate_valid=false rung=- | cache_used=false path_age=- path_points=0 planning_time_ms=0.1 | reason=no_static_obstacle_in_range | cache_reason=no_cache
1786886388.434 [STATIC_AVOID] obs_id=- obs_dist=-m obs_s=- ego_s=10.93 side=- | left_clearance=- right_clearance=- candidate_valid=false rung=- | cache_used=false path_age=- path_points=0 planning_time_ms=0.1 | reason=no_static_obstacle_in_range | cache_reason=no_cache
1786886388.935 [STATIC_AVOID] obs_id=- obs_dist=-m obs_s=- ego_s=11.84 side=- | left_clearance=- right_clearance=- candidate_valid=false rung=- | cache_used=false path_age=- path_points=0 planning_time_ms=0.2 | reason=no_static_obstacle_in_range | cache_reason=no_cache
1786886389.479 [STATIC_AVOID] obs_id=- obs_dist=-m obs_s=- ego_s=13.56 side=- | left_clearance=- right_clearance=- candidate_valid=false rung=- | cache_used=false path_age=- path_points=0 planning_time_ms=0.1 | reason=no_static_obstacle_in_range | cache_reason=no_cache
1786886389.978 [STATIC_AVOID] obs_id=- obs_dist=-m obs_s=- ego_s=14.85 side=- | left_clearance=- right_clearance=- candidate_valid=false rung=- | cache_used=false path_age=- path_points=0 planning_time_ms=5.6 | reason=no_static_obstacle_in_range | cache_reason=no_cache
1786886390.525 [STATIC_AVOID] obs_id=- obs_dist=-m obs_s=- ego_s=16.07 side=- | left_clearance=- right_clearance=- candidate_valid=false rung=- | cache_used=false path_age=- path_points=0 planning_time_ms=0.1 | reason=no_static_obstacle_in_range | cache_reason=no_cache
1786886391.038 [STATIC_AVOID] obs_id=- obs_dist=-m obs_s=- ego_s=17.23 side=- | left_clearance=- right_clearance=- candidate_valid=false rung=- | cache_used=false path_age=- path_points=0 planning_time_ms=3.3 | reason=no_static_obstacle_in_range | cache_reason=no_cache
1786886391.594 [STATIC_AVOID] obs_id=- obs_dist=-m obs_s=- ego_s=19.00 side=- | left_clearance=- right_clearance=- candidate_valid=false rung=- | cache_used=false path_age=- path_points=0 planning_time_ms=0.1 | reason=no_static_obstacle_in_range | cache_reason=no_cache
1786886392.137 [STATIC_AVOID] obs_id=- obs_dist=-m obs_s=- ego_s=21.11 side=- | left_clearance=- right_clearance=- candidate_valid=false rung=- | cache_used=false path_age=- path_points=0 planning_time_ms=3.7 | reason=no_static_obstacle_in_range | cache_reason=no_cache
1786886392.678 [STATIC_AVOID] obs_id=- obs_dist=-m obs_s=- ego_s=23.72 side=- | left_clearance=- right_clearance=- candidate_valid=false rung=- | cache_used=false path_age=- path_points=0 planning_time_ms=0.1 | reason=no_static_obstacle_in_range | cache_reason=no_cache
1786886393.228 [STATIC_AVOID] obs_id=- obs_dist=-m obs_s=- ego_s=25.90 side=- | left_clearance=- right_clearance=- candidate_valid=false rung=- | cache_used=false path_age=- path_points=0 planning_time_ms=0.1 | reason=no_static_obstacle_in_range | cache_reason=no_cache
1786886393.780 [STATIC_AVOID] obs_id=- obs_dist=-m obs_s=- ego_s=27.15 side=- | left_clearance=- right_clearance=- candidate_valid=false rung=- | cache_used=false path_age=- path_points=0 planning_time_ms=0.1 | reason=no_static_obstacle_in_range | cache_reason=no_cache
1786886394.374 [STATIC_AVOID] obs_id=- obs_dist=-m obs_s=- ego_s=28.70 side=- | left_clearance=- right_clearance=- candidate_valid=false rung=- | cache_used=false path_age=- path_points=0 planning_time_ms=0.1 | reason=no_static_obstacle_in_range | cache_reason=no_cache
1786886394.884 [STATIC_AVOID] obs_id=- obs_dist=-m obs_s=- ego_s=30.38 side=- | left_clearance=- right_clearance=- candidate_valid=false rung=- | cache_used=false path_age=- path_points=0 planning_time_ms=0.1 | reason=no_static_obstacle_in_range | cache_reason=no_cache
1786886395.426 [STATIC_AVOID] obs_id=- obs_dist=-m obs_s=- ego_s=32.21 side=- | left_clearance=- right_clearance=- candidate_valid=false rung=- | cache_used=false path_age=- path_points=0 planning_time_ms=0.1 | reason=no_static_obstacle_in_range | cache_reason=no_cache
1786886395.930 [STATIC_AVOID] obs_id=- obs_dist=-m obs_s=- ego_s=33.10 side=- | left_clearance=- right_clearance=- candidate_valid=false rung=- | cache_used=false path_age=- path_points=0 planning_time_ms=0.1 | reason=no_static_obstacle_in_range | cache_reason=no_cache
1786886396.434 [STATIC_AVOID] obs_id=- obs_dist=-m obs_s=- ego_s=0.54 side=- | left_clearance=- right_clearance=- candidate_valid=false rung=- | cache_used=false path_age=- path_points=0 planning_time_ms=0.1 | reason=no_static_obstacle_in_range | cache_reason=no_cache
1786886396.975 [STATIC_AVOID] obs_id=- obs_dist=-m obs_s=- ego_s=2.74 side=- | left_clearance=- right_clearance=- candidate_valid=false rung=- | cache_used=false path_age=- path_points=0 planning_time_ms=0.1 | reason=no_static_obstacle_in_range | cache_reason=no_cache
1786886397.477 [STATIC_AVOID] obs_id=- obs_dist=-m obs_s=- ego_s=4.95 side=- | left_clearance=- right_clearance=- candidate_valid=false rung=- | cache_used=false path_age=- path_points=0 planning_time_ms=0.2 | reason=no_static_obstacle_in_range | cache_reason=no_cache
1786886397.989 [STATIC_AVOID] obs_id=- obs_dist=-m obs_s=- ego_s=7.07 side=- | left_clearance=- right_clearance=- candidate_valid=false rung=- | cache_used=false path_age=- path_points=0 planning_time_ms=0.2 | reason=no_static_obstacle_in_range | cache_reason=no_cache
1786886398.527 [STATIC_AVOID] obs_id=- obs_dist=-m obs_s=- ego_s=8.97 side=- | left_clearance=- right_clearance=- candidate_valid=false rung=- | cache_used=false path_age=- path_points=0 planning_time_ms=0.1 | reason=no_static_obstacle_in_range | cache_reason=no_cache
1786886399.080 [STATIC_AVOID] obs_id=- obs_dist=-m obs_s=- ego_s=10.07 side=- | left_clearance=- right_clearance=- candidate_valid=false rung=- | cache_used=false path_age=- path_points=0 planning_time_ms=0.1 | reason=no_static_obstacle_in_range | cache_reason=no_cache
1786886399.581 [STATIC_AVOID] obs_id=- obs_dist=-m obs_s=- ego_s=11.14 side=- | left_clearance=- right_clearance=- candidate_valid=false rung=- | cache_used=false path_age=- path_points=0 planning_time_ms=0.1 | reason=no_static_obstacle_in_range | cache_reason=no_cache
1786886400.128 [STATIC_AVOID] obs_id=- obs_dist=-m obs_s=- ego_s=12.21 side=- | left_clearance=- right_clearance=- candidate_valid=false rung=- | cache_used=false path_age=- path_points=0 planning_time_ms=0.1 | reason=no_static_obstacle_in_range | cache_reason=no_cache
1786886400.630 [STATIC_AVOID] obs_id=- obs_dist=-m obs_s=- ego_s=13.56 side=- | left_clearance=- right_clearance=- candidate_valid=false rung=- | cache_used=false path_age=- path_points=0 planning_time_ms=0.1 | reason=no_static_obstacle_in_range | cache_reason=no_cache
1786886401.180 [STATIC_AVOID] obs_id=- obs_dist=-m obs_s=- ego_s=15.18 side=- | left_clearance=- right_clearance=- candidate_valid=false rung=- | cache_used=false path_age=- path_points=0 planning_time_ms=0.1 | reason=no_static_obstacle_in_range | cache_reason=no_cache
1786886401.697 [STATIC_AVOID] obs_id=- obs_dist=-m obs_s=- ego_s=16.13 side=- | left_clearance=- right_clearance=- candidate_valid=false rung=- | cache_used=false path_age=- path_points=0 planning_time_ms=0.1 | reason=no_static_obstacle_in_range | cache_reason=no_cache
1786886402.232 [STATIC_AVOID] obs_id=- obs_dist=-m obs_s=- ego_s=17.63 side=- | left_clearance=- right_clearance=- candidate_valid=false rung=- | cache_used=false path_age=- path_points=0 planning_time_ms=0.1 | reason=no_static_obstacle_in_range | cache_reason=no_cache
1786886402.794 [STATIC_AVOID] obs_id=- obs_dist=-m obs_s=- ego_s=19.44 side=- | left_clearance=- right_clearance=- candidate_valid=false rung=- | cache_used=false path_age=- path_points=0 planning_time_ms=0.1 | reason=no_static_obstacle_in_range | cache_reason=no_cache
1786886403.358 [STATIC_AVOID] obs_id=- obs_dist=-m obs_s=- ego_s=21.60 side=- | left_clearance=- right_clearance=- candidate_valid=false rung=- | cache_used=false path_age=- path_points=0 planning_time_ms=0.1 | reason=no_static_obstacle_in_range | cache_reason=no_cache
1786886403.877 [STATIC_AVOID] obs_id=- obs_dist=-m obs_s=- ego_s=24.45 side=- | left_clearance=- right_clearance=- candidate_valid=false rung=- | cache_used=false path_age=- path_points=0 planning_time_ms=0.1 | reason=no_static_obstacle_in_range | cache_reason=no_cache
1786886404.378 [STATIC_AVOID] obs_id=- obs_dist=-m obs_s=- ego_s=26.02 side=- | left_clearance=- right_clearance=- candidate_valid=false rung=- | cache_used=false path_age=- path_points=0 planning_time_ms=0.1 | reason=no_static_obstacle_in_range | cache_reason=no_cache
1786886404.923 [STATIC_AVOID] obs_id=- obs_dist=-m obs_s=- ego_s=27.29 side=- | left_clearance=- right_clearance=- candidate_valid=false rung=- | cache_used=false path_age=- path_points=0 planning_time_ms=0.1 | reason=no_static_obstacle_in_range | cache_reason=no_cache
1786886405.430 [STATIC_AVOID] obs_id=- obs_dist=-m obs_s=- ego_s=28.89 side=- | left_clearance=- right_clearance=- candidate_valid=false rung=- | cache_used=false path_age=- path_points=0 planning_time_ms=0.1 | reason=no_static_obstacle_in_range | cache_reason=no_cache
1786886405.933 [STATIC_AVOID] obs_id=- obs_dist=-m obs_s=- ego_s=30.39 side=- | left_clearance=- right_clearance=- candidate_valid=false rung=- | cache_used=false path_age=- path_points=0 planning_time_ms=0.1 | reason=no_static_obstacle_in_range | cache_reason=no_cache
1786886406.443 [STATIC_AVOID] obs_id=- obs_dist=-m obs_s=- ego_s=31.86 side=- | left_clearance=- right_clearance=- candidate_valid=false rung=- | cache_used=false path_age=- path_points=0 planning_time_ms=0.1 | reason=no_static_obstacle_in_range | cache_reason=no_cache
1786886406.948 [STATIC_AVOID] obs_id=- obs_dist=-m obs_s=- ego_s=33.35 side=- | left_clearance=- right_clearance=- candidate_valid=false rung=- | cache_used=false path_age=- path_points=0 planning_time_ms=0.1 | reason=no_static_obstacle_in_range | cache_reason=no_cache
1786886407.479 [STATIC_AVOID] obs_id=- obs_dist=-m obs_s=- ego_s=0.83 side=- | left_clearance=- right_clearance=- candidate_valid=false rung=- | cache_used=false path_age=- path_points=0 planning_time_ms=0.1 | reason=no_static_obstacle_in_range | cache_reason=no_cache
1786886407.986 [STATIC_AVOID] obs_id=- obs_dist=-m obs_s=- ego_s=2.47 side=- | left_clearance=- right_clearance=- candidate_valid=false rung=- | cache_used=false path_age=- path_points=0 planning_time_ms=0.1 | reason=no_static_obstacle_in_range | cache_reason=no_cache
1786886408.528 [STATIC_AVOID] obs_id=- obs_dist=-m obs_s=- ego_s=5.04 side=- | left_clearance=- right_clearance=- candidate_valid=false rung=- | cache_used=false path_age=- path_points=0 planning_time_ms=0.1 | reason=no_static_obstacle_in_range | cache_reason=no_cache
1786886409.085 [STATIC_AVOID] obs_id=- obs_dist=-m obs_s=- ego_s=7.53 side=- | left_clearance=- right_clearance=- candidate_valid=false rung=- | cache_used=false path_age=- path_points=0 planning_time_ms=0.1 | reason=no_static_obstacle_in_range | cache_reason=no_cache
1786886409.624 [STATIC_AVOID] obs_id=- obs_dist=-m obs_s=- ego_s=9.36 side=- | left_clearance=- right_clearance=- candidate_valid=false rung=- | cache_used=false path_age=- path_points=0 planning_time_ms=0.1 | reason=no_static_obstacle_in_range | cache_reason=no_cache
1786886410.183 [STATIC_AVOID] obs_id=- obs_dist=-m obs_s=- ego_s=10.17 side=- | left_clearance=- right_clearance=- candidate_valid=false rung=- | cache_used=false path_age=- path_points=0 planning_time_ms=0.1 | reason=no_static_obstacle_in_range | cache_reason=no_cache
1786886410.724 [STATIC_AVOID] obs_id=- obs_dist=-m obs_s=- ego_s=11.39 side=- | left_clearance=- right_clearance=- candidate_valid=false rung=- | cache_used=false path_age=- path_points=0 planning_time_ms=0.3 | reason=no_static_obstacle_in_range | cache_reason=no_cache
1786886411.230 [STATIC_AVOID] obs_id=- obs_dist=-m obs_s=- ego_s=12.15 side=- | left_clearance=- right_clearance=- candidate_valid=false rung=- | cache_used=false path_age=- path_points=0 planning_time_ms=0.1 | reason=no_static_obstacle_in_range | cache_reason=no_cache
1786886411.731 [STATIC_AVOID] obs_id=- obs_dist=-m obs_s=- ego_s=13.39 side=- | left_clearance=- right_clearance=- candidate_valid=false rung=- | cache_used=false path_age=- path_points=0 planning_time_ms=0.3 | reason=no_static_obstacle_in_range | cache_reason=no_cache
1786886412.278 [STATIC_AVOID] obs_id=- obs_dist=-m obs_s=- ego_s=15.01 side=- | left_clearance=- right_clearance=- candidate_valid=false rung=- | cache_used=false path_age=- path_points=0 planning_time_ms=0.2 | reason=no_static_obstacle_in_range | cache_reason=no_cache
1786886412.796 [STATIC_AVOID] obs_id=- obs_dist=-m obs_s=- ego_s=16.08 side=- | left_clearance=- right_clearance=- candidate_valid=false rung=- | cache_used=false path_age=- path_points=0 planning_time_ms=0.1 | reason=no_static_obstacle_in_range | cache_reason=no_cache
1786886413.344 [STATIC_AVOID] obs_id=- obs_dist=-m obs_s=- ego_s=17.56 side=- | left_clearance=- right_clearance=- candidate_valid=false rung=- | cache_used=false path_age=- path_points=0 planning_time_ms=0.1 | reason=no_static_obstacle_in_range | cache_reason=no_cache
1786886413.881 [STATIC_AVOID] obs_id=- obs_dist=-m obs_s=- ego_s=19.37 side=- | left_clearance=- right_clearance=- candidate_valid=false rung=- | cache_used=false path_age=- path_points=0 planning_time_ms=2.4 | reason=no_static_obstacle_in_range | cache_reason=no_cache
1786886414.433 [STATIC_AVOID] obs_id=- obs_dist=-m obs_s=- ego_s=21.48 side=- | left_clearance=- right_clearance=- candidate_valid=false rung=- | cache_used=false path_age=- path_points=0 planning_time_ms=0.1 | reason=no_static_obstacle_in_range | cache_reason=no_cache
1786886414.976 [STATIC_AVOID] obs_id=- obs_dist=-m obs_s=- ego_s=24.03 side=- | left_clearance=- right_clearance=- candidate_valid=false rung=- | cache_used=false path_age=- path_points=0 planning_time_ms=0.1 | reason=no_static_obstacle_in_range | cache_reason=no_cache
1786886415.482 [STATIC_AVOID] obs_id=- obs_dist=-m obs_s=- ego_s=25.81 side=- | left_clearance=- right_clearance=- candidate_valid=false rung=- | cache_used=false path_age=- path_points=0 planning_time_ms=3.7 | reason=no_static_obstacle_in_range | cache_reason=no_cache
1786886416.033 [STATIC_AVOID] obs_id=- obs_dist=-m obs_s=- ego_s=27.22 side=- | left_clearance=- right_clearance=- candidate_valid=false rung=- | cache_used=false path_age=- path_points=0 planning_time_ms=0.1 | reason=no_static_obstacle_in_range | cache_reason=no_cache
1786886416.543 [STATIC_AVOID] obs_id=- obs_dist=-m obs_s=- ego_s=28.98 side=- | left_clearance=- right_clearance=- candidate_valid=false rung=- | cache_used=false path_age=- path_points=0 planning_time_ms=0.1 | reason=no_static_obstacle_in_range | cache_reason=no_cache
1786886417.075 [STATIC_AVOID] obs_id=- obs_dist=-m obs_s=- ego_s=30.28 side=- | left_clearance=- right_clearance=- candidate_valid=false rung=- | cache_used=false path_age=- path_points=0 planning_time_ms=0.1 | reason=no_static_obstacle_in_range | cache_reason=no_cache
1786886417.576 [STATIC_AVOID] obs_id=- obs_dist=-m obs_s=- ego_s=31.69 side=- | left_clearance=- right_clearance=- candidate_valid=false rung=- | cache_used=false path_age=- path_points=0 planning_time_ms=0.1 | reason=no_static_obstacle_in_range | cache_reason=no_cache
1786886418.135 [STATIC_AVOID] obs_id=- obs_dist=-m obs_s=- ego_s=33.28 side=- | left_clearance=- right_clearance=- candidate_valid=false rung=- | cache_used=false path_age=- path_points=0 planning_time_ms=0.1 | reason=no_static_obstacle_in_range | cache_reason=no_cache
1786886418.638 [STATIC_AVOID] obs_id=- obs_dist=-m obs_s=- ego_s=0.72 side=- | left_clearance=- right_clearance=- candidate_valid=false rung=- | cache_used=false path_age=- path_points=0 planning_time_ms=4.0 | reason=no_static_obstacle_in_range | cache_reason=no_cache
1786886419.178 [STATIC_AVOID] obs_id=- obs_dist=-m obs_s=- ego_s=2.44 side=- | left_clearance=- right_clearance=- candidate_valid=false rung=- | cache_used=false path_age=- path_points=0 planning_time_ms=1.6 | reason=no_static_obstacle_in_range | cache_reason=no_cache
1786886419.722 [STATIC_AVOID] obs_id=- obs_dist=-m obs_s=- ego_s=4.71 side=- | left_clearance=- right_clearance=- candidate_valid=false rung=- | cache_used=false path_age=- path_points=0 planning_time_ms=0.1 | reason=no_static_obstacle_in_range | cache_reason=no_cache
1786886420.230 [STATIC_AVOID] obs_id=- obs_dist=-m obs_s=- ego_s=6.61 side=- | left_clearance=- right_clearance=- candidate_valid=false rung=- | cache_used=false path_age=- path_points=0 planning_time_ms=0.1 | reason=no_static_obstacle_in_range | cache_reason=no_cache
1786886420.730 [STATIC_AVOID] obs_id=- obs_dist=-m obs_s=- ego_s=8.52 side=- | left_clearance=- right_clearance=- candidate_valid=false rung=- | cache_used=false path_age=- path_points=0 planning_time_ms=0.1 | reason=no_static_obstacle_in_range | cache_reason=no_cache
1786886421.276 [STATIC_AVOID] obs_id=- obs_dist=-m obs_s=- ego_s=9.92 side=- | left_clearance=- right_clearance=- candidate_valid=false rung=- | cache_used=false path_age=- path_points=0 planning_time_ms=0.1 | reason=no_static_obstacle_in_range | cache_reason=no_cache
1786886421.780 [STATIC_AVOID] obs_id=- obs_dist=-m obs_s=- ego_s=11.07 side=- | left_clearance=- right_clearance=- candidate_valid=false rung=- | cache_used=false path_age=- path_points=0 planning_time_ms=0.1 | reason=no_static_obstacle_in_range | cache_reason=no_cache
1786886422.325 [STATIC_AVOID] obs_id=- obs_dist=-m obs_s=- ego_s=12.20 side=- | left_clearance=- right_clearance=- candidate_valid=false rung=- | cache_used=false path_age=- path_points=0 planning_time_ms=0.1 | reason=no_static_obstacle_in_range | cache_reason=no_cache
1786886422.844 [STATIC_AVOID] obs_id=- obs_dist=-m obs_s=- ego_s=13.32 side=- | left_clearance=- right_clearance=- candidate_valid=false rung=- | cache_used=false path_age=- path_points=0 planning_time_ms=0.1 | reason=no_static_obstacle_in_range | cache_reason=no_cache
1786886423.373 [STATIC_AVOID] obs_id=- obs_dist=-m obs_s=- ego_s=14.94 side=- | left_clearance=- right_clearance=- candidate_valid=false rung=- | cache_used=false path_age=- path_points=0 planning_time_ms=0.2 | reason=no_static_obstacle_in_range | cache_reason=no_cache
1786886423.879 [STATIC_AVOID] obs_id=- obs_dist=-m obs_s=- ego_s=16.06 side=- | left_clearance=- right_clearance=- candidate_valid=false rung=- | cache_used=false path_age=- path_points=0 planning_time_ms=0.1 | reason=no_static_obstacle_in_range | cache_reason=no_cache
1786886424.431 [STATIC_AVOID] obs_id=- obs_dist=-m obs_s=- ego_s=17.46 side=- | left_clearance=- right_clearance=- candidate_valid=false rung=- | cache_used=false path_age=- path_points=0 planning_time_ms=0.3 | reason=no_static_obstacle_in_range | cache_reason=no_cache
1786886424.977 [STATIC_AVOID] obs_id=- obs_dist=-m obs_s=- ego_s=18.98 side=- | left_clearance=- right_clearance=- candidate_valid=false rung=- | cache_used=false path_age=- path_points=0 planning_time_ms=0.1 | reason=no_static_obstacle_in_range | cache_reason=no_cache
1786886425.525 [STATIC_AVOID] obs_id=- obs_dist=-m obs_s=- ego_s=21.02 side=- | left_clearance=- right_clearance=- candidate_valid=false rung=- | cache_used=false path_age=- path_points=0 planning_time_ms=0.1 | reason=no_static_obstacle_in_range | cache_reason=no_cache
1786886426.026 [STATIC_AVOID] obs_id=- obs_dist=-m obs_s=- ego_s=23.56 side=- | left_clearance=- right_clearance=- candidate_valid=false rung=- | cache_used=false path_age=- path_points=0 planning_time_ms=0.1 | reason=no_static_obstacle_in_range | cache_reason=no_cache
1786886426.581 [STATIC_AVOID] obs_id=- obs_dist=-m obs_s=- ego_s=25.47 side=- | left_clearance=- right_clearance=- candidate_valid=false rung=- | cache_used=false path_age=- path_points=0 planning_time_ms=0.1 | reason=no_static_obstacle_in_range | cache_reason=no_cache
1786886427.123 [STATIC_AVOID] obs_id=- obs_dist=-m obs_s=- ego_s=26.82 side=- | left_clearance=- right_clearance=- candidate_valid=false rung=- | cache_used=false path_age=- path_points=0 planning_time_ms=0.1 | reason=no_static_obstacle_in_range | cache_reason=no_cache
1786886427.633 [STATIC_AVOID] obs_id=- obs_dist=-m obs_s=- ego_s=27.83 side=- | left_clearance=- right_clearance=- candidate_valid=false rung=- | cache_used=false path_age=- path_points=0 planning_time_ms=0.1 | reason=no_static_obstacle_in_range | cache_reason=no_cache
1786886428.172 [STATIC_AVOID] obs_id=- obs_dist=-m obs_s=- ego_s=29.11 side=- | left_clearance=- right_clearance=- candidate_valid=false rung=- | cache_used=false path_age=- path_points=0 planning_time_ms=0.1 | reason=no_static_obstacle_in_range | cache_reason=no_cache
1786886428.684 [STATIC_AVOID] obs_id=- obs_dist=-m obs_s=- ego_s=29.14 side=- | left_clearance=- right_clearance=- candidate_valid=false rung=- | cache_used=false path_age=- path_points=0 planning_time_ms=0.1 | reason=no_static_obstacle_in_range | cache_reason=no_cache
1786886429.222 [STATIC_AVOID] obs_id=- obs_dist=-m obs_s=- ego_s=30.07 side=- | left_clearance=- right_clearance=- candidate_valid=false rung=- | cache_used=false path_age=- path_points=0 planning_time_ms=0.1 | reason=no_static_obstacle_in_range | cache_reason=no_cache
1786886429.730 [STATIC_AVOID] obs_id=- obs_dist=-m obs_s=- ego_s=30.70 side=- | left_clearance=- right_clearance=- candidate_valid=false rung=- | cache_used=false path_age=- path_points=0 planning_time_ms=0.1 | reason=no_static_obstacle_in_range | cache_reason=no_cache
1786886430.288 [STATIC_AVOID] obs_id=- obs_dist=-m obs_s=- ego_s=31.58 side=- | left_clearance=- right_clearance=- candidate_valid=false rung=- | cache_used=false path_age=- path_points=0 planning_time_ms=0.1 | reason=no_static_obstacle_in_range | cache_reason=no_cache
1786886430.803 [STATIC_AVOID] obs_id=- obs_dist=-m obs_s=- ego_s=32.88 side=- | left_clearance=- right_clearance=- candidate_valid=false rung=- | cache_used=false path_age=- path_points=0 planning_time_ms=0.1 | reason=no_static_obstacle_in_range | cache_reason=no_cache
1786886431.327 [STATIC_AVOID] obs_id=- obs_dist=-m obs_s=- ego_s=33.63 side=- | left_clearance=- right_clearance=- candidate_valid=false rung=- | cache_used=false path_age=- path_points=0 planning_time_ms=0.1 | reason=no_static_obstacle_in_range | cache_reason=no_cache
1786886431.835 [STATIC_AVOID] obs_id=- obs_dist=-m obs_s=- ego_s=33.80 side=- | left_clearance=- right_clearance=- candidate_valid=false rung=- | cache_used=false path_age=- path_points=0 planning_time_ms=0.1 | reason=no_static_obstacle_in_range | cache_reason=no_cache
1786886432.375 [STATIC_AVOID] obs_id=- obs_dist=-m obs_s=- ego_s=34.11 side=- | left_clearance=- right_clearance=- candidate_valid=false rung=- | cache_used=false path_age=- path_points=0 planning_time_ms=2.7 | reason=no_static_obstacle_in_range | cache_reason=no_cache
1786886432.880 [STATIC_AVOID] obs_id=- obs_dist=-m obs_s=- ego_s=34.52 side=- | left_clearance=- right_clearance=- candidate_valid=false rung=- | cache_used=false path_age=- path_points=0 planning_time_ms=0.1 | reason=no_static_obstacle_in_range | cache_reason=no_cache
1786886433.423 [STATIC_AVOID] obs_id=- obs_dist=-m obs_s=- ego_s=0.27 side=- | left_clearance=- right_clearance=- candidate_valid=false rung=- | cache_used=false path_age=- path_points=0 planning_time_ms=0.2 | reason=no_static_obstacle_in_range | cache_reason=no_cache
1786886433.972 [STATIC_AVOID] obs_id=- obs_dist=-m obs_s=- ego_s=0.43 side=- | left_clearance=- right_clearance=- candidate_valid=false rung=- | cache_used=false path_age=- path_points=0 planning_time_ms=0.1 | reason=no_static_obstacle_in_range | cache_reason=no_cache
1786886434.473 [STATIC_AVOID] obs_id=- obs_dist=-m obs_s=- ego_s=0.43 side=- | left_clearance=- right_clearance=- candidate_valid=false rung=- | cache_used=false path_age=- path_points=0 planning_time_ms=0.1 | reason=no_static_obstacle_in_range | cache_reason=no_cache
1786886434.983 [STATIC_AVOID] obs_id=- obs_dist=-m obs_s=- ego_s=0.39 side=- | left_clearance=- right_clearance=- candidate_valid=false rung=- | cache_used=false path_age=- path_points=0 planning_time_ms=5.0 | reason=no_static_obstacle_in_range | cache_reason=no_cache
1786886435.484 [STATIC_AVOID] obs_id=- obs_dist=-m obs_s=- ego_s=0.36 side=- | left_clearance=- right_clearance=- candidate_valid=false rung=- | cache_used=false path_age=- path_points=0 planning_time_ms=0.1 | reason=no_static_obstacle_in_range | cache_reason=no_cache
1786886436.020 [STATIC_AVOID] obs_id=- obs_dist=-m obs_s=- ego_s=33.45 side=- | left_clearance=- right_clearance=- candidate_valid=false rung=- | cache_used=false path_age=- path_points=0 planning_time_ms=0.5 | reason=no_static_obstacle_in_range | cache_reason=no_cache
1786886436.558 [STATIC_AVOID] obs_id=8 obs_dist=1.22m obs_s=33.92 ego_s=32.69 side=RIGHT | left_clearance=-0.03 right_clearance=0.28 candidate_valid=false rung=- | cache_used=true path_age=0.077 path_points=81 planning_time_ms=9.2 | reason=obstacle_clearance
1786886437.077 [STATIC_AVOID] obs_id=- obs_dist=-m obs_s=- ego_s=32.00 side=- | left_clearance=- right_clearance=- candidate_valid=false rung=- | cache_used=false path_age=- path_points=0 planning_time_ms=0.1 | reason=no_static_obstacle_in_range | cache_reason=no_cache
1786886437.622 [STATIC_AVOID] obs_id=- obs_dist=-m obs_s=- ego_s=31.58 side=- | left_clearance=- right_clearance=- candidate_valid=false rung=- | cache_used=false path_age=- path_points=0 planning_time_ms=0.1 | reason=no_static_obstacle_in_range | cache_reason=no_cache
1786886438.125 [STATIC_AVOID] obs_id=- obs_dist=-m obs_s=- ego_s=31.48 side=- | left_clearance=- right_clearance=- candidate_valid=false rung=- | cache_used=false path_age=- path_points=0 planning_time_ms=0.1 | reason=no_static_obstacle_in_range | cache_reason=no_cache
1786886438.629 [STATIC_AVOID] obs_id=- obs_dist=-m obs_s=- ego_s=31.55 side=- | left_clearance=- right_clearance=- candidate_valid=false rung=- | cache_used=false path_age=- path_points=0 planning_time_ms=0.1 | reason=no_static_obstacle_in_range | cache_reason=no_cache
1786886439.188 [STATIC_AVOID] obs_id=- obs_dist=-m obs_s=- ego_s=32.13 side=- | left_clearance=- right_clearance=- candidate_valid=false rung=- | cache_used=false path_age=- path_points=0 planning_time_ms=0.1 | reason=no_static_obstacle_in_range | cache_reason=no_cache
1786886439.732 [STATIC_AVOID] obs_id=- obs_dist=-m obs_s=- ego_s=32.28 side=- | left_clearance=- right_clearance=- candidate_valid=false rung=- | cache_used=false path_age=- path_points=0 planning_time_ms=0.1 | reason=no_static_obstacle_in_range | cache_reason=no_cache
1786886440.273 [STATIC_AVOID] obs_id=- obs_dist=-m obs_s=- ego_s=32.50 side=- | left_clearance=- right_clearance=- candidate_valid=false rung=- | cache_used=false path_age=- path_points=0 planning_time_ms=0.1 | reason=no_static_obstacle_in_range | cache_reason=no_cache
1786886440.829 [STATIC_AVOID] obs_id=- obs_dist=-m obs_s=- ego_s=33.05 side=- | left_clearance=- right_clearance=- candidate_valid=false rung=- | cache_used=false path_age=- path_points=0 planning_time_ms=0.1 | reason=no_static_obstacle_in_range | cache_reason=no_cache
1786886441.348 [STATIC_AVOID] obs_id=- obs_dist=-m obs_s=- ego_s=33.34 side=- | left_clearance=- right_clearance=- candidate_valid=false rung=- | cache_used=false path_age=- path_points=0 planning_time_ms=4.2 | reason=no_static_obstacle_in_range | cache_reason=no_cache
1786886441.881 [STATIC_AVOID] obs_id=- obs_dist=-m obs_s=- ego_s=33.60 side=- | left_clearance=- right_clearance=- candidate_valid=false rung=- | cache_used=false path_age=- path_points=0 planning_time_ms=0.1 | reason=no_static_obstacle_in_range | cache_reason=no_cache
1786886442.383 [STATIC_AVOID] obs_id=- obs_dist=-m obs_s=- ego_s=33.98 side=- | left_clearance=- right_clearance=- candidate_valid=false rung=- | cache_used=false path_age=- path_points=0 planning_time_ms=0.1 | reason=no_static_obstacle_in_range | cache_reason=no_cache
1786886442.892 [STATIC_AVOID] obs_id=- obs_dist=-m obs_s=- ego_s=34.34 side=- | left_clearance=- right_clearance=- candidate_valid=false rung=- | cache_used=false path_age=- path_points=0 planning_time_ms=0.1 | reason=no_static_obstacle_in_range | cache_reason=no_cache
1786886443.430 [STATIC_AVOID] obs_id=- obs_dist=-m obs_s=- ego_s=34.44 side=- | left_clearance=- right_clearance=- candidate_valid=false rung=- | cache_used=false path_age=- path_points=0 planning_time_ms=0.1 | reason=no_static_obstacle_in_range | cache_reason=no_cache
1786886443.933 [STATIC_AVOID] obs_id=- obs_dist=-m obs_s=- ego_s=34.47 side=- | left_clearance=- right_clearance=- candidate_valid=false rung=- | cache_used=false path_age=- path_points=0 planning_time_ms=0.1 | reason=no_static_obstacle_in_range | cache_reason=no_cache
1786886444.440 [STATIC_AVOID] obs_id=- obs_dist=-m obs_s=- ego_s=0.13 side=- | left_clearance=- right_clearance=- candidate_valid=false rung=- | cache_used=false path_age=- path_points=0 planning_time_ms=0.1 | reason=no_static_obstacle_in_range | cache_reason=no_cache
1786886444.984 [STATIC_AVOID] obs_id=- obs_dist=-m obs_s=- ego_s=0.24 side=- | left_clearance=- right_clearance=- candidate_valid=false rung=- | cache_used=false path_age=- path_points=0 planning_time_ms=0.1 | reason=no_static_obstacle_in_range | cache_reason=no_cache
1786886445.538 [STATIC_AVOID] obs_id=- obs_dist=-m obs_s=- ego_s=0.37 side=- | left_clearance=- right_clearance=- candidate_valid=false rung=- | cache_used=false path_age=- path_points=0 planning_time_ms=0.1 | reason=no_static_obstacle_in_range | cache_reason=no_cache
1786886446.074 [STATIC_AVOID] obs_id=- obs_dist=-m obs_s=- ego_s=0.57 side=- | left_clearance=- right_clearance=- candidate_valid=false rung=- | cache_used=false path_age=- path_points=0 planning_time_ms=0.1 | reason=no_static_obstacle_in_range | cache_reason=no_cache
1786886446.588 [STATIC_AVOID] obs_id=- obs_dist=-m obs_s=- ego_s=0.57 side=- | left_clearance=- right_clearance=- candidate_valid=false rung=- | cache_used=false path_age=- path_points=0 planning_time_ms=0.1 | reason=no_static_obstacle_in_range | cache_reason=no_cache
1786886447.126 [STATIC_AVOID] obs_id=- obs_dist=-m obs_s=- ego_s=0.79 side=- | left_clearance=- right_clearance=- candidate_valid=false rung=- | cache_used=false path_age=- path_points=0 planning_time_ms=0.1 | reason=no_static_obstacle_in_range | cache_reason=no_cache
1786886447.672 [STATIC_AVOID] obs_id=- obs_dist=-m obs_s=- ego_s=0.90 side=- | left_clearance=- right_clearance=- candidate_valid=false rung=- | cache_used=false path_age=- path_points=0 planning_time_ms=0.1 | reason=no_static_obstacle_in_range | cache_reason=no_cache
1786886448.180 [STATIC_AVOID] obs_id=- obs_dist=-m obs_s=- ego_s=0.90 side=- | left_clearance=- right_clearance=- candidate_valid=false rung=- | cache_used=false path_age=- path_points=0 planning_time_ms=0.1 | reason=no_static_obstacle_in_range | cache_reason=no_cache
1786886448.726 [STATIC_AVOID] obs_id=- obs_dist=-m obs_s=- ego_s=0.90 side=- | left_clearance=- right_clearance=- candidate_valid=false rung=- | cache_used=false path_age=- path_points=0 planning_time_ms=0.1 | reason=no_static_obstacle_in_range | cache_reason=no_cache
1786886449.229 [STATIC_AVOID] obs_id=- obs_dist=-m obs_s=- ego_s=0.90 side=- | left_clearance=- right_clearance=- candidate_valid=false rung=- | cache_used=false path_age=- path_points=0 planning_time_ms=0.1 | reason=no_static_obstacle_in_range | cache_reason=no_cache
1786886449.795 [STATIC_AVOID] obs_id=- obs_dist=-m obs_s=- ego_s=0.90 side=- | left_clearance=- right_clearance=- candidate_valid=false rung=- | cache_used=false path_age=- path_points=0 planning_time_ms=0.1 | reason=no_static_obstacle_in_range | cache_reason=no_cache
1786886450.334 [STATIC_AVOID] obs_id=- obs_dist=-m obs_s=- ego_s=0.90 side=- | left_clearance=- right_clearance=- candidate_valid=false rung=- | cache_used=false path_age=- path_points=0 planning_time_ms=0.1 | reason=no_static_obstacle_in_range | cache_reason=no_cache
1786886450.881 [STATIC_AVOID] obs_id=- obs_dist=-m obs_s=- ego_s=0.90 side=- | left_clearance=- right_clearance=- candidate_valid=false rung=- | cache_used=false path_age=- path_points=0 planning_time_ms=3.4 | reason=no_static_obstacle_in_range | cache_reason=no_cache
1786886451.429 [STATIC_AVOID] obs_id=- obs_dist=-m obs_s=- ego_s=0.90 side=- | left_clearance=- right_clearance=- candidate_valid=false rung=- | cache_used=false path_age=- path_points=0 planning_time_ms=0.1 | reason=no_static_obstacle_in_range | cache_reason=no_cache
1786886451.938 [STATIC_AVOID] obs_id=- obs_dist=-m obs_s=- ego_s=0.90 side=- | left_clearance=- right_clearance=- candidate_valid=false rung=- | cache_used=false path_age=- path_points=0 planning_time_ms=0.1 | reason=no_static_obstacle_in_range | cache_reason=no_cache
1786886452.476 [STATIC_AVOID] obs_id=- obs_dist=-m obs_s=- ego_s=0.90 side=- | left_clearance=- right_clearance=- candidate_valid=false rung=- | cache_used=false path_age=- path_points=0 planning_time_ms=1.3 | reason=no_static_obstacle_in_range | cache_reason=no_cache
1786886453.028 [STATIC_AVOID] obs_id=- obs_dist=-m obs_s=- ego_s=0.90 side=- | left_clearance=- right_clearance=- candidate_valid=false rung=- | cache_used=false path_age=- path_points=0 planning_time_ms=0.1 | reason=no_static_obstacle_in_range | cache_reason=no_cache
1786886453.578 [STATIC_AVOID] obs_id=- obs_dist=-m obs_s=- ego_s=0.90 side=- | left_clearance=- right_clearance=- candidate_valid=false rung=- | cache_used=false path_age=- path_points=0 planning_time_ms=0.2 | reason=no_static_obstacle_in_range | cache_reason=no_cache
1786886454.136 [STATIC_AVOID] obs_id=- obs_dist=-m obs_s=- ego_s=0.90 side=- | left_clearance=- right_clearance=- candidate_valid=false rung=- | cache_used=false path_age=- path_points=0 planning_time_ms=0.1 | reason=no_static_obstacle_in_range | cache_reason=no_cache
1786886454.679 [STATIC_AVOID] obs_id=- obs_dist=-m obs_s=- ego_s=0.90 side=- | left_clearance=- right_clearance=- candidate_valid=false rung=- | cache_used=false path_age=- path_points=0 planning_time_ms=0.1 | reason=no_static_obstacle_in_range | cache_reason=no_cache
1786886455.225 [STATIC_AVOID] obs_id=- obs_dist=-m obs_s=- ego_s=0.90 side=- | left_clearance=- right_clearance=- candidate_valid=false rung=- | cache_used=false path_age=- path_points=0 planning_time_ms=0.1 | reason=no_static_obstacle_in_range | cache_reason=no_cache
1786886455.726 [STATIC_AVOID] obs_id=- obs_dist=-m obs_s=- ego_s=0.90 side=- | left_clearance=- right_clearance=- candidate_valid=false rung=- | cache_used=false path_age=- path_points=0 planning_time_ms=0.1 | reason=no_static_obstacle_in_range | cache_reason=no_cache
1786886456.227 [STATIC_AVOID] obs_id=- obs_dist=-m obs_s=- ego_s=0.90 side=- | left_clearance=- right_clearance=- candidate_valid=false rung=- | cache_used=false path_age=- path_points=0 planning_time_ms=0.1 | reason=no_static_obstacle_in_range | cache_reason=no_cache
1786886456.735 [STATIC_AVOID] obs_id=- obs_dist=-m obs_s=- ego_s=0.90 side=- | left_clearance=- right_clearance=- candidate_valid=false rung=- | cache_used=false path_age=- path_points=0 planning_time_ms=0.1 | reason=no_static_obstacle_in_range | cache_reason=no_cache
1786886457.274 [STATIC_AVOID] obs_id=- obs_dist=-m obs_s=- ego_s=0.90 side=- | left_clearance=- right_clearance=- candidate_valid=false rung=- | cache_used=false path_age=- path_points=0 planning_time_ms=0.1 | reason=no_static_obstacle_in_range | cache_reason=no_cache
1786886457.832 [STATIC_AVOID] obs_id=- obs_dist=-m obs_s=- ego_s=0.90 side=- | left_clearance=- right_clearance=- candidate_valid=false rung=- | cache_used=false path_age=- path_points=0 planning_time_ms=0.1 | reason=no_static_obstacle_in_range | cache_reason=no_cache
1786886458.374 [STATIC_AVOID] obs_id=- obs_dist=-m obs_s=- ego_s=0.90 side=- | left_clearance=- right_clearance=- candidate_valid=false rung=- | cache_used=false path_age=- path_points=0 planning_time_ms=0.1 | reason=no_static_obstacle_in_range | cache_reason=no_cache
1786886458.875 [STATIC_AVOID] obs_id=- obs_dist=-m obs_s=- ego_s=0.90 side=- | left_clearance=- right_clearance=- candidate_valid=false rung=- | cache_used=false path_age=- path_points=0 planning_time_ms=0.1 | reason=no_static_obstacle_in_range | cache_reason=no_cache
1786886459.384 [STATIC_AVOID] obs_id=- obs_dist=-m obs_s=- ego_s=0.90 side=- | left_clearance=- right_clearance=- candidate_valid=false rung=- | cache_used=false path_age=- path_points=0 planning_time_ms=0.1 | reason=no_static_obstacle_in_range | cache_reason=no_cache
1786886459.922 [STATIC_AVOID] obs_id=- obs_dist=-m obs_s=- ego_s=0.90 side=- | left_clearance=- right_clearance=- candidate_valid=false rung=- | cache_used=false path_age=- path_points=0 planning_time_ms=0.1 | reason=no_static_obstacle_in_range | cache_reason=no_cache
1786886460.434 [STATIC_AVOID] obs_id=- obs_dist=-m obs_s=- ego_s=0.90 side=- | left_clearance=- right_clearance=- candidate_valid=false rung=- | cache_used=false path_age=- path_points=0 planning_time_ms=0.1 | reason=no_static_obstacle_in_range | cache_reason=no_cache
1786886460.973 [STATIC_AVOID] obs_id=- obs_dist=-m obs_s=- ego_s=0.90 side=- | left_clearance=- right_clearance=- candidate_valid=false rung=- | cache_used=false path_age=- path_points=0 planning_time_ms=0.6 | reason=no_static_obstacle_in_range | cache_reason=no_cache
1786886461.477 [STATIC_AVOID] obs_id=- obs_dist=-m obs_s=- ego_s=0.90 side=- | left_clearance=- right_clearance=- candidate_valid=false rung=- | cache_used=false path_age=- path_points=0 planning_time_ms=0.1 | reason=no_static_obstacle_in_range | cache_reason=no_cache
1786886462.006 [STATIC_AVOID] obs_id=- obs_dist=-m obs_s=- ego_s=0.90 side=- | left_clearance=- right_clearance=- candidate_valid=false rung=- | cache_used=false path_age=- path_points=0 planning_time_ms=0.1 | reason=no_static_obstacle_in_range | cache_reason=no_cache
1786886462.524 [STATIC_AVOID] obs_id=- obs_dist=-m obs_s=- ego_s=0.90 side=- | left_clearance=- right_clearance=- candidate_valid=false rung=- | cache_used=false path_age=- path_points=0 planning_time_ms=0.1 | reason=no_static_obstacle_in_range | cache_reason=no_cache
1786886463.029 [STATIC_AVOID] obs_id=- obs_dist=-m obs_s=- ego_s=0.90 side=- | left_clearance=- right_clearance=- candidate_valid=false rung=- | cache_used=false path_age=- path_points=0 planning_time_ms=0.1 | reason=no_static_obstacle_in_range | cache_reason=no_cache
1786886463.576 [STATIC_AVOID] obs_id=- obs_dist=-m obs_s=- ego_s=0.90 side=- | left_clearance=- right_clearance=- candidate_valid=false rung=- | cache_used=false path_age=- path_points=0 planning_time_ms=0.1 | reason=no_static_obstacle_in_range | cache_reason=no_cache
1786886464.127 [STATIC_AVOID] obs_id=- obs_dist=-m obs_s=- ego_s=0.90 side=- | left_clearance=- right_clearance=- candidate_valid=false rung=- | cache_used=false path_age=- path_points=0 planning_time_ms=0.1 | reason=no_static_obstacle_in_range | cache_reason=no_cache
1786886464.690 [STATIC_AVOID] obs_id=- obs_dist=-m obs_s=- ego_s=0.90 side=- | left_clearance=- right_clearance=- candidate_valid=false rung=- | cache_used=false path_age=- path_points=0 planning_time_ms=0.1 | reason=no_static_obstacle_in_range | cache_reason=no_cache
1786886465.227 [STATIC_AVOID] obs_id=- obs_dist=-m obs_s=- ego_s=0.90 side=- | left_clearance=- right_clearance=- candidate_valid=false rung=- | cache_used=false path_age=- path_points=0 planning_time_ms=0.1 | reason=no_static_obstacle_in_range | cache_reason=no_cache
1786886465.733 [STATIC_AVOID] obs_id=- obs_dist=-m obs_s=- ego_s=0.90 side=- | left_clearance=- right_clearance=- candidate_valid=false rung=- | cache_used=false path_age=- path_points=0 planning_time_ms=0.1 | reason=no_static_obstacle_in_range | cache_reason=no_cache
1786886466.272 [STATIC_AVOID] obs_id=- obs_dist=-m obs_s=- ego_s=0.90 side=- | left_clearance=- right_clearance=- candidate_valid=false rung=- | cache_used=false path_age=- path_points=0 planning_time_ms=0.1 | reason=no_static_obstacle_in_range | cache_reason=no_cache
1786886466.777 [STATIC_AVOID] obs_id=- obs_dist=-m obs_s=- ego_s=0.90 side=- | left_clearance=- right_clearance=- candidate_valid=false rung=- | cache_used=false path_age=- path_points=0 planning_time_ms=0.2 | reason=no_static_obstacle_in_range | cache_reason=no_cache
1786886467.278 [STATIC_AVOID] obs_id=- obs_dist=-m obs_s=- ego_s=0.90 side=- | left_clearance=- right_clearance=- candidate_valid=false rung=- | cache_used=false path_age=- path_points=0 planning_time_ms=1.2 | reason=no_static_obstacle_in_range | cache_reason=no_cache
1786886467.779 [STATIC_AVOID] obs_id=- obs_dist=-m obs_s=- ego_s=0.90 side=- | left_clearance=- right_clearance=- candidate_valid=false rung=- | cache_used=false path_age=- path_points=0 planning_time_ms=0.1 | reason=no_static_obstacle_in_range | cache_reason=no_cache
1786886468.325 [STATIC_AVOID] obs_id=- obs_dist=-m obs_s=- ego_s=0.90 side=- | left_clearance=- right_clearance=- candidate_valid=false rung=- | cache_used=false path_age=- path_points=0 planning_time_ms=0.1 | reason=no_static_obstacle_in_range | cache_reason=no_cache
1786886468.876 [STATIC_AVOID] obs_id=- obs_dist=-m obs_s=- ego_s=0.90 side=- | left_clearance=- right_clearance=- candidate_valid=false rung=- | cache_used=false path_age=- path_points=0 planning_time_ms=0.1 | reason=no_static_obstacle_in_range | cache_reason=no_cache
1786886469.428 [STATIC_AVOID] obs_id=- obs_dist=-m obs_s=- ego_s=0.90 side=- | left_clearance=- right_clearance=- candidate_valid=false rung=- | cache_used=false path_age=- path_points=0 planning_time_ms=0.1 | reason=no_static_obstacle_in_range | cache_reason=no_cache
1786886469.975 [STATIC_AVOID] obs_id=- obs_dist=-m obs_s=- ego_s=0.90 side=- | left_clearance=- right_clearance=- candidate_valid=false rung=- | cache_used=false path_age=- path_points=0 planning_time_ms=0.1 | reason=no_static_obstacle_in_range | cache_reason=no_cache
1786886470.475 [STATIC_AVOID] obs_id=- obs_dist=-m obs_s=- ego_s=0.90 side=- | left_clearance=- right_clearance=- candidate_valid=false rung=- | cache_used=false path_age=- path_points=0 planning_time_ms=0.1 | reason=no_static_obstacle_in_range | cache_reason=no_cache
1786886471.025 [STATIC_AVOID] obs_id=- obs_dist=-m obs_s=- ego_s=0.90 side=- | left_clearance=- right_clearance=- candidate_valid=false rung=- | cache_used=false path_age=- path_points=0 planning_time_ms=0.1 | reason=no_static_obstacle_in_range | cache_reason=no_cache
1786886471.577 [STATIC_AVOID] obs_id=- obs_dist=-m obs_s=- ego_s=0.90 side=- | left_clearance=- right_clearance=- candidate_valid=false rung=- | cache_used=false path_age=- path_points=0 planning_time_ms=0.1 | reason=no_static_obstacle_in_range | cache_reason=no_cache
1786886472.123 [STATIC_AVOID] obs_id=- obs_dist=-m obs_s=- ego_s=0.90 side=- | left_clearance=- right_clearance=- candidate_valid=false rung=- | cache_used=false path_age=- path_points=0 planning_time_ms=0.1 | reason=no_static_obstacle_in_range | cache_reason=no_cache
1786886472.630 [STATIC_AVOID] obs_id=- obs_dist=-m obs_s=- ego_s=0.90 side=- | left_clearance=- right_clearance=- candidate_valid=false rung=- | cache_used=false path_age=- path_points=0 planning_time_ms=0.1 | reason=no_static_obstacle_in_range | cache_reason=no_cache
1786886473.188 [STATIC_AVOID] obs_id=- obs_dist=-m obs_s=- ego_s=0.90 side=- | left_clearance=- right_clearance=- candidate_valid=false rung=- | cache_used=false path_age=- path_points=0 planning_time_ms=0.1 | reason=no_static_obstacle_in_range | cache_reason=no_cache
1786886473.726 [STATIC_AVOID] obs_id=- obs_dist=-m obs_s=- ego_s=0.90 side=- | left_clearance=- right_clearance=- candidate_valid=false rung=- | cache_used=false path_age=- path_points=0 planning_time_ms=0.1 | reason=no_static_obstacle_in_range | cache_reason=no_cache
1786886474.234 [STATIC_AVOID] obs_id=- obs_dist=-m obs_s=- ego_s=0.90 side=- | left_clearance=- right_clearance=- candidate_valid=false rung=- | cache_used=false path_age=- path_points=0 planning_time_ms=0.1 | reason=no_static_obstacle_in_range | cache_reason=no_cache
1786886474.776 [STATIC_AVOID] obs_id=- obs_dist=-m obs_s=- ego_s=0.90 side=- | left_clearance=- right_clearance=- candidate_valid=false rung=- | cache_used=false path_age=- path_points=0 planning_time_ms=0.1 | reason=no_static_obstacle_in_range | cache_reason=no_cache
1786886475.334 [STATIC_AVOID] obs_id=- obs_dist=-m obs_s=- ego_s=0.90 side=- | left_clearance=- right_clearance=- candidate_valid=false rung=- | cache_used=false path_age=- path_points=0 planning_time_ms=0.1 | reason=no_static_obstacle_in_range | cache_reason=no_cache
1786886475.835 [STATIC_AVOID] obs_id=- obs_dist=-m obs_s=- ego_s=0.90 side=- | left_clearance=- right_clearance=- candidate_valid=false rung=- | cache_used=false path_age=- path_points=0 planning_time_ms=0.1 | reason=no_static_obstacle_in_range | cache_reason=no_cache
1786886476.376 [STATIC_AVOID] obs_id=- obs_dist=-m obs_s=- ego_s=0.90 side=- | left_clearance=- right_clearance=- candidate_valid=false rung=- | cache_used=false path_age=- path_points=0 planning_time_ms=0.1 | reason=no_static_obstacle_in_range | cache_reason=no_cache
1786886476.924 [STATIC_AVOID] obs_id=- obs_dist=-m obs_s=- ego_s=0.90 side=- | left_clearance=- right_clearance=- candidate_valid=false rung=- | cache_used=false path_age=- path_points=0 planning_time_ms=0.1 | reason=no_static_obstacle_in_range | cache_reason=no_cache
1786886477.428 [STATIC_AVOID] obs_id=- obs_dist=-m obs_s=- ego_s=0.90 side=- | left_clearance=- right_clearance=- candidate_valid=false rung=- | cache_used=false path_age=- path_points=0 planning_time_ms=0.1 | reason=no_static_obstacle_in_range | cache_reason=no_cache
