# static_avoidance_node debug log started 20260815_213510
1786797316.914 [STATIC_AVOID] obs_id=- obs_dist=-m obs_s=- ego_s=9.19 side=- | left_clearance=- right_clearance=- candidate_valid=false rung=- | cache_used=false path_age=- path_points=0 planning_time_ms=0.2 | reason=no_static_obstacle_in_range | cache_reason=no_cache
1786797317.460 [STATIC_AVOID] obs_id=- obs_dist=-m obs_s=- ego_s=9.19 side=- | left_clearance=- right_clearance=- candidate_valid=false rung=- | cache_used=false path_age=- path_points=0 planning_time_ms=0.1 | reason=no_static_obstacle_in_range | cache_reason=no_cache
1786797318.007 [STATIC_AVOID] obs_id=- obs_dist=-m obs_s=- ego_s=9.19 side=- | left_clearance=- right_clearance=- candidate_valid=false rung=- | cache_used=false path_age=- path_points=0 planning_time_ms=0.1 | reason=no_static_obstacle_in_range | cache_reason=no_cache
1786797318.551 [STATIC_AVOID] obs_id=- obs_dist=-m obs_s=- ego_s=9.19 side=- | left_clearance=- right_clearance=- candidate_valid=false rung=- | cache_used=false path_age=- path_points=0 planning_time_ms=0.1 | reason=no_static_obstacle_in_range | cache_reason=no_cache
1786797319.105 [STATIC_AVOID] obs_id=- obs_dist=-m obs_s=- ego_s=9.19 side=- | left_clearance=- right_clearance=- candidate_valid=false rung=- | cache_used=false path_age=- path_points=0 planning_time_ms=0.1 | reason=no_static_obstacle_in_range | cache_reason=no_cache
1786797319.606 [STATIC_AVOID] obs_id=- obs_dist=-m obs_s=- ego_s=9.19 side=- | left_clearance=- right_clearance=- candidate_valid=false rung=- | cache_used=false path_age=- path_points=0 planning_time_ms=0.1 | reason=no_static_obstacle_in_range | cache_reason=no_cache
1786797320.113 [STATIC_AVOID] obs_id=- obs_dist=-m obs_s=- ego_s=9.19 side=- | left_clearance=- right_clearance=- candidate_valid=false rung=- | cache_used=false path_age=- path_points=0 planning_time_ms=0.1 | reason=no_static_obstacle_in_range | cache_reason=no_cache
1786797320.651 [STATIC_AVOID] obs_id=- obs_dist=-m obs_s=- ego_s=9.19 side=- | left_clearance=- right_clearance=- candidate_valid=false rung=- | cache_used=false path_age=- path_points=0 planning_time_ms=0.1 | reason=no_static_obstacle_in_range | cache_reason=no_cache
1786797321.154 [STATIC_AVOID] obs_id=- obs_dist=-m obs_s=- ego_s=9.19 side=- | left_clearance=- right_clearance=- candidate_valid=false rung=- | cache_used=false path_age=- path_points=0 planning_time_ms=0.1 | reason=no_static_obstacle_in_range | cache_reason=no_cache
1786797321.653 [STATIC_AVOID] obs_id=- obs_dist=-m obs_s=- ego_s=9.20 side=- | left_clearance=- right_clearance=- candidate_valid=false rung=- | cache_used=false path_age=- path_points=0 planning_time_ms=0.1 | reason=no_static_obstacle_in_range | cache_reason=no_cache
1786797322.157 [STATIC_AVOID] obs_id=- obs_dist=-m obs_s=- ego_s=9.20 side=- | left_clearance=- right_clearance=- candidate_valid=false rung=- | cache_used=false path_age=- path_points=0 planning_time_ms=0.1 | reason=no_static_obstacle_in_range | cache_reason=no_cache
1786797322.703 [STATIC_AVOID] obs_id=- obs_dist=-m obs_s=- ego_s=9.19 side=- | left_clearance=- right_clearance=- candidate_valid=false rung=- | cache_used=false path_age=- path_points=0 planning_time_ms=0.1 | reason=no_static_obstacle_in_range | cache_reason=no_cache
1786797323.214 [STATIC_AVOID] obs_id=- obs_dist=-m obs_s=- ego_s=9.19 side=- | left_clearance=- right_clearance=- candidate_valid=false rung=- | cache_used=false path_age=- path_points=0 planning_time_ms=0.1 | reason=no_static_obstacle_in_range | cache_reason=no_cache
1786797323.756 [STATIC_AVOID] obs_id=- obs_dist=-m obs_s=- ego_s=9.19 side=- | left_clearance=- right_clearance=- candidate_valid=false rung=- | cache_used=false path_age=- path_points=0 planning_time_ms=0.1 | reason=no_static_obstacle_in_range | cache_reason=no_cache
1786797324.258 [STATIC_AVOID] obs_id=- obs_dist=-m obs_s=- ego_s=9.19 side=- | left_clearance=- right_clearance=- candidate_valid=false rung=- | cache_used=false path_age=- path_points=0 planning_time_ms=0.1 | reason=no_static_obstacle_in_range | cache_reason=no_cache
1786797324.807 [STATIC_AVOID] obs_id=- obs_dist=-m obs_s=- ego_s=9.20 side=- | left_clearance=- right_clearance=- candidate_valid=false rung=- | cache_used=false path_age=- path_points=0 planning_time_ms=0.3 | reason=no_static_obstacle_in_range | cache_reason=no_cache
1786797325.357 [STATIC_AVOID] obs_id=- obs_dist=-m obs_s=- ego_s=9.19 side=- | left_clearance=- right_clearance=- candidate_valid=false rung=- | cache_used=false path_age=- path_points=0 planning_time_ms=0.1 | reason=no_static_obstacle_in_range | cache_reason=no_cache
1786797325.913 [STATIC_AVOID] obs_id=- obs_dist=-m obs_s=- ego_s=9.19 side=- | left_clearance=- right_clearance=- candidate_valid=false rung=- | cache_used=false path_age=- path_points=0 planning_time_ms=0.2 | reason=no_static_obstacle_in_range | cache_reason=no_cache
1786797326.461 [STATIC_AVOID] obs_id=- obs_dist=-m obs_s=- ego_s=9.20 side=- | left_clearance=- right_clearance=- candidate_valid=false rung=- | cache_used=false path_age=- path_points=0 planning_time_ms=0.1 | reason=no_static_obstacle_in_range | cache_reason=no_cache
1786797327.012 [STATIC_AVOID] obs_id=- obs_dist=-m obs_s=- ego_s=9.20 side=- | left_clearance=- right_clearance=- candidate_valid=false rung=- | cache_used=false path_age=- path_points=0 planning_time_ms=0.1 | reason=no_static_obstacle_in_range | cache_reason=no_cache
1786797327.551 [STATIC_AVOID] obs_id=- obs_dist=-m obs_s=- ego_s=9.20 side=- | left_clearance=- right_clearance=- candidate_valid=false rung=- | cache_used=false path_age=- path_points=0 planning_time_ms=0.1 | reason=no_static_obstacle_in_range | cache_reason=no_cache
1786797328.100 [STATIC_AVOID] obs_id=- obs_dist=-m obs_s=- ego_s=9.20 side=- | left_clearance=- right_clearance=- candidate_valid=false rung=- | cache_used=false path_age=- path_points=0 planning_time_ms=0.1 | reason=no_static_obstacle_in_range | cache_reason=no_cache
1786797328.606 [STATIC_AVOID] obs_id=- obs_dist=-m obs_s=- ego_s=9.20 side=- | left_clearance=- right_clearance=- candidate_valid=false rung=- | cache_used=false path_age=- path_points=0 planning_time_ms=0.1 | reason=no_static_obstacle_in_range | cache_reason=no_cache
1786797329.157 [STATIC_AVOID] obs_id=- obs_dist=-m obs_s=- ego_s=9.20 side=- | left_clearance=- right_clearance=- candidate_valid=false rung=- | cache_used=false path_age=- path_points=0 planning_time_ms=0.1 | reason=no_static_obstacle_in_range | cache_reason=no_cache
1786797329.660 [STATIC_AVOID] obs_id=- obs_dist=-m obs_s=- ego_s=9.20 side=- | left_clearance=- right_clearance=- candidate_valid=false rung=- | cache_used=false path_age=- path_points=0 planning_time_ms=4.0 | reason=no_static_obstacle_in_range | cache_reason=no_cache
1786797330.202 [STATIC_AVOID] obs_id=- obs_dist=-m obs_s=- ego_s=9.20 side=- | left_clearance=- right_clearance=- candidate_valid=false rung=- | cache_used=false path_age=- path_points=0 planning_time_ms=0.1 | reason=no_static_obstacle_in_range | cache_reason=no_cache
1786797330.751 [STATIC_AVOID] obs_id=- obs_dist=-m obs_s=- ego_s=9.20 side=- | left_clearance=- right_clearance=- candidate_valid=false rung=- | cache_used=false path_age=- path_points=0 planning_time_ms=0.1 | reason=no_static_obstacle_in_range | cache_reason=no_cache
1786797331.258 [STATIC_AVOID] obs_id=- obs_dist=-m obs_s=- ego_s=9.20 side=- | left_clearance=- right_clearance=- candidate_valid=false rung=- | cache_used=false path_age=- path_points=0 planning_time_ms=0.1 | reason=no_static_obstacle_in_range | cache_reason=no_cache
1786797331.788 [STATIC_AVOID] obs_id=- obs_dist=-m obs_s=- ego_s=9.19 side=- | left_clearance=- right_clearance=- candidate_valid=false rung=- | cache_used=false path_age=- path_points=0 planning_time_ms=0.1 | reason=no_static_obstacle_in_range | cache_reason=no_cache
1786797332.304 [STATIC_AVOID] obs_id=- obs_dist=-m obs_s=- ego_s=9.20 side=- | left_clearance=- right_clearance=- candidate_valid=false rung=- | cache_used=false path_age=- path_points=0 planning_time_ms=0.1 | reason=no_static_obstacle_in_range | cache_reason=no_cache
1786797332.807 [STATIC_AVOID] obs_id=- obs_dist=-m obs_s=- ego_s=9.19 side=- | left_clearance=- right_clearance=- candidate_valid=false rung=- | cache_used=false path_age=- path_points=0 planning_time_ms=0.1 | reason=no_static_obstacle_in_range | cache_reason=no_cache
1786797333.353 [STATIC_AVOID] obs_id=- obs_dist=-m obs_s=- ego_s=9.20 side=- | left_clearance=- right_clearance=- candidate_valid=false rung=- | cache_used=false path_age=- path_points=0 planning_time_ms=0.1 | reason=no_static_obstacle_in_range | cache_reason=no_cache
1786797333.854 [STATIC_AVOID] obs_id=- obs_dist=-m obs_s=- ego_s=9.19 side=- | left_clearance=- right_clearance=- candidate_valid=false rung=- | cache_used=false path_age=- path_points=0 planning_time_ms=0.1 | reason=no_static_obstacle_in_range | cache_reason=no_cache
1786797334.379 [STATIC_AVOID] obs_id=- obs_dist=-m obs_s=- ego_s=9.20 side=- | left_clearance=- right_clearance=- candidate_valid=false rung=- | cache_used=false path_age=- path_points=0 planning_time_ms=0.1 | reason=no_static_obstacle_in_range | cache_reason=no_cache
1786797334.902 [STATIC_AVOID] obs_id=- obs_dist=-m obs_s=- ego_s=9.20 side=- | left_clearance=- right_clearance=- candidate_valid=false rung=- | cache_used=false path_age=- path_points=0 planning_time_ms=0.1 | reason=no_static_obstacle_in_range | cache_reason=no_cache
1786797335.450 [STATIC_AVOID] obs_id=- obs_dist=-m obs_s=- ego_s=9.20 side=- | left_clearance=- right_clearance=- candidate_valid=false rung=- | cache_used=false path_age=- path_points=0 planning_time_ms=0.1 | reason=no_static_obstacle_in_range | cache_reason=no_cache
1786797335.956 [STATIC_AVOID] obs_id=- obs_dist=-m obs_s=- ego_s=9.20 side=- | left_clearance=- right_clearance=- candidate_valid=false rung=- | cache_used=false path_age=- path_points=0 planning_time_ms=1.6 | reason=no_static_obstacle_in_range | cache_reason=no_cache
1786797336.505 [STATIC_AVOID] obs_id=- obs_dist=-m obs_s=- ego_s=9.20 side=- | left_clearance=- right_clearance=- candidate_valid=false rung=- | cache_used=false path_age=- path_points=0 planning_time_ms=0.1 | reason=no_static_obstacle_in_range | cache_reason=no_cache
1786797337.014 [STATIC_AVOID] obs_id=- obs_dist=-m obs_s=- ego_s=9.20 side=- | left_clearance=- right_clearance=- candidate_valid=false rung=- | cache_used=false path_age=- path_points=0 planning_time_ms=0.1 | reason=no_static_obstacle_in_range | cache_reason=no_cache
1786797337.558 [STATIC_AVOID] obs_id=- obs_dist=-m obs_s=- ego_s=9.20 side=- | left_clearance=- right_clearance=- candidate_valid=false rung=- | cache_used=false path_age=- path_points=0 planning_time_ms=0.1 | reason=no_static_obstacle_in_range | cache_reason=no_cache
1786797338.103 [STATIC_AVOID] obs_id=- obs_dist=-m obs_s=- ego_s=9.20 side=- | left_clearance=- right_clearance=- candidate_valid=false rung=- | cache_used=false path_age=- path_points=0 planning_time_ms=0.1 | reason=no_static_obstacle_in_range | cache_reason=no_cache
1786797338.651 [STATIC_AVOID] obs_id=- obs_dist=-m obs_s=- ego_s=9.20 side=- | left_clearance=- right_clearance=- candidate_valid=false rung=- | cache_used=false path_age=- path_points=0 planning_time_ms=0.1 | reason=no_static_obstacle_in_range | cache_reason=no_cache
1786797339.152 [STATIC_AVOID] obs_id=- obs_dist=-m obs_s=- ego_s=9.20 side=- | left_clearance=- right_clearance=- candidate_valid=false rung=- | cache_used=false path_age=- path_points=0 planning_time_ms=0.1 | reason=no_static_obstacle_in_range | cache_reason=no_cache
1786797339.661 [STATIC_AVOID] obs_id=- obs_dist=-m obs_s=- ego_s=9.20 side=- | left_clearance=- right_clearance=- candidate_valid=false rung=- | cache_used=false path_age=- path_points=0 planning_time_ms=0.1 | reason=no_static_obstacle_in_range | cache_reason=no_cache
1786797340.208 [STATIC_AVOID] obs_id=- obs_dist=-m obs_s=- ego_s=9.20 side=- | left_clearance=- right_clearance=- candidate_valid=false rung=- | cache_used=false path_age=- path_points=0 planning_time_ms=0.1 | reason=no_static_obstacle_in_range | cache_reason=no_cache
1786797340.759 [STATIC_AVOID] obs_id=- obs_dist=-m obs_s=- ego_s=9.20 side=- | left_clearance=- right_clearance=- candidate_valid=false rung=- | cache_used=false path_age=- path_points=0 planning_time_ms=0.1 | reason=no_static_obstacle_in_range | cache_reason=no_cache
1786797341.262 [STATIC_AVOID] obs_id=- obs_dist=-m obs_s=- ego_s=9.20 side=- | left_clearance=- right_clearance=- candidate_valid=false rung=- | cache_used=false path_age=- path_points=0 planning_time_ms=0.1 | reason=no_static_obstacle_in_range | cache_reason=no_cache
1786797341.801 [STATIC_AVOID] obs_id=- obs_dist=-m obs_s=- ego_s=9.20 side=- | left_clearance=- right_clearance=- candidate_valid=false rung=- | cache_used=false path_age=- path_points=0 planning_time_ms=0.1 | reason=no_static_obstacle_in_range | cache_reason=no_cache
1786797342.320 [STATIC_AVOID] obs_id=- obs_dist=-m obs_s=- ego_s=9.20 side=- | left_clearance=- right_clearance=- candidate_valid=false rung=- | cache_used=false path_age=- path_points=0 planning_time_ms=0.1 | reason=no_static_obstacle_in_range | cache_reason=no_cache
1786797342.853 [STATIC_AVOID] obs_id=- obs_dist=-m obs_s=- ego_s=9.19 side=- | left_clearance=- right_clearance=- candidate_valid=false rung=- | cache_used=false path_age=- path_points=0 planning_time_ms=0.2 | reason=no_static_obstacle_in_range | cache_reason=no_cache
1786797343.411 [STATIC_AVOID] obs_id=- obs_dist=-m obs_s=- ego_s=9.20 side=- | left_clearance=- right_clearance=- candidate_valid=false rung=- | cache_used=false path_age=- path_points=0 planning_time_ms=0.2 | reason=no_static_obstacle_in_range | cache_reason=no_cache
1786797343.919 [STATIC_AVOID] obs_id=- obs_dist=-m obs_s=- ego_s=9.20 side=- | left_clearance=- right_clearance=- candidate_valid=false rung=- | cache_used=false path_age=- path_points=0 planning_time_ms=0.1 | reason=no_static_obstacle_in_range | cache_reason=no_cache
1786797344.458 [STATIC_AVOID] obs_id=- obs_dist=-m obs_s=- ego_s=9.20 side=- | left_clearance=- right_clearance=- candidate_valid=false rung=- | cache_used=false path_age=- path_points=0 planning_time_ms=0.1 | reason=no_static_obstacle_in_range | cache_reason=no_cache
1786797345.010 [STATIC_AVOID] obs_id=- obs_dist=-m obs_s=- ego_s=9.20 side=- | left_clearance=- right_clearance=- candidate_valid=false rung=- | cache_used=false path_age=- path_points=0 planning_time_ms=0.3 | reason=no_static_obstacle_in_range | cache_reason=no_cache
1786797345.556 [STATIC_AVOID] obs_id=- obs_dist=-m obs_s=- ego_s=9.19 side=- | left_clearance=- right_clearance=- candidate_valid=false rung=- | cache_used=false path_age=- path_points=0 planning_time_ms=0.1 | reason=no_static_obstacle_in_range | cache_reason=no_cache
1786797346.101 [STATIC_AVOID] obs_id=- obs_dist=-m obs_s=- ego_s=9.20 side=- | left_clearance=- right_clearance=- candidate_valid=false rung=- | cache_used=false path_age=- path_points=0 planning_time_ms=0.1 | reason=no_static_obstacle_in_range | cache_reason=no_cache
1786797346.612 [STATIC_AVOID] obs_id=- obs_dist=-m obs_s=- ego_s=9.20 side=- | left_clearance=- right_clearance=- candidate_valid=false rung=- | cache_used=false path_age=- path_points=0 planning_time_ms=0.1 | reason=no_static_obstacle_in_range | cache_reason=no_cache
1786797347.152 [STATIC_AVOID] obs_id=- obs_dist=-m obs_s=- ego_s=9.20 side=- | left_clearance=- right_clearance=- candidate_valid=false rung=- | cache_used=false path_age=- path_points=0 planning_time_ms=0.1 | reason=no_static_obstacle_in_range | cache_reason=no_cache
1786797347.656 [STATIC_AVOID] obs_id=- obs_dist=-m obs_s=- ego_s=9.20 side=- | left_clearance=- right_clearance=- candidate_valid=false rung=- | cache_used=false path_age=- path_points=0 planning_time_ms=0.1 | reason=no_static_obstacle_in_range | cache_reason=no_cache
1786797348.157 [STATIC_AVOID] obs_id=- obs_dist=-m obs_s=- ego_s=9.20 side=- | left_clearance=- right_clearance=- candidate_valid=false rung=- | cache_used=false path_age=- path_points=0 planning_time_ms=0.1 | reason=no_static_obstacle_in_range | cache_reason=no_cache
1786797348.663 [STATIC_AVOID] obs_id=- obs_dist=-m obs_s=- ego_s=9.20 side=- | left_clearance=- right_clearance=- candidate_valid=false rung=- | cache_used=false path_age=- path_points=0 planning_time_ms=0.1 | reason=no_static_obstacle_in_range | cache_reason=no_cache
1786797349.203 [STATIC_AVOID] obs_id=- obs_dist=-m obs_s=- ego_s=9.20 side=- | left_clearance=- right_clearance=- candidate_valid=false rung=- | cache_used=false path_age=- path_points=0 planning_time_ms=0.1 | reason=no_static_obstacle_in_range | cache_reason=no_cache
1786797349.754 [STATIC_AVOID] obs_id=- obs_dist=-m obs_s=- ego_s=9.20 side=- | left_clearance=- right_clearance=- candidate_valid=false rung=- | cache_used=false path_age=- path_points=0 planning_time_ms=0.1 | reason=no_static_obstacle_in_range | cache_reason=no_cache
1786797350.302 [STATIC_AVOID] obs_id=- obs_dist=-m obs_s=- ego_s=9.20 side=- | left_clearance=- right_clearance=- candidate_valid=false rung=- | cache_used=false path_age=- path_points=0 planning_time_ms=0.1 | reason=no_static_obstacle_in_range | cache_reason=no_cache
1786797350.805 [STATIC_AVOID] obs_id=- obs_dist=-m obs_s=- ego_s=9.20 side=- | left_clearance=- right_clearance=- candidate_valid=false rung=- | cache_used=false path_age=- path_points=0 planning_time_ms=0.1 | reason=no_static_obstacle_in_range | cache_reason=no_cache
1786797351.304 [STATIC_AVOID] obs_id=- obs_dist=-m obs_s=- ego_s=9.20 side=- | left_clearance=- right_clearance=- candidate_valid=false rung=- | cache_used=false path_age=- path_points=0 planning_time_ms=0.1 | reason=no_static_obstacle_in_range | cache_reason=no_cache
1786797351.806 [STATIC_AVOID] obs_id=- obs_dist=-m obs_s=- ego_s=9.20 side=- | left_clearance=- right_clearance=- candidate_valid=false rung=- | cache_used=false path_age=- path_points=0 planning_time_ms=0.1 | reason=no_static_obstacle_in_range | cache_reason=no_cache
1786797352.315 [STATIC_AVOID] obs_id=- obs_dist=-m obs_s=- ego_s=9.20 side=- | left_clearance=- right_clearance=- candidate_valid=false rung=- | cache_used=false path_age=- path_points=0 planning_time_ms=0.3 | reason=no_static_obstacle_in_range | cache_reason=no_cache
1786797352.837 [STATIC_AVOID] obs_id=- obs_dist=-m obs_s=- ego_s=9.20 side=- | left_clearance=- right_clearance=- candidate_valid=false rung=- | cache_used=false path_age=- path_points=0 planning_time_ms=0.1 | reason=no_static_obstacle_in_range | cache_reason=no_cache
1786797353.362 [STATIC_AVOID] obs_id=- obs_dist=-m obs_s=- ego_s=9.20 side=- | left_clearance=- right_clearance=- candidate_valid=false rung=- | cache_used=false path_age=- path_points=0 planning_time_ms=0.1 | reason=no_static_obstacle_in_range | cache_reason=no_cache
1786797353.906 [STATIC_AVOID] obs_id=- obs_dist=-m obs_s=- ego_s=9.20 side=- | left_clearance=- right_clearance=- candidate_valid=false rung=- | cache_used=false path_age=- path_points=0 planning_time_ms=0.1 | reason=no_static_obstacle_in_range | cache_reason=no_cache
1786797354.455 [STATIC_AVOID] obs_id=- obs_dist=-m obs_s=- ego_s=9.20 side=- | left_clearance=- right_clearance=- candidate_valid=false rung=- | cache_used=false path_age=- path_points=0 planning_time_ms=0.2 | reason=no_static_obstacle_in_range | cache_reason=no_cache
1786797355.005 [STATIC_AVOID] obs_id=- obs_dist=-m obs_s=- ego_s=9.20 side=- | left_clearance=- right_clearance=- candidate_valid=false rung=- | cache_used=false path_age=- path_points=0 planning_time_ms=0.1 | reason=no_static_obstacle_in_range | cache_reason=no_cache
1786797355.528 [STATIC_AVOID] obs_id=- obs_dist=-m obs_s=- ego_s=9.20 side=- | left_clearance=- right_clearance=- candidate_valid=false rung=- | cache_used=false path_age=- path_points=0 planning_time_ms=0.1 | reason=no_static_obstacle_in_range | cache_reason=no_cache
1786797356.050 [STATIC_AVOID] obs_id=- obs_dist=-m obs_s=- ego_s=9.20 side=- | left_clearance=- right_clearance=- candidate_valid=false rung=- | cache_used=false path_age=- path_points=0 planning_time_ms=0.1 | reason=no_static_obstacle_in_range | cache_reason=no_cache
1786797356.551 [STATIC_AVOID] obs_id=- obs_dist=-m obs_s=- ego_s=9.20 side=- | left_clearance=- right_clearance=- candidate_valid=false rung=- | cache_used=false path_age=- path_points=0 planning_time_ms=0.1 | reason=no_static_obstacle_in_range | cache_reason=no_cache
1786797357.100 [STATIC_AVOID] obs_id=- obs_dist=-m obs_s=- ego_s=9.20 side=- | left_clearance=- right_clearance=- candidate_valid=false rung=- | cache_used=false path_age=- path_points=0 planning_time_ms=0.2 | reason=no_static_obstacle_in_range | cache_reason=no_cache
1786797357.600 [STATIC_AVOID] obs_id=- obs_dist=-m obs_s=- ego_s=9.20 side=- | left_clearance=- right_clearance=- candidate_valid=false rung=- | cache_used=false path_age=- path_points=0 planning_time_ms=0.1 | reason=no_static_obstacle_in_range | cache_reason=no_cache
1786797358.106 [STATIC_AVOID] obs_id=- obs_dist=-m obs_s=- ego_s=9.20 side=- | left_clearance=- right_clearance=- candidate_valid=false rung=- | cache_used=false path_age=- path_points=0 planning_time_ms=0.1 | reason=no_static_obstacle_in_range | cache_reason=no_cache
1786797358.650 [STATIC_AVOID] obs_id=- obs_dist=-m obs_s=- ego_s=9.20 side=- | left_clearance=- right_clearance=- candidate_valid=false rung=- | cache_used=false path_age=- path_points=0 planning_time_ms=0.1 | reason=no_static_obstacle_in_range | cache_reason=no_cache
1786797359.150 [STATIC_AVOID] obs_id=- obs_dist=-m obs_s=- ego_s=9.20 side=- | left_clearance=- right_clearance=- candidate_valid=false rung=- | cache_used=false path_age=- path_points=0 planning_time_ms=0.1 | reason=no_static_obstacle_in_range | cache_reason=no_cache
1786797359.656 [STATIC_AVOID] obs_id=- obs_dist=-m obs_s=- ego_s=9.24 side=- | left_clearance=- right_clearance=- candidate_valid=false rung=- | cache_used=false path_age=- path_points=0 planning_time_ms=0.1 | reason=no_static_obstacle_in_range | cache_reason=no_cache
1786797360.200 [STATIC_AVOID] obs_id=- obs_dist=-m obs_s=- ego_s=9.24 side=- | left_clearance=- right_clearance=- candidate_valid=false rung=- | cache_used=false path_age=- path_points=0 planning_time_ms=0.1 | reason=no_static_obstacle_in_range | cache_reason=no_cache
1786797360.702 [STATIC_AVOID] obs_id=- obs_dist=-m obs_s=- ego_s=9.19 side=- | left_clearance=- right_clearance=- candidate_valid=false rung=- | cache_used=false path_age=- path_points=0 planning_time_ms=0.1 | reason=no_static_obstacle_in_range | cache_reason=no_cache
1786797361.248 [STATIC_AVOID] obs_id=4 obs_dist=1.74m obs_s=10.93 ego_s=9.18 side=RIGHT | left_clearance=-0.20 right_clearance=0.18 candidate_valid=true rung=0 | cache_used=false path_age=0.000 path_points=81 planning_time_ms=10.5
1786797361.824 [STATIC_AVOID] obs_id=4 obs_dist=1.79m obs_s=10.96 ego_s=9.17 side=RIGHT | left_clearance=-0.18 right_clearance=0.27 candidate_valid=true rung=0 | cache_used=false path_age=0.000 path_points=81 planning_time_ms=11.7
1786797362.358 [STATIC_AVOID] obs_id=- obs_dist=-m obs_s=- ego_s=9.20 side=- | left_clearance=- right_clearance=- candidate_valid=false rung=- | cache_used=false path_age=- path_points=0 planning_time_ms=0.1 | reason=no_static_obstacle_in_range | cache_reason=no_cache
1786797362.910 [STATIC_AVOID] obs_id=- obs_dist=-m obs_s=- ego_s=9.20 side=- | left_clearance=- right_clearance=- candidate_valid=false rung=- | cache_used=false path_age=- path_points=0 planning_time_ms=0.1 | reason=no_static_obstacle_in_range | cache_reason=no_cache
1786797363.412 [STATIC_AVOID] obs_id=- obs_dist=-m obs_s=- ego_s=9.20 side=- | left_clearance=- right_clearance=- candidate_valid=false rung=- | cache_used=false path_age=- path_points=0 planning_time_ms=0.1 | reason=no_static_obstacle_in_range | cache_reason=no_cache
1786797363.958 [STATIC_AVOID] obs_id=- obs_dist=-m obs_s=- ego_s=9.20 side=- | left_clearance=- right_clearance=- candidate_valid=false rung=- | cache_used=false path_age=- path_points=0 planning_time_ms=0.1 | reason=no_static_obstacle_in_range | cache_reason=no_cache
1786797364.467 [STATIC_AVOID] obs_id=- obs_dist=-m obs_s=- ego_s=9.20 side=- | left_clearance=- right_clearance=- candidate_valid=false rung=- | cache_used=false path_age=- path_points=0 planning_time_ms=0.2 | reason=no_static_obstacle_in_range | cache_reason=no_cache
1786797365.006 [STATIC_AVOID] obs_id=- obs_dist=-m obs_s=- ego_s=9.20 side=- | left_clearance=- right_clearance=- candidate_valid=false rung=- | cache_used=false path_age=- path_points=0 planning_time_ms=0.1 | reason=no_static_obstacle_in_range | cache_reason=no_cache
1786797365.553 [STATIC_AVOID] obs_id=- obs_dist=-m obs_s=- ego_s=9.20 side=- | left_clearance=- right_clearance=- candidate_valid=false rung=- | cache_used=false path_age=- path_points=0 planning_time_ms=0.1 | reason=no_static_obstacle_in_range | cache_reason=no_cache
1786797366.063 [STATIC_AVOID] obs_id=- obs_dist=-m obs_s=- ego_s=9.20 side=- | left_clearance=- right_clearance=- candidate_valid=false rung=- | cache_used=false path_age=- path_points=0 planning_time_ms=0.1 | reason=no_static_obstacle_in_range | cache_reason=no_cache
1786797366.619 [STATIC_AVOID] obs_id=- obs_dist=-m obs_s=- ego_s=9.20 side=- | left_clearance=- right_clearance=- candidate_valid=false rung=- | cache_used=false path_age=- path_points=0 planning_time_ms=0.1 | reason=no_static_obstacle_in_range | cache_reason=no_cache
1786797367.154 [STATIC_AVOID] obs_id=- obs_dist=-m obs_s=- ego_s=9.20 side=- | left_clearance=- right_clearance=- candidate_valid=false rung=- | cache_used=false path_age=- path_points=0 planning_time_ms=0.1 | reason=no_static_obstacle_in_range | cache_reason=no_cache
1786797367.657 [STATIC_AVOID] obs_id=- obs_dist=-m obs_s=- ego_s=9.20 side=- | left_clearance=- right_clearance=- candidate_valid=false rung=- | cache_used=false path_age=- path_points=0 planning_time_ms=0.1 | reason=no_static_obstacle_in_range | cache_reason=no_cache
1786797368.160 [STATIC_AVOID] obs_id=- obs_dist=-m obs_s=- ego_s=9.20 side=- | left_clearance=- right_clearance=- candidate_valid=false rung=- | cache_used=false path_age=- path_points=0 planning_time_ms=0.1 | reason=no_static_obstacle_in_range | cache_reason=no_cache
1786797368.706 [STATIC_AVOID] obs_id=- obs_dist=-m obs_s=- ego_s=9.20 side=- | left_clearance=- right_clearance=- candidate_valid=false rung=- | cache_used=false path_age=- path_points=0 planning_time_ms=0.2 | reason=no_static_obstacle_in_range | cache_reason=no_cache
1786797369.208 [STATIC_AVOID] obs_id=- obs_dist=-m obs_s=- ego_s=9.20 side=- | left_clearance=- right_clearance=- candidate_valid=false rung=- | cache_used=false path_age=- path_points=0 planning_time_ms=0.1 | reason=no_static_obstacle_in_range | cache_reason=no_cache
1786797369.753 [STATIC_AVOID] obs_id=- obs_dist=-m obs_s=- ego_s=9.20 side=- | left_clearance=- right_clearance=- candidate_valid=false rung=- | cache_used=false path_age=- path_points=0 planning_time_ms=0.1 | reason=no_static_obstacle_in_range | cache_reason=no_cache
1786797370.305 [STATIC_AVOID] obs_id=- obs_dist=-m obs_s=- ego_s=9.20 side=- | left_clearance=- right_clearance=- candidate_valid=false rung=- | cache_used=false path_age=- path_points=0 planning_time_ms=0.1 | reason=no_static_obstacle_in_range | cache_reason=no_cache
1786797370.812 [STATIC_AVOID] obs_id=- obs_dist=-m obs_s=- ego_s=9.21 side=- | left_clearance=- right_clearance=- candidate_valid=false rung=- | cache_used=false path_age=- path_points=0 planning_time_ms=0.1 | reason=no_static_obstacle_in_range | cache_reason=no_cache
1786797371.358 [STATIC_AVOID] obs_id=- obs_dist=-m obs_s=- ego_s=9.20 side=- | left_clearance=- right_clearance=- candidate_valid=false rung=- | cache_used=false path_age=- path_points=0 planning_time_ms=0.1 | reason=no_static_obstacle_in_range | cache_reason=no_cache
1786797371.904 [STATIC_AVOID] obs_id=- obs_dist=-m obs_s=- ego_s=9.20 side=- | left_clearance=- right_clearance=- candidate_valid=false rung=- | cache_used=false path_age=- path_points=0 planning_time_ms=0.1 | reason=no_static_obstacle_in_range | cache_reason=no_cache
1786797372.409 [STATIC_AVOID] obs_id=- obs_dist=-m obs_s=- ego_s=9.20 side=- | left_clearance=- right_clearance=- candidate_valid=false rung=- | cache_used=false path_age=- path_points=0 planning_time_ms=0.1 | reason=no_static_obstacle_in_range | cache_reason=no_cache
1786797372.951 [STATIC_AVOID] obs_id=- obs_dist=-m obs_s=- ego_s=9.20 side=- | left_clearance=- right_clearance=- candidate_valid=false rung=- | cache_used=false path_age=- path_points=0 planning_time_ms=0.1 | reason=no_static_obstacle_in_range | cache_reason=no_cache
1786797373.453 [STATIC_AVOID] obs_id=- obs_dist=-m obs_s=- ego_s=9.20 side=- | left_clearance=- right_clearance=- candidate_valid=false rung=- | cache_used=false path_age=- path_points=0 planning_time_ms=0.2 | reason=no_static_obstacle_in_range | cache_reason=no_cache
1786797374.000 [STATIC_AVOID] obs_id=- obs_dist=-m obs_s=- ego_s=9.20 side=- | left_clearance=- right_clearance=- candidate_valid=false rung=- | cache_used=false path_age=- path_points=0 planning_time_ms=0.2 | reason=no_static_obstacle_in_range | cache_reason=no_cache
1786797374.552 [STATIC_AVOID] obs_id=- obs_dist=-m obs_s=- ego_s=9.20 side=- | left_clearance=- right_clearance=- candidate_valid=false rung=- | cache_used=false path_age=- path_points=0 planning_time_ms=0.1 | reason=no_static_obstacle_in_range | cache_reason=no_cache
1786797375.104 [STATIC_AVOID] obs_id=- obs_dist=-m obs_s=- ego_s=9.20 side=- | left_clearance=- right_clearance=- candidate_valid=false rung=- | cache_used=false path_age=- path_points=0 planning_time_ms=0.1 | reason=no_static_obstacle_in_range | cache_reason=no_cache
1786797375.609 [STATIC_AVOID] obs_id=- obs_dist=-m obs_s=- ego_s=9.21 side=- | left_clearance=- right_clearance=- candidate_valid=false rung=- | cache_used=false path_age=- path_points=0 planning_time_ms=0.1 | reason=no_static_obstacle_in_range | cache_reason=no_cache
1786797376.151 [STATIC_AVOID] obs_id=- obs_dist=-m obs_s=- ego_s=9.20 side=- | left_clearance=- right_clearance=- candidate_valid=false rung=- | cache_used=false path_age=- path_points=0 planning_time_ms=0.1 | reason=no_static_obstacle_in_range | cache_reason=no_cache
1786797376.700 [STATIC_AVOID] obs_id=- obs_dist=-m obs_s=- ego_s=9.20 side=- | left_clearance=- right_clearance=- candidate_valid=false rung=- | cache_used=false path_age=- path_points=0 planning_time_ms=0.1 | reason=no_static_obstacle_in_range | cache_reason=no_cache
1786797377.250 [STATIC_AVOID] obs_id=- obs_dist=-m obs_s=- ego_s=9.20 side=- | left_clearance=- right_clearance=- candidate_valid=false rung=- | cache_used=false path_age=- path_points=0 planning_time_ms=0.1 | reason=no_static_obstacle_in_range | cache_reason=no_cache
1786797377.751 [STATIC_AVOID] obs_id=- obs_dist=-m obs_s=- ego_s=9.20 side=- | left_clearance=- right_clearance=- candidate_valid=false rung=- | cache_used=false path_age=- path_points=0 planning_time_ms=0.1 | reason=no_static_obstacle_in_range | cache_reason=no_cache
1786797378.259 [STATIC_AVOID] obs_id=- obs_dist=-m obs_s=- ego_s=9.20 side=- | left_clearance=- right_clearance=- candidate_valid=false rung=- | cache_used=false path_age=- path_points=0 planning_time_ms=0.1 | reason=no_static_obstacle_in_range | cache_reason=no_cache
1786797378.804 [STATIC_AVOID] obs_id=- obs_dist=-m obs_s=- ego_s=9.20 side=- | left_clearance=- right_clearance=- candidate_valid=false rung=- | cache_used=false path_age=- path_points=0 planning_time_ms=0.1 | reason=no_static_obstacle_in_range | cache_reason=no_cache
1786797379.319 [STATIC_AVOID] obs_id=- obs_dist=-m obs_s=- ego_s=9.21 side=- | left_clearance=- right_clearance=- candidate_valid=false rung=- | cache_used=false path_age=- path_points=0 planning_time_ms=0.1 | reason=no_static_obstacle_in_range | cache_reason=no_cache
1786797379.860 [STATIC_AVOID] obs_id=- obs_dist=-m obs_s=- ego_s=9.20 side=- | left_clearance=- right_clearance=- candidate_valid=false rung=- | cache_used=false path_age=- path_points=0 planning_time_ms=0.1 | reason=no_static_obstacle_in_range | cache_reason=no_cache
1786797380.417 [STATIC_AVOID] obs_id=- obs_dist=-m obs_s=- ego_s=9.20 side=- | left_clearance=- right_clearance=- candidate_valid=false rung=- | cache_used=false path_age=- path_points=0 planning_time_ms=0.2 | reason=no_static_obstacle_in_range | cache_reason=no_cache
1786797380.956 [STATIC_AVOID] obs_id=- obs_dist=-m obs_s=- ego_s=9.20 side=- | left_clearance=- right_clearance=- candidate_valid=false rung=- | cache_used=false path_age=- path_points=0 planning_time_ms=0.1 | reason=no_static_obstacle_in_range | cache_reason=no_cache
1786797381.456 [STATIC_AVOID] obs_id=- obs_dist=-m obs_s=- ego_s=9.20 side=- | left_clearance=- right_clearance=- candidate_valid=false rung=- | cache_used=false path_age=- path_points=0 planning_time_ms=0.1 | reason=no_static_obstacle_in_range | cache_reason=no_cache
1786797382.000 [STATIC_AVOID] obs_id=- obs_dist=-m obs_s=- ego_s=9.21 side=- | left_clearance=- right_clearance=- candidate_valid=false rung=- | cache_used=false path_age=- path_points=0 planning_time_ms=0.1 | reason=no_static_obstacle_in_range | cache_reason=no_cache
1786797382.514 [STATIC_AVOID] obs_id=- obs_dist=-m obs_s=- ego_s=9.20 side=- | left_clearance=- right_clearance=- candidate_valid=false rung=- | cache_used=false path_age=- path_points=0 planning_time_ms=0.1 | reason=no_static_obstacle_in_range | cache_reason=no_cache
1786797383.052 [STATIC_AVOID] obs_id=- obs_dist=-m obs_s=- ego_s=9.20 side=- | left_clearance=- right_clearance=- candidate_valid=false rung=- | cache_used=false path_age=- path_points=0 planning_time_ms=0.1 | reason=no_static_obstacle_in_range | cache_reason=no_cache
1786797383.562 [STATIC_AVOID] obs_id=- obs_dist=-m obs_s=- ego_s=9.20 side=- | left_clearance=- right_clearance=- candidate_valid=false rung=- | cache_used=false path_age=- path_points=0 planning_time_ms=0.1 | reason=no_static_obstacle_in_range | cache_reason=no_cache
1786797384.099 [STATIC_AVOID] obs_id=5 obs_dist=2.97m obs_s=12.17 ego_s=9.20 side=LEFT | left_clearance=0.33 right_clearance=-0.33 candidate_valid=true rung=2 | cache_used=false path_age=0.000 path_points=91 planning_time_ms=15.6
1786797384.608 [STATIC_AVOID] obs_id=5 obs_dist=2.87m obs_s=12.09 ego_s=9.21 side=LEFT | left_clearance=0.40 right_clearance=-0.32 candidate_valid=true rung=0 | cache_used=false path_age=0.000 path_points=84 planning_time_ms=5.1
1786797385.154 [STATIC_AVOID] obs_id=- obs_dist=-m obs_s=- ego_s=9.24 side=- | left_clearance=- right_clearance=- candidate_valid=false rung=- | cache_used=false path_age=- path_points=0 planning_time_ms=0.2 | reason=no_static_obstacle_in_range | cache_reason=no_cache
1786797385.706 [STATIC_AVOID] obs_id=- obs_dist=-m obs_s=- ego_s=9.21 side=- | left_clearance=- right_clearance=- candidate_valid=false rung=- | cache_used=false path_age=- path_points=0 planning_time_ms=0.1 | reason=no_static_obstacle_in_range | cache_reason=no_cache
1786797386.209 [STATIC_AVOID] obs_id=- obs_dist=-m obs_s=- ego_s=9.20 side=- | left_clearance=- right_clearance=- candidate_valid=false rung=- | cache_used=false path_age=- path_points=0 planning_time_ms=0.1 | reason=no_static_obstacle_in_range | cache_reason=no_cache
1786797386.750 [STATIC_AVOID] obs_id=- obs_dist=-m obs_s=- ego_s=9.20 side=- | left_clearance=- right_clearance=- candidate_valid=false rung=- | cache_used=false path_age=- path_points=0 planning_time_ms=0.1 | reason=no_static_obstacle_in_range | cache_reason=no_cache
1786797387.251 [STATIC_AVOID] obs_id=- obs_dist=-m obs_s=- ego_s=9.21 side=- | left_clearance=- right_clearance=- candidate_valid=false rung=- | cache_used=false path_age=- path_points=0 planning_time_ms=0.1 | reason=no_static_obstacle_in_range | cache_reason=no_cache
1786797387.800 [STATIC_AVOID] obs_id=- obs_dist=-m obs_s=- ego_s=9.21 side=- | left_clearance=- right_clearance=- candidate_valid=false rung=- | cache_used=false path_age=- path_points=0 planning_time_ms=0.1 | reason=no_static_obstacle_in_range | cache_reason=no_cache
1786797388.308 [STATIC_AVOID] obs_id=- obs_dist=-m obs_s=- ego_s=9.21 side=- | left_clearance=- right_clearance=- candidate_valid=false rung=- | cache_used=false path_age=- path_points=0 planning_time_ms=0.1 | reason=no_static_obstacle_in_range | cache_reason=no_cache
1786797388.813 [STATIC_AVOID] obs_id=- obs_dist=-m obs_s=- ego_s=9.31 side=- | left_clearance=- right_clearance=- candidate_valid=false rung=- | cache_used=false path_age=- path_points=0 planning_time_ms=0.1 | reason=no_static_obstacle_in_range | cache_reason=no_cache
1786797389.356 [STATIC_AVOID] obs_id=- obs_dist=-m obs_s=- ego_s=10.52 side=- | left_clearance=- right_clearance=- candidate_valid=false rung=- | cache_used=false path_age=- path_points=0 planning_time_ms=4.1 | reason=no_static_obstacle_in_range | cache_reason=no_cache
1786797389.862 [STATIC_AVOID] obs_id=- obs_dist=-m obs_s=- ego_s=12.05 side=- | left_clearance=- right_clearance=- candidate_valid=false rung=- | cache_used=false path_age=- path_points=0 planning_time_ms=0.2 | reason=no_static_obstacle_in_range | cache_reason=no_cache
1786797390.402 [STATIC_AVOID] obs_id=- obs_dist=-m obs_s=- ego_s=13.87 side=- | left_clearance=- right_clearance=- candidate_valid=false rung=- | cache_used=false path_age=- path_points=0 planning_time_ms=0.1 | reason=no_static_obstacle_in_range | cache_reason=no_cache
1786797390.951 [STATIC_AVOID] obs_id=- obs_dist=-m obs_s=- ego_s=15.52 side=- | left_clearance=- right_clearance=- candidate_valid=false rung=- | cache_used=false path_age=- path_points=0 planning_time_ms=0.1 | reason=no_static_obstacle_in_range | cache_reason=no_cache
1786797391.518 [STATIC_AVOID] obs_id=8 obs_dist=5.52m obs_s=22.21 ego_s=16.68 side=LEFT | left_clearance=0.41 right_clearance=0.28 candidate_valid=true rung=0 | cache_used=false path_age=0.000 path_points=116 planning_time_ms=20.2
1786797392.021 [STATIC_AVOID] obs_id=8 obs_dist=4.38m obs_s=22.18 ego_s=17.80 side=RIGHT | left_clearance=0.44 right_clearance=0.26 candidate_valid=true rung=1 | cache_used=false path_age=0.000 path_points=100 planning_time_ms=34.9
1786797392.548 [STATIC_AVOID] obs_id=9 obs_dist=3.01m obs_s=21.99 ego_s=18.98 side=LEFT | left_clearance=0.51 right_clearance=0.21 candidate_valid=true rung=0 | cache_used=false path_age=0.000 path_points=96 planning_time_ms=24.1
1786797393.053 [STATIC_AVOID] obs_id=9 obs_dist=1.42m obs_s=21.92 ego_s=20.50 side=LEFT | left_clearance=0.61 right_clearance=0.13 candidate_valid=true rung=0 | cache_used=false path_age=0.000 path_points=81 planning_time_ms=7.0
1786797393.600 [STATIC_AVOID] obs_id=- obs_dist=-m obs_s=- ego_s=21.64 side=- | left_clearance=- right_clearance=- candidate_valid=false rung=- | cache_used=false path_age=- path_points=0 planning_time_ms=0.1 | reason=no_static_obstacle_in_range | cache_reason=no_cache
1786797394.102 [STATIC_AVOID] obs_id=- obs_dist=-m obs_s=- ego_s=22.46 side=- | left_clearance=- right_clearance=- candidate_valid=false rung=- | cache_used=false path_age=- path_points=0 planning_time_ms=0.1 | reason=no_static_obstacle_in_range | cache_reason=no_cache
1786797394.650 [STATIC_AVOID] obs_id=- obs_dist=-m obs_s=- ego_s=22.05 side=- | left_clearance=- right_clearance=- candidate_valid=false rung=- | cache_used=false path_age=- path_points=0 planning_time_ms=0.1 | reason=no_static_obstacle_in_range | cache_reason=no_cache
1786797395.166 [STATIC_AVOID] obs_id=- obs_dist=-m obs_s=- ego_s=21.85 side=- | left_clearance=- right_clearance=- candidate_valid=false rung=- | cache_used=false path_age=- path_points=0 planning_time_ms=0.1 | reason=no_static_obstacle_in_range | cache_reason=no_cache
1786797395.700 [STATIC_AVOID] obs_id=- obs_dist=-m obs_s=- ego_s=22.15 side=- | left_clearance=- right_clearance=- candidate_valid=false rung=- | cache_used=false path_age=- path_points=0 planning_time_ms=0.1 | reason=no_static_obstacle_in_range | cache_reason=no_cache
1786797396.205 [STATIC_AVOID] obs_id=- obs_dist=-m obs_s=- ego_s=22.38 side=- | left_clearance=- right_clearance=- candidate_valid=false rung=- | cache_used=false path_age=- path_points=0 planning_time_ms=0.1 | reason=no_static_obstacle_in_range | cache_reason=no_cache
1786797396.714 [STATIC_AVOID] obs_id=- obs_dist=-m obs_s=- ego_s=22.33 side=- | left_clearance=- right_clearance=- candidate_valid=false rung=- | cache_used=false path_age=- path_points=0 planning_time_ms=0.1 | reason=no_static_obstacle_in_range | cache_reason=no_cache
1786797397.259 [STATIC_AVOID] obs_id=- obs_dist=-m obs_s=- ego_s=22.23 side=- | left_clearance=- right_clearance=- candidate_valid=false rung=- | cache_used=false path_age=- path_points=0 planning_time_ms=0.1 | reason=no_static_obstacle_in_range | cache_reason=no_cache
1786797397.821 [STATIC_AVOID] obs_id=19 obs_dist=0.86m obs_s=22.22 ego_s=21.36 side=LEFT | left_clearance=0.67 right_clearance=-0.12 candidate_valid=true rung=0 | cache_used=false path_age=0.000 path_points=81 planning_time_ms=3.2
1786797398.358 [STATIC_AVOID] obs_id=- obs_dist=-m obs_s=- ego_s=22.04 side=- | left_clearance=- right_clearance=- candidate_valid=false rung=- | cache_used=false path_age=- path_points=0 planning_time_ms=0.1 | reason=no_static_obstacle_in_range | cache_reason=no_cache
1786797398.858 [STATIC_AVOID] obs_id=- obs_dist=-m obs_s=- ego_s=21.96 side=- | left_clearance=- right_clearance=- candidate_valid=false rung=- | cache_used=false path_age=- path_points=0 planning_time_ms=0.1 | reason=no_static_obstacle_in_range | cache_reason=no_cache
1786797399.400 [STATIC_AVOID] obs_id=- obs_dist=-m obs_s=- ego_s=21.97 side=- | left_clearance=- right_clearance=- candidate_valid=false rung=- | cache_used=false path_age=- path_points=0 planning_time_ms=0.1 | reason=no_static_obstacle_in_range | cache_reason=no_cache
1786797399.904 [STATIC_AVOID] obs_id=- obs_dist=-m obs_s=- ego_s=21.95 side=- | left_clearance=- right_clearance=- candidate_valid=false rung=- | cache_used=false path_age=- path_points=0 planning_time_ms=0.1 | reason=no_static_obstacle_in_range | cache_reason=no_cache
1786797400.415 [STATIC_AVOID] obs_id=- obs_dist=-m obs_s=- ego_s=21.96 side=- | left_clearance=- right_clearance=- candidate_valid=false rung=- | cache_used=false path_age=- path_points=0 planning_time_ms=0.1 | reason=no_static_obstacle_in_range | cache_reason=no_cache
1786797400.915 [STATIC_AVOID] obs_id=- obs_dist=-m obs_s=- ego_s=21.95 side=- | left_clearance=- right_clearance=- candidate_valid=false rung=- | cache_used=false path_age=- path_points=0 planning_time_ms=0.1 | reason=no_static_obstacle_in_range | cache_reason=no_cache
1786797401.459 [STATIC_AVOID] obs_id=- obs_dist=-m obs_s=- ego_s=21.98 side=- | left_clearance=- right_clearance=- candidate_valid=false rung=- | cache_used=false path_age=- path_points=0 planning_time_ms=0.1 | reason=no_static_obstacle_in_range | cache_reason=no_cache
1786797402.001 [STATIC_AVOID] obs_id=- obs_dist=-m obs_s=- ego_s=21.98 side=- | left_clearance=- right_clearance=- candidate_valid=false rung=- | cache_used=false path_age=- path_points=0 planning_time_ms=0.1 | reason=no_static_obstacle_in_range | cache_reason=no_cache
1786797402.552 [STATIC_AVOID] obs_id=- obs_dist=-m obs_s=- ego_s=21.97 side=- | left_clearance=- right_clearance=- candidate_valid=false rung=- | cache_used=false path_age=- path_points=0 planning_time_ms=0.1 | reason=no_static_obstacle_in_range | cache_reason=no_cache
1786797403.112 [STATIC_AVOID] obs_id=- obs_dist=-m obs_s=- ego_s=21.56 side=- | left_clearance=- right_clearance=- candidate_valid=false rung=- | cache_used=false path_age=- path_points=0 planning_time_ms=0.1 | reason=no_static_obstacle_in_range | cache_reason=no_cache
1786797403.659 [STATIC_AVOID] obs_id=- obs_dist=-m obs_s=- ego_s=21.25 side=- | left_clearance=- right_clearance=- candidate_valid=false rung=- | cache_used=false path_age=- path_points=0 planning_time_ms=0.1 | reason=no_static_obstacle_in_range | cache_reason=no_cache
1786797404.160 [STATIC_AVOID] obs_id=- obs_dist=-m obs_s=- ego_s=20.85 side=- | left_clearance=- right_clearance=- candidate_valid=false rung=- | cache_used=false path_age=- path_points=0 planning_time_ms=0.1 | reason=no_static_obstacle_in_range | cache_reason=no_cache
1786797404.661 [STATIC_AVOID] obs_id=- obs_dist=-m obs_s=- ego_s=20.85 side=- | left_clearance=- right_clearance=- candidate_valid=false rung=- | cache_used=false path_age=- path_points=0 planning_time_ms=0.1 | reason=no_static_obstacle_in_range | cache_reason=no_cache
1786797405.200 [STATIC_AVOID] obs_id=- obs_dist=-m obs_s=- ego_s=20.84 side=- | left_clearance=- right_clearance=- candidate_valid=false rung=- | cache_used=false path_age=- path_points=0 planning_time_ms=0.1 | reason=no_static_obstacle_in_range | cache_reason=no_cache
1786797405.700 [STATIC_AVOID] obs_id=- obs_dist=-m obs_s=- ego_s=20.96 side=- | left_clearance=- right_clearance=- candidate_valid=false rung=- | cache_used=false path_age=- path_points=0 planning_time_ms=0.1 | reason=no_static_obstacle_in_range | cache_reason=no_cache
1786797406.206 [STATIC_AVOID] obs_id=- obs_dist=-m obs_s=- ego_s=20.85 side=- | left_clearance=- right_clearance=- candidate_valid=false rung=- | cache_used=false path_age=- path_points=0 planning_time_ms=0.1 | reason=no_static_obstacle_in_range | cache_reason=no_cache
1786797406.766 [STATIC_AVOID] obs_id=- obs_dist=-m obs_s=- ego_s=20.87 side=- | left_clearance=- right_clearance=- candidate_valid=false rung=- | cache_used=false path_age=- path_points=0 planning_time_ms=0.1 | reason=no_static_obstacle_in_range | cache_reason=no_cache
1786797407.282 [STATIC_AVOID] obs_id=- obs_dist=-m obs_s=- ego_s=20.89 side=- | left_clearance=- right_clearance=- candidate_valid=false rung=- | cache_used=false path_age=- path_points=0 planning_time_ms=0.1 | reason=no_static_obstacle_in_range | cache_reason=no_cache
1786797407.802 [STATIC_AVOID] obs_id=- obs_dist=-m obs_s=- ego_s=20.89 side=- | left_clearance=- right_clearance=- candidate_valid=false rung=- | cache_used=false path_age=- path_points=0 planning_time_ms=0.1 | reason=no_static_obstacle_in_range | cache_reason=no_cache
1786797408.369 [STATIC_AVOID] obs_id=- obs_dist=-m obs_s=- ego_s=20.90 side=- | left_clearance=- right_clearance=- candidate_valid=false rung=- | cache_used=false path_age=- path_points=0 planning_time_ms=0.1 | reason=no_static_obstacle_in_range | cache_reason=no_cache
1786797408.908 [STATIC_AVOID] obs_id=- obs_dist=-m obs_s=- ego_s=20.90 side=- | left_clearance=- right_clearance=- candidate_valid=false rung=- | cache_used=false path_age=- path_points=0 planning_time_ms=0.1 | reason=no_static_obstacle_in_range | cache_reason=no_cache
1786797409.456 [STATIC_AVOID] obs_id=- obs_dist=-m obs_s=- ego_s=20.88 side=- | left_clearance=- right_clearance=- candidate_valid=false rung=- | cache_used=false path_age=- path_points=0 planning_time_ms=0.4 | reason=no_static_obstacle_in_range | cache_reason=no_cache
1786797410.000 [STATIC_AVOID] obs_id=- obs_dist=-m obs_s=- ego_s=20.90 side=- | left_clearance=- right_clearance=- candidate_valid=false rung=- | cache_used=false path_age=- path_points=0 planning_time_ms=0.1 | reason=no_static_obstacle_in_range | cache_reason=no_cache
1786797410.550 [STATIC_AVOID] obs_id=- obs_dist=-m obs_s=- ego_s=20.88 side=- | left_clearance=- right_clearance=- candidate_valid=false rung=- | cache_used=false path_age=- path_points=0 planning_time_ms=0.1 | reason=no_static_obstacle_in_range | cache_reason=no_cache
1786797411.053 [STATIC_AVOID] obs_id=- obs_dist=-m obs_s=- ego_s=20.88 side=- | left_clearance=- right_clearance=- candidate_valid=false rung=- | cache_used=false path_age=- path_points=0 planning_time_ms=0.1 | reason=no_static_obstacle_in_range | cache_reason=no_cache
1786797411.610 [STATIC_AVOID] obs_id=- obs_dist=-m obs_s=- ego_s=20.87 side=- | left_clearance=- right_clearance=- candidate_valid=false rung=- | cache_used=false path_age=- path_points=0 planning_time_ms=0.1 | reason=no_static_obstacle_in_range | cache_reason=no_cache
1786797412.114 [STATIC_AVOID] obs_id=- obs_dist=-m obs_s=- ego_s=20.87 side=- | left_clearance=- right_clearance=- candidate_valid=false rung=- | cache_used=false path_age=- path_points=0 planning_time_ms=0.1 | reason=no_static_obstacle_in_range | cache_reason=no_cache
1786797412.651 [STATIC_AVOID] obs_id=- obs_dist=-m obs_s=- ego_s=20.88 side=- | left_clearance=- right_clearance=- candidate_valid=false rung=- | cache_used=false path_age=- path_points=0 planning_time_ms=0.3 | reason=no_static_obstacle_in_range | cache_reason=no_cache
1786797413.156 [STATIC_AVOID] obs_id=- obs_dist=-m obs_s=- ego_s=20.87 side=- | left_clearance=- right_clearance=- candidate_valid=false rung=- | cache_used=false path_age=- path_points=0 planning_time_ms=0.1 | reason=no_static_obstacle_in_range | cache_reason=no_cache
1786797413.658 [STATIC_AVOID] obs_id=- obs_dist=-m obs_s=- ego_s=20.89 side=- | left_clearance=- right_clearance=- candidate_valid=false rung=- | cache_used=false path_age=- path_points=0 planning_time_ms=0.1 | reason=no_static_obstacle_in_range | cache_reason=no_cache
1786797414.213 [STATIC_AVOID] obs_id=- obs_dist=-m obs_s=- ego_s=20.89 side=- | left_clearance=- right_clearance=- candidate_valid=false rung=- | cache_used=false path_age=- path_points=0 planning_time_ms=0.1 | reason=no_static_obstacle_in_range | cache_reason=no_cache
1786797414.754 [STATIC_AVOID] obs_id=- obs_dist=-m obs_s=- ego_s=20.89 side=- | left_clearance=- right_clearance=- candidate_valid=false rung=- | cache_used=false path_age=- path_points=0 planning_time_ms=0.1 | reason=no_static_obstacle_in_range | cache_reason=no_cache
1786797415.300 [STATIC_AVOID] obs_id=- obs_dist=-m obs_s=- ego_s=20.89 side=- | left_clearance=- right_clearance=- candidate_valid=false rung=- | cache_used=false path_age=- path_points=0 planning_time_ms=0.1 | reason=no_static_obstacle_in_range | cache_reason=no_cache
1786797415.806 [STATIC_AVOID] obs_id=- obs_dist=-m obs_s=- ego_s=20.91 side=- | left_clearance=- right_clearance=- candidate_valid=false rung=- | cache_used=false path_age=- path_points=0 planning_time_ms=0.1 | reason=no_static_obstacle_in_range | cache_reason=no_cache
1786797416.308 [STATIC_AVOID] obs_id=- obs_dist=-m obs_s=- ego_s=20.91 side=- | left_clearance=- right_clearance=- candidate_valid=false rung=- | cache_used=false path_age=- path_points=0 planning_time_ms=0.1 | reason=no_static_obstacle_in_range | cache_reason=no_cache
1786797416.870 [STATIC_AVOID] obs_id=- obs_dist=-m obs_s=- ego_s=20.90 side=- | left_clearance=- right_clearance=- candidate_valid=false rung=- | cache_used=false path_age=- path_points=0 planning_time_ms=0.1 | reason=no_static_obstacle_in_range | cache_reason=no_cache
1786797417.397 [STATIC_AVOID] obs_id=21 obs_dist=-0.44m obs_s=20.47 ego_s=20.91 side=RIGHT | left_clearance=0.28 right_clearance=0.34 candidate_valid=true rung=0 | cache_used=false path_age=0.000 path_points=81 planning_time_ms=4.3
1786797417.915 [STATIC_AVOID] obs_id=21 obs_dist=-0.45m obs_s=20.46 ego_s=20.91 side=RIGHT | left_clearance=0.28 right_clearance=0.35 candidate_valid=true rung=0 | cache_used=false path_age=0.000 path_points=81 planning_time_ms=7.6
1786797418.463 [STATIC_AVOID] obs_id=21 obs_dist=-0.45m obs_s=20.45 ego_s=20.90 side=RIGHT | left_clearance=0.30 right_clearance=0.37 candidate_valid=true rung=0 | cache_used=false path_age=0.000 path_points=81 planning_time_ms=7.6
1786797419.005 [STATIC_AVOID] obs_id=21 obs_dist=-0.73m obs_s=20.45 ego_s=21.19 side=RIGHT | left_clearance=0.24 right_clearance=0.31 candidate_valid=true rung=0 | cache_used=false path_age=0.000 path_points=81 planning_time_ms=8.5
1786797419.553 [STATIC_AVOID] obs_id=- obs_dist=-m obs_s=- ego_s=21.67 side=- | left_clearance=- right_clearance=- candidate_valid=false rung=- | cache_used=false path_age=- path_points=0 planning_time_ms=0.1 | reason=no_static_obstacle_in_range | cache_reason=no_cache
1786797420.055 [STATIC_AVOID] obs_id=- obs_dist=-m obs_s=- ego_s=21.97 side=- | left_clearance=- right_clearance=- candidate_valid=false rung=- | cache_used=false path_age=- path_points=0 planning_time_ms=0.1 | reason=no_static_obstacle_in_range | cache_reason=no_cache
1786797420.610 [STATIC_AVOID] obs_id=- obs_dist=-m obs_s=- ego_s=23.20 side=- | left_clearance=- right_clearance=- candidate_valid=false rung=- | cache_used=false path_age=- path_points=0 planning_time_ms=0.1 | reason=no_static_obstacle_in_range | cache_reason=no_cache
1786797421.164 [STATIC_AVOID] obs_id=- obs_dist=-m obs_s=- ego_s=23.42 side=- | left_clearance=- right_clearance=- candidate_valid=false rung=- | cache_used=false path_age=- path_points=0 planning_time_ms=0.2 | reason=no_static_obstacle_in_range | cache_reason=no_cache
1786797421.702 [STATIC_AVOID] obs_id=- obs_dist=-m obs_s=- ego_s=23.42 side=- | left_clearance=- right_clearance=- candidate_valid=false rung=- | cache_used=false path_age=- path_points=0 planning_time_ms=0.1 | reason=no_static_obstacle_in_range | cache_reason=no_cache
1786797422.202 [STATIC_AVOID] obs_id=- obs_dist=-m obs_s=- ego_s=23.42 side=- | left_clearance=- right_clearance=- candidate_valid=false rung=- | cache_used=false path_age=- path_points=0 planning_time_ms=0.1 | reason=no_static_obstacle_in_range | cache_reason=no_cache
1786797422.767 [STATIC_AVOID] obs_id=- obs_dist=-m obs_s=- ego_s=23.43 side=- | left_clearance=- right_clearance=- candidate_valid=false rung=- | cache_used=false path_age=- path_points=0 planning_time_ms=0.1 | reason=no_static_obstacle_in_range | cache_reason=no_cache
1786797423.273 [STATIC_AVOID] obs_id=- obs_dist=-m obs_s=- ego_s=23.42 side=- | left_clearance=- right_clearance=- candidate_valid=false rung=- | cache_used=false path_age=- path_points=0 planning_time_ms=2.4 | reason=no_static_obstacle_in_range | cache_reason=no_cache
1786797423.801 [STATIC_AVOID] obs_id=- obs_dist=-m obs_s=- ego_s=23.42 side=- | left_clearance=- right_clearance=- candidate_valid=false rung=- | cache_used=false path_age=- path_points=0 planning_time_ms=0.1 | reason=no_static_obstacle_in_range | cache_reason=no_cache
1786797424.325 [STATIC_AVOID] obs_id=- obs_dist=-m obs_s=- ego_s=23.43 side=- | left_clearance=- right_clearance=- candidate_valid=false rung=- | cache_used=false path_age=- path_points=0 planning_time_ms=1.0 | reason=no_static_obstacle_in_range | cache_reason=no_cache
1786797424.869 [STATIC_AVOID] obs_id=- obs_dist=-m obs_s=- ego_s=23.42 side=- | left_clearance=- right_clearance=- candidate_valid=false rung=- | cache_used=false path_age=- path_points=0 planning_time_ms=0.1 | reason=no_static_obstacle_in_range | cache_reason=no_cache
1786797425.401 [STATIC_AVOID] obs_id=- obs_dist=-m obs_s=- ego_s=23.42 side=- | left_clearance=- right_clearance=- candidate_valid=false rung=- | cache_used=false path_age=- path_points=0 planning_time_ms=0.1 | reason=no_static_obstacle_in_range | cache_reason=no_cache
1786797425.956 [STATIC_AVOID] obs_id=- obs_dist=-m obs_s=- ego_s=23.43 side=- | left_clearance=- right_clearance=- candidate_valid=false rung=- | cache_used=false path_age=- path_points=0 planning_time_ms=1.4 | reason=no_static_obstacle_in_range | cache_reason=no_cache
1786797426.504 [STATIC_AVOID] obs_id=- obs_dist=-m obs_s=- ego_s=23.43 side=- | left_clearance=- right_clearance=- candidate_valid=false rung=- | cache_used=false path_age=- path_points=0 planning_time_ms=0.1 | reason=no_static_obstacle_in_range | cache_reason=no_cache
1786797427.058 [STATIC_AVOID] obs_id=- obs_dist=-m obs_s=- ego_s=23.42 side=- | left_clearance=- right_clearance=- candidate_valid=false rung=- | cache_used=false path_age=- path_points=0 planning_time_ms=0.1 | reason=no_static_obstacle_in_range | cache_reason=no_cache
1786797427.610 [STATIC_AVOID] obs_id=- obs_dist=-m obs_s=- ego_s=23.42 side=- | left_clearance=- right_clearance=- candidate_valid=false rung=- | cache_used=false path_age=- path_points=0 planning_time_ms=0.1 | reason=no_static_obstacle_in_range | cache_reason=no_cache
1786797428.152 [STATIC_AVOID] obs_id=- obs_dist=-m obs_s=- ego_s=23.42 side=- | left_clearance=- right_clearance=- candidate_valid=false rung=- | cache_used=false path_age=- path_points=0 planning_time_ms=0.1 | reason=no_static_obstacle_in_range | cache_reason=no_cache
1786797428.654 [STATIC_AVOID] obs_id=- obs_dist=-m obs_s=- ego_s=23.42 side=- | left_clearance=- right_clearance=- candidate_valid=false rung=- | cache_used=false path_age=- path_points=0 planning_time_ms=0.1 | reason=no_static_obstacle_in_range | cache_reason=no_cache
1786797429.202 [STATIC_AVOID] obs_id=- obs_dist=-m obs_s=- ego_s=23.43 side=- | left_clearance=- right_clearance=- candidate_valid=false rung=- | cache_used=false path_age=- path_points=0 planning_time_ms=0.2 | reason=no_static_obstacle_in_range | cache_reason=no_cache
1786797429.712 [STATIC_AVOID] obs_id=- obs_dist=-m obs_s=- ego_s=23.42 side=- | left_clearance=- right_clearance=- candidate_valid=false rung=- | cache_used=false path_age=- path_points=0 planning_time_ms=0.1 | reason=no_static_obstacle_in_range | cache_reason=no_cache
1786797430.251 [STATIC_AVOID] obs_id=- obs_dist=-m obs_s=- ego_s=23.43 side=- | left_clearance=- right_clearance=- candidate_valid=false rung=- | cache_used=false path_age=- path_points=0 planning_time_ms=0.1 | reason=no_static_obstacle_in_range | cache_reason=no_cache
1786797430.753 [STATIC_AVOID] obs_id=- obs_dist=-m obs_s=- ego_s=23.42 side=- | left_clearance=- right_clearance=- candidate_valid=false rung=- | cache_used=false path_age=- path_points=0 planning_time_ms=0.1 | reason=no_static_obstacle_in_range | cache_reason=no_cache
1786797431.260 [STATIC_AVOID] obs_id=- obs_dist=-m obs_s=- ego_s=23.42 side=- | left_clearance=- right_clearance=- candidate_valid=false rung=- | cache_used=false path_age=- path_points=0 planning_time_ms=0.1 | reason=no_static_obstacle_in_range | cache_reason=no_cache
1786797431.810 [STATIC_AVOID] obs_id=- obs_dist=-m obs_s=- ego_s=23.42 side=- | left_clearance=- right_clearance=- candidate_valid=false rung=- | cache_used=false path_age=- path_points=0 planning_time_ms=1.5 | reason=no_static_obstacle_in_range | cache_reason=no_cache
1786797432.333 [STATIC_AVOID] obs_id=- obs_dist=-m obs_s=- ego_s=23.42 side=- | left_clearance=- right_clearance=- candidate_valid=false rung=- | cache_used=false path_age=- path_points=0 planning_time_ms=12.5 | reason=no_static_obstacle_in_range | cache_reason=no_cache
1786797432.865 [STATIC_AVOID] obs_id=- obs_dist=-m obs_s=- ego_s=23.42 side=- | left_clearance=- right_clearance=- candidate_valid=false rung=- | cache_used=false path_age=- path_points=0 planning_time_ms=0.1 | reason=no_static_obstacle_in_range | cache_reason=no_cache
1786797433.400 [STATIC_AVOID] obs_id=- obs_dist=-m obs_s=- ego_s=23.60 side=- | left_clearance=- right_clearance=- candidate_valid=false rung=- | cache_used=false path_age=- path_points=0 planning_time_ms=0.1 | reason=no_static_obstacle_in_range | cache_reason=no_cache
1786797433.911 [STATIC_AVOID] obs_id=- obs_dist=-m obs_s=- ego_s=25.01 side=- | left_clearance=- right_clearance=- candidate_valid=false rung=- | cache_used=false path_age=- path_points=0 planning_time_ms=0.1 | reason=no_static_obstacle_in_range | cache_reason=no_cache
1786797434.435 [STATIC_AVOID] obs_id=- obs_dist=-m obs_s=- ego_s=26.46 side=- | left_clearance=- right_clearance=- candidate_valid=false rung=- | cache_used=false path_age=- path_points=0 planning_time_ms=0.1 | reason=no_static_obstacle_in_range | cache_reason=no_cache
1786797434.964 [STATIC_AVOID] obs_id=- obs_dist=-m obs_s=- ego_s=28.45 side=- | left_clearance=- right_clearance=- candidate_valid=false rung=- | cache_used=false path_age=- path_points=0 planning_time_ms=0.1 | reason=no_static_obstacle_in_range | cache_reason=no_cache
1786797435.514 [STATIC_AVOID] obs_id=- obs_dist=-m obs_s=- ego_s=30.08 side=- | left_clearance=- right_clearance=- candidate_valid=false rung=- | cache_used=false path_age=- path_points=0 planning_time_ms=0.1 | reason=no_static_obstacle_in_range | cache_reason=no_cache
1786797436.076 [STATIC_AVOID] obs_id=23 obs_dist=0.58m obs_s=32.26 ego_s=31.68 side=RIGHT | left_clearance=0.10 right_clearance=0.41 candidate_valid=true rung=0 | cache_used=false path_age=0.000 path_points=81 planning_time_ms=11.8
1786797436.608 [STATIC_AVOID] obs_id=- obs_dist=-m obs_s=- ego_s=33.07 side=- | left_clearance=- right_clearance=- candidate_valid=false rung=- | cache_used=false path_age=- path_points=0 planning_time_ms=0.1 | reason=no_static_obstacle_in_range | cache_reason=no_cache
1786797437.151 [STATIC_AVOID] obs_id=- obs_dist=-m obs_s=- ego_s=0.17 side=- | left_clearance=- right_clearance=- candidate_valid=false rung=- | cache_used=false path_age=- path_points=0 planning_time_ms=0.1 | reason=no_static_obstacle_in_range | cache_reason=no_cache
1786797437.659 [STATIC_AVOID] obs_id=- obs_dist=-m obs_s=- ego_s=0.63 side=- | left_clearance=- right_clearance=- candidate_valid=false rung=- | cache_used=false path_age=- path_points=0 planning_time_ms=0.1 | reason=no_static_obstacle_in_range | cache_reason=no_cache
1786797438.172 [STATIC_AVOID] obs_id=- obs_dist=-m obs_s=- ego_s=2.16 side=- | left_clearance=- right_clearance=- candidate_valid=false rung=- | cache_used=false path_age=- path_points=0 planning_time_ms=0.1 | reason=no_static_obstacle_in_range | cache_reason=no_cache
1786797438.719 [STATIC_AVOID] obs_id=24 obs_dist=5.43m obs_s=7.87 ego_s=2.44 side=LEFT | left_clearance=0.44 right_clearance=0.30 candidate_valid=true rung=0 | cache_used=false path_age=0.000 path_points=110 planning_time_ms=19.3
1786797439.279 [STATIC_AVOID] obs_id=24 obs_dist=5.49m obs_s=7.92 ego_s=2.44 side=RIGHT | left_clearance=0.43 right_clearance=0.27 candidate_valid=true rung=1 | cache_used=false path_age=0.000 path_points=110 planning_time_ms=22.4
1786797439.803 [STATIC_AVOID] obs_id=24 obs_dist=5.49m obs_s=7.92 ego_s=2.43 side=RIGHT | left_clearance=0.44 right_clearance=0.28 candidate_valid=true rung=1 | cache_used=false path_age=0.000 path_points=110 planning_time_ms=5.8
1786797440.330 [STATIC_AVOID] obs_id=24 obs_dist=5.48m obs_s=7.92 ego_s=2.44 side=RIGHT | left_clearance=0.45 right_clearance=0.27 candidate_valid=true rung=1 | cache_used=false path_age=0.000 path_points=110 planning_time_ms=29.1
1786797440.922 [STATIC_AVOID] obs_id=24 obs_dist=5.48m obs_s=7.92 ego_s=2.43 side=RIGHT | left_clearance=0.46 right_clearance=0.26 candidate_valid=true rung=1 | cache_used=false path_age=0.000 path_points=110 planning_time_ms=5.9
1786797441.455 [STATIC_AVOID] obs_id=24 obs_dist=5.48m obs_s=7.92 ego_s=2.44 side=RIGHT | left_clearance=0.46 right_clearance=0.25 candidate_valid=false rung=- | cache_used=false path_age=- path_points=0 planning_time_ms=13.7 | reason=obstacle_clearance | cache_reason=cache_collision
1786797441.982 [STATIC_AVOID] obs_id=24 obs_dist=5.46m obs_s=7.92 ego_s=2.46 side=RIGHT | left_clearance=0.48 right_clearance=0.26 candidate_valid=false rung=- | cache_used=false path_age=- path_points=0 planning_time_ms=13.9 | reason=obstacle_clearance | cache_reason=no_cache
1786797442.555 [STATIC_AVOID] obs_id=24 obs_dist=5.43m obs_s=7.92 ego_s=2.49 side=LEFT | left_clearance=0.48 right_clearance=0.26 candidate_valid=true rung=0 | cache_used=false path_age=0.000 path_points=110 planning_time_ms=16.2
1786797443.115 [STATIC_AVOID] obs_id=24 obs_dist=5.54m obs_s=7.92 ego_s=2.38 side=LEFT | left_clearance=0.48 right_clearance=0.25 candidate_valid=true rung=0 | cache_used=false path_age=0.000 path_points=111 planning_time_ms=19.4
1786797443.646 [STATIC_AVOID] obs_id=29 obs_dist=0.81m obs_s=2.65 ego_s=1.84 side=LEFT | left_clearance=0.62 right_clearance=-0.17 candidate_valid=true rung=0 | cache_used=false path_age=0.000 path_points=81 planning_time_ms=10.1
1786797444.162 [STATIC_AVOID] obs_id=29 obs_dist=0.97m obs_s=2.59 ego_s=1.63 side=LEFT | left_clearance=0.56 right_clearance=-0.10 candidate_valid=true rung=0 | cache_used=false path_age=0.000 path_points=81 planning_time_ms=6.1
1786797444.667 [STATIC_AVOID] obs_id=29 obs_dist=0.92m obs_s=2.55 ego_s=1.63 side=LEFT | left_clearance=0.53 right_clearance=-0.09 candidate_valid=false rung=- | cache_used=false path_age=- path_points=0 planning_time_ms=7.8 | reason=obstacle_clearance | cache_reason=no_cache
1786797445.217 [STATIC_AVOID] obs_id=29 obs_dist=0.91m obs_s=2.55 ego_s=1.64 side=LEFT | left_clearance=0.54 right_clearance=-0.07 candidate_valid=false rung=- | cache_used=false path_age=- path_points=0 planning_time_ms=13.3 | reason=obstacle_clearance | cache_reason=no_cache
1786797445.771 [STATIC_AVOID] obs_id=29 obs_dist=0.91m obs_s=2.55 ego_s=1.64 side=LEFT | left_clearance=0.54 right_clearance=-0.07 candidate_valid=false rung=- | cache_used=false path_age=- path_points=0 planning_time_ms=15.4 | reason=obstacle_clearance | cache_reason=no_cache
1786797446.323 [STATIC_AVOID] obs_id=29 obs_dist=0.91m obs_s=2.55 ego_s=1.64 side=LEFT | left_clearance=0.52 right_clearance=-0.09 candidate_valid=false rung=- | cache_used=false path_age=- path_points=0 planning_time_ms=13.7 | reason=obstacle_clearance | cache_reason=no_cache
1786797446.870 [STATIC_AVOID] obs_id=29 obs_dist=0.91m obs_s=2.54 ego_s=1.63 side=LEFT | left_clearance=0.52 right_clearance=-0.08 candidate_valid=false rung=- | cache_used=false path_age=- path_points=0 planning_time_ms=3.1 | reason=obstacle_clearance | cache_reason=no_cache
1786797447.371 [STATIC_AVOID] obs_id=29 obs_dist=0.91m obs_s=2.54 ego_s=1.64 side=LEFT | left_clearance=0.52 right_clearance=-0.08 candidate_valid=false rung=- | cache_used=false path_age=- path_points=0 planning_time_ms=8.2 | reason=obstacle_clearance | cache_reason=no_cache
1786797447.915 [STATIC_AVOID] obs_id=29 obs_dist=0.91m obs_s=2.54 ego_s=1.63 side=LEFT | left_clearance=0.50 right_clearance=-0.11 candidate_valid=false rung=- | cache_used=false path_age=- path_points=0 planning_time_ms=11.0 | reason=obstacle_clearance | cache_reason=no_cache
1786797448.417 [STATIC_AVOID] obs_id=29 obs_dist=0.90m obs_s=2.54 ego_s=1.64 side=LEFT | left_clearance=0.51 right_clearance=-0.09 candidate_valid=false rung=- | cache_used=false path_age=- path_points=0 planning_time_ms=7.0 | reason=obstacle_clearance | cache_reason=no_cache
1786797448.933 [STATIC_AVOID] obs_id=29 obs_dist=0.91m obs_s=2.55 ego_s=1.63 side=LEFT | left_clearance=0.53 right_clearance=-0.07 candidate_valid=false rung=- | cache_used=true path_age=0.218 path_points=81 planning_time_ms=11.6 | reason=obstacle_clearance
1786797449.462 [STATIC_AVOID] obs_id=- obs_dist=-m obs_s=- ego_s=1.63 side=- | left_clearance=- right_clearance=- candidate_valid=false rung=- | cache_used=false path_age=- path_points=0 planning_time_ms=1.0 | reason=no_static_obstacle_in_range | cache_reason=no_cache
1786797450.011 [STATIC_AVOID] obs_id=- obs_dist=-m obs_s=- ego_s=1.63 side=- | left_clearance=- right_clearance=- candidate_valid=false rung=- | cache_used=false path_age=- path_points=0 planning_time_ms=0.1 | reason=no_static_obstacle_in_range | cache_reason=no_cache
1786797450.533 [STATIC_AVOID] obs_id=- obs_dist=-m obs_s=- ego_s=1.63 side=- | left_clearance=- right_clearance=- candidate_valid=false rung=- | cache_used=false path_age=- path_points=0 planning_time_ms=0.1 | reason=no_static_obstacle_in_range | cache_reason=no_cache
1786797451.055 [STATIC_AVOID] obs_id=- obs_dist=-m obs_s=- ego_s=1.63 side=- | left_clearance=- right_clearance=- candidate_valid=false rung=- | cache_used=false path_age=- path_points=0 planning_time_ms=0.1 | reason=no_static_obstacle_in_range | cache_reason=no_cache
1786797451.618 [STATIC_AVOID] obs_id=- obs_dist=-m obs_s=- ego_s=1.64 side=- | left_clearance=- right_clearance=- candidate_valid=false rung=- | cache_used=false path_age=- path_points=0 planning_time_ms=0.2 | reason=no_static_obstacle_in_range | cache_reason=no_cache
1786797452.150 [STATIC_AVOID] obs_id=- obs_dist=-m obs_s=- ego_s=1.64 side=- | left_clearance=- right_clearance=- candidate_valid=false rung=- | cache_used=false path_age=- path_points=0 planning_time_ms=0.1 | reason=no_static_obstacle_in_range | cache_reason=no_cache
1786797452.653 [STATIC_AVOID] obs_id=- obs_dist=-m obs_s=- ego_s=1.64 side=- | left_clearance=- right_clearance=- candidate_valid=false rung=- | cache_used=false path_age=- path_points=0 planning_time_ms=0.1 | reason=no_static_obstacle_in_range | cache_reason=no_cache
1786797453.182 [STATIC_AVOID] obs_id=24 obs_dist=5.79m obs_s=7.84 ego_s=2.05 side=LEFT | left_clearance=0.55 right_clearance=0.20 candidate_valid=true rung=2 | cache_used=false path_age=0.000 path_points=119 planning_time_ms=23.1
1786797453.724 [STATIC_AVOID] obs_id=24 obs_dist=4.76m obs_s=7.84 ego_s=3.08 side=LEFT | left_clearance=0.54 right_clearance=0.20 candidate_valid=false rung=- | cache_used=true path_age=0.094 path_points=106 planning_time_ms=19.6 | reason=obstacle_clearance
1786797454.231 [STATIC_AVOID] obs_id=24 obs_dist=4.31m obs_s=7.84 ego_s=3.52 side=LEFT | left_clearance=0.53 right_clearance=0.20 candidate_valid=true rung=0 | cache_used=false path_age=0.000 path_points=99 planning_time_ms=3.2
1786797454.752 [STATIC_AVOID] obs_id=24 obs_dist=3.15m obs_s=7.83 ego_s=4.68 side=LEFT | left_clearance=0.36 right_clearance=0.21 candidate_valid=true rung=0 | cache_used=false path_age=0.000 path_points=95 planning_time_ms=22.3
1786797455.262 [STATIC_AVOID] obs_id=24 obs_dist=1.93m obs_s=7.83 ego_s=5.90 side=LEFT | left_clearance=0.36 right_clearance=0.21 candidate_valid=true rung=0 | cache_used=false path_age=0.000 path_points=83 planning_time_ms=14.2
1786797455.791 [STATIC_AVOID] obs_id=24 obs_dist=0.63m obs_s=7.83 ego_s=7.20 side=LEFT | left_clearance=0.41 right_clearance=0.23 candidate_valid=true rung=0 | cache_used=false path_age=0.000 path_points=81 planning_time_ms=21.7
1786797456.299 [STATIC_AVOID] obs_id=30 obs_dist=-0.62m obs_s=8.08 ego_s=8.70 side=LEFT | left_clearance=0.34 right_clearance=-0.10 candidate_valid=true rung=0 | cache_used=false path_age=0.000 path_points=81 planning_time_ms=5.9
1786797456.807 [STATIC_AVOID] obs_id=- obs_dist=-m obs_s=- ego_s=10.04 side=- | left_clearance=- right_clearance=- candidate_valid=false rung=- | cache_used=false path_age=- path_points=0 planning_time_ms=0.1 | reason=no_static_obstacle_in_range | cache_reason=no_cache
1786797457.356 [STATIC_AVOID] obs_id=- obs_dist=-m obs_s=- ego_s=11.53 side=- | left_clearance=- right_clearance=- candidate_valid=false rung=- | cache_used=false path_age=- path_points=0 planning_time_ms=0.1 | reason=no_static_obstacle_in_range | cache_reason=no_cache
1786797457.869 [STATIC_AVOID] obs_id=- obs_dist=-m obs_s=- ego_s=12.55 side=- | left_clearance=- right_clearance=- candidate_valid=false rung=- | cache_used=false path_age=- path_points=0 planning_time_ms=0.1 | reason=no_static_obstacle_in_range | cache_reason=no_cache
1786797458.400 [STATIC_AVOID] obs_id=- obs_dist=-m obs_s=- ego_s=14.27 side=- | left_clearance=- right_clearance=- candidate_valid=false rung=- | cache_used=false path_age=- path_points=0 planning_time_ms=0.1 | reason=no_static_obstacle_in_range | cache_reason=no_cache
1786797458.903 [STATIC_AVOID] obs_id=- obs_dist=-m obs_s=- ego_s=15.61 side=- | left_clearance=- right_clearance=- candidate_valid=false rung=- | cache_used=false path_age=- path_points=0 planning_time_ms=0.1 | reason=no_static_obstacle_in_range | cache_reason=no_cache
1786797459.410 [STATIC_AVOID] obs_id=32 obs_dist=5.11m obs_s=21.45 ego_s=16.34 side=RIGHT | left_clearance=0.22 right_clearance=0.53 candidate_valid=true rung=0 | cache_used=false path_age=0.000 path_points=110 planning_time_ms=4.5
1786797459.935 [STATIC_AVOID] obs_id=32 obs_dist=4.11m obs_s=21.43 ego_s=17.32 side=RIGHT | left_clearance=0.20 right_clearance=0.49 candidate_valid=true rung=0 | cache_used=false path_age=0.000 path_points=100 planning_time_ms=7.4
1786797460.460 [STATIC_AVOID] obs_id=32 obs_dist=2.14m obs_s=21.39 ego_s=19.25 side=RIGHT | left_clearance=0.29 right_clearance=0.45 candidate_valid=true rung=0 | cache_used=false path_age=0.000 path_points=86 planning_time_ms=5.6
1786797460.970 [STATIC_AVOID] obs_id=32 obs_dist=0.67m obs_s=21.38 ego_s=20.71 side=RIGHT | left_clearance=0.21 right_clearance=0.43 candidate_valid=true rung=0 | cache_used=false path_age=0.000 path_points=81 planning_time_ms=17.5
1786797461.503 [STATIC_AVOID] obs_id=- obs_dist=-m obs_s=- ego_s=22.83 side=- | left_clearance=- right_clearance=- candidate_valid=false rung=- | cache_used=false path_age=- path_points=0 planning_time_ms=0.1 | reason=no_static_obstacle_in_range | cache_reason=no_cache
1786797462.015 [STATIC_AVOID] obs_id=- obs_dist=-m obs_s=- ego_s=24.13 side=- | left_clearance=- right_clearance=- candidate_valid=false rung=- | cache_used=false path_age=- path_points=0 planning_time_ms=0.1 | reason=no_static_obstacle_in_range | cache_reason=no_cache
1786797462.578 [STATIC_AVOID] obs_id=- obs_dist=-m obs_s=- ego_s=25.96 side=- | left_clearance=- right_clearance=- candidate_valid=false rung=- | cache_used=false path_age=- path_points=0 planning_time_ms=1.3 | reason=no_static_obstacle_in_range | cache_reason=no_cache
1786797463.110 [STATIC_AVOID] obs_id=- obs_dist=-m obs_s=- ego_s=28.00 side=- | left_clearance=- right_clearance=- candidate_valid=false rung=- | cache_used=false path_age=- path_points=0 planning_time_ms=0.1 | reason=no_static_obstacle_in_range | cache_reason=no_cache
1786797463.654 [STATIC_AVOID] obs_id=- obs_dist=-m obs_s=- ego_s=29.88 side=- | left_clearance=- right_clearance=- candidate_valid=false rung=- | cache_used=false path_age=- path_points=0 planning_time_ms=0.1 | reason=no_static_obstacle_in_range | cache_reason=no_cache
1786797464.201 [STATIC_AVOID] obs_id=- obs_dist=-m obs_s=- ego_s=31.72 side=- | left_clearance=- right_clearance=- candidate_valid=false rung=- | cache_used=false path_age=- path_points=0 planning_time_ms=0.1 | reason=no_static_obstacle_in_range | cache_reason=no_cache
1786797464.750 [STATIC_AVOID] obs_id=- obs_dist=-m obs_s=- ego_s=33.53 side=- | left_clearance=- right_clearance=- candidate_valid=false rung=- | cache_used=false path_age=- path_points=0 planning_time_ms=0.1 | reason=no_static_obstacle_in_range | cache_reason=no_cache
1786797465.253 [STATIC_AVOID] obs_id=- obs_dist=-m obs_s=- ego_s=0.70 side=- | left_clearance=- right_clearance=- candidate_valid=false rung=- | cache_used=false path_age=- path_points=0 planning_time_ms=0.1 | reason=no_static_obstacle_in_range | cache_reason=no_cache
1786797465.767 [STATIC_AVOID] obs_id=- obs_dist=-m obs_s=- ego_s=2.13 side=- | left_clearance=- right_clearance=- candidate_valid=false rung=- | cache_used=false path_age=- path_points=0 planning_time_ms=0.2 | reason=no_static_obstacle_in_range | cache_reason=no_cache
1786797466.280 [STATIC_AVOID] obs_id=33 obs_dist=5.12m obs_s=8.12 ego_s=3.00 side=LEFT | left_clearance=0.71 right_clearance=-0.04 candidate_valid=true rung=0 | cache_used=false path_age=0.000 path_points=107 planning_time_ms=6.1
1786797466.819 [STATIC_AVOID] obs_id=33 obs_dist=3.72m obs_s=8.11 ego_s=4.40 side=LEFT | left_clearance=0.25 right_clearance=0.01 candidate_valid=true rung=0 | cache_used=false path_age=0.000 path_points=104 planning_time_ms=6.4
1786797467.325 [STATIC_AVOID] obs_id=33 obs_dist=2.26m obs_s=8.10 ego_s=5.84 side=LEFT | left_clearance=0.20 right_clearance=0.01 candidate_valid=true rung=2 | cache_used=false path_age=0.000 path_points=101 planning_time_ms=25.9
1786797467.839 [STATIC_AVOID] obs_id=33 obs_dist=0.77m obs_s=8.10 ego_s=7.32 side=LEFT | left_clearance=0.40 right_clearance=-0.08 candidate_valid=true rung=0 | cache_used=false path_age=0.000 path_points=81 planning_time_ms=18.9
1786797468.383 [STATIC_AVOID] obs_id=33 obs_dist=-0.47m obs_s=8.09 ego_s=8.56 side=LEFT | left_clearance=0.06 right_clearance=-0.06 candidate_valid=true rung=0 | cache_used=false path_age=0.000 path_points=81 planning_time_ms=13.3
1786797468.904 [STATIC_AVOID] obs_id=- obs_dist=-m obs_s=- ego_s=10.54 side=- | left_clearance=- right_clearance=- candidate_valid=false rung=- | cache_used=false path_age=- path_points=0 planning_time_ms=0.1 | reason=no_static_obstacle_in_range | cache_reason=no_cache
1786797469.459 [STATIC_AVOID] obs_id=- obs_dist=-m obs_s=- ego_s=12.11 side=- | left_clearance=- right_clearance=- candidate_valid=false rung=- | cache_used=false path_age=- path_points=0 planning_time_ms=0.1 | reason=no_static_obstacle_in_range | cache_reason=no_cache
1786797470.007 [STATIC_AVOID] obs_id=- obs_dist=-m obs_s=- ego_s=13.70 side=- | left_clearance=- right_clearance=- candidate_valid=false rung=- | cache_used=false path_age=- path_points=0 planning_time_ms=0.1 | reason=no_static_obstacle_in_range | cache_reason=no_cache
1786797470.559 [STATIC_AVOID] obs_id=- obs_dist=-m obs_s=- ego_s=15.38 side=- | left_clearance=- right_clearance=- candidate_valid=false rung=- | cache_used=false path_age=- path_points=0 planning_time_ms=6.5 | reason=no_static_obstacle_in_range | cache_reason=no_cache
1786797471.074 [STATIC_AVOID] obs_id=35 obs_dist=5.19m obs_s=21.45 ego_s=16.26 side=RIGHT | left_clearance=0.21 right_clearance=0.50 candidate_valid=true rung=0 | cache_used=false path_age=0.000 path_points=111 planning_time_ms=16.4
1786797471.609 [STATIC_AVOID] obs_id=35 obs_dist=3.95m obs_s=21.39 ego_s=17.45 side=RIGHT | left_clearance=0.23 right_clearance=0.48 candidate_valid=true rung=0 | cache_used=false path_age=0.000 path_points=101 planning_time_ms=4.5
1786797472.157 [STATIC_AVOID] obs_id=35 obs_dist=2.26m obs_s=21.29 ego_s=19.02 side=RIGHT | left_clearance=0.20 right_clearance=0.44 candidate_valid=true rung=0 | cache_used=false path_age=0.000 path_points=90 planning_time_ms=10.6
1786797472.716 [STATIC_AVOID] obs_id=- obs_dist=-m obs_s=- ego_s=21.08 side=- | left_clearance=- right_clearance=- candidate_valid=false rung=- | cache_used=false path_age=- path_points=0 planning_time_ms=0.1 | reason=no_static_obstacle_in_range | cache_reason=no_cache
1786797473.274 [STATIC_AVOID] obs_id=- obs_dist=-m obs_s=- ego_s=23.12 side=- | left_clearance=- right_clearance=- candidate_valid=false rung=- | cache_used=false path_age=- path_points=0 planning_time_ms=0.2 | reason=no_static_obstacle_in_range | cache_reason=no_cache
1786797473.800 [STATIC_AVOID] obs_id=- obs_dist=-m obs_s=- ego_s=24.81 side=- | left_clearance=- right_clearance=- candidate_valid=false rung=- | cache_used=false path_age=- path_points=0 planning_time_ms=0.1 | reason=no_static_obstacle_in_range | cache_reason=no_cache
1786797474.314 [STATIC_AVOID] obs_id=- obs_dist=-m obs_s=- ego_s=26.59 side=- | left_clearance=- right_clearance=- candidate_valid=false rung=- | cache_used=false path_age=- path_points=0 planning_time_ms=2.7 | reason=no_static_obstacle_in_range | cache_reason=no_cache
1786797474.816 [STATIC_AVOID] obs_id=- obs_dist=-m obs_s=- ego_s=28.14 side=- | left_clearance=- right_clearance=- candidate_valid=false rung=- | cache_used=false path_age=- path_points=0 planning_time_ms=0.1 | reason=no_static_obstacle_in_range | cache_reason=no_cache
1786797475.357 [STATIC_AVOID] obs_id=- obs_dist=-m obs_s=- ego_s=29.99 side=- | left_clearance=- right_clearance=- candidate_valid=false rung=- | cache_used=false path_age=- path_points=0 planning_time_ms=0.1 | reason=no_static_obstacle_in_range | cache_reason=no_cache
1786797475.908 [STATIC_AVOID] obs_id=- obs_dist=-m obs_s=- ego_s=31.94 side=- | left_clearance=- right_clearance=- candidate_valid=false rung=- | cache_used=false path_age=- path_points=0 planning_time_ms=0.1 | reason=no_static_obstacle_in_range | cache_reason=no_cache
1786797476.456 [STATIC_AVOID] obs_id=- obs_dist=-m obs_s=- ego_s=33.73 side=- | left_clearance=- right_clearance=- candidate_valid=false rung=- | cache_used=false path_age=- path_points=0 planning_time_ms=0.1 | reason=no_static_obstacle_in_range | cache_reason=no_cache
1786797477.014 [STATIC_AVOID] obs_id=- obs_dist=-m obs_s=- ego_s=0.97 side=- | left_clearance=- right_clearance=- candidate_valid=false rung=- | cache_used=false path_age=- path_points=0 planning_time_ms=0.1 | reason=no_static_obstacle_in_range | cache_reason=no_cache
1786797477.551 [STATIC_AVOID] obs_id=- obs_dist=-m obs_s=- ego_s=2.86 side=- | left_clearance=- right_clearance=- candidate_valid=false rung=- | cache_used=false path_age=- path_points=0 planning_time_ms=0.1 | reason=no_static_obstacle_in_range | cache_reason=no_cache
1786797478.069 [STATIC_AVOID] obs_id=- obs_dist=-m obs_s=- ego_s=4.75 side=- | left_clearance=- right_clearance=- candidate_valid=false rung=- | cache_used=false path_age=- path_points=0 planning_time_ms=0.2 | reason=no_static_obstacle_in_range | cache_reason=no_cache
1786797478.601 [STATIC_AVOID] obs_id=- obs_dist=-m obs_s=- ego_s=6.36 side=- | left_clearance=- right_clearance=- candidate_valid=false rung=- | cache_used=false path_age=- path_points=0 planning_time_ms=0.3 | reason=no_static_obstacle_in_range | cache_reason=no_cache
1786797479.109 [STATIC_AVOID] obs_id=- obs_dist=-m obs_s=- ego_s=8.05 side=- | left_clearance=- right_clearance=- candidate_valid=false rung=- | cache_used=false path_age=- path_points=0 planning_time_ms=0.1 | reason=no_static_obstacle_in_range | cache_reason=no_cache
1786797479.661 [STATIC_AVOID] obs_id=- obs_dist=-m obs_s=- ego_s=10.02 side=- | left_clearance=- right_clearance=- candidate_valid=false rung=- | cache_used=false path_age=- path_points=0 planning_time_ms=0.1 | reason=no_static_obstacle_in_range | cache_reason=no_cache
1786797480.200 [STATIC_AVOID] obs_id=- obs_dist=-m obs_s=- ego_s=11.45 side=- | left_clearance=- right_clearance=- candidate_valid=false rung=- | cache_used=false path_age=- path_points=0 planning_time_ms=0.1 | reason=no_static_obstacle_in_range | cache_reason=no_cache
1786797480.716 [STATIC_AVOID] obs_id=- obs_dist=-m obs_s=- ego_s=12.82 side=- | left_clearance=- right_clearance=- candidate_valid=false rung=- | cache_used=false path_age=- path_points=0 planning_time_ms=0.1 | reason=no_static_obstacle_in_range | cache_reason=no_cache
1786797481.220 [STATIC_AVOID] obs_id=- obs_dist=-m obs_s=- ego_s=14.30 side=- | left_clearance=- right_clearance=- candidate_valid=false rung=- | cache_used=false path_age=- path_points=0 planning_time_ms=0.1 | reason=no_static_obstacle_in_range | cache_reason=no_cache
1786797481.755 [STATIC_AVOID] obs_id=- obs_dist=-m obs_s=- ego_s=15.75 side=- | left_clearance=- right_clearance=- candidate_valid=false rung=- | cache_used=false path_age=- path_points=0 planning_time_ms=0.1 | reason=no_static_obstacle_in_range | cache_reason=no_cache
1786797482.326 [STATIC_AVOID] obs_id=- obs_dist=-m obs_s=- ego_s=16.88 side=- | left_clearance=- right_clearance=- candidate_valid=false rung=- | cache_used=false path_age=- path_points=0 planning_time_ms=0.1 | reason=no_static_obstacle_in_range | cache_reason=no_cache
1786797482.855 [STATIC_AVOID] obs_id=- obs_dist=-m obs_s=- ego_s=18.32 side=- | left_clearance=- right_clearance=- candidate_valid=false rung=- | cache_used=false path_age=- path_points=0 planning_time_ms=0.1 | reason=no_static_obstacle_in_range | cache_reason=no_cache
1786797483.408 [STATIC_AVOID] obs_id=- obs_dist=-m obs_s=- ego_s=20.09 side=- | left_clearance=- right_clearance=- candidate_valid=false rung=- | cache_used=false path_age=- path_points=0 planning_time_ms=0.1 | reason=no_static_obstacle_in_range | cache_reason=no_cache
1786797483.910 [STATIC_AVOID] obs_id=- obs_dist=-m obs_s=- ego_s=21.94 side=- | left_clearance=- right_clearance=- candidate_valid=false rung=- | cache_used=false path_age=- path_points=0 planning_time_ms=0.1 | reason=no_static_obstacle_in_range | cache_reason=no_cache
1786797484.478 [STATIC_AVOID] obs_id=- obs_dist=-m obs_s=- ego_s=24.03 side=- | left_clearance=- right_clearance=- candidate_valid=false rung=- | cache_used=false path_age=- path_points=0 planning_time_ms=0.1 | reason=no_static_obstacle_in_range | cache_reason=no_cache
1786797485.000 [STATIC_AVOID] obs_id=- obs_dist=-m obs_s=- ego_s=24.82 side=- | left_clearance=- right_clearance=- candidate_valid=false rung=- | cache_used=false path_age=- path_points=0 planning_time_ms=0.2 | reason=no_static_obstacle_in_range | cache_reason=no_cache
1786797485.502 [STATIC_AVOID] obs_id=- obs_dist=-m obs_s=- ego_s=24.82 side=- | left_clearance=- right_clearance=- candidate_valid=false rung=- | cache_used=false path_age=- path_points=0 planning_time_ms=0.2 | reason=no_static_obstacle_in_range | cache_reason=no_cache
1786797486.055 [STATIC_AVOID] obs_id=- obs_dist=-m obs_s=- ego_s=24.82 side=- | left_clearance=- right_clearance=- candidate_valid=false rung=- | cache_used=false path_age=- path_points=0 planning_time_ms=0.2 | reason=no_static_obstacle_in_range | cache_reason=no_cache
1786797486.600 [STATIC_AVOID] obs_id=- obs_dist=-m obs_s=- ego_s=24.82 side=- | left_clearance=- right_clearance=- candidate_valid=false rung=- | cache_used=false path_age=- path_points=0 planning_time_ms=0.2 | reason=no_static_obstacle_in_range | cache_reason=no_cache
1786797487.150 [STATIC_AVOID] obs_id=- obs_dist=-m obs_s=- ego_s=24.82 side=- | left_clearance=- right_clearance=- candidate_valid=false rung=- | cache_used=false path_age=- path_points=0 planning_time_ms=0.1 | reason=no_static_obstacle_in_range | cache_reason=no_cache
1786797487.652 [STATIC_AVOID] obs_id=- obs_dist=-m obs_s=- ego_s=24.82 side=- | left_clearance=- right_clearance=- candidate_valid=false rung=- | cache_used=false path_age=- path_points=0 planning_time_ms=0.2 | reason=no_static_obstacle_in_range | cache_reason=no_cache
1786797488.201 [STATIC_AVOID] obs_id=- obs_dist=-m obs_s=- ego_s=24.82 side=- | left_clearance=- right_clearance=- candidate_valid=false rung=- | cache_used=false path_age=- path_points=0 planning_time_ms=0.2 | reason=no_static_obstacle_in_range | cache_reason=no_cache
1786797488.754 [STATIC_AVOID] obs_id=- obs_dist=-m obs_s=- ego_s=24.82 side=- | left_clearance=- right_clearance=- candidate_valid=false rung=- | cache_used=false path_age=- path_points=0 planning_time_ms=0.1 | reason=no_static_obstacle_in_range | cache_reason=no_cache
1786797489.300 [STATIC_AVOID] obs_id=- obs_dist=-m obs_s=- ego_s=24.82 side=- | left_clearance=- right_clearance=- candidate_valid=false rung=- | cache_used=false path_age=- path_points=0 planning_time_ms=0.1 | reason=no_static_obstacle_in_range | cache_reason=no_cache
1786797489.801 [STATIC_AVOID] obs_id=- obs_dist=-m obs_s=- ego_s=24.82 side=- | left_clearance=- right_clearance=- candidate_valid=false rung=- | cache_used=false path_age=- path_points=0 planning_time_ms=0.2 | reason=no_static_obstacle_in_range | cache_reason=no_cache
1786797490.350 [STATIC_AVOID] obs_id=- obs_dist=-m obs_s=- ego_s=24.82 side=- | left_clearance=- right_clearance=- candidate_valid=false rung=- | cache_used=false path_age=- path_points=0 planning_time_ms=0.1 | reason=no_static_obstacle_in_range | cache_reason=no_cache
1786797490.851 [STATIC_AVOID] obs_id=- obs_dist=-m obs_s=- ego_s=25.19 side=- | left_clearance=- right_clearance=- candidate_valid=false rung=- | cache_used=false path_age=- path_points=0 planning_time_ms=0.1 | reason=no_static_obstacle_in_range | cache_reason=no_cache
1786797491.401 [STATIC_AVOID] obs_id=- obs_dist=-m obs_s=- ego_s=24.85 side=- | left_clearance=- right_clearance=- candidate_valid=false rung=- | cache_used=false path_age=- path_points=0 planning_time_ms=0.1 | reason=no_static_obstacle_in_range | cache_reason=no_cache
1786797491.950 [STATIC_AVOID] obs_id=- obs_dist=-m obs_s=- ego_s=24.85 side=- | left_clearance=- right_clearance=- candidate_valid=false rung=- | cache_used=false path_age=- path_points=0 planning_time_ms=0.2 | reason=no_static_obstacle_in_range | cache_reason=no_cache
1786797492.451 [STATIC_AVOID] obs_id=- obs_dist=-m obs_s=- ego_s=24.85 side=- | left_clearance=- right_clearance=- candidate_valid=false rung=- | cache_used=false path_age=- path_points=0 planning_time_ms=0.1 | reason=no_static_obstacle_in_range | cache_reason=no_cache
1786797492.958 [STATIC_AVOID] obs_id=- obs_dist=-m obs_s=- ego_s=24.85 side=- | left_clearance=- right_clearance=- candidate_valid=false rung=- | cache_used=false path_age=- path_points=0 planning_time_ms=0.1 | reason=no_static_obstacle_in_range | cache_reason=no_cache
1786797493.500 [STATIC_AVOID] obs_id=- obs_dist=-m obs_s=- ego_s=24.85 side=- | left_clearance=- right_clearance=- candidate_valid=false rung=- | cache_used=false path_age=- path_points=0 planning_time_ms=0.1 | reason=no_static_obstacle_in_range | cache_reason=no_cache
1786797494.050 [STATIC_AVOID] obs_id=- obs_dist=-m obs_s=- ego_s=24.85 side=- | left_clearance=- right_clearance=- candidate_valid=false rung=- | cache_used=false path_age=- path_points=0 planning_time_ms=0.1 | reason=no_static_obstacle_in_range | cache_reason=no_cache
1786797494.556 [STATIC_AVOID] obs_id=- obs_dist=-m obs_s=- ego_s=24.85 side=- | left_clearance=- right_clearance=- candidate_valid=false rung=- | cache_used=false path_age=- path_points=0 planning_time_ms=5.7 | reason=no_static_obstacle_in_range | cache_reason=no_cache
1786797495.100 [STATIC_AVOID] obs_id=- obs_dist=-m obs_s=- ego_s=24.85 side=- | left_clearance=- right_clearance=- candidate_valid=false rung=- | cache_used=false path_age=- path_points=0 planning_time_ms=0.1 | reason=no_static_obstacle_in_range | cache_reason=no_cache
1786797495.660 [STATIC_AVOID] obs_id=- obs_dist=-m obs_s=- ego_s=24.85 side=- | left_clearance=- right_clearance=- candidate_valid=false rung=- | cache_used=false path_age=- path_points=0 planning_time_ms=0.2 | reason=no_static_obstacle_in_range | cache_reason=no_cache
1786797496.161 [STATIC_AVOID] obs_id=- obs_dist=-m obs_s=- ego_s=24.85 side=- | left_clearance=- right_clearance=- candidate_valid=false rung=- | cache_used=false path_age=- path_points=0 planning_time_ms=0.1 | reason=no_static_obstacle_in_range | cache_reason=no_cache
1786797496.707 [STATIC_AVOID] obs_id=- obs_dist=-m obs_s=- ego_s=24.85 side=- | left_clearance=- right_clearance=- candidate_valid=false rung=- | cache_used=false path_age=- path_points=0 planning_time_ms=0.1 | reason=no_static_obstacle_in_range | cache_reason=no_cache
1786797497.251 [STATIC_AVOID] obs_id=- obs_dist=-m obs_s=- ego_s=24.85 side=- | left_clearance=- right_clearance=- candidate_valid=false rung=- | cache_used=false path_age=- path_points=0 planning_time_ms=0.1 | reason=no_static_obstacle_in_range | cache_reason=no_cache
1786797497.753 [STATIC_AVOID] obs_id=- obs_dist=-m obs_s=- ego_s=24.85 side=- | left_clearance=- right_clearance=- candidate_valid=false rung=- | cache_used=false path_age=- path_points=0 planning_time_ms=0.2 | reason=no_static_obstacle_in_range | cache_reason=no_cache
1786797498.301 [STATIC_AVOID] obs_id=- obs_dist=-m obs_s=- ego_s=24.85 side=- | left_clearance=- right_clearance=- candidate_valid=false rung=- | cache_used=false path_age=- path_points=0 planning_time_ms=0.1 | reason=no_static_obstacle_in_range | cache_reason=no_cache
1786797498.802 [STATIC_AVOID] obs_id=- obs_dist=-m obs_s=- ego_s=24.85 side=- | left_clearance=- right_clearance=- candidate_valid=false rung=- | cache_used=false path_age=- path_points=0 planning_time_ms=0.1 | reason=no_static_obstacle_in_range | cache_reason=no_cache
1786797499.308 [STATIC_AVOID] obs_id=- obs_dist=-m obs_s=- ego_s=24.85 side=- | left_clearance=- right_clearance=- candidate_valid=false rung=- | cache_used=false path_age=- path_points=0 planning_time_ms=0.1 | reason=no_static_obstacle_in_range | cache_reason=no_cache
1786797499.851 [STATIC_AVOID] obs_id=- obs_dist=-m obs_s=- ego_s=24.85 side=- | left_clearance=- right_clearance=- candidate_valid=false rung=- | cache_used=false path_age=- path_points=0 planning_time_ms=0.1 | reason=no_static_obstacle_in_range | cache_reason=no_cache
1786797500.356 [STATIC_AVOID] obs_id=- obs_dist=-m obs_s=- ego_s=24.85 side=- | left_clearance=- right_clearance=- candidate_valid=false rung=- | cache_used=false path_age=- path_points=0 planning_time_ms=0.2 | reason=no_static_obstacle_in_range | cache_reason=no_cache
1786797500.858 [STATIC_AVOID] obs_id=- obs_dist=-m obs_s=- ego_s=24.85 side=- | left_clearance=- right_clearance=- candidate_valid=false rung=- | cache_used=false path_age=- path_points=0 planning_time_ms=0.1 | reason=no_static_obstacle_in_range | cache_reason=no_cache
1786797501.403 [STATIC_AVOID] obs_id=- obs_dist=-m obs_s=- ego_s=24.85 side=- | left_clearance=- right_clearance=- candidate_valid=false rung=- | cache_used=false path_age=- path_points=0 planning_time_ms=0.2 | reason=no_static_obstacle_in_range | cache_reason=no_cache
1786797501.950 [STATIC_AVOID] obs_id=- obs_dist=-m obs_s=- ego_s=24.85 side=- | left_clearance=- right_clearance=- candidate_valid=false rung=- | cache_used=false path_age=- path_points=0 planning_time_ms=0.1 | reason=no_static_obstacle_in_range | cache_reason=no_cache
1786797502.453 [STATIC_AVOID] obs_id=- obs_dist=-m obs_s=- ego_s=24.85 side=- | left_clearance=- right_clearance=- candidate_valid=false rung=- | cache_used=false path_age=- path_points=0 planning_time_ms=0.1 | reason=no_static_obstacle_in_range | cache_reason=no_cache
1786797503.001 [STATIC_AVOID] obs_id=- obs_dist=-m obs_s=- ego_s=24.85 side=- | left_clearance=- right_clearance=- candidate_valid=false rung=- | cache_used=false path_age=- path_points=0 planning_time_ms=0.1 | reason=no_static_obstacle_in_range | cache_reason=no_cache
1786797503.503 [STATIC_AVOID] obs_id=- obs_dist=-m obs_s=- ego_s=24.85 side=- | left_clearance=- right_clearance=- candidate_valid=false rung=- | cache_used=false path_age=- path_points=0 planning_time_ms=0.1 | reason=no_static_obstacle_in_range | cache_reason=no_cache
1786797504.054 [STATIC_AVOID] obs_id=- obs_dist=-m obs_s=- ego_s=24.85 side=- | left_clearance=- right_clearance=- candidate_valid=false rung=- | cache_used=false path_age=- path_points=0 planning_time_ms=0.1 | reason=no_static_obstacle_in_range | cache_reason=no_cache
1786797504.562 [STATIC_AVOID] obs_id=- obs_dist=-m obs_s=- ego_s=24.85 side=- | left_clearance=- right_clearance=- candidate_valid=false rung=- | cache_used=false path_age=- path_points=0 planning_time_ms=2.4 | reason=no_static_obstacle_in_range | cache_reason=no_cache
