# static_avoidance_node debug log started 20260816_153029
1786861833.849 [STATIC_AVOID] obs_id=- obs_dist=-m obs_s=- ego_s=7.81 side=- | left_clearance=- right_clearance=- candidate_valid=false rung=- | cache_used=false path_age=- path_points=0 planning_time_ms=0.1 | reason=no_static_obstacle_in_range | cache_reason=no_cache
1786861834.350 [STATIC_AVOID] obs_id=- obs_dist=-m obs_s=- ego_s=7.81 side=- | left_clearance=- right_clearance=- candidate_valid=false rung=- | cache_used=false path_age=- path_points=0 planning_time_ms=0.1 | reason=no_static_obstacle_in_range | cache_reason=no_cache
1786861834.905 [STATIC_AVOID] obs_id=- obs_dist=-m obs_s=- ego_s=7.82 side=- | left_clearance=- right_clearance=- candidate_valid=false rung=- | cache_used=false path_age=- path_points=0 planning_time_ms=0.1 | reason=no_static_obstacle_in_range | cache_reason=no_cache
1786861835.406 [STATIC_AVOID] obs_id=- obs_dist=-m obs_s=- ego_s=7.81 side=- | left_clearance=- right_clearance=- candidate_valid=false rung=- | cache_used=false path_age=- path_points=0 planning_time_ms=0.1 | reason=no_static_obstacle_in_range | cache_reason=no_cache
1786861835.911 [STATIC_AVOID] obs_id=- obs_dist=-m obs_s=- ego_s=7.81 side=- | left_clearance=- right_clearance=- candidate_valid=false rung=- | cache_used=false path_age=- path_points=0 planning_time_ms=0.6 | reason=no_static_obstacle_in_range | cache_reason=no_cache
1786861836.463 [STATIC_AVOID] obs_id=- obs_dist=-m obs_s=- ego_s=7.81 side=- | left_clearance=- right_clearance=- candidate_valid=false rung=- | cache_used=false path_age=- path_points=0 planning_time_ms=0.1 | reason=no_static_obstacle_in_range | cache_reason=no_cache
1786861837.000 [STATIC_AVOID] obs_id=- obs_dist=-m obs_s=- ego_s=7.81 side=- | left_clearance=- right_clearance=- candidate_valid=false rung=- | cache_used=false path_age=- path_points=0 planning_time_ms=0.2 | reason=no_static_obstacle_in_range | cache_reason=no_cache
1786861837.510 [STATIC_AVOID] obs_id=- obs_dist=-m obs_s=- ego_s=7.81 side=- | left_clearance=- right_clearance=- candidate_valid=false rung=- | cache_used=false path_age=- path_points=0 planning_time_ms=0.1 | reason=no_static_obstacle_in_range | cache_reason=no_cache
1786861838.015 [STATIC_AVOID] obs_id=- obs_dist=-m obs_s=- ego_s=7.81 side=- | left_clearance=- right_clearance=- candidate_valid=false rung=- | cache_used=false path_age=- path_points=0 planning_time_ms=0.1 | reason=no_static_obstacle_in_range | cache_reason=no_cache
1786861838.557 [STATIC_AVOID] obs_id=- obs_dist=-m obs_s=- ego_s=7.81 side=- | left_clearance=- right_clearance=- candidate_valid=false rung=- | cache_used=false path_age=- path_points=0 planning_time_ms=0.1 | reason=no_static_obstacle_in_range | cache_reason=no_cache
1786861839.058 [STATIC_AVOID] obs_id=- obs_dist=-m obs_s=- ego_s=7.81 side=- | left_clearance=- right_clearance=- candidate_valid=false rung=- | cache_used=false path_age=- path_points=0 planning_time_ms=0.1 | reason=no_static_obstacle_in_range | cache_reason=no_cache
1786861839.606 [STATIC_AVOID] obs_id=- obs_dist=-m obs_s=- ego_s=7.81 side=- | left_clearance=- right_clearance=- candidate_valid=false rung=- | cache_used=false path_age=- path_points=0 planning_time_ms=0.2 | reason=no_static_obstacle_in_range | cache_reason=no_cache
1786861840.161 [STATIC_AVOID] obs_id=- obs_dist=-m obs_s=- ego_s=7.81 side=- | left_clearance=- right_clearance=- candidate_valid=false rung=- | cache_used=false path_age=- path_points=0 planning_time_ms=0.1 | reason=no_static_obstacle_in_range | cache_reason=no_cache
1786861840.714 [STATIC_AVOID] obs_id=- obs_dist=-m obs_s=- ego_s=7.82 side=- | left_clearance=- right_clearance=- candidate_valid=false rung=- | cache_used=false path_age=- path_points=0 planning_time_ms=0.2 | reason=no_static_obstacle_in_range | cache_reason=no_cache
1786861841.269 [STATIC_AVOID] obs_id=- obs_dist=-m obs_s=- ego_s=7.82 side=- | left_clearance=- right_clearance=- candidate_valid=false rung=- | cache_used=false path_age=- path_points=0 planning_time_ms=0.1 | reason=no_static_obstacle_in_range | cache_reason=no_cache
1786861841.809 [STATIC_AVOID] obs_id=- obs_dist=-m obs_s=- ego_s=7.82 side=- | left_clearance=- right_clearance=- candidate_valid=false rung=- | cache_used=false path_age=- path_points=0 planning_time_ms=0.1 | reason=no_static_obstacle_in_range | cache_reason=no_cache
1786861842.312 [STATIC_AVOID] obs_id=- obs_dist=-m obs_s=- ego_s=7.81 side=- | left_clearance=- right_clearance=- candidate_valid=false rung=- | cache_used=false path_age=- path_points=0 planning_time_ms=0.1 | reason=no_static_obstacle_in_range | cache_reason=no_cache
1786861842.850 [STATIC_AVOID] obs_id=- obs_dist=-m obs_s=- ego_s=7.82 side=- | left_clearance=- right_clearance=- candidate_valid=false rung=- | cache_used=false path_age=- path_points=0 planning_time_ms=0.1 | reason=no_static_obstacle_in_range | cache_reason=no_cache
1786861843.361 [STATIC_AVOID] obs_id=- obs_dist=-m obs_s=- ego_s=7.81 side=- | left_clearance=- right_clearance=- candidate_valid=false rung=- | cache_used=false path_age=- path_points=0 planning_time_ms=0.1 | reason=no_static_obstacle_in_range | cache_reason=no_cache
1786861843.910 [STATIC_AVOID] obs_id=- obs_dist=-m obs_s=- ego_s=9.48 side=- | left_clearance=- right_clearance=- candidate_valid=false rung=- | cache_used=false path_age=- path_points=0 planning_time_ms=0.1 | reason=no_static_obstacle_in_range | cache_reason=no_cache
1786861844.455 [STATIC_AVOID] obs_id=- obs_dist=-m obs_s=- ego_s=9.48 side=- | left_clearance=- right_clearance=- candidate_valid=false rung=- | cache_used=false path_age=- path_points=0 planning_time_ms=0.1 | reason=no_static_obstacle_in_range | cache_reason=no_cache
1786861844.968 [STATIC_AVOID] obs_id=- obs_dist=-m obs_s=- ego_s=9.48 side=- | left_clearance=- right_clearance=- candidate_valid=false rung=- | cache_used=false path_age=- path_points=0 planning_time_ms=0.1 | reason=no_static_obstacle_in_range | cache_reason=no_cache
1786861845.499 [STATIC_AVOID] obs_id=- obs_dist=-m obs_s=- ego_s=9.48 side=- | left_clearance=- right_clearance=- candidate_valid=false rung=- | cache_used=false path_age=- path_points=0 planning_time_ms=0.1 | reason=no_static_obstacle_in_range | cache_reason=no_cache
1786861846.006 [STATIC_AVOID] obs_id=- obs_dist=-m obs_s=- ego_s=9.48 side=- | left_clearance=- right_clearance=- candidate_valid=false rung=- | cache_used=false path_age=- path_points=0 planning_time_ms=0.1 | reason=no_static_obstacle_in_range | cache_reason=no_cache
1786861846.511 [STATIC_AVOID] obs_id=- obs_dist=-m obs_s=- ego_s=9.48 side=- | left_clearance=- right_clearance=- candidate_valid=false rung=- | cache_used=false path_age=- path_points=0 planning_time_ms=0.1 | reason=no_static_obstacle_in_range | cache_reason=no_cache
1786861847.055 [STATIC_AVOID] obs_id=- obs_dist=-m obs_s=- ego_s=9.48 side=- | left_clearance=- right_clearance=- candidate_valid=false rung=- | cache_used=false path_age=- path_points=0 planning_time_ms=0.1 | reason=no_static_obstacle_in_range | cache_reason=no_cache
1786861847.563 [STATIC_AVOID] obs_id=- obs_dist=-m obs_s=- ego_s=9.48 side=- | left_clearance=- right_clearance=- candidate_valid=false rung=- | cache_used=false path_age=- path_points=0 planning_time_ms=0.1 | reason=no_static_obstacle_in_range | cache_reason=no_cache
1786861848.076 [STATIC_AVOID] obs_id=- obs_dist=-m obs_s=- ego_s=9.48 side=- | left_clearance=- right_clearance=- candidate_valid=false rung=- | cache_used=false path_age=- path_points=0 planning_time_ms=0.1 | reason=no_static_obstacle_in_range | cache_reason=no_cache
1786861848.614 [STATIC_AVOID] obs_id=- obs_dist=-m obs_s=- ego_s=28.98 side=- | left_clearance=- right_clearance=- candidate_valid=false rung=- | cache_used=false path_age=- path_points=0 planning_time_ms=0.1 | reason=no_static_obstacle_in_range | cache_reason=no_cache
1786861849.115 [STATIC_AVOID] obs_id=- obs_dist=-m obs_s=- ego_s=28.98 side=- | left_clearance=- right_clearance=- candidate_valid=false rung=- | cache_used=false path_age=- path_points=0 planning_time_ms=0.1 | reason=no_static_obstacle_in_range | cache_reason=no_cache
1786861849.656 [STATIC_AVOID] obs_id=- obs_dist=-m obs_s=- ego_s=28.98 side=- | left_clearance=- right_clearance=- candidate_valid=false rung=- | cache_used=false path_age=- path_points=0 planning_time_ms=3.8 | reason=no_static_obstacle_in_range | cache_reason=no_cache
1786861850.158 [STATIC_AVOID] obs_id=- obs_dist=-m obs_s=- ego_s=28.98 side=- | left_clearance=- right_clearance=- candidate_valid=false rung=- | cache_used=false path_age=- path_points=0 planning_time_ms=0.1 | reason=no_static_obstacle_in_range | cache_reason=no_cache
1786861850.700 [STATIC_AVOID] obs_id=- obs_dist=-m obs_s=- ego_s=28.97 side=- | left_clearance=- right_clearance=- candidate_valid=false rung=- | cache_used=false path_age=- path_points=0 planning_time_ms=0.1 | reason=no_static_obstacle_in_range | cache_reason=no_cache
1786861851.210 [STATIC_AVOID] obs_id=- obs_dist=-m obs_s=- ego_s=28.98 side=- | left_clearance=- right_clearance=- candidate_valid=false rung=- | cache_used=false path_age=- path_points=0 planning_time_ms=0.1 | reason=no_static_obstacle_in_range | cache_reason=no_cache
1786861851.715 [STATIC_AVOID] obs_id=- obs_dist=-m obs_s=- ego_s=28.97 side=- | left_clearance=- right_clearance=- candidate_valid=false rung=- | cache_used=false path_age=- path_points=0 planning_time_ms=0.1 | reason=no_static_obstacle_in_range | cache_reason=no_cache
1786861852.259 [STATIC_AVOID] obs_id=- obs_dist=-m obs_s=- ego_s=29.20 side=- | left_clearance=- right_clearance=- candidate_valid=false rung=- | cache_used=false path_age=- path_points=0 planning_time_ms=0.1 | reason=no_static_obstacle_in_range | cache_reason=no_cache
1786861852.806 [STATIC_AVOID] obs_id=- obs_dist=-m obs_s=- ego_s=29.97 side=- | left_clearance=- right_clearance=- candidate_valid=false rung=- | cache_used=false path_age=- path_points=0 planning_time_ms=0.1 | reason=no_static_obstacle_in_range | cache_reason=no_cache
1786861853.309 [STATIC_AVOID] obs_id=- obs_dist=-m obs_s=- ego_s=31.30 side=- | left_clearance=- right_clearance=- candidate_valid=false rung=- | cache_used=false path_age=- path_points=0 planning_time_ms=0.1 | reason=no_static_obstacle_in_range | cache_reason=no_cache
1786861853.819 [STATIC_AVOID] obs_id=- obs_dist=-m obs_s=- ego_s=32.82 side=- | left_clearance=- right_clearance=- candidate_valid=false rung=- | cache_used=false path_age=- path_points=0 planning_time_ms=0.1 | reason=no_static_obstacle_in_range | cache_reason=no_cache
1786861854.350 [STATIC_AVOID] obs_id=- obs_dist=-m obs_s=- ego_s=0.81 side=- | left_clearance=- right_clearance=- candidate_valid=false rung=- | cache_used=false path_age=- path_points=0 planning_time_ms=0.1 | reason=no_static_obstacle_in_range | cache_reason=no_cache
1786861854.907 [STATIC_AVOID] obs_id=- obs_dist=-m obs_s=- ego_s=2.76 side=- | left_clearance=- right_clearance=- candidate_valid=false rung=- | cache_used=false path_age=- path_points=0 planning_time_ms=0.1 | reason=no_static_obstacle_in_range | cache_reason=no_cache
1786861855.414 [STATIC_AVOID] obs_id=- obs_dist=-m obs_s=- ego_s=3.59 side=- | left_clearance=- right_clearance=- candidate_valid=false rung=- | cache_used=false path_age=- path_points=0 planning_time_ms=0.1 | reason=no_static_obstacle_in_range | cache_reason=no_cache
1786861855.958 [STATIC_AVOID] obs_id=- obs_dist=-m obs_s=- ego_s=4.81 side=- | left_clearance=- right_clearance=- candidate_valid=false rung=- | cache_used=false path_age=- path_points=0 planning_time_ms=0.1 | reason=no_static_obstacle_in_range | cache_reason=no_cache
1786861856.512 [STATIC_AVOID] obs_id=- obs_dist=-m obs_s=- ego_s=6.50 side=- | left_clearance=- right_clearance=- candidate_valid=false rung=- | cache_used=false path_age=- path_points=0 planning_time_ms=0.1 | reason=no_static_obstacle_in_range | cache_reason=no_cache
1786861857.055 [STATIC_AVOID] obs_id=- obs_dist=-m obs_s=- ego_s=8.44 side=- | left_clearance=- right_clearance=- candidate_valid=false rung=- | cache_used=false path_age=- path_points=0 planning_time_ms=0.1 | reason=no_static_obstacle_in_range | cache_reason=no_cache
1786861857.601 [STATIC_AVOID] obs_id=- obs_dist=-m obs_s=- ego_s=10.06 side=- | left_clearance=- right_clearance=- candidate_valid=false rung=- | cache_used=false path_age=- path_points=0 planning_time_ms=0.1 | reason=no_static_obstacle_in_range | cache_reason=no_cache
1786861858.152 [STATIC_AVOID] obs_id=- obs_dist=-m obs_s=- ego_s=11.43 side=- | left_clearance=- right_clearance=- candidate_valid=false rung=- | cache_used=false path_age=- path_points=0 planning_time_ms=0.1 | reason=no_static_obstacle_in_range | cache_reason=no_cache
1786861858.656 [STATIC_AVOID] obs_id=- obs_dist=-m obs_s=- ego_s=12.82 side=- | left_clearance=- right_clearance=- candidate_valid=false rung=- | cache_used=false path_age=- path_points=0 planning_time_ms=0.1 | reason=no_static_obstacle_in_range | cache_reason=no_cache
1786861859.210 [STATIC_AVOID] obs_id=- obs_dist=-m obs_s=- ego_s=14.66 side=- | left_clearance=- right_clearance=- candidate_valid=false rung=- | cache_used=false path_age=- path_points=0 planning_time_ms=0.1 | reason=no_static_obstacle_in_range | cache_reason=no_cache
1786861859.763 [STATIC_AVOID] obs_id=- obs_dist=-m obs_s=- ego_s=16.04 side=- | left_clearance=- right_clearance=- candidate_valid=false rung=- | cache_used=false path_age=- path_points=0 planning_time_ms=0.1 | reason=no_static_obstacle_in_range | cache_reason=no_cache
1786861860.300 [STATIC_AVOID] obs_id=- obs_dist=-m obs_s=- ego_s=17.56 side=- | left_clearance=- right_clearance=- candidate_valid=false rung=- | cache_used=false path_age=- path_points=0 planning_time_ms=0.1 | reason=no_static_obstacle_in_range | cache_reason=no_cache
1786861860.823 [STATIC_AVOID] obs_id=- obs_dist=-m obs_s=- ego_s=18.59 side=- | left_clearance=- right_clearance=- candidate_valid=false rung=- | cache_used=false path_age=- path_points=0 planning_time_ms=0.1 | reason=no_static_obstacle_in_range | cache_reason=no_cache
1786861861.356 [STATIC_AVOID] obs_id=- obs_dist=-m obs_s=- ego_s=20.85 side=- | left_clearance=- right_clearance=- candidate_valid=false rung=- | cache_used=false path_age=- path_points=0 planning_time_ms=1.7 | reason=no_static_obstacle_in_range | cache_reason=no_cache
1786861861.905 [STATIC_AVOID] obs_id=- obs_dist=-m obs_s=- ego_s=23.07 side=- | left_clearance=- right_clearance=- candidate_valid=false rung=- | cache_used=false path_age=- path_points=0 planning_time_ms=0.1 | reason=no_static_obstacle_in_range | cache_reason=no_cache
1786861862.414 [STATIC_AVOID] obs_id=- obs_dist=-m obs_s=- ego_s=24.83 side=- | left_clearance=- right_clearance=- candidate_valid=false rung=- | cache_used=false path_age=- path_points=0 planning_time_ms=0.1 | reason=no_static_obstacle_in_range | cache_reason=no_cache
1786861862.959 [STATIC_AVOID] obs_id=- obs_dist=-m obs_s=- ego_s=26.77 side=- | left_clearance=- right_clearance=- candidate_valid=false rung=- | cache_used=false path_age=- path_points=0 planning_time_ms=0.2 | reason=no_static_obstacle_in_range | cache_reason=obstacle_gone
1786861863.463 [STATIC_AVOID] obs_id=- obs_dist=-m obs_s=- ego_s=28.03 side=- | left_clearance=- right_clearance=- candidate_valid=false rung=- | cache_used=false path_age=- path_points=0 planning_time_ms=0.1 | reason=no_static_obstacle_in_range | cache_reason=no_cache
1786861863.969 [STATIC_AVOID] obs_id=- obs_dist=-m obs_s=- ego_s=28.70 side=- | left_clearance=- right_clearance=- candidate_valid=false rung=- | cache_used=false path_age=- path_points=0 planning_time_ms=0.1 | reason=no_static_obstacle_in_range | cache_reason=obstacle_gone
1786861864.516 [STATIC_AVOID] obs_id=- obs_dist=-m obs_s=- ego_s=29.85 side=- | left_clearance=- right_clearance=- candidate_valid=false rung=- | cache_used=false path_age=- path_points=0 planning_time_ms=4.9 | reason=no_static_obstacle_in_range | cache_reason=no_cache
1786861865.059 [STATIC_AVOID] obs_id=- obs_dist=-m obs_s=- ego_s=31.01 side=- | left_clearance=- right_clearance=- candidate_valid=false rung=- | cache_used=false path_age=- path_points=0 planning_time_ms=0.1 | reason=no_static_obstacle_in_range | cache_reason=no_cache
1786861865.600 [STATIC_AVOID] obs_id=- obs_dist=-m obs_s=- ego_s=32.93 side=- | left_clearance=- right_clearance=- candidate_valid=false rung=- | cache_used=false path_age=- path_points=0 planning_time_ms=0.1 | reason=no_static_obstacle_in_range | cache_reason=no_cache
1786861866.121 [STATIC_AVOID] obs_id=- obs_dist=-m obs_s=- ego_s=0.25 side=- | left_clearance=- right_clearance=- candidate_valid=false rung=- | cache_used=false path_age=- path_points=0 planning_time_ms=0.1 | reason=no_static_obstacle_in_range | cache_reason=no_cache
1786861866.656 [STATIC_AVOID] obs_id=- obs_dist=-m obs_s=- ego_s=2.03 side=- | left_clearance=- right_clearance=- candidate_valid=false rung=- | cache_used=false path_age=- path_points=0 planning_time_ms=0.1 | reason=no_static_obstacle_in_range | cache_reason=no_cache
1786861867.211 [STATIC_AVOID] obs_id=- obs_dist=-m obs_s=- ego_s=3.45 side=- | left_clearance=- right_clearance=- candidate_valid=false rung=- | cache_used=false path_age=- path_points=0 planning_time_ms=0.1 | reason=no_static_obstacle_in_range | cache_reason=no_cache
1786861867.756 [STATIC_AVOID] obs_id=- obs_dist=-m obs_s=- ego_s=5.26 side=- | left_clearance=- right_clearance=- candidate_valid=false rung=- | cache_used=false path_age=- path_points=0 planning_time_ms=0.1 | reason=no_static_obstacle_in_range | cache_reason=no_cache
1786861868.270 [STATIC_AVOID] obs_id=- obs_dist=-m obs_s=- ego_s=6.76 side=- | left_clearance=- right_clearance=- candidate_valid=false rung=- | cache_used=false path_age=- path_points=0 planning_time_ms=0.1 | reason=no_static_obstacle_in_range | cache_reason=no_cache
1786861868.804 [STATIC_AVOID] obs_id=- obs_dist=-m obs_s=- ego_s=8.74 side=- | left_clearance=- right_clearance=- candidate_valid=false rung=- | cache_used=false path_age=- path_points=0 planning_time_ms=0.1 | reason=no_static_obstacle_in_range | cache_reason=no_cache
1786861869.308 [STATIC_AVOID] obs_id=- obs_dist=-m obs_s=- ego_s=10.43 side=- | left_clearance=- right_clearance=- candidate_valid=false rung=- | cache_used=false path_age=- path_points=0 planning_time_ms=0.1 | reason=no_static_obstacle_in_range | cache_reason=no_cache
1786861869.855 [STATIC_AVOID] obs_id=- obs_dist=-m obs_s=- ego_s=11.80 side=- | left_clearance=- right_clearance=- candidate_valid=false rung=- | cache_used=false path_age=- path_points=0 planning_time_ms=1.1 | reason=no_static_obstacle_in_range | cache_reason=no_cache
1786861870.402 [STATIC_AVOID] obs_id=- obs_dist=-m obs_s=- ego_s=13.33 side=- | left_clearance=- right_clearance=- candidate_valid=false rung=- | cache_used=false path_age=- path_points=0 planning_time_ms=0.1 | reason=no_static_obstacle_in_range | cache_reason=no_cache
1786861870.950 [STATIC_AVOID] obs_id=- obs_dist=-m obs_s=- ego_s=15.12 side=- | left_clearance=- right_clearance=- candidate_valid=false rung=- | cache_used=false path_age=- path_points=0 planning_time_ms=0.1 | reason=no_static_obstacle_in_range | cache_reason=no_cache
1786861871.459 [STATIC_AVOID] obs_id=- obs_dist=-m obs_s=- ego_s=16.15 side=- | left_clearance=- right_clearance=- candidate_valid=false rung=- | cache_used=false path_age=- path_points=0 planning_time_ms=0.1 | reason=no_static_obstacle_in_range | cache_reason=no_cache
1786861872.004 [STATIC_AVOID] obs_id=- obs_dist=-m obs_s=- ego_s=17.37 side=- | left_clearance=- right_clearance=- candidate_valid=false rung=- | cache_used=false path_age=- path_points=0 planning_time_ms=0.1 | reason=no_static_obstacle_in_range | cache_reason=no_cache
1786861872.505 [STATIC_AVOID] obs_id=- obs_dist=-m obs_s=- ego_s=18.91 side=- | left_clearance=- right_clearance=- candidate_valid=false rung=- | cache_used=false path_age=- path_points=0 planning_time_ms=0.1 | reason=no_static_obstacle_in_range | cache_reason=no_cache
1786861873.012 [STATIC_AVOID] obs_id=- obs_dist=-m obs_s=- ego_s=20.38 side=- | left_clearance=- right_clearance=- candidate_valid=false rung=- | cache_used=false path_age=- path_points=0 planning_time_ms=0.1 | reason=no_static_obstacle_in_range | cache_reason=no_cache
1786861873.562 [STATIC_AVOID] obs_id=- obs_dist=-m obs_s=- ego_s=22.41 side=- | left_clearance=- right_clearance=- candidate_valid=false rung=- | cache_used=false path_age=- path_points=0 planning_time_ms=0.1 | reason=no_static_obstacle_in_range | cache_reason=no_cache
1786861874.082 [STATIC_AVOID] obs_id=- obs_dist=-m obs_s=- ego_s=24.43 side=- | left_clearance=- right_clearance=- candidate_valid=false rung=- | cache_used=false path_age=- path_points=0 planning_time_ms=0.1 | reason=no_static_obstacle_in_range | cache_reason=no_cache
1786861874.612 [STATIC_AVOID] obs_id=5 obs_dist=3.25m obs_s=29.29 ego_s=26.05 side=RIGHT | left_clearance=-0.22 right_clearance=0.39 candidate_valid=true rung=0 | cache_used=false path_age=0.000 path_points=100 planning_time_ms=14.4
1786861875.198 [STATIC_AVOID] obs_id=- obs_dist=-m obs_s=- ego_s=27.81 side=- | left_clearance=- right_clearance=- candidate_valid=false rung=- | cache_used=false path_age=- path_points=0 planning_time_ms=0.1 | reason=no_static_obstacle_in_range | cache_reason=no_cache
1786861875.721 [STATIC_AVOID] obs_id=6 obs_dist=0.67m obs_s=29.20 ego_s=28.53 side=RIGHT | left_clearance=-0.15 right_clearance=0.54 candidate_valid=true rung=0 | cache_used=false path_age=0.000 path_points=81 planning_time_ms=13.0
1786861876.260 [STATIC_AVOID] obs_id=- obs_dist=-m obs_s=- ego_s=28.75 side=- | left_clearance=- right_clearance=- candidate_valid=false rung=- | cache_used=false path_age=- path_points=0 planning_time_ms=0.1 | reason=no_static_obstacle_in_range | cache_reason=no_cache
1786861876.807 [STATIC_AVOID] obs_id=- obs_dist=-m obs_s=- ego_s=28.73 side=- | left_clearance=- right_clearance=- candidate_valid=false rung=- | cache_used=false path_age=- path_points=0 planning_time_ms=0.1 | reason=no_static_obstacle_in_range | cache_reason=no_cache
1786861877.309 [STATIC_AVOID] obs_id=- obs_dist=-m obs_s=- ego_s=28.72 side=- | left_clearance=- right_clearance=- candidate_valid=false rung=- | cache_used=false path_age=- path_points=0 planning_time_ms=0.2 | reason=no_static_obstacle_in_range | cache_reason=no_cache
1786861877.852 [STATIC_AVOID] obs_id=- obs_dist=-m obs_s=- ego_s=28.72 side=- | left_clearance=- right_clearance=- candidate_valid=false rung=- | cache_used=false path_age=- path_points=0 planning_time_ms=0.2 | reason=no_static_obstacle_in_range | cache_reason=no_cache
1786861878.407 [STATIC_AVOID] obs_id=- obs_dist=-m obs_s=- ego_s=28.72 side=- | left_clearance=- right_clearance=- candidate_valid=false rung=- | cache_used=false path_age=- path_points=0 planning_time_ms=0.1 | reason=no_static_obstacle_in_range | cache_reason=no_cache
1786861878.960 [STATIC_AVOID] obs_id=- obs_dist=-m obs_s=- ego_s=28.73 side=- | left_clearance=- right_clearance=- candidate_valid=false rung=- | cache_used=false path_age=- path_points=0 planning_time_ms=0.1 | reason=no_static_obstacle_in_range | cache_reason=no_cache
1786861879.511 [STATIC_AVOID] obs_id=- obs_dist=-m obs_s=- ego_s=28.74 side=- | left_clearance=- right_clearance=- candidate_valid=false rung=- | cache_used=false path_age=- path_points=0 planning_time_ms=0.1 | reason=no_static_obstacle_in_range | cache_reason=no_cache
1786861880.026 [STATIC_AVOID] obs_id=- obs_dist=-m obs_s=- ego_s=28.71 side=- | left_clearance=- right_clearance=- candidate_valid=false rung=- | cache_used=false path_age=- path_points=0 planning_time_ms=0.1 | reason=no_static_obstacle_in_range | cache_reason=no_cache
1786861880.559 [STATIC_AVOID] obs_id=- obs_dist=-m obs_s=- ego_s=28.51 side=- | left_clearance=- right_clearance=- candidate_valid=false rung=- | cache_used=false path_age=- path_points=0 planning_time_ms=0.1 | reason=no_static_obstacle_in_range | cache_reason=no_cache
1786861881.104 [STATIC_AVOID] obs_id=- obs_dist=-m obs_s=- ego_s=28.17 side=- | left_clearance=- right_clearance=- candidate_valid=false rung=- | cache_used=false path_age=- path_points=0 planning_time_ms=0.1 | reason=no_static_obstacle_in_range | cache_reason=no_cache
1786861881.608 [STATIC_AVOID] obs_id=- obs_dist=-m obs_s=- ego_s=27.89 side=- | left_clearance=- right_clearance=- candidate_valid=false rung=- | cache_used=false path_age=- path_points=0 planning_time_ms=0.1 | reason=no_static_obstacle_in_range | cache_reason=no_cache
1786861882.159 [STATIC_AVOID] obs_id=- obs_dist=-m obs_s=- ego_s=27.89 side=- | left_clearance=- right_clearance=- candidate_valid=false rung=- | cache_used=false path_age=- path_points=0 planning_time_ms=0.1 | reason=no_static_obstacle_in_range | cache_reason=no_cache
1786861882.732 [STATIC_AVOID] obs_id=- obs_dist=-m obs_s=- ego_s=27.24 side=- | left_clearance=- right_clearance=- candidate_valid=false rung=- | cache_used=false path_age=- path_points=0 planning_time_ms=0.1 | reason=no_static_obstacle_in_range | cache_reason=no_cache
1786861883.278 [STATIC_AVOID] obs_id=- obs_dist=-m obs_s=- ego_s=26.25 side=- | left_clearance=- right_clearance=- candidate_valid=false rung=- | cache_used=false path_age=- path_points=0 planning_time_ms=0.1 | reason=no_static_obstacle_in_range | cache_reason=no_cache
1786861883.800 [STATIC_AVOID] obs_id=- obs_dist=-m obs_s=- ego_s=25.11 side=- | left_clearance=- right_clearance=- candidate_valid=false rung=- | cache_used=false path_age=- path_points=0 planning_time_ms=0.1 | reason=no_static_obstacle_in_range | cache_reason=no_cache
1786861884.310 [STATIC_AVOID] obs_id=- obs_dist=-m obs_s=- ego_s=24.27 side=- | left_clearance=- right_clearance=- candidate_valid=false rung=- | cache_used=false path_age=- path_points=0 planning_time_ms=0.1 | reason=no_static_obstacle_in_range | cache_reason=no_cache
1786861884.810 [STATIC_AVOID] obs_id=- obs_dist=-m obs_s=- ego_s=23.50 side=- | left_clearance=- right_clearance=- candidate_valid=false rung=- | cache_used=false path_age=- path_points=0 planning_time_ms=0.1 | reason=no_static_obstacle_in_range | cache_reason=no_cache
1786861885.313 [STATIC_AVOID] obs_id=- obs_dist=-m obs_s=- ego_s=22.53 side=- | left_clearance=- right_clearance=- candidate_valid=false rung=- | cache_used=false path_age=- path_points=0 planning_time_ms=0.1 | reason=no_static_obstacle_in_range | cache_reason=no_cache
1786861885.849 [STATIC_AVOID] obs_id=- obs_dist=-m obs_s=- ego_s=21.73 side=- | left_clearance=- right_clearance=- candidate_valid=false rung=- | cache_used=false path_age=- path_points=0 planning_time_ms=0.1 | reason=no_static_obstacle_in_range | cache_reason=no_cache
1786861886.359 [STATIC_AVOID] obs_id=- obs_dist=-m obs_s=- ego_s=21.25 side=- | left_clearance=- right_clearance=- candidate_valid=false rung=- | cache_used=false path_age=- path_points=0 planning_time_ms=3.5 | reason=no_static_obstacle_in_range | cache_reason=no_cache
1786861886.862 [STATIC_AVOID] obs_id=- obs_dist=-m obs_s=- ego_s=20.56 side=- | left_clearance=- right_clearance=- candidate_valid=false rung=- | cache_used=false path_age=- path_points=0 planning_time_ms=0.1 | reason=no_static_obstacle_in_range | cache_reason=no_cache
1786861887.408 [STATIC_AVOID] obs_id=- obs_dist=-m obs_s=- ego_s=19.15 side=- | left_clearance=- right_clearance=- candidate_valid=false rung=- | cache_used=false path_age=- path_points=0 planning_time_ms=0.1 | reason=no_static_obstacle_in_range | cache_reason=no_cache
1786861887.961 [STATIC_AVOID] obs_id=- obs_dist=-m obs_s=- ego_s=18.75 side=- | left_clearance=- right_clearance=- candidate_valid=false rung=- | cache_used=false path_age=- path_points=0 planning_time_ms=0.1 | reason=no_static_obstacle_in_range | cache_reason=no_cache
1786861888.501 [STATIC_AVOID] obs_id=- obs_dist=-m obs_s=- ego_s=18.70 side=- | left_clearance=- right_clearance=- candidate_valid=false rung=- | cache_used=false path_age=- path_points=0 planning_time_ms=0.1 | reason=no_static_obstacle_in_range | cache_reason=no_cache
1786861889.049 [STATIC_AVOID] obs_id=- obs_dist=-m obs_s=- ego_s=18.87 side=- | left_clearance=- right_clearance=- candidate_valid=false rung=- | cache_used=false path_age=- path_points=0 planning_time_ms=0.1 | reason=no_static_obstacle_in_range | cache_reason=no_cache
1786861889.558 [STATIC_AVOID] obs_id=- obs_dist=-m obs_s=- ego_s=19.03 side=- | left_clearance=- right_clearance=- candidate_valid=false rung=- | cache_used=false path_age=- path_points=0 planning_time_ms=0.1 | reason=no_static_obstacle_in_range | cache_reason=no_cache
1786861890.101 [STATIC_AVOID] obs_id=- obs_dist=-m obs_s=- ego_s=19.03 side=- | left_clearance=- right_clearance=- candidate_valid=false rung=- | cache_used=false path_age=- path_points=0 planning_time_ms=0.1 | reason=no_static_obstacle_in_range | cache_reason=no_cache
1786861890.610 [STATIC_AVOID] obs_id=- obs_dist=-m obs_s=- ego_s=19.04 side=- | left_clearance=- right_clearance=- candidate_valid=false rung=- | cache_used=false path_age=- path_points=0 planning_time_ms=0.1 | reason=no_static_obstacle_in_range | cache_reason=no_cache
1786861891.155 [STATIC_AVOID] obs_id=- obs_dist=-m obs_s=- ego_s=19.04 side=- | left_clearance=- right_clearance=- candidate_valid=false rung=- | cache_used=false path_age=- path_points=0 planning_time_ms=1.9 | reason=no_static_obstacle_in_range | cache_reason=no_cache
1786861891.656 [STATIC_AVOID] obs_id=- obs_dist=-m obs_s=- ego_s=19.04 side=- | left_clearance=- right_clearance=- candidate_valid=false rung=- | cache_used=false path_age=- path_points=0 planning_time_ms=0.1 | reason=no_static_obstacle_in_range | cache_reason=no_cache
1786861892.159 [STATIC_AVOID] obs_id=- obs_dist=-m obs_s=- ego_s=19.04 side=- | left_clearance=- right_clearance=- candidate_valid=false rung=- | cache_used=false path_age=- path_points=0 planning_time_ms=0.1 | reason=no_static_obstacle_in_range | cache_reason=no_cache
1786861892.732 [STATIC_AVOID] obs_id=- obs_dist=-m obs_s=- ego_s=19.04 side=- | left_clearance=- right_clearance=- candidate_valid=false rung=- | cache_used=false path_age=- path_points=0 planning_time_ms=6.2 | reason=no_static_obstacle_in_range | cache_reason=no_cache
1786861893.250 [STATIC_AVOID] obs_id=- obs_dist=-m obs_s=- ego_s=19.17 side=- | left_clearance=- right_clearance=- candidate_valid=false rung=- | cache_used=false path_age=- path_points=0 planning_time_ms=0.1 | reason=no_static_obstacle_in_range | cache_reason=no_cache
1786861893.770 [STATIC_AVOID] obs_id=- obs_dist=-m obs_s=- ego_s=19.90 side=- | left_clearance=- right_clearance=- candidate_valid=false rung=- | cache_used=false path_age=- path_points=0 planning_time_ms=0.1 | reason=no_static_obstacle_in_range | cache_reason=no_cache
1786861894.302 [STATIC_AVOID] obs_id=- obs_dist=-m obs_s=- ego_s=21.06 side=- | left_clearance=- right_clearance=- candidate_valid=false rung=- | cache_used=false path_age=- path_points=0 planning_time_ms=0.7 | reason=no_static_obstacle_in_range | cache_reason=no_cache
1786861894.815 [STATIC_AVOID] obs_id=- obs_dist=-m obs_s=- ego_s=22.55 side=- | left_clearance=- right_clearance=- candidate_valid=false rung=- | cache_used=false path_age=- path_points=0 planning_time_ms=0.1 | reason=no_static_obstacle_in_range | cache_reason=no_cache
1786861895.351 [STATIC_AVOID] obs_id=- obs_dist=-m obs_s=- ego_s=24.49 side=- | left_clearance=- right_clearance=- candidate_valid=false rung=- | cache_used=false path_age=- path_points=0 planning_time_ms=0.1 | reason=no_static_obstacle_in_range | cache_reason=no_cache
1786861895.853 [STATIC_AVOID] obs_id=- obs_dist=-m obs_s=- ego_s=26.13 side=- | left_clearance=- right_clearance=- candidate_valid=false rung=- | cache_used=false path_age=- path_points=0 planning_time_ms=0.1 | reason=no_static_obstacle_in_range | cache_reason=no_cache
1786861896.356 [STATIC_AVOID] obs_id=- obs_dist=-m obs_s=- ego_s=28.00 side=- | left_clearance=- right_clearance=- candidate_valid=false rung=- | cache_used=false path_age=- path_points=0 planning_time_ms=0.1 | reason=no_static_obstacle_in_range | cache_reason=no_cache
1786861896.905 [STATIC_AVOID] obs_id=- obs_dist=-m obs_s=- ego_s=29.84 side=- | left_clearance=- right_clearance=- candidate_valid=false rung=- | cache_used=false path_age=- path_points=0 planning_time_ms=0.1 | reason=no_static_obstacle_in_range | cache_reason=no_cache
1786861897.456 [STATIC_AVOID] obs_id=- obs_dist=-m obs_s=- ego_s=31.35 side=- | left_clearance=- right_clearance=- candidate_valid=false rung=- | cache_used=false path_age=- path_points=0 planning_time_ms=0.1 | reason=no_static_obstacle_in_range | cache_reason=no_cache
1786861898.003 [STATIC_AVOID] obs_id=- obs_dist=-m obs_s=- ego_s=33.40 side=- | left_clearance=- right_clearance=- candidate_valid=false rung=- | cache_used=false path_age=- path_points=0 planning_time_ms=0.1 | reason=no_static_obstacle_in_range | cache_reason=no_cache
1786861898.550 [STATIC_AVOID] obs_id=- obs_dist=-m obs_s=- ego_s=1.05 side=- | left_clearance=- right_clearance=- candidate_valid=false rung=- | cache_used=false path_age=- path_points=0 planning_time_ms=0.2 | reason=no_static_obstacle_in_range | cache_reason=no_cache
1786861899.053 [STATIC_AVOID] obs_id=- obs_dist=-m obs_s=- ego_s=2.93 side=- | left_clearance=- right_clearance=- candidate_valid=false rung=- | cache_used=false path_age=- path_points=0 planning_time_ms=0.1 | reason=no_static_obstacle_in_range | cache_reason=no_cache
1786861899.556 [STATIC_AVOID] obs_id=- obs_dist=-m obs_s=- ego_s=3.82 side=- | left_clearance=- right_clearance=- candidate_valid=false rung=- | cache_used=false path_age=- path_points=0 planning_time_ms=0.1 | reason=no_static_obstacle_in_range | cache_reason=no_cache
1786861900.107 [STATIC_AVOID] obs_id=- obs_dist=-m obs_s=- ego_s=5.65 side=- | left_clearance=- right_clearance=- candidate_valid=false rung=- | cache_used=false path_age=- path_points=0 planning_time_ms=0.1 | reason=no_static_obstacle_in_range | cache_reason=no_cache
1786861900.651 [STATIC_AVOID] obs_id=- obs_dist=-m obs_s=- ego_s=7.53 side=- | left_clearance=- right_clearance=- candidate_valid=false rung=- | cache_used=false path_age=- path_points=0 planning_time_ms=0.1 | reason=no_static_obstacle_in_range | cache_reason=no_cache
1786861901.154 [STATIC_AVOID] obs_id=- obs_dist=-m obs_s=- ego_s=9.32 side=- | left_clearance=- right_clearance=- candidate_valid=false rung=- | cache_used=false path_age=- path_points=0 planning_time_ms=0.1 | reason=no_static_obstacle_in_range | cache_reason=no_cache
1786861901.700 [STATIC_AVOID] obs_id=- obs_dist=-m obs_s=- ego_s=10.93 side=- | left_clearance=- right_clearance=- candidate_valid=false rung=- | cache_used=false path_age=- path_points=0 planning_time_ms=0.1 | reason=no_static_obstacle_in_range | cache_reason=no_cache
1786861902.260 [STATIC_AVOID] obs_id=- obs_dist=-m obs_s=- ego_s=12.05 side=- | left_clearance=- right_clearance=- candidate_valid=false rung=- | cache_used=false path_age=- path_points=0 planning_time_ms=1.4 | reason=no_static_obstacle_in_range | cache_reason=no_cache
1786861902.771 [STATIC_AVOID] obs_id=- obs_dist=-m obs_s=- ego_s=13.54 side=- | left_clearance=- right_clearance=- candidate_valid=false rung=- | cache_used=false path_age=- path_points=0 planning_time_ms=7.0 | reason=no_static_obstacle_in_range | cache_reason=no_cache
1786861903.273 [STATIC_AVOID] obs_id=- obs_dist=-m obs_s=- ego_s=15.11 side=- | left_clearance=- right_clearance=- candidate_valid=false rung=- | cache_used=false path_age=- path_points=0 planning_time_ms=0.1 | reason=no_static_obstacle_in_range | cache_reason=no_cache
1786861903.774 [STATIC_AVOID] obs_id=- obs_dist=-m obs_s=- ego_s=16.12 side=- | left_clearance=- right_clearance=- candidate_valid=false rung=- | cache_used=false path_age=- path_points=0 planning_time_ms=0.1 | reason=no_static_obstacle_in_range | cache_reason=no_cache
1786861904.289 [STATIC_AVOID] obs_id=- obs_dist=-m obs_s=- ego_s=17.00 side=- | left_clearance=- right_clearance=- candidate_valid=false rung=- | cache_used=false path_age=- path_points=0 planning_time_ms=0.1 | reason=no_static_obstacle_in_range | cache_reason=no_cache
1786861904.807 [STATIC_AVOID] obs_id=- obs_dist=-m obs_s=- ego_s=18.22 side=- | left_clearance=- right_clearance=- candidate_valid=false rung=- | cache_used=false path_age=- path_points=0 planning_time_ms=1.9 | reason=no_static_obstacle_in_range | cache_reason=no_cache
1786861905.317 [STATIC_AVOID] obs_id=- obs_dist=-m obs_s=- ego_s=20.12 side=- | left_clearance=- right_clearance=- candidate_valid=false rung=- | cache_used=false path_age=- path_points=0 planning_time_ms=2.8 | reason=no_static_obstacle_in_range | cache_reason=no_cache
1786861905.851 [STATIC_AVOID] obs_id=- obs_dist=-m obs_s=- ego_s=21.83 side=- | left_clearance=- right_clearance=- candidate_valid=false rung=- | cache_used=false path_age=- path_points=0 planning_time_ms=0.1 | reason=no_static_obstacle_in_range | cache_reason=no_cache
1786861906.353 [STATIC_AVOID] obs_id=- obs_dist=-m obs_s=- ego_s=23.74 side=- | left_clearance=- right_clearance=- candidate_valid=false rung=- | cache_used=false path_age=- path_points=0 planning_time_ms=0.2 | reason=no_static_obstacle_in_range | cache_reason=no_cache
1786861906.855 [STATIC_AVOID] obs_id=- obs_dist=-m obs_s=- ego_s=25.29 side=- | left_clearance=- right_clearance=- candidate_valid=false rung=- | cache_used=false path_age=- path_points=0 planning_time_ms=0.1 | reason=no_static_obstacle_in_range | cache_reason=no_cache
1786861907.358 [STATIC_AVOID] obs_id=- obs_dist=-m obs_s=- ego_s=26.99 side=- | left_clearance=- right_clearance=- candidate_valid=false rung=- | cache_used=false path_age=- path_points=0 planning_time_ms=0.1 | reason=no_static_obstacle_in_range | cache_reason=no_cache
1786861907.901 [STATIC_AVOID] obs_id=- obs_dist=-m obs_s=- ego_s=28.00 side=- | left_clearance=- right_clearance=- candidate_valid=false rung=- | cache_used=false path_age=- path_points=0 planning_time_ms=0.1 | reason=no_static_obstacle_in_range | cache_reason=no_cache
1786861908.405 [STATIC_AVOID] obs_id=- obs_dist=-m obs_s=- ego_s=30.08 side=- | left_clearance=- right_clearance=- candidate_valid=false rung=- | cache_used=false path_age=- path_points=0 planning_time_ms=0.1 | reason=no_static_obstacle_in_range | cache_reason=no_cache
1786861908.908 [STATIC_AVOID] obs_id=- obs_dist=-m obs_s=- ego_s=31.63 side=- | left_clearance=- right_clearance=- candidate_valid=false rung=- | cache_used=false path_age=- path_points=0 planning_time_ms=0.1 | reason=no_static_obstacle_in_range | cache_reason=no_cache
1786861909.415 [STATIC_AVOID] obs_id=- obs_dist=-m obs_s=- ego_s=32.41 side=- | left_clearance=- right_clearance=- candidate_valid=false rung=- | cache_used=false path_age=- path_points=0 planning_time_ms=0.1 | reason=no_static_obstacle_in_range | cache_reason=no_cache
1786861909.943 [STATIC_AVOID] obs_id=- obs_dist=-m obs_s=- ego_s=0.62 side=- | left_clearance=- right_clearance=- candidate_valid=false rung=- | cache_used=false path_age=- path_points=0 planning_time_ms=0.1 | reason=no_static_obstacle_in_range | cache_reason=no_cache
1786861910.452 [STATIC_AVOID] obs_id=- obs_dist=-m obs_s=- ego_s=2.39 side=- | left_clearance=- right_clearance=- candidate_valid=false rung=- | cache_used=false path_age=- path_points=0 planning_time_ms=0.1 | reason=no_static_obstacle_in_range | cache_reason=no_cache
1786861911.001 [STATIC_AVOID] obs_id=- obs_dist=-m obs_s=- ego_s=3.85 side=- | left_clearance=- right_clearance=- candidate_valid=false rung=- | cache_used=false path_age=- path_points=0 planning_time_ms=0.1 | reason=no_static_obstacle_in_range | cache_reason=no_cache
1786861911.558 [STATIC_AVOID] obs_id=- obs_dist=-m obs_s=- ego_s=5.25 side=- | left_clearance=- right_clearance=- candidate_valid=false rung=- | cache_used=false path_age=- path_points=0 planning_time_ms=0.2 | reason=no_static_obstacle_in_range | cache_reason=no_cache
1786861912.106 [STATIC_AVOID] obs_id=- obs_dist=-m obs_s=- ego_s=7.22 side=- | left_clearance=- right_clearance=- candidate_valid=false rung=- | cache_used=false path_age=- path_points=0 planning_time_ms=0.1 | reason=no_static_obstacle_in_range | cache_reason=no_cache
1786861912.614 [STATIC_AVOID] obs_id=- obs_dist=-m obs_s=- ego_s=8.87 side=- | left_clearance=- right_clearance=- candidate_valid=false rung=- | cache_used=false path_age=- path_points=0 planning_time_ms=0.1 | reason=no_static_obstacle_in_range | cache_reason=no_cache
1786861913.156 [STATIC_AVOID] obs_id=- obs_dist=-m obs_s=- ego_s=10.60 side=- | left_clearance=- right_clearance=- candidate_valid=false rung=- | cache_used=false path_age=- path_points=0 planning_time_ms=0.1 | reason=no_static_obstacle_in_range | cache_reason=no_cache
1786861913.662 [STATIC_AVOID] obs_id=- obs_dist=-m obs_s=- ego_s=11.81 side=- | left_clearance=- right_clearance=- candidate_valid=false rung=- | cache_used=false path_age=- path_points=0 planning_time_ms=0.1 | reason=no_static_obstacle_in_range | cache_reason=no_cache
1786861914.199 [STATIC_AVOID] obs_id=- obs_dist=-m obs_s=- ego_s=13.39 side=- | left_clearance=- right_clearance=- candidate_valid=false rung=- | cache_used=false path_age=- path_points=0 planning_time_ms=0.1 | reason=no_static_obstacle_in_range | cache_reason=no_cache
1786861914.700 [STATIC_AVOID] obs_id=- obs_dist=-m obs_s=- ego_s=14.86 side=- | left_clearance=- right_clearance=- candidate_valid=false rung=- | cache_used=false path_age=- path_points=0 planning_time_ms=0.1 | reason=no_static_obstacle_in_range | cache_reason=no_cache
1786861915.213 [STATIC_AVOID] obs_id=- obs_dist=-m obs_s=- ego_s=16.04 side=- | left_clearance=- right_clearance=- candidate_valid=false rung=- | cache_used=false path_age=- path_points=0 planning_time_ms=0.1 | reason=no_static_obstacle_in_range | cache_reason=no_cache
1786861915.766 [STATIC_AVOID] obs_id=- obs_dist=-m obs_s=- ego_s=17.26 side=- | left_clearance=- right_clearance=- candidate_valid=false rung=- | cache_used=false path_age=- path_points=0 planning_time_ms=0.1 | reason=no_static_obstacle_in_range | cache_reason=no_cache
1786861916.310 [STATIC_AVOID] obs_id=- obs_dist=-m obs_s=- ego_s=18.74 side=- | left_clearance=- right_clearance=- candidate_valid=false rung=- | cache_used=false path_age=- path_points=0 planning_time_ms=0.5 | reason=no_static_obstacle_in_range | cache_reason=no_cache
1786861916.821 [STATIC_AVOID] obs_id=- obs_dist=-m obs_s=- ego_s=20.32 side=- | left_clearance=- right_clearance=- candidate_valid=false rung=- | cache_used=false path_age=- path_points=0 planning_time_ms=0.1 | reason=no_static_obstacle_in_range | cache_reason=no_cache
1786861917.352 [STATIC_AVOID] obs_id=- obs_dist=-m obs_s=- ego_s=22.51 side=- | left_clearance=- right_clearance=- candidate_valid=false rung=- | cache_used=false path_age=- path_points=0 planning_time_ms=0.1 | reason=no_static_obstacle_in_range | cache_reason=no_cache
1786861917.899 [STATIC_AVOID] obs_id=- obs_dist=-m obs_s=- ego_s=24.49 side=- | left_clearance=- right_clearance=- candidate_valid=false rung=- | cache_used=false path_age=- path_points=0 planning_time_ms=0.1 | reason=no_static_obstacle_in_range | cache_reason=no_cache
1786861918.462 [STATIC_AVOID] obs_id=10 obs_dist=3.54m obs_s=29.19 ego_s=25.65 side=RIGHT | left_clearance=-0.12 right_clearance=0.45 candidate_valid=true rung=0 | cache_used=false path_age=0.000 path_points=103 planning_time_ms=12.3
1786861918.972 [STATIC_AVOID] obs_id=- obs_dist=-m obs_s=- ego_s=27.32 side=- | left_clearance=- right_clearance=- candidate_valid=false rung=- | cache_used=false path_age=- path_points=0 planning_time_ms=0.1 | reason=no_static_obstacle_in_range | cache_reason=no_cache
1786861919.522 [STATIC_AVOID] obs_id=- obs_dist=-m obs_s=- ego_s=28.46 side=- | left_clearance=- right_clearance=- candidate_valid=false rung=- | cache_used=false path_age=- path_points=0 planning_time_ms=0.1 | reason=no_static_obstacle_in_range | cache_reason=no_cache
1786861920.058 [STATIC_AVOID] obs_id=- obs_dist=-m obs_s=- ego_s=29.73 side=- | left_clearance=- right_clearance=- candidate_valid=false rung=- | cache_used=false path_age=- path_points=0 planning_time_ms=0.1 | reason=no_static_obstacle_in_range | cache_reason=no_cache
1786861920.568 [STATIC_AVOID] obs_id=- obs_dist=-m obs_s=- ego_s=30.66 side=- | left_clearance=- right_clearance=- candidate_valid=false rung=- | cache_used=false path_age=- path_points=0 planning_time_ms=0.1 | reason=no_static_obstacle_in_range | cache_reason=no_cache
1786861921.105 [STATIC_AVOID] obs_id=- obs_dist=-m obs_s=- ego_s=31.76 side=- | left_clearance=- right_clearance=- candidate_valid=false rung=- | cache_used=false path_age=- path_points=0 planning_time_ms=0.1 | reason=no_static_obstacle_in_range | cache_reason=no_cache
1786861921.666 [STATIC_AVOID] obs_id=- obs_dist=-m obs_s=- ego_s=33.68 side=- | left_clearance=- right_clearance=- candidate_valid=false rung=- | cache_used=false path_age=- path_points=0 planning_time_ms=0.2 | reason=no_static_obstacle_in_range | cache_reason=no_cache
1786861922.206 [STATIC_AVOID] obs_id=- obs_dist=-m obs_s=- ego_s=1.00 side=- | left_clearance=- right_clearance=- candidate_valid=false rung=- | cache_used=false path_age=- path_points=0 planning_time_ms=0.1 | reason=no_static_obstacle_in_range | cache_reason=no_cache
1786861922.752 [STATIC_AVOID] obs_id=- obs_dist=-m obs_s=- ego_s=2.78 side=- | left_clearance=- right_clearance=- candidate_valid=false rung=- | cache_used=false path_age=- path_points=0 planning_time_ms=0.1 | reason=no_static_obstacle_in_range | cache_reason=no_cache
1786861923.275 [STATIC_AVOID] obs_id=- obs_dist=-m obs_s=- ego_s=3.83 side=- | left_clearance=- right_clearance=- candidate_valid=false rung=- | cache_used=false path_age=- path_points=0 planning_time_ms=0.1 | reason=no_static_obstacle_in_range | cache_reason=no_cache
1786861923.803 [STATIC_AVOID] obs_id=- obs_dist=-m obs_s=- ego_s=5.77 side=- | left_clearance=- right_clearance=- candidate_valid=false rung=- | cache_used=false path_age=- path_points=0 planning_time_ms=0.1 | reason=no_static_obstacle_in_range | cache_reason=no_cache
1786861924.305 [STATIC_AVOID] obs_id=- obs_dist=-m obs_s=- ego_s=7.49 side=- | left_clearance=- right_clearance=- candidate_valid=false rung=- | cache_used=false path_age=- path_points=0 planning_time_ms=0.1 | reason=no_static_obstacle_in_range | cache_reason=no_cache
1786861924.861 [STATIC_AVOID] obs_id=- obs_dist=-m obs_s=- ego_s=9.28 side=- | left_clearance=- right_clearance=- candidate_valid=false rung=- | cache_used=false path_age=- path_points=0 planning_time_ms=0.1 | reason=no_static_obstacle_in_range | cache_reason=no_cache
1786861925.400 [STATIC_AVOID] obs_id=- obs_dist=-m obs_s=- ego_s=10.84 side=- | left_clearance=- right_clearance=- candidate_valid=false rung=- | cache_used=false path_age=- path_points=0 planning_time_ms=0.1 | reason=no_static_obstacle_in_range | cache_reason=no_cache
1786861925.908 [STATIC_AVOID] obs_id=- obs_dist=-m obs_s=- ego_s=12.03 side=- | left_clearance=- right_clearance=- candidate_valid=false rung=- | cache_used=false path_age=- path_points=0 planning_time_ms=0.1 | reason=no_static_obstacle_in_range | cache_reason=no_cache
1786861926.451 [STATIC_AVOID] obs_id=- obs_dist=-m obs_s=- ego_s=13.52 side=- | left_clearance=- right_clearance=- candidate_valid=false rung=- | cache_used=false path_age=- path_points=0 planning_time_ms=0.1 | reason=no_static_obstacle_in_range | cache_reason=no_cache
1786861926.962 [STATIC_AVOID] obs_id=- obs_dist=-m obs_s=- ego_s=15.22 side=- | left_clearance=- right_clearance=- candidate_valid=false rung=- | cache_used=false path_age=- path_points=0 planning_time_ms=0.1 | reason=no_static_obstacle_in_range | cache_reason=no_cache
1786861927.509 [STATIC_AVOID] obs_id=- obs_dist=-m obs_s=- ego_s=16.29 side=- | left_clearance=- right_clearance=- candidate_valid=false rung=- | cache_used=false path_age=- path_points=0 planning_time_ms=0.1 | reason=no_static_obstacle_in_range | cache_reason=no_cache
1786861928.052 [STATIC_AVOID] obs_id=- obs_dist=-m obs_s=- ego_s=17.22 side=- | left_clearance=- right_clearance=- candidate_valid=false rung=- | cache_used=false path_age=- path_points=0 planning_time_ms=0.1 | reason=no_static_obstacle_in_range | cache_reason=no_cache
1786861928.555 [STATIC_AVOID] obs_id=- obs_dist=-m obs_s=- ego_s=18.88 side=- | left_clearance=- right_clearance=- candidate_valid=false rung=- | cache_used=false path_age=- path_points=0 planning_time_ms=0.1 | reason=no_static_obstacle_in_range | cache_reason=no_cache
1786861929.113 [STATIC_AVOID] obs_id=- obs_dist=-m obs_s=- ego_s=20.92 side=- | left_clearance=- right_clearance=- candidate_valid=false rung=- | cache_used=false path_age=- path_points=0 planning_time_ms=0.1 | reason=no_static_obstacle_in_range | cache_reason=no_cache
1786861929.617 [STATIC_AVOID] obs_id=- obs_dist=-m obs_s=- ego_s=22.38 side=- | left_clearance=- right_clearance=- candidate_valid=false rung=- | cache_used=false path_age=- path_points=0 planning_time_ms=0.1 | reason=no_static_obstacle_in_range | cache_reason=no_cache
1786861930.154 [STATIC_AVOID] obs_id=- obs_dist=-m obs_s=- ego_s=24.39 side=- | left_clearance=- right_clearance=- candidate_valid=false rung=- | cache_used=false path_age=- path_points=0 planning_time_ms=0.1 | reason=no_static_obstacle_in_range | cache_reason=no_cache
1786861930.654 [STATIC_AVOID] obs_id=- obs_dist=-m obs_s=- ego_s=25.78 side=- | left_clearance=- right_clearance=- candidate_valid=false rung=- | cache_used=false path_age=- path_points=0 planning_time_ms=0.1 | reason=no_static_obstacle_in_range | cache_reason=no_cache
1786861931.200 [STATIC_AVOID] obs_id=- obs_dist=-m obs_s=- ego_s=27.28 side=- | left_clearance=- right_clearance=- candidate_valid=false rung=- | cache_used=false path_age=- path_points=0 planning_time_ms=0.1 | reason=no_static_obstacle_in_range | cache_reason=no_cache
1786861931.708 [STATIC_AVOID] obs_id=- obs_dist=-m obs_s=- ego_s=28.85 side=- | left_clearance=- right_clearance=- candidate_valid=false rung=- | cache_used=false path_age=- path_points=0 planning_time_ms=0.3 | reason=no_static_obstacle_in_range | cache_reason=no_cache
1786861932.256 [STATIC_AVOID] obs_id=- obs_dist=-m obs_s=- ego_s=30.40 side=- | left_clearance=- right_clearance=- candidate_valid=false rung=- | cache_used=false path_age=- path_points=0 planning_time_ms=0.1 | reason=no_static_obstacle_in_range | cache_reason=no_cache
1786861932.763 [STATIC_AVOID] obs_id=- obs_dist=-m obs_s=- ego_s=31.74 side=- | left_clearance=- right_clearance=- candidate_valid=false rung=- | cache_used=false path_age=- path_points=0 planning_time_ms=0.1 | reason=no_static_obstacle_in_range | cache_reason=no_cache
1786861933.316 [STATIC_AVOID] obs_id=- obs_dist=-m obs_s=- ego_s=33.58 side=- | left_clearance=- right_clearance=- candidate_valid=false rung=- | cache_used=false path_age=- path_points=0 planning_time_ms=1.3 | reason=no_static_obstacle_in_range | cache_reason=no_cache
1786861933.851 [STATIC_AVOID] obs_id=- obs_dist=-m obs_s=- ego_s=1.10 side=- | left_clearance=- right_clearance=- candidate_valid=false rung=- | cache_used=false path_age=- path_points=0 planning_time_ms=0.2 | reason=no_static_obstacle_in_range | cache_reason=no_cache
1786861934.357 [STATIC_AVOID] obs_id=- obs_dist=-m obs_s=- ego_s=2.93 side=- | left_clearance=- right_clearance=- candidate_valid=false rung=- | cache_used=false path_age=- path_points=0 planning_time_ms=0.1 | reason=no_static_obstacle_in_range | cache_reason=no_cache
1786861934.909 [STATIC_AVOID] obs_id=- obs_dist=-m obs_s=- ego_s=4.19 side=- | left_clearance=- right_clearance=- candidate_valid=false rung=- | cache_used=false path_age=- path_points=0 planning_time_ms=0.1 | reason=no_static_obstacle_in_range | cache_reason=no_cache
1786861935.456 [STATIC_AVOID] obs_id=- obs_dist=-m obs_s=- ego_s=5.81 side=- | left_clearance=- right_clearance=- candidate_valid=false rung=- | cache_used=false path_age=- path_points=0 planning_time_ms=0.1 | reason=no_static_obstacle_in_range | cache_reason=no_cache
1786861936.002 [STATIC_AVOID] obs_id=- obs_dist=-m obs_s=- ego_s=7.90 side=- | left_clearance=- right_clearance=- candidate_valid=false rung=- | cache_used=false path_age=- path_points=0 planning_time_ms=0.1 | reason=no_static_obstacle_in_range | cache_reason=no_cache
1786861936.505 [STATIC_AVOID] obs_id=- obs_dist=-m obs_s=- ego_s=9.59 side=- | left_clearance=- right_clearance=- candidate_valid=false rung=- | cache_used=false path_age=- path_points=0 planning_time_ms=0.1 | reason=no_static_obstacle_in_range | cache_reason=no_cache
1786861937.017 [STATIC_AVOID] obs_id=- obs_dist=-m obs_s=- ego_s=11.18 side=- | left_clearance=- right_clearance=- candidate_valid=false rung=- | cache_used=false path_age=- path_points=0 planning_time_ms=2.9 | reason=no_static_obstacle_in_range | cache_reason=no_cache
1786861937.555 [STATIC_AVOID] obs_id=- obs_dist=-m obs_s=- ego_s=12.28 side=- | left_clearance=- right_clearance=- candidate_valid=false rung=- | cache_used=false path_age=- path_points=0 planning_time_ms=0.1 | reason=no_static_obstacle_in_range | cache_reason=no_cache
1786861938.065 [STATIC_AVOID] obs_id=- obs_dist=-m obs_s=- ego_s=13.78 side=- | left_clearance=- right_clearance=- candidate_valid=false rung=- | cache_used=false path_age=- path_points=0 planning_time_ms=0.1 | reason=no_static_obstacle_in_range | cache_reason=no_cache
1786861938.565 [STATIC_AVOID] obs_id=- obs_dist=-m obs_s=- ego_s=15.25 side=- | left_clearance=- right_clearance=- candidate_valid=false rung=- | cache_used=false path_age=- path_points=0 planning_time_ms=8.4 | reason=no_static_obstacle_in_range | cache_reason=no_cache
1786861939.110 [STATIC_AVOID] obs_id=- obs_dist=-m obs_s=- ego_s=16.32 side=- | left_clearance=- right_clearance=- candidate_valid=false rung=- | cache_used=false path_age=- path_points=0 planning_time_ms=0.2 | reason=no_static_obstacle_in_range | cache_reason=no_cache
1786861939.610 [STATIC_AVOID] obs_id=- obs_dist=-m obs_s=- ego_s=17.17 side=- | left_clearance=- right_clearance=- candidate_valid=false rung=- | cache_used=false path_age=- path_points=0 planning_time_ms=0.1 | reason=no_static_obstacle_in_range | cache_reason=no_cache
1786861940.159 [STATIC_AVOID] obs_id=- obs_dist=-m obs_s=- ego_s=18.51 side=- | left_clearance=- right_clearance=- candidate_valid=false rung=- | cache_used=false path_age=- path_points=0 planning_time_ms=0.1 | reason=no_static_obstacle_in_range | cache_reason=no_cache
1786861940.667 [STATIC_AVOID] obs_id=- obs_dist=-m obs_s=- ego_s=20.34 side=- | left_clearance=- right_clearance=- candidate_valid=false rung=- | cache_used=false path_age=- path_points=0 planning_time_ms=0.2 | reason=no_static_obstacle_in_range | cache_reason=no_cache
1786861941.232 [STATIC_AVOID] obs_id=- obs_dist=-m obs_s=- ego_s=22.56 side=- | left_clearance=- right_clearance=- candidate_valid=false rung=- | cache_used=false path_age=- path_points=0 planning_time_ms=0.1 | reason=no_static_obstacle_in_range | cache_reason=no_cache
1786861941.769 [STATIC_AVOID] obs_id=- obs_dist=-m obs_s=- ego_s=24.08 side=- | left_clearance=- right_clearance=- candidate_valid=false rung=- | cache_used=false path_age=- path_points=0 planning_time_ms=0.1 | reason=no_static_obstacle_in_range | cache_reason=no_cache
1786861942.304 [STATIC_AVOID] obs_id=- obs_dist=-m obs_s=- ego_s=25.41 side=- | left_clearance=- right_clearance=- candidate_valid=false rung=- | cache_used=false path_age=- path_points=0 planning_time_ms=0.1 | reason=no_static_obstacle_in_range | cache_reason=no_cache
1786861942.830 [STATIC_AVOID] obs_id=- obs_dist=-m obs_s=- ego_s=26.98 side=- | left_clearance=- right_clearance=- candidate_valid=false rung=- | cache_used=false path_age=- path_points=0 planning_time_ms=0.1 | reason=no_static_obstacle_in_range | cache_reason=no_cache
1786861943.371 [STATIC_AVOID] obs_id=- obs_dist=-m obs_s=- ego_s=28.82 side=- | left_clearance=- right_clearance=- candidate_valid=false rung=- | cache_used=false path_age=- path_points=0 planning_time_ms=0.1 | reason=no_static_obstacle_in_range | cache_reason=no_cache
1786861943.911 [STATIC_AVOID] obs_id=- obs_dist=-m obs_s=- ego_s=30.31 side=- | left_clearance=- right_clearance=- candidate_valid=false rung=- | cache_used=false path_age=- path_points=0 planning_time_ms=0.1 | reason=no_static_obstacle_in_range | cache_reason=no_cache
1786861944.451 [STATIC_AVOID] obs_id=- obs_dist=-m obs_s=- ego_s=32.48 side=- | left_clearance=- right_clearance=- candidate_valid=false rung=- | cache_used=false path_age=- path_points=0 planning_time_ms=0.1 | reason=no_static_obstacle_in_range | cache_reason=no_cache
1786861945.002 [STATIC_AVOID] obs_id=- obs_dist=-m obs_s=- ego_s=0.23 side=- | left_clearance=- right_clearance=- candidate_valid=false rung=- | cache_used=false path_age=- path_points=0 planning_time_ms=0.1 | reason=no_static_obstacle_in_range | cache_reason=no_cache
1786861945.556 [STATIC_AVOID] obs_id=- obs_dist=-m obs_s=- ego_s=1.97 side=- | left_clearance=- right_clearance=- candidate_valid=false rung=- | cache_used=false path_age=- path_points=0 planning_time_ms=0.1 | reason=no_static_obstacle_in_range | cache_reason=no_cache
1786861946.058 [STATIC_AVOID] obs_id=- obs_dist=-m obs_s=- ego_s=3.13 side=- | left_clearance=- right_clearance=- candidate_valid=false rung=- | cache_used=false path_age=- path_points=0 planning_time_ms=0.2 | reason=no_static_obstacle_in_range | cache_reason=no_cache
1786861946.561 [STATIC_AVOID] obs_id=- obs_dist=-m obs_s=- ego_s=4.76 side=- | left_clearance=- right_clearance=- candidate_valid=false rung=- | cache_used=false path_age=- path_points=0 planning_time_ms=0.1 | reason=no_static_obstacle_in_range | cache_reason=no_cache
1786861947.119 [STATIC_AVOID] obs_id=- obs_dist=-m obs_s=- ego_s=6.57 side=- | left_clearance=- right_clearance=- candidate_valid=false rung=- | cache_used=false path_age=- path_points=0 planning_time_ms=2.0 | reason=no_static_obstacle_in_range | cache_reason=no_cache
1786861947.654 [STATIC_AVOID] obs_id=- obs_dist=-m obs_s=- ego_s=8.33 side=- | left_clearance=- right_clearance=- candidate_valid=false rung=- | cache_used=false path_age=- path_points=0 planning_time_ms=0.6 | reason=no_static_obstacle_in_range | cache_reason=no_cache
1786861948.160 [STATIC_AVOID] obs_id=- obs_dist=-m obs_s=- ego_s=10.07 side=- | left_clearance=- right_clearance=- candidate_valid=false rung=- | cache_used=false path_age=- path_points=0 planning_time_ms=0.1 | reason=no_static_obstacle_in_range | cache_reason=no_cache
1786861948.700 [STATIC_AVOID] obs_id=- obs_dist=-m obs_s=- ego_s=11.49 side=- | left_clearance=- right_clearance=- candidate_valid=false rung=- | cache_used=false path_age=- path_points=0 planning_time_ms=0.1 | reason=no_static_obstacle_in_range | cache_reason=no_cache
1786861949.201 [STATIC_AVOID] obs_id=- obs_dist=-m obs_s=- ego_s=12.36 side=- | left_clearance=- right_clearance=- candidate_valid=false rung=- | cache_used=false path_age=- path_points=0 planning_time_ms=0.1 | reason=no_static_obstacle_in_range | cache_reason=no_cache
1786861949.707 [STATIC_AVOID] obs_id=- obs_dist=-m obs_s=- ego_s=14.12 side=- | left_clearance=- right_clearance=- candidate_valid=false rung=- | cache_used=false path_age=- path_points=0 planning_time_ms=0.1 | reason=no_static_obstacle_in_range | cache_reason=no_cache
1786861950.219 [STATIC_AVOID] obs_id=- obs_dist=-m obs_s=- ego_s=15.55 side=- | left_clearance=- right_clearance=- candidate_valid=false rung=- | cache_used=false path_age=- path_points=0 planning_time_ms=0.1 | reason=no_static_obstacle_in_range | cache_reason=no_cache
1786861950.733 [STATIC_AVOID] obs_id=- obs_dist=-m obs_s=- ego_s=16.43 side=- | left_clearance=- right_clearance=- candidate_valid=false rung=- | cache_used=false path_age=- path_points=0 planning_time_ms=0.1 | reason=no_static_obstacle_in_range | cache_reason=no_cache
1786861951.256 [STATIC_AVOID] obs_id=- obs_dist=-m obs_s=- ego_s=17.99 side=- | left_clearance=- right_clearance=- candidate_valid=false rung=- | cache_used=false path_age=- path_points=0 planning_time_ms=0.1 | reason=no_static_obstacle_in_range | cache_reason=no_cache
1786861951.773 [STATIC_AVOID] obs_id=- obs_dist=-m obs_s=- ego_s=19.46 side=- | left_clearance=- right_clearance=- candidate_valid=false rung=- | cache_used=false path_age=- path_points=0 planning_time_ms=0.1 | reason=no_static_obstacle_in_range | cache_reason=no_cache
1786861952.316 [STATIC_AVOID] obs_id=- obs_dist=-m obs_s=- ego_s=21.12 side=- | left_clearance=- right_clearance=- candidate_valid=false rung=- | cache_used=false path_age=- path_points=0 planning_time_ms=6.6 | reason=no_static_obstacle_in_range | cache_reason=no_cache
1786861952.857 [STATIC_AVOID] obs_id=- obs_dist=-m obs_s=- ego_s=23.55 side=- | left_clearance=- right_clearance=- candidate_valid=false rung=- | cache_used=false path_age=- path_points=0 planning_time_ms=0.1 | reason=no_static_obstacle_in_range | cache_reason=no_cache
1786861953.372 [STATIC_AVOID] obs_id=18 obs_dist=4.18m obs_s=29.30 ego_s=25.12 side=RIGHT | left_clearance=-0.23 right_clearance=0.39 candidate_valid=true rung=0 | cache_used=false path_age=0.000 path_points=110 planning_time_ms=12.6
1786861953.955 [STATIC_AVOID] obs_id=18 obs_dist=2.62m obs_s=29.28 ego_s=26.65 side=RIGHT | left_clearance=-0.24 right_clearance=0.40 candidate_valid=true rung=0 | cache_used=false path_age=0.000 path_points=92 planning_time_ms=19.0
1786861954.465 [STATIC_AVOID] obs_id=- obs_dist=-m obs_s=- ego_s=27.32 side=- | left_clearance=- right_clearance=- candidate_valid=false rung=- | cache_used=false path_age=- path_points=0 planning_time_ms=0.1 | reason=no_static_obstacle_in_range | cache_reason=no_cache
1786861955.007 [STATIC_AVOID] obs_id=- obs_dist=-m obs_s=- ego_s=28.49 side=- | left_clearance=- right_clearance=- candidate_valid=false rung=- | cache_used=false path_age=- path_points=0 planning_time_ms=0.1 | reason=no_static_obstacle_in_range | cache_reason=no_cache
1786861955.573 [STATIC_AVOID] obs_id=- obs_dist=-m obs_s=- ego_s=29.78 side=- | left_clearance=- right_clearance=- candidate_valid=false rung=- | cache_used=false path_age=- path_points=0 planning_time_ms=0.2 | reason=no_static_obstacle_in_range | cache_reason=no_cache
1786861956.108 [STATIC_AVOID] obs_id=- obs_dist=-m obs_s=- ego_s=30.46 side=- | left_clearance=- right_clearance=- candidate_valid=false rung=- | cache_used=false path_age=- path_points=0 planning_time_ms=0.5 | reason=no_static_obstacle_in_range | cache_reason=no_cache
1786861956.610 [STATIC_AVOID] obs_id=- obs_dist=-m obs_s=- ego_s=31.41 side=- | left_clearance=- right_clearance=- candidate_valid=false rung=- | cache_used=false path_age=- path_points=0 planning_time_ms=0.2 | reason=no_static_obstacle_in_range | cache_reason=no_cache
1786861957.113 [STATIC_AVOID] obs_id=- obs_dist=-m obs_s=- ego_s=32.98 side=- | left_clearance=- right_clearance=- candidate_valid=false rung=- | cache_used=false path_age=- path_points=0 planning_time_ms=0.1 | reason=no_static_obstacle_in_range | cache_reason=no_cache
1786861957.653 [STATIC_AVOID] obs_id=- obs_dist=-m obs_s=- ego_s=0.38 side=- | left_clearance=- right_clearance=- candidate_valid=false rung=- | cache_used=false path_age=- path_points=0 planning_time_ms=0.1 | reason=no_static_obstacle_in_range | cache_reason=no_cache
1786861958.164 [STATIC_AVOID] obs_id=- obs_dist=-m obs_s=- ego_s=1.96 side=- | left_clearance=- right_clearance=- candidate_valid=false rung=- | cache_used=false path_age=- path_points=0 planning_time_ms=2.4 | reason=no_static_obstacle_in_range | cache_reason=no_cache
1786861958.710 [STATIC_AVOID] obs_id=- obs_dist=-m obs_s=- ego_s=3.21 side=- | left_clearance=- right_clearance=- candidate_valid=false rung=- | cache_used=false path_age=- path_points=0 planning_time_ms=0.1 | reason=no_static_obstacle_in_range | cache_reason=no_cache
1786861959.216 [STATIC_AVOID] obs_id=- obs_dist=-m obs_s=- ego_s=4.87 side=- | left_clearance=- right_clearance=- candidate_valid=false rung=- | cache_used=false path_age=- path_points=0 planning_time_ms=0.1 | reason=no_static_obstacle_in_range | cache_reason=no_cache
1786861959.766 [STATIC_AVOID] obs_id=- obs_dist=-m obs_s=- ego_s=6.83 side=- | left_clearance=- right_clearance=- candidate_valid=false rung=- | cache_used=false path_age=- path_points=0 planning_time_ms=0.1 | reason=no_static_obstacle_in_range | cache_reason=no_cache
1786861960.310 [STATIC_AVOID] obs_id=- obs_dist=-m obs_s=- ego_s=8.48 side=- | left_clearance=- right_clearance=- candidate_valid=false rung=- | cache_used=false path_age=- path_points=0 planning_time_ms=0.1 | reason=no_static_obstacle_in_range | cache_reason=no_cache
1786861960.824 [STATIC_AVOID] obs_id=- obs_dist=-m obs_s=- ego_s=9.85 side=- | left_clearance=- right_clearance=- candidate_valid=false rung=- | cache_used=false path_age=- path_points=0 planning_time_ms=0.1 | reason=no_static_obstacle_in_range | cache_reason=no_cache
1786861961.362 [STATIC_AVOID] obs_id=- obs_dist=-m obs_s=- ego_s=11.44 side=- | left_clearance=- right_clearance=- candidate_valid=false rung=- | cache_used=false path_age=- path_points=0 planning_time_ms=0.1 | reason=no_static_obstacle_in_range | cache_reason=no_cache
1786861961.907 [STATIC_AVOID] obs_id=- obs_dist=-m obs_s=- ego_s=12.70 side=- | left_clearance=- right_clearance=- candidate_valid=false rung=- | cache_used=false path_age=- path_points=0 planning_time_ms=0.2 | reason=no_static_obstacle_in_range | cache_reason=no_cache
1786861962.414 [STATIC_AVOID] obs_id=- obs_dist=-m obs_s=- ego_s=14.14 side=- | left_clearance=- right_clearance=- candidate_valid=false rung=- | cache_used=false path_age=- path_points=0 planning_time_ms=0.1 | reason=no_static_obstacle_in_range | cache_reason=no_cache
1786861962.950 [STATIC_AVOID] obs_id=- obs_dist=-m obs_s=- ego_s=15.68 side=- | left_clearance=- right_clearance=- candidate_valid=false rung=- | cache_used=false path_age=- path_points=0 planning_time_ms=0.1 | reason=no_static_obstacle_in_range | cache_reason=no_cache
1786861963.458 [STATIC_AVOID] obs_id=- obs_dist=-m obs_s=- ego_s=16.40 side=- | left_clearance=- right_clearance=- candidate_valid=false rung=- | cache_used=false path_age=- path_points=0 planning_time_ms=0.4 | reason=no_static_obstacle_in_range | cache_reason=no_cache
1786861964.007 [STATIC_AVOID] obs_id=- obs_dist=-m obs_s=- ego_s=17.44 side=- | left_clearance=- right_clearance=- candidate_valid=false rung=- | cache_used=false path_age=- path_points=0 planning_time_ms=0.1 | reason=no_static_obstacle_in_range | cache_reason=no_cache
1786861964.517 [STATIC_AVOID] obs_id=- obs_dist=-m obs_s=- ego_s=18.90 side=- | left_clearance=- right_clearance=- candidate_valid=false rung=- | cache_used=false path_age=- path_points=0 planning_time_ms=0.1 | reason=no_static_obstacle_in_range | cache_reason=no_cache
1786861965.025 [STATIC_AVOID] obs_id=- obs_dist=-m obs_s=- ego_s=20.51 side=- | left_clearance=- right_clearance=- candidate_valid=false rung=- | cache_used=false path_age=- path_points=0 planning_time_ms=2.0 | reason=no_static_obstacle_in_range | cache_reason=no_cache
1786861965.565 [STATIC_AVOID] obs_id=- obs_dist=-m obs_s=- ego_s=22.25 side=- | left_clearance=- right_clearance=- candidate_valid=false rung=- | cache_used=false path_age=- path_points=0 planning_time_ms=0.1 | reason=no_static_obstacle_in_range | cache_reason=no_cache
1786861966.104 [STATIC_AVOID] obs_id=- obs_dist=-m obs_s=- ego_s=24.41 side=- | left_clearance=- right_clearance=- candidate_valid=false rung=- | cache_used=false path_age=- path_points=0 planning_time_ms=0.1 | reason=no_static_obstacle_in_range | cache_reason=no_cache
1786861966.607 [STATIC_AVOID] obs_id=- obs_dist=-m obs_s=- ego_s=25.44 side=- | left_clearance=- right_clearance=- candidate_valid=false rung=- | cache_used=false path_age=- path_points=0 planning_time_ms=0.1 | reason=no_static_obstacle_in_range | cache_reason=no_cache
1786861967.168 [STATIC_AVOID] obs_id=- obs_dist=-m obs_s=- ego_s=27.38 side=- | left_clearance=- right_clearance=- candidate_valid=false rung=- | cache_used=false path_age=- path_points=0 planning_time_ms=0.2 | reason=no_static_obstacle_in_range | cache_reason=no_cache
1786861967.674 [STATIC_AVOID] obs_id=- obs_dist=-m obs_s=- ego_s=28.99 side=- | left_clearance=- right_clearance=- candidate_valid=false rung=- | cache_used=false path_age=- path_points=0 planning_time_ms=0.1 | reason=no_static_obstacle_in_range | cache_reason=no_cache
1786861968.205 [STATIC_AVOID] obs_id=- obs_dist=-m obs_s=- ego_s=30.75 side=- | left_clearance=- right_clearance=- candidate_valid=false rung=- | cache_used=false path_age=- path_points=0 planning_time_ms=0.1 | reason=no_static_obstacle_in_range | cache_reason=no_cache
1786861968.711 [STATIC_AVOID] obs_id=- obs_dist=-m obs_s=- ego_s=32.14 side=- | left_clearance=- right_clearance=- candidate_valid=false rung=- | cache_used=false path_age=- path_points=0 planning_time_ms=0.1 | reason=no_static_obstacle_in_range | cache_reason=no_cache
1786861969.283 [STATIC_AVOID] obs_id=- obs_dist=-m obs_s=- ego_s=34.20 side=- | left_clearance=- right_clearance=- candidate_valid=false rung=- | cache_used=false path_age=- path_points=0 planning_time_ms=0.2 | reason=no_static_obstacle_in_range | cache_reason=no_cache
1786861969.823 [STATIC_AVOID] obs_id=- obs_dist=-m obs_s=- ego_s=1.86 side=- | left_clearance=- right_clearance=- candidate_valid=false rung=- | cache_used=false path_age=- path_points=0 planning_time_ms=0.2 | reason=no_static_obstacle_in_range | cache_reason=no_cache
1786861970.358 [STATIC_AVOID] obs_id=- obs_dist=-m obs_s=- ego_s=3.20 side=- | left_clearance=- right_clearance=- candidate_valid=false rung=- | cache_used=false path_age=- path_points=0 planning_time_ms=0.1 | reason=no_static_obstacle_in_range | cache_reason=no_cache
1786861970.864 [STATIC_AVOID] obs_id=- obs_dist=-m obs_s=- ego_s=4.61 side=- | left_clearance=- right_clearance=- candidate_valid=false rung=- | cache_used=false path_age=- path_points=0 planning_time_ms=0.4 | reason=no_static_obstacle_in_range | cache_reason=no_cache
1786861971.400 [STATIC_AVOID] obs_id=- obs_dist=-m obs_s=- ego_s=6.48 side=- | left_clearance=- right_clearance=- candidate_valid=false rung=- | cache_used=false path_age=- path_points=0 planning_time_ms=0.1 | reason=no_static_obstacle_in_range | cache_reason=no_cache
1786861971.912 [STATIC_AVOID] obs_id=- obs_dist=-m obs_s=- ego_s=8.16 side=- | left_clearance=- right_clearance=- candidate_valid=false rung=- | cache_used=false path_age=- path_points=0 planning_time_ms=0.1 | reason=no_static_obstacle_in_range | cache_reason=no_cache
1786861972.461 [STATIC_AVOID] obs_id=- obs_dist=-m obs_s=- ego_s=9.99 side=- | left_clearance=- right_clearance=- candidate_valid=false rung=- | cache_used=false path_age=- path_points=0 planning_time_ms=0.1 | reason=no_static_obstacle_in_range | cache_reason=no_cache
1786861972.961 [STATIC_AVOID] obs_id=- obs_dist=-m obs_s=- ego_s=11.22 side=- | left_clearance=- right_clearance=- candidate_valid=false rung=- | cache_used=false path_age=- path_points=0 planning_time_ms=1.6 | reason=no_static_obstacle_in_range | cache_reason=no_cache
1786861973.470 [STATIC_AVOID] obs_id=- obs_dist=-m obs_s=- ego_s=12.39 side=- | left_clearance=- right_clearance=- candidate_valid=false rung=- | cache_used=false path_age=- path_points=0 planning_time_ms=0.1 | reason=no_static_obstacle_in_range | cache_reason=no_cache
1786861974.001 [STATIC_AVOID] obs_id=- obs_dist=-m obs_s=- ego_s=14.12 side=- | left_clearance=- right_clearance=- candidate_valid=false rung=- | cache_used=false path_age=- path_points=0 planning_time_ms=0.1 | reason=no_static_obstacle_in_range | cache_reason=no_cache
1786861974.550 [STATIC_AVOID] obs_id=- obs_dist=-m obs_s=- ego_s=15.63 side=- | left_clearance=- right_clearance=- candidate_valid=false rung=- | cache_used=false path_age=- path_points=0 planning_time_ms=0.1 | reason=no_static_obstacle_in_range | cache_reason=no_cache
1786861975.056 [STATIC_AVOID] obs_id=- obs_dist=-m obs_s=- ego_s=16.35 side=- | left_clearance=- right_clearance=- candidate_valid=false rung=- | cache_used=false path_age=- path_points=0 planning_time_ms=0.1 | reason=no_static_obstacle_in_range | cache_reason=no_cache
1786861975.626 [STATIC_AVOID] obs_id=- obs_dist=-m obs_s=- ego_s=17.51 side=- | left_clearance=- right_clearance=- candidate_valid=false rung=- | cache_used=false path_age=- path_points=0 planning_time_ms=0.1 | reason=no_static_obstacle_in_range | cache_reason=no_cache
1786861976.168 [STATIC_AVOID] obs_id=- obs_dist=-m obs_s=- ego_s=19.36 side=- | left_clearance=- right_clearance=- candidate_valid=false rung=- | cache_used=false path_age=- path_points=0 planning_time_ms=0.1 | reason=no_static_obstacle_in_range | cache_reason=no_cache
1786861976.674 [STATIC_AVOID] obs_id=- obs_dist=-m obs_s=- ego_s=21.03 side=- | left_clearance=- right_clearance=- candidate_valid=false rung=- | cache_used=false path_age=- path_points=0 planning_time_ms=0.1 | reason=no_static_obstacle_in_range | cache_reason=no_cache
1786861977.208 [STATIC_AVOID] obs_id=- obs_dist=-m obs_s=- ego_s=22.87 side=- | left_clearance=- right_clearance=- candidate_valid=false rung=- | cache_used=false path_age=- path_points=0 planning_time_ms=0.1 | reason=no_static_obstacle_in_range | cache_reason=no_cache
1786861977.709 [STATIC_AVOID] obs_id=- obs_dist=-m obs_s=- ego_s=24.55 side=- | left_clearance=- right_clearance=- candidate_valid=false rung=- | cache_used=false path_age=- path_points=0 planning_time_ms=0.1 | reason=no_static_obstacle_in_range | cache_reason=no_cache
1786861978.213 [STATIC_AVOID] obs_id=- obs_dist=-m obs_s=- ego_s=25.92 side=- | left_clearance=- right_clearance=- candidate_valid=false rung=- | cache_used=false path_age=- path_points=0 planning_time_ms=0.1 | reason=no_static_obstacle_in_range | cache_reason=no_cache
1786861978.764 [STATIC_AVOID] obs_id=- obs_dist=-m obs_s=- ego_s=26.68 side=- | left_clearance=- right_clearance=- candidate_valid=false rung=- | cache_used=false path_age=- path_points=0 planning_time_ms=0.1 | reason=no_static_obstacle_in_range | cache_reason=no_cache
1786861979.314 [STATIC_AVOID] obs_id=- obs_dist=-m obs_s=- ego_s=27.37 side=- | left_clearance=- right_clearance=- candidate_valid=false rung=- | cache_used=false path_age=- path_points=0 planning_time_ms=0.1 | reason=no_static_obstacle_in_range | cache_reason=no_cache
