# state_machine debug log started 20260816_161900  map='0815test3'
1786864748.160 [OBSTACLES] cur_s=11.96 cur_d=-1.24 vs=0.00 n=0 [none]
1786864748.161 [STATE_CHANGE] None -> LOSTLINE src=GB_TRACK s=11.96 d=-1.24 vs=0.00
1786864748.549 [STATE_CHANGE] LOSTLINE -> RECOVERY src=RECOVERY s=11.96 d=-1.24 vs=0.00
1786864748.677 [OBSTACLES] cur_s=11.96 cur_d=-1.24 vs=0.00 n=0 [none]
1786864749.259 [OBSTACLES] cur_s=11.96 cur_d=-1.24 vs=0.00 n=0 [none]
1786864749.796 [OBSTACLES] cur_s=11.96 cur_d=-1.24 vs=0.00 n=0 [none]
1786864750.377 [OBSTACLES] cur_s=11.96 cur_d=-1.24 vs=0.00 n=0 [none]
1786864750.896 [OBSTACLES] cur_s=11.96 cur_d=-1.24 vs=0.00 n=0 [none]
1786864751.403 [OBSTACLES] cur_s=11.96 cur_d=-1.24 vs=0.00 n=0 [none]
1786864751.916 [OBSTACLES] cur_s=11.96 cur_d=-1.24 vs=0.00 n=0 [none]
1786864752.430 [OBSTACLES] cur_s=11.96 cur_d=-1.24 vs=0.00 n=0 [none]
1786864752.936 [OBSTACLES] cur_s=11.96 cur_d=-1.24 vs=0.00 n=0 [none]
1786864753.462 [OBSTACLES] cur_s=11.96 cur_d=-1.24 vs=0.00 n=0 [none]
1786864753.749 [STATE_CHANGE] RECOVERY -> LOSTLINE src=GB_TRACK s=27.74 d=-0.12 vs=0.00
1786864753.849 [STATE_CHANGE] LOSTLINE -> GB_TRACK src=GB_TRACK s=27.98 d=-0.25 vs=0.00
1786864753.927 [STATE_CHANGE] GB_TRACK -> LOSTLINE src=GB_TRACK s=28.07 d=-0.29 vs=0.00
1786864754.018 [OBSTACLES] cur_s=28.11 cur_d=-0.30 vs=0.00 n=0 [none]
1786864754.508 [STATE_CHANGE] LOSTLINE -> RECOVERY src=RECOVERY s=28.13 d=-0.29 vs=0.00
1786864754.540 [OBSTACLES] cur_s=28.13 cur_d=-0.29 vs=0.00 n=0 [none]
1786864755.050 [OBSTACLES] cur_s=28.13 cur_d=-0.29 vs=0.00 n=0 [none]
1786864755.618 [OBSTACLES] cur_s=28.14 cur_d=-0.27 vs=0.00 n=0 [none]
1786864756.130 [OBSTACLES] cur_s=28.15 cur_d=-0.26 vs=0.00 n=0 [none]
1786864756.642 [OBSTACLES] cur_s=28.15 cur_d=-0.25 vs=0.00 n=0 [none]
1786864757.147 [OBSTACLES] cur_s=28.15 cur_d=-0.25 vs=0.00 n=0 [none]
1786864757.669 [OBSTACLES] cur_s=28.15 cur_d=-0.25 vs=0.00 n=0 [none]
1786864758.248 [OBSTACLES] cur_s=28.15 cur_d=-0.24 vs=0.00 n=0 [none]
1786864758.828 [OBSTACLES] cur_s=28.15 cur_d=-0.24 vs=0.00 n=0 [none]
1786864759.343 [OBSTACLES] cur_s=28.15 cur_d=-0.24 vs=0.00 n=0 [none]
1786864759.881 [OBSTACLES] cur_s=28.15 cur_d=-0.24 vs=0.00 n=0 [none]
1786864760.406 [OBSTACLES] cur_s=28.15 cur_d=-0.24 vs=0.00 n=0 [none]
1786864761.013 [OBSTACLES] cur_s=28.15 cur_d=-0.24 vs=0.00 n=0 [none]
1786864761.563 [OBSTACLES] cur_s=28.15 cur_d=-0.24 vs=0.00 n=0 [none]
1786864762.123 [OBSTACLES] cur_s=28.15 cur_d=-0.24 vs=0.00 n=0 [none]
1786864762.673 [OBSTACLES] cur_s=28.15 cur_d=-0.24 vs=0.00 n=0 [none]
1786864763.193 [OBSTACLES] cur_s=28.15 cur_d=-0.24 vs=0.00 n=0 [none]
1786864763.693 [OBSTACLES] cur_s=28.15 cur_d=-0.24 vs=0.00 n=0 [none]
1786864764.199 [OBSTACLES] cur_s=28.15 cur_d=-0.24 vs=0.00 n=0 [none]
1786864764.608 [STATE_CHANGE] RECOVERY -> LOSTLINE src=GB_TRACK s=28.15 d=-0.24 vs=0.00
1786864764.729 [OBSTACLES] cur_s=28.15 cur_d=-0.23 vs=0.00 n=0 [none]
1786864764.737 [STATE_CHANGE] LOSTLINE -> GB_TRACK src=GB_TRACK s=28.15 d=-0.23 vs=0.00
1786864765.262 [OBSTACLES] cur_s=28.15 cur_d=-0.23 vs=0.00 n=0 [none]
1786864765.782 [OBSTACLES] cur_s=28.15 cur_d=-0.24 vs=0.00 n=0 [none]
1786864766.326 [OBSTACLES] cur_s=28.15 cur_d=-0.23 vs=0.00 n=0 [none]
1786864766.865 [OBSTACLES] cur_s=28.15 cur_d=-0.23 vs=0.00 n=0 [none]
1786864767.372 [OBSTACLES] cur_s=28.15 cur_d=-0.23 vs=0.00 n=0 [none]
1786864767.882 [OBSTACLES] cur_s=28.15 cur_d=-0.24 vs=0.00 n=0 [none]
1786864768.478 [OBSTACLES] cur_s=28.15 cur_d=-0.23 vs=0.00 n=0 [none]
1786864769.020 [OBSTACLES] cur_s=28.15 cur_d=-0.23 vs=0.00 n=0 [none]
1786864769.557 [OBSTACLES] cur_s=28.15 cur_d=-0.23 vs=0.00 n=0 [none]
1786864770.089 [OBSTACLES] cur_s=28.15 cur_d=-0.23 vs=0.00 n=0 [none]
1786864770.668 [OBSTACLES] cur_s=28.15 cur_d=-0.23 vs=0.00 n=0 [none]
1786864771.222 [OBSTACLES] cur_s=28.13 cur_d=-0.22 vs=-0.28 n=0 [none]
1786864771.730 [OBSTACLES] cur_s=27.84 cur_d=-0.05 vs=-0.83 n=0 [none]
1786864772.260 [OBSTACLES] cur_s=27.38 cur_d=0.16 vs=-0.87 n=0 [none]
1786864772.699 [STATE_CHANGE] GB_TRACK -> LOSTLINE src=GB_TRACK s=26.97 d=0.29 vs=-0.87
1786864772.778 [OBSTACLES] cur_s=26.88 cur_d=0.32 vs=-0.90 n=0 [none]
1786864773.285 [OBSTACLES] cur_s=26.40 cur_d=0.41 vs=-0.92 n=0 [none]
1786864773.368 [STATE_CHANGE] LOSTLINE -> RECOVERY src=RECOVERY s=26.27 d=0.44 vs=-0.91
1786864773.787 [OBSTACLES] cur_s=25.92 cur_d=0.47 vs=-0.94 n=0 [none]
1786864773.787 [STATE_CHANGE] RECOVERY -> LOSTLINE src=GB_TRACK s=25.92 d=0.47 vs=-0.94
1786864773.923 [STATE_CHANGE] LOSTLINE -> RECOVERY src=RECOVERY s=25.79 d=0.48 vs=-0.97
1786864774.323 [OBSTACLES] cur_s=25.32 cur_d=0.48 vs=-0.89 n=0 [none]
1786864774.403 [STATE_CHANGE] RECOVERY -> LOSTLINE src=GB_TRACK s=25.25 d=0.47 vs=-0.89
1786864774.493 [STATE_CHANGE] LOSTLINE -> RECOVERY src=RECOVERY s=25.17 d=0.46 vs=-0.88
1786864774.844 [OBSTACLES] cur_s=24.86 cur_d=0.43 vs=-0.88 n=0 [none]
1786864774.945 [STATE_CHANGE] RECOVERY -> LOSTLINE src=GB_TRACK s=24.75 d=0.41 vs=-0.88
1786864775.101 [STATE_CHANGE] LOSTLINE -> RECOVERY src=RECOVERY s=24.64 d=0.40 vs=-0.89
1786864775.351 [OBSTACLES] cur_s=24.41 cur_d=0.36 vs=-0.88 n=0 [none]
1786864775.500 [STATE_CHANGE] RECOVERY -> LOSTLINE src=GB_TRACK s=24.27 d=0.34 vs=-0.88
1786864775.752 [STATE_CHANGE] LOSTLINE -> RECOVERY src=RECOVERY s=24.06 d=0.31 vs=-0.87
1786864775.893 [OBSTACLES] cur_s=23.89 cur_d=0.28 vs=-0.87 n=0 [none]
1786864775.894 [STATE_CHANGE] RECOVERY -> LOSTLINE src=GB_TRACK s=23.89 d=0.28 vs=-0.87
1786864775.960 [STATE_CHANGE] LOSTLINE -> GB_TRACK src=GB_TRACK s=23.80 d=0.26 vs=-0.87
1786864776.426 [OBSTACLES] cur_s=23.43 cur_d=0.18 vs=-0.94 n=0 [none]
1786864776.932 [OBSTACLES] cur_s=23.00 cur_d=0.08 vs=-0.94 n=0 [none]
1786864777.480 [OBSTACLES] cur_s=22.52 cur_d=-0.03 vs=-0.96 n=0 [none]
1786864778.169 [OBSTACLES] cur_s=21.78 cur_d=-0.13 vs=-0.93 n=0 [none]
1786864778.762 [OBSTACLES] cur_s=21.29 cur_d=-0.03 vs=-0.85 n=0 [none]
1786864779.302 [OBSTACLES] cur_s=20.71 cur_d=0.19 vs=-0.95 n=0 [none]
1786864779.804 [OBSTACLES] cur_s=20.27 cur_d=0.25 vs=-0.78 n=0 [none]
1786864780.306 [OBSTACLES] cur_s=20.04 cur_d=0.29 vs=0.00 n=0 [none]
1786864780.820 [OBSTACLES] cur_s=20.02 cur_d=0.29 vs=0.15 n=0 [none]
1786864781.368 [OBSTACLES] cur_s=20.43 cur_d=0.24 vs=0.91 n=0 [none]
1786864781.902 [OBSTACLES] cur_s=20.81 cur_d=0.17 vs=0.92 n=0 [none]
1786864782.432 [OBSTACLES] cur_s=21.40 cur_d=-0.00 vs=0.91 n=0 [none]
1786864782.952 [OBSTACLES] cur_s=21.93 cur_d=-0.09 vs=0.91 n=0 [none]
1786864783.500 [OBSTACLES] cur_s=22.43 cur_d=-0.18 vs=0.91 n=0 [none]
1786864784.038 [OBSTACLES] cur_s=22.93 cur_d=-0.23 vs=0.92 n=0 [none]
1786864784.609 [OBSTACLES] cur_s=23.45 cur_d=-0.27 vs=0.93 n=0 [none]
1786864785.196 [OBSTACLES] cur_s=24.05 cur_d=-0.21 vs=0.92 n=0 [none]
1786864785.761 [OBSTACLES] cur_s=24.58 cur_d=-0.04 vs=0.87 n=0 [none]
1786864786.281 [OBSTACLES] cur_s=25.07 cur_d=0.10 vs=0.92 n=0 [none]
1786864786.822 [OBSTACLES] cur_s=25.61 cur_d=0.04 vs=1.05 n=0 [none]
1786864787.323 [OBSTACLES] cur_s=26.18 cur_d=-0.13 vs=1.05 n=0 [none]
1786864787.825 [OBSTACLES] cur_s=26.73 cur_d=-0.26 vs=1.09 n=0 [none]
1786864787.964 [STATE_CHANGE] GB_TRACK -> RECOVERY src=RECOVERY s=26.86 d=-0.30 vs=1.08
1786864788.341 [OBSTACLES] cur_s=27.14 cur_d=-0.32 vs=1.10 n=0 [none]
1786864788.826 [STATE_CHANGE] RECOVERY -> LOSTLINE src=GB_TRACK s=27.63 d=-0.60 vs=1.12
1786864788.865 [OBSTACLES] cur_s=27.65 cur_d=-0.62 vs=1.12 n=0 [none]
1786864788.977 [STATE_CHANGE] LOSTLINE -> RECOVERY src=RECOVERY s=27.78 d=-0.71 vs=0.94
1786864789.615 [OBSTACLES] cur_s=28.04 cur_d=-0.95 vs=0.00 n=0 [none]
1786864790.203 [OBSTACLES] cur_s=27.93 cur_d=-0.85 vs=-0.58 n=0 [none]
1786864790.740 [OBSTACLES] cur_s=27.61 cur_d=-0.60 vs=-0.65 n=0 [none]
1786864791.125 [STATE_CHANGE] RECOVERY -> LOSTLINE src=GB_TRACK s=27.27 d=-0.39 vs=-0.88
1786864791.246 [OBSTACLES] cur_s=27.16 cur_d=-0.34 vs=-0.86 n=0 [none]
1786864791.247 [STATE_CHANGE] LOSTLINE -> RECOVERY src=RECOVERY s=27.16 d=-0.34 vs=-0.86
1786864791.543 [STATE_CHANGE] RECOVERY -> LOSTLINE src=GB_TRACK s=26.98 d=-0.25 vs=-0.94
1786864791.598 [STATE_CHANGE] LOSTLINE -> GB_TRACK src=GB_TRACK s=26.91 d=-0.22 vs=-0.98
1786864791.778 [OBSTACLES] cur_s=26.73 cur_d=-0.15 vs=-1.16 n=0 [none]
1786864792.346 [OBSTACLES] cur_s=25.88 cur_d=0.08 vs=-1.46 n=0 [none]
1786864792.917 [OBSTACLES] cur_s=24.96 cur_d=0.22 vs=-1.93 n=0 [none]
1786864793.140 [STATE_CHANGE] GB_TRACK -> LOSTLINE src=GB_TRACK s=24.46 d=0.31 vs=-1.97
1786864793.481 [OBSTACLES] cur_s=23.93 cur_d=0.39 vs=-2.00 n=0 [none]
1786864793.915 [STATE_CHANGE] LOSTLINE -> RECOVERY src=RECOVERY s=23.05 d=0.46 vs=-2.01
1786864794.008 [OBSTACLES] cur_s=22.95 cur_d=0.46 vs=-2.02 n=0 [none]
1786864794.049 [STATE_CHANGE] RECOVERY -> LOSTLINE src=GB_TRACK s=22.83 d=0.46 vs=-2.02
1786864794.069 [STATE_CHANGE] LOSTLINE -> RECOVERY src=RECOVERY s=22.75 d=0.46 vs=-2.02
1786864794.193 [STATE_CHANGE] RECOVERY -> LOSTLINE src=GB_TRACK s=22.48 d=0.46 vs=-2.03
1786864794.544 [OBSTACLES] cur_s=21.91 cur_d=0.50 vs=-1.84 n=0 [none]
1786864794.556 [STATE_CHANGE] LOSTLINE -> RECOVERY src=RECOVERY s=21.91 d=0.50 vs=-1.84
1786864794.892 [STATE_CHANGE] RECOVERY -> LOSTLINE src=GB_TRACK s=21.30 d=0.52 vs=-1.05
1786864795.088 [OBSTACLES] cur_s=21.16 cur_d=0.54 vs=-0.62 n=0 [none]
1786864795.596 [OBSTACLES] cur_s=21.06 cur_d=0.40 vs=0.00 n=0 [none]
1786864795.673 [STATE_CHANGE] LOSTLINE -> RECOVERY src=RECOVERY s=21.05 d=0.40 vs=0.00
1786864796.150 [OBSTACLES] cur_s=21.15 cur_d=0.39 vs=0.82 n=0 [none]
1786864796.719 [OBSTACLES] cur_s=22.59 cur_d=0.31 vs=3.21 n=0 [none]
1786864797.269 [OBSTACLES] cur_s=23.99 cur_d=0.19 vs=3.34 n=0 [none]
1786864797.559 [STATE_CHANGE] RECOVERY -> GB_TRACK src=GB_TRACK s=25.03 d=0.03 vs=3.30
1786864797.826 [OBSTACLES] cur_s=25.83 cur_d=-0.19 vs=2.67 n=0 [none]
1786864798.035 [STATE_CHANGE] GB_TRACK -> LOSTLINE src=GB_TRACK s=26.24 d=-0.34 vs=2.21
1786864798.373 [OBSTACLES] cur_s=26.79 cur_d=-0.46 vs=1.38 n=0 [none]
1786864798.374 [STATE_CHANGE] LOSTLINE -> RECOVERY src=RECOVERY s=26.79 d=-0.46 vs=1.38
1786864798.880 [OBSTACLES] cur_s=27.21 cur_d=-0.35 vs=0.94 n=0 [none]
1786864799.423 [OBSTACLES] cur_s=27.97 cur_d=-0.34 vs=1.78 n=0 [none]
1786864799.733 [STATE_CHANGE] RECOVERY -> LOSTLINE src=GB_TRACK s=28.41 d=-0.59 vs=0.99
1786864799.804 [STATE_CHANGE] LOSTLINE -> RECOVERY src=RECOVERY s=28.47 d=-0.63 vs=0.87
1786864799.986 [OBSTACLES] cur_s=28.55 cur_d=-0.68 vs=0.53 n=0 [none]
1786864800.492 [OBSTACLES] cur_s=28.59 cur_d=-0.75 vs=0.00 n=0 [none]
1786864801.044 [OBSTACLES] cur_s=28.40 cur_d=-0.59 vs=-1.34 n=0 [none]
1786864801.166 [STATE_CHANGE] RECOVERY -> LOSTLINE src=GB_TRACK s=28.12 d=-0.41 vs=-2.04
1786864801.246 [STATE_CHANGE] LOSTLINE -> RECOVERY src=RECOVERY s=28.01 d=-0.35 vs=-2.19
1786864801.346 [STATE_CHANGE] RECOVERY -> LOSTLINE src=GB_TRACK s=27.76 d=-0.25 vs=-2.46
1786864801.399 [STATE_CHANGE] LOSTLINE -> GB_TRACK src=GB_TRACK s=27.67 d=-0.22 vs=-2.49
1786864801.610 [OBSTACLES] cur_s=27.28 cur_d=-0.10 vs=-2.62 n=0 [none]
1786864802.125 [OBSTACLES] cur_s=25.65 cur_d=0.07 vs=-2.71 n=0 [none]
1786864802.685 [OBSTACLES] cur_s=24.32 cur_d=0.07 vs=-2.71 n=0 [none]
1786864803.221 [OBSTACLES] cur_s=22.66 cur_d=0.17 vs=-2.71 n=0 [none]
1786864803.754 [OBSTACLES] cur_s=21.35 cur_d=0.26 vs=-2.70 n=0 [none]
1786864804.265 [OBSTACLES] cur_s=20.03 cur_d=0.20 vs=-2.71 n=0 [none]
1786864804.807 [OBSTACLES] cur_s=18.28 cur_d=0.13 vs=-2.31 n=0 [none]
1786864805.367 [OBSTACLES] cur_s=17.43 cur_d=-0.19 vs=-1.02 n=0 [none]
1786864805.663 [STATE_CHANGE] GB_TRACK -> RECOVERY src=RECOVERY s=17.24 d=-0.30 vs=-0.42
1786864805.920 [OBSTACLES] cur_s=17.21 cur_d=-0.32 vs=0.00 n=0 [none]
1786864806.470 [OBSTACLES] cur_s=17.22 cur_d=-0.32 vs=0.07 n=0 [none]
1786864806.993 [OBSTACLES] cur_s=17.52 cur_d=-0.14 vs=0.87 n=0 [none]
1786864807.174 [STATE_CHANGE] RECOVERY -> GB_TRACK src=GB_TRACK s=17.75 d=-0.04 vs=0.86
1786864807.552 [OBSTACLES] cur_s=18.10 cur_d=0.06 vs=1.28 n=0 [none]
1786864808.064 [OBSTACLES] cur_s=19.30 cur_d=0.17 vs=3.61 n=0 [none]
1786864808.576 [OBSTACLES] cur_s=21.16 cur_d=-0.03 vs=3.90 n=0 [none]
1786864809.093 [OBSTACLES] cur_s=23.26 cur_d=-0.13 vs=3.93 n=0 [none]
1786864809.618 [OBSTACLES] cur_s=25.33 cur_d=-0.09 vs=3.94 n=0 [none]
1786864810.036 [STATE_CHANGE] GB_TRACK -> LOSTLINE src=GB_TRACK s=27.06 d=-0.30 vs=3.15
1786864810.107 [STATE_CHANGE] LOSTLINE -> RECOVERY src=RECOVERY s=27.26 d=-0.36 vs=2.97
1786864810.148 [OBSTACLES] cur_s=27.32 cur_d=-0.38 vs=2.90 n=0 [none]
1786864810.430 [STATE_CHANGE] RECOVERY -> LOSTLINE src=GB_TRACK s=27.82 d=-0.59 vs=2.32
1786864810.495 [STATE_CHANGE] LOSTLINE -> RECOVERY src=RECOVERY s=27.91 d=-0.64 vs=2.15
1786864810.747 [OBSTACLES] cur_s=28.35 cur_d=-0.94 vs=1.43 n=0 [none]
1786864810.861 [STATE_CHANGE] RECOVERY -> LOSTLINE src=GB_TRACK s=28.45 d=-1.03 vs=1.16
1786864811.305 [OBSTACLES] cur_s=28.67 cur_d=-1.25 vs=0.39 n=0 [none]
1786864811.377 [STATE_CHANGE] LOSTLINE -> RECOVERY src=RECOVERY s=28.68 d=-1.26 vs=0.30
1786864811.813 [OBSTACLES] cur_s=28.64 cur_d=-1.22 vs=-0.74 n=0 [none]
1786864811.994 [STATE_CHANGE] RECOVERY -> LOSTLINE src=GB_TRACK s=28.47 d=-1.06 vs=-1.64
1786864812.317 [OBSTACLES] cur_s=27.86 cur_d=-0.63 vs=-3.32 n=0 [none]
1786864812.652 [STATE_CHANGE] LOSTLINE -> GB_TRACK src=GB_TRACK s=26.76 d=-0.28 vs=-3.84
1786864812.828 [OBSTACLES] cur_s=26.06 cur_d=-0.18 vs=-3.88 n=0 [none]
1786864813.504 [OBSTACLES] cur_s=23.35 cur_d=-0.10 vs=-3.77 n=0 [none]
1786864813.994 [STATE_CHANGE] GB_TRACK -> LOSTLINE src=GB_TRACK s=21.76 d=0.35 vs=-3.66
1786864814.108 [OBSTACLES] cur_s=21.36 cur_d=0.39 vs=-2.69 n=0 [none]
1786864814.707 [OBSTACLES] cur_s=20.70 cur_d=0.71 vs=-0.00 n=0 [none]
1786864815.125 [STATE_CHANGE] LOSTLINE -> RECOVERY src=RECOVERY s=20.68 d=0.74 vs=-0.00
1786864815.219 [OBSTACLES] cur_s=20.68 cur_d=0.74 vs=-0.00 n=0 [none]
1786864815.792 [OBSTACLES] cur_s=20.68 cur_d=0.73 vs=0.04 n=0 [none]
1786864816.295 [OBSTACLES] cur_s=20.59 cur_d=0.57 vs=0.87 n=0 [none]
1786864816.819 [OBSTACLES] cur_s=20.85 cur_d=0.26 vs=1.07 n=0 [none]
1786864817.143 [STATE_CHANGE] RECOVERY -> GB_TRACK src=GB_TRACK s=21.81 d=0.03 vs=0.67
1786864817.336 [OBSTACLES] cur_s=21.99 cur_d=-0.05 vs=0.43 n=0 [none]
1786864817.683 [STATE_CHANGE] GB_TRACK -> LOSTLINE src=GB_TRACK s=21.56 d=0.41 vs=-0.13
1786864817.783 [STATE_CHANGE] LOSTLINE -> RECOVERY src=RECOVERY s=21.33 d=0.55 vs=-0.30
1786864817.863 [OBSTACLES] cur_s=21.28 cur_d=0.61 vs=0.53 n=0 [none]
1786864818.653 [OBSTACLES] cur_s=21.81 cur_d=0.50 vs=0.62 n=0 [none]
1786864819.247 [OBSTACLES] cur_s=21.75 cur_d=0.50 vs=-1.31 n=0 [none]
1786864819.790 [OBSTACLES] cur_s=20.55 cur_d=0.30 vs=-2.28 n=0 [none]
1786864819.792 [STATE_CHANGE] RECOVERY -> LOSTLINE src=GB_TRACK s=20.55 d=0.30 vs=-2.28
1786864819.869 [STATE_CHANGE] LOSTLINE -> GB_TRACK src=GB_TRACK s=20.41 d=0.28 vs=-2.29
1786864820.332 [OBSTACLES] cur_s=19.43 cur_d=0.14 vs=-2.28 n=0 [none]
1786864820.937 [OBSTACLES] cur_s=18.12 cur_d=-0.13 vs=-2.33 n=0 [none]
1786864821.452 [OBSTACLES] cur_s=17.09 cur_d=-0.29 vs=-1.91 n=0 [none]
1786864821.453 [STATE_CHANGE] GB_TRACK -> LOSTLINE src=GB_TRACK s=17.09 d=-0.29 vs=-1.91
1786864821.637 [STATE_CHANGE] LOSTLINE -> RECOVERY src=RECOVERY s=16.76 d=-0.41 vs=-1.73
1786864821.767 [STATE_CHANGE] RECOVERY -> LOSTLINE src=GB_TRACK s=16.62 d=-0.49 vs=-1.61
1786864821.805 [STATE_CHANGE] LOSTLINE -> RECOVERY src=RECOVERY s=16.59 d=-0.52 vs=-1.52
1786864821.962 [OBSTACLES] cur_s=16.36 cur_d=-0.93 vs=-1.14 n=0 [none]
1786864821.972 [STATE_CHANGE] RECOVERY -> LOSTLINE src=GB_TRACK s=16.36 d=-0.93 vs=-1.14
1786864822.098 [STATIC_OT] state=GB_TRACK path_exists=0 path_locked=0 path_ttl_ok=0 path_safe=0 on_spline=0 speed=-0.98 raw_wpnts=0 raw_age=-s decision=TRAILING reason=NO_STATIC_PATH
1786864822.099 [STATE_CHANGE] LOSTLINE -> TRAILING src=GB_TRACK s=16.29 d=-1.04 vs=-0.98
1786864822.261 [STATIC_OT_TRANSITION] first_valid_path_to_overtake_ms=0.0
1786864822.265 [STATE_CHANGE] TRAILING -> OVERTAKE src=OVERTAKE s=16.23 d=-1.18 vs=-0.85
1786864822.358 [STATIC_OT] state=OVERTAKE path_exists=1 path_locked=1 path_ttl_ok=1 path_safe=1 on_spline=0 speed=-0.65 raw_wpnts=81 raw_age=0.53s decision=OVERTAKE
1786864822.466 [OBSTACLES] cur_s=16.10 cur_d=-1.43 vs=-0.45 n=1 [id=10 static=1 gap=2.01m d=0.71 size=0.40]
1786864822.573 [STATIC_OT] state=OVERTAKE path_exists=1 path_locked=1 path_ttl_ok=1 path_safe=1 on_spline=0 speed=-0.36 raw_wpnts=81 raw_age=0.48s decision=OVERTAKE
1786864822.797 [STATIC_OT] state=OVERTAKE path_exists=1 path_locked=1 path_ttl_ok=0 path_safe=0 on_spline=0 speed=-0.12 raw_wpnts=0 raw_age=-s decision=TRAILING reason=NO_STATIC_PATH
1786864822.801 [STATE_CHANGE] OVERTAKE -> TRAILING src=GB_TRACK s=16.01 d=-1.77 vs=-0.12
1786864823.003 [OBSTACLES] cur_s=16.02 cur_d=-1.82 vs=0.00 n=1 [id=10 static=1 gap=1.99m d=0.70 size=0.42]
1786864823.016 [STATIC_OT] state=TRAILING path_exists=0 path_locked=0 path_ttl_ok=0 path_safe=0 on_spline=0 speed=0.00 raw_wpnts=0 raw_age=-s decision=TRAILING reason=NO_STATIC_PATH
1786864823.227 [STATIC_OT] state=TRAILING path_exists=0 path_locked=0 path_ttl_ok=0 path_safe=0 on_spline=0 speed=0.00 raw_wpnts=0 raw_age=-s decision=TRAILING reason=NO_STATIC_PATH
1786864823.432 [STATIC_OT] state=TRAILING path_exists=0 path_locked=0 path_ttl_ok=0 path_safe=0 on_spline=0 speed=0.00 raw_wpnts=0 raw_age=-s decision=TRAILING reason=NO_STATIC_PATH
1786864823.513 [OBSTACLES] cur_s=16.02 cur_d=-1.82 vs=0.00 n=1 [id=10 static=1 gap=1.95m d=0.69 size=0.44]
1786864823.671 [STATE_CHANGE] TRAILING -> LOSTLINE src=GB_TRACK s=16.02 d=-1.82 vs=0.00
1786864824.046 [OBSTACLES] cur_s=16.02 cur_d=-1.82 vs=0.00 n=0 [none]
1786864824.572 [OBSTACLES] cur_s=16.02 cur_d=-1.82 vs=0.00 n=0 [none]
1786864825.123 [OBSTACLES] cur_s=16.03 cur_d=-1.80 vs=0.07 n=0 [none]
1786864825.639 [OBSTACLES] cur_s=16.08 cur_d=-1.60 vs=0.54 n=0 [none]
1786864825.755 [STATE_CHANGE] LOSTLINE -> RECOVERY src=RECOVERY s=16.11 d=-1.51 vs=0.61
1786864826.187 [OBSTACLES] cur_s=16.22 cur_d=-1.35 vs=0.90 n=1 [id=14 static=1 gap=1.21m d=0.57 size=0.34]
1786864826.739 [OBSTACLES] cur_s=16.57 cur_d=-0.72 vs=1.41 n=1 [id=14 static=1 gap=0.73m d=0.54 size=0.42]
1786864827.287 [OBSTACLES] cur_s=17.48 cur_d=-0.25 vs=2.35 n=0 [none]
1786864827.829 [OBSTACLES] cur_s=18.94 cur_d=-0.05 vs=2.59 n=0 [none]
1786864828.363 [OBSTACLES] cur_s=20.11 cur_d=-0.18 vs=2.60 n=0 [none]
1786864828.907 [OBSTACLES] cur_s=21.48 cur_d=-0.04 vs=2.33 n=0 [none]
1786864828.908 [STATE_CHANGE] RECOVERY -> GB_TRACK src=GB_TRACK s=21.48 d=-0.04 vs=2.33
1786864829.423 [OBSTACLES] cur_s=22.97 cur_d=0.12 vs=3.36 n=0 [none]
1786864829.875 [STATE_CHANGE] GB_TRACK -> LOSTLINE src=GB_TRACK s=24.38 d=0.29 vs=3.31
1786864829.932 [OBSTACLES] cur_s=24.49 cur_d=0.31 vs=3.38 n=0 [none]
1786864830.208 [STATE_CHANGE] LOSTLINE -> RECOVERY src=RECOVERY s=25.62 d=0.51 vs=3.17
1786864830.448 [OBSTACLES] cur_s=26.45 cur_d=0.48 vs=2.55 n=0 [none]
1786864830.909 [STATE_CHANGE] RECOVERY -> GB_TRACK src=GB_TRACK s=27.84 d=0.05 vs=1.33
1786864830.978 [OBSTACLES] cur_s=27.92 cur_d=0.02 vs=1.23 n=0 [none]
1786864831.531 [OBSTACLES] cur_s=28.13 cur_d=-0.05 vs=0.24 n=0 [none]
1786864832.032 [OBSTACLES] cur_s=28.29 cur_d=-0.10 vs=0.00 n=0 [none]
1786864832.545 [OBSTACLES] cur_s=28.27 cur_d=-0.10 vs=-0.18 n=0 [none]
1786864833.078 [OBSTACLES] cur_s=27.94 cur_d=-0.02 vs=-1.99 n=0 [none]
1786864833.590 [OBSTACLES] cur_s=26.46 cur_d=0.07 vs=-2.33 n=0 [none]
1786864834.096 [OBSTACLES] cur_s=25.95 cur_d=-0.01 vs=-2.34 n=0 [none]
1786864834.651 [OBSTACLES] cur_s=24.01 cur_d=0.10 vs=-2.29 n=0 [none]
1786864835.062 [STATE_CHANGE] GB_TRACK -> LOSTLINE src=GB_TRACK s=23.25 d=0.29 vs=-2.31
1786864835.095 [STATE_CHANGE] LOSTLINE -> RECOVERY src=RECOVERY s=23.15 d=0.32 vs=-2.31
1786864835.190 [OBSTACLES] cur_s=22.98 cur_d=0.37 vs=-2.32 n=0 [none]
1786864835.191 [STATE_CHANGE] RECOVERY -> LOSTLINE src=GB_TRACK s=22.98 d=0.37 vs=-2.32
1786864835.241 [STATE_CHANGE] LOSTLINE -> RECOVERY src=RECOVERY s=22.85 d=0.39 vs=-2.32
1786864835.369 [STATE_CHANGE] RECOVERY -> LOSTLINE src=GB_TRACK s=22.53 d=0.42 vs=-2.34
1786864835.403 [STATE_CHANGE] LOSTLINE -> RECOVERY src=RECOVERY s=22.45 d=0.43 vs=-2.34
1786864835.592 [STATE_CHANGE] RECOVERY -> LOSTLINE src=GB_TRACK s=22.07 d=0.47 vs=-2.34
1786864835.698 [OBSTACLES] cur_s=21.69 cur_d=0.50 vs=-2.36 n=0 [none]
1786864835.889 [STATE_CHANGE] LOSTLINE -> RECOVERY src=RECOVERY s=21.25 d=0.55 vs=-2.12
1786864836.036 [STATE_CHANGE] RECOVERY -> LOSTLINE src=GB_TRACK s=21.11 d=0.56 vs=-1.98
1786864836.220 [OBSTACLES] cur_s=20.95 cur_d=0.57 vs=-1.77 n=0 [none]
1786864836.768 [OBSTACLES] cur_s=20.36 cur_d=0.45 vs=-0.44 n=0 [none]
1786864837.315 [OBSTACLES] cur_s=20.33 cur_d=0.46 vs=0.00 n=0 [none]
1786864837.828 [OBSTACLES] cur_s=20.27 cur_d=0.46 vs=-0.55 n=0 [none]
1786864838.361 [OBSTACLES] cur_s=20.10 cur_d=0.47 vs=-0.20 n=0 [none]
1786864838.921 [OBSTACLES] cur_s=20.11 cur_d=0.47 vs=0.00 n=0 [none]
1786864839.500 [OBSTACLES] cur_s=20.11 cur_d=0.47 vs=0.00 n=0 [none]
1786864840.014 [OBSTACLES] cur_s=20.07 cur_d=0.46 vs=-0.46 n=0 [none]
1786864840.074 [STATE_CHANGE] LOSTLINE -> RECOVERY src=RECOVERY s=20.06 d=0.46 vs=-0.46
1786864840.528 [OBSTACLES] cur_s=19.85 cur_d=0.45 vs=-0.86 n=0 [none]
1786864840.832 [STATE_CHANGE] RECOVERY -> LOSTLINE src=GB_TRACK s=19.40 d=0.27 vs=-0.98
1786864840.920 [STATE_CHANGE] LOSTLINE -> RECOVERY src=RECOVERY s=18.92 d=0.34 vs=-0.94
1786864840.965 [STATE_CHANGE] RECOVERY -> LOSTLINE src=GB_TRACK s=18.86 d=0.35 vs=-0.92
1786864841.062 [OBSTACLES] cur_s=18.75 cur_d=0.38 vs=-0.88 n=0 [none]
1786864841.135 [STATE_CHANGE] LOSTLINE -> RECOVERY src=RECOVERY s=18.71 d=0.37 vs=-0.89
1786864841.606 [OBSTACLES] cur_s=18.61 cur_d=0.36 vs=-0.99 n=0 [none]
1786864841.873 [STATE_CHANGE] RECOVERY -> LOSTLINE src=GB_TRACK s=17.75 d=0.13 vs=-0.97
1786864841.962 [STATE_CHANGE] LOSTLINE -> GB_TRACK src=GB_TRACK s=17.43 d=-0.16 vs=-0.96
1786864842.114 [OBSTACLES] cur_s=17.39 cur_d=-0.12 vs=-0.98 n=0 [none]
1786864842.477 [STATE_CHANGE] GB_TRACK -> LOSTLINE src=GB_TRACK s=17.02 d=-0.46 vs=-1.25
1786864842.624 [OBSTACLES] cur_s=16.92 cur_d=-0.54 vs=-1.32 n=0 [none]
1786864842.626 [STATE_CHANGE] LOSTLINE -> RECOVERY src=RECOVERY s=16.92 d=-0.54 vs=-1.32
1786864843.146 [OBSTACLES] cur_s=16.68 cur_d=-0.54 vs=-1.12 n=0 [none]
1786864843.665 [OBSTACLES] cur_s=16.79 cur_d=-0.48 vs=-1.10 n=0 [none]
1786864843.902 [STATE_CHANGE] RECOVERY -> LOSTLINE src=GB_TRACK s=16.70 d=-0.62 vs=-1.01
1786864844.034 [STATE_CHANGE] LOSTLINE -> RECOVERY src=RECOVERY s=16.60 d=-0.79 vs=-0.92
1786864844.174 [OBSTACLES] cur_s=16.48 cur_d=-0.99 vs=-0.71 n=0 [none]
1786864844.219 [STATE_CHANGE] RECOVERY -> LOSTLINE src=GB_TRACK s=16.44 d=-1.08 vs=-0.64
1786864844.758 [OBSTACLES] cur_s=16.35 cur_d=-1.38 vs=-0.11 n=1 [id=26 static=1 gap=3.23m d=0.76 size=0.45]
1786864844.761 [STATIC_OT] state=GB_TRACK path_exists=0 path_locked=0 path_ttl_ok=0 path_safe=0 on_spline=0 speed=-0.11 raw_wpnts=0 raw_age=-s decision=TRAILING reason=NO_STATIC_PATH
1786864844.763 [STATE_CHANGE] LOSTLINE -> TRAILING src=GB_TRACK s=16.35 d=-1.38 vs=-0.11
1786864845.037 [STATE_CHANGE] TRAILING -> LOSTLINE src=GB_TRACK s=16.37 d=-1.39 vs=0.00
1786864845.288 [OBSTACLES] cur_s=16.37 cur_d=-1.39 vs=0.00 n=0 [none]
1786864845.798 [OBSTACLES] cur_s=16.38 cur_d=-1.39 vs=0.00 n=0 [none]
1786864846.096 [STATE_CHANGE] LOSTLINE -> RECOVERY src=RECOVERY s=16.37 d=-1.39 vs=0.00
1786864846.400 [OBSTACLES] cur_s=16.38 cur_d=-1.38 vs=0.04 n=0 [none]
1786864846.940 [OBSTACLES] cur_s=16.42 cur_d=-1.16 vs=0.33 n=0 [none]
1786864847.446 [OBSTACLES] cur_s=16.60 cur_d=-0.77 vs=0.44 n=0 [none]
1786864848.071 [OBSTACLES] cur_s=17.10 cur_d=-0.16 vs=1.36 n=0 [none]
1786864848.285 [STATE_CHANGE] RECOVERY -> GB_TRACK src=GB_TRACK s=17.29 d=-0.04 vs=1.61
1786864848.573 [OBSTACLES] cur_s=17.78 cur_d=0.17 vs=1.80 n=0 [none]
1786864849.069 [STATE_CHANGE] GB_TRACK -> LOSTLINE src=GB_TRACK s=18.46 d=0.29 vs=1.33
1786864849.106 [OBSTACLES] cur_s=18.49 cur_d=0.30 vs=1.39 n=0 [none]
1786864849.146 [STATE_CHANGE] LOSTLINE -> RECOVERY src=RECOVERY s=18.54 d=0.30 vs=1.53
1786864849.665 [OBSTACLES] cur_s=19.34 cur_d=0.33 vs=1.84 n=0 [none]
1786864850.237 [OBSTACLES] cur_s=20.32 cur_d=0.09 vs=2.15 n=0 [none]
1786864850.480 [STATE_CHANGE] RECOVERY -> GB_TRACK src=GB_TRACK s=20.49 d=0.02 vs=2.12
1786864850.746 [OBSTACLES] cur_s=20.96 cur_d=-0.12 vs=2.06 n=0 [none]
1786864851.115 [STATE_CHANGE] GB_TRACK -> RECOVERY src=RECOVERY s=21.97 d=-0.30 vs=1.76
1786864851.267 [OBSTACLES] cur_s=22.41 cur_d=-0.37 vs=2.28 n=0 [none]
1786864851.752 [STATE_CHANGE] RECOVERY -> LOSTLINE src=GB_TRACK s=23.45 d=-0.57 vs=2.52
1786864851.992 [OBSTACLES] cur_s=23.79 cur_d=-0.63 vs=2.15 n=0 [none]
1786864852.529 [OBSTACLES] cur_s=24.05 cur_d=-0.74 vs=0.00 n=0 [none]
1786864853.047 [OBSTACLES] cur_s=23.94 cur_d=-0.68 vs=-1.29 n=0 [none]
1786864853.579 [OBSTACLES] cur_s=23.22 cur_d=-0.51 vs=-1.40 n=0 [none]
1786864854.120 [OBSTACLES] cur_s=22.98 cur_d=-0.47 vs=-0.06 n=0 [none]
1786864854.656 [OBSTACLES] cur_s=23.45 cur_d=-0.43 vs=1.90 n=0 [none]
1786864855.178 [OBSTACLES] cur_s=24.39 cur_d=-0.31 vs=2.45 n=0 [none]
1786864855.308 [STATE_CHANGE] LOSTLINE -> GB_TRACK src=GB_TRACK s=24.77 d=-0.28 vs=2.23
1786864855.707 [OBSTACLES] cur_s=25.48 cur_d=-0.26 vs=2.48 n=0 [none]
1786864855.929 [STATE_CHANGE] GB_TRACK -> LOSTLINE src=GB_TRACK s=26.01 d=-0.31 vs=2.22
1786864856.175 [STATE_CHANGE] LOSTLINE -> RECOVERY src=RECOVERY s=26.49 d=-0.39 vs=2.41
1786864856.238 [OBSTACLES] cur_s=26.58 cur_d=-0.34 vs=2.61 n=0 [none]
1786864856.920 [OBSTACLES] cur_s=27.66 cur_d=-0.58 vs=1.17 n=0 [none]
1786864856.921 [STATE_CHANGE] RECOVERY -> LOSTLINE src=GB_TRACK s=27.66 d=-0.58 vs=1.17
1786864857.467 [OBSTACLES] cur_s=27.90 cur_d=-0.73 vs=0.00 n=0 [none]
1786864857.931 [STATE_CHANGE] LOSTLINE -> RECOVERY src=RECOVERY s=27.53 d=-0.54 vs=-2.14
1786864858.003 [OBSTACLES] cur_s=27.35 cur_d=-0.47 vs=-2.60 n=0 [none]
1786864858.004 [STATE_CHANGE] RECOVERY -> LOSTLINE src=GB_TRACK s=27.35 d=-0.47 vs=-2.60
1786864858.108 [STATE_CHANGE] LOSTLINE -> RECOVERY src=RECOVERY s=27.15 d=-0.41 vs=-2.57
1786864858.178 [STATE_CHANGE] RECOVERY -> LOSTLINE src=GB_TRACK s=27.03 d=-0.37 vs=-2.55
1786864858.366 [STATE_CHANGE] LOSTLINE -> GB_TRACK src=GB_TRACK s=26.59 d=-0.28 vs=-2.13
1786864858.509 [OBSTACLES] cur_s=26.37 cur_d=-0.24 vs=-1.88 n=0 [none]
1786864859.024 [OBSTACLES] cur_s=25.09 cur_d=0.02 vs=-2.63 n=0 [none]
1786864859.540 [OBSTACLES] cur_s=24.02 cur_d=0.10 vs=-2.27 n=0 [none]
1786864860.069 [OBSTACLES] cur_s=22.93 cur_d=0.11 vs=-1.94 n=0 [none]
1786864860.596 [OBSTACLES] cur_s=22.07 cur_d=0.04 vs=-1.82 n=0 [none]
1786864861.145 [OBSTACLES] cur_s=21.17 cur_d=0.00 vs=-1.68 n=0 [none]
1786864861.693 [OBSTACLES] cur_s=20.40 cur_d=0.10 vs=-0.66 n=0 [none]
1786864862.215 [OBSTACLES] cur_s=20.32 cur_d=0.10 vs=0.00 n=0 [none]
1786864862.819 [OBSTACLES] cur_s=21.19 cur_d=0.01 vs=3.34 n=0 [none]
1786864863.338 [OBSTACLES] cur_s=22.39 cur_d=-0.22 vs=2.74 n=0 [none]
1786864863.756 [STATE_CHANGE] GB_TRACK -> LOSTLINE src=GB_TRACK s=23.58 d=-0.31 vs=3.59
1786864863.839 [OBSTACLES] cur_s=23.83 cur_d=-0.34 vs=3.35 n=0 [none]
1786864863.919 [STATE_CHANGE] LOSTLINE -> RECOVERY src=RECOVERY s=23.98 d=-0.37 vs=3.30
1786864864.365 [OBSTACLES] cur_s=25.22 cur_d=-0.40 vs=2.90 n=0 [none]
1786864864.929 [OBSTACLES] cur_s=27.31 cur_d=-0.38 vs=3.26 n=0 [none]
1786864865.189 [STATE_CHANGE] RECOVERY -> LOSTLINE src=GB_TRACK s=28.07 d=-0.50 vs=2.48
1786864865.483 [OBSTACLES] cur_s=28.55 cur_d=-0.61 vs=1.84 n=0 [none]
1786864865.635 [STATE_CHANGE] LOSTLINE -> RECOVERY src=RECOVERY s=28.75 d=-0.68 vs=1.47
1786864866.065 [OBSTACLES] cur_s=28.97 cur_d=-0.86 vs=0.62 n=0 [none]
1786864866.595 [OBSTACLES] cur_s=29.11 cur_d=-0.91 vs=0.94 n=0 [none]
1786864866.932 [STATE_CHANGE] RECOVERY -> LOSTLINE src=GB_TRACK s=29.36 d=-1.02 vs=0.94
1786864867.111 [OBSTACLES] cur_s=29.46 cur_d=-1.08 vs=0.50 n=0 [none]
1786864867.634 [OBSTACLES] cur_s=29.47 cur_d=-1.09 vs=-0.48 n=0 [none]
1786864867.743 [STATE_CHANGE] LOSTLINE -> RECOVERY src=RECOVERY s=29.39 d=-1.05 vs=-1.20
1786864867.992 [STATE_CHANGE] RECOVERY -> LOSTLINE src=GB_TRACK s=29.02 d=-0.91 vs=-2.67
1786864868.025 [STATE_CHANGE] LOSTLINE -> RECOVERY src=RECOVERY s=28.96 d=-0.89 vs=-2.37
1786864868.062 [STATE_CHANGE] RECOVERY -> LOSTLINE src=GB_TRACK s=28.91 d=-0.88 vs=-2.42
1786864868.138 [OBSTACLES] cur_s=28.81 cur_d=-0.84 vs=-2.36 n=0 [none]
1786864868.260 [STATE_CHANGE] LOSTLINE -> RECOVERY src=RECOVERY s=28.65 d=-0.79 vs=-2.24
1786864868.367 [STATE_CHANGE] RECOVERY -> LOSTLINE src=GB_TRACK s=28.31 d=-0.69 vs=-1.75
1786864868.683 [OBSTACLES] cur_s=27.95 cur_d=-0.63 vs=-1.29 n=0 [none]
1786864869.196 [OBSTACLES] cur_s=27.47 cur_d=-0.56 vs=-1.36 n=0 [none]
1786864869.723 [OBSTACLES] cur_s=26.78 cur_d=-0.47 vs=-1.59 n=0 [none]
1786864870.052 [STATE_CHANGE] LOSTLINE -> RECOVERY src=RECOVERY s=26.15 d=-0.45 vs=-1.58
1786864870.146 [STATE_CHANGE] RECOVERY -> LOSTLINE src=GB_TRACK s=26.07 d=-0.45 vs=-1.58
1786864870.315 [OBSTACLES] cur_s=25.83 cur_d=-0.44 vs=-1.57 n=0 [none]
1786864870.583 [STATE_CHANGE] LOSTLINE -> RECOVERY src=RECOVERY s=25.46 d=-0.41 vs=-1.58
1786864870.650 [STATE_CHANGE] RECOVERY -> LOSTLINE src=GB_TRACK s=25.40 d=-0.39 vs=-1.58
1786864870.855 [OBSTACLES] cur_s=25.02 cur_d=-0.34 vs=-1.76 n=0 [none]
1786864871.374 [OBSTACLES] cur_s=24.00 cur_d=-0.34 vs=-2.06 n=0 [none]
1786864871.692 [STATE_CHANGE] LOSTLINE -> RECOVERY src=RECOVERY s=23.17 d=-0.39 vs=-1.67
1786864871.871 [STATE_CHANGE] RECOVERY -> LOSTLINE src=GB_TRACK s=22.95 d=-0.39 vs=-1.36
1786864871.902 [OBSTACLES] cur_s=22.91 cur_d=-0.39 vs=-1.27 n=0 [none]
1786864871.973 [STATE_CHANGE] LOSTLINE -> RECOVERY src=RECOVERY s=22.86 d=-0.39 vs=-1.13
1786864872.418 [OBSTACLES] cur_s=22.69 cur_d=-0.39 vs=0.00 n=0 [none]
1786864872.948 [OBSTACLES] cur_s=22.75 cur_d=-0.63 vs=0.00 n=0 [none]
1786864873.489 [OBSTACLES] cur_s=22.76 cur_d=-0.64 vs=0.00 n=0 [none]
1786864874.020 [OBSTACLES] cur_s=22.79 cur_d=-0.63 vs=0.45 n=0 [none]
1786864874.532 [OBSTACLES] cur_s=23.24 cur_d=-0.56 vs=1.20 n=0 [none]
1786864875.057 [OBSTACLES] cur_s=24.00 cur_d=-0.04 vs=1.73 n=0 [none]
1786864875.061 [STATE_CHANGE] RECOVERY -> GB_TRACK src=GB_TRACK s=24.00 d=-0.04 vs=1.73
1786864875.531 [STATE_CHANGE] GB_TRACK -> RECOVERY src=RECOVERY s=25.14 d=0.31 vs=1.77
1786864875.578 [OBSTACLES] cur_s=25.21 cur_d=0.32 vs=1.67 n=0 [none]
1786864876.108 [OBSTACLES] cur_s=25.74 cur_d=0.37 vs=0.57 n=0 [none]
1786864876.654 [OBSTACLES] cur_s=25.73 cur_d=0.36 vs=-0.80 n=0 [none]
1786864877.125 [STATE_CHANGE] RECOVERY -> LOSTLINE src=GB_TRACK s=24.59 d=0.20 vs=-3.51
1786864877.196 [OBSTACLES] cur_s=24.32 cur_d=0.15 vs=-3.59 n=0 [none]
1786864877.202 [STATE_CHANGE] LOSTLINE -> GB_TRACK src=GB_TRACK s=24.32 d=0.15 vs=-3.59
1786864877.788 [OBSTACLES] cur_s=22.32 cur_d=-0.19 vs=-3.33 n=0 [none]
1786864878.380 [OBSTACLES] cur_s=20.76 cur_d=-0.20 vs=-2.81 n=0 [none]
1786864878.928 [OBSTACLES] cur_s=18.60 cur_d=-0.24 vs=-3.00 n=0 [none]
1786864879.068 [STATE_CHANGE] GB_TRACK -> LOSTLINE src=GB_TRACK s=18.26 d=-0.32 vs=-2.59
1786864879.552 [OBSTACLES] cur_s=17.52 cur_d=-0.72 vs=-1.26 n=0 [none]
1786864880.103 [OBSTACLES] cur_s=17.32 cur_d=-0.91 vs=-0.40 n=0 [none]
1786864880.623 [OBSTACLES] cur_s=17.34 cur_d=-0.91 vs=0.00 n=0 [none]
1786864880.856 [STATE_CHANGE] LOSTLINE -> RECOVERY src=RECOVERY s=17.33 d=-0.92 vs=-0.27
1786864881.123 [OBSTACLES] cur_s=17.34 cur_d=-0.92 vs=-0.21 n=0 [none]
1786864881.624 [OBSTACLES] cur_s=17.51 cur_d=-0.83 vs=0.00 n=0 [none]
1786864882.214 [OBSTACLES] cur_s=17.50 cur_d=-0.83 vs=0.00 n=0 [none]
1786864882.727 [OBSTACLES] cur_s=17.71 cur_d=-0.66 vs=1.76 n=0 [none]
1786864883.264 [OBSTACLES] cur_s=19.11 cur_d=-0.14 vs=3.84 n=0 [none]
1786864883.601 [STATE_CHANGE] RECOVERY -> GB_TRACK src=GB_TRACK s=20.35 d=-0.05 vs=3.70
1786864883.820 [OBSTACLES] cur_s=21.36 cur_d=-0.09 vs=3.80 n=0 [none]
1786864884.407 [OBSTACLES] cur_s=23.73 cur_d=-0.23 vs=3.92 n=0 [none]
1786864884.642 [STATE_CHANGE] GB_TRACK -> LOSTLINE src=GB_TRACK s=24.60 d=-0.31 vs=3.40
1786864884.962 [OBSTACLES] cur_s=25.74 cur_d=-0.54 vs=3.52 n=0 [none]
1786864885.478 [OBSTACLES] cur_s=26.88 cur_d=-0.61 vs=3.30 n=0 [none]
1786864885.737 [STATE_CHANGE] LOSTLINE -> RECOVERY src=RECOVERY s=27.72 d=-0.61 vs=3.80
1786864885.951 [STATE_CHANGE] RECOVERY -> LOSTLINE src=GB_TRACK s=28.46 d=-0.81 vs=3.31
1786864886.016 [OBSTACLES] cur_s=28.65 cur_d=-0.93 vs=3.04 n=0 [none]
1786864886.503 [STATE_CHANGE] LOSTLINE -> RECOVERY src=RECOVERY s=29.27 d=-1.43 vs=1.95
1786864886.544 [OBSTACLES] cur_s=29.39 cur_d=-1.55 vs=1.68 n=0 [none]
1786864886.743 [STATE_CHANGE] RECOVERY -> LOSTLINE src=GB_TRACK s=29.57 d=-1.86 vs=1.23
1786864887.061 [OBSTACLES] cur_s=29.58 cur_d=-2.31 vs=0.66 n=0 [none]
1786864887.607 [OBSTACLES] cur_s=29.51 cur_d=-2.29 vs=-0.72 n=0 [none]
1786864888.125 [OBSTACLES] cur_s=28.90 cur_d=-1.35 vs=-2.71 n=0 [none]
1786864888.409 [STATE_CHANGE] LOSTLINE -> RECOVERY src=RECOVERY s=28.41 d=-0.91 vs=-2.60
1786864888.544 [STATE_CHANGE] RECOVERY -> LOSTLINE src=GB_TRACK s=28.24 d=-0.77 vs=-2.40
1786864888.695 [OBSTACLES] cur_s=28.05 cur_d=-0.59 vs=-1.89 n=0 [none]
1786864889.098 [STATE_CHANGE] LOSTLINE -> GB_TRACK src=GB_TRACK s=27.26 d=-0.26 vs=-2.95
1786864889.458 [OBSTACLES] cur_s=26.00 cur_d=0.02 vs=-3.59 n=0 [none]
1786864890.011 [OBSTACLES] cur_s=24.29 cur_d=0.33 vs=-1.52 n=0 [none]
1786864890.015 [STATE_CHANGE] GB_TRACK -> LOSTLINE src=GB_TRACK s=24.29 d=0.33 vs=-1.52
1786864890.538 [OBSTACLES] cur_s=23.74 cur_d=0.86 vs=-0.92 n=0 [none]
1786864890.539 [STATE_CHANGE] LOSTLINE -> RECOVERY src=RECOVERY s=23.74 d=0.86 vs=-0.92
1786864891.056 [OBSTACLES] cur_s=23.56 cur_d=1.03 vs=0.00 n=0 [none]
1786864891.582 [OBSTACLES] cur_s=23.56 cur_d=1.02 vs=0.00 n=0 [none]
1786864892.102 [OBSTACLES] cur_s=23.82 cur_d=0.84 vs=0.98 n=0 [none]
1786864892.645 [OBSTACLES] cur_s=24.24 cur_d=0.83 vs=0.29 n=0 [none]
1786864893.172 [OBSTACLES] cur_s=23.85 cur_d=0.90 vs=-1.74 n=0 [none]
1786864893.557 [STATE_CHANGE] RECOVERY -> LOSTLINE src=GB_TRACK s=23.31 d=1.04 vs=-1.53
1786864893.677 [OBSTACLES] cur_s=23.05 cur_d=1.08 vs=-2.07 n=0 [none]
1786864894.253 [OBSTACLES] cur_s=22.24 cur_d=1.20 vs=-1.17 n=0 [none]
1786864894.845 [OBSTACLES] cur_s=21.72 cur_d=1.27 vs=0.00 n=0 [none]
1786864895.359 [OBSTACLES] cur_s=21.94 cur_d=1.13 vs=2.12 n=0 [none]
1786864895.877 [OBSTACLES] cur_s=22.89 cur_d=0.91 vs=1.98 n=0 [none]
1786864896.409 [OBSTACLES] cur_s=23.70 cur_d=0.61 vs=0.78 n=0 [none]
1786864896.625 [STATE_CHANGE] LOSTLINE -> RECOVERY src=RECOVERY s=23.75 d=0.65 vs=0.47
1786864896.963 [OBSTACLES] cur_s=23.79 cur_d=0.68 vs=-0.12 n=0 [none]
1786864897.561 [OBSTACLES] cur_s=22.87 cur_d=0.66 vs=-3.12 n=0 [none]
1786864897.562 [STATE_CHANGE] RECOVERY -> LOSTLINE src=GB_TRACK s=22.87 d=0.66 vs=-3.12
1786864898.083 [OBSTACLES] cur_s=20.81 cur_d=0.56 vs=-3.38 n=0 [none]
1786864898.590 [OBSTACLES] cur_s=19.52 cur_d=0.27 vs=-2.61 n=0 [none]
1786864898.621 [STATE_CHANGE] LOSTLINE -> GB_TRACK src=GB_TRACK s=19.52 d=0.27 vs=-2.61
1786864899.099 [OBSTACLES] cur_s=18.19 cur_d=-0.09 vs=-2.31 n=0 [none]
1786864899.446 [STATE_CHANGE] GB_TRACK -> LOSTLINE src=GB_TRACK s=17.52 d=-0.44 vs=-2.23
1786864899.682 [OBSTACLES] cur_s=17.13 cur_d=-0.76 vs=-1.53 n=0 [none]
1786864900.011 [STATE_CHANGE] LOSTLINE -> RECOVERY src=RECOVERY s=17.03 d=-1.03 vs=-0.91
1786864900.211 [OBSTACLES] cur_s=16.99 cur_d=-1.10 vs=-0.71 n=0 [none]
1786864900.723 [OBSTACLES] cur_s=16.76 cur_d=-1.64 vs=-0.85 n=0 [none]
1786864900.724 [STATE_CHANGE] RECOVERY -> LOSTLINE src=GB_TRACK s=16.76 d=-1.64 vs=-0.85
1786864901.262 [OBSTACLES] cur_s=16.64 cur_d=-2.02 vs=-0.19 n=0 [none]
1786864901.804 [OBSTACLES] cur_s=16.64 cur_d=-2.01 vs=0.00 n=0 [none]
1786864902.357 [OBSTACLES] cur_s=16.62 cur_d=-2.01 vs=0.12 n=0 [none]
1786864902.882 [OBSTACLES] cur_s=16.69 cur_d=-1.83 vs=0.41 n=0 [none]
1786864903.203 [STATE_CHANGE] LOSTLINE -> RECOVERY src=RECOVERY s=16.78 d=-1.53 vs=1.66
1786864903.388 [OBSTACLES] cur_s=17.06 cur_d=-1.04 vs=2.70 n=0 [none]
1786864903.917 [OBSTACLES] cur_s=18.60 cur_d=-0.34 vs=3.97 n=0 [none]
1786864904.436 [OBSTACLES] cur_s=20.15 cur_d=-0.51 vs=3.50 n=0 [none]
1786864904.437 [STATE_CHANGE] RECOVERY -> LOSTLINE src=GB_TRACK s=20.15 d=-0.51 vs=3.50
1786864905.076 [OBSTACLES] cur_s=22.15 cur_d=-1.02 vs=0.53 n=0 [none]
1786864905.616 [OBSTACLES] cur_s=22.18 cur_d=-1.00 vs=-0.04 n=0 [none]
1786864906.053 [STATE_CHANGE] LOSTLINE -> GB_TRACK src=GB_TRACK s=22.06 d=-0.16 vs=-0.42
1786864906.123 [OBSTACLES] cur_s=21.98 cur_d=0.01 vs=-0.55 n=0 [none]
1786864906.432 [STATE_CHANGE] GB_TRACK -> LOSTLINE src=GB_TRACK s=21.75 d=0.38 vs=-1.48
1786864906.663 [OBSTACLES] cur_s=21.60 cur_d=0.73 vs=-1.20 n=0 [none]
1786864907.180 [OBSTACLES] cur_s=21.42 cur_d=0.91 vs=-0.11 n=0 [none]
1786864907.734 [OBSTACLES] cur_s=20.32 cur_d=0.66 vs=-3.42 n=0 [none]
1786864908.018 [STATE_CHANGE] LOSTLINE -> RECOVERY src=RECOVERY s=19.51 d=0.61 vs=-2.34
1786864908.116 [STATE_CHANGE] RECOVERY -> LOSTLINE src=GB_TRACK s=19.34 d=0.62 vs=-1.97
1786864908.254 [OBSTACLES] cur_s=19.15 cur_d=0.46 vs=-1.34 n=0 [none]
1786864908.307 [STATE_CHANGE] LOSTLINE -> RECOVERY src=RECOVERY s=19.12 d=0.45 vs=-1.33
1786864908.538 [STATE_CHANGE] RECOVERY -> LOSTLINE src=GB_TRACK s=18.91 d=0.54 vs=-1.21
1786864908.812 [OBSTACLES] cur_s=18.31 cur_d=0.87 vs=-0.79 n=0 [none]
1786864909.044 [STATE_CHANGE] LOSTLINE -> RECOVERY src=RECOVERY s=18.16 d=1.04 vs=-0.23
1786864909.343 [OBSTACLES] cur_s=18.27 cur_d=1.01 vs=0.48 n=0 [none]
1786864909.887 [OBSTACLES] cur_s=18.56 cur_d=0.82 vs=0.96 n=0 [none]
1786864910.436 [OBSTACLES] cur_s=18.63 cur_d=0.84 vs=0.33 n=0 [none]
1786864910.956 [OBSTACLES] cur_s=18.22 cur_d=0.82 vs=-2.03 n=0 [none]
1786864911.114 [STATE_CHANGE] RECOVERY -> LOSTLINE src=GB_TRACK s=17.86 d=0.77 vs=-2.70
1786864911.511 [OBSTACLES] cur_s=16.82 cur_d=0.39 vs=-1.42 n=0 [none]
1786864911.623 [STATE_CHANGE] LOSTLINE -> GB_TRACK src=GB_TRACK s=16.60 d=0.22 vs=-0.99
1786864911.949 [STATE_CHANGE] GB_TRACK -> RECOVERY src=RECOVERY s=16.25 d=-0.36 vs=-0.94
1786864911.982 [STATE_CHANGE] RECOVERY -> LOSTLINE src=GB_TRACK s=16.23 d=-0.39 vs=-0.94
1786864912.017 [OBSTACLES] cur_s=16.21 cur_d=-0.48 vs=-0.79 n=0 [none]
1786864912.564 [OBSTACLES] cur_s=15.98 cur_d=-1.56 vs=-0.33 n=0 [none]
1786864913.069 [OBSTACLES] cur_s=15.91 cur_d=-2.77 vs=-0.12 n=0 [none]
1786864913.571 [OBSTACLES] cur_s=15.89 cur_d=-3.26 vs=-0.04 n=0 [none]
1786864914.103 [OBSTACLES] cur_s=15.91 cur_d=-3.35 vs=0.00 n=0 [none]
1786864914.620 [OBSTACLES] cur_s=15.92 cur_d=-3.34 vs=0.00 n=0 [none]
1786864915.152 [OBSTACLES] cur_s=15.94 cur_d=-3.34 vs=0.00 n=0 [none]
1786864915.677 [OBSTACLES] cur_s=15.94 cur_d=-3.34 vs=0.00 n=0 [none]
1786864916.223 [OBSTACLES] cur_s=15.94 cur_d=-3.35 vs=0.00 n=0 [none]
1786864916.770 [OBSTACLES] cur_s=15.96 cur_d=-3.34 vs=0.00 n=0 [none]
1786864917.322 [OBSTACLES] cur_s=15.96 cur_d=-3.34 vs=0.00 n=0 [none]
1786864917.858 [OBSTACLES] cur_s=15.95 cur_d=-3.34 vs=0.00 n=0 [none]
1786864918.374 [OBSTACLES] cur_s=15.95 cur_d=-3.34 vs=0.00 n=0 [none]
1786864918.880 [OBSTACLES] cur_s=15.95 cur_d=-3.34 vs=0.00 n=0 [none]
1786864919.390 [OBSTACLES] cur_s=15.95 cur_d=-3.34 vs=0.00 n=0 [none]
1786864919.910 [OBSTACLES] cur_s=15.96 cur_d=-3.34 vs=0.00 n=0 [none]
1786864920.443 [OBSTACLES] cur_s=16.52 cur_d=-0.37 vs=0.00 n=0 [none]
1786864920.604 [STATE_CHANGE] LOSTLINE -> RECOVERY src=RECOVERY s=16.58 d=-0.31 vs=0.00
1786864920.980 [OBSTACLES] cur_s=16.56 cur_d=-0.33 vs=0.00 n=0 [none]
1786864921.500 [OBSTACLES] cur_s=16.55 cur_d=-0.33 vs=0.00 n=0 [none]
1786864922.015 [OBSTACLES] cur_s=16.53 cur_d=-0.34 vs=0.00 n=0 [none]
1786864922.548 [OBSTACLES] cur_s=16.53 cur_d=-0.34 vs=0.00 n=0 [none]
1786864923.076 [OBSTACLES] cur_s=16.54 cur_d=-0.31 vs=0.00 n=0 [none]
1786864923.633 [OBSTACLES] cur_s=16.53 cur_d=-0.33 vs=0.00 n=0 [none]
1786864924.151 [OBSTACLES] cur_s=16.84 cur_d=-0.11 vs=0.77 n=0 [none]
1786864924.449 [STATE_CHANGE] RECOVERY -> GB_TRACK src=GB_TRACK s=16.96 d=-0.03 vs=0.24
1786864924.661 [OBSTACLES] cur_s=16.30 cur_d=-1.34 vs=0.00 n=0 [none]
1786864924.661 [STATE_CHANGE] GB_TRACK -> LOSTLINE src=GB_TRACK s=16.30 d=-1.34 vs=0.00
1786864925.035 [STATE_CHANGE] LOSTLINE -> RECOVERY src=RECOVERY s=16.28 d=-1.35 vs=0.00
1786864925.204 [OBSTACLES] cur_s=16.28 cur_d=-1.36 vs=0.00 n=0 [none]
1786864925.725 [OBSTACLES] cur_s=16.28 cur_d=-1.35 vs=0.00 n=0 [none]
1786864926.237 [OBSTACLES] cur_s=16.28 cur_d=-1.36 vs=0.00 n=0 [none]
1786864926.800 [OBSTACLES] cur_s=16.28 cur_d=-1.36 vs=0.00 n=0 [none]
1786864927.327 [OBSTACLES] cur_s=16.28 cur_d=-1.36 vs=0.00 n=0 [none]
1786864927.848 [OBSTACLES] cur_s=16.29 cur_d=-1.35 vs=0.09 n=0 [none]
1786864928.407 [OBSTACLES] cur_s=16.39 cur_d=-1.12 vs=1.76 n=0 [none]
1786864928.928 [OBSTACLES] cur_s=17.39 cur_d=-0.29 vs=3.03 n=0 [none]
1786864929.457 [OBSTACLES] cur_s=18.81 cur_d=-0.41 vs=2.58 n=0 [none]
1786864929.529 [STATE_CHANGE] RECOVERY -> LOSTLINE src=GB_TRACK s=18.86 d=-0.46 vs=2.58
1786864929.998 [OBSTACLES] cur_s=19.62 cur_d=-0.32 vs=2.25 n=0 [none]
1786864930.124 [STATE_CHANGE] LOSTLINE -> GB_TRACK src=GB_TRACK s=19.86 d=-0.27 vs=2.61
1786864930.596 [OBSTACLES] cur_s=21.43 cur_d=-0.04 vs=3.23 n=0 [none]
1786864931.143 [OBSTACLES] cur_s=23.54 cur_d=-0.08 vs=3.85 n=0 [none]
1786864931.762 [OBSTACLES] cur_s=25.53 cur_d=-0.18 vs=2.97 n=0 [none]
1786864932.088 [STATE_CHANGE] GB_TRACK -> LOSTLINE src=GB_TRACK s=26.63 d=-0.30 vs=3.77
1786864932.263 [OBSTACLES] cur_s=26.93 cur_d=-0.28 vs=3.79 n=0 [none]
1786864932.264 [STATE_CHANGE] LOSTLINE -> GB_TRACK src=GB_TRACK s=26.93 d=-0.28 vs=3.79
1786864932.360 [STATE_CHANGE] GB_TRACK -> LOSTLINE src=GB_TRACK s=27.49 d=-0.42 vs=3.39
1786864932.786 [OBSTACLES] cur_s=28.49 cur_d=-1.02 vs=2.23 n=0 [none]
1786864933.307 [OBSTACLES] cur_s=29.02 cur_d=-1.10 vs=0.99 n=0 [none]
1786864933.828 [OBSTACLES] cur_s=29.11 cur_d=-1.00 vs=0.00 n=0 [none]
1786864933.905 [STATE_CHANGE] LOSTLINE -> RECOVERY src=RECOVERY s=29.11 d=-1.00 vs=0.00
1786864934.376 [OBSTACLES] cur_s=29.12 cur_d=-1.00 vs=0.00 n=0 [none]
1786864934.925 [OBSTACLES] cur_s=28.99 cur_d=-1.07 vs=-1.57 n=0 [none]
1786864935.133 [STATE_CHANGE] RECOVERY -> LOSTLINE src=GB_TRACK s=28.81 d=-1.22 vs=-2.05
1786864935.165 [STATE_CHANGE] LOSTLINE -> RECOVERY src=RECOVERY s=28.78 d=-1.21 vs=-1.90
1786864935.419 [STATE_CHANGE] RECOVERY -> LOSTLINE src=GB_TRACK s=28.65 d=-1.06 vs=-0.79
1786864935.512 [OBSTACLES] cur_s=28.55 cur_d=-1.03 vs=-0.35 n=0 [none]
1786864935.768 [STATE_CHANGE] LOSTLINE -> RECOVERY src=RECOVERY s=28.44 d=-1.06 vs=-0.10
1786864936.065 [OBSTACLES] cur_s=28.42 cur_d=-1.03 vs=-0.12 n=0 [none]
1786864936.380 [STATE_CHANGE] RECOVERY -> LOSTLINE src=GB_TRACK s=28.32 d=-0.63 vs=-1.19
1786864936.478 [STATE_CHANGE] LOSTLINE -> RECOVERY src=RECOVERY s=28.32 d=-0.60 vs=-1.25
1786864936.548 [STATE_CHANGE] RECOVERY -> LOSTLINE src=GB_TRACK s=28.28 d=-0.51 vs=-1.34
1786864936.571 [OBSTACLES] cur_s=28.20 cur_d=-0.36 vs=-1.31 n=0 [none]
1786864936.618 [STATE_CHANGE] LOSTLINE -> RECOVERY src=RECOVERY s=28.15 d=-0.29 vs=-1.33
1786864936.723 [STATE_CHANGE] RECOVERY -> LOSTLINE src=GB_TRACK s=27.99 d=-0.07 vs=-1.36
1786864936.788 [STATE_CHANGE] LOSTLINE -> GB_TRACK src=GB_TRACK s=27.90 d=0.04 vs=-1.30
1786864937.079 [OBSTACLES] cur_s=27.65 cur_d=0.30 vs=-0.95 n=0 [none]
1786864937.079 [STATE_CHANGE] GB_TRACK -> LOSTLINE src=GB_TRACK s=27.65 d=0.30 vs=-0.95
1786864937.220 [STATE_CHANGE] LOSTLINE -> RECOVERY src=RECOVERY s=27.48 d=0.43 vs=-0.98
1786864937.529 [STATE_CHANGE] RECOVERY -> LOSTLINE src=GB_TRACK s=26.95 d=0.73 vs=-2.25
1786864937.616 [OBSTACLES] cur_s=26.64 cur_d=0.85 vs=-2.81 n=0 [none]
1786864937.688 [STATE_CHANGE] LOSTLINE -> RECOVERY src=RECOVERY s=26.40 d=0.93 vs=-3.26
1786864937.747 [STATE_CHANGE] RECOVERY -> LOSTLINE src=GB_TRACK s=26.09 d=1.02 vs=-3.31
1786864938.184 [OBSTACLES] cur_s=24.79 cur_d=1.25 vs=-2.25 n=0 [none]
1786864938.688 [OBSTACLES] cur_s=24.16 cur_d=1.33 vs=-0.43 n=0 [none]
1786864939.201 [OBSTACLES] cur_s=24.41 cur_d=1.27 vs=1.70 n=0 [none]
1786864939.706 [OBSTACLES] cur_s=25.12 cur_d=0.76 vs=0.87 n=0 [none]
1786864939.983 [STATE_CHANGE] LOSTLINE -> RECOVERY src=RECOVERY s=25.55 d=0.57 vs=1.66
1786864940.226 [OBSTACLES] cur_s=25.89 cur_d=0.37 vs=2.14 n=0 [none]
1786864940.742 [OBSTACLES] cur_s=27.15 cur_d=-0.35 vs=1.35 n=0 [none]
1786864940.958 [STATE_CHANGE] RECOVERY -> LOSTLINE src=GB_TRACK s=27.45 d=-0.51 vs=2.03
1786864941.309 [OBSTACLES] cur_s=28.11 cur_d=-0.86 vs=3.50 n=0 [none]
1786864941.598 [STATE_CHANGE] LOSTLINE -> RECOVERY src=RECOVERY s=28.66 d=-0.99 vs=2.26
1786864941.867 [OBSTACLES] cur_s=29.11 cur_d=-0.90 vs=1.30 n=0 [none]
1786864942.448 [OBSTACLES] cur_s=29.29 cur_d=-0.93 vs=0.29 n=0 [none]
1786864943.014 [OBSTACLES] cur_s=29.29 cur_d=-0.93 vs=0.00 n=0 [none]
1786864943.542 [OBSTACLES] cur_s=29.29 cur_d=-0.92 vs=0.00 n=0 [none]
1786864944.060 [OBSTACLES] cur_s=29.29 cur_d=-0.93 vs=0.00 n=0 [none]
1786864944.563 [OBSTACLES] cur_s=29.37 cur_d=-0.86 vs=0.85 n=0 [none]
1786864945.065 [OBSTACLES] cur_s=30.33 cur_d=-0.31 vs=3.48 n=0 [none]
1786864945.491 [STATE_CHANGE] RECOVERY -> GB_TRACK src=GB_TRACK s=31.70 d=-0.05 vs=3.49
1786864945.556 [STATIC_OT] state=GB_TRACK path_exists=0 path_locked=0 path_ttl_ok=0 path_safe=0 on_spline=0 speed=3.47 raw_wpnts=0 raw_age=-s decision=TRAILING reason=NO_STATIC_PATH
1786864945.556 [STATE_CHANGE] GB_TRACK -> TRAILING src=GB_TRACK s=31.96 d=-0.02 vs=3.47
1786864945.602 [OBSTACLES] cur_s=32.41 cur_d=0.04 vs=3.39 n=1 [id=34 static=1 gap=3.16m d=-0.20 size=0.31]
1786864945.711 [STATE_CHANGE] TRAILING -> OVERTAKE src=OVERTAKE s=32.64 d=0.06 vs=3.34
1786864946.159 [OBSTACLES] cur_s=34.18 cur_d=0.20 vs=3.12 n=1 [id=34 static=1 gap=1.35m d=-0.23 size=0.41]
1786864946.715 [OBSTACLES] cur_s=1.32 cur_d=0.26 vs=4.53 n=1 [id=35 static=1 gap=7.57m d=-0.18 size=0.31]
1786864947.082 [STATIC_OT] state=OVERTAKE path_exists=1 path_locked=1 path_ttl_ok=1 path_safe=0 on_spline=1 speed=4.91 raw_wpnts=81 raw_age=0.60s decision=TRAILING reason=PATH_BLOCKED blocked_obs_id=35 gap=6.09m free_dist=Nonem branch=static/beyond_path
1786864947.083 [STATE_CHANGE] OVERTAKE -> TRAILING src=GB_TRACK s=2.81 d=0.15 vs=4.91
1786864947.316 [OBSTACLES] cur_s=4.28 cur_d=-0.05 vs=4.79 n=1 [id=35 static=1 gap=4.45m d=-0.13 size=0.30]
1786864947.338 [STATIC_OT] state=TRAILING path_exists=1 path_locked=0 path_ttl_ok=1 path_safe=0 on_spline=1 speed=4.79 raw_wpnts=82 raw_age=0.60s decision=TRAILING reason=PATH_BLOCKED blocked_obs_id=35 gap=4.6m free_dist=-0.169m branch=static/geom
1786864947.638 [STATIC_OT] state=TRAILING path_exists=1 path_locked=0 path_ttl_ok=1 path_safe=0 on_spline=1 speed=4.26 raw_wpnts=84 raw_age=0.72s decision=TRAILING reason=PATH_BLOCKED blocked_obs_id=35 gap=3.37m free_dist=-0.197m branch=static/geom
1786864947.797 [STATE_CHANGE] TRAILING -> OVERTAKE src=OVERTAKE s=6.17 d=-0.20 vs=3.79
1786864947.962 [OBSTACLES] cur_s=6.72 cur_d=-0.15 vs=3.37 n=1 [id=35 static=1 gap=1.98m d=-0.08 size=0.26]
1786864948.515 [OBSTACLES] cur_s=8.68 cur_d=0.05 vs=3.52 n=0 [none]
1786864949.049 [OBSTACLES] cur_s=10.12 cur_d=0.12 vs=2.72 n=0 [none]
1786864949.559 [OBSTACLES] cur_s=11.55 cur_d=0.09 vs=2.33 n=0 [none]
1786864950.094 [OBSTACLES] cur_s=13.11 cur_d=0.14 vs=3.35 n=0 [none]
1786864950.668 [OBSTACLES] cur_s=15.05 cur_d=0.12 vs=3.12 n=0 [none]
1786864951.105 [STATE_CHANGE] OVERTAKE -> LOSTLINE src=GB_TRACK s=16.30 d=0.11 vs=2.54
1786864951.182 [OBSTACLES] cur_s=16.38 cur_d=0.11 vs=2.54 n=0 [none]
1786864951.183 [STATE_CHANGE] LOSTLINE -> GB_TRACK src=GB_TRACK s=16.38 d=0.11 vs=2.54
1786864951.741 [OBSTACLES] cur_s=18.14 cur_d=0.18 vs=3.31 n=1 [id=37 static=1 gap=1.30m d=0.86 size=0.40]
1786864952.339 [OBSTACLES] cur_s=20.61 cur_d=0.12 vs=4.77 n=0 [none]
1786864952.883 [OBSTACLES] cur_s=23.27 cur_d=-0.18 vs=4.93 n=0 [none]
1786864953.387 [OBSTACLES] cur_s=25.55 cur_d=0.07 vs=4.49 n=0 [none]
1786864953.889 [OBSTACLES] cur_s=27.70 cur_d=0.10 vs=3.74 n=0 [none]
1786864954.455 [OBSTACLES] cur_s=29.31 cur_d=0.02 vs=3.55 n=0 [none]
1786864954.973 [OBSTACLES] cur_s=31.47 cur_d=0.08 vs=3.51 n=0 [none]
1786864955.213 [STATIC_OT] state=GB_TRACK path_exists=0 path_locked=0 path_ttl_ok=0 path_safe=0 on_spline=0 speed=3.39 raw_wpnts=0 raw_age=-s decision=TRAILING reason=NO_STATIC_PATH
1786864955.215 [STATE_CHANGE] GB_TRACK -> TRAILING src=GB_TRACK s=32.23 d=0.12 vs=3.39
1786864955.326 [STATE_CHANGE] TRAILING -> OVERTAKE src=OVERTAKE s=32.48 d=0.15 vs=3.37
1786864955.480 [OBSTACLES] cur_s=32.96 cur_d=0.21 vs=3.31 n=1 [id=38 static=1 gap=2.58m d=-0.21 size=0.40]
1786864956.003 [OBSTACLES] cur_s=0.58 cur_d=0.24 vs=3.50 n=1 [id=39 static=1 gap=9.36m d=-0.29 size=0.36]
1786864956.624 [OBSTACLES] cur_s=3.50 cur_d=0.01 vs=4.90 n=1 [id=39 static=1 gap=6.57m d=-0.28 size=0.16]
1786864956.641 [STATIC_OT] state=OVERTAKE path_exists=1 path_locked=1 path_ttl_ok=0 path_safe=0 on_spline=1 speed=4.90 raw_wpnts=0 raw_age=-s decision=TRAILING reason=NO_STATIC_PATH
1786864956.641 [STATE_CHANGE] OVERTAKE -> TRAILING src=GB_TRACK s=3.50 d=0.01 vs=4.90
1786864956.881 [STATE_CHANGE] TRAILING -> LOSTLINE src=GB_TRACK s=4.79 d=-0.06 vs=4.95
1786864956.983 [STATE_CHANGE] LOSTLINE -> GB_TRACK src=GB_TRACK s=5.46 d=-0.07 vs=4.68
1786864957.150 [OBSTACLES] cur_s=6.10 cur_d=-0.08 vs=4.39 n=0 [none]
1786864957.680 [OBSTACLES] cur_s=8.26 cur_d=-0.09 vs=4.35 n=0 [none]
1786864958.277 [OBSTACLES] cur_s=10.47 cur_d=0.12 vs=2.64 n=0 [none]
1786864958.483 [STATIC_OT] state=GB_TRACK path_exists=0 path_locked=0 path_ttl_ok=0 path_safe=0 on_spline=0 speed=2.61 raw_wpnts=0 raw_age=-s decision=TRAILING reason=NO_STATIC_PATH
1786864958.485 [STATE_CHANGE] GB_TRACK -> TRAILING src=GB_TRACK s=10.68 d=0.27 vs=2.61
1786864958.728 [STATIC_OT] state=TRAILING path_exists=0 path_locked=0 path_ttl_ok=0 path_safe=0 on_spline=0 speed=2.44 raw_wpnts=0 raw_age=-s decision=TRAILING reason=NO_STATIC_PATH
1786864958.809 [OBSTACLES] cur_s=11.45 cur_d=0.42 vs=1.75 n=0 [none]
1786864958.810 [STATE_CHANGE] TRAILING -> LOSTLINE src=GB_TRACK s=11.45 d=0.42 vs=1.75
1786864959.369 [OBSTACLES] cur_s=12.11 cur_d=0.29 vs=1.69 n=0 [none]
1786864959.371 [STATE_CHANGE] LOSTLINE -> GB_TRACK src=GB_TRACK s=12.11 d=0.29 vs=1.69
1786864959.870 [OBSTACLES] cur_s=13.44 cur_d=0.05 vs=3.38 n=0 [none]
1786864960.391 [OBSTACLES] cur_s=15.25 cur_d=0.19 vs=3.03 n=0 [none]
1786864960.963 [OBSTACLES] cur_s=16.21 cur_d=-0.22 vs=2.17 n=0 [none]
1786864961.467 [OBSTACLES] cur_s=17.11 cur_d=-0.16 vs=2.62 n=1 [id=45 static=1 gap=2.18m d=0.66 size=0.38]
1786864962.157 [OBSTACLES] cur_s=19.15 cur_d=0.57 vs=3.20 n=0 [none]
1786864962.160 [STATE_CHANGE] GB_TRACK -> LOSTLINE src=GB_TRACK s=19.15 d=0.57 vs=3.20
1786864962.661 [OBSTACLES] cur_s=20.59 cur_d=0.24 vs=2.90 n=0 [none]
1786864962.661 [STATE_CHANGE] LOSTLINE -> GB_TRACK src=GB_TRACK s=20.59 d=0.24 vs=2.90
1786864963.228 [OBSTACLES] cur_s=23.07 cur_d=-0.14 vs=4.77 n=0 [none]
1786864963.794 [OBSTACLES] cur_s=25.64 cur_d=0.09 vs=4.53 n=0 [none]
1786864964.294 [OBSTACLES] cur_s=27.64 cur_d=-0.01 vs=3.75 n=0 [none]
1786864964.797 [OBSTACLES] cur_s=29.54 cur_d=0.09 vs=3.56 n=0 [none]
1786864965.322 [OBSTACLES] cur_s=31.51 cur_d=0.20 vs=3.53 n=0 [none]
1786864965.668 [STATIC_OT] state=GB_TRACK path_exists=0 path_locked=0 path_ttl_ok=0 path_safe=0 on_spline=0 speed=3.34 raw_wpnts=0 raw_age=-s decision=TRAILING reason=NO_STATIC_PATH
1786864965.668 [STATE_CHANGE] GB_TRACK -> TRAILING src=GB_TRACK s=32.79 d=0.20 vs=3.34
1786864965.866 [OBSTACLES] cur_s=33.31 cur_d=0.22 vs=3.27 n=1 [id=46 static=1 gap=2.26m d=-0.22 size=0.41]
1786864965.872 [STATIC_OT] state=TRAILING path_exists=0 path_locked=0 path_ttl_ok=0 path_safe=0 on_spline=0 speed=3.27 raw_wpnts=0 raw_age=-s decision=TRAILING reason=NO_STATIC_PATH
1786864966.120 [STATIC_OT] state=TRAILING path_exists=0 path_locked=0 path_ttl_ok=0 path_safe=0 on_spline=0 speed=2.53 raw_wpnts=0 raw_age=-s decision=TRAILING reason=NO_STATIC_PATH
1786864966.238 [STATE_CHANGE] TRAILING -> OVERTAKE src=OVERTAKE s=34.42 d=0.18 vs=2.48
1786864966.424 [OBSTACLES] cur_s=0.46 cur_d=0.21 vs=1.94 n=1 [id=46 static=1 gap=0.59m d=-0.25 size=0.44]
1786864966.995 [OBSTACLES] cur_s=1.33 cur_d=0.15 vs=3.59 n=1 [id=49 static=1 gap=9.23m d=-0.56 size=0.30]
1786864967.625 [OBSTACLES] cur_s=4.42 cur_d=-0.12 vs=4.95 n=1 [id=49 static=1 gap=6.05m d=-0.45 size=0.28]
1786864967.628 [STATIC_OT] state=OVERTAKE path_exists=1 path_locked=1 path_ttl_ok=1 path_safe=0 on_spline=1 speed=4.95 raw_wpnts=82 raw_age=0.50s decision=TRAILING reason=PATH_BLOCKED blocked_obs_id=49 gap=6.19m free_dist=Nonem branch=static/beyond_path
1786864967.629 [STATE_CHANGE] OVERTAKE -> TRAILING src=GB_TRACK s=4.42 d=-0.12 vs=4.95
1786864967.845 [STATIC_OT] state=TRAILING path_exists=0 path_locked=0 path_ttl_ok=0 path_safe=0 on_spline=0 speed=4.96 raw_wpnts=0 raw_age=-s decision=TRAILING reason=NO_STATIC_PATH
1786864968.054 [STATIC_OT] state=TRAILING path_exists=0 path_locked=0 path_ttl_ok=0 path_safe=0 on_spline=0 speed=4.39 raw_wpnts=0 raw_age=-s decision=TRAILING reason=NO_STATIC_PATH
1786864968.214 [OBSTACLES] cur_s=7.15 cur_d=-0.02 vs=4.29 n=1 [id=49 static=1 gap=3.30m d=-0.39 size=0.26]
1786864968.263 [STATIC_OT] state=TRAILING path_exists=0 path_locked=0 path_ttl_ok=0 path_safe=0 on_spline=0 speed=4.13 raw_wpnts=0 raw_age=-s decision=TRAILING reason=NO_STATIC_PATH
1786864968.355 [STATE_CHANGE] TRAILING -> OVERTAKE src=OVERTAKE s=7.88 d=-0.01 vs=3.82
1786864968.718 [OBSTACLES] cur_s=8.97 cur_d=0.00 vs=3.37 n=1 [id=49 static=1 gap=1.48m d=-0.38 size=0.25]
1786864969.300 [OBSTACLES] cur_s=10.71 cur_d=0.13 vs=2.56 n=0 [none]
1786864969.825 [OBSTACLES] cur_s=12.34 cur_d=0.17 vs=2.78 n=0 [none]
1786864970.356 [OBSTACLES] cur_s=14.10 cur_d=0.02 vs=3.74 n=0 [none]
1786864970.881 [OBSTACLES] cur_s=15.81 cur_d=0.19 vs=2.67 n=0 [none]
1786864971.621 [OBSTACLES] cur_s=17.91 cur_d=0.10 vs=3.10 n=0 [none]
1786864971.745 [STATE_CHANGE] OVERTAKE -> LOSTLINE src=GB_TRACK s=18.24 d=0.11 vs=3.20
1786864971.854 [STATE_CHANGE] LOSTLINE -> GB_TRACK src=GB_TRACK s=18.60 d=0.16 vs=3.44
1786864972.164 [OBSTACLES] cur_s=20.12 cur_d=0.19 vs=4.66 n=0 [none]
1786864972.734 [OBSTACLES] cur_s=22.50 cur_d=-0.11 vs=4.92 n=0 [none]
1786864973.236 [OBSTACLES] cur_s=25.33 cur_d=-0.11 vs=4.59 n=0 [none]
1786864973.740 [OBSTACLES] cur_s=27.41 cur_d=0.21 vs=3.79 n=0 [none]
1786864974.247 [OBSTACLES] cur_s=28.61 cur_d=0.25 vs=3.57 n=0 [none]
1786864974.348 [STATE_CHANGE] GB_TRACK -> LOSTLINE src=GB_TRACK s=29.31 d=0.37 vs=3.53
1786864974.542 [STATE_CHANGE] LOSTLINE -> GB_TRACK src=GB_TRACK s=29.85 d=0.24 vs=3.59
1786864974.856 [OBSTACLES] cur_s=31.21 cur_d=0.16 vs=3.54 n=0 [none]
1786864975.175 [STATIC_OT] state=GB_TRACK path_exists=0 path_locked=0 path_ttl_ok=0 path_safe=0 on_spline=0 speed=3.36 raw_wpnts=0 raw_age=-s decision=TRAILING reason=NO_STATIC_PATH
1786864975.178 [STATE_CHANGE] GB_TRACK -> TRAILING src=GB_TRACK s=32.42 d=0.14 vs=3.36
1786864975.407 [OBSTACLES] cur_s=32.94 cur_d=0.17 vs=3.28 n=1 [id=52 static=1 gap=2.57m d=-0.22 size=0.41]
1786864975.415 [STATIC_OT] state=TRAILING path_exists=0 path_locked=0 path_ttl_ok=0 path_safe=0 on_spline=0 speed=3.28 raw_wpnts=0 raw_age=-s decision=TRAILING reason=NO_STATIC_PATH
1786864975.588 [STATE_CHANGE] TRAILING -> OVERTAKE src=OVERTAKE s=33.61 d=0.25 vs=2.98
1786864975.987 [OBSTACLES] cur_s=0.49 cur_d=0.32 vs=2.47 n=1 [id=52 static=1 gap=0.56m d=-0.24 size=0.41]
1786864976.539 [OBSTACLES] cur_s=2.72 cur_d=0.21 vs=4.68 n=0 [none]
1786864976.820 [STATE_CHANGE] OVERTAKE -> GB_TRACK src=GB_TRACK s=3.93 d=-0.02 vs=4.90
1786864977.208 [OBSTACLES] cur_s=5.90 cur_d=-0.14 vs=4.96 n=1 [id=53 static=1 gap=4.69m d=-0.54 size=0.27]
1786864977.733 [OBSTACLES] cur_s=8.37 cur_d=0.09 vs=4.29 n=1 [id=53 static=1 gap=2.20m d=-0.50 size=0.28]
1786864978.236 [OBSTACLES] cur_s=10.27 cur_d=0.12 vs=2.95 n=1 [id=53 static=1 gap=0.30m d=-0.48 size=0.23]
1786864978.365 [STATIC_OT] state=GB_TRACK path_exists=1 path_locked=0 path_ttl_ok=1 path_safe=0 on_spline=1 speed=2.71 raw_wpnts=94 raw_age=0.62s decision=TRAILING reason=PATH_BLOCKED blocked_obs_id=54 gap=1.27m free_dist=-0.003m branch=static/geom
1786864978.367 [STATE_CHANGE] GB_TRACK -> TRAILING src=GB_TRACK s=10.53 d=0.09 vs=2.71
1786864978.628 [STATIC_OT] state=TRAILING path_exists=1 path_locked=0 path_ttl_ok=1 path_safe=0 on_spline=1 speed=2.39 raw_wpnts=81 raw_age=0.54s decision=TRAILING reason=PATH_BLOCKED blocked_obs_id=54 gap=0.85m free_dist=0.019m branch=static/geom
1786864978.722 [STATE_CHANGE] TRAILING -> OVERTAKE src=OVERTAKE s=10.99 d=0.15 vs=2.11
1786864978.792 [OBSTACLES] cur_s=11.07 cur_d=0.41 vs=1.48 n=1 [id=54 static=1 gap=0.66m d=0.25 size=0.17]
1786864978.854 [STATIC_OT] state=OVERTAKE path_exists=1 path_locked=1 path_ttl_ok=1 path_safe=1 on_spline=0 speed=0.38 raw_wpnts=81 raw_age=0.71s decision=OVERTAKE
1786864978.924 [STATE_CHANGE] OVERTAKE -> TRAILING src=GB_TRACK s=11.19 d=0.47 vs=0.00
1786864979.041 [STATE_CHANGE] TRAILING -> LOSTLINE src=GB_TRACK s=11.20 d=0.47 vs=0.11
1786864979.356 [OBSTACLES] cur_s=11.21 cur_d=0.48 vs=0.07 n=0 [none]
1786864979.861 [OBSTACLES] cur_s=11.16 cur_d=0.47 vs=0.00 n=0 [none]
1786864980.372 [OBSTACLES] cur_s=11.15 cur_d=0.46 vs=0.00 n=0 [none]
1786864980.888 [OBSTACLES] cur_s=11.08 cur_d=0.43 vs=-0.40 n=0 [none]
1786864981.395 [OBSTACLES] cur_s=10.92 cur_d=0.31 vs=0.00 n=0 [none]
1786864981.896 [OBSTACLES] cur_s=10.92 cur_d=0.30 vs=0.00 n=0 [none]
1786864982.492 [OBSTACLES] cur_s=11.17 cur_d=0.24 vs=0.90 n=0 [none]
1786864982.493 [STATE_CHANGE] LOSTLINE -> GB_TRACK src=GB_TRACK s=11.17 d=0.24 vs=0.90
1786864983.066 [OBSTACLES] cur_s=11.49 cur_d=-0.20 vs=1.23 n=0 [none]
1786864983.223 [STATE_CHANGE] GB_TRACK -> LOSTLINE src=GB_TRACK s=11.74 d=-0.38 vs=1.47
1786864983.581 [OBSTACLES] cur_s=12.19 cur_d=-0.64 vs=2.21 n=0 [none]
1786864983.650 [STATE_CHANGE] LOSTLINE -> RECOVERY src=RECOVERY s=12.29 d=-0.64 vs=1.99
1786864984.143 [OBSTACLES] cur_s=13.02 cur_d=-0.25 vs=1.79 n=0 [none]
1786864984.669 [OBSTACLES] cur_s=14.11 cur_d=0.09 vs=2.78 n=0 [none]
1786864984.980 [STATE_CHANGE] RECOVERY -> GB_TRACK src=GB_TRACK s=15.03 d=0.02 vs=2.55
1786864985.186 [OBSTACLES] cur_s=15.50 cur_d=-0.14 vs=2.25 n=0 [none]
1786864985.703 [OBSTACLES] cur_s=16.59 cur_d=-0.03 vs=2.52 n=0 [none]
1786864986.209 [OBSTACLES] cur_s=17.23 cur_d=-0.03 vs=2.52 n=0 [none]
1786864986.747 [OBSTACLES] cur_s=18.86 cur_d=0.04 vs=3.67 n=0 [none]
1786864987.268 [OBSTACLES] cur_s=21.37 cur_d=-0.04 vs=4.90 n=0 [none]
1786864987.769 [OBSTACLES] cur_s=23.78 cur_d=0.06 vs=4.94 n=0 [none]
1786864988.290 [OBSTACLES] cur_s=26.36 cur_d=-0.15 vs=4.30 n=0 [none]
1786864988.798 [OBSTACLES] cur_s=28.41 cur_d=-0.16 vs=3.62 n=0 [none]
1786864989.303 [OBSTACLES] cur_s=29.82 cur_d=-0.03 vs=3.53 n=0 [none]
1786864989.819 [OBSTACLES] cur_s=31.59 cur_d=0.17 vs=3.52 n=0 [none]
1786864990.006 [STATIC_OT] state=GB_TRACK path_exists=0 path_locked=0 path_ttl_ok=0 path_safe=0 on_spline=0 speed=3.35 raw_wpnts=0 raw_age=-s decision=TRAILING reason=NO_STATIC_PATH
1786864990.011 [STATE_CHANGE] GB_TRACK -> TRAILING src=GB_TRACK s=32.59 d=0.16 vs=3.35
1786864990.268 [STATIC_OT] state=TRAILING path_exists=0 path_locked=0 path_ttl_ok=0 path_safe=0 on_spline=0 speed=3.27 raw_wpnts=0 raw_age=-s decision=TRAILING reason=NO_STATIC_PATH
1786864990.423 [OBSTACLES] cur_s=33.95 cur_d=0.21 vs=2.83 n=1 [id=55 static=1 gap=1.62m d=-0.21 size=0.39]
1786864990.426 [STATE_CHANGE] TRAILING -> OVERTAKE src=OVERTAKE s=33.95 d=0.21 vs=2.83
1786864990.983 [OBSTACLES] cur_s=1.20 cur_d=0.26 vs=3.24 n=0 [none]
1786864991.514 [OBSTACLES] cur_s=3.68 cur_d=0.03 vs=4.85 n=1 [id=58 static=1 gap=6.86m d=-0.52 size=0.30]
1786864991.638 [STATIC_OT] state=OVERTAKE path_exists=1 path_locked=1 path_ttl_ok=1 path_safe=0 on_spline=1 speed=4.90 raw_wpnts=81 raw_age=0.49s decision=TRAILING reason=PATH_BLOCKED blocked_obs_id=58 gap=6.55m free_dist=Nonem branch=static/beyond_path
1786864991.647 [STATE_CHANGE] OVERTAKE -> TRAILING src=GB_TRACK s=4.14 d=-0.07 vs=4.90
1786864991.881 [STATIC_OT] state=TRAILING path_exists=1 path_locked=0 path_ttl_ok=0 path_safe=0 on_spline=1 speed=4.83 raw_wpnts=0 raw_age=-s decision=TRAILING reason=NO_STATIC_PATH
1786864992.374 [OBSTACLES] cur_s=7.39 cur_d=-0.04 vs=3.77 n=1 [id=58 static=1 gap=3.14m d=-0.48 size=0.29]
1786864992.374 [STATE_CHANGE] TRAILING -> GB_TRACK src=GB_TRACK s=7.39 d=-0.04 vs=3.77
1786864992.946 [OBSTACLES] cur_s=9.32 cur_d=0.03 vs=3.33 n=1 [id=58 static=1 gap=1.22m d=-0.46 size=0.24]
1786864993.112 [STATIC_OT] state=GB_TRACK path_exists=1 path_locked=0 path_ttl_ok=1 path_safe=0 on_spline=1 speed=3.13 raw_wpnts=88 raw_age=0.46s decision=TRAILING reason=PATH_BLOCKED blocked_obs_id=59 gap=1.96m free_dist=0.034m branch=static/geom
1786864993.113 [STATE_CHANGE] GB_TRACK -> TRAILING src=GB_TRACK s=9.83 d=0.02 vs=3.13
1786864993.328 [STATIC_OT] state=TRAILING path_exists=1 path_locked=0 path_ttl_ok=1 path_safe=0 on_spline=1 speed=2.78 raw_wpnts=82 raw_age=0.48s decision=TRAILING reason=PATH_BLOCKED blocked_obs_id=59 gap=1.52m free_dist=0.01m branch=static/geom
1786864993.514 [OBSTACLES] cur_s=10.88 cur_d=0.11 vs=2.37 n=1 [id=59 static=1 gap=0.79m d=0.22 size=0.28]
1786864993.585 [STATIC_OT] state=TRAILING path_exists=1 path_locked=0 path_ttl_ok=0 path_safe=0 on_spline=1 speed=2.26 raw_wpnts=0 raw_age=-s decision=TRAILING reason=NO_STATIC_PATH
1786864993.841 [STATIC_OT] state=TRAILING path_exists=1 path_locked=0 path_ttl_ok=0 path_safe=0 on_spline=0 speed=0.86 raw_wpnts=0 raw_age=-s decision=TRAILING reason=NO_STATIC_PATH
1786864994.066 [OBSTACLES] cur_s=10.90 cur_d=0.60 vs=-0.29 n=1 [id=59 static=1 gap=0.78m d=0.22 size=0.29]
1786864994.068 [STATIC_OT] state=TRAILING path_exists=1 path_locked=0 path_ttl_ok=0 path_safe=0 on_spline=0 speed=-0.29 raw_wpnts=0 raw_age=-s decision=TRAILING reason=NO_STATIC_PATH
1786864994.160 [STATE_CHANGE] TRAILING -> LOSTLINE src=GB_TRACK s=10.87 d=0.59 vs=-0.28
1786864994.589 [OBSTACLES] cur_s=10.77 cur_d=0.59 vs=0.00 n=0 [none]
1786864995.117 [OBSTACLES] cur_s=10.78 cur_d=0.59 vs=0.00 n=0 [none]
1786864995.659 [OBSTACLES] cur_s=10.67 cur_d=0.47 vs=-1.10 n=0 [none]
1786864995.977 [STATE_CHANGE] LOSTLINE -> GB_TRACK src=GB_TRACK s=10.41 d=0.28 vs=-0.86
1786864996.225 [OBSTACLES] cur_s=10.25 cur_d=0.23 vs=-0.37 n=0 [none]
1786864996.780 [OBSTACLES] cur_s=10.40 cur_d=0.25 vs=1.52 n=0 [none]
1786864997.296 [OBSTACLES] cur_s=11.62 cur_d=0.08 vs=2.29 n=0 [none]
1786864997.966 [OBSTACLES] cur_s=13.67 cur_d=0.06 vs=3.73 n=0 [none]
1786864998.561 [OBSTACLES] cur_s=15.53 cur_d=0.23 vs=2.63 n=0 [none]
1786864999.074 [OBSTACLES] cur_s=16.85 cur_d=0.10 vs=2.20 n=0 [none]
1786864999.596 [OBSTACLES] cur_s=18.56 cur_d=0.26 vs=3.31 n=0 [none]
1786864999.719 [STATE_CHANGE] GB_TRACK -> LOSTLINE src=GB_TRACK s=19.03 d=0.34 vs=3.73
1786865000.144 [OBSTACLES] cur_s=21.07 cur_d=0.27 vs=4.72 n=0 [none]
1786865000.144 [STATE_CHANGE] LOSTLINE -> GB_TRACK src=GB_TRACK s=21.07 d=0.27 vs=4.72
1786865000.693 [OBSTACLES] cur_s=23.97 cur_d=-0.25 vs=4.95 n=0 [none]
1786865000.916 [STATIC_OT] state=GB_TRACK path_exists=0 path_locked=0 path_ttl_ok=0 path_safe=0 on_spline=0 speed=4.72 raw_wpnts=0 raw_age=-s decision=TRAILING reason=NO_STATIC_PATH
1786865000.916 [STATE_CHANGE] GB_TRACK -> TRAILING src=GB_TRACK s=24.98 d=-0.20 vs=4.72
1786865001.176 [STATIC_OT] state=TRAILING path_exists=0 path_locked=0 path_ttl_ok=0 path_safe=0 on_spline=0 speed=3.97 raw_wpnts=0 raw_age=-s decision=TRAILING reason=NO_STATIC_PATH
1786865001.242 [OBSTACLES] cur_s=26.30 cur_d=0.08 vs=3.89 n=1 [id=61 static=1 gap=2.53m d=0.23 size=0.42]
1786865001.367 [STATE_CHANGE] TRAILING -> OVERTAKE src=OVERTAKE s=26.46 d=0.10 vs=3.80
1786865001.795 [OBSTACLES] cur_s=28.10 cur_d=0.15 vs=3.07 n=0 [none]
1786865002.373 [OBSTACLES] cur_s=28.99 cur_d=0.02 vs=2.78 n=1 [id=62 static=1 gap=0.02m d=0.25 size=0.26]
1786865002.880 [OBSTACLES] cur_s=30.66 cur_d=0.15 vs=3.55 n=0 [none]
1786865003.403 [OBSTACLES] cur_s=32.73 cur_d=0.10 vs=3.38 n=1 [id=63 static=1 gap=2.82m d=-0.21 size=0.43]
1786865003.406 [STATIC_OT] state=OVERTAKE path_exists=1 path_locked=1 path_ttl_ok=0 path_safe=0 on_spline=1 speed=3.38 raw_wpnts=0 raw_age=-s decision=TRAILING reason=NO_STATIC_PATH
1786865003.426 [STATE_CHANGE] OVERTAKE -> TRAILING src=GB_TRACK s=32.73 d=0.10 vs=3.38
1786865003.609 [STATIC_OT] state=TRAILING path_exists=0 path_locked=0 path_ttl_ok=0 path_safe=0 on_spline=0 speed=3.29 raw_wpnts=0 raw_age=-s decision=TRAILING reason=NO_STATIC_PATH
1786865003.804 [STATE_CHANGE] TRAILING -> OVERTAKE src=OVERTAKE s=34.00 d=0.15 vs=2.97
1786865003.964 [OBSTACLES] cur_s=34.50 cur_d=0.12 vs=2.56 n=1 [id=63 static=1 gap=1.06m d=-0.24 size=0.45]
1786865004.494 [OBSTACLES] cur_s=1.54 cur_d=0.24 vs=3.92 n=0 [none]
1786865004.959 [STATE_CHANGE] OVERTAKE -> GB_TRACK src=GB_TRACK s=3.85 d=0.04 vs=4.88
1786865005.063 [OBSTACLES] cur_s=4.49 cur_d=-0.07 vs=4.92 n=1 [id=64 static=1 gap=6.05m d=-0.50 size=0.33]
1786865005.565 [OBSTACLES] cur_s=7.07 cur_d=-0.11 vs=4.92 n=1 [id=64 static=1 gap=3.48m d=-0.48 size=0.27]
1786865006.157 [OBSTACLES] cur_s=9.35 cur_d=0.24 vs=3.83 n=1 [id=64 static=1 gap=1.17m d=-0.47 size=0.29]
1786865006.421 [STATIC_OT] state=GB_TRACK path_exists=1 path_locked=0 path_ttl_ok=1 path_safe=1 on_spline=1 speed=3.25 raw_wpnts=118 raw_age=0.89s decision=OVERTAKE
1786865006.422 [STATE_CHANGE] GB_TRACK -> OVERTAKE src=OVERTAKE s=9.67 d=0.25 vs=3.25
1786865006.717 [OBSTACLES] cur_s=10.70 cur_d=-0.02 vs=2.29 n=0 [none]
1786865007.323 [OBSTACLES] cur_s=12.00 cur_d=-0.10 vs=2.52 n=0 [none]
1786865007.848 [OBSTACLES] cur_s=13.64 cur_d=0.11 vs=3.72 n=0 [none]
1786865008.417 [OBSTACLES] cur_s=15.38 cur_d=0.28 vs=2.65 n=0 [none]
1786865008.994 [OBSTACLES] cur_s=16.72 cur_d=-0.29 vs=2.58 n=0 [none]
1786865009.531 [OBSTACLES] cur_s=17.33 cur_d=-0.09 vs=2.37 n=0 [none]
1786865009.778 [STATE_CHANGE] OVERTAKE -> LOSTLINE src=GB_TRACK s=18.14 d=0.21 vs=2.92
1786865009.853 [STATE_CHANGE] LOSTLINE -> GB_TRACK src=GB_TRACK s=18.24 d=0.21 vs=2.94
1786865010.038 [OBSTACLES] cur_s=19.10 cur_d=0.09 vs=3.60 n=0 [none]
1786865010.600 [OBSTACLES] cur_s=20.88 cur_d=-0.18 vs=4.84 n=0 [none]
1786865011.109 [OBSTACLES] cur_s=23.73 cur_d=0.24 vs=4.97 n=0 [none]
1786865011.617 [OBSTACLES] cur_s=26.09 cur_d=-0.09 vs=4.21 n=0 [none]
1786865012.128 [OBSTACLES] cur_s=27.80 cur_d=0.01 vs=3.65 n=0 [none]
1786865012.578 [STATE_CHANGE] GB_TRACK -> LOSTLINE src=GB_TRACK s=28.65 d=0.42 vs=3.28
1786865012.660 [OBSTACLES] cur_s=28.93 cur_d=0.56 vs=3.32 n=0 [none]
1786865012.907 [STATE_CHANGE] LOSTLINE -> GB_TRACK src=GB_TRACK s=30.64 d=0.25 vs=2.68
1786865013.198 [OBSTACLES] cur_s=31.41 cur_d=-0.11 vs=2.69 n=1 [id=67 static=1 gap=5.68m d=0.08 size=0.26]
1786865013.214 [STATIC_OT] state=GB_TRACK path_exists=0 path_locked=0 path_ttl_ok=0 path_safe=0 on_spline=0 speed=2.69 raw_wpnts=0 raw_age=-s decision=TRAILING reason=NO_STATIC_PATH
1786865013.214 [STATE_CHANGE] GB_TRACK -> TRAILING src=GB_TRACK s=31.41 d=-0.11 vs=2.69
1786865013.469 [STATIC_OT] state=TRAILING path_exists=0 path_locked=0 path_ttl_ok=0 path_safe=0 on_spline=0 speed=2.46 raw_wpnts=0 raw_age=-s decision=TRAILING reason=NO_STATIC_PATH
1786865013.697 [STATIC_OT] state=TRAILING path_exists=0 path_locked=0 path_ttl_ok=0 path_safe=0 on_spline=0 speed=1.70 raw_wpnts=0 raw_age=-s decision=TRAILING reason=NO_STATIC_PATH
1786865013.768 [OBSTACLES] cur_s=32.37 cur_d=-0.45 vs=1.47 n=1 [id=67 static=1 gap=4.60m d=-0.02 size=0.26]
1786865013.987 [STATIC_OT] state=TRAILING path_exists=1 path_locked=0 path_ttl_ok=1 path_safe=1 on_spline=1 speed=1.06 raw_wpnts=129 raw_age=0.85s decision=OVERTAKE
1786865013.995 [STATE_CHANGE] TRAILING -> OVERTAKE src=OVERTAKE s=32.53 d=-0.38 vs=1.06
1786865014.345 [OBSTACLES] cur_s=32.77 cur_d=-0.24 vs=1.24 n=1 [id=67 static=1 gap=4.13m d=-0.06 size=0.27]
1786865014.907 [OBSTACLES] cur_s=33.87 cur_d=-0.05 vs=2.16 n=2 [id=67 static=1 gap=2.99m d=-0.07 size=0.29; id=69 static=1 gap=11.99m d=-0.67 size=0.32]
1786865015.542 [OBSTACLES] cur_s=0.72 cur_d=0.29 vs=2.64 n=2 [id=67 static=1 gap=1.63m d=-0.07 size=0.25; id=69 static=1 gap=10.61m d=-0.72 size=0.34]
1786865016.122 [OBSTACLES] cur_s=3.14 cur_d=0.40 vs=4.12 n=1 [id=69 static=1 gap=8.19m d=-0.77 size=0.36]
1786865016.619 [STATIC_OT] state=OVERTAKE path_exists=1 path_locked=1 path_ttl_ok=1 path_safe=0 on_spline=0 speed=4.23 raw_wpnts=81 raw_age=0.51s decision=TRAILING reason=PATH_BLOCKED blocked_obs_id=69 gap=6.38m free_dist=Nonem branch=static/beyond_path
1786865016.626 [STATE_CHANGE] OVERTAKE -> TRAILING src=GB_TRACK s=5.14 d=-0.30 vs=4.23
1786865016.736 [OBSTACLES] cur_s=5.99 cur_d=-0.38 vs=4.72 n=1 [id=69 static=1 gap=5.37m d=-0.77 size=0.31]
1786865016.848 [STATIC_OT] state=TRAILING path_exists=0 path_locked=0 path_ttl_ok=0 path_safe=0 on_spline=0 speed=4.69 raw_wpnts=0 raw_age=-s decision=TRAILING reason=NO_STATIC_PATH
1786865017.081 [STATIC_OT] state=TRAILING path_exists=0 path_locked=0 path_ttl_ok=0 path_safe=0 on_spline=0 speed=4.10 raw_wpnts=0 raw_age=-s decision=TRAILING reason=NO_STATIC_PATH
1786865017.272 [OBSTACLES] cur_s=7.84 cur_d=-0.24 vs=3.70 n=1 [id=69 static=1 gap=3.54m d=-0.75 size=0.26]
1786865017.364 [STATIC_OT] state=TRAILING path_exists=0 path_locked=0 path_ttl_ok=0 path_safe=0 on_spline=0 speed=3.45 raw_wpnts=0 raw_age=-s decision=TRAILING reason=NO_STATIC_PATH
1786865017.604 [STATIC_OT] state=TRAILING path_exists=0 path_locked=0 path_ttl_ok=0 path_safe=0 on_spline=0 speed=2.88 raw_wpnts=0 raw_age=-s decision=TRAILING reason=NO_STATIC_PATH
1786865017.650 [STATE_CHANGE] TRAILING -> GB_TRACK src=GB_TRACK s=9.09 d=-0.04 vs=2.73
1786865017.848 [OBSTACLES] cur_s=9.54 cur_d=-0.01 vs=2.32 n=1 [id=69 static=1 gap=1.84m d=-0.73 size=0.26]
1786865018.374 [OBSTACLES] cur_s=10.86 cur_d=0.05 vs=2.51 n=1 [id=69 static=1 gap=0.54m d=-0.72 size=0.22]
1786865018.911 [OBSTACLES] cur_s=11.54 cur_d=0.33 vs=0.73 n=0 [none]
1786865018.912 [STATE_CHANGE] GB_TRACK -> LOSTLINE src=GB_TRACK s=11.54 d=0.33 vs=0.73
1786865019.031 [STATIC_OT] state=GB_TRACK path_exists=0 path_locked=0 path_ttl_ok=0 path_safe=0 on_spline=0 speed=0.00 raw_wpnts=0 raw_age=-s decision=TRAILING reason=NO_STATIC_PATH
1786865019.032 [STATE_CHANGE] LOSTLINE -> TRAILING src=GB_TRACK s=11.35 d=0.46 vs=0.00
1786865019.183 [STATE_CHANGE] TRAILING -> LOSTLINE src=GB_TRACK s=10.82 d=0.67 vs=-0.12
1786865019.258 [STATIC_OT] state=GB_TRACK path_exists=0 path_locked=0 path_ttl_ok=0 path_safe=0 on_spline=0 speed=0.00 raw_wpnts=0 raw_age=-s decision=TRAILING reason=NO_STATIC_PATH
1786865019.273 [STATE_CHANGE] LOSTLINE -> TRAILING src=GB_TRACK s=10.70 d=0.71 vs=0.00
1786865019.541 [OBSTACLES] cur_s=10.44 cur_d=0.78 vs=0.00 n=1 [id=72 static=1 gap=1.12m d=0.17 size=0.16]
1786865019.552 [STATIC_OT] state=TRAILING path_exists=0 path_locked=0 path_ttl_ok=0 path_safe=0 on_spline=0 speed=0.00 raw_wpnts=0 raw_age=-s decision=TRAILING reason=NO_STATIC_PATH
1786865019.739 [STATE_CHANGE] TRAILING -> LOSTLINE src=GB_TRACK s=10.43 d=0.80 vs=0.00
1786865020.066 [OBSTACLES] cur_s=10.43 cur_d=0.79 vs=0.00 n=0 [none]
1786865020.604 [OBSTACLES] cur_s=10.43 cur_d=0.79 vs=0.00 n=0 [none]
1786865021.119 [OBSTACLES] cur_s=9.80 cur_d=0.95 vs=0.00 n=0 [none]
1786865021.659 [OBSTACLES] cur_s=9.79 cur_d=0.95 vs=-0.06 n=0 [none]
1786865022.145 [STATIC_OT] state=GB_TRACK path_exists=0 path_locked=0 path_ttl_ok=0 path_safe=0 on_spline=0 speed=-0.91 raw_wpnts=0 raw_age=-s decision=TRAILING reason=NO_STATIC_PATH
1786865022.151 [STATE_CHANGE] LOSTLINE -> TRAILING src=GB_TRACK s=9.67 d=0.65 vs=-0.91
1786865022.186 [OBSTACLES] cur_s=9.66 cur_d=0.62 vs=-0.92 n=1 [id=73 static=1 gap=0.40m d=0.17 size=0.29]
1786865022.191 [STATE_CHANGE] TRAILING -> OVERTAKE src=OVERTAKE s=9.66 d=0.62 vs=-0.92
1786865022.722 [OBSTACLES] cur_s=9.51 cur_d=0.44 vs=-0.48 n=1 [id=73 static=1 gap=0.61m d=0.18 size=0.25]
1786865023.259 [OBSTACLES] cur_s=9.29 cur_d=0.38 vs=-0.33 n=1 [id=73 static=1 gap=0.86m d=0.20 size=0.23]
1786865023.269 [STATIC_OT] state=OVERTAKE path_exists=1 path_locked=1 path_ttl_ok=0 path_safe=0 on_spline=0 speed=-0.33 raw_wpnts=0 raw_age=-s decision=TRAILING reason=NO_STATIC_PATH
1786865023.272 [STATE_CHANGE] OVERTAKE -> TRAILING src=GB_TRACK s=9.29 d=0.38 vs=-0.33
1786865023.327 [STATE_CHANGE] TRAILING -> OVERTAKE src=OVERTAKE s=9.27 d=0.38 vs=-0.35
1786865023.815 [OBSTACLES] cur_s=9.23 cur_d=0.37 vs=0.00 n=1 [id=73 static=1 gap=0.94m d=0.21 size=0.23]
1786865024.398 [OBSTACLES] cur_s=9.23 cur_d=0.37 vs=0.00 n=1 [id=73 static=1 gap=0.93m d=0.21 size=0.23]
1786865024.914 [OBSTACLES] cur_s=9.23 cur_d=0.37 vs=0.00 n=1 [id=73 static=1 gap=0.94m d=0.21 size=0.24]
1786865025.449 [OBSTACLES] cur_s=9.23 cur_d=0.37 vs=0.00 n=1 [id=73 static=1 gap=0.94m d=0.20 size=0.23]
1786865025.977 [OBSTACLES] cur_s=9.23 cur_d=0.37 vs=0.00 n=1 [id=73 static=1 gap=0.94m d=0.20 size=0.23]
1786865026.523 [OBSTACLES] cur_s=9.23 cur_d=0.37 vs=0.00 n=1 [id=73 static=1 gap=0.94m d=0.20 size=0.23]
1786865027.042 [OBSTACLES] cur_s=9.23 cur_d=0.37 vs=0.00 n=1 [id=73 static=1 gap=0.95m d=0.20 size=0.23]
1786865027.633 [OBSTACLES] cur_s=9.23 cur_d=0.37 vs=0.00 n=1 [id=73 static=1 gap=0.94m d=0.20 size=0.24]
1786865028.171 [OBSTACLES] cur_s=9.23 cur_d=0.37 vs=0.00 n=1 [id=73 static=1 gap=0.95m d=0.20 size=0.23]
1786865028.755 [OBSTACLES] cur_s=9.23 cur_d=0.37 vs=0.00 n=1 [id=73 static=1 gap=0.95m d=0.20 size=0.23]
1786865029.281 [OBSTACLES] cur_s=9.23 cur_d=0.37 vs=0.00 n=1 [id=73 static=1 gap=0.94m d=0.20 size=0.25]
1786865029.791 [OBSTACLES] cur_s=9.23 cur_d=0.37 vs=0.00 n=1 [id=73 static=1 gap=0.95m d=0.20 size=0.23]
1786865030.293 [OBSTACLES] cur_s=9.23 cur_d=0.37 vs=0.00 n=1 [id=73 static=1 gap=0.95m d=0.20 size=0.22]
1786865030.868 [OBSTACLES] cur_s=9.23 cur_d=0.37 vs=0.00 n=1 [id=73 static=1 gap=0.95m d=0.20 size=0.23]
1786865031.424 [OBSTACLES] cur_s=9.23 cur_d=0.37 vs=0.00 n=1 [id=73 static=1 gap=0.95m d=0.20 size=0.23]
1786865032.008 [OBSTACLES] cur_s=9.23 cur_d=0.37 vs=0.00 n=1 [id=73 static=1 gap=0.94m d=0.20 size=0.24]
1786865032.510 [OBSTACLES] cur_s=9.23 cur_d=0.37 vs=0.00 n=1 [id=73 static=1 gap=0.94m d=0.20 size=0.25]
1786865033.096 [OBSTACLES] cur_s=9.23 cur_d=0.37 vs=0.00 n=1 [id=73 static=1 gap=0.94m d=0.20 size=0.24]
1786865033.604 [OBSTACLES] cur_s=9.23 cur_d=0.37 vs=0.00 n=1 [id=73 static=1 gap=0.94m d=0.20 size=0.25]
1786865034.237 [OBSTACLES] cur_s=9.23 cur_d=0.37 vs=0.00 n=1 [id=73 static=1 gap=0.95m d=0.20 size=0.23]
1786865034.809 [OBSTACLES] cur_s=9.23 cur_d=0.37 vs=0.00 n=1 [id=73 static=1 gap=0.95m d=0.20 size=0.23]
1786865035.314 [OBSTACLES] cur_s=9.23 cur_d=0.37 vs=0.00 n=1 [id=73 static=1 gap=0.95m d=0.20 size=0.24]
1786865035.907 [OBSTACLES] cur_s=9.23 cur_d=0.37 vs=0.00 n=1 [id=73 static=1 gap=0.95m d=0.20 size=0.24]
1786865036.514 [OBSTACLES] cur_s=9.21 cur_d=0.37 vs=0.00 n=1 [id=73 static=1 gap=0.97m d=0.20 size=0.24]
1786865037.139 [OBSTACLES] cur_s=9.45 cur_d=0.25 vs=1.05 n=1 [id=73 static=1 gap=0.72m d=0.20 size=0.23]
1786865037.741 [OBSTACLES] cur_s=10.07 cur_d=-0.14 vs=1.35 n=1 [id=73 static=1 gap=0.06m d=0.21 size=0.32]
1786865038.253 [OBSTACLES] cur_s=10.60 cur_d=-0.44 vs=1.07 n=0 [none]
1786865038.667 [STATE_CHANGE] OVERTAKE -> LOSTLINE src=GB_TRACK s=11.03 d=-0.77 vs=1.38
1786865038.758 [OBSTACLES] cur_s=11.15 cur_d=-0.83 vs=1.22 n=0 [none]
1786865039.272 [OBSTACLES] cur_s=11.63 cur_d=-0.80 vs=1.63 n=0 [none]
1786865039.806 [OBSTACLES] cur_s=12.06 cur_d=-0.40 vs=1.67 n=0 [none]
1786865039.992 [STATE_CHANGE] LOSTLINE -> GB_TRACK src=GB_TRACK s=12.34 d=-0.27 vs=1.67
1786865040.349 [OBSTACLES] cur_s=12.76 cur_d=-0.14 vs=1.27 n=0 [none]
1786865040.893 [OBSTACLES] cur_s=13.70 cur_d=0.27 vs=1.38 n=0 [none]
1786865041.033 [STATE_CHANGE] GB_TRACK -> LOSTLINE src=GB_TRACK s=13.84 d=0.31 vs=1.39
1786865041.134 [STATE_CHANGE] LOSTLINE -> RECOVERY src=RECOVERY s=13.99 d=0.33 vs=1.41
1786865041.417 [OBSTACLES] cur_s=14.28 cur_d=0.40 vs=1.41 n=0 [none]
1786865041.942 [OBSTACLES] cur_s=15.05 cur_d=0.49 vs=1.61 n=0 [none]
1786865042.428 [STATE_CHANGE] RECOVERY -> GB_TRACK src=GB_TRACK s=15.62 d=-0.00 vs=1.08
1786865042.504 [OBSTACLES] cur_s=15.68 cur_d=-0.07 vs=1.07 n=0 [none]
1786865042.745 [STATE_CHANGE] GB_TRACK -> LOSTLINE src=GB_TRACK s=15.92 d=-0.30 vs=0.81
1786865043.037 [OBSTACLES] cur_s=16.15 cur_d=-0.34 vs=0.66 n=0 [none]
1786865043.115 [STATE_CHANGE] LOSTLINE -> RECOVERY src=RECOVERY s=16.21 d=-0.35 vs=1.03
1786865043.564 [OBSTACLES] cur_s=17.09 cur_d=-0.32 vs=3.22 n=0 [none]
1786865044.085 [OBSTACLES] cur_s=18.01 cur_d=-0.09 vs=1.12 n=0 [none]
1786865044.291 [STATE_CHANGE] RECOVERY -> GB_TRACK src=GB_TRACK s=18.18 d=0.01 vs=0.83
1786865044.591 [OBSTACLES] cur_s=18.35 cur_d=0.09 vs=0.32 n=0 [none]
1786865045.108 [OBSTACLES] cur_s=18.36 cur_d=0.09 vs=0.00 n=0 [none]
1786865045.645 [OBSTACLES] cur_s=18.37 cur_d=0.09 vs=0.00 n=0 [none]
1786865046.180 [OBSTACLES] cur_s=18.37 cur_d=0.09 vs=0.00 n=0 [none]
1786865046.729 [OBSTACLES] cur_s=18.37 cur_d=0.09 vs=0.00 n=0 [none]
1786865047.275 [OBSTACLES] cur_s=18.36 cur_d=0.09 vs=0.00 n=0 [none]
1786865047.817 [OBSTACLES] cur_s=18.39 cur_d=0.06 vs=0.00 n=0 [none]
1786865048.359 [OBSTACLES] cur_s=18.40 cur_d=0.07 vs=0.00 n=0 [none]
1786865048.909 [OBSTACLES] cur_s=18.38 cur_d=0.06 vs=0.00 n=0 [none]
1786865049.477 [OBSTACLES] cur_s=18.38 cur_d=0.06 vs=0.00 n=0 [none]
1786865049.988 [OBSTACLES] cur_s=18.38 cur_d=0.06 vs=0.00 n=0 [none]
1786865050.546 [OBSTACLES] cur_s=18.38 cur_d=0.06 vs=0.00 n=0 [none]
1786865051.104 [OBSTACLES] cur_s=18.38 cur_d=0.06 vs=0.00 n=0 [none]
1786865051.637 [OBSTACLES] cur_s=18.37 cur_d=0.07 vs=0.00 n=0 [none]
1786865052.153 [OBSTACLES] cur_s=18.38 cur_d=0.08 vs=0.00 n=0 [none]
1786865052.685 [OBSTACLES] cur_s=18.37 cur_d=0.07 vs=0.00 n=1 [id=81 static=1 gap=0.27m d=0.74 size=0.32]
1786865053.253 [OBSTACLES] cur_s=18.37 cur_d=0.06 vs=0.00 n=0 [none]
1786865053.771 [OBSTACLES] cur_s=18.37 cur_d=0.06 vs=0.00 n=1 [id=82 static=1 gap=1.00m d=0.76 size=0.27]
1786865054.286 [OBSTACLES] cur_s=18.38 cur_d=0.07 vs=0.00 n=0 [none]
1786865054.810 [OBSTACLES] cur_s=18.38 cur_d=0.07 vs=0.00 n=0 [none]
1786865055.346 [OBSTACLES] cur_s=18.38 cur_d=0.06 vs=0.00 n=1 [id=86 static=1 gap=2.19m d=0.86 size=0.34]
1786865055.857 [OBSTACLES] cur_s=18.38 cur_d=0.06 vs=0.00 n=1 [id=86 static=1 gap=2.20m d=0.81 size=0.29]
1786865056.440 [OBSTACLES] cur_s=18.37 cur_d=0.07 vs=0.00 n=1 [id=87 static=1 gap=1.35m d=0.67 size=0.35]
1786865056.947 [OBSTACLES] cur_s=18.38 cur_d=0.07 vs=0.00 n=2 [id=87 static=1 gap=1.33m d=0.77 size=0.32; id=88 static=1 gap=0.81m d=0.80 size=0.21]
