# state_machine debug log started 20260816_153532  map='0815test3'
1786862140.387 [OBSTACLES] cur_s=9.60 cur_d=0.36 vs=0.00 n=0 [none]
1786862140.387 [STATE_CHANGE] None -> LOSTLINE src=GB_TRACK s=9.60 d=0.36 vs=0.00
1786862140.713 [STATE_CHANGE] LOSTLINE -> RECOVERY src=RECOVERY s=9.58 d=0.37 vs=0.00
1786862140.954 [OBSTACLES] cur_s=9.58 cur_d=0.37 vs=0.00 n=0 [none]
1786862141.516 [OBSTACLES] cur_s=9.58 cur_d=0.37 vs=0.00 n=0 [none]
1786862142.070 [OBSTACLES] cur_s=9.57 cur_d=0.36 vs=0.00 n=0 [none]
1786862142.576 [OBSTACLES] cur_s=9.58 cur_d=0.36 vs=0.00 n=0 [none]
1786862143.154 [OBSTACLES] cur_s=9.58 cur_d=0.36 vs=0.00 n=0 [none]
1786862143.691 [OBSTACLES] cur_s=9.58 cur_d=0.36 vs=0.00 n=0 [none]
1786862144.230 [OBSTACLES] cur_s=9.58 cur_d=0.36 vs=0.00 n=0 [none]
1786862144.771 [OBSTACLES] cur_s=9.58 cur_d=0.36 vs=0.00 n=0 [none]
1786862145.290 [OBSTACLES] cur_s=9.58 cur_d=0.36 vs=0.00 n=0 [none]
1786862145.918 [OBSTACLES] cur_s=9.58 cur_d=0.36 vs=0.00 n=0 [none]
1786862146.466 [OBSTACLES] cur_s=9.57 cur_d=0.37 vs=0.00 n=0 [none]
1786862147.025 [OBSTACLES] cur_s=9.58 cur_d=0.36 vs=0.00 n=0 [none]
1786862147.546 [OBSTACLES] cur_s=9.60 cur_d=0.37 vs=0.00 n=0 [none]
1786862148.120 [OBSTACLES] cur_s=9.58 cur_d=0.37 vs=0.00 n=0 [none]
1786862148.646 [OBSTACLES] cur_s=9.60 cur_d=0.37 vs=0.00 n=0 [none]
1786862149.170 [OBSTACLES] cur_s=9.59 cur_d=0.37 vs=0.00 n=0 [none]
1786862149.707 [OBSTACLES] cur_s=9.59 cur_d=0.36 vs=0.00 n=0 [none]
1786862150.241 [OBSTACLES] cur_s=9.57 cur_d=0.37 vs=0.00 n=0 [none]
1786862150.666 [STATE_CHANGE] RECOVERY -> LOSTLINE src=GB_TRACK s=9.57 d=0.38 vs=0.00
1786862150.745 [OBSTACLES] cur_s=9.58 cur_d=0.38 vs=0.00 n=0 [none]
1786862151.253 [OBSTACLES] cur_s=9.58 cur_d=0.38 vs=0.00 n=0 [none]
1786862151.897 [OBSTACLES] cur_s=9.59 cur_d=0.38 vs=0.00 n=0 [none]
1786862152.516 [OBSTACLES] cur_s=9.61 cur_d=0.37 vs=0.00 n=0 [none]
1786862153.056 [OBSTACLES] cur_s=9.59 cur_d=0.37 vs=0.00 n=0 [none]
1786862153.577 [OBSTACLES] cur_s=9.58 cur_d=0.36 vs=0.00 n=0 [none]
1786862154.134 [OBSTACLES] cur_s=9.59 cur_d=0.37 vs=0.00 n=0 [none]
1786862154.679 [OBSTACLES] cur_s=9.59 cur_d=0.37 vs=0.00 n=0 [none]
1786862155.197 [OBSTACLES] cur_s=9.59 cur_d=0.37 vs=0.00 n=0 [none]
1786862155.793 [OBSTACLES] cur_s=9.58 cur_d=0.36 vs=0.00 n=0 [none]
1786862156.371 [OBSTACLES] cur_s=9.58 cur_d=0.36 vs=0.00 n=0 [none]
1786862156.890 [OBSTACLES] cur_s=9.58 cur_d=0.36 vs=0.00 n=0 [none]
1786862156.976 [STATE_CHANGE] LOSTLINE -> RECOVERY src=RECOVERY s=9.58 d=0.37 vs=0.00
1786862157.440 [OBSTACLES] cur_s=9.58 cur_d=0.36 vs=0.00 n=0 [none]
1786862157.942 [OBSTACLES] cur_s=9.58 cur_d=0.36 vs=0.00 n=0 [none]
1786862158.463 [OBSTACLES] cur_s=9.58 cur_d=0.37 vs=0.00 n=0 [none]
1786862159.018 [OBSTACLES] cur_s=9.58 cur_d=0.37 vs=0.00 n=0 [none]
1786862159.557 [OBSTACLES] cur_s=9.59 cur_d=0.37 vs=0.00 n=0 [none]
1786862160.116 [OBSTACLES] cur_s=9.58 cur_d=0.37 vs=0.00 n=0 [none]
1786862160.630 [OBSTACLES] cur_s=9.58 cur_d=0.37 vs=0.00 n=0 [none]
1786862161.175 [OBSTACLES] cur_s=9.58 cur_d=0.37 vs=0.00 n=0 [none]
1786862161.758 [OBSTACLES] cur_s=9.58 cur_d=0.37 vs=0.00 n=0 [none]
1786862162.322 [OBSTACLES] cur_s=9.58 cur_d=0.37 vs=0.00 n=0 [none]
1786862162.837 [OBSTACLES] cur_s=9.59 cur_d=0.37 vs=0.00 n=0 [none]
1786862163.347 [OBSTACLES] cur_s=9.59 cur_d=0.37 vs=0.00 n=0 [none]
1786862163.874 [OBSTACLES] cur_s=9.59 cur_d=0.37 vs=0.00 n=0 [none]
1786862164.398 [OBSTACLES] cur_s=9.58 cur_d=0.37 vs=0.00 n=0 [none]
1786862164.920 [OBSTACLES] cur_s=9.59 cur_d=0.37 vs=0.00 n=0 [none]
1786862165.441 [OBSTACLES] cur_s=9.58 cur_d=0.37 vs=0.00 n=0 [none]
1786862166.002 [OBSTACLES] cur_s=9.59 cur_d=0.36 vs=0.00 n=0 [none]
1786862166.542 [OBSTACLES] cur_s=9.59 cur_d=0.37 vs=0.00 n=0 [none]
1786862166.905 [STATE_CHANGE] RECOVERY -> LOSTLINE src=GB_TRACK s=9.58 d=0.37 vs=0.00
1786862167.106 [OBSTACLES] cur_s=9.58 cur_d=0.37 vs=0.00 n=0 [none]
1786862167.916 [OBSTACLES] cur_s=9.58 cur_d=0.36 vs=0.00 n=0 [none]
1786862168.485 [OBSTACLES] cur_s=9.58 cur_d=0.37 vs=0.00 n=0 [none]
1786862169.030 [OBSTACLES] cur_s=9.59 cur_d=0.37 vs=0.00 n=0 [none]
1786862169.375 [STATE_CHANGE] LOSTLINE -> RECOVERY src=RECOVERY s=9.58 d=0.37 vs=0.00
1786862169.547 [OBSTACLES] cur_s=9.58 cur_d=0.37 vs=0.00 n=0 [none]
1786862170.101 [OBSTACLES] cur_s=9.58 cur_d=0.37 vs=0.00 n=0 [none]
1786862170.633 [OBSTACLES] cur_s=9.59 cur_d=0.37 vs=0.00 n=0 [none]
1786862171.160 [OBSTACLES] cur_s=9.59 cur_d=0.37 vs=0.00 n=0 [none]
1786862171.662 [OBSTACLES] cur_s=9.59 cur_d=0.37 vs=0.00 n=0 [none]
1786862172.178 [OBSTACLES] cur_s=9.58 cur_d=0.37 vs=0.00 n=0 [none]
1786862172.684 [OBSTACLES] cur_s=9.58 cur_d=0.37 vs=0.00 n=0 [none]
1786862173.219 [OBSTACLES] cur_s=9.59 cur_d=0.37 vs=0.00 n=0 [none]
1786862173.233 [STATE_CHANGE] RECOVERY -> LOSTLINE src=GB_TRACK s=9.59 d=0.37 vs=0.00
1786862173.291 [STATE_CHANGE] LOSTLINE -> GB_TRACK src=GB_TRACK s=27.30 d=0.00 vs=0.00
1786862173.723 [OBSTACLES] cur_s=27.43 cur_d=-0.07 vs=0.00 n=0 [none]
1786862174.246 [OBSTACLES] cur_s=27.43 cur_d=-0.07 vs=0.00 n=0 [none]
1786862174.754 [OBSTACLES] cur_s=27.43 cur_d=-0.07 vs=0.00 n=0 [none]
1786862175.310 [OBSTACLES] cur_s=27.43 cur_d=-0.07 vs=0.00 n=0 [none]
1786862175.817 [OBSTACLES] cur_s=27.43 cur_d=-0.07 vs=0.12 n=0 [none]
1786862176.403 [OBSTACLES] cur_s=28.27 cur_d=0.05 vs=2.87 n=0 [none]
1786862176.977 [OBSTACLES] cur_s=30.12 cur_d=0.04 vs=3.33 n=0 [none]
1786862177.487 [OBSTACLES] cur_s=31.51 cur_d=-0.23 vs=3.40 n=0 [none]
1786862178.006 [OBSTACLES] cur_s=33.19 cur_d=0.09 vs=3.26 n=0 [none]
1786862178.097 [STATE_CHANGE] GB_TRACK -> LOSTLINE src=GB_TRACK s=34.04 d=0.31 vs=3.30
1786862178.227 [STATE_CHANGE] LOSTLINE -> GB_TRACK src=GB_TRACK s=0.28 d=0.28 vs=3.43
1786862178.535 [OBSTACLES] cur_s=1.03 cur_d=0.29 vs=3.43 n=0 [none]
1786862178.580 [STATE_CHANGE] GB_TRACK -> RECOVERY src=RECOVERY s=1.13 d=0.29 vs=3.44
1786862178.950 [STATIC_OT] state=RECOVERY path_exists=0 path_locked=0 path_ttl_ok=0 path_safe=0 on_spline=0 speed=3.45 raw_wpnts=0 raw_age=-s decision=TRAILING reason=NO_STATIC_PATH
1786862178.967 [STATE_CHANGE] RECOVERY -> TRAILING src=RECOVERY s=1.89 d=0.32 vs=3.45
1786862179.081 [OBSTACLES] cur_s=2.37 cur_d=0.23 vs=3.44 n=1 [id=1 static=1 gap=11.37m d=0.40 size=0.21]
1786862179.273 [STATE_CHANGE] TRAILING -> GB_TRACK src=GB_TRACK s=3.17 d=0.04 vs=3.43
1786862179.613 [OBSTACLES] cur_s=4.52 cur_d=-0.03 vs=3.46 n=0 [none]
1786862180.128 [OBSTACLES] cur_s=5.99 cur_d=0.03 vs=3.46 n=0 [none]
1786862180.643 [OBSTACLES] cur_s=7.70 cur_d=-0.10 vs=3.46 n=0 [none]
1786862181.151 [OBSTACLES] cur_s=9.38 cur_d=0.02 vs=3.17 n=0 [none]
1786862181.669 [OBSTACLES] cur_s=11.01 cur_d=0.05 vs=2.44 n=0 [none]
1786862182.224 [OBSTACLES] cur_s=12.02 cur_d=-0.19 vs=2.42 n=0 [none]
1786862182.772 [OBSTACLES] cur_s=13.64 cur_d=0.12 vs=3.22 n=0 [none]
1786862183.003 [STATE_CHANGE] GB_TRACK -> LOSTLINE src=GB_TRACK s=14.55 d=0.33 vs=3.00
1786862183.200 [STATE_CHANGE] LOSTLINE -> GB_TRACK src=GB_TRACK s=15.15 d=0.24 vs=2.57
1786862183.321 [OBSTACLES] cur_s=15.45 cur_d=0.07 vs=2.18 n=0 [none]
1786862183.871 [OBSTACLES] cur_s=16.23 cur_d=-0.29 vs=1.94 n=0 [none]
1786862184.158 [STATE_CHANGE] GB_TRACK -> RECOVERY src=RECOVERY s=16.81 d=-0.29 vs=2.33
1786862184.377 [OBSTACLES] cur_s=17.21 cur_d=-0.24 vs=2.67 n=0 [none]
1786862184.668 [STATE_CHANGE] RECOVERY -> GB_TRACK src=GB_TRACK s=18.10 d=0.04 vs=3.03
1786862184.941 [OBSTACLES] cur_s=19.04 cur_d=0.27 vs=3.40 n=0 [none]
1786862185.442 [OBSTACLES] cur_s=20.29 cur_d=0.06 vs=3.21 n=0 [none]
1786862185.594 [STATE_CHANGE] GB_TRACK -> LOSTLINE src=GB_TRACK s=21.18 d=-0.44 vs=3.27
1786862185.995 [OBSTACLES] cur_s=21.97 cur_d=-0.58 vs=2.93 n=0 [none]
1786862186.296 [STATE_CHANGE] LOSTLINE -> GB_TRACK src=GB_TRACK s=22.48 d=-0.23 vs=2.23
1786862186.527 [OBSTACLES] cur_s=23.02 cur_d=-0.06 vs=3.09 n=0 [none]
1786862187.046 [OBSTACLES] cur_s=24.73 cur_d=-0.10 vs=3.33 n=0 [none]
1786862187.588 [OBSTACLES] cur_s=26.32 cur_d=-0.18 vs=3.32 n=0 [none]
1786862188.155 [OBSTACLES] cur_s=28.48 cur_d=0.25 vs=3.40 n=0 [none]
1786862188.661 [OBSTACLES] cur_s=30.28 cur_d=-0.15 vs=3.28 n=0 [none]
1786862189.223 [OBSTACLES] cur_s=31.93 cur_d=-0.24 vs=3.31 n=0 [none]
1786862189.696 [STATE_CHANGE] GB_TRACK -> RECOVERY src=RECOVERY s=33.40 d=0.31 vs=3.10
1786862189.761 [OBSTACLES] cur_s=33.66 cur_d=0.41 vs=3.08 n=0 [none]
1786862190.275 [OBSTACLES] cur_s=1.33 cur_d=0.31 vs=3.40 n=0 [none]
1786862190.496 [STATIC_OT] state=RECOVERY path_exists=0 path_locked=0 path_ttl_ok=0 path_safe=0 on_spline=0 speed=3.42 raw_wpnts=0 raw_age=-s decision=TRAILING reason=NO_STATIC_PATH
1786862190.499 [STATE_CHANGE] RECOVERY -> TRAILING src=RECOVERY s=1.72 d=0.27 vs=3.42
1786862190.778 [STATIC_OT] state=TRAILING path_exists=0 path_locked=0 path_ttl_ok=0 path_safe=0 on_spline=0 speed=3.44 raw_wpnts=0 raw_age=-s decision=TRAILING reason=NO_STATIC_PATH
1786862190.888 [OBSTACLES] cur_s=3.14 cur_d=0.29 vs=3.43 n=1 [id=5 static=1 gap=10.68m d=0.22 size=0.17]
1786862191.028 [STATE_CHANGE] TRAILING -> RECOVERY src=RECOVERY s=3.16 d=0.23 vs=3.41
1786862191.257 [STATE_CHANGE] RECOVERY -> GB_TRACK src=GB_TRACK s=3.87 d=-0.00 vs=3.34
1786862191.448 [OBSTACLES] cur_s=4.54 cur_d=-0.16 vs=3.41 n=0 [none]
1786862191.955 [OBSTACLES] cur_s=6.12 cur_d=-0.05 vs=3.37 n=0 [none]
1786862192.477 [OBSTACLES] cur_s=7.84 cur_d=-0.01 vs=3.42 n=0 [none]
1786862193.025 [OBSTACLES] cur_s=9.70 cur_d=-0.08 vs=3.11 n=0 [none]
1786862193.541 [OBSTACLES] cur_s=11.21 cur_d=0.13 vs=2.35 n=0 [none]
1786862194.066 [OBSTACLES] cur_s=12.14 cur_d=-0.12 vs=2.38 n=0 [none]
1786862194.607 [OBSTACLES] cur_s=13.55 cur_d=0.14 vs=2.92 n=0 [none]
1786862194.686 [STATE_CHANGE] GB_TRACK -> LOSTLINE src=GB_TRACK s=13.88 d=0.31 vs=2.98
1786862195.123 [OBSTACLES] cur_s=15.19 cur_d=0.56 vs=2.18 n=0 [none]
1786862195.412 [STATE_CHANGE] LOSTLINE -> GB_TRACK src=GB_TRACK s=15.61 d=0.18 vs=1.38
1786862195.719 [OBSTACLES] cur_s=15.97 cur_d=-0.12 vs=1.44 n=0 [none]
1786862196.281 [OBSTACLES] cur_s=16.98 cur_d=-0.22 vs=2.23 n=0 [none]
1786862196.915 [OBSTACLES] cur_s=19.18 cur_d=0.23 vs=3.41 n=0 [none]
1786862197.441 [OBSTACLES] cur_s=20.34 cur_d=-0.01 vs=3.30 n=0 [none]
1786862197.567 [STATE_CHANGE] GB_TRACK -> LOSTLINE src=GB_TRACK s=21.08 d=-0.30 vs=3.33
1786862197.952 [OBSTACLES] cur_s=22.30 cur_d=-0.40 vs=3.36 n=0 [none]
1786862198.056 [STATE_CHANGE] LOSTLINE -> GB_TRACK src=GB_TRACK s=22.72 d=-0.27 vs=3.25
1786862198.460 [OBSTACLES] cur_s=24.10 cur_d=0.08 vs=3.42 n=0 [none]
1786862198.969 [OBSTACLES] cur_s=25.33 cur_d=-0.15 vs=3.44 n=0 [none]
1786862199.492 [OBSTACLES] cur_s=26.74 cur_d=0.16 vs=3.28 n=0 [none]
1786862199.667 [STATE_CHANGE] GB_TRACK -> LOSTLINE src=GB_TRACK s=27.30 d=0.30 vs=3.40
1786862199.702 [STATE_CHANGE] LOSTLINE -> RECOVERY src=RECOVERY s=27.42 d=0.32 vs=3.42
1786862200.034 [OBSTACLES] cur_s=28.30 cur_d=0.23 vs=3.23 n=0 [none]
1786862200.148 [STATE_CHANGE] RECOVERY -> GB_TRACK src=GB_TRACK s=29.11 d=-0.00 vs=2.84
1786862200.600 [OBSTACLES] cur_s=30.18 cur_d=-0.11 vs=3.21 n=0 [none]
1786862201.389 [OBSTACLES] cur_s=32.63 cur_d=0.25 vs=3.30 n=0 [none]
1786862201.754 [STATE_CHANGE] GB_TRACK -> LOSTLINE src=GB_TRACK s=34.24 d=0.31 vs=3.07
1786862201.921 [OBSTACLES] cur_s=0.31 cur_d=0.15 vs=3.13 n=0 [none]
1786862201.934 [STATE_CHANGE] LOSTLINE -> GB_TRACK src=GB_TRACK s=0.31 d=0.15 vs=3.13
1786862202.394 [STATIC_OT] state=GB_TRACK path_exists=0 path_locked=0 path_ttl_ok=0 path_safe=0 on_spline=0 speed=3.40 raw_wpnts=0 raw_age=-s decision=TRAILING reason=NO_STATIC_PATH
1786862202.399 [STATE_CHANGE] GB_TRACK -> TRAILING src=GB_TRACK s=2.17 d=-0.05 vs=3.40
1786862202.471 [OBSTACLES] cur_s=2.34 cur_d=-0.03 vs=3.39 n=1 [id=7 static=1 gap=11.50m d=0.30 size=0.17]
1786862202.628 [STATIC_OT] state=TRAILING path_exists=0 path_locked=0 path_ttl_ok=0 path_safe=0 on_spline=0 speed=3.38 raw_wpnts=0 raw_age=-s decision=TRAILING reason=NO_STATIC_PATH
1786862202.880 [STATIC_OT] state=TRAILING path_exists=0 path_locked=0 path_ttl_ok=0 path_safe=0 on_spline=0 speed=3.41 raw_wpnts=0 raw_age=-s decision=TRAILING reason=NO_STATIC_PATH
1786862203.032 [OBSTACLES] cur_s=3.37 cur_d=0.12 vs=3.43 n=1 [id=7 static=1 gap=10.46m d=0.28 size=0.15]
1786862203.093 [STATIC_OT] state=TRAILING path_exists=0 path_locked=0 path_ttl_ok=0 path_safe=0 on_spline=0 speed=3.42 raw_wpnts=0 raw_age=-s decision=TRAILING reason=NO_STATIC_PATH
1786862203.231 [STATE_CHANGE] TRAILING -> GB_TRACK src=GB_TRACK s=4.11 d=-0.03 vs=3.39
1786862203.558 [OBSTACLES] cur_s=5.19 cur_d=-0.18 vs=3.45 n=0 [none]
1786862204.147 [OBSTACLES] cur_s=7.41 cur_d=0.05 vs=3.44 n=0 [none]
1786862204.727 [OBSTACLES] cur_s=9.38 cur_d=-0.10 vs=3.30 n=0 [none]
1786862205.298 [OBSTACLES] cur_s=10.89 cur_d=0.20 vs=2.34 n=0 [none]
1786862205.837 [OBSTACLES] cur_s=12.04 cur_d=0.00 vs=2.21 n=0 [none]
1786862206.373 [OBSTACLES] cur_s=13.17 cur_d=-0.13 vs=3.17 n=0 [none]
1786862206.887 [OBSTACLES] cur_s=14.37 cur_d=0.38 vs=2.92 n=0 [none]
1786862206.896 [STATE_CHANGE] GB_TRACK -> LOSTLINE src=GB_TRACK s=14.37 d=0.38 vs=2.92
1786862207.338 [STATE_CHANGE] LOSTLINE -> GB_TRACK src=GB_TRACK s=16.02 d=0.05 vs=1.04
1786862207.438 [OBSTACLES] cur_s=16.15 cur_d=-0.14 vs=1.00 n=0 [none]
1786862207.747 [STATE_CHANGE] GB_TRACK -> LOSTLINE src=GB_TRACK s=16.57 d=-0.44 vs=1.71
1786862208.008 [OBSTACLES] cur_s=17.04 cur_d=-0.59 vs=1.95 n=0 [none]
1786862208.617 [OBSTACLES] cur_s=17.88 cur_d=-0.31 vs=1.75 n=0 [none]
1786862208.733 [STATE_CHANGE] LOSTLINE -> GB_TRACK src=GB_TRACK s=17.92 d=-0.20 vs=2.20
1786862209.257 [OBSTACLES] cur_s=19.55 cur_d=-0.07 vs=3.32 n=0 [none]
1786862209.856 [OBSTACLES] cur_s=21.43 cur_d=-0.19 vs=3.36 n=0 [none]
1786862210.402 [OBSTACLES] cur_s=23.17 cur_d=0.01 vs=3.42 n=0 [none]
1786862210.955 [OBSTACLES] cur_s=24.54 cur_d=-0.16 vs=3.40 n=0 [none]
1786862211.502 [OBSTACLES] cur_s=26.65 cur_d=0.20 vs=3.43 n=0 [none]
1786862212.070 [OBSTACLES] cur_s=28.36 cur_d=0.00 vs=3.41 n=0 [none]
1786862212.631 [OBSTACLES] cur_s=30.27 cur_d=0.08 vs=3.37 n=0 [none]
1786862213.143 [OBSTACLES] cur_s=32.06 cur_d=0.28 vs=3.44 n=0 [none]
1786862213.715 [OBSTACLES] cur_s=34.11 cur_d=0.28 vs=3.02 n=0 [none]
1786862214.217 [OBSTACLES] cur_s=1.49 cur_d=0.05 vs=3.38 n=1 [id=8 static=1 gap=12.20m d=0.28 size=0.18]
1786862214.220 [STATIC_OT] state=GB_TRACK path_exists=0 path_locked=0 path_ttl_ok=0 path_safe=0 on_spline=0 speed=3.38 raw_wpnts=0 raw_age=-s decision=TRAILING reason=NO_STATIC_PATH
1786862214.221 [STATE_CHANGE] GB_TRACK -> TRAILING src=GB_TRACK s=1.49 d=0.05 vs=3.38
1786862214.504 [STATIC_OT] state=TRAILING path_exists=0 path_locked=0 path_ttl_ok=0 path_safe=0 on_spline=0 speed=3.40 raw_wpnts=0 raw_age=-s decision=TRAILING reason=NO_STATIC_PATH
1786862214.784 [OBSTACLES] cur_s=3.09 cur_d=0.16 vs=3.43 n=1 [id=8 static=1 gap=10.68m d=0.33 size=0.15]
1786862214.794 [STATIC_OT] state=TRAILING path_exists=0 path_locked=0 path_ttl_ok=0 path_safe=0 on_spline=0 speed=3.43 raw_wpnts=0 raw_age=-s decision=TRAILING reason=NO_STATIC_PATH
1786862215.094 [STATE_CHANGE] TRAILING -> LOSTLINE src=GB_TRACK s=3.82 d=-0.05 vs=3.36
1786862215.193 [STATE_CHANGE] LOSTLINE -> GB_TRACK src=GB_TRACK s=4.11 d=-0.12 vs=3.35
1786862215.297 [OBSTACLES] cur_s=4.52 cur_d=-0.19 vs=3.41 n=0 [none]
1786862215.814 [OBSTACLES] cur_s=5.87 cur_d=-0.07 vs=3.36 n=0 [none]
1786862216.357 [OBSTACLES] cur_s=8.26 cur_d=-0.12 vs=3.40 n=0 [none]
1786862216.916 [OBSTACLES] cur_s=9.68 cur_d=-0.05 vs=2.95 n=0 [none]
1786862217.440 [OBSTACLES] cur_s=10.94 cur_d=0.16 vs=2.39 n=0 [none]
1786862217.956 [OBSTACLES] cur_s=12.22 cur_d=-0.14 vs=2.31 n=0 [none]
1786862218.491 [OBSTACLES] cur_s=13.51 cur_d=0.02 vs=3.12 n=0 [none]
1786862218.667 [STATE_CHANGE] GB_TRACK -> LOSTLINE src=GB_TRACK s=14.39 d=0.39 vs=3.00
1786862219.323 [OBSTACLES] cur_s=15.76 cur_d=0.13 vs=1.27 n=0 [none]
1786862219.323 [STATE_CHANGE] LOSTLINE -> GB_TRACK src=GB_TRACK s=15.76 d=0.13 vs=1.27
1786862219.566 [STATE_CHANGE] GB_TRACK -> LOSTLINE src=GB_TRACK s=16.12 d=-0.30 vs=1.15
1786862219.948 [OBSTACLES] cur_s=16.74 cur_d=-0.55 vs=1.90 n=0 [none]
1786862220.478 [OBSTACLES] cur_s=17.50 cur_d=-0.46 vs=1.81 n=0 [none]
1786862220.586 [STATE_CHANGE] LOSTLINE -> GB_TRACK src=GB_TRACK s=17.69 d=-0.27 vs=1.89
1786862220.996 [OBSTACLES] cur_s=18.17 cur_d=0.09 vs=2.65 n=0 [none]
1786862221.578 [OBSTACLES] cur_s=19.99 cur_d=-0.27 vs=3.37 n=0 [none]
1786862221.652 [STATE_CHANGE] GB_TRACK -> LOSTLINE src=GB_TRACK s=20.46 d=-0.32 vs=3.42
1786862221.820 [STATE_CHANGE] LOSTLINE -> GB_TRACK src=GB_TRACK s=21.09 d=-0.27 vs=3.36
1786862222.102 [OBSTACLES] cur_s=21.82 cur_d=-0.05 vs=3.28 n=0 [none]
1786862222.621 [OBSTACLES] cur_s=23.66 cur_d=-0.09 vs=3.35 n=0 [none]
1786862223.142 [OBSTACLES] cur_s=25.03 cur_d=-0.13 vs=3.31 n=0 [none]
1786862223.655 [OBSTACLES] cur_s=26.56 cur_d=0.22 vs=3.44 n=0 [none]
1786862224.266 [OBSTACLES] cur_s=28.53 cur_d=-0.11 vs=3.33 n=0 [none]
1786862224.780 [OBSTACLES] cur_s=30.17 cur_d=-0.11 vs=3.40 n=0 [none]
1786862225.307 [OBSTACLES] cur_s=31.96 cur_d=0.14 vs=3.18 n=0 [none]
1786862225.807 [OBSTACLES] cur_s=33.40 cur_d=0.26 vs=3.20 n=0 [none]
1786862225.903 [STATE_CHANGE] GB_TRACK -> RECOVERY src=RECOVERY s=34.14 d=0.32 vs=3.07
1786862226.313 [OBSTACLES] cur_s=1.06 cur_d=0.09 vs=3.21 n=0 [none]
1786862226.522 [STATIC_OT] state=RECOVERY path_exists=0 path_locked=0 path_ttl_ok=0 path_safe=0 on_spline=0 speed=3.41 raw_wpnts=0 raw_age=-s decision=TRAILING reason=NO_STATIC_PATH
1786862226.522 [STATE_CHANGE] RECOVERY -> TRAILING src=RECOVERY s=1.69 d=0.08 vs=3.41
1786862226.722 [STATIC_OT] state=TRAILING path_exists=0 path_locked=0 path_ttl_ok=0 path_safe=0 on_spline=0 speed=3.41 raw_wpnts=0 raw_age=-s decision=TRAILING reason=NO_STATIC_PATH
1786862226.834 [OBSTACLES] cur_s=2.93 cur_d=0.20 vs=3.43 n=1 [id=10 static=1 gap=10.78m d=0.36 size=0.16]
1786862226.944 [STATIC_OT] state=TRAILING path_exists=0 path_locked=0 path_ttl_ok=0 path_safe=0 on_spline=0 speed=3.43 raw_wpnts=0 raw_age=-s decision=TRAILING reason=NO_STATIC_PATH
1786862227.150 [STATIC_OT] state=TRAILING path_exists=0 path_locked=0 path_ttl_ok=0 path_safe=0 on_spline=0 speed=3.40 raw_wpnts=0 raw_age=-s decision=TRAILING reason=NO_STATIC_PATH
1786862227.247 [STATE_CHANGE] TRAILING -> GB_TRACK src=GB_TRACK s=3.67 d=0.03 vs=3.37
1786862227.369 [OBSTACLES] cur_s=4.08 cur_d=-0.09 vs=3.37 n=0 [none]
1786862227.953 [OBSTACLES] cur_s=5.74 cur_d=-0.10 vs=3.38 n=0 [none]
1786862228.523 [OBSTACLES] cur_s=7.73 cur_d=-0.04 vs=3.43 n=0 [none]
1786862229.028 [OBSTACLES] cur_s=9.33 cur_d=-0.06 vs=3.33 n=0 [none]
1786862229.563 [OBSTACLES] cur_s=10.95 cur_d=0.19 vs=2.49 n=0 [none]
1786862230.154 [OBSTACLES] cur_s=12.19 cur_d=-0.16 vs=2.09 n=0 [none]
1786862230.275 [STATE_CHANGE] GB_TRACK -> LOSTLINE src=GB_TRACK s=12.36 d=-0.30 vs=2.36
1786862230.392 [STATE_CHANGE] LOSTLINE -> GB_TRACK src=GB_TRACK s=12.70 d=-0.28 vs=2.63
1786862230.693 [OBSTACLES] cur_s=13.48 cur_d=0.04 vs=2.90 n=0 [none]
1786862231.045 [STATE_CHANGE] GB_TRACK -> LOSTLINE src=GB_TRACK s=14.07 d=0.36 vs=2.80
1786862231.534 [OBSTACLES] cur_s=15.58 cur_d=0.55 vs=1.63 n=0 [none]
1786862231.688 [STATE_CHANGE] LOSTLINE -> GB_TRACK src=GB_TRACK s=15.85 d=-0.11 vs=0.50
1786862231.821 [STATE_CHANGE] GB_TRACK -> LOSTLINE src=GB_TRACK s=15.88 d=-0.33 vs=0.53
1786862231.983 [STATE_CHANGE] LOSTLINE -> RECOVERY src=RECOVERY s=15.95 d=-0.52 vs=0.65
1786862232.058 [OBSTACLES] cur_s=15.99 cur_d=-0.60 vs=0.88 n=0 [none]
1786862232.487 [STATE_CHANGE] RECOVERY -> LOSTLINE src=GB_TRACK s=16.45 d=-0.80 vs=1.41
1786862232.562 [OBSTACLES] cur_s=16.52 cur_d=-0.80 vs=1.39 n=0 [none]
1786862232.564 [STATE_CHANGE] LOSTLINE -> RECOVERY src=RECOVERY s=16.52 d=-0.80 vs=1.39
1786862233.073 [OBSTACLES] cur_s=17.11 cur_d=-0.61 vs=2.04 n=0 [none]
1786862233.548 [STATE_CHANGE] RECOVERY -> GB_TRACK src=GB_TRACK s=18.36 d=-0.05 vs=3.32
1786862233.620 [OBSTACLES] cur_s=18.51 cur_d=-0.05 vs=3.37 n=0 [none]
1786862233.871 [STATE_CHANGE] GB_TRACK -> LOSTLINE src=GB_TRACK s=19.68 d=-0.31 vs=3.41
1786862233.938 [STATE_CHANGE] LOSTLINE -> RECOVERY src=RECOVERY s=19.94 d=-0.33 vs=3.44
1786862234.138 [OBSTACLES] cur_s=20.28 cur_d=-0.32 vs=3.43 n=0 [none]
1786862234.522 [STATE_CHANGE] RECOVERY -> GB_TRACK src=GB_TRACK s=21.56 d=-0.03 vs=3.14
1786862234.659 [OBSTACLES] cur_s=22.02 cur_d=-0.00 vs=3.30 n=0 [none]
1786862235.200 [OBSTACLES] cur_s=23.81 cur_d=-0.21 vs=3.43 n=0 [none]
1786862235.743 [OBSTACLES] cur_s=25.36 cur_d=0.13 vs=3.38 n=0 [none]
1786862236.247 [OBSTACLES] cur_s=26.71 cur_d=0.18 vs=3.38 n=0 [none]
1786862236.761 [OBSTACLES] cur_s=28.43 cur_d=0.04 vs=3.41 n=0 [none]
1786862237.319 [OBSTACLES] cur_s=30.24 cur_d=0.15 vs=3.39 n=0 [none]
1786862237.871 [OBSTACLES] cur_s=32.47 cur_d=0.25 vs=3.36 n=0 [none]
1786862238.298 [STATE_CHANGE] GB_TRACK -> LOSTLINE src=GB_TRACK s=34.06 d=0.32 vs=3.20
1786862238.343 [STATE_CHANGE] LOSTLINE -> RECOVERY src=RECOVERY s=34.17 d=0.33 vs=3.20
1786862238.390 [OBSTACLES] cur_s=34.44 cur_d=0.34 vs=3.23 n=0 [none]
1786862238.798 [STATIC_OT] state=RECOVERY path_exists=0 path_locked=0 path_ttl_ok=0 path_safe=0 on_spline=0 speed=3.12 raw_wpnts=0 raw_age=-s decision=TRAILING reason=NO_STATIC_PATH
1786862238.798 [STATE_CHANGE] RECOVERY -> TRAILING src=RECOVERY s=1.41 d=0.10 vs=3.12
1786862239.027 [OBSTACLES] cur_s=1.92 cur_d=0.11 vs=3.32 n=1 [id=12 static=1 gap=11.83m d=0.25 size=0.17]
1786862239.031 [STATIC_OT] state=TRAILING path_exists=0 path_locked=0 path_ttl_ok=0 path_safe=0 on_spline=0 speed=3.32 raw_wpnts=0 raw_age=-s decision=TRAILING reason=NO_STATIC_PATH
1786862239.273 [STATIC_OT] state=TRAILING path_exists=0 path_locked=0 path_ttl_ok=0 path_safe=0 on_spline=0 speed=3.42 raw_wpnts=0 raw_age=-s decision=TRAILING reason=NO_STATIC_PATH
1786862239.448 [STATE_CHANGE] TRAILING -> RECOVERY src=RECOVERY s=3.08 d=0.13 vs=3.43
1786862239.549 [OBSTACLES] cur_s=3.13 cur_d=0.12 vs=3.42 n=0 [none]
1786862239.716 [STATE_CHANGE] RECOVERY -> GB_TRACK src=GB_TRACK s=3.66 d=0.02 vs=3.39
1786862240.117 [OBSTACLES] cur_s=5.08 cur_d=-0.13 vs=3.44 n=0 [none]
1786862240.645 [OBSTACLES] cur_s=7.03 cur_d=0.03 vs=3.44 n=0 [none]
1786862241.178 [OBSTACLES] cur_s=8.88 cur_d=-0.11 vs=3.42 n=0 [none]
1786862241.716 [OBSTACLES] cur_s=10.54 cur_d=0.18 vs=2.61 n=0 [none]
1786862242.301 [OBSTACLES] cur_s=11.90 cur_d=-0.01 vs=2.27 n=0 [none]
1786862242.832 [OBSTACLES] cur_s=13.20 cur_d=0.01 vs=3.24 n=0 [none]
1786862243.216 [STATE_CHANGE] GB_TRACK -> RECOVERY src=RECOVERY s=14.49 d=0.30 vs=3.17
1786862243.377 [OBSTACLES] cur_s=15.05 cur_d=0.32 vs=2.76 n=0 [none]
1786862243.656 [STATE_CHANGE] RECOVERY -> GB_TRACK src=GB_TRACK s=15.62 d=0.02 vs=1.85
1786862243.878 [OBSTACLES] cur_s=15.89 cur_d=-0.15 vs=1.64 n=0 [none]
1786862244.119 [STATE_CHANGE] GB_TRACK -> LOSTLINE src=GB_TRACK s=16.34 d=-0.33 vs=1.89
1786862244.392 [OBSTACLES] cur_s=16.90 cur_d=-0.37 vs=2.35 n=0 [none]
1786862244.600 [STATE_CHANGE] LOSTLINE -> GB_TRACK src=GB_TRACK s=17.34 d=-0.29 vs=2.72
1786862244.907 [OBSTACLES] cur_s=18.02 cur_d=-0.11 vs=2.91 n=0 [none]
1786862245.469 [OBSTACLES] cur_s=20.11 cur_d=0.10 vs=3.37 n=0 [none]
1786862245.929 [STATE_CHANGE] GB_TRACK -> RECOVERY src=RECOVERY s=21.52 d=-0.30 vs=3.44
1786862245.986 [OBSTACLES] cur_s=21.66 cur_d=-0.31 vs=3.45 n=0 [none]
1786862246.449 [STATE_CHANGE] RECOVERY -> GB_TRACK src=GB_TRACK s=23.40 d=-0.04 vs=3.26
1786862246.522 [OBSTACLES] cur_s=23.55 cur_d=-0.02 vs=3.25 n=0 [none]
1786862247.196 [OBSTACLES] cur_s=25.56 cur_d=-0.16 vs=3.42 n=0 [none]
1786862247.708 [OBSTACLES] cur_s=26.67 cur_d=0.26 vs=3.37 n=0 [none]
1786862248.243 [OBSTACLES] cur_s=28.59 cur_d=-0.09 vs=3.05 n=0 [none]
1786862248.677 [STATE_CHANGE] GB_TRACK -> LOSTLINE src=GB_TRACK s=30.02 d=-0.30 vs=3.33
1786862248.717 [STATE_CHANGE] LOSTLINE -> RECOVERY src=RECOVERY s=30.11 d=-0.31 vs=3.35
1786862248.784 [OBSTACLES] cur_s=30.16 cur_d=-0.32 vs=3.36 n=0 [none]
1786862249.409 [OBSTACLES] cur_s=31.66 cur_d=-0.35 vs=3.27 n=0 [none]
1786862249.498 [STATE_CHANGE] RECOVERY -> GB_TRACK src=GB_TRACK s=32.33 d=-0.05 vs=3.09
1786862249.776 [STATE_CHANGE] GB_TRACK -> LOSTLINE src=GB_TRACK s=33.13 d=0.29 vs=3.09
1786862249.961 [OBSTACLES] cur_s=34.02 cur_d=0.53 vs=3.12 n=0 [none]
1786862250.226 [STATE_CHANGE] LOSTLINE -> GB_TRACK src=GB_TRACK s=0.80 d=0.28 vs=3.21
1786862250.477 [OBSTACLES] cur_s=1.84 cur_d=0.06 vs=3.38 n=0 [none]
1786862250.614 [STATIC_OT] state=GB_TRACK path_exists=0 path_locked=0 path_ttl_ok=0 path_safe=0 on_spline=0 speed=3.41 raw_wpnts=0 raw_age=-s decision=TRAILING reason=NO_STATIC_PATH
1786862250.624 [STATE_CHANGE] GB_TRACK -> TRAILING src=GB_TRACK s=2.28 d=0.07 vs=3.41
1786862250.912 [STATIC_OT] state=TRAILING path_exists=0 path_locked=0 path_ttl_ok=0 path_safe=0 on_spline=0 speed=3.41 raw_wpnts=0 raw_age=-s decision=TRAILING reason=NO_STATIC_PATH
1786862251.008 [OBSTACLES] cur_s=3.33 cur_d=0.17 vs=3.42 n=1 [id=14 static=1 gap=10.53m d=0.15 size=0.20]
1786862251.214 [STATIC_OT] state=TRAILING path_exists=0 path_locked=0 path_ttl_ok=0 path_safe=0 on_spline=0 speed=3.43 raw_wpnts=0 raw_age=-s decision=TRAILING reason=NO_STATIC_PATH
1786862251.484 [STATE_CHANGE] TRAILING -> LOSTLINE src=GB_TRACK s=4.32 d=-0.08 vs=3.39
1786862251.614 [OBSTACLES] cur_s=4.90 cur_d=-0.18 vs=3.43 n=0 [none]
1786862251.615 [STATE_CHANGE] LOSTLINE -> GB_TRACK src=GB_TRACK s=4.90 d=-0.18 vs=3.43
1786862252.130 [OBSTACLES] cur_s=6.33 cur_d=-0.05 vs=3.40 n=0 [none]
1786862252.638 [OBSTACLES] cur_s=8.04 cur_d=-0.03 vs=3.44 n=0 [none]
1786862253.207 [OBSTACLES] cur_s=9.93 cur_d=0.03 vs=3.00 n=0 [none]
1786862253.749 [OBSTACLES] cur_s=11.40 cur_d=0.08 vs=2.35 n=0 [none]
1786862254.277 [OBSTACLES] cur_s=12.75 cur_d=-0.11 vs=2.90 n=0 [none]
1786862254.840 [OBSTACLES] cur_s=14.10 cur_d=0.22 vs=3.14 n=0 [none]
1786862254.908 [STATE_CHANGE] GB_TRACK -> LOSTLINE src=GB_TRACK s=14.46 d=0.35 vs=3.07
1786862255.140 [STATE_CHANGE] LOSTLINE -> RECOVERY src=RECOVERY s=15.14 d=0.40 vs=2.51
1786862255.357 [OBSTACLES] cur_s=15.63 cur_d=0.16 vs=1.78 n=0 [none]
1786862255.510 [STATE_CHANGE] RECOVERY -> GB_TRACK src=GB_TRACK s=15.85 d=-0.00 vs=1.50
1786862255.884 [OBSTACLES] cur_s=16.27 cur_d=-0.23 vs=1.42 n=0 [none]
1786862256.668 [OBSTACLES] cur_s=18.41 cur_d=0.13 vs=3.18 n=0 [none]
1786862257.249 [OBSTACLES] cur_s=19.92 cur_d=0.11 vs=3.39 n=0 [none]
1786862257.608 [STATE_CHANGE] GB_TRACK -> LOSTLINE src=GB_TRACK s=21.45 d=-0.30 vs=3.44
1786862257.688 [STATE_CHANGE] LOSTLINE -> RECOVERY src=RECOVERY s=21.66 d=-0.31 vs=3.45
1786862257.783 [OBSTACLES] cur_s=21.85 cur_d=-0.31 vs=3.45 n=0 [none]
1786862258.287 [OBSTACLES] cur_s=23.80 cur_d=-0.04 vs=3.18 n=0 [none]
1786862258.288 [STATE_CHANGE] RECOVERY -> GB_TRACK src=GB_TRACK s=23.80 d=-0.04 vs=3.18
1786862258.867 [OBSTACLES] cur_s=25.25 cur_d=-0.08 vs=3.42 n=0 [none]
1786862259.437 [OBSTACLES] cur_s=26.80 cur_d=0.19 vs=3.43 n=0 [none]
1786862259.957 [OBSTACLES] cur_s=29.00 cur_d=-0.10 vs=3.22 n=0 [none]
1786862260.469 [OBSTACLES] cur_s=30.35 cur_d=-0.21 vs=3.38 n=0 [none]
1786862261.026 [OBSTACLES] cur_s=31.63 cur_d=-0.22 vs=3.30 n=0 [none]
1786862261.456 [STATE_CHANGE] GB_TRACK -> LOSTLINE src=GB_TRACK s=33.54 d=0.34 vs=3.22
1786862261.554 [OBSTACLES] cur_s=34.19 cur_d=0.42 vs=3.21 n=0 [none]
1786862261.702 [STATE_CHANGE] LOSTLINE -> GB_TRACK src=GB_TRACK s=0.23 d=0.28 vs=3.25
1786862262.085 [OBSTACLES] cur_s=1.64 cur_d=0.06 vs=3.40 n=0 [none]
1786862262.275 [STATIC_OT] state=GB_TRACK path_exists=0 path_locked=0 path_ttl_ok=0 path_safe=0 on_spline=0 speed=3.41 raw_wpnts=0 raw_age=-s decision=TRAILING reason=NO_STATIC_PATH
1786862262.275 [STATE_CHANGE] GB_TRACK -> TRAILING src=GB_TRACK s=2.04 d=0.08 vs=3.41
1786862262.490 [STATIC_OT] state=TRAILING path_exists=0 path_locked=0 path_ttl_ok=0 path_safe=0 on_spline=0 speed=3.41 raw_wpnts=0 raw_age=-s decision=TRAILING reason=NO_STATIC_PATH
1786862262.663 [OBSTACLES] cur_s=3.06 cur_d=0.19 vs=3.42 n=1 [id=15 static=1 gap=10.65m d=0.34 size=0.15]
1786862262.749 [STATIC_OT] state=TRAILING path_exists=0 path_locked=0 path_ttl_ok=0 path_safe=0 on_spline=0 speed=3.43 raw_wpnts=0 raw_age=-s decision=TRAILING reason=NO_STATIC_PATH
1786862262.975 [STATE_CHANGE] TRAILING -> RECOVERY src=RECOVERY s=3.66 d=0.07 vs=3.38
1786862263.012 [STATE_CHANGE] RECOVERY -> GB_TRACK src=GB_TRACK s=3.77 d=0.03 vs=3.37
1786862263.256 [OBSTACLES] cur_s=4.64 cur_d=-0.17 vs=3.41 n=0 [none]
1786862263.782 [OBSTACLES] cur_s=6.20 cur_d=-0.06 vs=3.40 n=0 [none]
1786862264.286 [OBSTACLES] cur_s=8.08 cur_d=-0.11 vs=3.43 n=0 [none]
1786862264.804 [OBSTACLES] cur_s=10.04 cur_d=0.11 vs=2.85 n=0 [none]
1786862265.317 [OBSTACLES] cur_s=11.05 cur_d=0.08 vs=2.34 n=0 [none]
1786862265.823 [OBSTACLES] cur_s=12.16 cur_d=-0.22 vs=2.46 n=0 [none]
1786862266.609 [OBSTACLES] cur_s=14.29 cur_d=0.30 vs=2.99 n=0 [none]
1786862266.612 [STATE_CHANGE] GB_TRACK -> LOSTLINE src=GB_TRACK s=14.29 d=0.30 vs=2.99
1786862266.957 [STATE_CHANGE] LOSTLINE -> GB_TRACK src=GB_TRACK s=15.66 d=0.18 vs=1.75
1786862267.198 [OBSTACLES] cur_s=15.93 cur_d=-0.07 vs=1.43 n=0 [none]
1786862267.548 [STATE_CHANGE] GB_TRACK -> LOSTLINE src=GB_TRACK s=16.48 d=-0.31 vs=1.85
1786862267.783 [OBSTACLES] cur_s=16.82 cur_d=-0.34 vs=2.12 n=0 [none]
1786862268.219 [STATE_CHANGE] LOSTLINE -> GB_TRACK src=GB_TRACK s=17.95 d=-0.23 vs=3.05
1786862268.302 [OBSTACLES] cur_s=18.23 cur_d=-0.14 vs=3.11 n=0 [none]
1786862268.837 [OBSTACLES] cur_s=19.91 cur_d=0.15 vs=3.44 n=0 [none]
1786862269.399 [OBSTACLES] cur_s=21.63 cur_d=-0.20 vs=3.42 n=0 [none]
1786862269.946 [OBSTACLES] cur_s=23.66 cur_d=0.01 vs=3.41 n=0 [none]
1786862270.467 [OBSTACLES] cur_s=25.28 cur_d=-0.08 vs=3.44 n=0 [none]
1786862271.031 [OBSTACLES] cur_s=26.59 cur_d=0.14 vs=3.34 n=0 [none]
1786862271.628 [OBSTACLES] cur_s=28.70 cur_d=0.08 vs=3.26 n=0 [none]
1786862272.179 [OBSTACLES] cur_s=30.49 cur_d=-0.12 vs=3.38 n=0 [none]
1786862272.773 [OBSTACLES] cur_s=32.09 cur_d=-0.01 vs=3.33 n=0 [none]
1786862273.140 [STATE_CHANGE] GB_TRACK -> LOSTLINE src=GB_TRACK s=33.37 d=0.34 vs=3.15
1786862273.346 [OBSTACLES] cur_s=34.22 cur_d=0.49 vs=3.24 n=0 [none]
1786862273.652 [STATE_CHANGE] LOSTLINE -> GB_TRACK src=GB_TRACK s=1.06 d=0.24 vs=3.36
1786862274.345 [OBSTACLES] cur_s=3.37 cur_d=0.24 vs=3.43 n=1 [id=16 static=0 gap=10.45m d=0.29 size=0.21]
1786862274.347 [STATIC_OT] state=GB_TRACK path_exists=0 path_locked=0 path_ttl_ok=0 path_safe=0 on_spline=0 speed=3.43 raw_wpnts=0 raw_age=-s decision=TRAILING reason=NO_STATIC_PATH
1786862274.347 [STATE_CHANGE] GB_TRACK -> TRAILING src=GB_TRACK s=3.37 d=0.24 vs=3.43
1786862274.551 [STATIC_OT] state=TRAILING path_exists=0 path_locked=0 path_ttl_ok=0 path_safe=0 on_spline=0 speed=3.21 raw_wpnts=0 raw_age=-s decision=TRAILING reason=NO_STATIC_PATH
1786862274.931 [OBSTACLES] cur_s=4.31 cur_d=-0.00 vs=3.06 n=0 [none]
1786862274.959 [STATE_CHANGE] TRAILING -> GB_TRACK src=GB_TRACK s=4.31 d=-0.00 vs=3.06
1786862275.458 [OBSTACLES] cur_s=6.35 cur_d=0.00 vs=3.40 n=0 [none]
1786862276.050 [OBSTACLES] cur_s=8.22 cur_d=0.01 vs=3.43 n=0 [none]
1786862276.752 [OBSTACLES] cur_s=10.62 cur_d=0.13 vs=2.45 n=0 [none]
1786862277.397 [OBSTACLES] cur_s=12.17 cur_d=0.14 vs=2.41 n=0 [none]
1786862277.983 [OBSTACLES] cur_s=13.10 cur_d=-0.06 vs=3.18 n=0 [none]
1786862278.351 [STATE_CHANGE] GB_TRACK -> LOSTLINE src=GB_TRACK s=14.34 d=0.34 vs=2.87
1786862278.644 [OBSTACLES] cur_s=15.37 cur_d=0.57 vs=2.37 n=0 [none]
1786862279.024 [STATE_CHANGE] LOSTLINE -> GB_TRACK src=GB_TRACK s=15.98 d=0.17 vs=1.21
1786862279.187 [OBSTACLES] cur_s=16.07 cur_d=-0.18 vs=0.49 n=0 [none]
1786862279.327 [STATE_CHANGE] GB_TRACK -> LOSTLINE src=GB_TRACK s=16.06 d=-0.53 vs=-0.13
1786862279.368 [STATE_CHANGE] LOSTLINE -> RECOVERY src=RECOVERY s=16.05 d=-0.60 vs=-0.25
1786862279.538 [STATE_CHANGE] RECOVERY -> LOSTLINE src=GB_TRACK s=16.07 d=-0.61 vs=0.15
1786862279.787 [OBSTACLES] cur_s=16.21 cur_d=-1.09 vs=0.98 n=0 [none]
1786862280.244 [STATIC_OT] state=GB_TRACK path_exists=0 path_locked=0 path_ttl_ok=0 path_safe=0 on_spline=0 speed=1.84 raw_wpnts=0 raw_age=-s decision=TRAILING reason=NO_STATIC_PATH
1786862280.264 [STATE_CHANGE] LOSTLINE -> TRAILING src=GB_TRACK s=16.74 d=-1.37 vs=1.84
1786862280.371 [OBSTACLES] cur_s=16.75 cur_d=-1.58 vs=1.86 n=1 [id=19 static=1 gap=1.09m d=0.59 size=0.37]
1786862280.495 [STATIC_OT] state=TRAILING path_exists=0 path_locked=0 path_ttl_ok=0 path_safe=0 on_spline=0 speed=1.77 raw_wpnts=0 raw_age=-s decision=TRAILING reason=NO_STATIC_PATH
1786862280.774 [STATIC_OT] state=TRAILING path_exists=0 path_locked=0 path_ttl_ok=0 path_safe=0 on_spline=0 speed=0.77 raw_wpnts=0 raw_age=-s decision=TRAILING reason=NO_STATIC_PATH
1786862280.960 [OBSTACLES] cur_s=17.31 cur_d=-0.40 vs=0.61 n=3 [id=19 static=0 gap=0.75m d=0.73 size=0.25; id=22 static=1 gap=1.40m d=0.63 size=0.20; id=24 static=1 gap=2.29m d=0.40 size=0.33]
1786862281.138 [STATIC_OT] state=TRAILING path_exists=0 path_locked=0 path_ttl_ok=0 path_safe=0 on_spline=0 speed=0.82 raw_wpnts=0 raw_age=-s decision=TRAILING reason=NO_STATIC_PATH
1786862281.403 [STATE_CHANGE] TRAILING -> GB_TRACK src=GB_TRACK s=17.60 d=0.03 vs=1.10
1786862281.625 [OBSTACLES] cur_s=18.21 cur_d=0.22 vs=0.67 n=0 [none]
1786862282.344 [OBSTACLES] cur_s=18.31 cur_d=0.19 vs=1.20 n=0 [none]
1786862282.848 [OBSTACLES] cur_s=20.73 cur_d=-0.11 vs=3.41 n=0 [none]
1786862283.405 [OBSTACLES] cur_s=22.86 cur_d=0.18 vs=3.41 n=0 [none]
1786862283.995 [OBSTACLES] cur_s=24.39 cur_d=-0.22 vs=3.42 n=0 [none]
1786862284.586 [OBSTACLES] cur_s=25.93 cur_d=0.16 vs=3.27 n=0 [none]
1786862285.162 [OBSTACLES] cur_s=27.66 cur_d=0.21 vs=3.37 n=0 [none]
1786862285.716 [OBSTACLES] cur_s=29.96 cur_d=0.12 vs=3.41 n=0 [none]
1786862286.348 [OBSTACLES] cur_s=31.17 cur_d=0.07 vs=3.39 n=0 [none]
1786862286.609 [STATE_CHANGE] GB_TRACK -> LOSTLINE src=GB_TRACK s=32.54 d=0.35 vs=3.18
1786862286.866 [OBSTACLES] cur_s=33.70 cur_d=0.37 vs=3.15 n=0 [none]
1786862287.067 [STATE_CHANGE] LOSTLINE -> GB_TRACK src=GB_TRACK s=0.09 d=0.26 vs=2.94
1786862287.382 [OBSTACLES] cur_s=0.99 cur_d=0.01 vs=3.29 n=0 [none]
1786862287.621 [STATIC_OT] state=GB_TRACK path_exists=0 path_locked=0 path_ttl_ok=0 path_safe=0 on_spline=0 speed=3.39 raw_wpnts=0 raw_age=-s decision=TRAILING reason=NO_STATIC_PATH
1786862287.622 [STATE_CHANGE] GB_TRACK -> TRAILING src=GB_TRACK s=1.73 d=-0.06 vs=3.39
1786862287.841 [STATIC_OT] state=TRAILING path_exists=0 path_locked=0 path_ttl_ok=0 path_safe=0 on_spline=0 speed=3.38 raw_wpnts=0 raw_age=-s decision=TRAILING reason=NO_STATIC_PATH
1786862287.960 [OBSTACLES] cur_s=2.94 cur_d=0.09 vs=3.39 n=1 [id=32 static=1 gap=10.72m d=0.36 size=0.16]
1786862288.105 [STATIC_OT] state=TRAILING path_exists=0 path_locked=0 path_ttl_ok=0 path_safe=0 on_spline=0 speed=3.42 raw_wpnts=0 raw_age=-s decision=TRAILING reason=NO_STATIC_PATH
1786862288.422 [STATIC_OT] state=TRAILING path_exists=0 path_locked=0 path_ttl_ok=0 path_safe=0 on_spline=0 speed=3.40 raw_wpnts=0 raw_age=-s decision=TRAILING reason=NO_STATIC_PATH
1786862288.481 [OBSTACLES] cur_s=4.06 cur_d=-0.03 vs=3.37 n=0 [none]
1786862288.482 [STATE_CHANGE] TRAILING -> GB_TRACK src=GB_TRACK s=4.06 d=-0.03 vs=3.37
1786862288.986 [OBSTACLES] cur_s=5.79 cur_d=-0.19 vs=3.40 n=0 [none]
1786862289.521 [OBSTACLES] cur_s=7.58 cur_d=0.02 vs=3.44 n=0 [none]
1786862290.097 [OBSTACLES] cur_s=9.51 cur_d=-0.10 vs=3.16 n=0 [none]
1786862290.637 [OBSTACLES] cur_s=10.96 cur_d=0.20 vs=2.44 n=0 [none]
1786862291.167 [OBSTACLES] cur_s=12.12 cur_d=-0.13 vs=2.37 n=0 [none]
1786862291.709 [OBSTACLES] cur_s=13.52 cur_d=0.00 vs=3.19 n=0 [none]
1786862291.989 [STATE_CHANGE] GB_TRACK -> LOSTLINE src=GB_TRACK s=14.40 d=0.36 vs=3.04
1786862292.199 [STATE_CHANGE] LOSTLINE -> RECOVERY src=RECOVERY s=15.26 d=0.41 vs=2.53
1786862292.244 [OBSTACLES] cur_s=15.36 cur_d=0.37 vs=2.38 n=0 [none]
1786862292.503 [STATE_CHANGE] RECOVERY -> GB_TRACK src=GB_TRACK s=15.87 d=-0.03 vs=1.39
1786862292.794 [OBSTACLES] cur_s=16.24 cur_d=-0.25 vs=1.47 n=0 [none]
1786862293.191 [STATE_CHANGE] GB_TRACK -> LOSTLINE src=GB_TRACK s=16.95 d=-0.31 vs=2.25
1786862293.318 [OBSTACLES] cur_s=17.17 cur_d=-0.28 vs=2.47 n=0 [none]
1786862293.319 [STATE_CHANGE] LOSTLINE -> GB_TRACK src=GB_TRACK s=17.17 d=-0.28 vs=2.47
1786862293.851 [OBSTACLES] cur_s=18.81 cur_d=0.24 vs=3.22 n=0 [none]
1786862294.406 [OBSTACLES] cur_s=20.82 cur_d=-0.13 vs=3.27 n=0 [none]
1786862294.520 [STATE_CHANGE] GB_TRACK -> RECOVERY src=RECOVERY s=21.19 d=-0.31 vs=3.37
1786862294.942 [OBSTACLES] cur_s=22.18 cur_d=-0.35 vs=3.38 n=0 [none]
1786862295.300 [STATE_CHANGE] RECOVERY -> GB_TRACK src=GB_TRACK s=23.62 d=0.03 vs=3.42
1786862295.537 [OBSTACLES] cur_s=24.26 cur_d=-0.01 vs=3.42 n=0 [none]
1786862296.041 [OBSTACLES] cur_s=26.11 cur_d=-0.07 vs=3.37 n=0 [none]
1786862296.493 [STATE_CHANGE] GB_TRACK -> RECOVERY src=RECOVERY s=26.86 d=0.29 vs=3.32
1786862296.611 [OBSTACLES] cur_s=27.33 cur_d=0.41 vs=3.41 n=0 [none]
1786862297.093 [STATE_CHANGE] RECOVERY -> GB_TRACK src=GB_TRACK s=28.84 d=-0.03 vs=2.56
1786862297.179 [OBSTACLES] cur_s=29.05 cur_d=-0.14 vs=2.38 n=0 [none]
1786862297.543 [STATE_CHANGE] GB_TRACK -> LOSTLINE src=GB_TRACK s=29.97 d=-0.29 vs=3.09
1786862297.719 [OBSTACLES] cur_s=30.29 cur_d=-0.31 vs=3.28 n=0 [none]
1786862297.894 [STATE_CHANGE] LOSTLINE -> GB_TRACK src=GB_TRACK s=30.73 d=-0.26 vs=3.27
1786862298.245 [OBSTACLES] cur_s=31.84 cur_d=-0.04 vs=3.05 n=0 [none]
1786862298.610 [STATE_CHANGE] GB_TRACK -> LOSTLINE src=GB_TRACK s=32.93 d=0.33 vs=3.13
1786862298.807 [OBSTACLES] cur_s=33.71 cur_d=0.26 vs=3.12 n=0 [none]
1786862298.810 [STATE_CHANGE] LOSTLINE -> GB_TRACK src=GB_TRACK s=33.71 d=0.26 vs=3.12
1786862299.398 [OBSTACLES] cur_s=1.29 cur_d=-0.07 vs=3.37 n=0 [none]
1786862299.561 [STATIC_OT] state=GB_TRACK path_exists=0 path_locked=0 path_ttl_ok=0 path_safe=0 on_spline=0 speed=3.40 raw_wpnts=0 raw_age=-s decision=TRAILING reason=NO_STATIC_PATH
1786862299.563 [STATE_CHANGE] GB_TRACK -> TRAILING src=GB_TRACK s=1.73 d=-0.06 vs=3.40
1786862299.779 [STATIC_OT] state=TRAILING path_exists=0 path_locked=0 path_ttl_ok=0 path_safe=0 on_spline=0 speed=3.39 raw_wpnts=0 raw_age=-s decision=TRAILING reason=NO_STATIC_PATH
1786862299.922 [OBSTACLES] cur_s=3.21 cur_d=0.13 vs=3.42 n=1 [id=34 static=1 gap=10.55m d=0.37 size=0.19]
1786862299.988 [STATIC_OT] state=TRAILING path_exists=0 path_locked=0 path_ttl_ok=0 path_safe=0 on_spline=0 speed=3.43 raw_wpnts=0 raw_age=-s decision=TRAILING reason=NO_STATIC_PATH
1786862300.190 [STATIC_OT] state=TRAILING path_exists=0 path_locked=0 path_ttl_ok=0 path_safe=0 on_spline=0 speed=3.44 raw_wpnts=0 raw_age=-s decision=TRAILING reason=NO_STATIC_PATH
1786862300.283 [STATE_CHANGE] TRAILING -> GB_TRACK src=GB_TRACK s=3.84 d=0.03 vs=3.40
1786862300.500 [OBSTACLES] cur_s=4.41 cur_d=-0.12 vs=3.38 n=0 [none]
1786862301.069 [OBSTACLES] cur_s=6.30 cur_d=-0.10 vs=3.40 n=0 [none]
1786862301.617 [OBSTACLES] cur_s=8.23 cur_d=-0.07 vs=3.44 n=0 [none]
1786862302.173 [OBSTACLES] cur_s=10.26 cur_d=0.08 vs=2.81 n=0 [none]
1786862302.702 [OBSTACLES] cur_s=11.47 cur_d=0.09 vs=2.33 n=0 [none]
1786862303.361 [OBSTACLES] cur_s=13.07 cur_d=-0.09 vs=3.20 n=0 [none]
1786862303.933 [OBSTACLES] cur_s=14.81 cur_d=0.49 vs=2.84 n=0 [none]
1786862303.937 [STATE_CHANGE] GB_TRACK -> LOSTLINE src=GB_TRACK s=14.81 d=0.49 vs=2.84
1786862304.220 [STATE_CHANGE] LOSTLINE -> GB_TRACK src=GB_TRACK s=15.69 d=0.23 vs=1.76
1786862304.467 [OBSTACLES] cur_s=16.00 cur_d=-0.23 vs=1.25 n=0 [none]
1786862304.582 [STATE_CHANGE] GB_TRACK -> LOSTLINE src=GB_TRACK s=16.10 d=-0.31 vs=1.29
1786862304.988 [OBSTACLES] cur_s=16.74 cur_d=-0.50 vs=2.02 n=0 [none]
1786862305.549 [OBSTACLES] cur_s=17.63 cur_d=-0.34 vs=2.04 n=0 [none]
1786862305.629 [STATE_CHANGE] LOSTLINE -> GB_TRACK src=GB_TRACK s=17.76 d=-0.23 vs=2.17
1786862306.058 [OBSTACLES] cur_s=18.47 cur_d=0.16 vs=2.93 n=0 [none]
1786862306.598 [OBSTACLES] cur_s=20.56 cur_d=-0.25 vs=3.42 n=0 [none]
1786862307.100 [OBSTACLES] cur_s=22.28 cur_d=0.01 vs=3.40 n=0 [none]
1786862307.614 [OBSTACLES] cur_s=24.00 cur_d=-0.18 vs=3.41 n=0 [none]
1786862308.135 [OBSTACLES] cur_s=25.43 cur_d=-0.04 vs=3.31 n=0 [none]
1786862308.689 [OBSTACLES] cur_s=27.15 cur_d=0.26 vs=3.33 n=0 [none]
1786862309.287 [OBSTACLES] cur_s=29.10 cur_d=-0.14 vs=3.31 n=0 [none]
1786862309.816 [OBSTACLES] cur_s=30.52 cur_d=-0.16 vs=3.38 n=0 [none]
1786862310.393 [OBSTACLES] cur_s=32.52 cur_d=0.25 vs=3.09 n=0 [none]
1786862310.912 [OBSTACLES] cur_s=34.40 cur_d=0.25 vs=2.94 n=0 [none]
1786862311.617 [OBSTACLES] cur_s=1.80 cur_d=0.00 vs=3.36 n=0 [none]
1786862311.796 [STATIC_OT] state=GB_TRACK path_exists=0 path_locked=0 path_ttl_ok=0 path_safe=0 on_spline=0 speed=3.36 raw_wpnts=0 raw_age=-s decision=TRAILING reason=NO_STATIC_PATH
1786862311.796 [STATE_CHANGE] GB_TRACK -> TRAILING src=GB_TRACK s=2.16 d=0.07 vs=3.36
1786862312.015 [STATIC_OT] state=TRAILING path_exists=0 path_locked=0 path_ttl_ok=0 path_safe=0 on_spline=0 speed=3.42 raw_wpnts=0 raw_age=-s decision=TRAILING reason=NO_STATIC_PATH
1786862312.181 [OBSTACLES] cur_s=3.15 cur_d=0.18 vs=3.43 n=1 [id=37 static=0 gap=10.99m d=0.49 size=0.16]
1786862312.318 [STATIC_OT] state=TRAILING path_exists=0 path_locked=0 path_ttl_ok=0 path_safe=0 on_spline=0 speed=3.32 raw_wpnts=0 raw_age=-s decision=TRAILING reason=NO_STATIC_PATH
1786862312.609 [STATE_CHANGE] TRAILING -> LOSTLINE src=GB_TRACK s=4.78 d=-0.25 vs=3.42
1786862312.736 [OBSTACLES] cur_s=5.16 cur_d=-0.27 vs=3.19 n=0 [none]
1786862312.736 [STATE_CHANGE] LOSTLINE -> GB_TRACK src=GB_TRACK s=5.16 d=-0.27 vs=3.19
1786862313.255 [OBSTACLES] cur_s=6.87 cur_d=0.06 vs=3.30 n=0 [none]
1786862313.826 [OBSTACLES] cur_s=8.44 cur_d=-0.17 vs=3.41 n=0 [none]
1786862314.411 [OBSTACLES] cur_s=10.29 cur_d=0.13 vs=2.78 n=0 [none]
1786862314.957 [OBSTACLES] cur_s=11.66 cur_d=0.01 vs=2.02 n=0 [none]
1786862315.352 [STATE_CHANGE] GB_TRACK -> LOSTLINE src=GB_TRACK s=12.50 d=-0.29 vs=2.45
1786862315.403 [STATE_CHANGE] LOSTLINE -> GB_TRACK src=GB_TRACK s=12.64 d=-0.28 vs=2.60
1786862315.530 [OBSTACLES] cur_s=13.09 cur_d=-0.24 vs=2.95 n=0 [none]
1786862315.999 [STATE_CHANGE] GB_TRACK -> LOSTLINE src=GB_TRACK s=14.14 d=0.36 vs=2.77
1786862316.146 [OBSTACLES] cur_s=14.50 cur_d=0.57 vs=2.69 n=0 [none]
1786862316.705 [OBSTACLES] cur_s=15.73 cur_d=0.29 vs=1.08 n=0 [none]
1786862316.817 [STATE_CHANGE] LOSTLINE -> GB_TRACK src=GB_TRACK s=15.87 d=-0.04 vs=0.98
1786862317.015 [STATE_CHANGE] GB_TRACK -> LOSTLINE src=GB_TRACK s=16.16 d=-0.30 vs=1.34
1786862317.255 [OBSTACLES] cur_s=16.47 cur_d=-0.42 vs=1.79 n=0 [none]
1786862317.428 [STATE_CHANGE] LOSTLINE -> RECOVERY src=RECOVERY s=16.78 d=-0.46 vs=2.02
1786862317.805 [OBSTACLES] cur_s=17.59 cur_d=-0.40 vs=2.67 n=0 [none]
1786862318.281 [STATE_CHANGE] RECOVERY -> GB_TRACK src=GB_TRACK s=18.85 d=0.04 vs=3.30
1786862318.387 [OBSTACLES] cur_s=19.17 cur_d=0.07 vs=3.39 n=0 [none]
1786862318.944 [OBSTACLES] cur_s=21.22 cur_d=-0.17 vs=3.44 n=0 [none]
1786862319.556 [OBSTACLES] cur_s=23.19 cur_d=-0.02 vs=3.43 n=0 [none]
1786862320.095 [OBSTACLES] cur_s=24.86 cur_d=-0.09 vs=3.45 n=0 [none]
1786862320.642 [OBSTACLES] cur_s=26.43 cur_d=0.24 vs=3.37 n=0 [none]
1786862320.926 [STATE_CHANGE] GB_TRACK -> LOSTLINE src=GB_TRACK s=27.23 d=0.33 vs=3.44
1786862321.048 [STATE_CHANGE] LOSTLINE -> GB_TRACK src=GB_TRACK s=27.74 d=0.27 vs=3.33
1786862321.145 [OBSTACLES] cur_s=28.05 cur_d=0.18 vs=3.26 n=0 [none]
1786862321.668 [OBSTACLES] cur_s=29.74 cur_d=-0.18 vs=3.24 n=0 [none]
1786862321.946 [STATE_CHANGE] GB_TRACK -> RECOVERY src=RECOVERY s=30.53 d=-0.29 vs=3.38
1786862322.191 [OBSTACLES] cur_s=31.14 cur_d=-0.24 vs=3.35 n=0 [none]
1786862322.583 [STATE_CHANGE] RECOVERY -> GB_TRACK src=GB_TRACK s=32.34 d=0.02 vs=3.27
1786862322.708 [OBSTACLES] cur_s=32.83 cur_d=0.20 vs=3.11 n=0 [none]
1786862322.799 [STATE_CHANGE] GB_TRACK -> RECOVERY src=RECOVERY s=33.17 d=0.32 vs=3.08
1786862323.410 [OBSTACLES] cur_s=1.50 cur_d=0.04 vs=3.37 n=0 [none]
1786862323.415 [STATE_CHANGE] RECOVERY -> GB_TRACK src=GB_TRACK s=1.50 d=0.04 vs=3.37
1786862323.677 [STATIC_OT] state=GB_TRACK path_exists=0 path_locked=0 path_ttl_ok=0 path_safe=0 on_spline=0 speed=3.41 raw_wpnts=0 raw_age=-s decision=TRAILING reason=NO_STATIC_PATH
1786862323.679 [STATE_CHANGE] GB_TRACK -> TRAILING src=GB_TRACK s=2.13 d=0.01 vs=3.41
1786862323.900 [STATIC_OT] state=TRAILING path_exists=0 path_locked=0 path_ttl_ok=0 path_safe=0 on_spline=0 speed=3.40 raw_wpnts=0 raw_age=-s decision=TRAILING reason=NO_STATIC_PATH
1786862323.927 [OBSTACLES] cur_s=2.76 cur_d=0.07 vs=3.40 n=1 [id=38 static=1 gap=10.97m d=0.25 size=0.16]
1786862324.117 [STATIC_OT] state=TRAILING path_exists=0 path_locked=0 path_ttl_ok=0 path_safe=0 on_spline=0 speed=3.41 raw_wpnts=0 raw_age=-s decision=TRAILING reason=NO_STATIC_PATH
1786862324.375 [STATIC_OT] state=TRAILING path_exists=0 path_locked=0 path_ttl_ok=0 path_safe=0 on_spline=0 speed=3.44 raw_wpnts=0 raw_age=-s decision=TRAILING reason=NO_STATIC_PATH
1786862324.442 [OBSTACLES] cur_s=3.86 cur_d=0.09 vs=3.41 n=0 [none]
1786862324.443 [STATE_CHANGE] TRAILING -> RECOVERY src=RECOVERY s=3.86 d=0.09 vs=3.41
1786862324.565 [STATE_CHANGE] RECOVERY -> GB_TRACK src=GB_TRACK s=4.11 d=0.04 vs=3.39
1786862324.960 [OBSTACLES] cur_s=5.42 cur_d=-0.21 vs=3.45 n=0 [none]
1786862325.510 [OBSTACLES] cur_s=7.57 cur_d=0.04 vs=3.43 n=0 [none]
1786862326.025 [OBSTACLES] cur_s=9.54 cur_d=-0.03 vs=3.23 n=0 [none]
1786862326.616 [OBSTACLES] cur_s=11.17 cur_d=0.17 vs=2.46 n=0 [none]
1786862327.156 [OBSTACLES] cur_s=12.36 cur_d=0.06 vs=2.77 n=0 [none]
1786862327.666 [OBSTACLES] cur_s=13.98 cur_d=0.25 vs=3.27 n=0 [none]
1786862327.728 [STATE_CHANGE] GB_TRACK -> LOSTLINE src=GB_TRACK s=14.05 d=0.29 vs=3.21
1786862328.103 [STATE_CHANGE] LOSTLINE -> GB_TRACK src=GB_TRACK s=15.39 d=0.24 vs=2.16
1786862328.245 [OBSTACLES] cur_s=15.51 cur_d=0.14 vs=1.85 n=0 [none]
1786862328.796 [OBSTACLES] cur_s=16.52 cur_d=-0.28 vs=2.04 n=0 [none]
1786862328.913 [STATE_CHANGE] GB_TRACK -> LOSTLINE src=GB_TRACK s=16.78 d=-0.29 vs=2.24
1786862329.174 [STATE_CHANGE] LOSTLINE -> GB_TRACK src=GB_TRACK s=17.18 d=-0.29 vs=2.52
1786862329.387 [OBSTACLES] cur_s=17.55 cur_d=-0.19 vs=2.82 n=0 [none]
1786862329.907 [OBSTACLES] cur_s=19.39 cur_d=0.26 vs=3.44 n=0 [none]
1786862330.454 [OBSTACLES] cur_s=21.32 cur_d=-0.32 vs=3.36 n=0 [none]
1786862330.455 [STATE_CHANGE] GB_TRACK -> LOSTLINE src=GB_TRACK s=21.32 d=-0.32 vs=3.36
1786862330.605 [STATE_CHANGE] LOSTLINE -> RECOVERY src=RECOVERY s=22.01 d=-0.41 vs=3.43
1786862331.004 [OBSTACLES] cur_s=23.03 cur_d=-0.14 vs=2.97 n=0 [none]
1786862331.077 [STATE_CHANGE] RECOVERY -> GB_TRACK src=GB_TRACK s=23.33 d=-0.05 vs=2.82
1786862331.552 [OBSTACLES] cur_s=24.71 cur_d=-0.03 vs=3.32 n=0 [none]
1786862332.077 [OBSTACLES] cur_s=26.00 cur_d=-0.21 vs=3.41 n=0 [none]
1786862332.240 [STATIC_OT] state=GB_TRACK path_exists=0 path_locked=0 path_ttl_ok=0 path_safe=0 on_spline=0 speed=3.23 raw_wpnts=0 raw_age=-s decision=TRAILING reason=NO_STATIC_PATH
1786862332.246 [STATE_CHANGE] GB_TRACK -> TRAILING src=GB_TRACK s=26.30 d=0.03 vs=3.23
1786862332.468 [STATIC_OT] state=TRAILING path_exists=0 path_locked=0 path_ttl_ok=0 path_safe=0 on_spline=0 speed=3.25 raw_wpnts=0 raw_age=-s decision=TRAILING reason=NO_STATIC_PATH
1786862332.596 [OBSTACLES] cur_s=27.39 cur_d=0.38 vs=3.19 n=0 [none]
1786862332.598 [STATE_CHANGE] TRAILING -> LOSTLINE src=GB_TRACK s=27.39 d=0.38 vs=3.19
1786862332.993 [STATE_CHANGE] LOSTLINE -> GB_TRACK src=GB_TRACK s=28.58 d=0.15 vs=2.54
1786862333.097 [OBSTACLES] cur_s=28.97 cur_d=-0.02 vs=2.76 n=0 [none]
1786862333.769 [OBSTACLES] cur_s=30.71 cur_d=-0.29 vs=3.37 n=0 [none]
1786862334.304 [OBSTACLES] cur_s=32.30 cur_d=-0.02 vs=3.15 n=0 [none]
1786862334.742 [STATE_CHANGE] GB_TRACK -> LOSTLINE src=GB_TRACK s=34.49 d=0.45 vs=3.18
1786862334.822 [OBSTACLES] cur_s=0.20 cur_d=0.39 vs=3.19 n=0 [none]
1786862335.002 [STATE_CHANGE] LOSTLINE -> GB_TRACK src=GB_TRACK s=0.82 d=0.24 vs=3.33
1786862335.381 [OBSTACLES] cur_s=2.12 cur_d=0.07 vs=3.41 n=1 [id=40 static=1 gap=11.81m d=0.23 size=0.18]
1786862335.388 [STATIC_OT] state=GB_TRACK path_exists=0 path_locked=0 path_ttl_ok=0 path_safe=0 on_spline=0 speed=3.41 raw_wpnts=0 raw_age=-s decision=TRAILING reason=NO_STATIC_PATH
1786862335.389 [STATE_CHANGE] GB_TRACK -> TRAILING src=GB_TRACK s=2.12 d=0.07 vs=3.41
1786862335.718 [STATIC_OT] state=TRAILING path_exists=0 path_locked=0 path_ttl_ok=0 path_safe=0 on_spline=0 speed=3.43 raw_wpnts=0 raw_age=-s decision=TRAILING reason=NO_STATIC_PATH
1786862335.894 [OBSTACLES] cur_s=3.60 cur_d=0.16 vs=3.44 n=1 [id=40 static=1 gap=10.21m d=0.22 size=0.21]
1786862336.003 [STATIC_OT] state=TRAILING path_exists=0 path_locked=0 path_ttl_ok=0 path_safe=0 on_spline=0 speed=3.42 raw_wpnts=0 raw_age=-s decision=TRAILING reason=NO_STATIC_PATH
1786862336.178 [STATE_CHANGE] TRAILING -> GB_TRACK src=GB_TRACK s=3.90 d=0.01 vs=3.38
1786862336.403 [OBSTACLES] cur_s=4.71 cur_d=-0.17 vs=3.42 n=0 [none]
1786862336.980 [OBSTACLES] cur_s=6.43 cur_d=-0.01 vs=3.38 n=0 [none]
1786862337.565 [OBSTACLES] cur_s=8.87 cur_d=-0.12 vs=3.44 n=0 [none]
1786862338.185 [OBSTACLES] cur_s=10.60 cur_d=0.18 vs=2.46 n=0 [none]
1786862338.721 [OBSTACLES] cur_s=11.86 cur_d=0.01 vs=2.20 n=0 [none]
1786862339.253 [OBSTACLES] cur_s=13.38 cur_d=-0.10 vs=3.13 n=0 [none]
1786862339.720 [STATE_CHANGE] GB_TRACK -> LOSTLINE src=GB_TRACK s=14.23 d=0.32 vs=2.79
1786862339.816 [OBSTACLES] cur_s=14.32 cur_d=0.38 vs=2.80 n=0 [none]
1786862340.314 [STATE_CHANGE] LOSTLINE -> GB_TRACK src=GB_TRACK s=15.82 d=0.15 vs=1.19
1786862340.715 [OBSTACLES] cur_s=16.44 cur_d=-0.24 vs=1.69 n=0 [none]
1786862341.041 [STATE_CHANGE] GB_TRACK -> LOSTLINE src=GB_TRACK s=16.79 d=-0.31 vs=2.00
1786862341.317 [OBSTACLES] cur_s=17.65 cur_d=-0.27 vs=2.65 n=0 [none]
1786862341.327 [STATE_CHANGE] LOSTLINE -> GB_TRACK src=GB_TRACK s=17.65 d=-0.27 vs=2.65
1786862341.825 [OBSTACLES] cur_s=19.01 cur_d=0.12 vs=3.33 n=0 [none]
1786862342.331 [OBSTACLES] cur_s=20.81 cur_d=-0.06 vs=3.36 n=0 [none]
1786862342.968 [OBSTACLES] cur_s=22.79 cur_d=-0.11 vs=3.38 n=0 [none]
1786862343.502 [OBSTACLES] cur_s=24.48 cur_d=-0.00 vs=3.43 n=0 [none]
1786862344.026 [OBSTACLES] cur_s=25.82 cur_d=0.01 vs=3.35 n=0 [none]
1786862344.682 [OBSTACLES] cur_s=27.62 cur_d=0.29 vs=3.41 n=0 [none]
1786862345.257 [OBSTACLES] cur_s=29.62 cur_d=-0.15 vs=3.14 n=0 [none]
1786862345.568 [STATE_CHANGE] GB_TRACK -> LOSTLINE src=GB_TRACK s=30.43 d=-0.31 vs=3.35
1786862345.799 [OBSTACLES] cur_s=31.10 cur_d=-0.28 vs=3.36 n=0 [none]
1786862345.800 [STATE_CHANGE] LOSTLINE -> GB_TRACK src=GB_TRACK s=31.10 d=-0.28 vs=3.36
1786862346.351 [OBSTACLES] cur_s=33.44 cur_d=0.35 vs=3.01 n=0 [none]
1786862346.353 [STATE_CHANGE] GB_TRACK -> LOSTLINE src=GB_TRACK s=33.44 d=0.35 vs=3.01
1786862346.870 [OBSTACLES] cur_s=0.58 cur_d=0.26 vs=3.20 n=0 [none]
1786862346.878 [STATE_CHANGE] LOSTLINE -> GB_TRACK src=GB_TRACK s=0.58 d=0.26 vs=3.20
1786862347.274 [STATIC_OT] state=GB_TRACK path_exists=0 path_locked=0 path_ttl_ok=0 path_safe=0 on_spline=0 speed=3.40 raw_wpnts=0 raw_age=-s decision=TRAILING reason=NO_STATIC_PATH
1786862347.278 [STATE_CHANGE] GB_TRACK -> TRAILING src=GB_TRACK s=1.88 d=-0.00 vs=3.40
1786862347.417 [OBSTACLES] cur_s=2.83 cur_d=0.09 vs=3.39 n=1 [id=42 static=1 gap=10.91m d=0.22 size=0.21]
1786862347.532 [STATIC_OT] state=TRAILING path_exists=0 path_locked=0 path_ttl_ok=0 path_safe=0 on_spline=0 speed=3.40 raw_wpnts=0 raw_age=-s decision=TRAILING reason=NO_STATIC_PATH
1786862347.860 [STATIC_OT] state=TRAILING path_exists=0 path_locked=0 path_ttl_ok=0 path_safe=0 on_spline=0 speed=3.43 raw_wpnts=0 raw_age=-s decision=TRAILING reason=NO_STATIC_PATH
1786862348.043 [OBSTACLES] cur_s=3.82 cur_d=0.07 vs=3.39 n=1 [id=42 static=1 gap=9.95m d=0.25 size=0.18]
1786862348.166 [STATE_CHANGE] TRAILING -> GB_TRACK src=GB_TRACK s=4.20 d=-0.04 vs=3.34
1786862348.567 [OBSTACLES] cur_s=5.72 cur_d=-0.28 vs=3.42 n=0 [none]
1786862349.091 [OBSTACLES] cur_s=7.55 cur_d=0.06 vs=3.44 n=0 [none]
1786862349.736 [OBSTACLES] cur_s=9.59 cur_d=-0.21 vs=3.21 n=0 [none]
1786862350.281 [OBSTACLES] cur_s=11.09 cur_d=0.15 vs=2.21 n=0 [none]
1786862350.905 [OBSTACLES] cur_s=12.32 cur_d=0.03 vs=2.68 n=0 [none]
1786862351.473 [OBSTACLES] cur_s=14.08 cur_d=0.16 vs=3.06 n=0 [none]
1786862351.673 [STATE_CHANGE] GB_TRACK -> LOSTLINE src=GB_TRACK s=14.58 d=0.41 vs=3.01
1786862351.944 [STATE_CHANGE] LOSTLINE -> GB_TRACK src=GB_TRACK s=15.67 d=0.29 vs=2.08
1786862352.082 [OBSTACLES] cur_s=15.80 cur_d=0.17 vs=1.75 n=0 [none]
1786862352.300 [STATE_CHANGE] GB_TRACK -> LOSTLINE src=GB_TRACK s=16.05 d=-0.31 vs=1.08
1786862352.692 [OBSTACLES] cur_s=16.42 cur_d=-0.64 vs=1.47 n=0 [none]
1786862353.262 [OBSTACLES] cur_s=17.46 cur_d=-0.47 vs=1.68 n=0 [none]
1786862353.569 [STATE_CHANGE] LOSTLINE -> GB_TRACK src=GB_TRACK s=17.65 d=-0.18 vs=1.81
1786862353.825 [OBSTACLES] cur_s=18.12 cur_d=0.09 vs=2.58 n=0 [none]
1786862354.381 [OBSTACLES] cur_s=19.88 cur_d=-0.30 vs=3.35 n=0 [none]
1786862354.383 [STATE_CHANGE] GB_TRACK -> LOSTLINE src=GB_TRACK s=19.88 d=-0.30 vs=3.35
1786862354.736 [STATE_CHANGE] LOSTLINE -> GB_TRACK src=GB_TRACK s=21.34 d=-0.26 vs=3.30
1786862354.897 [OBSTACLES] cur_s=21.95 cur_d=-0.10 vs=3.34 n=0 [none]
1786862355.747 [OBSTACLES] cur_s=24.00 cur_d=-0.31 vs=3.44 n=0 [none]
1786862355.748 [STATE_CHANGE] GB_TRACK -> LOSTLINE src=GB_TRACK s=24.00 d=-0.31 vs=3.44
1786862355.908 [STATE_CHANGE] LOSTLINE -> GB_TRACK src=GB_TRACK s=24.54 d=-0.25 vs=3.39
1786862356.250 [OBSTACLES] cur_s=25.62 cur_d=0.12 vs=3.29 n=0 [none]
1786862356.770 [OBSTACLES] cur_s=27.20 cur_d=0.14 vs=3.29 n=0 [none]
1786862357.337 [OBSTACLES] cur_s=29.01 cur_d=-0.23 vs=3.30 n=0 [none]
1786862357.841 [OBSTACLES] cur_s=30.68 cur_d=-0.19 vs=3.34 n=0 [none]
1786862358.369 [OBSTACLES] cur_s=32.76 cur_d=0.29 vs=2.93 n=0 [none]
1786862358.380 [STATE_CHANGE] GB_TRACK -> LOSTLINE src=GB_TRACK s=32.76 d=0.29 vs=2.93
1786862358.632 [STATE_CHANGE] LOSTLINE -> GB_TRACK src=GB_TRACK s=33.62 d=0.27 vs=3.12
1786862358.917 [OBSTACLES] cur_s=0.06 cur_d=0.16 vs=2.92 n=0 [none]
1786862359.463 [OBSTACLES] cur_s=1.60 cur_d=-0.13 vs=3.38 n=0 [none]
1786862359.568 [STATIC_OT] state=GB_TRACK path_exists=0 path_locked=0 path_ttl_ok=0 path_safe=0 on_spline=0 speed=3.38 raw_wpnts=0 raw_age=-s decision=TRAILING reason=NO_STATIC_PATH
1786862359.575 [STATE_CHANGE] GB_TRACK -> TRAILING src=GB_TRACK s=2.09 d=-0.08 vs=3.38
1786862359.848 [STATIC_OT] state=TRAILING path_exists=0 path_locked=0 path_ttl_ok=0 path_safe=0 on_spline=0 speed=3.39 raw_wpnts=0 raw_age=-s decision=TRAILING reason=NO_STATIC_PATH
1786862360.055 [OBSTACLES] cur_s=3.38 cur_d=0.13 vs=3.43 n=1 [id=43 static=1 gap=10.36m d=0.37 size=0.15]
1786862360.057 [STATIC_OT] state=TRAILING path_exists=0 path_locked=0 path_ttl_ok=0 path_safe=0 on_spline=0 speed=3.43 raw_wpnts=0 raw_age=-s decision=TRAILING reason=NO_STATIC_PATH
1786862360.257 [STATE_CHANGE] TRAILING -> GB_TRACK src=GB_TRACK s=3.88 d=0.03 vs=3.38
1786862360.560 [OBSTACLES] cur_s=4.91 cur_d=-0.24 vs=3.41 n=0 [none]
1786862361.069 [OBSTACLES] cur_s=6.39 cur_d=-0.12 vs=3.34 n=0 [none]
1786862361.626 [OBSTACLES] cur_s=8.35 cur_d=-0.07 vs=3.42 n=0 [none]
1786862362.154 [OBSTACLES] cur_s=10.11 cur_d=-0.04 vs=2.83 n=0 [none]
1786862362.689 [OBSTACLES] cur_s=11.47 cur_d=0.14 vs=2.36 n=0 [none]
1786862363.215 [OBSTACLES] cur_s=12.88 cur_d=-0.04 vs=3.09 n=0 [none]
1786862363.763 [OBSTACLES] cur_s=14.43 cur_d=0.43 vs=3.08 n=0 [none]
1786862363.769 [STATE_CHANGE] GB_TRACK -> LOSTLINE src=GB_TRACK s=14.43 d=0.43 vs=3.08
1786862364.355 [OBSTACLES] cur_s=15.85 cur_d=0.19 vs=1.23 n=0 [none]
1786862364.358 [STATE_CHANGE] LOSTLINE -> GB_TRACK src=GB_TRACK s=15.85 d=0.19 vs=1.23
1786862364.670 [STATE_CHANGE] GB_TRACK -> LOSTLINE src=GB_TRACK s=16.28 d=-0.30 vs=1.42
1786862364.875 [OBSTACLES] cur_s=16.58 cur_d=-0.38 vs=1.70 n=0 [none]
1786862364.886 [STATE_CHANGE] LOSTLINE -> RECOVERY src=RECOVERY s=16.58 d=-0.38 vs=1.70
1786862365.474 [OBSTACLES] cur_s=17.70 cur_d=-0.37 vs=2.74 n=0 [none]
1786862365.865 [STATE_CHANGE] RECOVERY -> GB_TRACK src=GB_TRACK s=18.67 d=-0.01 vs=3.17
1786862366.032 [OBSTACLES] cur_s=19.56 cur_d=0.15 vs=3.42 n=0 [none]
1786862366.560 [OBSTACLES] cur_s=21.20 cur_d=-0.13 vs=3.41 n=0 [none]
1786862367.061 [OBSTACLES] cur_s=22.91 cur_d=-0.08 vs=3.41 n=0 [none]
1786862367.588 [OBSTACLES] cur_s=24.32 cur_d=-0.00 vs=3.44 n=0 [none]
1786862368.093 [OBSTACLES] cur_s=25.59 cur_d=-0.01 vs=3.41 n=0 [none]
1786862368.602 [OBSTACLES] cur_s=27.38 cur_d=0.21 vs=3.45 n=0 [none]
1786862369.140 [OBSTACLES] cur_s=29.68 cur_d=0.06 vs=3.40 n=0 [none]
1786862369.680 [OBSTACLES] cur_s=31.16 cur_d=0.04 vs=3.40 n=0 [none]
1786862370.200 [OBSTACLES] cur_s=33.12 cur_d=0.31 vs=3.27 n=0 [none]
1786862370.203 [STATE_CHANGE] GB_TRACK -> LOSTLINE src=GB_TRACK s=33.12 d=0.31 vs=3.27
1786862370.489 [STATE_CHANGE] LOSTLINE -> RECOVERY src=RECOVERY s=34.32 d=0.42 vs=3.21
1786862370.731 [OBSTACLES] cur_s=0.57 cur_d=0.23 vs=3.35 n=0 [none]
1786862370.889 [STATIC_OT] state=RECOVERY path_exists=0 path_locked=0 path_ttl_ok=0 path_safe=0 on_spline=0 speed=3.40 raw_wpnts=0 raw_age=-s decision=TRAILING reason=NO_STATIC_PATH
1786862370.892 [STATE_CHANGE] RECOVERY -> TRAILING src=RECOVERY s=1.09 d=0.14 vs=3.40
1786862371.127 [STATIC_OT] state=TRAILING path_exists=0 path_locked=0 path_ttl_ok=0 path_safe=0 on_spline=0 speed=3.42 raw_wpnts=0 raw_age=-s decision=TRAILING reason=NO_STATIC_PATH
1786862371.202 [STATE_CHANGE] TRAILING -> RECOVERY src=RECOVERY s=2.25 d=0.16 vs=3.42
1786862371.258 [OBSTACLES] cur_s=2.38 cur_d=0.17 vs=3.42 n=1 [id=44 static=1 gap=11.41m d=0.38 size=0.16]
1786862371.277 [STATE_CHANGE] RECOVERY -> TRAILING src=RECOVERY s=2.38 d=0.17 vs=3.42
1786862371.335 [STATIC_OT] state=TRAILING path_exists=0 path_locked=0 path_ttl_ok=0 path_safe=0 on_spline=0 speed=3.42 raw_wpnts=0 raw_age=-s decision=TRAILING reason=NO_STATIC_PATH
1786862371.335 [STATE_CHANGE] TRAILING -> RECOVERY src=RECOVERY s=2.76 d=0.20 vs=3.42
1786862371.504 [STATE_CHANGE] RECOVERY -> TRAILING src=RECOVERY s=3.05 d=0.21 vs=3.44
1786862371.558 [STATIC_OT] state=TRAILING path_exists=0 path_locked=0 path_ttl_ok=0 path_safe=0 on_spline=0 speed=3.44 raw_wpnts=0 raw_age=-s decision=TRAILING reason=NO_STATIC_PATH
1786862371.794 [OBSTACLES] cur_s=3.59 cur_d=0.05 vs=3.38 n=1 [id=44 static=1 gap=10.18m d=0.37 size=0.19]
1786862371.806 [STATIC_OT] state=TRAILING path_exists=0 path_locked=0 path_ttl_ok=0 path_safe=0 on_spline=0 speed=3.38 raw_wpnts=0 raw_age=-s decision=TRAILING reason=NO_STATIC_PATH
1786862371.863 [STATE_CHANGE] TRAILING -> GB_TRACK src=GB_TRACK s=3.85 d=-0.02 vs=3.36
1786862372.409 [OBSTACLES] cur_s=5.49 cur_d=-0.20 vs=3.42 n=0 [none]
1786862372.953 [OBSTACLES] cur_s=7.51 cur_d=-0.04 vs=3.44 n=0 [none]
1786862373.456 [OBSTACLES] cur_s=9.31 cur_d=-0.08 vs=3.33 n=0 [none]
1786862373.975 [OBSTACLES] cur_s=10.74 cur_d=0.21 vs=2.50 n=0 [none]
1786862374.504 [OBSTACLES] cur_s=11.81 cur_d=0.01 vs=2.21 n=0 [none]
1786862375.091 [OBSTACLES] cur_s=13.32 cur_d=-0.01 vs=3.11 n=0 [none]
1786862375.415 [STATE_CHANGE] GB_TRACK -> LOSTLINE src=GB_TRACK s=14.10 d=0.35 vs=3.04
1786862375.635 [OBSTACLES] cur_s=14.99 cur_d=0.61 vs=2.64 n=0 [none]
1786862375.914 [STATE_CHANGE] LOSTLINE -> GB_TRACK src=GB_TRACK s=15.75 d=0.23 vs=1.28
1786862376.202 [OBSTACLES] cur_s=16.16 cur_d=-0.13 vs=1.41 n=0 [none]
1786862376.674 [STATE_CHANGE] GB_TRACK -> LOSTLINE src=GB_TRACK s=16.80 d=-0.32 vs=2.04
1786862376.743 [OBSTACLES] cur_s=16.88 cur_d=-0.32 vs=2.06 n=0 [none]
1786862377.162 [STATE_CHANGE] LOSTLINE -> GB_TRACK src=GB_TRACK s=18.25 d=-0.12 vs=3.10
1786862377.259 [OBSTACLES] cur_s=18.62 cur_d=-0.02 vs=3.23 n=0 [none]
1786862377.766 [OBSTACLES] cur_s=20.18 cur_d=0.10 vs=3.42 n=0 [none]
1786862378.401 [OBSTACLES] cur_s=22.49 cur_d=-0.16 vs=3.41 n=0 [none]
1786862378.930 [OBSTACLES] cur_s=24.25 cur_d=0.02 vs=3.44 n=0 [none]
1786862379.507 [OBSTACLES] cur_s=25.60 cur_d=-0.01 vs=3.40 n=0 [none]
1786862380.081 [OBSTACLES] cur_s=27.27 cur_d=0.31 vs=3.45 n=0 [none]
1786862380.088 [STATE_CHANGE] GB_TRACK -> LOSTLINE src=GB_TRACK s=27.27 d=0.31 vs=3.45
1786862380.206 [STATE_CHANGE] LOSTLINE -> GB_TRACK src=GB_TRACK s=28.06 d=0.19 vs=3.35
1786862380.656 [OBSTACLES] cur_s=29.32 cur_d=-0.03 vs=3.27 n=0 [none]
1786862381.222 [OBSTACLES] cur_s=30.76 cur_d=-0.17 vs=3.39 n=0 [none]
1786862381.793 [OBSTACLES] cur_s=32.73 cur_d=0.23 vs=3.10 n=0 [none]
1786862381.937 [STATE_CHANGE] GB_TRACK -> LOSTLINE src=GB_TRACK s=33.36 d=0.38 vs=3.10
1786862382.294 [OBSTACLES] cur_s=0.60 cur_d=0.30 vs=3.25 n=0 [none]
1786862382.326 [STATE_CHANGE] LOSTLINE -> GB_TRACK src=GB_TRACK s=0.68 d=0.26 vs=3.27
1786862382.717 [STATIC_OT] state=GB_TRACK path_exists=0 path_locked=0 path_ttl_ok=0 path_safe=0 on_spline=0 speed=3.41 raw_wpnts=0 raw_age=-s decision=TRAILING reason=NO_STATIC_PATH
1786862382.718 [STATE_CHANGE] GB_TRACK -> TRAILING src=GB_TRACK s=2.13 d=0.02 vs=3.41
1786862382.841 [OBSTACLES] cur_s=2.59 cur_d=0.06 vs=3.40 n=1 [id=45 static=1 gap=11.15m d=0.19 size=0.17]
1786862382.969 [STATIC_OT] state=TRAILING path_exists=0 path_locked=0 path_ttl_ok=0 path_safe=0 on_spline=0 speed=3.40 raw_wpnts=0 raw_age=-s decision=TRAILING reason=NO_STATIC_PATH
1786862383.209 [STATIC_OT] state=TRAILING path_exists=0 path_locked=0 path_ttl_ok=0 path_safe=0 on_spline=0 speed=3.43 raw_wpnts=0 raw_age=-s decision=TRAILING reason=NO_STATIC_PATH
1786862383.348 [OBSTACLES] cur_s=3.66 cur_d=0.14 vs=3.43 n=1 [id=45 static=1 gap=10.12m d=0.21 size=0.15]
1786862383.422 [STATIC_OT] state=TRAILING path_exists=0 path_locked=0 path_ttl_ok=0 path_safe=0 on_spline=0 speed=3.43 raw_wpnts=0 raw_age=-s decision=TRAILING reason=NO_STATIC_PATH
1786862383.511 [STATE_CHANGE] TRAILING -> RECOVERY src=RECOVERY s=3.59 d=0.11 vs=3.42
1786862383.871 [OBSTACLES] cur_s=5.12 cur_d=-0.25 vs=3.43 n=0 [none]
1786862384.371 [STATE_CHANGE] RECOVERY -> GB_TRACK src=GB_TRACK s=6.96 d=0.02 vs=3.38
1786862384.451 [OBSTACLES] cur_s=7.43 cur_d=0.07 vs=3.43 n=0 [none]
1786862385.018 [OBSTACLES] cur_s=9.17 cur_d=-0.16 vs=3.39 n=0 [none]
1786862385.547 [OBSTACLES] cur_s=10.60 cur_d=0.15 vs=2.44 n=0 [none]
1786862386.072 [OBSTACLES] cur_s=11.67 cur_d=0.13 vs=2.33 n=0 [none]
1786862386.588 [OBSTACLES] cur_s=12.89 cur_d=-0.12 vs=2.91 n=0 [none]
1786862386.999 [STATE_CHANGE] GB_TRACK -> LOSTLINE src=GB_TRACK s=14.32 d=0.39 vs=2.97
1786862387.170 [OBSTACLES] cur_s=15.12 cur_d=0.49 vs=2.63 n=0 [none]
1786862387.443 [STATE_CHANGE] LOSTLINE -> GB_TRACK src=GB_TRACK s=15.55 d=0.29 vs=1.88
1786862387.736 [OBSTACLES] cur_s=16.08 cur_d=-0.20 vs=1.49 n=0 [none]
1786862387.941 [STATE_CHANGE] GB_TRACK -> LOSTLINE src=GB_TRACK s=16.27 d=-0.29 vs=1.67
1786862388.255 [OBSTACLES] cur_s=16.92 cur_d=-0.40 vs=2.20 n=0 [none]
1786862388.802 [OBSTACLES] cur_s=17.55 cur_d=-0.36 vs=1.48 n=0 [none]
1786862388.911 [STATE_CHANGE] LOSTLINE -> RECOVERY src=RECOVERY s=17.82 d=-0.35 vs=0.99
1786862389.325 [OBSTACLES] cur_s=18.07 cur_d=-0.32 vs=0.16 n=0 [none]
1786862389.919 [OBSTACLES] cur_s=18.25 cur_d=-0.28 vs=0.00 n=0 [none]
1786862390.428 [OBSTACLES] cur_s=18.24 cur_d=-0.27 vs=0.00 n=0 [none]
1786862390.953 [OBSTACLES] cur_s=18.29 cur_d=-0.24 vs=0.00 n=0 [none]
1786862391.597 [OBSTACLES] cur_s=18.29 cur_d=-0.23 vs=-0.10 n=0 [none]
1786862392.195 [OBSTACLES] cur_s=18.53 cur_d=-0.10 vs=-0.09 n=0 [none]
1786862392.695 [OBSTACLES] cur_s=18.60 cur_d=-0.09 vs=0.00 n=0 [none]
1786862393.217 [OBSTACLES] cur_s=18.68 cur_d=-0.07 vs=0.00 n=0 [none]
1786862393.841 [OBSTACLES] cur_s=18.73 cur_d=-0.07 vs=0.00 n=0 [none]
1786862394.379 [OBSTACLES] cur_s=18.82 cur_d=-0.06 vs=0.00 n=0 [none]
1786862394.600 [STATE_CHANGE] RECOVERY -> GB_TRACK src=GB_TRACK s=18.85 d=-0.05 vs=0.00
1786862394.885 [OBSTACLES] cur_s=18.86 cur_d=-0.06 vs=0.00 n=0 [none]
1786862395.391 [OBSTACLES] cur_s=18.83 cur_d=-0.06 vs=0.00 n=0 [none]
1786862395.927 [OBSTACLES] cur_s=18.83 cur_d=-0.06 vs=0.00 n=0 [none]
1786862396.444 [OBSTACLES] cur_s=18.82 cur_d=-0.07 vs=0.00 n=0 [none]
1786862396.966 [OBSTACLES] cur_s=18.82 cur_d=-0.06 vs=0.00 n=0 [none]
1786862397.468 [OBSTACLES] cur_s=18.83 cur_d=-0.06 vs=0.00 n=0 [none]
1786862398.028 [OBSTACLES] cur_s=18.83 cur_d=-0.06 vs=0.00 n=0 [none]
1786862398.631 [OBSTACLES] cur_s=18.82 cur_d=-0.06 vs=0.00 n=0 [none]
1786862399.137 [OBSTACLES] cur_s=18.84 cur_d=-0.07 vs=0.00 n=0 [none]
1786862399.279 [STATIC_OT] state=GB_TRACK path_exists=0 path_locked=0 path_ttl_ok=0 path_safe=0 on_spline=0 speed=0.00 raw_wpnts=0 raw_age=-s decision=TRAILING reason=NO_STATIC_PATH
1786862399.279 [STATE_CHANGE] GB_TRACK -> TRAILING src=GB_TRACK s=18.89 d=-0.07 vs=0.00
1786862399.412 [STATE_CHANGE] TRAILING -> LOSTLINE src=GB_TRACK s=18.87 d=-0.06 vs=0.00
1786862399.492 [STATIC_OT] state=GB_TRACK path_exists=0 path_locked=0 path_ttl_ok=0 path_safe=0 on_spline=0 speed=0.00 raw_wpnts=0 raw_age=-s decision=TRAILING reason=NO_STATIC_PATH
1786862399.496 [STATE_CHANGE] LOSTLINE -> TRAILING src=GB_TRACK s=18.87 d=-0.06 vs=0.00
1786862399.640 [OBSTACLES] cur_s=18.87 cur_d=-0.06 vs=0.00 n=0 [none]
1786862399.644 [STATE_CHANGE] TRAILING -> LOSTLINE src=GB_TRACK s=18.87 d=-0.06 vs=0.00
1786862399.717 [STATIC_OT] state=GB_TRACK path_exists=0 path_locked=0 path_ttl_ok=0 path_safe=0 on_spline=0 speed=0.00 raw_wpnts=0 raw_age=-s decision=TRAILING reason=NO_STATIC_PATH
1786862399.719 [STATE_CHANGE] LOSTLINE -> TRAILING src=GB_TRACK s=18.87 d=-0.06 vs=0.00
1786862399.780 [STATE_CHANGE] TRAILING -> RECOVERY src=RECOVERY s=18.87 d=-0.06 vs=0.00
1786862399.839 [STATE_CHANGE] RECOVERY -> TRAILING src=RECOVERY s=18.87 d=-0.06 vs=0.00
1786862399.923 [STATIC_OT] state=TRAILING path_exists=0 path_locked=0 path_ttl_ok=0 path_safe=0 on_spline=0 speed=0.00 raw_wpnts=0 raw_age=-s decision=TRAILING reason=NO_STATIC_PATH
1786862400.162 [OBSTACLES] cur_s=18.85 cur_d=-0.06 vs=0.00 n=1 [id=47 static=0 gap=3.29m d=0.00 size=0.26]
1786862400.171 [STATIC_OT] state=TRAILING path_exists=0 path_locked=0 path_ttl_ok=0 path_safe=0 on_spline=0 speed=0.00 raw_wpnts=0 raw_age=-s decision=TRAILING reason=NO_STATIC_PATH
1786862400.467 [STATIC_OT] state=TRAILING path_exists=0 path_locked=0 path_ttl_ok=0 path_safe=0 on_spline=0 speed=0.00 raw_wpnts=0 raw_age=-s decision=TRAILING reason=NO_STATIC_PATH
1786862400.530 [STATE_CHANGE] TRAILING -> RECOVERY src=RECOVERY s=18.83 d=-0.06 vs=0.00
1786862400.694 [OBSTACLES] cur_s=18.82 cur_d=-0.06 vs=0.00 n=0 [none]
1786862400.995 [STATIC_OT] state=RECOVERY path_exists=0 path_locked=0 path_ttl_ok=0 path_safe=0 on_spline=0 speed=0.00 raw_wpnts=0 raw_age=-s decision=TRAILING reason=NO_STATIC_PATH
1786862400.997 [STATE_CHANGE] RECOVERY -> TRAILING src=RECOVERY s=18.82 d=-0.07 vs=0.00
1786862401.335 [OBSTACLES] cur_s=18.82 cur_d=-0.06 vs=0.00 n=1 [id=48 static=1 gap=3.64m d=-0.13 size=0.42]
1786862401.340 [STATIC_OT_TRANSITION] first_valid_path_to_overtake_ms=0.0
1786862401.347 [STATIC_OT] state=TRAILING path_exists=1 path_locked=0 path_ttl_ok=1 path_safe=1 on_spline=1 speed=0.00 raw_wpnts=94 raw_age=0.57s decision=OVERTAKE
1786862401.351 [STATE_CHANGE] TRAILING -> OVERTAKE src=OVERTAKE s=18.82 d=-0.06 vs=0.00
1786862401.894 [OBSTACLES] cur_s=18.83 cur_d=-0.06 vs=0.00 n=0 [none]
1786862402.417 [OBSTACLES] cur_s=18.82 cur_d=-0.06 vs=0.00 n=0 [none]
1786862402.963 [OBSTACLES] cur_s=18.82 cur_d=-0.06 vs=0.00 n=0 [none]
1786862403.522 [OBSTACLES] cur_s=18.85 cur_d=-0.06 vs=0.00 n=0 [none]
1786862404.088 [OBSTACLES] cur_s=18.82 cur_d=-0.06 vs=0.00 n=0 [none]
1786862404.667 [OBSTACLES] cur_s=18.82 cur_d=-0.06 vs=0.00 n=0 [none]
1786862405.252 [OBSTACLES] cur_s=18.83 cur_d=-0.06 vs=0.00 n=0 [none]
1786862405.777 [OBSTACLES] cur_s=18.82 cur_d=-0.06 vs=0.00 n=0 [none]
1786862406.297 [OBSTACLES] cur_s=18.82 cur_d=-0.06 vs=0.00 n=0 [none]
1786862406.826 [OBSTACLES] cur_s=18.82 cur_d=-0.06 vs=0.00 n=0 [none]
1786862407.462 [OBSTACLES] cur_s=18.82 cur_d=-0.06 vs=0.00 n=0 [none]
1786862408.076 [OBSTACLES] cur_s=18.82 cur_d=-0.06 vs=0.00 n=0 [none]
1786862408.595 [OBSTACLES] cur_s=18.86 cur_d=-0.06 vs=0.00 n=0 [none]
1786862409.165 [OBSTACLES] cur_s=18.86 cur_d=-0.06 vs=0.00 n=0 [none]
1786862409.726 [OBSTACLES] cur_s=18.85 cur_d=-0.06 vs=0.00 n=0 [none]
1786862410.232 [OBSTACLES] cur_s=18.84 cur_d=-0.06 vs=0.00 n=0 [none]
1786862410.759 [OBSTACLES] cur_s=18.82 cur_d=-0.06 vs=0.00 n=0 [none]
1786862410.856 [STATE_CHANGE] OVERTAKE -> LOSTLINE src=GB_TRACK s=18.82 d=-0.06 vs=0.00
1786862410.910 [STATE_CHANGE] LOSTLINE -> GB_TRACK src=GB_TRACK s=18.82 d=-0.06 vs=0.00
1786862411.348 [OBSTACLES] cur_s=18.82 cur_d=-0.06 vs=0.00 n=0 [none]
1786862411.854 [OBSTACLES] cur_s=18.82 cur_d=-0.07 vs=0.00 n=0 [none]
1786862411.928 [STATIC_OT] state=GB_TRACK path_exists=0 path_locked=0 path_ttl_ok=0 path_safe=0 on_spline=0 speed=0.00 raw_wpnts=0 raw_age=-s decision=TRAILING reason=NO_STATIC_PATH
1786862411.930 [STATE_CHANGE] GB_TRACK -> TRAILING src=GB_TRACK s=18.82 d=-0.07 vs=0.00
1786862412.158 [STATIC_OT] state=TRAILING path_exists=1 path_locked=0 path_ttl_ok=1 path_safe=1 on_spline=1 speed=0.00 raw_wpnts=85 raw_age=0.44s decision=OVERTAKE
1786862412.160 [STATE_CHANGE] TRAILING -> OVERTAKE src=OVERTAKE s=18.82 d=-0.06 vs=0.00
1786862412.252 [STATE_CHANGE] OVERTAKE -> TRAILING src=GB_TRACK s=18.82 d=-0.06 vs=0.00
1786862412.312 [STATE_CHANGE] TRAILING -> OVERTAKE src=OVERTAKE s=18.82 d=-0.06 vs=0.00
1786862412.414 [OBSTACLES] cur_s=18.82 cur_d=-0.06 vs=0.00 n=1 [id=49 static=1 gap=2.69m d=0.06 size=0.42]
1786862412.427 [STATIC_OT] state=OVERTAKE path_exists=1 path_locked=1 path_ttl_ok=1 path_safe=0 on_spline=1 speed=0.00 raw_wpnts=85 raw_age=0.42s decision=TRAILING reason=PATH_BLOCKED blocked_obs_id=49 gap=2.9m free_dist=-0.03m branch=static/geom
1786862412.437 [STATE_CHANGE] OVERTAKE -> TRAILING src=GB_TRACK s=18.82 d=-0.06 vs=0.00
1786862412.699 [STATIC_OT] state=TRAILING path_exists=1 path_locked=0 path_ttl_ok=1 path_safe=0 on_spline=1 speed=0.00 raw_wpnts=85 raw_age=0.52s decision=TRAILING reason=PATH_BLOCKED blocked_obs_id=50 gap=2.83m free_dist=0.05m branch=static/geom
1786862412.981 [OBSTACLES] cur_s=18.84 cur_d=-0.06 vs=0.00 n=2 [id=49 static=1 gap=2.79m d=0.11 size=0.17; id=50 static=1 gap=2.70m d=0.73 size=0.26]
1786862413.005 [STATIC_OT] state=TRAILING path_exists=1 path_locked=0 path_ttl_ok=1 path_safe=0 on_spline=1 speed=0.00 raw_wpnts=85 raw_age=0.66s decision=TRAILING reason=PATH_BLOCKED blocked_obs_id=50 gap=2.83m free_dist=0.039m branch=static/geom
1786862413.270 [STATIC_OT] state=TRAILING path_exists=1 path_locked=0 path_ttl_ok=1 path_safe=0 on_spline=1 speed=0.00 raw_wpnts=84 raw_age=0.55s decision=TRAILING reason=PATH_BLOCKED blocked_obs_id=50 gap=2.84m free_dist=-0.012m branch=static/geom
1786862413.505 [OBSTACLES] cur_s=18.82 cur_d=-0.06 vs=0.00 n=1 [id=50 static=1 gap=2.70m d=0.76 size=0.30]
1786862413.512 [STATIC_OT] state=TRAILING path_exists=1 path_locked=0 path_ttl_ok=1 path_safe=0 on_spline=1 speed=0.00 raw_wpnts=90 raw_age=0.59s decision=TRAILING reason=PATH_BLOCKED blocked_obs_id=50 gap=2.85m free_dist=-0.03m branch=static/geom
1786862413.696 [STATE_CHANGE] TRAILING -> LOSTLINE src=GB_TRACK s=18.82 d=-0.06 vs=0.00
1786862413.835 [STATE_CHANGE] LOSTLINE -> GB_TRACK src=GB_TRACK s=18.82 d=-0.06 vs=0.00
1786862414.043 [OBSTACLES] cur_s=18.82 cur_d=-0.06 vs=0.00 n=0 [none]
1786862414.552 [OBSTACLES] cur_s=18.83 cur_d=-0.06 vs=0.00 n=0 [none]
1786862415.089 [OBSTACLES] cur_s=18.83 cur_d=-0.06 vs=0.00 n=0 [none]
1786862415.623 [OBSTACLES] cur_s=18.84 cur_d=-0.06 vs=0.00 n=0 [none]
1786862416.144 [OBSTACLES] cur_s=18.83 cur_d=-0.06 vs=0.00 n=0 [none]
1786862416.664 [OBSTACLES] cur_s=18.84 cur_d=-0.06 vs=0.00 n=0 [none]
1786862417.184 [OBSTACLES] cur_s=18.82 cur_d=-0.06 vs=0.00 n=0 [none]
1786862417.716 [OBSTACLES] cur_s=18.82 cur_d=-0.06 vs=0.00 n=0 [none]
1786862418.235 [OBSTACLES] cur_s=18.82 cur_d=-0.06 vs=0.00 n=0 [none]
1786862418.736 [OBSTACLES] cur_s=18.82 cur_d=-0.06 vs=0.00 n=0 [none]
1786862419.254 [OBSTACLES] cur_s=18.82 cur_d=-0.06 vs=0.00 n=0 [none]
1786862419.784 [OBSTACLES] cur_s=18.82 cur_d=-0.06 vs=0.00 n=0 [none]
1786862420.299 [OBSTACLES] cur_s=18.82 cur_d=-0.06 vs=0.00 n=0 [none]
1786862420.924 [OBSTACLES] cur_s=18.82 cur_d=-0.06 vs=0.00 n=0 [none]
1786862421.489 [OBSTACLES] cur_s=18.82 cur_d=-0.06 vs=0.00 n=0 [none]
1786862422.051 [OBSTACLES] cur_s=18.82 cur_d=-0.06 vs=0.00 n=0 [none]
1786862422.567 [OBSTACLES] cur_s=18.82 cur_d=-0.06 vs=0.00 n=0 [none]
1786862423.130 [OBSTACLES] cur_s=18.83 cur_d=-0.06 vs=0.00 n=0 [none]
1786862423.687 [OBSTACLES] cur_s=18.82 cur_d=-0.06 vs=0.00 n=0 [none]
1786862424.270 [OBSTACLES] cur_s=18.82 cur_d=-0.06 vs=0.00 n=0 [none]
1786862424.975 [OBSTACLES] cur_s=18.82 cur_d=-0.06 vs=0.00 n=0 [none]
1786862425.491 [OBSTACLES] cur_s=18.82 cur_d=-0.06 vs=0.00 n=0 [none]
1786862426.028 [OBSTACLES] cur_s=18.82 cur_d=-0.06 vs=0.00 n=0 [none]
1786862426.575 [OBSTACLES] cur_s=18.82 cur_d=-0.06 vs=0.00 n=0 [none]
1786862427.135 [OBSTACLES] cur_s=18.83 cur_d=-0.06 vs=0.00 n=0 [none]
1786862427.661 [OBSTACLES] cur_s=18.82 cur_d=-0.06 vs=0.00 n=0 [none]
1786862428.208 [OBSTACLES] cur_s=18.82 cur_d=-0.06 vs=0.00 n=0 [none]
1786862428.777 [OBSTACLES] cur_s=18.82 cur_d=-0.06 vs=0.00 n=0 [none]
1786862429.323 [OBSTACLES] cur_s=18.83 cur_d=-0.06 vs=0.00 n=0 [none]
1786862429.831 [OBSTACLES] cur_s=18.82 cur_d=-0.06 vs=0.00 n=0 [none]
1786862430.374 [OBSTACLES] cur_s=18.82 cur_d=-0.06 vs=0.00 n=0 [none]
1786862430.933 [OBSTACLES] cur_s=18.83 cur_d=-0.06 vs=0.00 n=0 [none]
1786862431.469 [OBSTACLES] cur_s=18.82 cur_d=-0.06 vs=0.00 n=0 [none]
1786862431.974 [OBSTACLES] cur_s=18.82 cur_d=-0.06 vs=0.00 n=0 [none]
1786862432.492 [OBSTACLES] cur_s=18.82 cur_d=-0.06 vs=0.00 n=0 [none]
1786862432.998 [OBSTACLES] cur_s=18.82 cur_d=-0.06 vs=0.00 n=0 [none]
1786862433.505 [OBSTACLES] cur_s=18.82 cur_d=-0.06 vs=0.00 n=0 [none]
1786862434.006 [OBSTACLES] cur_s=18.82 cur_d=-0.06 vs=0.00 n=0 [none]
1786862434.519 [OBSTACLES] cur_s=18.82 cur_d=-0.06 vs=0.00 n=0 [none]
1786862435.059 [OBSTACLES] cur_s=18.82 cur_d=-0.06 vs=0.00 n=0 [none]
1786862435.567 [OBSTACLES] cur_s=18.83 cur_d=-0.06 vs=0.00 n=0 [none]
1786862436.166 [OBSTACLES] cur_s=18.82 cur_d=-0.06 vs=0.00 n=0 [none]
1786862436.731 [OBSTACLES] cur_s=18.83 cur_d=-0.06 vs=0.00 n=0 [none]
1786862437.249 [OBSTACLES] cur_s=18.84 cur_d=-0.06 vs=0.00 n=0 [none]
1786862437.533 [STATIC_OT] state=GB_TRACK path_exists=0 path_locked=0 path_ttl_ok=0 path_safe=0 on_spline=0 speed=0.00 raw_wpnts=0 raw_age=-s decision=TRAILING reason=NO_STATIC_PATH
1786862437.539 [STATE_CHANGE] GB_TRACK -> TRAILING src=GB_TRACK s=18.86 d=-0.06 vs=0.00
1786862437.773 [OBSTACLES] cur_s=18.87 cur_d=-0.06 vs=0.00 n=1 [id=52 static=0 gap=3.03m d=0.16 size=0.23]
1786862437.787 [STATIC_OT] state=TRAILING path_exists=0 path_locked=0 path_ttl_ok=0 path_safe=0 on_spline=0 speed=0.00 raw_wpnts=0 raw_age=-s decision=TRAILING reason=NO_STATIC_PATH
1786862437.942 [STATE_CHANGE] TRAILING -> LOSTLINE src=GB_TRACK s=18.86 d=-0.06 vs=0.00
1786862438.028 [STATE_CHANGE] LOSTLINE -> GB_TRACK src=GB_TRACK s=18.86 d=-0.06 vs=0.00
1786862438.238 [STATIC_OT] state=GB_TRACK path_exists=0 path_locked=0 path_ttl_ok=0 path_safe=0 on_spline=0 speed=0.00 raw_wpnts=0 raw_age=-s decision=TRAILING reason=NO_STATIC_PATH
1786862438.239 [STATE_CHANGE] GB_TRACK -> TRAILING src=GB_TRACK s=18.84 d=-0.06 vs=0.00
1786862438.293 [OBSTACLES] cur_s=18.85 cur_d=-0.06 vs=0.00 n=1 [id=52 static=0 gap=2.78m d=-0.29 size=0.21]
1786862438.458 [STATIC_OT] state=TRAILING path_exists=0 path_locked=0 path_ttl_ok=0 path_safe=0 on_spline=0 speed=0.00 raw_wpnts=0 raw_age=-s decision=TRAILING reason=NO_STATIC_PATH
1786862438.705 [STATE_CHANGE] TRAILING -> LOSTLINE src=GB_TRACK s=18.85 d=-0.06 vs=0.00
1786862438.790 [STATE_CHANGE] LOSTLINE -> GB_TRACK src=GB_TRACK s=18.84 d=-0.06 vs=0.00
1786862438.878 [OBSTACLES] cur_s=18.83 cur_d=-0.06 vs=0.00 n=0 [none]
1786862439.392 [OBSTACLES] cur_s=18.82 cur_d=-0.06 vs=0.00 n=0 [none]
1786862439.956 [OBSTACLES] cur_s=18.83 cur_d=-0.06 vs=0.00 n=0 [none]
1786862440.486 [OBSTACLES] cur_s=18.83 cur_d=-0.06 vs=0.00 n=0 [none]
1786862441.033 [OBSTACLES] cur_s=18.82 cur_d=-0.06 vs=0.00 n=0 [none]
