# state_machine debug log started 20260816_172819  map='0815test3'
1786868907.969 [OBSTACLES] cur_s=4.64 cur_d=0.41 vs=0.00 n=0 [none]
1786868907.969 [STATE_CHANGE] None -> LOSTLINE src=GB_TRACK s=4.64 d=0.41 vs=0.00
1786868908.499 [OBSTACLES] cur_s=4.64 cur_d=0.41 vs=0.00 n=0 [none]
1786868909.003 [OBSTACLES] cur_s=4.64 cur_d=0.41 vs=0.00 n=0 [none]
1786868909.444 [STATE_CHANGE] LOSTLINE -> RECOVERY src=RECOVERY s=4.65 d=0.41 vs=0.00
1786868909.522 [OBSTACLES] cur_s=4.64 cur_d=0.41 vs=0.00 n=0 [none]
1786868910.025 [OBSTACLES] cur_s=4.65 cur_d=0.41 vs=0.00 n=0 [none]
1786868910.567 [OBSTACLES] cur_s=4.65 cur_d=0.41 vs=0.00 n=0 [none]
1786868911.086 [OBSTACLES] cur_s=4.65 cur_d=0.41 vs=0.00 n=0 [none]
1786868911.599 [OBSTACLES] cur_s=4.65 cur_d=0.41 vs=0.00 n=0 [none]
1786868912.107 [OBSTACLES] cur_s=4.65 cur_d=0.41 vs=0.00 n=0 [none]
1786868912.639 [OBSTACLES] cur_s=4.64 cur_d=0.41 vs=0.00 n=0 [none]
1786868913.163 [OBSTACLES] cur_s=4.65 cur_d=0.41 vs=0.00 n=0 [none]
1786868913.676 [OBSTACLES] cur_s=4.64 cur_d=0.41 vs=0.00 n=0 [none]
1786868914.177 [OBSTACLES] cur_s=4.65 cur_d=0.41 vs=0.00 n=0 [none]
1786868914.691 [OBSTACLES] cur_s=4.65 cur_d=0.41 vs=0.00 n=0 [none]
1786868915.235 [OBSTACLES] cur_s=4.65 cur_d=0.41 vs=0.00 n=0 [none]
1786868915.770 [OBSTACLES] cur_s=4.65 cur_d=0.41 vs=0.00 n=0 [none]
1786868916.319 [OBSTACLES] cur_s=4.65 cur_d=0.41 vs=0.00 n=0 [none]
1786868916.843 [OBSTACLES] cur_s=4.65 cur_d=0.41 vs=0.00 n=0 [none]
1786868917.382 [OBSTACLES] cur_s=4.65 cur_d=0.41 vs=0.00 n=0 [none]
1786868917.884 [OBSTACLES] cur_s=4.65 cur_d=0.41 vs=0.00 n=0 [none]
1786868918.402 [OBSTACLES] cur_s=4.64 cur_d=0.41 vs=0.00 n=0 [none]
1786868918.942 [OBSTACLES] cur_s=4.64 cur_d=0.41 vs=0.00 n=0 [none]
1786868919.375 [STATE_CHANGE] RECOVERY -> LOSTLINE src=GB_TRACK s=4.64 d=0.41 vs=0.00
1786868919.452 [OBSTACLES] cur_s=4.64 cur_d=0.41 vs=0.00 n=0 [none]
1786868919.453 [STATE_CHANGE] LOSTLINE -> RECOVERY src=RECOVERY s=4.64 d=0.41 vs=0.00
1786868919.982 [OBSTACLES] cur_s=4.65 cur_d=0.41 vs=0.00 n=0 [none]
1786868920.505 [OBSTACLES] cur_s=4.65 cur_d=0.41 vs=0.00 n=0 [none]
1786868921.160 [OBSTACLES] cur_s=4.64 cur_d=0.41 vs=0.00 n=0 [none]
1786868921.684 [OBSTACLES] cur_s=4.64 cur_d=0.41 vs=0.00 n=0 [none]
1786868922.200 [OBSTACLES] cur_s=4.65 cur_d=0.41 vs=0.00 n=0 [none]
1786868922.754 [OBSTACLES] cur_s=4.65 cur_d=0.41 vs=0.00 n=0 [none]
1786868923.337 [OBSTACLES] cur_s=4.64 cur_d=0.41 vs=0.00 n=0 [none]
1786868923.853 [OBSTACLES] cur_s=4.64 cur_d=0.41 vs=0.00 n=0 [none]
1786868924.367 [OBSTACLES] cur_s=4.64 cur_d=0.41 vs=0.00 n=0 [none]
1786868924.934 [OBSTACLES] cur_s=4.64 cur_d=0.41 vs=0.00 n=0 [none]
1786868925.456 [OBSTACLES] cur_s=4.64 cur_d=0.41 vs=0.00 n=0 [none]
1786868925.964 [OBSTACLES] cur_s=4.65 cur_d=0.41 vs=0.00 n=0 [none]
1786868926.466 [OBSTACLES] cur_s=4.65 cur_d=0.41 vs=0.00 n=0 [none]
1786868926.980 [OBSTACLES] cur_s=4.64 cur_d=0.41 vs=0.00 n=0 [none]
1786868927.489 [OBSTACLES] cur_s=4.65 cur_d=0.41 vs=0.00 n=0 [none]
1786868928.016 [OBSTACLES] cur_s=4.65 cur_d=0.41 vs=0.00 n=0 [none]
1786868928.565 [OBSTACLES] cur_s=4.64 cur_d=0.41 vs=0.00 n=0 [none]
1786868929.085 [OBSTACLES] cur_s=4.65 cur_d=0.41 vs=0.00 n=0 [none]
1786868929.422 [STATE_CHANGE] RECOVERY -> LOSTLINE src=GB_TRACK s=4.65 d=0.41 vs=0.00
1786868929.610 [OBSTACLES] cur_s=4.65 cur_d=0.41 vs=0.00 n=0 [none]
1786868929.847 [STATE_CHANGE] LOSTLINE -> RECOVERY src=RECOVERY s=4.65 d=0.41 vs=0.00
1786868930.143 [OBSTACLES] cur_s=4.65 cur_d=0.41 vs=0.00 n=0 [none]
