# state_machine debug log started 20260816_154615  map='0815test3'
1786862784.051 [OBSTACLES] cur_s=16.14 cur_d=-1.39 vs=0.00 n=0 [none]
1786862784.056 [STATE_CHANGE] None -> LOSTLINE src=GB_TRACK s=16.14 d=-1.39 vs=0.00
1786862784.522 [STATE_CHANGE] LOSTLINE -> RECOVERY src=RECOVERY s=16.14 d=-1.39 vs=0.00
1786862784.569 [OBSTACLES] cur_s=16.14 cur_d=-1.39 vs=0.00 n=0 [none]
1786862785.071 [OBSTACLES] cur_s=16.14 cur_d=-1.39 vs=0.00 n=0 [none]
1786862785.641 [OBSTACLES] cur_s=16.14 cur_d=-1.39 vs=0.00 n=0 [none]
1786862786.157 [OBSTACLES] cur_s=16.17 cur_d=-1.26 vs=0.37 n=0 [none]
1786862786.748 [OBSTACLES] cur_s=16.43 cur_d=-0.80 vs=1.72 n=0 [none]
1786862787.251 [OBSTACLES] cur_s=17.65 cur_d=0.05 vs=3.43 n=0 [none]
1786862787.794 [OBSTACLES] cur_s=20.20 cur_d=0.08 vs=4.73 n=0 [none]
1786862788.413 [OBSTACLES] cur_s=23.08 cur_d=0.11 vs=4.97 n=0 [none]
1786862788.716 [STATE_CHANGE] RECOVERY -> GB_TRACK src=GB_TRACK s=24.62 d=0.05 vs=4.87
1786862788.962 [OBSTACLES] cur_s=25.96 cur_d=-0.04 vs=4.40 n=1 [id=1 static=1 gap=2.93m d=0.21 size=0.19]
1786862788.976 [STATIC_OT] state=GB_TRACK path_exists=0 path_locked=0 path_ttl_ok=0 path_safe=0 on_spline=0 speed=4.40 raw_wpnts=0 raw_age=-s decision=TRAILING reason=NO_STATIC_PATH
1786862788.976 [STATE_CHANGE] GB_TRACK -> TRAILING src=GB_TRACK s=25.96 d=-0.04 vs=4.40
1786862789.251 [STATIC_OT] state=TRAILING path_exists=0 path_locked=0 path_ttl_ok=0 path_safe=0 on_spline=0 speed=3.82 raw_wpnts=0 raw_age=-s decision=TRAILING reason=NO_STATIC_PATH
1786862789.305 [STATIC_OT_TRANSITION] first_valid_path_to_overtake_ms=0.0
1786862789.306 [STATE_CHANGE] TRAILING -> OVERTAKE src=OVERTAKE s=27.19 d=0.05 vs=3.81
1786862789.500 [OBSTACLES] cur_s=27.60 cur_d=0.21 vs=3.32 n=1 [id=1 static=1 gap=1.28m d=0.23 size=0.17]
1786862789.503 [STATIC_OT] state=OVERTAKE path_exists=1 path_locked=1 path_ttl_ok=0 path_safe=0 on_spline=0 speed=3.32 raw_wpnts=0 raw_age=-s decision=TRAILING reason=NO_STATIC_PATH
1786862789.509 [STATE_CHANGE] OVERTAKE -> TRAILING src=RECOVERY s=27.60 d=0.21 vs=3.32
1786862789.565 [STATE_CHANGE] TRAILING -> OVERTAKE src=OVERTAKE s=27.78 d=0.31 vs=3.13
1786862789.715 [STATIC_OT] state=OVERTAKE path_exists=1 path_locked=1 path_ttl_ok=1 path_safe=1 on_spline=0 speed=3.14 raw_wpnts=90 raw_age=0.50s decision=OVERTAKE
1786862789.914 [STATE_CHANGE] OVERTAKE -> LOSTLINE src=GB_TRACK s=28.61 d=0.51 vs=1.15
1786862790.011 [OBSTACLES] cur_s=28.91 cur_d=0.73 vs=1.42 n=0 [none]
1786862790.588 [OBSTACLES] cur_s=28.69 cur_d=0.39 vs=0.00 n=0 [none]
1786862791.090 [OBSTACLES] cur_s=28.66 cur_d=0.37 vs=0.00 n=0 [none]
1786862791.622 [OBSTACLES] cur_s=28.64 cur_d=0.34 vs=0.00 n=0 [none]
1786862792.146 [OBSTACLES] cur_s=28.62 cur_d=0.33 vs=-0.06 n=0 [none]
1786862792.597 [STATE_CHANGE] LOSTLINE -> GB_TRACK src=GB_TRACK s=28.32 d=-0.03 vs=-2.55
1786862792.689 [OBSTACLES] cur_s=28.25 cur_d=-0.11 vs=-2.87 n=0 [none]
1786862792.968 [STATE_CHANGE] GB_TRACK -> LOSTLINE src=GB_TRACK s=27.95 d=-0.31 vs=-2.93
1786862793.052 [STATE_CHANGE] LOSTLINE -> GB_TRACK src=GB_TRACK s=27.99 d=-0.13 vs=-2.48
1786862793.240 [OBSTACLES] cur_s=27.68 cur_d=-0.07 vs=-0.07 n=0 [none]
1786862793.766 [OBSTACLES] cur_s=27.41 cur_d=-0.14 vs=0.00 n=0 [none]
1786862794.309 [OBSTACLES] cur_s=27.42 cur_d=-0.13 vs=0.00 n=0 [none]
1786862794.804 [STATE_CHANGE] GB_TRACK -> LOSTLINE src=GB_TRACK s=27.47 d=-0.31 vs=0.03
1786862794.878 [OBSTACLES] cur_s=27.49 cur_d=-0.38 vs=0.20 n=0 [none]
1786862795.056 [STATE_CHANGE] LOSTLINE -> RECOVERY src=RECOVERY s=27.56 d=-0.55 vs=0.46
1786862795.419 [OBSTACLES] cur_s=27.75 cur_d=-0.67 vs=0.00 n=0 [none]
1786862795.990 [OBSTACLES] cur_s=27.75 cur_d=-0.66 vs=0.00 n=0 [none]
1786862796.493 [OBSTACLES] cur_s=27.75 cur_d=-0.66 vs=0.00 n=0 [none]
1786862797.032 [OBSTACLES] cur_s=27.75 cur_d=-0.66 vs=0.00 n=0 [none]
1786862797.539 [OBSTACLES] cur_s=27.77 cur_d=-0.67 vs=0.00 n=0 [none]
1786862798.108 [OBSTACLES] cur_s=27.79 cur_d=-0.68 vs=0.00 n=0 [none]
1786862798.677 [OBSTACLES] cur_s=27.79 cur_d=-0.68 vs=-0.07 n=0 [none]
1786862799.194 [OBSTACLES] cur_s=27.62 cur_d=-0.41 vs=-0.87 n=0 [none]
1786862799.697 [OBSTACLES] cur_s=27.21 cur_d=-0.23 vs=-0.86 n=0 [none]
1786862800.255 [OBSTACLES] cur_s=27.12 cur_d=-0.46 vs=-0.15 n=0 [none]
1786862800.767 [OBSTACLES] cur_s=27.04 cur_d=-0.45 vs=0.00 n=0 [none]
1786862800.789 [STATE_CHANGE] RECOVERY -> LOSTLINE src=GB_TRACK s=27.03 d=-0.44 vs=0.00
1786862801.070 [STATE_CHANGE] LOSTLINE -> RECOVERY src=RECOVERY s=26.93 d=-0.39 vs=0.39
1786862801.287 [OBSTACLES] cur_s=26.97 cur_d=-0.33 vs=0.79 n=0 [none]
1786862801.379 [STATE_CHANGE] RECOVERY -> LOSTLINE src=GB_TRACK s=26.52 d=-0.18 vs=1.10
1786862801.422 [STATE_CHANGE] LOSTLINE -> GB_TRACK src=GB_TRACK s=26.41 d=-0.15 vs=1.16
1786862801.828 [OBSTACLES] cur_s=26.65 cur_d=-0.15 vs=0.46 n=0 [none]
1786862802.343 [OBSTACLES] cur_s=26.69 cur_d=-0.23 vs=0.00 n=0 [none]
1786862802.868 [OBSTACLES] cur_s=26.69 cur_d=-0.22 vs=0.00 n=0 [none]
1786862803.425 [OBSTACLES] cur_s=26.68 cur_d=-0.23 vs=0.00 n=0 [none]
1786862803.935 [OBSTACLES] cur_s=26.67 cur_d=-0.22 vs=0.00 n=0 [none]
1786862804.495 [OBSTACLES] cur_s=26.66 cur_d=-0.22 vs=0.00 n=0 [none]
1786862805.016 [OBSTACLES] cur_s=26.63 cur_d=-0.22 vs=0.00 n=0 [none]
1786862805.111 [STATE_CHANGE] GB_TRACK -> LOSTLINE src=GB_TRACK s=27.88 d=-0.44 vs=0.00
1786862805.526 [OBSTACLES] cur_s=27.59 cur_d=-0.60 vs=0.00 n=0 [none]
1786862806.098 [OBSTACLES] cur_s=27.60 cur_d=-0.59 vs=0.00 n=0 [none]
1786862806.479 [STATE_CHANGE] LOSTLINE -> RECOVERY src=RECOVERY s=27.60 d=-0.58 vs=0.00
1786862806.700 [OBSTACLES] cur_s=27.57 cur_d=-0.57 vs=-0.47 n=0 [none]
1786862807.037 [STATE_CHANGE] RECOVERY -> LOSTLINE src=GB_TRACK s=27.20 d=-0.35 vs=-1.83
1786862807.213 [OBSTACLES] cur_s=26.89 cur_d=-0.20 vs=-1.76 n=0 [none]
1786862807.214 [STATE_CHANGE] LOSTLINE -> GB_TRACK src=GB_TRACK s=26.89 d=-0.20 vs=-1.76
1786862807.787 [OBSTACLES] cur_s=25.94 cur_d=0.11 vs=-1.98 n=0 [none]
1786862808.210 [STATE_CHANGE] GB_TRACK -> LOSTLINE src=GB_TRACK s=25.05 d=0.29 vs=-2.08
1786862808.350 [OBSTACLES] cur_s=24.71 cur_d=0.34 vs=-2.09 n=0 [none]
1786862808.790 [STATE_CHANGE] LOSTLINE -> GB_TRACK src=GB_TRACK s=23.84 d=0.28 vs=-2.11
1786862808.887 [OBSTACLES] cur_s=23.64 cur_d=0.26 vs=-2.11 n=0 [none]
1786862808.974 [STATE_CHANGE] GB_TRACK -> LOSTLINE src=GB_TRACK s=23.52 d=0.30 vs=-2.11
1786862809.104 [STATE_CHANGE] LOSTLINE -> RECOVERY src=RECOVERY s=23.21 d=0.32 vs=-2.11
1786862809.453 [OBSTACLES] cur_s=23.41 cur_d=0.21 vs=-2.11 n=0 [none]
1786862809.571 [STATE_CHANGE] RECOVERY -> LOSTLINE src=GB_TRACK s=23.17 d=0.19 vs=-2.11
1786862809.698 [STATE_CHANGE] LOSTLINE -> GB_TRACK src=GB_TRACK s=22.74 d=0.17 vs=-2.11
1786862810.005 [OBSTACLES] cur_s=22.27 cur_d=0.16 vs=-2.12 n=1 [id=2 static=1 gap=6.95m d=0.20 size=0.17]
1786862810.010 [STATIC_OT] state=GB_TRACK path_exists=0 path_locked=0 path_ttl_ok=0 path_safe=0 on_spline=0 speed=-2.12 raw_wpnts=0 raw_age=-s decision=TRAILING reason=NO_STATIC_PATH
1786862810.010 [STATE_CHANGE] GB_TRACK -> TRAILING src=GB_TRACK s=22.27 d=0.16 vs=-2.12
1786862810.281 [STATIC_OT] state=TRAILING path_exists=0 path_locked=0 path_ttl_ok=0 path_safe=0 on_spline=0 speed=-2.19 raw_wpnts=0 raw_age=-s decision=TRAILING reason=NO_STATIC_PATH
1786862810.498 [STATIC_OT] state=TRAILING path_exists=0 path_locked=0 path_ttl_ok=0 path_safe=0 on_spline=0 speed=-2.20 raw_wpnts=0 raw_age=-s decision=TRAILING reason=NO_STATIC_PATH
1786862810.557 [OBSTACLES] cur_s=20.80 cur_d=0.12 vs=-2.20 n=1 [id=2 static=1 gap=8.34m d=0.17 size=0.37]
1786862810.890 [STATE_CHANGE] TRAILING -> LOSTLINE src=GB_TRACK s=20.17 d=0.13 vs=-2.21
1786862810.965 [STATE_CHANGE] LOSTLINE -> GB_TRACK src=GB_TRACK s=19.93 d=0.12 vs=-2.21
1786862811.153 [OBSTACLES] cur_s=19.51 cur_d=0.10 vs=-2.26 n=0 [none]
1786862811.751 [OBSTACLES] cur_s=18.46 cur_d=0.02 vs=-2.23 n=0 [none]
1786862812.316 [OBSTACLES] cur_s=17.53 cur_d=-0.33 vs=-1.02 n=0 [none]
1786862812.319 [STATE_CHANGE] GB_TRACK -> LOSTLINE src=GB_TRACK s=17.53 d=-0.33 vs=-1.02
1786862812.863 [OBSTACLES] cur_s=17.23 cur_d=-0.52 vs=-0.79 n=0 [none]
1786862813.365 [OBSTACLES] cur_s=17.12 cur_d=-0.54 vs=-0.06 n=0 [none]
1786862813.912 [OBSTACLES] cur_s=17.24 cur_d=-0.47 vs=0.00 n=0 [none]
1786862814.416 [OBSTACLES] cur_s=17.23 cur_d=-0.47 vs=0.00 n=0 [none]
1786862814.921 [OBSTACLES] cur_s=17.23 cur_d=-0.47 vs=0.00 n=0 [none]
1786862815.426 [OBSTACLES] cur_s=17.23 cur_d=-0.47 vs=0.00 n=0 [none]
1786862815.909 [STATE_CHANGE] LOSTLINE -> RECOVERY src=RECOVERY s=17.23 d=-0.47 vs=0.00
1786862815.955 [OBSTACLES] cur_s=17.23 cur_d=-0.47 vs=0.00 n=0 [none]
1786862816.603 [OBSTACLES] cur_s=17.23 cur_d=-0.47 vs=0.00 n=0 [none]
1786862817.038 [STATE_CHANGE] RECOVERY -> LOSTLINE src=GB_TRACK s=16.68 d=-1.13 vs=0.00
1786862817.170 [OBSTACLES] cur_s=16.74 cur_d=-1.11 vs=0.00 n=0 [none]
1786862817.422 [STATE_CHANGE] LOSTLINE -> RECOVERY src=RECOVERY s=16.75 d=-1.11 vs=0.00
1786862817.727 [OBSTACLES] cur_s=16.76 cur_d=-1.11 vs=0.00 n=0 [none]
1786862818.264 [OBSTACLES] cur_s=16.76 cur_d=-1.11 vs=0.00 n=0 [none]
1786862818.808 [OBSTACLES] cur_s=16.76 cur_d=-1.11 vs=0.00 n=0 [none]
1786862819.323 [OBSTACLES] cur_s=16.77 cur_d=-1.10 vs=0.16 n=0 [none]
1786862819.929 [OBSTACLES] cur_s=17.08 cur_d=-0.66 vs=1.45 n=0 [none]
1786862820.662 [OBSTACLES] cur_s=18.83 cur_d=-0.01 vs=3.38 n=0 [none]
1786862820.663 [STATE_CHANGE] RECOVERY -> GB_TRACK src=GB_TRACK s=18.83 d=-0.01 vs=3.38
1786862821.226 [OBSTACLES] cur_s=21.03 cur_d=-0.06 vs=4.89 n=0 [none]
1786862821.771 [OBSTACLES] cur_s=23.85 cur_d=0.14 vs=4.95 n=0 [none]
1786862822.294 [OBSTACLES] cur_s=25.93 cur_d=0.18 vs=4.21 n=0 [none]
1786862822.406 [STATE_CHANGE] GB_TRACK -> RECOVERY src=RECOVERY s=26.40 d=0.31 vs=3.96
1786862822.852 [OBSTACLES] cur_s=28.08 cur_d=0.31 vs=3.44 n=0 [none]
1786862823.125 [STATE_CHANGE] RECOVERY -> GB_TRACK src=GB_TRACK s=28.93 d=0.02 vs=2.97
1786862823.371 [OBSTACLES] cur_s=29.70 cur_d=-0.05 vs=3.14 n=0 [none]
1786862823.876 [OBSTACLES] cur_s=31.09 cur_d=-0.17 vs=3.49 n=0 [none]
1786862824.448 [OBSTACLES] cur_s=33.00 cur_d=0.24 vs=3.11 n=0 [none]
1786862824.571 [STATE_CHANGE] GB_TRACK -> LOSTLINE src=GB_TRACK s=33.40 d=0.32 vs=3.14
1786862825.004 [OBSTACLES] cur_s=1.17 cur_d=0.24 vs=3.57 n=0 [none]
1786862825.008 [STATE_CHANGE] LOSTLINE -> GB_TRACK src=GB_TRACK s=1.17 d=0.24 vs=3.57
1786862825.115 [STATIC_OT] state=GB_TRACK path_exists=0 path_locked=0 path_ttl_ok=0 path_safe=0 on_spline=0 speed=3.84 raw_wpnts=0 raw_age=-s decision=TRAILING reason=NO_STATIC_PATH
1786862825.119 [STATE_CHANGE] GB_TRACK -> TRAILING src=GB_TRACK s=1.55 d=0.19 vs=3.84
1786862825.329 [STATIC_OT] state=TRAILING path_exists=0 path_locked=0 path_ttl_ok=0 path_safe=0 on_spline=0 speed=4.57 raw_wpnts=0 raw_age=-s decision=TRAILING reason=NO_STATIC_PATH
1786862825.518 [OBSTACLES] cur_s=2.92 cur_d=0.21 vs=4.74 n=1 [id=4 static=1 gap=10.97m d=0.19 size=0.17]
1786862825.602 [STATIC_OT] state=TRAILING path_exists=0 path_locked=0 path_ttl_ok=0 path_safe=0 on_spline=0 speed=4.82 raw_wpnts=0 raw_age=-s decision=TRAILING reason=NO_STATIC_PATH
1786862825.644 [STATE_CHANGE] TRAILING -> RECOVERY src=RECOVERY s=3.70 d=0.25 vs=4.86
1786862826.080 [OBSTACLES] cur_s=5.36 cur_d=0.02 vs=4.80 n=0 [none]
1786862826.081 [STATE_CHANGE] RECOVERY -> GB_TRACK src=GB_TRACK s=5.36 d=0.02 vs=4.80
1786862826.631 [OBSTACLES] cur_s=7.69 cur_d=-0.23 vs=4.67 n=0 [none]
1786862827.140 [OBSTACLES] cur_s=9.70 cur_d=0.22 vs=3.44 n=0 [none]
1786862827.666 [OBSTACLES] cur_s=11.20 cur_d=-0.11 vs=2.13 n=0 [none]
1786862828.223 [OBSTACLES] cur_s=12.44 cur_d=-0.09 vs=2.70 n=0 [none]
1786862828.783 [OBSTACLES] cur_s=13.68 cur_d=0.11 vs=3.50 n=0 [none]
1786862828.967 [STATE_CHANGE] GB_TRACK -> RECOVERY src=RECOVERY s=14.47 d=0.29 vs=3.33
1786862829.290 [OBSTACLES] cur_s=15.56 cur_d=0.20 vs=2.04 n=0 [none]
1786862829.408 [STATE_CHANGE] RECOVERY -> GB_TRACK src=GB_TRACK s=15.72 d=0.04 vs=1.68
1786862829.671 [STATE_CHANGE] GB_TRACK -> RECOVERY src=RECOVERY s=16.12 d=-0.30 vs=1.49
1786862829.869 [OBSTACLES] cur_s=16.38 cur_d=-0.37 vs=1.79 n=0 [none]
1786862830.447 [OBSTACLES] cur_s=17.36 cur_d=-0.32 vs=2.49 n=0 [none]
1786862830.665 [STATE_CHANGE] RECOVERY -> GB_TRACK src=GB_TRACK s=17.71 d=-0.01 vs=2.57
1786862830.945 [STATE_CHANGE] GB_TRACK -> LOSTLINE src=GB_TRACK s=18.73 d=0.33 vs=3.33
1786862830.997 [OBSTACLES] cur_s=18.84 cur_d=0.31 vs=3.42 n=0 [none]
1786862831.052 [STATE_CHANGE] LOSTLINE -> GB_TRACK src=GB_TRACK s=19.11 d=0.24 vs=3.65
1786862831.529 [OBSTACLES] cur_s=20.95 cur_d=-0.27 vs=4.78 n=0 [none]
1786862831.580 [STATE_CHANGE] GB_TRACK -> LOSTLINE src=GB_TRACK s=21.36 d=-0.33 vs=4.86
1786862831.944 [STATE_CHANGE] LOSTLINE -> GB_TRACK src=GB_TRACK s=22.78 d=-0.28 vs=4.81
1786862832.092 [OBSTACLES] cur_s=23.90 cur_d=-0.03 vs=4.75 n=0 [none]
1786862832.357 [STATIC_OT] state=GB_TRACK path_exists=0 path_locked=0 path_ttl_ok=0 path_safe=0 on_spline=0 speed=4.55 raw_wpnts=0 raw_age=-s decision=TRAILING reason=NO_STATIC_PATH
1786862832.357 [STATE_CHANGE] GB_TRACK -> TRAILING src=GB_TRACK s=25.26 d=0.22 vs=4.55
1786862832.575 [STATIC_OT] state=TRAILING path_exists=0 path_locked=0 path_ttl_ok=0 path_safe=0 on_spline=0 speed=4.20 raw_wpnts=0 raw_age=-s decision=TRAILING reason=NO_STATIC_PATH
1786862832.683 [OBSTACLES] cur_s=26.68 cur_d=0.20 vs=4.06 n=1 [id=5 static=1 gap=2.49m d=0.20 size=0.15]
1786862832.788 [STATIC_OT] state=TRAILING path_exists=0 path_locked=0 path_ttl_ok=0 path_safe=0 on_spline=0 speed=3.93 raw_wpnts=0 raw_age=-s decision=TRAILING reason=NO_STATIC_PATH
1786862833.098 [STATIC_OT] state=TRAILING path_exists=1 path_locked=0 path_ttl_ok=1 path_safe=1 on_spline=1 speed=2.79 raw_wpnts=121 raw_age=0.87s decision=OVERTAKE
1786862833.102 [STATE_CHANGE] TRAILING -> OVERTAKE src=OVERTAKE s=27.59 d=0.23 vs=2.79
1786862833.210 [OBSTACLES] cur_s=27.81 cur_d=0.31 vs=2.64 n=1 [id=5 static=1 gap=1.31m d=0.21 size=0.18]
1786862833.278 [STATE_CHANGE] OVERTAKE -> TRAILING src=GB_TRACK s=28.02 d=0.38 vs=2.42
1786862833.364 [STATIC_OT] state=TRAILING path_exists=0 path_locked=0 path_ttl_ok=0 path_safe=0 on_spline=0 speed=2.37 raw_wpnts=0 raw_age=-s decision=TRAILING reason=NO_STATIC_PATH
1786862833.521 [STATE_CHANGE] TRAILING -> LOSTLINE src=GB_TRACK s=28.73 d=0.57 vs=1.32
1786862833.713 [OBSTACLES] cur_s=28.88 cur_d=0.56 vs=0.39 n=0 [none]
1786862834.263 [OBSTACLES] cur_s=29.00 cur_d=0.55 vs=0.00 n=0 [none]
1786862834.829 [OBSTACLES] cur_s=29.00 cur_d=0.55 vs=0.00 n=0 [none]
1786862835.349 [OBSTACLES] cur_s=29.00 cur_d=0.55 vs=0.00 n=0 [none]
1786862835.864 [OBSTACLES] cur_s=29.00 cur_d=0.55 vs=0.00 n=0 [none]
1786862836.382 [OBSTACLES] cur_s=29.00 cur_d=0.55 vs=0.00 n=0 [none]
1786862836.909 [OBSTACLES] cur_s=29.00 cur_d=0.56 vs=0.00 n=0 [none]
1786862837.498 [OBSTACLES] cur_s=29.01 cur_d=0.56 vs=0.00 n=0 [none]
1786862838.037 [OBSTACLES] cur_s=28.61 cur_d=0.47 vs=-1.61 n=0 [none]
1786862838.246 [STATE_CHANGE] LOSTLINE -> RECOVERY src=RECOVERY s=28.28 d=0.38 vs=-0.95
1786862838.555 [OBSTACLES] cur_s=28.01 cur_d=0.45 vs=-0.42 n=0 [none]
1786862839.093 [OBSTACLES] cur_s=27.97 cur_d=0.50 vs=0.00 n=0 [none]
1786862839.617 [OBSTACLES] cur_s=27.98 cur_d=0.49 vs=0.00 n=0 [none]
1786862840.199 [OBSTACLES] cur_s=27.99 cur_d=0.49 vs=0.00 n=0 [none]
1786862840.796 [OBSTACLES] cur_s=27.98 cur_d=0.50 vs=-0.13 n=0 [none]
1786862840.982 [STATE_CHANGE] RECOVERY -> LOSTLINE src=GB_TRACK s=27.93 d=0.52 vs=-0.60
1786862841.054 [STATE_CHANGE] LOSTLINE -> RECOVERY src=RECOVERY s=27.90 d=0.54 vs=-0.74
1786862841.315 [OBSTACLES] cur_s=27.61 cur_d=0.67 vs=-0.56 n=0 [none]
1786862841.829 [OBSTACLES] cur_s=27.50 cur_d=0.72 vs=-0.05 n=0 [none]
1786862842.224 [STATE_CHANGE] RECOVERY -> LOSTLINE src=GB_TRACK s=27.39 d=0.76 vs=-0.44
1786862842.340 [OBSTACLES] cur_s=27.31 cur_d=0.79 vs=-0.71 n=0 [none]
1786862842.870 [OBSTACLES] cur_s=26.70 cur_d=0.95 vs=-1.15 n=0 [none]
1786862843.398 [OBSTACLES] cur_s=25.42 cur_d=1.10 vs=-2.30 n=0 [none]
1786862843.910 [OBSTACLES] cur_s=24.20 cur_d=1.01 vs=-2.36 n=0 [none]
1786862843.969 [STATE_CHANGE] LOSTLINE -> RECOVERY src=RECOVERY s=24.07 d=0.99 vs=-2.40
1786862843.997 [STATE_CHANGE] RECOVERY -> LOSTLINE src=GB_TRACK s=24.01 d=0.99 vs=-2.39
1786862844.469 [OBSTACLES] cur_s=22.81 cur_d=0.81 vs=-2.45 n=0 [none]
1786862844.563 [STATE_CHANGE] LOSTLINE -> RECOVERY src=RECOVERY s=22.64 d=0.78 vs=-2.27
1786862844.626 [STATE_CHANGE] RECOVERY -> LOSTLINE src=GB_TRACK s=22.51 d=0.75 vs=-2.25
1786862844.703 [STATE_CHANGE] LOSTLINE -> RECOVERY src=RECOVERY s=22.46 d=0.74 vs=-2.23
1786862844.773 [STATE_CHANGE] RECOVERY -> LOSTLINE src=GB_TRACK s=22.21 d=0.69 vs=-1.99
1786862845.066 [OBSTACLES] cur_s=21.65 cur_d=0.62 vs=-1.26 n=0 [none]
1786862845.587 [OBSTACLES] cur_s=21.13 cur_d=0.63 vs=-1.39 n=0 [none]
1786862845.698 [STATE_CHANGE] LOSTLINE -> RECOVERY src=RECOVERY s=20.85 d=0.67 vs=-1.20
1786862845.934 [STATE_CHANGE] RECOVERY -> LOSTLINE src=GB_TRACK s=20.66 d=0.73 vs=-0.90
1786862846.048 [STATE_CHANGE] LOSTLINE -> RECOVERY src=RECOVERY s=20.56 d=0.78 vs=-0.67
1786862846.104 [OBSTACLES] cur_s=20.49 cur_d=0.80 vs=-0.81 n=0 [none]
1786862846.461 [STATE_CHANGE] RECOVERY -> LOSTLINE src=GB_TRACK s=20.15 d=0.95 vs=-1.02
1786862846.508 [STATE_CHANGE] LOSTLINE -> RECOVERY src=RECOVERY s=20.09 d=0.96 vs=-0.99
1786862846.607 [OBSTACLES] cur_s=19.97 cur_d=0.99 vs=-0.76 n=0 [none]
1786862847.145 [OBSTACLES] cur_s=19.75 cur_d=1.02 vs=0.00 n=0 [none]
1786862847.687 [OBSTACLES] cur_s=19.74 cur_d=1.02 vs=0.00 n=0 [none]
1786862848.224 [OBSTACLES] cur_s=19.72 cur_d=1.02 vs=0.00 n=0 [none]
1786862848.766 [OBSTACLES] cur_s=19.70 cur_d=1.01 vs=0.00 n=0 [none]
1786862849.290 [OBSTACLES] cur_s=19.70 cur_d=1.02 vs=0.00 n=0 [none]
1786862849.804 [OBSTACLES] cur_s=19.69 cur_d=1.02 vs=0.00 n=0 [none]
1786862850.311 [OBSTACLES] cur_s=19.69 cur_d=1.02 vs=0.00 n=0 [none]
1786862850.860 [OBSTACLES] cur_s=19.70 cur_d=1.02 vs=0.00 n=0 [none]
1786862851.417 [OBSTACLES] cur_s=19.70 cur_d=1.01 vs=0.00 n=0 [none]
1786862851.975 [OBSTACLES] cur_s=19.71 cur_d=1.01 vs=0.00 n=0 [none]
1786862852.490 [OBSTACLES] cur_s=19.71 cur_d=1.01 vs=0.00 n=0 [none]
1786862853.049 [OBSTACLES] cur_s=19.70 cur_d=1.01 vs=0.00 n=0 [none]
1786862853.607 [OBSTACLES] cur_s=19.71 cur_d=1.01 vs=0.00 n=0 [none]
1786862854.132 [OBSTACLES] cur_s=19.70 cur_d=1.01 vs=0.00 n=0 [none]
1786862854.703 [OBSTACLES] cur_s=19.71 cur_d=1.01 vs=0.00 n=0 [none]
1786862855.262 [OBSTACLES] cur_s=19.71 cur_d=1.01 vs=0.00 n=0 [none]
1786862855.803 [OBSTACLES] cur_s=19.71 cur_d=1.01 vs=0.00 n=0 [none]
1786862856.342 [OBSTACLES] cur_s=19.71 cur_d=1.01 vs=0.00 n=0 [none]
1786862856.548 [STATE_CHANGE] RECOVERY -> LOSTLINE src=GB_TRACK s=19.71 d=1.01 vs=0.00
1786862856.889 [OBSTACLES] cur_s=19.87 cur_d=1.00 vs=0.00 n=0 [none]
1786862857.400 [OBSTACLES] cur_s=20.01 cur_d=0.89 vs=0.00 n=0 [none]
1786862857.942 [OBSTACLES] cur_s=20.56 cur_d=1.41 vs=0.00 n=0 [none]
1786862858.486 [OBSTACLES] cur_s=20.64 cur_d=1.69 vs=0.00 n=0 [none]
1786862858.989 [OBSTACLES] cur_s=21.40 cur_d=1.35 vs=0.00 n=0 [none]
1786862859.494 [OBSTACLES] cur_s=21.45 cur_d=1.27 vs=0.00 n=0 [none]
1786862859.548 [STATIC_OT] state=GB_TRACK path_exists=0 path_locked=0 path_ttl_ok=0 path_safe=0 on_spline=0 speed=0.00 raw_wpnts=0 raw_age=-s decision=TRAILING reason=NO_STATIC_PATH
1786862859.554 [STATE_CHANGE] LOSTLINE -> TRAILING src=GB_TRACK s=21.45 d=1.27 vs=0.00
1786862859.800 [STATIC_OT] state=TRAILING path_exists=0 path_locked=0 path_ttl_ok=0 path_safe=0 on_spline=0 speed=0.00 raw_wpnts=0 raw_age=-s decision=TRAILING reason=NO_STATIC_PATH
1786862859.998 [OBSTACLES] cur_s=21.41 cur_d=1.26 vs=0.00 n=1 [id=11 static=1 gap=10.70m d=0.22 size=0.18]
1786862860.004 [STATIC_OT] state=TRAILING path_exists=0 path_locked=0 path_ttl_ok=0 path_safe=0 on_spline=0 speed=0.00 raw_wpnts=0 raw_age=-s decision=TRAILING reason=NO_STATIC_PATH
1786862860.211 [STATIC_OT] state=TRAILING path_exists=0 path_locked=0 path_ttl_ok=0 path_safe=0 on_spline=0 speed=0.00 raw_wpnts=0 raw_age=-s decision=TRAILING reason=NO_STATIC_PATH
1786862860.435 [STATIC_OT] state=TRAILING path_exists=0 path_locked=0 path_ttl_ok=0 path_safe=0 on_spline=0 speed=0.00 raw_wpnts=0 raw_age=-s decision=TRAILING reason=NO_STATIC_PATH
1786862860.499 [OBSTACLES] cur_s=21.39 cur_d=1.26 vs=0.00 n=1 [id=11 static=1 gap=10.76m d=0.28 size=0.17]
1786862860.657 [STATIC_OT] state=TRAILING path_exists=0 path_locked=0 path_ttl_ok=0 path_safe=0 on_spline=0 speed=0.00 raw_wpnts=0 raw_age=-s decision=TRAILING reason=NO_STATIC_PATH
1786862860.885 [STATIC_OT] state=TRAILING path_exists=0 path_locked=0 path_ttl_ok=0 path_safe=0 on_spline=0 speed=0.00 raw_wpnts=0 raw_age=-s decision=TRAILING reason=NO_STATIC_PATH
1786862861.005 [OBSTACLES] cur_s=21.39 cur_d=1.25 vs=0.00 n=1 [id=11 static=1 gap=10.78m d=0.30 size=0.18]
1786862861.128 [STATIC_OT] state=TRAILING path_exists=0 path_locked=0 path_ttl_ok=0 path_safe=0 on_spline=0 speed=0.00 raw_wpnts=0 raw_age=-s decision=TRAILING reason=NO_STATIC_PATH
