# state_machine debug log started 20260815_213509  map='0815test3'
1786797320.492 [OBSTACLES] cur_s=9.19 cur_d=-0.03 vs=0.00 n=0 [none]
1786797320.492 [STATE_CHANGE] None -> GB_TRACK src=GB_TRACK s=9.19 d=-0.03 vs=0.00
1786797321.081 [OBSTACLES] cur_s=9.19 cur_d=-0.03 vs=0.00 n=0 [none]
1786797321.669 [OBSTACLES] cur_s=9.19 cur_d=-0.03 vs=0.00 n=0 [none]
1786797322.188 [OBSTACLES] cur_s=9.20 cur_d=-0.03 vs=0.00 n=0 [none]
1786797322.707 [OBSTACLES] cur_s=9.20 cur_d=-0.03 vs=0.00 n=0 [none]
1786797323.239 [OBSTACLES] cur_s=9.20 cur_d=-0.03 vs=0.00 n=0 [none]
1786797323.819 [OBSTACLES] cur_s=9.19 cur_d=-0.03 vs=0.00 n=0 [none]
1786797324.339 [OBSTACLES] cur_s=9.19 cur_d=-0.03 vs=0.00 n=0 [none]
1786797324.873 [OBSTACLES] cur_s=9.20 cur_d=-0.03 vs=0.00 n=0 [none]
1786797325.400 [OBSTACLES] cur_s=9.19 cur_d=-0.03 vs=0.00 n=0 [none]
1786797325.916 [OBSTACLES] cur_s=9.20 cur_d=-0.03 vs=0.00 n=0 [none]
1786797326.425 [OBSTACLES] cur_s=9.20 cur_d=-0.03 vs=0.00 n=0 [none]
1786797326.929 [OBSTACLES] cur_s=9.20 cur_d=-0.03 vs=0.00 n=0 [none]
1786797327.474 [OBSTACLES] cur_s=9.20 cur_d=-0.03 vs=0.00 n=0 [none]
1786797327.993 [OBSTACLES] cur_s=9.20 cur_d=-0.03 vs=0.00 n=0 [none]
1786797328.540 [OBSTACLES] cur_s=9.20 cur_d=-0.03 vs=0.00 n=0 [none]
1786797329.070 [OBSTACLES] cur_s=9.20 cur_d=-0.03 vs=0.00 n=0 [none]
1786797329.619 [OBSTACLES] cur_s=9.20 cur_d=-0.03 vs=0.00 n=0 [none]
1786797330.148 [OBSTACLES] cur_s=9.20 cur_d=-0.03 vs=0.00 n=0 [none]
1786797330.658 [OBSTACLES] cur_s=9.20 cur_d=-0.03 vs=0.00 n=0 [none]
1786797331.215 [OBSTACLES] cur_s=9.20 cur_d=-0.03 vs=0.00 n=0 [none]
1786797331.731 [OBSTACLES] cur_s=9.19 cur_d=-0.03 vs=0.00 n=0 [none]
1786797332.302 [OBSTACLES] cur_s=9.20 cur_d=-0.03 vs=0.00 n=0 [none]
1786797332.852 [OBSTACLES] cur_s=9.19 cur_d=-0.03 vs=0.00 n=0 [none]
1786797333.372 [OBSTACLES] cur_s=9.20 cur_d=-0.03 vs=0.00 n=0 [none]
1786797333.899 [OBSTACLES] cur_s=9.19 cur_d=-0.03 vs=0.00 n=0 [none]
1786797334.428 [OBSTACLES] cur_s=9.20 cur_d=-0.03 vs=0.00 n=0 [none]
1786797335.017 [OBSTACLES] cur_s=9.20 cur_d=-0.03 vs=0.00 n=0 [none]
1786797335.551 [OBSTACLES] cur_s=9.20 cur_d=-0.03 vs=0.00 n=0 [none]
1786797336.077 [OBSTACLES] cur_s=9.20 cur_d=-0.03 vs=0.00 n=0 [none]
1786797336.585 [OBSTACLES] cur_s=9.20 cur_d=-0.03 vs=0.00 n=0 [none]
1786797337.153 [OBSTACLES] cur_s=9.20 cur_d=-0.03 vs=0.00 n=0 [none]
1786797337.679 [OBSTACLES] cur_s=9.20 cur_d=-0.03 vs=0.00 n=0 [none]
1786797338.193 [OBSTACLES] cur_s=9.20 cur_d=-0.03 vs=0.00 n=0 [none]
1786797338.739 [OBSTACLES] cur_s=9.20 cur_d=-0.03 vs=0.00 n=0 [none]
1786797339.269 [OBSTACLES] cur_s=9.20 cur_d=-0.03 vs=0.00 n=0 [none]
1786797339.843 [OBSTACLES] cur_s=9.20 cur_d=-0.03 vs=0.00 n=0 [none]
1786797340.368 [OBSTACLES] cur_s=9.20 cur_d=-0.03 vs=0.00 n=0 [none]
1786797340.888 [OBSTACLES] cur_s=9.20 cur_d=-0.03 vs=0.00 n=0 [none]
1786797341.443 [OBSTACLES] cur_s=9.20 cur_d=-0.03 vs=0.00 n=0 [none]
1786797341.979 [OBSTACLES] cur_s=9.20 cur_d=-0.03 vs=0.00 n=0 [none]
1786797342.526 [OBSTACLES] cur_s=9.20 cur_d=-0.03 vs=0.00 n=0 [none]
1786797343.077 [OBSTACLES] cur_s=9.20 cur_d=-0.03 vs=0.00 n=0 [none]
1786797343.586 [OBSTACLES] cur_s=9.20 cur_d=-0.03 vs=0.00 n=0 [none]
1786797344.104 [OBSTACLES] cur_s=9.20 cur_d=-0.03 vs=0.00 n=0 [none]
1786797344.637 [OBSTACLES] cur_s=9.20 cur_d=-0.03 vs=0.00 n=0 [none]
1786797345.142 [OBSTACLES] cur_s=9.20 cur_d=-0.03 vs=0.00 n=0 [none]
1786797345.705 [OBSTACLES] cur_s=9.20 cur_d=-0.03 vs=0.00 n=0 [none]
1786797346.266 [OBSTACLES] cur_s=9.20 cur_d=-0.03 vs=0.00 n=0 [none]
1786797346.783 [OBSTACLES] cur_s=9.20 cur_d=-0.03 vs=0.00 n=0 [none]
1786797347.319 [OBSTACLES] cur_s=9.20 cur_d=-0.03 vs=0.00 n=0 [none]
1786797347.870 [OBSTACLES] cur_s=9.20 cur_d=-0.03 vs=0.00 n=0 [none]
1786797348.381 [OBSTACLES] cur_s=9.20 cur_d=-0.03 vs=0.00 n=0 [none]
1786797348.963 [OBSTACLES] cur_s=9.20 cur_d=-0.03 vs=0.00 n=0 [none]
1786797349.527 [OBSTACLES] cur_s=9.20 cur_d=-0.03 vs=0.00 n=0 [none]
1786797350.040 [OBSTACLES] cur_s=9.20 cur_d=-0.03 vs=0.00 n=0 [none]
1786797350.580 [OBSTACLES] cur_s=9.20 cur_d=-0.03 vs=0.00 n=0 [none]
1786797351.139 [OBSTACLES] cur_s=9.20 cur_d=-0.03 vs=0.00 n=0 [none]
1786797351.869 [OBSTACLES] cur_s=9.20 cur_d=-0.03 vs=0.00 n=0 [none]
1786797352.393 [OBSTACLES] cur_s=9.20 cur_d=-0.03 vs=0.00 n=0 [none]
1786797352.914 [OBSTACLES] cur_s=9.20 cur_d=-0.03 vs=0.00 n=0 [none]
1786797353.452 [OBSTACLES] cur_s=9.20 cur_d=-0.03 vs=0.00 n=0 [none]
1786797353.988 [OBSTACLES] cur_s=9.20 cur_d=-0.03 vs=0.00 n=0 [none]
1786797354.538 [OBSTACLES] cur_s=9.20 cur_d=-0.03 vs=0.00 n=0 [none]
1786797355.080 [OBSTACLES] cur_s=9.20 cur_d=-0.03 vs=0.00 n=0 [none]
1786797355.613 [OBSTACLES] cur_s=9.20 cur_d=-0.03 vs=0.00 n=0 [none]
1786797356.142 [OBSTACLES] cur_s=9.20 cur_d=-0.03 vs=0.00 n=0 [none]
1786797356.643 [OBSTACLES] cur_s=9.20 cur_d=-0.03 vs=0.00 n=0 [none]
1786797357.175 [OBSTACLES] cur_s=9.20 cur_d=-0.03 vs=0.00 n=0 [none]
1786797357.676 [OBSTACLES] cur_s=9.20 cur_d=-0.03 vs=0.00 n=0 [none]
1786797358.201 [OBSTACLES] cur_s=9.20 cur_d=-0.03 vs=0.00 n=0 [none]
1786797358.716 [OBSTACLES] cur_s=9.20 cur_d=-0.04 vs=0.00 n=0 [none]
1786797359.223 [OBSTACLES] cur_s=9.20 cur_d=-0.04 vs=0.00 n=0 [none]
1786797359.724 [OBSTACLES] cur_s=9.24 cur_d=-0.04 vs=0.00 n=0 [none]
1786797359.983 [STATIC_OT] state=GB_TRACK path_exists=0 path_locked=0 path_ttl_ok=0 path_safe=0 on_spline=0 speed=0.00 raw_wpnts=0 raw_age=-s decision=TRAILING reason=NO_STATIC_PATH
1786797359.983 [STATE_CHANGE] GB_TRACK -> TRAILING src=GB_TRACK s=9.24 d=-0.04 vs=0.00
1786797360.221 [STATIC_OT] state=TRAILING path_exists=0 path_locked=0 path_ttl_ok=0 path_safe=0 on_spline=0 speed=0.00 raw_wpnts=0 raw_age=-s decision=TRAILING reason=NO_STATIC_PATH
1786797360.283 [OBSTACLES] cur_s=9.24 cur_d=-0.04 vs=0.00 n=2 [id=2 static=1 gap=0.86m d=-0.36 size=0.18; id=3 static=1 gap=1.13m d=-0.19 size=0.20]
1786797360.439 [STATIC_OT] state=TRAILING path_exists=0 path_locked=0 path_ttl_ok=0 path_safe=0 on_spline=0 speed=0.00 raw_wpnts=0 raw_age=-s decision=TRAILING reason=NO_STATIC_PATH
1786797360.681 [STATIC_OT] state=TRAILING path_exists=0 path_locked=0 path_ttl_ok=0 path_safe=0 on_spline=0 speed=0.00 raw_wpnts=0 raw_age=-s decision=TRAILING reason=NO_STATIC_PATH
1786797360.743 [STATE_CHANGE] TRAILING -> GB_TRACK src=GB_TRACK s=9.19 d=-0.03 vs=0.00
1786797360.821 [OBSTACLES] cur_s=9.19 cur_d=-0.03 vs=0.00 n=0 [none]
1786797361.013 [STATIC_OT] state=GB_TRACK path_exists=0 path_locked=0 path_ttl_ok=0 path_safe=0 on_spline=0 speed=0.00 raw_wpnts=0 raw_age=-s decision=TRAILING reason=NO_STATIC_PATH
1786797361.013 [STATE_CHANGE] GB_TRACK -> TRAILING src=GB_TRACK s=9.19 d=-0.03 vs=0.00
1786797361.511 [OBSTACLES] cur_s=9.19 cur_d=-0.03 vs=0.00 n=1 [id=4 static=1 gap=1.62m d=0.23 size=0.29]
1786797361.518 [STATIC_OT_TRANSITION] first_valid_path_to_overtake_ms=0.0
1786797361.521 [STATIC_OT] state=TRAILING path_exists=1 path_locked=0 path_ttl_ok=1 path_safe=1 on_spline=1 speed=0.00 raw_wpnts=81 raw_age=0.61s decision=OVERTAKE
1786797361.521 [STATE_CHANGE] TRAILING -> OVERTAKE src=OVERTAKE s=9.19 d=-0.03 vs=0.00
1786797362.054 [OBSTACLES] cur_s=9.18 cur_d=-0.03 vs=0.00 n=0 [none]
1786797362.632 [OBSTACLES] cur_s=9.20 cur_d=-0.03 vs=0.00 n=0 [none]
1786797363.184 [OBSTACLES] cur_s=9.20 cur_d=-0.03 vs=0.00 n=0 [none]
1786797363.749 [OBSTACLES] cur_s=9.20 cur_d=-0.03 vs=0.00 n=0 [none]
1786797364.256 [OBSTACLES] cur_s=9.20 cur_d=-0.03 vs=0.00 n=0 [none]
1786797364.799 [OBSTACLES] cur_s=9.20 cur_d=-0.03 vs=0.00 n=0 [none]
1786797365.328 [OBSTACLES] cur_s=9.20 cur_d=-0.03 vs=0.00 n=0 [none]
1786797365.862 [OBSTACLES] cur_s=9.20 cur_d=-0.03 vs=0.00 n=0 [none]
1786797366.416 [OBSTACLES] cur_s=9.21 cur_d=-0.03 vs=0.00 n=0 [none]
1786797366.917 [OBSTACLES] cur_s=9.20 cur_d=-0.03 vs=0.00 n=0 [none]
1786797367.489 [OBSTACLES] cur_s=9.20 cur_d=-0.03 vs=0.00 n=0 [none]
1786797367.998 [OBSTACLES] cur_s=9.20 cur_d=-0.03 vs=0.00 n=0 [none]
1786797368.518 [OBSTACLES] cur_s=9.20 cur_d=-0.03 vs=0.00 n=0 [none]
1786797369.051 [OBSTACLES] cur_s=9.20 cur_d=-0.03 vs=0.00 n=0 [none]
1786797369.574 [OBSTACLES] cur_s=9.20 cur_d=-0.03 vs=0.00 n=0 [none]
1786797370.089 [OBSTACLES] cur_s=9.20 cur_d=-0.03 vs=0.00 n=0 [none]
1786797370.666 [OBSTACLES] cur_s=9.20 cur_d=-0.03 vs=0.00 n=0 [none]
1786797370.918 [STATE_CHANGE] OVERTAKE -> GB_TRACK src=GB_TRACK s=9.21 d=-0.03 vs=0.00
1786797371.209 [OBSTACLES] cur_s=9.20 cur_d=-0.03 vs=0.00 n=0 [none]
1786797371.742 [OBSTACLES] cur_s=9.20 cur_d=-0.03 vs=0.00 n=0 [none]
1786797372.271 [OBSTACLES] cur_s=9.20 cur_d=-0.03 vs=0.00 n=0 [none]
1786797372.776 [OBSTACLES] cur_s=9.21 cur_d=-0.03 vs=0.00 n=0 [none]
1786797373.303 [OBSTACLES] cur_s=9.20 cur_d=-0.03 vs=0.00 n=0 [none]
1786797373.811 [OBSTACLES] cur_s=9.20 cur_d=-0.03 vs=0.00 n=0 [none]
1786797374.347 [OBSTACLES] cur_s=9.20 cur_d=-0.03 vs=0.00 n=0 [none]
1786797374.850 [OBSTACLES] cur_s=9.20 cur_d=-0.03 vs=0.00 n=0 [none]
1786797375.353 [OBSTACLES] cur_s=9.20 cur_d=-0.03 vs=0.00 n=0 [none]
1786797375.914 [OBSTACLES] cur_s=9.20 cur_d=-0.03 vs=0.00 n=0 [none]
1786797376.421 [OBSTACLES] cur_s=9.20 cur_d=-0.03 vs=0.00 n=0 [none]
1786797377.026 [OBSTACLES] cur_s=9.20 cur_d=-0.03 vs=0.00 n=0 [none]
1786797377.582 [OBSTACLES] cur_s=9.20 cur_d=-0.03 vs=0.00 n=0 [none]
1786797378.103 [OBSTACLES] cur_s=9.20 cur_d=-0.03 vs=0.00 n=0 [none]
1786797378.677 [OBSTACLES] cur_s=9.20 cur_d=-0.03 vs=0.00 n=0 [none]
1786797379.216 [OBSTACLES] cur_s=9.20 cur_d=-0.03 vs=0.00 n=0 [none]
1786797379.724 [OBSTACLES] cur_s=9.20 cur_d=-0.03 vs=0.00 n=0 [none]
1786797380.245 [OBSTACLES] cur_s=9.20 cur_d=-0.03 vs=0.00 n=0 [none]
1786797380.825 [OBSTACLES] cur_s=9.20 cur_d=-0.03 vs=0.00 n=0 [none]
1786797381.416 [OBSTACLES] cur_s=9.20 cur_d=-0.03 vs=0.00 n=0 [none]
1786797381.982 [OBSTACLES] cur_s=9.21 cur_d=-0.03 vs=0.00 n=0 [none]
1786797382.529 [OBSTACLES] cur_s=9.20 cur_d=-0.03 vs=0.00 n=0 [none]
1786797383.046 [OBSTACLES] cur_s=9.20 cur_d=-0.03 vs=0.00 n=0 [none]
1786797383.569 [OBSTACLES] cur_s=9.20 cur_d=-0.03 vs=0.00 n=0 [none]
1786797384.107 [OBSTACLES] cur_s=9.20 cur_d=-0.03 vs=0.00 n=0 [none]
1786797384.268 [STATIC_OT] state=GB_TRACK path_exists=0 path_locked=0 path_ttl_ok=0 path_safe=0 on_spline=0 speed=0.00 raw_wpnts=0 raw_age=-s decision=TRAILING reason=NO_STATIC_PATH
1786797384.268 [STATE_CHANGE] GB_TRACK -> TRAILING src=GB_TRACK s=9.20 d=-0.03 vs=0.00
1786797384.499 [STATIC_OT] state=TRAILING path_exists=0 path_locked=0 path_ttl_ok=0 path_safe=0 on_spline=0 speed=0.00 raw_wpnts=0 raw_age=-s decision=TRAILING reason=NO_STATIC_PATH
1786797384.634 [OBSTACLES] cur_s=9.20 cur_d=-0.03 vs=0.00 n=1 [id=5 static=1 gap=2.76m d=-0.33 size=0.37]
1786797384.648 [STATE_CHANGE] TRAILING -> OVERTAKE src=OVERTAKE s=9.20 d=-0.03 vs=0.00
1786797385.171 [OBSTACLES] cur_s=9.24 cur_d=-0.04 vs=0.00 n=1 [id=7 static=1 gap=2.38m d=-0.84 size=0.24]
1786797385.731 [OBSTACLES] cur_s=9.22 cur_d=-0.03 vs=0.00 n=0 [none]
1786797386.314 [OBSTACLES] cur_s=9.21 cur_d=-0.03 vs=0.00 n=0 [none]
1786797386.845 [OBSTACLES] cur_s=9.20 cur_d=-0.03 vs=0.00 n=0 [none]
1786797387.365 [OBSTACLES] cur_s=9.20 cur_d=-0.03 vs=0.00 n=0 [none]
1786797387.899 [OBSTACLES] cur_s=9.21 cur_d=-0.03 vs=0.00 n=0 [none]
1786797388.427 [OBSTACLES] cur_s=9.21 cur_d=-0.03 vs=0.00 n=0 [none]
1786797388.977 [OBSTACLES] cur_s=9.52 cur_d=-0.00 vs=1.67 n=0 [none]
1786797389.533 [OBSTACLES] cur_s=10.99 cur_d=0.15 vs=2.59 n=0 [none]
1786797390.042 [OBSTACLES] cur_s=12.41 cur_d=0.27 vs=3.20 n=0 [none]
1786797390.580 [OBSTACLES] cur_s=14.20 cur_d=0.16 vs=3.33 n=0 [none]
1786797391.114 [OBSTACLES] cur_s=15.75 cur_d=-0.07 vs=2.58 n=0 [none]
1786797391.400 [STATIC_OT] state=OVERTAKE path_exists=1 path_locked=1 path_ttl_ok=0 path_safe=0 on_spline=1 speed=2.47 raw_wpnts=0 raw_age=-s decision=TRAILING reason=NO_STATIC_PATH
1786797391.402 [STATE_CHANGE] OVERTAKE -> TRAILING src=RECOVERY s=16.47 d=0.12 vs=2.47
1786797391.637 [OBSTACLES] cur_s=16.97 cur_d=0.19 vs=2.54 n=1 [id=8 static=1 gap=5.07m d=0.22 size=0.30]
1786797391.639 [STATIC_OT] state=TRAILING path_exists=0 path_locked=0 path_ttl_ok=0 path_safe=0 on_spline=0 speed=2.54 raw_wpnts=0 raw_age=-s decision=TRAILING reason=NO_STATIC_PATH
1786797391.774 [STATE_CHANGE] TRAILING -> OVERTAKE src=OVERTAKE s=17.10 d=0.18 vs=2.42
1786797392.281 [OBSTACLES] cur_s=18.41 cur_d=0.27 vs=2.30 n=1 [id=9 static=1 gap=3.40m d=0.20 size=0.29]
1786797392.785 [OBSTACLES] cur_s=19.92 cur_d=0.11 vs=3.09 n=1 [id=9 static=1 gap=1.87m d=0.09 size=0.28]
1786797393.126 [STATIC_OT] state=OVERTAKE path_exists=1 path_locked=1 path_ttl_ok=1 path_safe=0 on_spline=1 speed=2.66 raw_wpnts=105 raw_age=0.69s decision=TRAILING reason=PATH_BLOCKED blocked_obs_id=12 gap=3.11m free_dist=-0.199m branch=static/geom
1786797393.128 [STATE_CHANGE] OVERTAKE -> TRAILING src=GB_TRACK s=20.57 d=0.46 vs=2.66
1786797393.315 [OBSTACLES] cur_s=21.03 cur_d=0.72 vs=2.44 n=2 [id=9 static=1 gap=0.67m d=0.05 size=0.38; id=12 static=1 gap=2.64m d=0.19 size=0.19]
1786797393.347 [STATIC_OT] state=TRAILING path_exists=1 path_locked=0 path_ttl_ok=1 path_safe=0 on_spline=1 speed=2.44 raw_wpnts=93 raw_age=0.74s decision=TRAILING reason=PATH_BLOCKED blocked_obs_id=12 gap=2.74m free_dist=-0.159m branch=static/geom
1786797393.601 [STATIC_OT] state=TRAILING path_exists=1 path_locked=0 path_ttl_ok=1 path_safe=0 on_spline=1 speed=2.07 raw_wpnts=81 raw_age=0.55s decision=TRAILING reason=PATH_BLOCKED blocked_obs_id=12 gap=2.38m free_dist=-0.006m branch=static/geom
1786797393.725 [STATE_CHANGE] TRAILING -> LOSTLINE src=GB_TRACK s=21.67 d=0.72 vs=1.93
1786797393.882 [OBSTACLES] cur_s=21.98 cur_d=0.62 vs=1.64 n=0 [none]
1786797394.035 [STATE_CHANGE] LOSTLINE -> GB_TRACK src=GB_TRACK s=22.37 d=0.22 vs=0.85
1786797394.383 [OBSTACLES] cur_s=22.55 cur_d=-0.63 vs=0.22 n=1 [id=18 static=1 gap=3.84m d=0.24 size=0.26]
1786797394.385 [STATIC_OT] state=GB_TRACK path_exists=1 path_locked=0 path_ttl_ok=0 path_safe=0 on_spline=0 speed=0.22 raw_wpnts=0 raw_age=-s decision=TRAILING reason=NO_STATIC_PATH
1786797394.396 [STATE_CHANGE] GB_TRACK -> TRAILING src=GB_TRACK s=22.55 d=-0.63 vs=0.22
1786797394.596 [STATIC_OT] state=TRAILING path_exists=1 path_locked=0 path_ttl_ok=0 path_safe=0 on_spline=0 speed=-0.06 raw_wpnts=0 raw_age=-s decision=TRAILING reason=NO_STATIC_PATH
1786797394.780 [STATE_CHANGE] TRAILING -> LOSTLINE src=GB_TRACK s=22.16 d=-0.73 vs=0.03
1786797394.925 [OBSTACLES] cur_s=21.80 cur_d=-0.67 vs=0.01 n=0 [none]
1786797395.448 [OBSTACLES] cur_s=21.77 cur_d=-0.56 vs=-0.02 n=0 [none]
1786797395.963 [OBSTACLES] cur_s=22.24 cur_d=-0.52 vs=-0.06 n=0 [none]
1786797396.473 [OBSTACLES] cur_s=22.38 cur_d=-0.57 vs=0.00 n=0 [none]
1786797397.003 [OBSTACLES] cur_s=22.44 cur_d=-0.48 vs=-0.05 n=0 [none]
1786797397.504 [OBSTACLES] cur_s=21.61 cur_d=-0.35 vs=-0.23 n=0 [none]
1786797397.666 [STATE_CHANGE] LOSTLINE -> GB_TRACK src=GB_TRACK s=21.30 d=-0.00 vs=-0.71
1786797397.761 [STATIC_OT] state=GB_TRACK path_exists=1 path_locked=0 path_ttl_ok=1 path_safe=1 on_spline=1 speed=-0.58 raw_wpnts=81 raw_age=0.20s decision=OVERTAKE
1786797397.761 [STATE_CHANGE] GB_TRACK -> OVERTAKE src=OVERTAKE s=21.38 d=-0.11 vs=-0.58
1786797398.015 [OBSTACLES] cur_s=21.32 cur_d=-0.00 vs=-0.39 n=1 [id=19 static=1 gap=0.68m d=-0.09 size=0.44]
1786797398.271 [STATE_CHANGE] OVERTAKE -> LOSTLINE src=GB_TRACK s=21.88 d=-0.53 vs=-0.39
1786797398.552 [OBSTACLES] cur_s=21.99 cur_d=-0.56 vs=0.00 n=0 [none]
1786797399.325 [OBSTACLES] cur_s=21.96 cur_d=-0.55 vs=0.00 n=0 [none]
1786797399.864 [OBSTACLES] cur_s=21.95 cur_d=-0.55 vs=0.00 n=0 [none]
1786797400.394 [OBSTACLES] cur_s=21.97 cur_d=-0.55 vs=0.00 n=0 [none]
1786797400.926 [OBSTACLES] cur_s=21.95 cur_d=-0.55 vs=0.00 n=0 [none]
1786797401.434 [OBSTACLES] cur_s=21.98 cur_d=-0.55 vs=0.00 n=0 [none]
1786797401.961 [OBSTACLES] cur_s=21.97 cur_d=-0.55 vs=0.00 n=0 [none]
1786797402.507 [OBSTACLES] cur_s=21.97 cur_d=-0.55 vs=0.00 n=0 [none]
1786797403.014 [OBSTACLES] cur_s=21.98 cur_d=-0.55 vs=0.00 n=0 [none]
1786797403.446 [STATE_CHANGE] LOSTLINE -> RECOVERY src=RECOVERY s=21.31 d=0.34 vs=0.00
1786797403.519 [OBSTACLES] cur_s=21.28 cur_d=0.31 vs=0.00 n=0 [none]
1786797403.826 [STATE_CHANGE] RECOVERY -> LOSTLINE src=GB_TRACK s=21.21 d=0.27 vs=0.00
1786797403.902 [STATE_CHANGE] LOSTLINE -> GB_TRACK src=GB_TRACK s=21.16 d=0.28 vs=0.00
1786797404.008 [STATE_CHANGE] GB_TRACK -> LOSTLINE src=GB_TRACK s=21.01 d=0.32 vs=0.00
1786797404.068 [OBSTACLES] cur_s=20.85 cur_d=0.36 vs=0.00 n=0 [none]
1786797404.413 [STATE_CHANGE] LOSTLINE -> RECOVERY src=RECOVERY s=20.85 d=0.36 vs=0.00
1786797404.687 [OBSTACLES] cur_s=20.85 cur_d=0.36 vs=0.00 n=0 [none]
1786797405.281 [OBSTACLES] cur_s=20.84 cur_d=0.09 vs=0.00 n=0 [none]
1786797405.462 [STATE_CHANGE] RECOVERY -> GB_TRACK src=GB_TRACK s=20.90 d=0.04 vs=0.00
1786797405.807 [OBSTACLES] cur_s=20.97 cur_d=0.02 vs=0.00 n=0 [none]
1786797406.355 [OBSTACLES] cur_s=20.85 cur_d=-0.20 vs=0.00 n=0 [none]
1786797406.648 [STATE_CHANGE] GB_TRACK -> LOSTLINE src=GB_TRACK s=20.87 d=-0.29 vs=0.00
1786797406.704 [STATE_CHANGE] LOSTLINE -> RECOVERY src=RECOVERY s=20.87 d=-0.36 vs=0.00
1786797406.874 [OBSTACLES] cur_s=20.87 cur_d=-0.41 vs=0.00 n=0 [none]
1786797407.378 [OBSTACLES] cur_s=20.89 cur_d=-0.44 vs=0.00 n=0 [none]
1786797408.001 [OBSTACLES] cur_s=20.89 cur_d=-0.43 vs=0.00 n=0 [none]
1786797408.581 [OBSTACLES] cur_s=20.90 cur_d=-0.46 vs=0.00 n=0 [none]
1786797409.136 [OBSTACLES] cur_s=20.90 cur_d=-0.46 vs=0.00 n=0 [none]
1786797409.676 [OBSTACLES] cur_s=20.89 cur_d=-0.47 vs=0.00 n=0 [none]
1786797410.212 [OBSTACLES] cur_s=20.90 cur_d=-0.49 vs=0.00 n=0 [none]
1786797410.780 [OBSTACLES] cur_s=20.88 cur_d=-0.40 vs=0.00 n=0 [none]
1786797411.333 [OBSTACLES] cur_s=20.88 cur_d=-0.40 vs=0.00 n=0 [none]
1786797411.898 [OBSTACLES] cur_s=20.88 cur_d=-0.40 vs=0.00 n=0 [none]
1786797412.416 [OBSTACLES] cur_s=20.88 cur_d=-0.40 vs=0.00 n=0 [none]
1786797412.916 [OBSTACLES] cur_s=20.88 cur_d=-0.40 vs=0.00 n=0 [none]
1786797413.468 [OBSTACLES] cur_s=20.88 cur_d=-0.39 vs=0.00 n=0 [none]
1786797414.012 [OBSTACLES] cur_s=20.89 cur_d=-0.38 vs=0.00 n=0 [none]
1786797414.517 [OBSTACLES] cur_s=20.89 cur_d=-0.38 vs=0.00 n=0 [none]
1786797415.037 [OBSTACLES] cur_s=20.89 cur_d=-0.38 vs=0.00 n=0 [none]
1786797415.616 [OBSTACLES] cur_s=20.89 cur_d=-0.48 vs=0.00 n=0 [none]
1786797416.124 [OBSTACLES] cur_s=20.91 cur_d=-0.51 vs=0.00 n=0 [none]
1786797416.901 [OBSTACLES] cur_s=20.90 cur_d=-0.51 vs=0.00 n=0 [none]
1786797416.905 [STATE_CHANGE] RECOVERY -> LOSTLINE src=GB_TRACK s=20.90 d=-0.51 vs=0.00
1786797417.441 [OBSTACLES] cur_s=20.90 cur_d=-0.51 vs=0.00 n=0 [none]
1786797417.982 [OBSTACLES] cur_s=20.91 cur_d=-0.52 vs=0.00 n=0 [none]
1786797418.570 [OBSTACLES] cur_s=20.91 cur_d=-0.51 vs=0.00 n=0 [none]
1786797419.116 [OBSTACLES] cur_s=21.28 cur_d=-0.19 vs=0.85 n=0 [none]
1786797419.118 [STATE_CHANGE] LOSTLINE -> GB_TRACK src=GB_TRACK s=21.28 d=-0.19 vs=0.85
1786797419.654 [OBSTACLES] cur_s=21.67 cur_d=0.02 vs=0.00 n=0 [none]
1786797420.195 [OBSTACLES] cur_s=22.11 cur_d=0.32 vs=1.95 n=0 [none]
1786797420.196 [STATE_CHANGE] GB_TRACK -> LOSTLINE src=GB_TRACK s=22.11 d=0.32 vs=1.95
1786797420.244 [STATE_CHANGE] LOSTLINE -> RECOVERY src=RECOVERY s=22.20 d=0.34 vs=1.92
1786797420.730 [OBSTACLES] cur_s=23.25 cur_d=0.24 vs=0.83 n=0 [none]
1786797421.241 [OBSTACLES] cur_s=23.42 cur_d=0.20 vs=0.00 n=0 [none]
1786797421.766 [OBSTACLES] cur_s=23.42 cur_d=0.20 vs=0.00 n=0 [none]
1786797422.274 [OBSTACLES] cur_s=23.42 cur_d=0.20 vs=0.00 n=0 [none]
1786797422.819 [OBSTACLES] cur_s=23.43 cur_d=0.20 vs=0.00 n=0 [none]
1786797423.334 [OBSTACLES] cur_s=23.42 cur_d=0.20 vs=0.00 n=0 [none]
1786797423.843 [OBSTACLES] cur_s=23.42 cur_d=0.20 vs=0.00 n=0 [none]
1786797424.380 [OBSTACLES] cur_s=23.42 cur_d=0.20 vs=0.00 n=0 [none]
1786797424.905 [OBSTACLES] cur_s=23.42 cur_d=0.20 vs=0.00 n=0 [none]
1786797425.487 [OBSTACLES] cur_s=23.42 cur_d=0.20 vs=0.00 n=0 [none]
1786797426.047 [OBSTACLES] cur_s=23.43 cur_d=0.20 vs=0.00 n=0 [none]
1786797426.649 [OBSTACLES] cur_s=23.42 cur_d=0.20 vs=0.00 n=0 [none]
1786797427.162 [OBSTACLES] cur_s=23.42 cur_d=0.20 vs=0.00 n=0 [none]
1786797427.696 [OBSTACLES] cur_s=23.43 cur_d=0.20 vs=0.00 n=0 [none]
1786797428.201 [OBSTACLES] cur_s=23.42 cur_d=0.20 vs=0.00 n=0 [none]
1786797428.751 [OBSTACLES] cur_s=23.42 cur_d=0.20 vs=0.00 n=0 [none]
1786797429.272 [OBSTACLES] cur_s=23.43 cur_d=0.20 vs=0.00 n=0 [none]
1786797429.800 [OBSTACLES] cur_s=23.42 cur_d=0.20 vs=0.00 n=0 [none]
1786797430.217 [STATE_CHANGE] RECOVERY -> LOSTLINE src=GB_TRACK s=23.43 d=0.20 vs=0.00
1786797430.286 [STATE_CHANGE] LOSTLINE -> GB_TRACK src=GB_TRACK s=23.43 d=0.20 vs=0.00
1786797430.447 [OBSTACLES] cur_s=23.42 cur_d=0.20 vs=0.00 n=0 [none]
1786797430.967 [OBSTACLES] cur_s=23.43 cur_d=0.20 vs=0.00 n=0 [none]
1786797431.469 [OBSTACLES] cur_s=23.43 cur_d=0.20 vs=0.00 n=0 [none]
1786797431.981 [OBSTACLES] cur_s=23.42 cur_d=0.20 vs=0.00 n=0 [none]
1786797432.495 [OBSTACLES] cur_s=23.42 cur_d=0.20 vs=0.00 n=0 [none]
1786797433.041 [OBSTACLES] cur_s=23.42 cur_d=0.20 vs=0.00 n=0 [none]
1786797433.619 [OBSTACLES] cur_s=24.02 cur_d=0.19 vs=1.41 n=0 [none]
1786797434.135 [OBSTACLES] cur_s=25.51 cur_d=-0.04 vs=3.37 n=0 [none]
1786797434.712 [OBSTACLES] cur_s=27.12 cur_d=0.40 vs=3.40 n=0 [none]
1786797434.713 [STATE_CHANGE] GB_TRACK -> LOSTLINE src=GB_TRACK s=27.12 d=0.40 vs=3.40
1786797435.126 [STATE_CHANGE] LOSTLINE -> GB_TRACK src=GB_TRACK s=28.79 d=0.19 vs=3.23
1786797435.280 [OBSTACLES] cur_s=29.39 cur_d=0.07 vs=3.26 n=0 [none]
1786797435.842 [OBSTACLES] cur_s=31.11 cur_d=0.14 vs=3.36 n=0 [none]
1786797435.994 [STATIC_OT] state=GB_TRACK path_exists=0 path_locked=0 path_ttl_ok=0 path_safe=0 on_spline=0 speed=3.37 raw_wpnts=0 raw_age=-s decision=TRAILING reason=NO_STATIC_PATH
1786797435.994 [STATE_CHANGE] GB_TRACK -> TRAILING src=GB_TRACK s=31.50 d=0.21 vs=3.37
1786797436.187 [STATE_CHANGE] TRAILING -> LOSTLINE src=GB_TRACK s=32.48 d=0.33 vs=3.34
1786797436.291 [STATIC_OT] state=GB_TRACK path_exists=0 path_locked=0 path_ttl_ok=0 path_safe=0 on_spline=0 speed=2.57 raw_wpnts=0 raw_age=-s decision=TRAILING reason=NO_STATIC_PATH
1786797436.293 [STATE_CHANGE] LOSTLINE -> TRAILING src=GB_TRACK s=32.59 d=0.30 vs=2.57
1786797436.367 [OBSTACLES] cur_s=32.63 cur_d=0.30 vs=2.19 n=1 [id=23 static=0 gap=0.13m d=0.07 size=0.28]
1786797436.372 [STATE_CHANGE] TRAILING -> OVERTAKE src=OVERTAKE s=32.63 d=0.30 vs=2.19
1786797436.518 [STATIC_OT] state=OVERTAKE path_exists=1 path_locked=1 path_ttl_ok=1 path_safe=1 on_spline=0 speed=1.35 raw_wpnts=81 raw_age=0.45s decision=OVERTAKE
1786797436.902 [OBSTACLES] cur_s=33.76 cur_d=0.51 vs=1.64 n=0 [none]
1786797437.166 [STATE_CHANGE] OVERTAKE -> LOSTLINE src=GB_TRACK s=34.23 d=0.52 vs=2.07
1786797437.354 [STATE_CHANGE] LOSTLINE -> GB_TRACK src=GB_TRACK s=0.03 d=-0.01 vs=2.28
1786797437.408 [OBSTACLES] cur_s=0.03 cur_d=-0.14 vs=2.11 n=0 [none]
1786797437.939 [OBSTACLES] cur_s=1.56 cur_d=0.20 vs=1.66 n=1 [id=24 static=0 gap=5.38m d=-0.26 size=0.24]
1786797437.960 [STATIC_OT] state=GB_TRACK path_exists=0 path_locked=0 path_ttl_ok=0 path_safe=0 on_spline=0 speed=1.66 raw_wpnts=0 raw_age=-s decision=TRAILING reason=NO_STATIC_PATH
1786797437.962 [STATE_CHANGE] GB_TRACK -> TRAILING src=GB_TRACK s=1.56 d=0.20 vs=1.66
1786797438.047 [STATE_CHANGE] TRAILING -> RECOVERY src=RECOVERY s=1.86 d=0.20 vs=1.49
1786797438.106 [STATE_CHANGE] RECOVERY -> TRAILING src=RECOVERY s=1.94 d=0.20 vs=1.35
1786797438.182 [STATIC_OT] state=TRAILING path_exists=0 path_locked=0 path_ttl_ok=0 path_safe=0 on_spline=0 speed=1.16 raw_wpnts=0 raw_age=-s decision=TRAILING reason=NO_STATIC_PATH
1786797438.460 [OBSTACLES] cur_s=2.41 cur_d=0.15 vs=0.40 n=1 [id=24 static=0 gap=5.35m d=0.24 size=0.33]
1786797438.462 [STATIC_OT] state=TRAILING path_exists=0 path_locked=0 path_ttl_ok=0 path_safe=0 on_spline=0 speed=0.40 raw_wpnts=0 raw_age=-s decision=TRAILING reason=NO_STATIC_PATH
1786797438.688 [STATIC_OT] state=TRAILING path_exists=0 path_locked=0 path_ttl_ok=0 path_safe=0 on_spline=0 speed=0.00 raw_wpnts=0 raw_age=-s decision=TRAILING reason=NO_STATIC_PATH
1786797438.903 [STATIC_OT] state=TRAILING path_exists=0 path_locked=0 path_ttl_ok=0 path_safe=0 on_spline=0 speed=0.00 raw_wpnts=0 raw_age=-s decision=TRAILING reason=NO_STATIC_PATH
1786797438.995 [OBSTACLES] cur_s=2.44 cur_d=0.15 vs=0.00 n=0 [none]
1786797438.997 [STATE_CHANGE] TRAILING -> RECOVERY src=RECOVERY s=2.44 d=0.15 vs=0.00
1786797439.200 [STATIC_OT] state=RECOVERY path_exists=1 path_locked=0 path_ttl_ok=1 path_safe=1 on_spline=1 speed=0.00 raw_wpnts=110 raw_age=0.49s decision=OVERTAKE
1786797439.203 [STATE_CHANGE] RECOVERY -> OVERTAKE src=OVERTAKE s=2.44 d=0.15 vs=0.00
1786797439.554 [OBSTACLES] cur_s=2.44 cur_d=0.15 vs=0.00 n=1 [id=24 static=1 gap=5.33m d=0.24 size=0.30]
1786797440.170 [OBSTACLES] cur_s=2.44 cur_d=0.18 vs=0.00 n=1 [id=24 static=1 gap=5.33m d=0.23 size=0.29]
1786797440.677 [OBSTACLES] cur_s=2.44 cur_d=0.18 vs=0.00 n=1 [id=24 static=1 gap=5.33m d=0.22 size=0.30]
1786797441.211 [OBSTACLES] cur_s=2.44 cur_d=0.18 vs=0.00 n=1 [id=24 static=1 gap=5.35m d=0.22 size=0.26]
1786797441.711 [OBSTACLES] cur_s=2.43 cur_d=0.18 vs=0.00 n=1 [id=24 static=1 gap=5.34m d=0.21 size=0.28]
1786797442.230 [OBSTACLES] cur_s=2.46 cur_d=0.17 vs=0.00 n=1 [id=24 static=1 gap=5.32m d=0.21 size=0.28]
1786797442.759 [OBSTACLES] cur_s=2.52 cur_d=0.19 vs=0.21 n=1 [id=24 static=1 gap=5.26m d=0.21 size=0.28]
1786797443.268 [OBSTACLES] cur_s=2.24 cur_d=0.17 vs=-1.40 n=1 [id=24 static=1 gap=5.50m d=0.20 size=0.35]
1786797443.495 [STATIC_OT] state=OVERTAKE path_exists=1 path_locked=1 path_ttl_ok=1 path_safe=1 on_spline=0 speed=-0.99 raw_wpnts=110 raw_age=0.76s decision=OVERTAKE
1786797443.716 [STATIC_OT] state=OVERTAKE path_exists=1 path_locked=1 path_ttl_ok=1 path_safe=1 on_spline=0 speed=-0.49 raw_wpnts=111 raw_age=0.62s decision=OVERTAKE
1786797443.780 [STATE_CHANGE] OVERTAKE -> TRAILING src=GB_TRACK s=1.75 d=-0.07 vs=-0.39
1786797443.835 [OBSTACLES] cur_s=1.73 cur_d=-0.10 vs=-0.34 n=2 [id=24 static=1 gap=6.06m d=0.19 size=0.26; id=29 static=1 gap=0.76m d=-0.21 size=0.32]
1786797443.838 [STATE_CHANGE] TRAILING -> OVERTAKE src=OVERTAKE s=1.73 d=-0.10 vs=-0.34
1786797443.970 [STATIC_OT] state=OVERTAKE path_exists=1 path_locked=1 path_ttl_ok=1 path_safe=1 on_spline=0 speed=-0.24 raw_wpnts=113 raw_age=0.71s decision=OVERTAKE
1786797443.993 [STATE_CHANGE] OVERTAKE -> TRAILING src=GB_TRACK s=1.66 d=-0.15 vs=-0.19
1786797444.190 [STATIC_OT] state=TRAILING path_exists=1 path_locked=0 path_ttl_ok=1 path_safe=0 on_spline=1 speed=0.00 raw_wpnts=81 raw_age=0.56s decision=TRAILING reason=PATH_BLOCKED blocked_obs_id=24 gap=6.29m free_dist=-0.046m branch=static/geom
1786797444.382 [OBSTACLES] cur_s=1.62 cur_d=-0.16 vs=0.00 n=2 [id=24 static=1 gap=6.21m d=0.18 size=0.19; id=29 static=1 gap=0.81m d=-0.14 size=0.31]
1786797444.500 [STATIC_OT] state=TRAILING path_exists=1 path_locked=0 path_ttl_ok=1 path_safe=0 on_spline=1 speed=0.00 raw_wpnts=81 raw_age=0.51s decision=TRAILING reason=PATH_BLOCKED blocked_obs_id=24 gap=6.29m free_dist=-0.06m branch=static/geom
1786797444.805 [STATIC_OT] state=TRAILING path_exists=1 path_locked=0 path_ttl_ok=1 path_safe=0 on_spline=1 speed=0.00 raw_wpnts=81 raw_age=0.58s decision=TRAILING reason=PATH_BLOCKED blocked_obs_id=24 gap=6.27m free_dist=-0.05m branch=static/geom
1786797444.896 [OBSTACLES] cur_s=1.64 cur_d=-0.16 vs=0.00 n=2 [id=24 static=1 gap=6.19m d=0.17 size=0.15; id=29 static=1 gap=0.76m d=-0.12 size=0.32]
1786797445.082 [STATIC_OT] state=TRAILING path_exists=1 path_locked=0 path_ttl_ok=0 path_safe=0 on_spline=1 speed=0.00 raw_wpnts=0 raw_age=-s decision=TRAILING reason=NO_STATIC_PATH
1786797445.291 [STATIC_OT] state=TRAILING path_exists=1 path_locked=0 path_ttl_ok=0 path_safe=0 on_spline=1 speed=0.00 raw_wpnts=0 raw_age=-s decision=TRAILING reason=NO_STATIC_PATH
1786797445.491 [OBSTACLES] cur_s=1.64 cur_d=-0.16 vs=0.00 n=2 [id=24 static=1 gap=6.17m d=0.16 size=0.16; id=29 static=1 gap=0.76m d=-0.12 size=0.31]
1786797445.499 [STATIC_OT] state=TRAILING path_exists=1 path_locked=0 path_ttl_ok=0 path_safe=0 on_spline=1 speed=0.00 raw_wpnts=0 raw_age=-s decision=TRAILING reason=NO_STATIC_PATH
1786797445.748 [STATIC_OT] state=TRAILING path_exists=1 path_locked=0 path_ttl_ok=0 path_safe=0 on_spline=1 speed=0.00 raw_wpnts=0 raw_age=-s decision=TRAILING reason=NO_STATIC_PATH
1786797445.990 [STATIC_OT] state=TRAILING path_exists=1 path_locked=0 path_ttl_ok=0 path_safe=0 on_spline=1 speed=0.00 raw_wpnts=0 raw_age=-s decision=TRAILING reason=NO_STATIC_PATH
1786797446.050 [OBSTACLES] cur_s=1.63 cur_d=-0.16 vs=0.00 n=2 [id=24 static=1 gap=6.16m d=0.16 size=0.16; id=29 static=1 gap=0.75m d=-0.11 size=0.33]
1786797446.194 [STATIC_OT] state=TRAILING path_exists=1 path_locked=0 path_ttl_ok=0 path_safe=0 on_spline=1 speed=0.00 raw_wpnts=0 raw_age=-s decision=TRAILING reason=NO_STATIC_PATH
1786797446.446 [STATIC_OT] state=TRAILING path_exists=1 path_locked=0 path_ttl_ok=0 path_safe=0 on_spline=1 speed=0.00 raw_wpnts=0 raw_age=-s decision=TRAILING reason=NO_STATIC_PATH
1786797446.597 [OBSTACLES] cur_s=1.64 cur_d=-0.16 vs=0.00 n=2 [id=24 static=1 gap=6.14m d=0.16 size=0.18; id=29 static=1 gap=0.75m d=-0.11 size=0.32]
1786797446.713 [STATIC_OT] state=TRAILING path_exists=1 path_locked=0 path_ttl_ok=0 path_safe=0 on_spline=1 speed=0.00 raw_wpnts=0 raw_age=-s decision=TRAILING reason=NO_STATIC_PATH
1786797446.960 [STATIC_OT] state=TRAILING path_exists=0 path_locked=0 path_ttl_ok=0 path_safe=0 on_spline=0 speed=0.00 raw_wpnts=0 raw_age=-s decision=TRAILING reason=NO_STATIC_PATH
1786797447.152 [OBSTACLES] cur_s=1.64 cur_d=-0.16 vs=0.00 n=2 [id=24 static=1 gap=6.15m d=0.15 size=0.15; id=29 static=1 gap=0.75m d=-0.11 size=0.32]
1786797447.161 [STATIC_OT] state=TRAILING path_exists=0 path_locked=0 path_ttl_ok=0 path_safe=0 on_spline=0 speed=0.00 raw_wpnts=0 raw_age=-s decision=TRAILING reason=NO_STATIC_PATH
1786797447.398 [STATIC_OT] state=TRAILING path_exists=0 path_locked=0 path_ttl_ok=0 path_safe=0 on_spline=0 speed=0.00 raw_wpnts=0 raw_age=-s decision=TRAILING reason=NO_STATIC_PATH
1786797447.608 [STATIC_OT] state=TRAILING path_exists=0 path_locked=0 path_ttl_ok=0 path_safe=0 on_spline=0 speed=0.00 raw_wpnts=0 raw_age=-s decision=TRAILING reason=NO_STATIC_PATH
1786797447.805 [OBSTACLES] cur_s=1.64 cur_d=-0.16 vs=0.00 n=2 [id=24 static=1 gap=6.14m d=0.15 size=0.16; id=29 static=1 gap=0.75m d=-0.11 size=0.32]
1786797447.811 [STATIC_OT] state=TRAILING path_exists=0 path_locked=0 path_ttl_ok=0 path_safe=0 on_spline=0 speed=0.00 raw_wpnts=0 raw_age=-s decision=TRAILING reason=NO_STATIC_PATH
1786797448.036 [STATIC_OT] state=TRAILING path_exists=0 path_locked=0 path_ttl_ok=0 path_safe=0 on_spline=0 speed=0.00 raw_wpnts=0 raw_age=-s decision=TRAILING reason=NO_STATIC_PATH
1786797448.291 [STATIC_OT] state=TRAILING path_exists=0 path_locked=0 path_ttl_ok=0 path_safe=0 on_spline=0 speed=0.00 raw_wpnts=0 raw_age=-s decision=TRAILING reason=NO_STATIC_PATH
1786797448.420 [OBSTACLES] cur_s=1.63 cur_d=-0.16 vs=0.00 n=2 [id=24 static=1 gap=6.14m d=0.15 size=0.16; id=29 static=1 gap=0.73m d=-0.11 size=0.37]
1786797448.560 [STATIC_OT] state=TRAILING path_exists=0 path_locked=0 path_ttl_ok=0 path_safe=0 on_spline=0 speed=0.00 raw_wpnts=0 raw_age=-s decision=TRAILING reason=NO_STATIC_PATH
1786797448.773 [STATIC_OT] state=TRAILING path_exists=0 path_locked=0 path_ttl_ok=0 path_safe=0 on_spline=0 speed=0.00 raw_wpnts=0 raw_age=-s decision=TRAILING reason=NO_STATIC_PATH
1786797448.923 [OBSTACLES] cur_s=1.63 cur_d=-0.16 vs=0.00 n=2 [id=24 static=1 gap=6.08m d=0.15 size=0.26; id=29 static=1 gap=0.75m d=-0.11 size=0.33]
1786797449.008 [STATIC_OT] state=TRAILING path_exists=0 path_locked=0 path_ttl_ok=0 path_safe=0 on_spline=0 speed=0.00 raw_wpnts=0 raw_age=-s decision=TRAILING reason=NO_STATIC_PATH
1786797449.226 [STATIC_OT] state=TRAILING path_exists=1 path_locked=0 path_ttl_ok=1 path_safe=0 on_spline=1 speed=0.00 raw_wpnts=81 raw_age=0.55s decision=TRAILING reason=PATH_BLOCKED blocked_obs_id=24 gap=6.21m free_dist=-0.128m branch=static/geom
1786797449.436 [STATIC_OT] state=TRAILING path_exists=1 path_locked=0 path_ttl_ok=1 path_safe=0 on_spline=1 speed=0.00 raw_wpnts=81 raw_age=0.71s decision=TRAILING reason=PATH_BLOCKED blocked_obs_id=24 gap=6.22m free_dist=-0.13m branch=static/geom
1786797449.513 [OBSTACLES] cur_s=1.64 cur_d=-0.16 vs=0.00 n=2 [id=24 static=1 gap=6.13m d=0.15 size=0.16; id=29 static=1 gap=0.76m d=-0.10 size=0.32]
1786797449.706 [STATIC_OT] state=TRAILING path_exists=1 path_locked=0 path_ttl_ok=0 path_safe=0 on_spline=1 speed=0.00 raw_wpnts=0 raw_age=-s decision=TRAILING reason=NO_STATIC_PATH
1786797449.968 [STATIC_OT] state=TRAILING path_exists=1 path_locked=0 path_ttl_ok=0 path_safe=0 on_spline=1 speed=0.00 raw_wpnts=0 raw_age=-s decision=TRAILING reason=NO_STATIC_PATH
1786797450.049 [OBSTACLES] cur_s=1.63 cur_d=-0.16 vs=0.00 n=1 [id=24 static=1 gap=6.08m d=0.15 size=0.27]
1786797450.176 [STATIC_OT] state=TRAILING path_exists=1 path_locked=0 path_ttl_ok=0 path_safe=0 on_spline=1 speed=0.00 raw_wpnts=0 raw_age=-s decision=TRAILING reason=NO_STATIC_PATH
1786797450.490 [STATIC_OT] state=TRAILING path_exists=1 path_locked=0 path_ttl_ok=0 path_safe=0 on_spline=1 speed=0.00 raw_wpnts=0 raw_age=-s decision=TRAILING reason=NO_STATIC_PATH
1786797450.569 [OBSTACLES] cur_s=1.63 cur_d=-0.16 vs=0.00 n=1 [id=24 static=1 gap=6.07m d=0.15 size=0.26]
1786797450.769 [STATIC_OT] state=TRAILING path_exists=1 path_locked=0 path_ttl_ok=0 path_safe=0 on_spline=1 speed=0.00 raw_wpnts=0 raw_age=-s decision=TRAILING reason=NO_STATIC_PATH
1786797451.034 [STATIC_OT] state=TRAILING path_exists=1 path_locked=0 path_ttl_ok=0 path_safe=0 on_spline=1 speed=0.00 raw_wpnts=0 raw_age=-s decision=TRAILING reason=NO_STATIC_PATH
1786797451.087 [OBSTACLES] cur_s=1.63 cur_d=-0.16 vs=0.00 n=1 [id=24 static=1 gap=6.08m d=0.15 size=0.26]
1786797451.263 [STATIC_OT] state=TRAILING path_exists=1 path_locked=0 path_ttl_ok=0 path_safe=0 on_spline=1 speed=0.00 raw_wpnts=0 raw_age=-s decision=TRAILING reason=NO_STATIC_PATH
1786797451.496 [STATIC_OT] state=TRAILING path_exists=0 path_locked=0 path_ttl_ok=0 path_safe=0 on_spline=0 speed=0.00 raw_wpnts=0 raw_age=-s decision=TRAILING reason=NO_STATIC_PATH
1786797451.690 [OBSTACLES] cur_s=1.64 cur_d=-0.16 vs=0.00 n=1 [id=24 static=1 gap=6.07m d=0.15 size=0.26]
1786797451.812 [STATIC_OT] state=TRAILING path_exists=0 path_locked=0 path_ttl_ok=0 path_safe=0 on_spline=0 speed=0.00 raw_wpnts=0 raw_age=-s decision=TRAILING reason=NO_STATIC_PATH
1786797452.048 [STATIC_OT] state=TRAILING path_exists=0 path_locked=0 path_ttl_ok=0 path_safe=0 on_spline=0 speed=0.00 raw_wpnts=0 raw_age=-s decision=TRAILING reason=NO_STATIC_PATH
1786797452.218 [OBSTACLES] cur_s=1.64 cur_d=-0.16 vs=0.00 n=1 [id=24 static=1 gap=6.07m d=0.15 size=0.26]
1786797452.310 [STATIC_OT] state=TRAILING path_exists=0 path_locked=0 path_ttl_ok=0 path_safe=0 on_spline=0 speed=0.00 raw_wpnts=0 raw_age=-s decision=TRAILING reason=NO_STATIC_PATH
1786797452.591 [STATIC_OT] state=TRAILING path_exists=0 path_locked=0 path_ttl_ok=0 path_safe=0 on_spline=0 speed=0.00 raw_wpnts=0 raw_age=-s decision=TRAILING reason=NO_STATIC_PATH
1786797452.759 [OBSTACLES] cur_s=1.63 cur_d=-0.15 vs=0.09 n=1 [id=24 static=1 gap=6.07m d=0.15 size=0.26]
1786797452.815 [STATIC_OT] state=TRAILING path_exists=0 path_locked=0 path_ttl_ok=0 path_safe=0 on_spline=0 speed=0.20 raw_wpnts=0 raw_age=-s decision=TRAILING reason=NO_STATIC_PATH
1786797453.132 [STATIC_OT] state=TRAILING path_exists=0 path_locked=0 path_ttl_ok=0 path_safe=0 on_spline=0 speed=0.87 raw_wpnts=0 raw_age=-s decision=TRAILING reason=NO_STATIC_PATH
1786797453.260 [OBSTACLES] cur_s=2.07 cur_d=0.05 vs=1.42 n=1 [id=24 static=1 gap=5.63m d=0.15 size=0.28]
1786797453.386 [STATIC_OT] state=TRAILING path_exists=0 path_locked=0 path_ttl_ok=0 path_safe=0 on_spline=0 speed=1.88 raw_wpnts=0 raw_age=-s decision=TRAILING reason=NO_STATIC_PATH
1786797453.712 [STATIC_OT] state=TRAILING path_exists=0 path_locked=0 path_ttl_ok=0 path_safe=0 on_spline=0 speed=1.86 raw_wpnts=0 raw_age=-s decision=TRAILING reason=NO_STATIC_PATH
1786797453.799 [OBSTACLES] cur_s=3.17 cur_d=0.06 vs=1.71 n=1 [id=24 static=1 gap=4.52m d=0.15 size=0.30]
1786797453.940 [STATIC_OT] state=TRAILING path_exists=0 path_locked=0 path_ttl_ok=0 path_safe=0 on_spline=0 speed=1.37 raw_wpnts=0 raw_age=-s decision=TRAILING reason=NO_STATIC_PATH
1786797454.015 [STATE_CHANGE] TRAILING -> OVERTAKE src=OVERTAKE s=3.27 d=0.07 vs=1.28
1786797454.324 [OBSTACLES] cur_s=3.56 cur_d=0.03 vs=1.01 n=1 [id=24 static=1 gap=4.13m d=0.16 size=0.29]
1786797454.879 [OBSTACLES] cur_s=4.99 cur_d=0.03 vs=2.79 n=1 [id=24 static=1 gap=2.71m d=0.16 size=0.27]
1786797455.413 [OBSTACLES] cur_s=6.47 cur_d=0.19 vs=2.83 n=1 [id=24 static=1 gap=1.23m d=0.16 size=0.25]
1786797455.973 [OBSTACLES] cur_s=7.64 cur_d=0.44 vs=2.51 n=1 [id=24 static=1 gap=0.06m d=0.16 size=0.25]
1786797456.543 [OBSTACLES] cur_s=9.14 cur_d=-0.03 vs=2.58 n=0 [none]
1786797457.059 [OBSTACLES] cur_s=10.63 cur_d=0.26 vs=2.45 n=0 [none]
1786797457.596 [OBSTACLES] cur_s=11.87 cur_d=-0.01 vs=2.18 n=0 [none]
1786797458.118 [OBSTACLES] cur_s=13.18 cur_d=0.00 vs=3.21 n=0 [none]
1786797458.200 [STATE_CHANGE] OVERTAKE -> RECOVERY src=RECOVERY s=13.53 d=0.10 vs=3.22
1786797458.645 [OBSTACLES] cur_s=14.68 cur_d=0.32 vs=3.06 n=0 [none]
1786797459.179 [OBSTACLES] cur_s=15.95 cur_d=-0.45 vs=2.03 n=0 [none]
1786797459.799 [OBSTACLES] cur_s=17.07 cur_d=-0.12 vs=2.34 n=1 [id=32 static=1 gap=4.24m d=0.49 size=0.29]
1786797459.960 [STATE_CHANGE] RECOVERY -> GB_TRACK src=GB_TRACK s=17.32 d=-0.01 vs=2.36
1786797460.168 [STATIC_OT] state=GB_TRACK path_exists=1 path_locked=0 path_ttl_ok=1 path_safe=0 on_spline=1 speed=2.66 raw_wpnts=108 raw_age=0.63s decision=TRAILING reason=PATH_BLOCKED blocked_obs_id=32 gap=3.59m free_dist=0.097m branch=static/geom
1786797460.168 [STATE_CHANGE] GB_TRACK -> TRAILING src=GB_TRACK s=17.83 d=0.21 vs=2.66
1786797460.395 [OBSTACLES] cur_s=18.56 cur_d=0.22 vs=3.22 n=1 [id=32 static=1 gap=2.71m d=0.39 size=0.29]
1786797460.406 [STATIC_OT] state=TRAILING path_exists=1 path_locked=0 path_ttl_ok=1 path_safe=1 on_spline=1 speed=3.22 raw_wpnts=101 raw_age=0.54s decision=OVERTAKE
1786797460.407 [STATE_CHANGE] TRAILING -> OVERTAKE src=OVERTAKE s=18.56 d=0.22 vs=3.22
1786797461.025 [OBSTACLES] cur_s=20.92 cur_d=0.03 vs=3.37 n=1 [id=32 static=1 gap=0.33m d=0.38 size=0.28]
1786797461.639 [OBSTACLES] cur_s=22.98 cur_d=-0.00 vs=3.38 n=0 [none]
1786797462.148 [OBSTACLES] cur_s=24.34 cur_d=-0.11 vs=3.40 n=0 [none]
1786797462.672 [OBSTACLES] cur_s=26.10 cur_d=0.18 vs=3.44 n=0 [none]
1786797462.901 [STATE_CHANGE] OVERTAKE -> LOSTLINE src=GB_TRACK s=26.88 d=0.11 vs=3.42
1786797463.002 [STATE_CHANGE] LOSTLINE -> GB_TRACK src=GB_TRACK s=27.51 d=0.05 vs=3.43
1786797463.181 [OBSTACLES] cur_s=28.04 cur_d=0.07 vs=3.42 n=0 [none]
1786797463.698 [OBSTACLES] cur_s=29.75 cur_d=0.28 vs=3.44 n=0 [none]
1786797463.722 [STATE_CHANGE] GB_TRACK -> RECOVERY src=RECOVERY s=29.83 d=0.29 vs=3.42
1786797464.236 [OBSTACLES] cur_s=31.36 cur_d=0.23 vs=3.08 n=0 [none]
1786797464.748 [OBSTACLES] cur_s=33.09 cur_d=0.26 vs=3.18 n=0 [none]
1786797465.013 [STATIC_OT] state=RECOVERY path_exists=0 path_locked=0 path_ttl_ok=0 path_safe=0 on_spline=0 speed=3.34 raw_wpnts=0 raw_age=-s decision=TRAILING reason=NO_STATIC_PATH
1786797465.014 [STATE_CHANGE] RECOVERY -> TRAILING src=RECOVERY s=34.00 d=0.29 vs=3.34
1786797465.325 [OBSTACLES] cur_s=0.82 cur_d=0.25 vs=3.41 n=1 [id=33 static=1 gap=7.31m d=-0.11 size=0.28]
1786797465.332 [STATIC_OT] state=TRAILING path_exists=0 path_locked=0 path_ttl_ok=0 path_safe=0 on_spline=0 speed=3.41 raw_wpnts=0 raw_age=-s decision=TRAILING reason=NO_STATIC_PATH
1786797465.639 [STATIC_OT] state=TRAILING path_exists=0 path_locked=0 path_ttl_ok=0 path_safe=0 on_spline=0 speed=2.71 raw_wpnts=0 raw_age=-s decision=TRAILING reason=NO_STATIC_PATH
1786797465.830 [OBSTACLES] cur_s=2.10 cur_d=0.22 vs=2.36 n=1 [id=33 static=1 gap=5.91m d=-0.08 size=0.29]
1786797465.852 [STATIC_OT] state=TRAILING path_exists=0 path_locked=0 path_ttl_ok=0 path_safe=0 on_spline=0 speed=2.36 raw_wpnts=0 raw_age=-s decision=TRAILING reason=NO_STATIC_PATH
1786797466.126 [STATIC_OT] state=TRAILING path_exists=1 path_locked=0 path_ttl_ok=1 path_safe=1 on_spline=1 speed=1.83 raw_wpnts=118 raw_age=0.27s decision=OVERTAKE
1786797466.130 [STATE_CHANGE] TRAILING -> OVERTAKE src=OVERTAKE s=2.58 d=0.19 vs=1.83
1786797466.344 [OBSTACLES] cur_s=3.08 cur_d=0.11 vs=1.67 n=1 [id=33 static=1 gap=4.88m d=-0.06 size=0.32]
1786797466.863 [OBSTACLES] cur_s=4.52 cur_d=0.07 vs=3.34 n=1 [id=33 static=1 gap=3.45m d=-0.04 size=0.28]
1786797467.419 [OBSTACLES] cur_s=6.23 cur_d=0.30 vs=3.21 n=1 [id=33 static=1 gap=1.75m d=-0.04 size=0.26]
1786797467.996 [OBSTACLES] cur_s=7.80 cur_d=0.16 vs=2.10 n=1 [id=33 static=1 gap=0.09m d=-0.04 size=0.40]
1786797468.531 [OBSTACLES] cur_s=9.32 cur_d=-0.03 vs=2.74 n=0 [none]
1786797469.102 [OBSTACLES] cur_s=10.89 cur_d=0.18 vs=2.59 n=0 [none]
1786797469.684 [OBSTACLES] cur_s=12.42 cur_d=0.11 vs=2.75 n=0 [none]
1786797470.059 [STATE_CHANGE] OVERTAKE -> LOSTLINE src=GB_TRACK s=13.77 d=0.13 vs=3.38
1786797470.141 [STATE_CHANGE] LOSTLINE -> GB_TRACK src=GB_TRACK s=13.99 d=0.16 vs=3.39
1786797470.246 [OBSTACLES] cur_s=14.42 cur_d=0.19 vs=3.21 n=0 [none]
1786797470.809 [OBSTACLES] cur_s=15.91 cur_d=-0.20 vs=2.25 n=0 [none]
1786797471.311 [OBSTACLES] cur_s=16.80 cur_d=-0.02 vs=2.37 n=1 [id=35 static=1 gap=4.51m d=0.46 size=0.28]
1786797471.776 [STATIC_OT] state=GB_TRACK path_exists=1 path_locked=0 path_ttl_ok=1 path_safe=1 on_spline=1 speed=2.95 raw_wpnts=108 raw_age=0.50s decision=OVERTAKE
1786797471.780 [STATE_CHANGE] GB_TRACK -> OVERTAKE src=OVERTAKE s=17.87 d=0.20 vs=2.95
1786797471.905 [OBSTACLES] cur_s=18.25 cur_d=0.18 vs=3.23 n=1 [id=35 static=1 gap=2.98m d=0.41 size=0.26]
1786797472.187 [STATIC_OT] state=OVERTAKE path_exists=1 path_locked=1 path_ttl_ok=1 path_safe=1 on_spline=1 speed=3.34 raw_wpnts=101 raw_age=0.59s decision=OVERTAKE
1786797472.467 [OBSTACLES] cur_s=19.86 cur_d=-0.03 vs=3.43 n=1 [id=35 static=1 gap=1.26m d=0.36 size=0.26]
1786797472.974 [OBSTACLES] cur_s=21.82 cur_d=0.15 vs=3.38 n=1 [id=35 static=0 gap=0.44m d=0.36 size=0.33]
1786797473.075 [STATIC_OT] state=OVERTAKE path_exists=1 path_locked=1 path_ttl_ok=0 path_safe=0 on_spline=1 speed=3.33 raw_wpnts=0 raw_age=-s decision=TRAILING reason=NO_STATIC_PATH
1786797473.077 [STATE_CHANGE] OVERTAKE -> TRAILING src=GB_TRACK s=22.19 d=0.05 vs=3.33
1786797473.182 [STATE_CHANGE] TRAILING -> LOSTLINE src=GB_TRACK s=22.75 d=-0.06 vs=3.31
1786797473.428 [STATE_CHANGE] LOSTLINE -> GB_TRACK src=GB_TRACK s=23.44 d=-0.21 vs=3.12
1786797473.513 [OBSTACLES] cur_s=23.66 cur_d=-0.25 vs=3.26 n=0 [none]
1786797474.019 [OBSTACLES] cur_s=25.45 cur_d=0.05 vs=3.36 n=0 [none]
1786797474.592 [OBSTACLES] cur_s=27.06 cur_d=0.20 vs=3.18 n=0 [none]
1786797475.110 [OBSTACLES] cur_s=28.98 cur_d=0.27 vs=3.30 n=0 [none]
1786797475.189 [STATE_CHANGE] GB_TRACK -> LOSTLINE src=GB_TRACK s=29.23 d=0.30 vs=3.33
1786797475.412 [STATE_CHANGE] LOSTLINE -> RECOVERY src=RECOVERY s=29.95 d=0.39 vs=3.41
1786797475.674 [OBSTACLES] cur_s=30.72 cur_d=0.38 vs=3.42 n=0 [none]
1786797476.174 [OBSTACLES] cur_s=32.49 cur_d=0.17 vs=3.04 n=0 [none]
1786797476.732 [OBSTACLES] cur_s=34.39 cur_d=0.26 vs=3.43 n=0 [none]
1786797477.257 [OBSTACLES] cur_s=1.54 cur_d=0.22 vs=3.44 n=0 [none]
1786797477.838 [OBSTACLES] cur_s=3.90 cur_d=0.01 vs=3.42 n=0 [none]
1786797477.839 [STATE_CHANGE] RECOVERY -> GB_TRACK src=GB_TRACK s=3.90 d=0.01 vs=3.42
1786797478.421 [OBSTACLES] cur_s=5.40 cur_d=-0.11 vs=3.45 n=0 [none]
1786797478.967 [OBSTACLES] cur_s=7.44 cur_d=-0.08 vs=3.44 n=0 [none]
1786797479.469 [OBSTACLES] cur_s=9.29 cur_d=-0.11 vs=3.34 n=0 [none]
1786797479.970 [OBSTACLES] cur_s=10.63 cur_d=0.14 vs=2.56 n=0 [none]
1786797480.506 [OBSTACLES] cur_s=12.12 cur_d=0.15 vs=2.42 n=0 [none]
1786797481.036 [OBSTACLES] cur_s=13.58 cur_d=0.17 vs=3.35 n=0 [none]
1786797481.590 [OBSTACLES] cur_s=15.38 cur_d=-0.12 vs=2.47 n=0 [none]
1786797482.093 [OBSTACLES] cur_s=16.32 cur_d=-0.14 vs=2.41 n=0 [none]
1786797482.291 [STATIC_OT] state=GB_TRACK path_exists=0 path_locked=0 path_ttl_ok=0 path_safe=0 on_spline=0 speed=2.35 raw_wpnts=0 raw_age=-s decision=TRAILING reason=NO_STATIC_PATH
1786797482.291 [STATE_CHANGE] GB_TRACK -> TRAILING src=GB_TRACK s=16.73 d=-0.01 vs=2.35
1786797482.594 [STATIC_OT] state=TRAILING path_exists=0 path_locked=0 path_ttl_ok=0 path_safe=0 on_spline=0 speed=2.53 raw_wpnts=0 raw_age=-s decision=TRAILING reason=NO_STATIC_PATH
1786797482.722 [OBSTACLES] cur_s=17.41 cur_d=0.18 vs=2.65 n=0 [none]
1786797482.735 [STATE_CHANGE] TRAILING -> LOSTLINE src=GB_TRACK s=17.41 d=0.18 vs=2.65
1786797482.838 [STATE_CHANGE] LOSTLINE -> GB_TRACK src=GB_TRACK s=17.76 d=0.27 vs=2.85
1786797483.225 [OBSTACLES] cur_s=19.15 cur_d=0.03 vs=3.36 n=0 [none]
1786797483.748 [OBSTACLES] cur_s=21.07 cur_d=0.08 vs=3.44 n=1 [id=40 static=1 gap=8.53m d=-1.60 size=0.28]
1786797484.280 [OBSTACLES] cur_s=23.36 cur_d=-0.28 vs=3.43 n=1 [id=40 static=0 gap=6.86m d=-1.23 size=0.38]
1786797484.336 [STATIC_OT] state=GB_TRACK path_exists=0 path_locked=0 path_ttl_ok=0 path_safe=0 on_spline=0 speed=3.44 raw_wpnts=0 raw_age=-s decision=TRAILING reason=NO_STATIC_PATH
1786797484.337 [STATE_CHANGE] GB_TRACK -> TRAILING src=GB_TRACK s=23.55 d=-0.29 vs=3.44
1786797484.456 [STATE_CHANGE] TRAILING -> LOSTLINE src=GB_TRACK s=23.87 d=-0.29 vs=3.43
1786797484.526 [STATE_CHANGE] LOSTLINE -> GB_TRACK src=GB_TRACK s=24.03 d=-0.28 vs=3.41
1786797495.159 [OBSTACLES] cur_s=24.85 cur_d=0.12 vs=0.00 n=0 [none]
1786797495.673 [OBSTACLES] cur_s=24.85 cur_d=0.12 vs=0.00 n=0 [none]
1786797496.194 [OBSTACLES] cur_s=24.85 cur_d=0.12 vs=0.00 n=0 [none]
1786797496.715 [OBSTACLES] cur_s=24.85 cur_d=0.12 vs=0.00 n=0 [none]
1786797497.265 [OBSTACLES] cur_s=24.85 cur_d=0.12 vs=0.00 n=0 [none]
1786797497.780 [OBSTACLES] cur_s=24.85 cur_d=0.12 vs=0.00 n=0 [none]
1786797498.289 [OBSTACLES] cur_s=24.85 cur_d=0.12 vs=0.00 n=0 [none]
1786797498.827 [OBSTACLES] cur_s=24.85 cur_d=0.12 vs=0.00 n=0 [none]
1786797499.346 [OBSTACLES] cur_s=24.85 cur_d=0.12 vs=0.00 n=0 [none]
1786797499.851 [OBSTACLES] cur_s=24.85 cur_d=0.12 vs=0.00 n=0 [none]
1786797500.371 [OBSTACLES] cur_s=24.85 cur_d=0.12 vs=0.00 n=0 [none]
1786797500.875 [OBSTACLES] cur_s=24.85 cur_d=0.12 vs=0.00 n=0 [none]
1786797501.417 [OBSTACLES] cur_s=24.85 cur_d=0.12 vs=0.00 n=0 [none]
1786797501.947 [OBSTACLES] cur_s=24.85 cur_d=0.12 vs=0.00 n=0 [none]
1786797502.458 [OBSTACLES] cur_s=24.85 cur_d=0.12 vs=0.00 n=0 [none]
1786797502.976 [OBSTACLES] cur_s=24.85 cur_d=0.12 vs=0.00 n=0 [none]
1786797503.496 [OBSTACLES] cur_s=24.85 cur_d=0.12 vs=0.00 n=0 [none]
1786797504.007 [OBSTACLES] cur_s=24.85 cur_d=0.12 vs=0.00 n=0 [none]
1786797504.508 [OBSTACLES] cur_s=24.85 cur_d=0.12 vs=0.00 n=0 [none]
