# static_avoidance_node debug log started 20260815_191010
1786788615.261 [STATIC_AVOID] obs_id=- obs_dist=-m obs_s=- ego_s=6.14 side=- | left_clearance=- right_clearance=- candidate_valid=false rung=- | cache_used=false path_age=- path_points=0 planning_time_ms=0.2 | reason=no_static_obstacle_in_range | cache_reason=no_cache
1786788615.761 [STATIC_AVOID] obs_id=- obs_dist=-m obs_s=- ego_s=6.13 side=- | left_clearance=- right_clearance=- candidate_valid=false rung=- | cache_used=false path_age=- path_points=0 planning_time_ms=0.2 | reason=no_static_obstacle_in_range | cache_reason=no_cache
1786788616.320 [STATIC_AVOID] obs_id=- obs_dist=-m obs_s=- ego_s=6.13 side=- | left_clearance=- right_clearance=- candidate_valid=false rung=- | cache_used=false path_age=- path_points=0 planning_time_ms=0.1 | reason=no_static_obstacle_in_range | cache_reason=no_cache
1786788616.871 [STATIC_AVOID] obs_id=- obs_dist=-m obs_s=- ego_s=6.13 side=- | left_clearance=- right_clearance=- candidate_valid=false rung=- | cache_used=false path_age=- path_points=0 planning_time_ms=0.1 | reason=no_static_obstacle_in_range | cache_reason=no_cache
1786788617.408 [STATIC_AVOID] obs_id=- obs_dist=-m obs_s=- ego_s=6.13 side=- | left_clearance=- right_clearance=- candidate_valid=false rung=- | cache_used=false path_age=- path_points=0 planning_time_ms=0.1 | reason=no_static_obstacle_in_range | cache_reason=no_cache
1786788617.908 [STATIC_AVOID] obs_id=- obs_dist=-m obs_s=- ego_s=6.13 side=- | left_clearance=- right_clearance=- candidate_valid=false rung=- | cache_used=false path_age=- path_points=0 planning_time_ms=0.1 | reason=no_static_obstacle_in_range | cache_reason=no_cache
1786788618.436 [STATIC_AVOID] obs_id=- obs_dist=-m obs_s=- ego_s=6.13 side=- | left_clearance=- right_clearance=- candidate_valid=false rung=- | cache_used=false path_age=- path_points=0 planning_time_ms=0.2 | reason=no_static_obstacle_in_range | cache_reason=no_cache
1786788618.958 [STATIC_AVOID] obs_id=- obs_dist=-m obs_s=- ego_s=6.14 side=- | left_clearance=- right_clearance=- candidate_valid=false rung=- | cache_used=false path_age=- path_points=0 planning_time_ms=0.1 | reason=no_static_obstacle_in_range | cache_reason=no_cache
1786788619.465 [STATIC_AVOID] obs_id=- obs_dist=-m obs_s=- ego_s=6.15 side=- | left_clearance=- right_clearance=- candidate_valid=false rung=- | cache_used=false path_age=- path_points=0 planning_time_ms=0.1 | reason=no_static_obstacle_in_range | cache_reason=no_cache
1786788620.007 [STATIC_AVOID] obs_id=- obs_dist=-m obs_s=- ego_s=33.73 side=- | left_clearance=- right_clearance=- candidate_valid=false rung=- | cache_used=false path_age=- path_points=0 planning_time_ms=0.1 | reason=no_static_obstacle_in_range | cache_reason=no_cache
1786788620.516 [STATIC_AVOID] obs_id=- obs_dist=-m obs_s=- ego_s=33.67 side=- | left_clearance=- right_clearance=- candidate_valid=false rung=- | cache_used=false path_age=- path_points=0 planning_time_ms=0.1 | reason=no_static_obstacle_in_range | cache_reason=no_cache
1786788621.057 [STATIC_AVOID] obs_id=- obs_dist=-m obs_s=- ego_s=33.67 side=- | left_clearance=- right_clearance=- candidate_valid=false rung=- | cache_used=false path_age=- path_points=0 planning_time_ms=0.1 | reason=no_static_obstacle_in_range | cache_reason=no_cache
1786788621.571 [STATIC_AVOID] obs_id=- obs_dist=-m obs_s=- ego_s=33.67 side=- | left_clearance=- right_clearance=- candidate_valid=false rung=- | cache_used=false path_age=- path_points=0 planning_time_ms=8.2 | reason=no_static_obstacle_in_range | cache_reason=no_cache
1786788622.111 [STATIC_AVOID] obs_id=- obs_dist=-m obs_s=- ego_s=33.67 side=- | left_clearance=- right_clearance=- candidate_valid=false rung=- | cache_used=false path_age=- path_points=0 planning_time_ms=0.2 | reason=no_static_obstacle_in_range | cache_reason=no_cache
1786788622.665 [STATIC_AVOID] obs_id=- obs_dist=-m obs_s=- ego_s=33.67 side=- | left_clearance=- right_clearance=- candidate_valid=false rung=- | cache_used=false path_age=- path_points=0 planning_time_ms=0.1 | reason=no_static_obstacle_in_range | cache_reason=no_cache
1786788623.215 [STATIC_AVOID] obs_id=- obs_dist=-m obs_s=- ego_s=33.67 side=- | left_clearance=- right_clearance=- candidate_valid=false rung=- | cache_used=false path_age=- path_points=0 planning_time_ms=0.1 | reason=no_static_obstacle_in_range | cache_reason=no_cache
1786788623.762 [STATIC_AVOID] obs_id=- obs_dist=-m obs_s=- ego_s=33.67 side=- | left_clearance=- right_clearance=- candidate_valid=false rung=- | cache_used=false path_age=- path_points=0 planning_time_ms=0.1 | reason=no_static_obstacle_in_range | cache_reason=no_cache
1786788624.267 [STATIC_AVOID] obs_id=- obs_dist=-m obs_s=- ego_s=34.10 side=- | left_clearance=- right_clearance=- candidate_valid=false rung=- | cache_used=false path_age=- path_points=0 planning_time_ms=0.1 | reason=no_static_obstacle_in_range | cache_reason=no_cache
1786788624.812 [STATIC_AVOID] obs_id=- obs_dist=-m obs_s=- ego_s=33.69 side=- | left_clearance=- right_clearance=- candidate_valid=false rung=- | cache_used=false path_age=- path_points=0 planning_time_ms=0.1 | reason=no_static_obstacle_in_range | cache_reason=no_cache
1786788625.313 [STATIC_AVOID] obs_id=- obs_dist=-m obs_s=- ego_s=33.69 side=- | left_clearance=- right_clearance=- candidate_valid=false rung=- | cache_used=false path_age=- path_points=0 planning_time_ms=0.1 | reason=no_static_obstacle_in_range | cache_reason=no_cache
1786788625.863 [STATIC_AVOID] obs_id=- obs_dist=-m obs_s=- ego_s=33.69 side=- | left_clearance=- right_clearance=- candidate_valid=false rung=- | cache_used=false path_age=- path_points=0 planning_time_ms=0.1 | reason=no_static_obstacle_in_range | cache_reason=no_cache
1786788626.422 [STATIC_AVOID] obs_id=- obs_dist=-m obs_s=- ego_s=33.69 side=- | left_clearance=- right_clearance=- candidate_valid=false rung=- | cache_used=false path_age=- path_points=0 planning_time_ms=0.2 | reason=no_static_obstacle_in_range | cache_reason=no_cache
1786788626.957 [STATIC_AVOID] obs_id=- obs_dist=-m obs_s=- ego_s=33.69 side=- | left_clearance=- right_clearance=- candidate_valid=false rung=- | cache_used=false path_age=- path_points=0 planning_time_ms=0.1 | reason=no_static_obstacle_in_range | cache_reason=no_cache
1786788627.473 [STATIC_AVOID] obs_id=- obs_dist=-m obs_s=- ego_s=33.70 side=- | left_clearance=- right_clearance=- candidate_valid=false rung=- | cache_used=false path_age=- path_points=0 planning_time_ms=0.1 | reason=no_static_obstacle_in_range | cache_reason=no_cache
1786788628.011 [STATIC_AVOID] obs_id=- obs_dist=-m obs_s=- ego_s=33.70 side=- | left_clearance=- right_clearance=- candidate_valid=false rung=- | cache_used=false path_age=- path_points=0 planning_time_ms=0.1 | reason=no_static_obstacle_in_range | cache_reason=no_cache
1786788628.528 [STATIC_AVOID] obs_id=- obs_dist=-m obs_s=- ego_s=33.69 side=- | left_clearance=- right_clearance=- candidate_valid=false rung=- | cache_used=false path_age=- path_points=0 planning_time_ms=0.2 | reason=no_static_obstacle_in_range | cache_reason=no_cache
1786788629.067 [STATIC_AVOID] obs_id=- obs_dist=-m obs_s=- ego_s=33.70 side=- | left_clearance=- right_clearance=- candidate_valid=false rung=- | cache_used=false path_age=- path_points=0 planning_time_ms=0.1 | reason=no_static_obstacle_in_range | cache_reason=no_cache
1786788629.616 [STATIC_AVOID] obs_id=- obs_dist=-m obs_s=- ego_s=33.69 side=- | left_clearance=- right_clearance=- candidate_valid=false rung=- | cache_used=false path_age=- path_points=0 planning_time_ms=0.1 | reason=no_static_obstacle_in_range | cache_reason=no_cache
1786788630.169 [STATIC_AVOID] obs_id=- obs_dist=-m obs_s=- ego_s=33.25 side=- | left_clearance=- right_clearance=- candidate_valid=false rung=- | cache_used=false path_age=- path_points=0 planning_time_ms=0.2 | reason=no_static_obstacle_in_range | cache_reason=no_cache
1786788630.719 [STATIC_AVOID] obs_id=- obs_dist=-m obs_s=- ego_s=33.26 side=- | left_clearance=- right_clearance=- candidate_valid=false rung=- | cache_used=false path_age=- path_points=0 planning_time_ms=0.1 | reason=no_static_obstacle_in_range | cache_reason=no_cache
1786788631.268 [STATIC_AVOID] obs_id=- obs_dist=-m obs_s=- ego_s=33.24 side=- | left_clearance=- right_clearance=- candidate_valid=false rung=- | cache_used=false path_age=- path_points=0 planning_time_ms=0.1 | reason=no_static_obstacle_in_range | cache_reason=no_cache
1786788631.813 [STATIC_AVOID] obs_id=- obs_dist=-m obs_s=- ego_s=33.24 side=- | left_clearance=- right_clearance=- candidate_valid=false rung=- | cache_used=false path_age=- path_points=0 planning_time_ms=0.1 | reason=no_static_obstacle_in_range | cache_reason=no_cache
1786788632.357 [STATIC_AVOID] obs_id=- obs_dist=-m obs_s=- ego_s=33.24 side=- | left_clearance=- right_clearance=- candidate_valid=false rung=- | cache_used=false path_age=- path_points=0 planning_time_ms=0.1 | reason=no_static_obstacle_in_range | cache_reason=no_cache
1786788632.875 [STATIC_AVOID] obs_id=- obs_dist=-m obs_s=- ego_s=33.24 side=- | left_clearance=- right_clearance=- candidate_valid=false rung=- | cache_used=false path_age=- path_points=0 planning_time_ms=0.1 | reason=no_static_obstacle_in_range | cache_reason=no_cache
1786788633.413 [STATIC_AVOID] obs_id=- obs_dist=-m obs_s=- ego_s=33.25 side=- | left_clearance=- right_clearance=- candidate_valid=false rung=- | cache_used=false path_age=- path_points=0 planning_time_ms=0.1 | reason=no_static_obstacle_in_range | cache_reason=no_cache
1786788633.914 [STATIC_AVOID] obs_id=- obs_dist=-m obs_s=- ego_s=33.25 side=- | left_clearance=- right_clearance=- candidate_valid=false rung=- | cache_used=false path_age=- path_points=0 planning_time_ms=0.1 | reason=no_static_obstacle_in_range | cache_reason=no_cache
1786788634.463 [STATIC_AVOID] obs_id=- obs_dist=-m obs_s=- ego_s=33.21 side=- | left_clearance=- right_clearance=- candidate_valid=false rung=- | cache_used=false path_age=- path_points=0 planning_time_ms=0.1 | reason=no_static_obstacle_in_range | cache_reason=no_cache
1786788635.015 [STATIC_AVOID] obs_id=- obs_dist=-m obs_s=- ego_s=33.38 side=- | left_clearance=- right_clearance=- candidate_valid=false rung=- | cache_used=false path_age=- path_points=0 planning_time_ms=3.3 | reason=no_static_obstacle_in_range | cache_reason=no_cache
1786788635.522 [STATIC_AVOID] obs_id=- obs_dist=-m obs_s=- ego_s=33.72 side=- | left_clearance=- right_clearance=- candidate_valid=false rung=- | cache_used=false path_age=- path_points=0 planning_time_ms=0.1 | reason=no_static_obstacle_in_range | cache_reason=no_cache
1786788636.062 [STATIC_AVOID] obs_id=- obs_dist=-m obs_s=- ego_s=34.10 side=- | left_clearance=- right_clearance=- candidate_valid=false rung=- | cache_used=false path_age=- path_points=0 planning_time_ms=0.1 | reason=no_static_obstacle_in_range | cache_reason=no_cache
1786788636.565 [STATIC_AVOID] obs_id=- obs_dist=-m obs_s=- ego_s=33.94 side=- | left_clearance=- right_clearance=- candidate_valid=false rung=- | cache_used=false path_age=- path_points=0 planning_time_ms=0.1 | reason=no_static_obstacle_in_range | cache_reason=no_cache
1786788637.115 [STATIC_AVOID] obs_id=- obs_dist=-m obs_s=- ego_s=33.94 side=- | left_clearance=- right_clearance=- candidate_valid=false rung=- | cache_used=false path_age=- path_points=0 planning_time_ms=0.1 | reason=no_static_obstacle_in_range | cache_reason=no_cache
1786788637.666 [STATIC_AVOID] obs_id=- obs_dist=-m obs_s=- ego_s=33.93 side=- | left_clearance=- right_clearance=- candidate_valid=false rung=- | cache_used=false path_age=- path_points=0 planning_time_ms=0.1 | reason=no_static_obstacle_in_range | cache_reason=no_cache
1786788638.207 [STATIC_AVOID] obs_id=- obs_dist=-m obs_s=- ego_s=33.90 side=- | left_clearance=- right_clearance=- candidate_valid=false rung=- | cache_used=false path_age=- path_points=0 planning_time_ms=0.1 | reason=no_static_obstacle_in_range | cache_reason=no_cache
1786788638.726 [STATIC_AVOID] obs_id=- obs_dist=-m obs_s=- ego_s=33.93 side=- | left_clearance=- right_clearance=- candidate_valid=false rung=- | cache_used=false path_age=- path_points=0 planning_time_ms=0.1 | reason=no_static_obstacle_in_range | cache_reason=no_cache
1786788639.283 [STATIC_AVOID] obs_id=7 obs_dist=-0.78m obs_s=33.26 ego_s=34.04 side=RIGHT | left_clearance=-0.30 right_clearance=0.46 candidate_valid=true rung=0 | cache_used=false path_age=0.000 path_points=81 planning_time_ms=9.2
1786788639.811 [STATIC_AVOID] obs_id=7 obs_dist=-0.85m obs_s=33.20 ego_s=34.05 side=RIGHT | left_clearance=-0.31 right_clearance=0.48 candidate_valid=true rung=0 | cache_used=false path_age=0.000 path_points=81 planning_time_ms=9.3
1786788640.316 [STATIC_AVOID] obs_id=- obs_dist=-m obs_s=- ego_s=34.11 side=- | left_clearance=- right_clearance=- candidate_valid=false rung=- | cache_used=false path_age=- path_points=0 planning_time_ms=0.1 | reason=no_static_obstacle_in_range | cache_reason=no_cache
1786788640.868 [STATIC_AVOID] obs_id=- obs_dist=-m obs_s=- ego_s=34.11 side=- | left_clearance=- right_clearance=- candidate_valid=false rung=- | cache_used=false path_age=- path_points=0 planning_time_ms=0.1 | reason=no_static_obstacle_in_range | cache_reason=no_cache
1786788641.408 [STATIC_AVOID] obs_id=- obs_dist=-m obs_s=- ego_s=34.11 side=- | left_clearance=- right_clearance=- candidate_valid=false rung=- | cache_used=false path_age=- path_points=0 planning_time_ms=0.1 | reason=no_static_obstacle_in_range | cache_reason=no_cache
1786788641.912 [STATIC_AVOID] obs_id=- obs_dist=-m obs_s=- ego_s=34.11 side=- | left_clearance=- right_clearance=- candidate_valid=false rung=- | cache_used=false path_age=- path_points=0 planning_time_ms=0.1 | reason=no_static_obstacle_in_range | cache_reason=no_cache
1786788642.462 [STATIC_AVOID] obs_id=- obs_dist=-m obs_s=- ego_s=34.15 side=- | left_clearance=- right_clearance=- candidate_valid=false rung=- | cache_used=false path_age=- path_points=0 planning_time_ms=0.2 | reason=no_static_obstacle_in_range | cache_reason=no_cache
1786788642.969 [STATIC_AVOID] obs_id=- obs_dist=-m obs_s=- ego_s=0.09 side=- | left_clearance=- right_clearance=- candidate_valid=false rung=- | cache_used=false path_age=- path_points=0 planning_time_ms=0.2 | reason=no_static_obstacle_in_range | cache_reason=no_cache
1786788643.507 [STATIC_AVOID] obs_id=- obs_dist=-m obs_s=- ego_s=0.79 side=- | left_clearance=- right_clearance=- candidate_valid=false rung=- | cache_used=false path_age=- path_points=0 planning_time_ms=0.1 | reason=no_static_obstacle_in_range | cache_reason=no_cache
1786788644.015 [STATIC_AVOID] obs_id=- obs_dist=-m obs_s=- ego_s=2.11 side=- | left_clearance=- right_clearance=- candidate_valid=false rung=- | cache_used=false path_age=- path_points=0 planning_time_ms=0.1 | reason=no_static_obstacle_in_range | cache_reason=no_cache
1786788644.580 [STATIC_AVOID] obs_id=5 obs_dist=5.31m obs_s=9.19 ego_s=3.88 side=LEFT | left_clearance=-0.02 right_clearance=0.10 candidate_valid=true rung=1 | cache_used=false path_age=0.000 path_points=120 planning_time_ms=14.5
1786788645.083 [STATIC_AVOID] obs_id=5 obs_dist=3.77m obs_s=9.19 ego_s=5.42 side=LEFT | left_clearance=0.07 right_clearance=0.11 candidate_valid=false rung=- | cache_used=false path_age=- path_points=0 planning_time_ms=3.8 | reason=track_too_narrow | cache_reason=cache_collision
1786788645.662 [STATIC_AVOID] obs_id=5 obs_dist=2.67m obs_s=9.19 ego_s=6.52 side=LEFT | left_clearance=0.00 right_clearance=0.10 candidate_valid=false rung=- | cache_used=false path_age=- path_points=0 planning_time_ms=16.6 | reason=track_too_narrow | cache_reason=cache_collision
1786788646.454 [STATIC_AVOID] obs_id=5 obs_dist=0.17m obs_s=9.19 ego_s=9.02 side=LEFT | left_clearance=-0.07 right_clearance=0.04 candidate_valid=true rung=1 | cache_used=false path_age=0.000 path_points=81 planning_time_ms=27.4
1786788646.957 [STATIC_AVOID] obs_id=- obs_dist=-m obs_s=- ego_s=10.89 side=- | left_clearance=- right_clearance=- candidate_valid=false rung=- | cache_used=false path_age=- path_points=0 planning_time_ms=0.1 | reason=no_static_obstacle_in_range | cache_reason=no_cache
1786788647.461 [STATIC_AVOID] obs_id=- obs_dist=-m obs_s=- ego_s=11.95 side=- | left_clearance=- right_clearance=- candidate_valid=false rung=- | cache_used=false path_age=- path_points=0 planning_time_ms=0.1 | reason=no_static_obstacle_in_range | cache_reason=no_cache
1786788648.020 [STATIC_AVOID] obs_id=- obs_dist=-m obs_s=- ego_s=13.50 side=- | left_clearance=- right_clearance=- candidate_valid=false rung=- | cache_used=false path_age=- path_points=0 planning_time_ms=0.1 | reason=no_static_obstacle_in_range | cache_reason=no_cache
1786788648.562 [STATIC_AVOID] obs_id=- obs_dist=-m obs_s=- ego_s=15.58 side=- | left_clearance=- right_clearance=- candidate_valid=false rung=- | cache_used=false path_age=- path_points=0 planning_time_ms=0.9 | reason=no_static_obstacle_in_range | cache_reason=no_cache
1786788649.062 [STATIC_AVOID] obs_id=- obs_dist=-m obs_s=- ego_s=16.54 side=- | left_clearance=- right_clearance=- candidate_valid=false rung=- | cache_used=false path_age=- path_points=0 planning_time_ms=0.1 | reason=no_static_obstacle_in_range | cache_reason=no_cache
1786788649.565 [STATIC_AVOID] obs_id=8 obs_dist=3.51m obs_s=21.14 ego_s=17.63 side=- | left_clearance=- right_clearance=- candidate_valid=false rung=- | cache_used=false path_age=- path_points=0 planning_time_ms=0.2 | reason=raceline_already_clear | cache_reason=no_cache
1786788650.107 [STATIC_AVOID] obs_id=8 obs_dist=1.45m obs_s=21.11 ego_s=19.66 side=- | left_clearance=- right_clearance=- candidate_valid=false rung=- | cache_used=false path_age=- path_points=0 planning_time_ms=0.2 | reason=raceline_already_clear | cache_reason=no_cache
1786788650.637 [STATIC_AVOID] obs_id=8 obs_dist=-0.04m obs_s=21.10 ego_s=21.14 side=RIGHT | left_clearance=0.03 right_clearance=0.51 candidate_valid=true rung=0 | cache_used=false path_age=0.000 path_points=81 planning_time_ms=27.6
1786788651.157 [STATIC_AVOID] obs_id=- obs_dist=-m obs_s=- ego_s=23.20 side=- | left_clearance=- right_clearance=- candidate_valid=false rung=- | cache_used=false path_age=- path_points=0 planning_time_ms=0.1 | reason=no_static_obstacle_in_range | cache_reason=no_cache
1786788651.663 [STATIC_AVOID] obs_id=- obs_dist=-m obs_s=- ego_s=24.78 side=- | left_clearance=- right_clearance=- candidate_valid=false rung=- | cache_used=false path_age=- path_points=0 planning_time_ms=0.1 | reason=no_static_obstacle_in_range | cache_reason=no_cache
1786788652.168 [STATIC_AVOID] obs_id=- obs_dist=-m obs_s=- ego_s=26.51 side=- | left_clearance=- right_clearance=- candidate_valid=false rung=- | cache_used=false path_age=- path_points=0 planning_time_ms=0.1 | reason=no_static_obstacle_in_range | cache_reason=no_cache
1786788652.707 [STATIC_AVOID] obs_id=- obs_dist=-m obs_s=- ego_s=28.39 side=- | left_clearance=- right_clearance=- candidate_valid=false rung=- | cache_used=false path_age=- path_points=0 planning_time_ms=0.1 | reason=no_static_obstacle_in_range | cache_reason=no_cache
1786788653.234 [STATIC_AVOID] obs_id=- obs_dist=-m obs_s=- ego_s=29.96 side=- | left_clearance=- right_clearance=- candidate_valid=false rung=- | cache_used=false path_age=- path_points=0 planning_time_ms=0.1 | reason=no_static_obstacle_in_range | cache_reason=no_cache
1786788653.759 [STATIC_AVOID] obs_id=- obs_dist=-m obs_s=- ego_s=32.18 side=- | left_clearance=- right_clearance=- candidate_valid=false rung=- | cache_used=false path_age=- path_points=0 planning_time_ms=0.1 | reason=no_static_obstacle_in_range | cache_reason=no_cache
1786788654.270 [STATIC_AVOID] obs_id=- obs_dist=-m obs_s=- ego_s=33.95 side=- | left_clearance=- right_clearance=- candidate_valid=false rung=- | cache_used=false path_age=- path_points=0 planning_time_ms=0.1 | reason=no_static_obstacle_in_range | cache_reason=no_cache
1786788654.817 [STATIC_AVOID] obs_id=- obs_dist=-m obs_s=- ego_s=0.97 side=- | left_clearance=- right_clearance=- candidate_valid=false rung=- | cache_used=false path_age=- path_points=0 planning_time_ms=0.1 | reason=no_static_obstacle_in_range | cache_reason=no_cache
1786788655.357 [STATIC_AVOID] obs_id=- obs_dist=-m obs_s=- ego_s=2.58 side=- | left_clearance=- right_clearance=- candidate_valid=false rung=- | cache_used=false path_age=- path_points=0 planning_time_ms=0.1 | reason=no_static_obstacle_in_range | cache_reason=no_cache
1786788655.924 [STATIC_AVOID] obs_id=9 obs_dist=5.44m obs_s=9.32 ego_s=3.88 side=LEFT | left_clearance=0.18 right_clearance=-0.02 candidate_valid=true rung=0 | cache_used=false path_age=0.000 path_points=110 planning_time_ms=15.7
1786788656.469 [STATIC_AVOID] obs_id=9 obs_dist=4.50m obs_s=9.29 ego_s=4.79 side=LEFT | left_clearance=0.19 right_clearance=-0.01 candidate_valid=true rung=0 | cache_used=false path_age=0.000 path_points=101 planning_time_ms=3.3
1786788657.064 [STATIC_AVOID] obs_id=9 obs_dist=3.48m obs_s=9.28 ego_s=5.80 side=LEFT | left_clearance=0.11 right_clearance=0.01 candidate_valid=true rung=2 | cache_used=false path_age=0.000 path_points=109 planning_time_ms=36.8
1786788657.602 [STATIC_AVOID] obs_id=9 obs_dist=1.53m obs_s=9.26 ego_s=7.73 side=LEFT | left_clearance=0.13 right_clearance=0.04 candidate_valid=true rung=0 | cache_used=false path_age=0.000 path_points=81 planning_time_ms=19.1
1786788658.158 [STATIC_AVOID] obs_id=9 obs_dist=-0.28m obs_s=9.26 ego_s=9.54 side=LEFT | left_clearance=0.02 right_clearance=-0.06 candidate_valid=true rung=0 | cache_used=false path_age=0.000 path_points=81 planning_time_ms=2.9
1786788658.672 [STATIC_AVOID] obs_id=- obs_dist=-m obs_s=- ego_s=11.00 side=- | left_clearance=- right_clearance=- candidate_valid=false rung=- | cache_used=false path_age=- path_points=0 planning_time_ms=0.1 | reason=no_static_obstacle_in_range | cache_reason=no_cache
1786788659.186 [STATIC_AVOID] obs_id=- obs_dist=-m obs_s=- ego_s=12.16 side=- | left_clearance=- right_clearance=- candidate_valid=false rung=- | cache_used=false path_age=- path_points=0 planning_time_ms=0.1 | reason=no_static_obstacle_in_range | cache_reason=no_cache
1786788659.724 [STATIC_AVOID] obs_id=- obs_dist=-m obs_s=- ego_s=13.81 side=- | left_clearance=- right_clearance=- candidate_valid=false rung=- | cache_used=false path_age=- path_points=0 planning_time_ms=0.2 | reason=no_static_obstacle_in_range | cache_reason=no_cache
1786788660.266 [STATIC_AVOID] obs_id=- obs_dist=-m obs_s=- ego_s=15.54 side=- | left_clearance=- right_clearance=- candidate_valid=false rung=- | cache_used=false path_age=- path_points=0 planning_time_ms=0.1 | reason=no_static_obstacle_in_range | cache_reason=no_cache
1786788660.767 [STATIC_AVOID] obs_id=- obs_dist=-m obs_s=- ego_s=16.97 side=- | left_clearance=- right_clearance=- candidate_valid=false rung=- | cache_used=false path_age=- path_points=0 planning_time_ms=0.1 | reason=no_static_obstacle_in_range | cache_reason=no_cache
1786788661.271 [STATIC_AVOID] obs_id=- obs_dist=-m obs_s=- ego_s=18.26 side=- | left_clearance=- right_clearance=- candidate_valid=false rung=- | cache_used=false path_age=- path_points=0 planning_time_ms=0.1 | reason=no_static_obstacle_in_range | cache_reason=no_cache
1786788661.809 [STATIC_AVOID] obs_id=- obs_dist=-m obs_s=- ego_s=20.08 side=- | left_clearance=- right_clearance=- candidate_valid=false rung=- | cache_used=false path_age=- path_points=0 planning_time_ms=0.1 | reason=no_static_obstacle_in_range | cache_reason=no_cache
1786788662.310 [STATIC_AVOID] obs_id=- obs_dist=-m obs_s=- ego_s=20.78 side=- | left_clearance=- right_clearance=- candidate_valid=false rung=- | cache_used=false path_age=- path_points=0 planning_time_ms=0.1 | reason=no_static_obstacle_in_range | cache_reason=no_cache
1786788662.867 [STATIC_AVOID] obs_id=- obs_dist=-m obs_s=- ego_s=21.78 side=- | left_clearance=- right_clearance=- candidate_valid=false rung=- | cache_used=false path_age=- path_points=0 planning_time_ms=0.1 | reason=no_static_obstacle_in_range | cache_reason=no_cache
1786788663.408 [STATIC_AVOID] obs_id=- obs_dist=-m obs_s=- ego_s=23.70 side=- | left_clearance=- right_clearance=- candidate_valid=false rung=- | cache_used=false path_age=- path_points=0 planning_time_ms=0.1 | reason=no_static_obstacle_in_range | cache_reason=no_cache
1786788663.915 [STATIC_AVOID] obs_id=- obs_dist=-m obs_s=- ego_s=25.45 side=- | left_clearance=- right_clearance=- candidate_valid=false rung=- | cache_used=false path_age=- path_points=0 planning_time_ms=0.1 | reason=no_static_obstacle_in_range | cache_reason=no_cache
1786788664.469 [STATIC_AVOID] obs_id=- obs_dist=-m obs_s=- ego_s=27.38 side=- | left_clearance=- right_clearance=- candidate_valid=false rung=- | cache_used=false path_age=- path_points=0 planning_time_ms=0.6 | reason=no_static_obstacle_in_range | cache_reason=no_cache
1786788664.983 [STATIC_AVOID] obs_id=- obs_dist=-m obs_s=- ego_s=29.09 side=- | left_clearance=- right_clearance=- candidate_valid=false rung=- | cache_used=false path_age=- path_points=0 planning_time_ms=0.1 | reason=no_static_obstacle_in_range | cache_reason=no_cache
1786788665.508 [STATIC_AVOID] obs_id=- obs_dist=-m obs_s=- ego_s=31.00 side=- | left_clearance=- right_clearance=- candidate_valid=false rung=- | cache_used=false path_age=- path_points=0 planning_time_ms=0.1 | reason=no_static_obstacle_in_range | cache_reason=no_cache
1786788666.015 [STATIC_AVOID] obs_id=- obs_dist=-m obs_s=- ego_s=32.85 side=- | left_clearance=- right_clearance=- candidate_valid=false rung=- | cache_used=false path_age=- path_points=0 planning_time_ms=0.1 | reason=no_static_obstacle_in_range | cache_reason=no_cache
1786788666.524 [STATIC_AVOID] obs_id=- obs_dist=-m obs_s=- ego_s=0.13 side=- | left_clearance=- right_clearance=- candidate_valid=false rung=- | cache_used=false path_age=- path_points=0 planning_time_ms=0.1 | reason=no_static_obstacle_in_range | cache_reason=no_cache
1786788667.057 [STATIC_AVOID] obs_id=- obs_dist=-m obs_s=- ego_s=1.95 side=- | left_clearance=- right_clearance=- candidate_valid=false rung=- | cache_used=false path_age=- path_points=0 planning_time_ms=0.1 | reason=no_static_obstacle_in_range | cache_reason=no_cache
1786788667.561 [STATIC_AVOID] obs_id=- obs_dist=-m obs_s=- ego_s=3.86 side=- | left_clearance=- right_clearance=- candidate_valid=false rung=- | cache_used=false path_age=- path_points=0 planning_time_ms=0.1 | reason=no_static_obstacle_in_range | cache_reason=no_cache
1786788668.107 [STATIC_AVOID] obs_id=- obs_dist=-m obs_s=- ego_s=5.31 side=- | left_clearance=- right_clearance=- candidate_valid=false rung=- | cache_used=false path_age=- path_points=0 planning_time_ms=0.1 | reason=no_static_obstacle_in_range | cache_reason=no_cache
1786788668.613 [STATIC_AVOID] obs_id=- obs_dist=-m obs_s=- ego_s=7.10 side=- | left_clearance=- right_clearance=- candidate_valid=false rung=- | cache_used=false path_age=- path_points=0 planning_time_ms=0.1 | reason=no_static_obstacle_in_range | cache_reason=no_cache
1786788669.114 [STATIC_AVOID] obs_id=- obs_dist=-m obs_s=- ego_s=8.89 side=- | left_clearance=- right_clearance=- candidate_valid=false rung=- | cache_used=false path_age=- path_points=0 planning_time_ms=0.1 | reason=no_static_obstacle_in_range | cache_reason=no_cache
1786788669.672 [STATIC_AVOID] obs_id=- obs_dist=-m obs_s=- ego_s=10.42 side=- | left_clearance=- right_clearance=- candidate_valid=false rung=- | cache_used=false path_age=- path_points=0 planning_time_ms=0.1 | reason=no_static_obstacle_in_range | cache_reason=no_cache
1786788670.228 [STATIC_AVOID] obs_id=- obs_dist=-m obs_s=- ego_s=11.91 side=- | left_clearance=- right_clearance=- candidate_valid=false rung=- | cache_used=false path_age=- path_points=0 planning_time_ms=0.1 | reason=no_static_obstacle_in_range | cache_reason=no_cache
1786788670.769 [STATIC_AVOID] obs_id=- obs_dist=-m obs_s=- ego_s=13.54 side=- | left_clearance=- right_clearance=- candidate_valid=false rung=- | cache_used=false path_age=- path_points=0 planning_time_ms=0.1 | reason=no_static_obstacle_in_range | cache_reason=no_cache
1786788671.313 [STATIC_AVOID] obs_id=- obs_dist=-m obs_s=- ego_s=15.40 side=- | left_clearance=- right_clearance=- candidate_valid=false rung=- | cache_used=false path_age=- path_points=0 planning_time_ms=0.1 | reason=no_static_obstacle_in_range | cache_reason=no_cache
1786788671.857 [STATIC_AVOID] obs_id=- obs_dist=-m obs_s=- ego_s=16.94 side=- | left_clearance=- right_clearance=- candidate_valid=false rung=- | cache_used=false path_age=- path_points=0 planning_time_ms=0.1 | reason=no_static_obstacle_in_range | cache_reason=no_cache
1786788672.365 [STATIC_AVOID] obs_id=- obs_dist=-m obs_s=- ego_s=18.52 side=- | left_clearance=- right_clearance=- candidate_valid=false rung=- | cache_used=false path_age=- path_points=0 planning_time_ms=0.2 | reason=no_static_obstacle_in_range | cache_reason=no_cache
1786788672.874 [STATIC_AVOID] obs_id=- obs_dist=-m obs_s=- ego_s=19.86 side=- | left_clearance=- right_clearance=- candidate_valid=false rung=- | cache_used=false path_age=- path_points=0 planning_time_ms=0.1 | reason=no_static_obstacle_in_range | cache_reason=no_cache
1786788673.408 [STATIC_AVOID] obs_id=- obs_dist=-m obs_s=- ego_s=21.31 side=- | left_clearance=- right_clearance=- candidate_valid=false rung=- | cache_used=false path_age=- path_points=0 planning_time_ms=0.1 | reason=no_static_obstacle_in_range | cache_reason=no_cache
1786788673.957 [STATIC_AVOID] obs_id=- obs_dist=-m obs_s=- ego_s=23.28 side=- | left_clearance=- right_clearance=- candidate_valid=false rung=- | cache_used=false path_age=- path_points=0 planning_time_ms=0.1 | reason=no_static_obstacle_in_range | cache_reason=no_cache
1786788674.466 [STATIC_AVOID] obs_id=- obs_dist=-m obs_s=- ego_s=24.74 side=- | left_clearance=- right_clearance=- candidate_valid=false rung=- | cache_used=false path_age=- path_points=0 planning_time_ms=0.1 | reason=no_static_obstacle_in_range | cache_reason=no_cache
1786788674.974 [STATIC_AVOID] obs_id=- obs_dist=-m obs_s=- ego_s=26.39 side=- | left_clearance=- right_clearance=- candidate_valid=false rung=- | cache_used=false path_age=- path_points=0 planning_time_ms=0.1 | reason=no_static_obstacle_in_range | cache_reason=no_cache
1786788675.508 [STATIC_AVOID] obs_id=- obs_dist=-m obs_s=- ego_s=28.25 side=- | left_clearance=- right_clearance=- candidate_valid=false rung=- | cache_used=false path_age=- path_points=0 planning_time_ms=0.1 | reason=no_static_obstacle_in_range | cache_reason=no_cache
1786788676.011 [STATIC_AVOID] obs_id=- obs_dist=-m obs_s=- ego_s=30.04 side=- | left_clearance=- right_clearance=- candidate_valid=false rung=- | cache_used=false path_age=- path_points=0 planning_time_ms=0.1 | reason=no_static_obstacle_in_range | cache_reason=no_cache
1786788676.511 [STATIC_AVOID] obs_id=- obs_dist=-m obs_s=- ego_s=31.67 side=- | left_clearance=- right_clearance=- candidate_valid=false rung=- | cache_used=false path_age=- path_points=0 planning_time_ms=0.1 | reason=no_static_obstacle_in_range | cache_reason=no_cache
1786788677.014 [STATIC_AVOID] obs_id=- obs_dist=-m obs_s=- ego_s=33.17 side=- | left_clearance=- right_clearance=- candidate_valid=false rung=- | cache_used=false path_age=- path_points=0 planning_time_ms=0.1 | reason=no_static_obstacle_in_range | cache_reason=no_cache
1786788677.517 [STATIC_AVOID] obs_id=- obs_dist=-m obs_s=- ego_s=0.73 side=- | left_clearance=- right_clearance=- candidate_valid=false rung=- | cache_used=false path_age=- path_points=0 planning_time_ms=0.1 | reason=no_static_obstacle_in_range | cache_reason=no_cache
1786788678.074 [STATIC_AVOID] obs_id=- obs_dist=-m obs_s=- ego_s=2.60 side=- | left_clearance=- right_clearance=- candidate_valid=false rung=- | cache_used=false path_age=- path_points=0 planning_time_ms=0.1 | reason=no_static_obstacle_in_range | cache_reason=no_cache
1786788678.626 [STATIC_AVOID] obs_id=13 obs_dist=5.89m obs_s=9.70 ego_s=3.81 side=LEFT | left_clearance=0.09 right_clearance=-0.00 candidate_valid=true rung=2 | cache_used=false path_age=0.000 path_points=122 planning_time_ms=17.6
1786788679.126 [STATIC_AVOID] obs_id=13 obs_dist=5.30m obs_s=9.67 ego_s=4.37 side=LEFT | left_clearance=0.11 right_clearance=0.01 candidate_valid=true rung=0 | cache_used=false path_age=0.000 path_points=109 planning_time_ms=11.4
1786788679.678 [STATIC_AVOID] obs_id=13 obs_dist=3.92m obs_s=9.22 ego_s=5.31 side=LEFT | left_clearance=0.03 right_clearance=0.11 candidate_valid=true rung=0 | cache_used=false path_age=0.000 path_points=99 planning_time_ms=33.7
1786788680.286 [STATIC_AVOID] obs_id=13 obs_dist=2.38m obs_s=9.20 ego_s=6.82 side=LEFT | left_clearance=0.14 right_clearance=0.10 candidate_valid=true rung=2 | cache_used=false path_age=0.000 path_points=88 planning_time_ms=54.7
1786788680.828 [STATIC_AVOID] obs_id=13 obs_dist=0.76m obs_s=9.23 ego_s=8.46 side=LEFT | left_clearance=0.06 right_clearance=0.06 candidate_valid=false rung=- | cache_used=false path_age=- path_points=0 planning_time_ms=10.2 | reason=obstacle_clearance | cache_reason=cache_collision
1786788681.330 [STATIC_AVOID] obs_id=- obs_dist=-m obs_s=- ego_s=9.39 side=- | left_clearance=- right_clearance=- candidate_valid=false rung=- | cache_used=false path_age=- path_points=0 planning_time_ms=0.2 | reason=no_static_obstacle_in_range | cache_reason=obstacle_gone
1786788681.859 [STATIC_AVOID] obs_id=- obs_dist=-m obs_s=- ego_s=10.80 side=- | left_clearance=- right_clearance=- candidate_valid=false rung=- | cache_used=false path_age=- path_points=0 planning_time_ms=0.1 | reason=no_static_obstacle_in_range | cache_reason=no_cache
1786788682.371 [STATIC_AVOID] obs_id=- obs_dist=-m obs_s=- ego_s=12.03 side=- | left_clearance=- right_clearance=- candidate_valid=false rung=- | cache_used=false path_age=- path_points=0 planning_time_ms=0.1 | reason=no_static_obstacle_in_range | cache_reason=no_cache
1786788682.910 [STATIC_AVOID] obs_id=- obs_dist=-m obs_s=- ego_s=13.73 side=- | left_clearance=- right_clearance=- candidate_valid=false rung=- | cache_used=false path_age=- path_points=0 planning_time_ms=0.1 | reason=no_static_obstacle_in_range | cache_reason=no_cache
1786788683.427 [STATIC_AVOID] obs_id=- obs_dist=-m obs_s=- ego_s=15.28 side=- | left_clearance=- right_clearance=- candidate_valid=false rung=- | cache_used=false path_age=- path_points=0 planning_time_ms=0.1 | reason=no_static_obstacle_in_range | cache_reason=no_cache
1786788683.957 [STATIC_AVOID] obs_id=- obs_dist=-m obs_s=- ego_s=16.81 side=- | left_clearance=- right_clearance=- candidate_valid=false rung=- | cache_used=false path_age=- path_points=0 planning_time_ms=0.1 | reason=no_static_obstacle_in_range | cache_reason=no_cache
1786788684.458 [STATIC_AVOID] obs_id=15 obs_dist=3.38m obs_s=21.17 ego_s=17.79 side=- | left_clearance=- right_clearance=- candidate_valid=false rung=- | cache_used=false path_age=- path_points=0 planning_time_ms=0.1 | reason=raceline_already_clear | cache_reason=no_cache
1786788685.021 [STATIC_AVOID] obs_id=- obs_dist=-m obs_s=- ego_s=18.73 side=- | left_clearance=- right_clearance=- candidate_valid=false rung=- | cache_used=false path_age=- path_points=0 planning_time_ms=0.1 | reason=no_static_obstacle_in_range | cache_reason=no_cache
1786788685.527 [STATIC_AVOID] obs_id=- obs_dist=-m obs_s=- ego_s=20.55 side=- | left_clearance=- right_clearance=- candidate_valid=false rung=- | cache_used=false path_age=- path_points=0 planning_time_ms=0.1 | reason=no_static_obstacle_in_range | cache_reason=no_cache
1786788686.059 [STATIC_AVOID] obs_id=- obs_dist=-m obs_s=- ego_s=22.81 side=- | left_clearance=- right_clearance=- candidate_valid=false rung=- | cache_used=false path_age=- path_points=0 planning_time_ms=0.1 | reason=no_static_obstacle_in_range | cache_reason=no_cache
1786788686.607 [STATIC_AVOID] obs_id=- obs_dist=-m obs_s=- ego_s=24.62 side=- | left_clearance=- right_clearance=- candidate_valid=false rung=- | cache_used=false path_age=- path_points=0 planning_time_ms=0.1 | reason=no_static_obstacle_in_range | cache_reason=no_cache
1786788687.119 [STATIC_AVOID] obs_id=- obs_dist=-m obs_s=- ego_s=26.34 side=- | left_clearance=- right_clearance=- candidate_valid=false rung=- | cache_used=false path_age=- path_points=0 planning_time_ms=0.1 | reason=no_static_obstacle_in_range | cache_reason=no_cache
1786788687.671 [STATIC_AVOID] obs_id=- obs_dist=-m obs_s=- ego_s=28.30 side=- | left_clearance=- right_clearance=- candidate_valid=false rung=- | cache_used=false path_age=- path_points=0 planning_time_ms=0.1 | reason=no_static_obstacle_in_range | cache_reason=no_cache
1786788688.218 [STATIC_AVOID] obs_id=- obs_dist=-m obs_s=- ego_s=29.67 side=- | left_clearance=- right_clearance=- candidate_valid=false rung=- | cache_used=false path_age=- path_points=0 planning_time_ms=1.5 | reason=no_static_obstacle_in_range | cache_reason=no_cache
1786788688.771 [STATIC_AVOID] obs_id=- obs_dist=-m obs_s=- ego_s=31.38 side=- | left_clearance=- right_clearance=- candidate_valid=false rung=- | cache_used=false path_age=- path_points=0 planning_time_ms=0.2 | reason=no_static_obstacle_in_range | cache_reason=no_cache
1786788689.322 [STATIC_AVOID] obs_id=- obs_dist=-m obs_s=- ego_s=33.31 side=- | left_clearance=- right_clearance=- candidate_valid=false rung=- | cache_used=false path_age=- path_points=0 planning_time_ms=0.1 | reason=no_static_obstacle_in_range | cache_reason=no_cache
1786788689.868 [STATIC_AVOID] obs_id=- obs_dist=-m obs_s=- ego_s=0.36 side=- | left_clearance=- right_clearance=- candidate_valid=false rung=- | cache_used=false path_age=- path_points=0 planning_time_ms=0.1 | reason=no_static_obstacle_in_range | cache_reason=no_cache
1786788690.428 [STATIC_AVOID] obs_id=- obs_dist=-m obs_s=- ego_s=1.65 side=- | left_clearance=- right_clearance=- candidate_valid=false rung=- | cache_used=false path_age=- path_points=0 planning_time_ms=0.1 | reason=no_static_obstacle_in_range | cache_reason=no_cache
1786788690.953 [STATIC_AVOID] obs_id=19 obs_dist=5.89m obs_s=8.91 ego_s=3.02 side=LEFT | left_clearance=0.31 right_clearance=-0.07 candidate_valid=true rung=2 | cache_used=false path_age=0.000 path_points=123 planning_time_ms=7.0
1786788691.490 [STATIC_AVOID] obs_id=19 obs_dist=4.89m obs_s=8.87 ego_s=3.98 side=LEFT | left_clearance=0.48 right_clearance=-0.05 candidate_valid=true rung=2 | cache_used=false path_age=0.000 path_points=110 planning_time_ms=29.2
1786788692.000 [STATIC_AVOID] obs_id=19 obs_dist=4.19m obs_s=8.84 ego_s=4.65 side=LEFT | left_clearance=0.47 right_clearance=-0.06 candidate_valid=true rung=2 | cache_used=false path_age=0.000 path_points=103 planning_time_ms=28.0
1786788692.533 [STATIC_AVOID] obs_id=19 obs_dist=2.98m obs_s=8.82 ego_s=5.84 side=LEFT | left_clearance=0.18 right_clearance=-0.03 candidate_valid=true rung=2 | cache_used=false path_age=0.000 path_points=102 planning_time_ms=8.9
1786788693.037 [STATIC_AVOID] obs_id=19 obs_dist=1.12m obs_s=8.80 ego_s=7.68 side=LEFT | left_clearance=0.17 right_clearance=-0.03 candidate_valid=false rung=- | cache_used=true path_age=0.076 path_points=81 planning_time_ms=25.0 | reason=obstacle_clearance
1786788693.548 [STATIC_AVOID] obs_id=19 obs_dist=-0.43m obs_s=8.80 ego_s=9.24 side=LEFT | left_clearance=0.12 right_clearance=-0.07 candidate_valid=true rung=0 | cache_used=false path_age=0.000 path_points=81 planning_time_ms=8.6
1786788694.062 [STATIC_AVOID] obs_id=- obs_dist=-m obs_s=- ego_s=10.87 side=- | left_clearance=- right_clearance=- candidate_valid=false rung=- | cache_used=false path_age=- path_points=0 planning_time_ms=0.1 | reason=no_static_obstacle_in_range | cache_reason=no_cache
1786788694.612 [STATIC_AVOID] obs_id=- obs_dist=-m obs_s=- ego_s=12.15 side=- | left_clearance=- right_clearance=- candidate_valid=false rung=- | cache_used=false path_age=- path_points=0 planning_time_ms=0.1 | reason=no_static_obstacle_in_range | cache_reason=no_cache
1786788695.164 [STATIC_AVOID] obs_id=- obs_dist=-m obs_s=- ego_s=14.11 side=- | left_clearance=- right_clearance=- candidate_valid=false rung=- | cache_used=false path_age=- path_points=0 planning_time_ms=0.1 | reason=no_static_obstacle_in_range | cache_reason=no_cache
1786788695.665 [STATIC_AVOID] obs_id=- obs_dist=-m obs_s=- ego_s=15.70 side=- | left_clearance=- right_clearance=- candidate_valid=false rung=- | cache_used=false path_age=- path_points=0 planning_time_ms=1.2 | reason=no_static_obstacle_in_range | cache_reason=no_cache
1786788696.166 [STATIC_AVOID] obs_id=- obs_dist=-m obs_s=- ego_s=16.83 side=- | left_clearance=- right_clearance=- candidate_valid=false rung=- | cache_used=false path_age=- path_points=0 planning_time_ms=0.1 | reason=no_static_obstacle_in_range | cache_reason=no_cache
1786788696.708 [STATIC_AVOID] obs_id=- obs_dist=-m obs_s=- ego_s=18.74 side=- | left_clearance=- right_clearance=- candidate_valid=false rung=- | cache_used=false path_age=- path_points=0 planning_time_ms=0.1 | reason=no_static_obstacle_in_range | cache_reason=no_cache
1786788697.215 [STATIC_AVOID] obs_id=- obs_dist=-m obs_s=- ego_s=19.95 side=- | left_clearance=- right_clearance=- candidate_valid=false rung=- | cache_used=false path_age=- path_points=0 planning_time_ms=0.1 | reason=no_static_obstacle_in_range | cache_reason=no_cache
1786788697.719 [STATIC_AVOID] obs_id=- obs_dist=-m obs_s=- ego_s=20.98 side=- | left_clearance=- right_clearance=- candidate_valid=false rung=- | cache_used=false path_age=- path_points=0 planning_time_ms=0.2 | reason=no_static_obstacle_in_range | cache_reason=no_cache
1786788698.263 [STATIC_AVOID] obs_id=- obs_dist=-m obs_s=- ego_s=22.98 side=- | left_clearance=- right_clearance=- candidate_valid=false rung=- | cache_used=false path_age=- path_points=0 planning_time_ms=0.1 | reason=no_static_obstacle_in_range | cache_reason=no_cache
1786788698.808 [STATIC_AVOID] obs_id=- obs_dist=-m obs_s=- ego_s=24.66 side=- | left_clearance=- right_clearance=- candidate_valid=false rung=- | cache_used=false path_age=- path_points=0 planning_time_ms=0.4 | reason=no_static_obstacle_in_range | cache_reason=no_cache
1786788699.309 [STATIC_AVOID] obs_id=- obs_dist=-m obs_s=- ego_s=26.22 side=- | left_clearance=- right_clearance=- candidate_valid=false rung=- | cache_used=false path_age=- path_points=0 planning_time_ms=0.1 | reason=no_static_obstacle_in_range | cache_reason=no_cache
1786788699.815 [STATIC_AVOID] obs_id=- obs_dist=-m obs_s=- ego_s=27.98 side=- | left_clearance=- right_clearance=- candidate_valid=false rung=- | cache_used=false path_age=- path_points=0 planning_time_ms=0.1 | reason=no_static_obstacle_in_range | cache_reason=no_cache
1786788700.364 [STATIC_AVOID] obs_id=- obs_dist=-m obs_s=- ego_s=29.89 side=- | left_clearance=- right_clearance=- candidate_valid=false rung=- | cache_used=false path_age=- path_points=0 planning_time_ms=0.1 | reason=no_static_obstacle_in_range | cache_reason=no_cache
1786788700.882 [STATIC_AVOID] obs_id=- obs_dist=-m obs_s=- ego_s=31.54 side=- | left_clearance=- right_clearance=- candidate_valid=false rung=- | cache_used=false path_age=- path_points=0 planning_time_ms=0.1 | reason=no_static_obstacle_in_range | cache_reason=no_cache
1786788701.415 [STATIC_AVOID] obs_id=- obs_dist=-m obs_s=- ego_s=33.44 side=- | left_clearance=- right_clearance=- candidate_valid=false rung=- | cache_used=false path_age=- path_points=0 planning_time_ms=0.1 | reason=no_static_obstacle_in_range | cache_reason=no_cache
1786788701.961 [STATIC_AVOID] obs_id=- obs_dist=-m obs_s=- ego_s=0.77 side=- | left_clearance=- right_clearance=- candidate_valid=false rung=- | cache_used=false path_age=- path_points=0 planning_time_ms=0.1 | reason=no_static_obstacle_in_range | cache_reason=no_cache
1786788702.519 [STATIC_AVOID] obs_id=- obs_dist=-m obs_s=- ego_s=2.35 side=- | left_clearance=- right_clearance=- candidate_valid=false rung=- | cache_used=false path_age=- path_points=0 planning_time_ms=0.1 | reason=no_static_obstacle_in_range | cache_reason=no_cache
1786788703.057 [STATIC_AVOID] obs_id=- obs_dist=-m obs_s=- ego_s=4.32 side=- | left_clearance=- right_clearance=- candidate_valid=false rung=- | cache_used=false path_age=- path_points=0 planning_time_ms=0.1 | reason=no_static_obstacle_in_range | cache_reason=no_cache
1786788703.557 [STATIC_AVOID] obs_id=- obs_dist=-m obs_s=- ego_s=6.05 side=- | left_clearance=- right_clearance=- candidate_valid=false rung=- | cache_used=false path_age=- path_points=0 planning_time_ms=0.2 | reason=no_static_obstacle_in_range | cache_reason=no_cache
1786788704.095 [STATIC_AVOID] obs_id=- obs_dist=-m obs_s=- ego_s=7.95 side=- | left_clearance=- right_clearance=- candidate_valid=false rung=- | cache_used=false path_age=- path_points=0 planning_time_ms=0.1 | reason=no_static_obstacle_in_range | cache_reason=no_cache
1786788704.611 [STATIC_AVOID] obs_id=- obs_dist=-m obs_s=- ego_s=9.50 side=- | left_clearance=- right_clearance=- candidate_valid=false rung=- | cache_used=false path_age=- path_points=0 planning_time_ms=0.1 | reason=no_static_obstacle_in_range | cache_reason=no_cache
1786788705.114 [STATIC_AVOID] obs_id=- obs_dist=-m obs_s=- ego_s=11.01 side=- | left_clearance=- right_clearance=- candidate_valid=false rung=- | cache_used=false path_age=- path_points=0 planning_time_ms=0.1 | reason=no_static_obstacle_in_range | cache_reason=no_cache
1786788705.615 [STATIC_AVOID] obs_id=- obs_dist=-m obs_s=- ego_s=12.39 side=- | left_clearance=- right_clearance=- candidate_valid=false rung=- | cache_used=false path_age=- path_points=0 planning_time_ms=0.1 | reason=no_static_obstacle_in_range | cache_reason=no_cache
1786788706.162 [STATIC_AVOID] obs_id=- obs_dist=-m obs_s=- ego_s=14.04 side=- | left_clearance=- right_clearance=- candidate_valid=false rung=- | cache_used=false path_age=- path_points=0 planning_time_ms=0.1 | reason=no_static_obstacle_in_range | cache_reason=no_cache
1786788706.674 [STATIC_AVOID] obs_id=- obs_dist=-m obs_s=- ego_s=15.84 side=- | left_clearance=- right_clearance=- candidate_valid=false rung=- | cache_used=false path_age=- path_points=0 planning_time_ms=0.1 | reason=no_static_obstacle_in_range | cache_reason=no_cache
1786788707.209 [STATIC_AVOID] obs_id=- obs_dist=-m obs_s=- ego_s=17.03 side=- | left_clearance=- right_clearance=- candidate_valid=false rung=- | cache_used=false path_age=- path_points=0 planning_time_ms=0.1 | reason=no_static_obstacle_in_range | cache_reason=no_cache
1786788707.723 [STATIC_AVOID] obs_id=- obs_dist=-m obs_s=- ego_s=18.48 side=- | left_clearance=- right_clearance=- candidate_valid=false rung=- | cache_used=false path_age=- path_points=0 planning_time_ms=0.1 | reason=no_static_obstacle_in_range | cache_reason=no_cache
1786788708.231 [STATIC_AVOID] obs_id=- obs_dist=-m obs_s=- ego_s=19.03 side=- | left_clearance=- right_clearance=- candidate_valid=false rung=- | cache_used=false path_age=- path_points=0 planning_time_ms=0.2 | reason=no_static_obstacle_in_range | cache_reason=no_cache
1786788708.760 [STATIC_AVOID] obs_id=- obs_dist=-m obs_s=- ego_s=20.64 side=- | left_clearance=- right_clearance=- candidate_valid=false rung=- | cache_used=false path_age=- path_points=0 planning_time_ms=0.1 | reason=no_static_obstacle_in_range | cache_reason=no_cache
1786788709.268 [STATIC_AVOID] obs_id=- obs_dist=-m obs_s=- ego_s=23.17 side=- | left_clearance=- right_clearance=- candidate_valid=false rung=- | cache_used=false path_age=- path_points=0 planning_time_ms=0.1 | reason=no_static_obstacle_in_range | cache_reason=no_cache
1786788709.812 [STATIC_AVOID] obs_id=- obs_dist=-m obs_s=- ego_s=25.20 side=- | left_clearance=- right_clearance=- candidate_valid=false rung=- | cache_used=false path_age=- path_points=0 planning_time_ms=0.1 | reason=no_static_obstacle_in_range | cache_reason=no_cache
1786788710.364 [STATIC_AVOID] obs_id=- obs_dist=-m obs_s=- ego_s=27.14 side=- | left_clearance=- right_clearance=- candidate_valid=false rung=- | cache_used=false path_age=- path_points=0 planning_time_ms=0.1 | reason=no_static_obstacle_in_range | cache_reason=no_cache
1786788710.865 [STATIC_AVOID] obs_id=- obs_dist=-m obs_s=- ego_s=28.61 side=- | left_clearance=- right_clearance=- candidate_valid=false rung=- | cache_used=false path_age=- path_points=0 planning_time_ms=0.1 | reason=no_static_obstacle_in_range | cache_reason=no_cache
1786788711.413 [STATIC_AVOID] obs_id=- obs_dist=-m obs_s=- ego_s=30.63 side=- | left_clearance=- right_clearance=- candidate_valid=false rung=- | cache_used=false path_age=- path_points=0 planning_time_ms=0.1 | reason=no_static_obstacle_in_range | cache_reason=no_cache
1786788711.962 [STATIC_AVOID] obs_id=- obs_dist=-m obs_s=- ego_s=32.47 side=- | left_clearance=- right_clearance=- candidate_valid=false rung=- | cache_used=false path_age=- path_points=0 planning_time_ms=0.1 | reason=no_static_obstacle_in_range | cache_reason=no_cache
1786788712.512 [STATIC_AVOID] obs_id=- obs_dist=-m obs_s=- ego_s=34.37 side=- | left_clearance=- right_clearance=- candidate_valid=false rung=- | cache_used=false path_age=- path_points=0 planning_time_ms=0.1 | reason=no_static_obstacle_in_range | cache_reason=no_cache
1786788713.014 [STATIC_AVOID] obs_id=- obs_dist=-m obs_s=- ego_s=1.49 side=- | left_clearance=- right_clearance=- candidate_valid=false rung=- | cache_used=false path_age=- path_points=0 planning_time_ms=0.1 | reason=no_static_obstacle_in_range | cache_reason=no_cache
1786788713.562 [STATIC_AVOID] obs_id=- obs_dist=-m obs_s=- ego_s=3.33 side=- | left_clearance=- right_clearance=- candidate_valid=false rung=- | cache_used=false path_age=- path_points=0 planning_time_ms=0.1 | reason=no_static_obstacle_in_range | cache_reason=no_cache
1786788714.070 [STATIC_AVOID] obs_id=- obs_dist=-m obs_s=- ego_s=4.21 side=- | left_clearance=- right_clearance=- candidate_valid=false rung=- | cache_used=false path_age=- path_points=0 planning_time_ms=0.1 | reason=no_static_obstacle_in_range | cache_reason=no_cache
1786788714.612 [STATIC_AVOID] obs_id=- obs_dist=-m obs_s=- ego_s=4.78 side=- | left_clearance=- right_clearance=- candidate_valid=false rung=- | cache_used=false path_age=- path_points=0 planning_time_ms=0.1 | reason=no_static_obstacle_in_range | cache_reason=no_cache
1786788715.130 [STATIC_AVOID] obs_id=- obs_dist=-m obs_s=- ego_s=4.81 side=- | left_clearance=- right_clearance=- candidate_valid=false rung=- | cache_used=false path_age=- path_points=0 planning_time_ms=0.1 | reason=no_static_obstacle_in_range | cache_reason=no_cache
1786788715.673 [STATIC_AVOID] obs_id=- obs_dist=-m obs_s=- ego_s=4.81 side=- | left_clearance=- right_clearance=- candidate_valid=false rung=- | cache_used=false path_age=- path_points=0 planning_time_ms=0.4 | reason=no_static_obstacle_in_range | cache_reason=no_cache
1786788716.220 [STATIC_AVOID] obs_id=- obs_dist=-m obs_s=- ego_s=4.80 side=- | left_clearance=- right_clearance=- candidate_valid=false rung=- | cache_used=false path_age=- path_points=0 planning_time_ms=0.1 | reason=no_static_obstacle_in_range | cache_reason=no_cache
1786788716.764 [STATIC_AVOID] obs_id=- obs_dist=-m obs_s=- ego_s=4.79 side=- | left_clearance=- right_clearance=- candidate_valid=false rung=- | cache_used=false path_age=- path_points=0 planning_time_ms=0.1 | reason=no_static_obstacle_in_range | cache_reason=no_cache
1786788717.307 [STATIC_AVOID] obs_id=- obs_dist=-m obs_s=- ego_s=4.80 side=- | left_clearance=- right_clearance=- candidate_valid=false rung=- | cache_used=false path_age=- path_points=0 planning_time_ms=0.1 | reason=no_static_obstacle_in_range | cache_reason=no_cache
1786788717.809 [STATIC_AVOID] obs_id=- obs_dist=-m obs_s=- ego_s=4.80 side=- | left_clearance=- right_clearance=- candidate_valid=false rung=- | cache_used=false path_age=- path_points=0 planning_time_ms=0.1 | reason=no_static_obstacle_in_range | cache_reason=no_cache
1786788718.320 [STATIC_AVOID] obs_id=- obs_dist=-m obs_s=- ego_s=4.80 side=- | left_clearance=- right_clearance=- candidate_valid=false rung=- | cache_used=false path_age=- path_points=0 planning_time_ms=0.1 | reason=no_static_obstacle_in_range | cache_reason=no_cache
1786788718.879 [STATIC_AVOID] obs_id=- obs_dist=-m obs_s=- ego_s=4.80 side=- | left_clearance=- right_clearance=- candidate_valid=false rung=- | cache_used=false path_age=- path_points=0 planning_time_ms=0.1 | reason=no_static_obstacle_in_range | cache_reason=no_cache
1786788719.422 [STATIC_AVOID] obs_id=- obs_dist=-m obs_s=- ego_s=4.80 side=- | left_clearance=- right_clearance=- candidate_valid=false rung=- | cache_used=false path_age=- path_points=0 planning_time_ms=0.1 | reason=no_static_obstacle_in_range | cache_reason=no_cache
1786788719.961 [STATIC_AVOID] obs_id=- obs_dist=-m obs_s=- ego_s=4.80 side=- | left_clearance=- right_clearance=- candidate_valid=false rung=- | cache_used=false path_age=- path_points=0 planning_time_ms=0.1 | reason=no_static_obstacle_in_range | cache_reason=no_cache
1786788720.472 [STATIC_AVOID] obs_id=- obs_dist=-m obs_s=- ego_s=4.80 side=- | left_clearance=- right_clearance=- candidate_valid=false rung=- | cache_used=false path_age=- path_points=0 planning_time_ms=0.1 | reason=no_static_obstacle_in_range | cache_reason=no_cache
1786788721.019 [STATIC_AVOID] obs_id=- obs_dist=-m obs_s=- ego_s=4.81 side=- | left_clearance=- right_clearance=- candidate_valid=false rung=- | cache_used=false path_age=- path_points=0 planning_time_ms=0.2 | reason=no_static_obstacle_in_range | cache_reason=no_cache
1786788721.574 [STATIC_AVOID] obs_id=- obs_dist=-m obs_s=- ego_s=4.80 side=- | left_clearance=- right_clearance=- candidate_valid=false rung=- | cache_used=false path_age=- path_points=0 planning_time_ms=0.1 | reason=no_static_obstacle_in_range | cache_reason=no_cache
1786788722.113 [STATIC_AVOID] obs_id=- obs_dist=-m obs_s=- ego_s=4.80 side=- | left_clearance=- right_clearance=- candidate_valid=false rung=- | cache_used=false path_age=- path_points=0 planning_time_ms=1.9 | reason=no_static_obstacle_in_range | cache_reason=no_cache
1786788722.622 [STATIC_AVOID] obs_id=- obs_dist=-m obs_s=- ego_s=4.80 side=- | left_clearance=- right_clearance=- candidate_valid=false rung=- | cache_used=false path_age=- path_points=0 planning_time_ms=0.1 | reason=no_static_obstacle_in_range | cache_reason=no_cache
1786788723.128 [STATIC_AVOID] obs_id=- obs_dist=-m obs_s=- ego_s=4.80 side=- | left_clearance=- right_clearance=- candidate_valid=false rung=- | cache_used=false path_age=- path_points=0 planning_time_ms=0.1 | reason=no_static_obstacle_in_range | cache_reason=no_cache
1786788723.685 [STATIC_AVOID] obs_id=- obs_dist=-m obs_s=- ego_s=4.80 side=- | left_clearance=- right_clearance=- candidate_valid=false rung=- | cache_used=false path_age=- path_points=0 planning_time_ms=0.1 | reason=no_static_obstacle_in_range | cache_reason=no_cache
1786788724.215 [STATIC_AVOID] obs_id=- obs_dist=-m obs_s=- ego_s=4.80 side=- | left_clearance=- right_clearance=- candidate_valid=false rung=- | cache_used=false path_age=- path_points=0 planning_time_ms=0.1 | reason=no_static_obstacle_in_range | cache_reason=no_cache
1786788724.720 [STATIC_AVOID] obs_id=- obs_dist=-m obs_s=- ego_s=4.80 side=- | left_clearance=- right_clearance=- candidate_valid=false rung=- | cache_used=false path_age=- path_points=0 planning_time_ms=0.2 | reason=no_static_obstacle_in_range | cache_reason=no_cache
1786788725.221 [STATIC_AVOID] obs_id=- obs_dist=-m obs_s=- ego_s=4.80 side=- | left_clearance=- right_clearance=- candidate_valid=false rung=- | cache_used=false path_age=- path_points=0 planning_time_ms=0.1 | reason=no_static_obstacle_in_range | cache_reason=no_cache
1786788725.769 [STATIC_AVOID] obs_id=- obs_dist=-m obs_s=- ego_s=4.80 side=- | left_clearance=- right_clearance=- candidate_valid=false rung=- | cache_used=false path_age=- path_points=0 planning_time_ms=0.1 | reason=no_static_obstacle_in_range | cache_reason=no_cache
1786788726.312 [STATIC_AVOID] obs_id=- obs_dist=-m obs_s=- ego_s=4.80 side=- | left_clearance=- right_clearance=- candidate_valid=false rung=- | cache_used=false path_age=- path_points=0 planning_time_ms=0.1 | reason=no_static_obstacle_in_range | cache_reason=no_cache
1786788726.868 [STATIC_AVOID] obs_id=- obs_dist=-m obs_s=- ego_s=4.80 side=- | left_clearance=- right_clearance=- candidate_valid=false rung=- | cache_used=false path_age=- path_points=0 planning_time_ms=0.1 | reason=no_static_obstacle_in_range | cache_reason=no_cache
1786788727.368 [STATIC_AVOID] obs_id=- obs_dist=-m obs_s=- ego_s=4.80 side=- | left_clearance=- right_clearance=- candidate_valid=false rung=- | cache_used=false path_age=- path_points=0 planning_time_ms=0.1 | reason=no_static_obstacle_in_range | cache_reason=no_cache
1786788727.872 [STATIC_AVOID] obs_id=- obs_dist=-m obs_s=- ego_s=4.80 side=- | left_clearance=- right_clearance=- candidate_valid=false rung=- | cache_used=false path_age=- path_points=0 planning_time_ms=0.2 | reason=no_static_obstacle_in_range | cache_reason=no_cache
1786788728.412 [STATIC_AVOID] obs_id=- obs_dist=-m obs_s=- ego_s=4.80 side=- | left_clearance=- right_clearance=- candidate_valid=false rung=- | cache_used=false path_age=- path_points=0 planning_time_ms=2.9 | reason=no_static_obstacle_in_range | cache_reason=no_cache
